   Compiling ticket-sale-rocket v0.1.0 (C:\Users\Moh-PC\Desktop\CP-Project\np-ss24-project-7039103-7028015\crates\ticket-sale-rocket)
warning: method `return_expired_tickets` is never used
   --> crates\ticket-sale-rocket\src\server.rs:527:8
    |
65  | impl Server {
    | ----------- method in this implementation
...
527 |     fn return_expired_tickets(&mut self) {
    |        ^^^^^^^^^^^^^^^^^^^^^^
    |
    = note: `#[warn(dead_code)]` on by default

   Compiling ticket-sale-tests v0.0.0 (C:\Users\Moh-PC\Desktop\CP-Project\np-ss24-project-7039103-7028015\crates\ticket-sale-tests)
warning: `ticket-sale-rocket` (lib) generated 1 warning
warning: unused `Result` that must be used
   --> crates\ticket-sale-tests\tests\random_bullcrab_go_big.rs:117:13
    |
117 |             block_on(session.api.post_num_servers(random.generate_range(1_usize..21)));
    |             ^^^^^^^^^^^^^^^^^^^^^^^^^^^^^^^^^^^^^^^^^^^^^^^^^^^^^^^^^^^^^^^^^^^^^^^^^^
    |
    = note: this `Result` may be an `Err` variant, which should be handled
    = note: `#[warn(unused_must_use)]` on by default
help: use `let _ = ...` to ignore the resulting value
    |
117 |             let _ = block_on(session.api.post_num_servers(random.generate_range(1_usize..21)));
    |             +++++++

warning: `ticket-sale-tests` (test "random_bullcrab_go_big") generated 1 warning
    Finished `test` profile [unoptimized + debuginfo] target(s) in 3.11s
     Running unittests src\lib.rs (target\debug\deps\ticket_sale_tests-73f2cae8c2e7dbdc.exe)

running 0 tests

test result: ok. 0 passed; 0 failed; 0 ignored; 0 measured; 0 filtered out; finished in 0.00s

     Running tests\example.rs (target\debug\deps\example-3022f18b2353bf84.exe)

running 0 tests

test result: ok. 0 passed; 0 failed; 0 ignored; 0 measured; 1 filtered out; finished in 0.00s

     Running tests\random_bullcrab_go_big.rs (target\debug\deps\random_bullcrab_go_big-3b8f67fa6ff271a3.exe)

running 0 tests

test result: ok. 0 passed; 0 failed; 0 ignored; 0 measured; 1 filtered out; finished in 0.00s

     Running tests\random_buying_and_scaling_small.rs (target\debug\deps\random_buying_and_scaling_small-184a2765e8bbcd24.exe)

running 0 tests

test result: ok. 0 passed; 0 failed; 0 ignored; 0 measured; 1 filtered out; finished in 0.00s

     Running tests\sell_all_tickets.rs (target\debug\deps\sell_all_tickets-2251ec96169915c1.exe)

running 0 tests

test result: ok. 0 passed; 0 failed; 0 ignored; 0 measured; 1 filtered out; finished in 0.00s

     Running tests\test_can_not_buy_wrong_ticket.rs (target\debug\deps\test_can_not_buy_wrong_ticket-097b0b46c81c3830.exe)

running 0 tests

test result: ok. 0 passed; 0 failed; 0 ignored; 0 measured; 1 filtered out; finished in 0.00s

     Running tests\test_timeout_while_terminating.rs (target\debug\deps\test_timeout_while_terminating-c3bdeca45d2432ac.exe)

running 0 tests

test result: ok. 0 passed; 0 failed; 0 ignored; 0 measured; 1 filtered out; finished in 0.00s

     Running tests\test_timeout_while_terminating_no_request.rs (target\debug\deps\test_timeout_while_terminating_no_request-c88fcbb0e2074e09.exe)

running 0 tests

test result: ok. 0 passed; 0 failed; 0 ignored; 0 measured; 1 filtered out; finished in 0.00s

     Running tests\timeout_efficiency.rs (target\debug\deps\timeout_efficiency-42c1ec589d7bab65.exe)

running 1 test
test timeout_efficiency ... FAILED

failures:

---- timeout_efficiency stdout ----
Server 1efb6237-d984-4d31-9f0f-a2ff3faff7e0 is running
Server dfa66b1a-d785-48e2-870d-195d4a3b0164 is running
Server 1efb6237-d984-4d31-9f0f-a2ff3faff7e0 received server-message: RequestTicketCount(Sender { .. })
Server dfa66b1a-d785-48e2-870d-195d4a3b0164 received server-message: RequestTicketCount(Sender { .. })
Server dfa66b1a-d785-48e2-870d-195d4a3b0164 received server-message: UpdateTicketEstimate(10000)
Server 1efb6237-d984-4d31-9f0f-a2ff3faff7e0 received server-message: UpdateTicketEstimate(10000)
Server dfa66b1a-d785-48e2-870d-195d4a3b0164 received ticket estimate update: 10000
Server 1efb6237-d984-4d31-9f0f-a2ff3faff7e0 received ticket estimate update: 10000
Server dfa66b1a-d785-48e2-870d-195d4a3b0164 updated ticket estimate to 10000
Server 1efb6237-d984-4d31-9f0f-a2ff3faff7e0 updated ticket estimate to 10000
Server d4dee4c4-d502-452e-a4ba-73f38f97d352 is running
Server 65a51e17-fff5-4036-8b94-6db5de4d28d8 is running
Server d3c16180-f07b-4052-ae46-962d7311b479 is running
Server 37bddacf-0030-4475-ae70-8dac56b27123 is running
Server 02d75150-25dc-4fb3-bbe1-6bfdbe8bea41 is running
Server f4dbb274-6e6a-45af-9236-32f769cea303 is running
Server d02de81e-2b50-465b-b4c9-25ebbe510d9e is running
Server 799bb1b2-bd8f-49e2-81f8-f7237f0eb223 is running
Server 3c178d81-65a2-4b3a-b53e-9ff9c95598d3 is running
Server d83d4286-b07b-471e-8704-5e2f509ca293 is running
Server 5fcdac96-66a9-40ac-8a90-75ff94a2e668 is running
Server 6731b36e-7667-46ef-b0fd-bc68fb0be4b5 is running
Server 57bdc78f-ff33-4730-b6e3-68ece55ac91e is running
Server 07493558-71fb-4cf4-b702-aa136bec6cf2 is running
Server 14b10d75-731b-42cc-8bd4-a30135a773e7 is running
Server e1735736-69f8-4af7-b90c-6e9a6f27934d is running
Server fab86550-6004-4b0b-9eb8-a9f5b6842ba8 is running
Server 7ead51cd-ec20-46d0-9199-5bf6ff4eebc5 is running
Server 65a51e17-fff5-4036-8b94-6db5de4d28d8 received client-request: Request { kind: ReserveTicket, customer: 9a522a7d-622b-4e64-8667-02978d58d131, server: None, raw: .. }
Reserved ticket 9980 for customer 9a522a7d-622b-4e64-8667-02978d58d131
Server 799bb1b2-bd8f-49e2-81f8-f7237f0eb223 received client-request: Request { kind: ReserveTicket, customer: 34ec1ff9-58e5-4818-945f-81999d9731ee, server: None, raw: .. }
Reserved ticket 9925 for customer 34ec1ff9-58e5-4818-945f-81999d9731ee
Server 799bb1b2-bd8f-49e2-81f8-f7237f0eb223 received client-request: Request { kind: ReserveTicket, customer: 7eff3c30-7c7f-4a1f-a203-36cb6d2b4d50, server: None, raw: .. }
Reserved ticket 9926 for customer 7eff3c30-7c7f-4a1f-a203-36cb6d2b4d50
Server 799bb1b2-bd8f-49e2-81f8-f7237f0eb223 received client-request: Request { kind: ReserveTicket, customer: 9ecafb8a-3fc7-46fa-9ff8-3072522cf9ea, server: None, raw: .. }
Reserved ticket 9927 for customer 9ecafb8a-3fc7-46fa-9ff8-3072522cf9ea
Server 799bb1b2-bd8f-49e2-81f8-f7237f0eb223 received client-request: Request { kind: ReserveTicket, customer: 8743f07a-30e0-4225-a703-5f954363e6bc, server: None, raw: .. }
Reserved ticket 9928 for customer 8743f07a-30e0-4225-a703-5f954363e6bc
Server 799bb1b2-bd8f-49e2-81f8-f7237f0eb223 received client-request: Request { kind: ReserveTicket, customer: 88efd3b3-a1b5-4c23-ba3c-93d24404f55c, server: None, raw: .. }
Reserved ticket 9929 for customer 88efd3b3-a1b5-4c23-ba3c-93d24404f55c
Server 799bb1b2-bd8f-49e2-81f8-f7237f0eb223 received client-request: Request { kind: ReserveTicket, customer: ed00592f-9f77-4f90-8e81-82a1e3da4be8, server: None, raw: .. }
Reserved ticket 9899 for customer ed00592f-9f77-4f90-8e81-82a1e3da4be8
Server 799bb1b2-bd8f-49e2-81f8-f7237f0eb223 received client-request: Request { kind: ReserveTicket, customer: cb48bfa3-b96f-4b28-b74a-f7c3e0c2da0b, server: None, raw: .. }
Reserved ticket 9898 for customer cb48bfa3-b96f-4b28-b74a-f7c3e0c2da0b
Server 799bb1b2-bd8f-49e2-81f8-f7237f0eb223 received client-request: Request { kind: ReserveTicket, customer: 68c10861-24a1-4eee-a25e-8b47ad63d131, server: None, raw: .. }
Reserved ticket 9897 for customer 68c10861-24a1-4eee-a25e-8b47ad63d131
Server 799bb1b2-bd8f-49e2-81f8-f7237f0eb223 received client-request: Request { kind: ReserveTicket, customer: 4e5eec49-ef25-4982-8b34-78a443889514, server: None, raw: .. }
Reserved ticket 9896 for customer 4e5eec49-ef25-4982-8b34-78a443889514
Server 799bb1b2-bd8f-49e2-81f8-f7237f0eb223 received client-request: Request { kind: ReserveTicket, customer: ee03a6ca-fbb5-4b4e-8fb1-c1b2f351a05f, server: None, raw: .. }
Reserved ticket 9895 for customer ee03a6ca-fbb5-4b4e-8fb1-c1b2f351a05f
Server 799bb1b2-bd8f-49e2-81f8-f7237f0eb223 received client-request: Request { kind: ReserveTicket, customer: 53819667-b505-4f58-bbb9-8f9d754e2580, server: None, raw: .. }
Reserved ticket 9894 for customer 53819667-b505-4f58-bbb9-8f9d754e2580
Server 799bb1b2-bd8f-49e2-81f8-f7237f0eb223 received client-request: Request { kind: ReserveTicket, customer: 34434197-e2c5-47a1-a7a1-cde667cc0265, server: None, raw: .. }
Reserved ticket 9893 for customer 34434197-e2c5-47a1-a7a1-cde667cc0265
Server 799bb1b2-bd8f-49e2-81f8-f7237f0eb223 received client-request: Request { kind: ReserveTicket, customer: a1d6829e-2b22-4c21-b946-91b61ea24d6c, server: None, raw: .. }
Reserved ticket 9892 for customer a1d6829e-2b22-4c21-b946-91b61ea24d6c
Server 799bb1b2-bd8f-49e2-81f8-f7237f0eb223 received client-request: Request { kind: ReserveTicket, customer: 1cf4e9a2-43d1-4f85-9b34-495e51b46b88, server: None, raw: .. }
Reserved ticket 9891 for customer 1cf4e9a2-43d1-4f85-9b34-495e51b46b88
Server 799bb1b2-bd8f-49e2-81f8-f7237f0eb223 received client-request: Request { kind: ReserveTicket, customer: e7f8947c-d8ea-43be-8c3d-0a19bbf345a9, server: None, raw: .. }
Reserved ticket 9890 for customer e7f8947c-d8ea-43be-8c3d-0a19bbf345a9
Server 799bb1b2-bd8f-49e2-81f8-f7237f0eb223 received client-request: Request { kind: ReserveTicket, customer: 9092f1e0-2780-43dc-b519-a9e40930846e, server: None, raw: .. }
Reserved ticket 9889 for customer 9092f1e0-2780-43dc-b519-a9e40930846e
Server 799bb1b2-bd8f-49e2-81f8-f7237f0eb223 received client-request: Request { kind: ReserveTicket, customer: 2ae07260-5eff-4818-bc5c-8d02d70c5f71, server: None, raw: .. }
Reserved ticket 9888 for customer 2ae07260-5eff-4818-bc5c-8d02d70c5f71
Server 799bb1b2-bd8f-49e2-81f8-f7237f0eb223 received client-request: Request { kind: ReserveTicket, customer: b98b2afc-21f5-401e-9295-63c430e2f0f7, server: None, raw: .. }
Reserved ticket 9887 for customer b98b2afc-21f5-401e-9295-63c430e2f0f7
Server 799bb1b2-bd8f-49e2-81f8-f7237f0eb223 received client-request: Request { kind: ReserveTicket, customer: fa143df7-3463-4aff-abf4-0de896d30448, server: None, raw: .. }
Reserved ticket 9886 for customer fa143df7-3463-4aff-abf4-0de896d30448
Server 65a51e17-fff5-4036-8b94-6db5de4d28d8 received client-request: Request { kind: ReserveTicket, customer: e078b159-ccfd-4f5e-8953-34eb8f9165eb, server: None, raw: .. }
Reserved ticket 9981 for customer e078b159-ccfd-4f5e-8953-34eb8f9165eb
Server 799bb1b2-bd8f-49e2-81f8-f7237f0eb223 received client-request: Request { kind: ReserveTicket, customer: 140d38f4-4357-4cc6-9cc4-5195384280d7, server: None, raw: .. }
Reserved ticket 9885 for customer 140d38f4-4357-4cc6-9cc4-5195384280d7
Server 799bb1b2-bd8f-49e2-81f8-f7237f0eb223 received client-request: Request { kind: ReserveTicket, customer: 72f6c3ba-9455-48bc-b779-d671e00e97fd, server: None, raw: .. }
Reserved ticket 9884 for customer 72f6c3ba-9455-48bc-b779-d671e00e97fd
Server 799bb1b2-bd8f-49e2-81f8-f7237f0eb223 received client-request: Request { kind: ReserveTicket, customer: 4a3f2c79-69ac-4a2c-829a-0223a005a5f5, server: None, raw: .. }
Reserved ticket 9883 for customer 4a3f2c79-69ac-4a2c-829a-0223a005a5f5
Server 799bb1b2-bd8f-49e2-81f8-f7237f0eb223 received client-request: Request { kind: ReserveTicket, customer: 0ff89bcc-17f2-4cf9-a445-dad6681afc5a, server: None, raw: .. }
Reserved ticket 9882 for customer 0ff89bcc-17f2-4cf9-a445-dad6681afc5a
Server 799bb1b2-bd8f-49e2-81f8-f7237f0eb223 received client-request: Request { kind: ReserveTicket, customer: 6272ee49-4b0e-4355-89a1-ef1d5b76ee56, server: None, raw: .. }
Reserved ticket 9881 for customer 6272ee49-4b0e-4355-89a1-ef1d5b76ee56
Server 799bb1b2-bd8f-49e2-81f8-f7237f0eb223 received client-request: Request { kind: ReserveTicket, customer: 7a49c70c-aba9-4622-bffe-9c2edd90758e, server: None, raw: .. }
Reserved ticket 9880 for customer 7a49c70c-aba9-4622-bffe-9c2edd90758e
Server 799bb1b2-bd8f-49e2-81f8-f7237f0eb223 received client-request: Request { kind: ReserveTicket, customer: 82cb5367-f5a7-4e30-a479-1dd660049174, server: None, raw: .. }
Reserved ticket 9879 for customer 82cb5367-f5a7-4e30-a479-1dd660049174
Server 799bb1b2-bd8f-49e2-81f8-f7237f0eb223 received client-request: Request { kind: ReserveTicket, customer: c98d9ced-1aa2-4d22-9240-7fc6646b15ce, server: None, raw: .. }
Reserved ticket 9878 for customer c98d9ced-1aa2-4d22-9240-7fc6646b15ce
Server 799bb1b2-bd8f-49e2-81f8-f7237f0eb223 received client-request: Request { kind: ReserveTicket, customer: aeeab0ae-77c1-4804-91be-3673d37f88db, server: None, raw: .. }
Reserved ticket 9877 for customer aeeab0ae-77c1-4804-91be-3673d37f88db
Server 799bb1b2-bd8f-49e2-81f8-f7237f0eb223 received client-request: Request { kind: ReserveTicket, customer: 233cea09-d456-4284-8075-4fd59a8a5fbb, server: None, raw: .. }
Reserved ticket 9876 for customer 233cea09-d456-4284-8075-4fd59a8a5fbb
Server 799bb1b2-bd8f-49e2-81f8-f7237f0eb223 received client-request: Request { kind: ReserveTicket, customer: 239daf57-eba3-4904-8acb-130f55b35cdb, server: None, raw: .. }
Reserved ticket 9875 for customer 239daf57-eba3-4904-8acb-130f55b35cdb
Server 799bb1b2-bd8f-49e2-81f8-f7237f0eb223 received client-request: Request { kind: ReserveTicket, customer: fc24ff15-d037-44d0-afef-91061c549999, server: None, raw: .. }
Reserved ticket 9874 for customer fc24ff15-d037-44d0-afef-91061c549999
Server 799bb1b2-bd8f-49e2-81f8-f7237f0eb223 received client-request: Request { kind: ReserveTicket, customer: 59dd8d3d-15c1-4038-a56b-8e5be55887ca, server: None, raw: .. }
Reserved ticket 9873 for customer 59dd8d3d-15c1-4038-a56b-8e5be55887ca
Server 799bb1b2-bd8f-49e2-81f8-f7237f0eb223 received client-request: Request { kind: ReserveTicket, customer: 9973158e-be31-4ee0-98cb-8d92ce959e16, server: None, raw: .. }
Reserved ticket 9872 for customer 9973158e-be31-4ee0-98cb-8d92ce959e16
Server 799bb1b2-bd8f-49e2-81f8-f7237f0eb223 received client-request: Request { kind: ReserveTicket, customer: efb6c100-3c2a-40a5-9c8a-f03da61ee492, server: None, raw: .. }
Reserved ticket 9871 for customer efb6c100-3c2a-40a5-9c8a-f03da61ee492
Server 799bb1b2-bd8f-49e2-81f8-f7237f0eb223 received client-request: Request { kind: ReserveTicket, customer: 6b49e6f5-33cb-4402-b4c6-2fb357e2ac9c, server: None, raw: .. }
Reserved ticket 9870 for customer 6b49e6f5-33cb-4402-b4c6-2fb357e2ac9c
Server 799bb1b2-bd8f-49e2-81f8-f7237f0eb223 received client-request: Request { kind: ReserveTicket, customer: ff9720a3-8395-45aa-b6d0-05751f5215da, server: None, raw: .. }
Reserved ticket 9869 for customer ff9720a3-8395-45aa-b6d0-05751f5215da
Server 799bb1b2-bd8f-49e2-81f8-f7237f0eb223 received client-request: Request { kind: ReserveTicket, customer: 344e5df6-56d2-4d29-9565-8e6c9863644e, server: None, raw: .. }
Reserved ticket 9868 for customer 344e5df6-56d2-4d29-9565-8e6c9863644e
Server 799bb1b2-bd8f-49e2-81f8-f7237f0eb223 received client-request: Request { kind: ReserveTicket, customer: ba7d6801-af49-45eb-863e-7088d9080dd5, server: None, raw: .. }
Reserved ticket 9867 for customer ba7d6801-af49-45eb-863e-7088d9080dd5
Server 65a51e17-fff5-4036-8b94-6db5de4d28d8 received client-request: Request { kind: ReserveTicket, customer: 34f4688d-a996-4c13-bf51-97ec201f3402, server: None, raw: .. }
Reserved ticket 9982 for customer 34f4688d-a996-4c13-bf51-97ec201f3402
Server 799bb1b2-bd8f-49e2-81f8-f7237f0eb223 received client-request: Request { kind: ReserveTicket, customer: e9f50454-aa1a-45c1-9ed7-0f980b667ccb, server: None, raw: .. }
Reserved ticket 9866 for customer e9f50454-aa1a-45c1-9ed7-0f980b667ccb
Server 799bb1b2-bd8f-49e2-81f8-f7237f0eb223 received client-request: Request { kind: ReserveTicket, customer: 2782f127-3ba1-4d19-8192-4a42387ab239, server: None, raw: .. }
Reserved ticket 9865 for customer 2782f127-3ba1-4d19-8192-4a42387ab239
Server 799bb1b2-bd8f-49e2-81f8-f7237f0eb223 received client-request: Request { kind: ReserveTicket, customer: 877d130a-d71d-4adc-80cd-d4cd5e088e21, server: None, raw: .. }
Reserved ticket 9864 for customer 877d130a-d71d-4adc-80cd-d4cd5e088e21
Server 799bb1b2-bd8f-49e2-81f8-f7237f0eb223 received client-request: Request { kind: ReserveTicket, customer: ae8505fa-76fd-4bcf-a6d4-5f6f603463e0, server: None, raw: .. }
Reserved ticket 9863 for customer ae8505fa-76fd-4bcf-a6d4-5f6f603463e0
Server 799bb1b2-bd8f-49e2-81f8-f7237f0eb223 received client-request: Request { kind: ReserveTicket, customer: 0674105d-71b5-454c-a7d5-4e93188a7211, server: None, raw: .. }
Reserved ticket 9862 for customer 0674105d-71b5-454c-a7d5-4e93188a7211
Server 799bb1b2-bd8f-49e2-81f8-f7237f0eb223 received client-request: Request { kind: ReserveTicket, customer: 2db1e32b-0f71-4d2c-a52d-266c16487b2a, server: None, raw: .. }
Reserved ticket 9861 for customer 2db1e32b-0f71-4d2c-a52d-266c16487b2a
Server 799bb1b2-bd8f-49e2-81f8-f7237f0eb223 received client-request: Request { kind: ReserveTicket, customer: 10922f19-f450-43d2-8a34-3394ead9b51c, server: None, raw: .. }
Reserved ticket 9860 for customer 10922f19-f450-43d2-8a34-3394ead9b51c
Server 799bb1b2-bd8f-49e2-81f8-f7237f0eb223 received client-request: Request { kind: ReserveTicket, customer: b12a356e-f486-4835-9bbd-0ece298e9b66, server: None, raw: .. }
Reserved ticket 9859 for customer b12a356e-f486-4835-9bbd-0ece298e9b66
Server 799bb1b2-bd8f-49e2-81f8-f7237f0eb223 received client-request: Request { kind: ReserveTicket, customer: c00d625e-0f34-4ef9-b6c6-d0c760b8cd11, server: None, raw: .. }
Reserved ticket 9858 for customer c00d625e-0f34-4ef9-b6c6-d0c760b8cd11
Server 799bb1b2-bd8f-49e2-81f8-f7237f0eb223 received client-request: Request { kind: ReserveTicket, customer: 7fa657a3-ad2b-49b4-a1d9-be8da2408787, server: None, raw: .. }
Reserved ticket 9857 for customer 7fa657a3-ad2b-49b4-a1d9-be8da2408787
Server 799bb1b2-bd8f-49e2-81f8-f7237f0eb223 received client-request: Request { kind: ReserveTicket, customer: 535fd9cc-588c-4a42-8e6c-55037ca4bfb0, server: None, raw: .. }
Reserved ticket 9856 for customer 535fd9cc-588c-4a42-8e6c-55037ca4bfb0
Server 799bb1b2-bd8f-49e2-81f8-f7237f0eb223 received client-request: Request { kind: ReserveTicket, customer: 671d70b7-080f-4a19-a439-1126da7d8180, server: None, raw: .. }
Reserved ticket 9855 for customer 671d70b7-080f-4a19-a439-1126da7d8180
Server 799bb1b2-bd8f-49e2-81f8-f7237f0eb223 received client-request: Request { kind: ReserveTicket, customer: ddd8d7d7-367a-4a9d-a456-6f3fb2770d04, server: None, raw: .. }
Reserved ticket 9854 for customer ddd8d7d7-367a-4a9d-a456-6f3fb2770d04
Server 799bb1b2-bd8f-49e2-81f8-f7237f0eb223 received client-request: Request { kind: ReserveTicket, customer: c5486a91-1453-48fa-8927-e7895cec69f7, server: None, raw: .. }
Reserved ticket 9853 for customer c5486a91-1453-48fa-8927-e7895cec69f7
Server 799bb1b2-bd8f-49e2-81f8-f7237f0eb223 received client-request: Request { kind: ReserveTicket, customer: 6c09a68c-9fd5-4bc7-973f-5534ac5a7ec5, server: None, raw: .. }
Reserved ticket 9852 for customer 6c09a68c-9fd5-4bc7-973f-5534ac5a7ec5
Server 799bb1b2-bd8f-49e2-81f8-f7237f0eb223 received client-request: Request { kind: ReserveTicket, customer: 01b4bbd8-a8ab-41cf-b497-6c359023c30d, server: None, raw: .. }
Reserved ticket 9851 for customer 01b4bbd8-a8ab-41cf-b497-6c359023c30d
Server 799bb1b2-bd8f-49e2-81f8-f7237f0eb223 received client-request: Request { kind: ReserveTicket, customer: e5421120-f3d3-436b-8374-38fa9a61358e, server: None, raw: .. }
Reserved ticket 9850 for customer e5421120-f3d3-436b-8374-38fa9a61358e
Server 799bb1b2-bd8f-49e2-81f8-f7237f0eb223 received client-request: Request { kind: ReserveTicket, customer: e438893d-f8c0-48c6-a58f-9109058111b5, server: None, raw: .. }
Reserved ticket 9849 for customer e438893d-f8c0-48c6-a58f-9109058111b5
Server 799bb1b2-bd8f-49e2-81f8-f7237f0eb223 received client-request: Request { kind: ReserveTicket, customer: 20f99734-934a-4eb0-a8ef-a0cf470a1b9b, server: None, raw: .. }
Reserved ticket 9848 for customer 20f99734-934a-4eb0-a8ef-a0cf470a1b9b
Server 65a51e17-fff5-4036-8b94-6db5de4d28d8 received client-request: Request { kind: ReserveTicket, customer: bc3ec066-cf86-41bd-b23f-54fa52cbd964, server: None, raw: .. }
Reserved ticket 9983 for customer bc3ec066-cf86-41bd-b23f-54fa52cbd964
Server 799bb1b2-bd8f-49e2-81f8-f7237f0eb223 received client-request: Request { kind: ReserveTicket, customer: 73cd1c1d-1b8f-4b9f-871c-b7a94381823b, server: None, raw: .. }
Reserved ticket 9847 for customer 73cd1c1d-1b8f-4b9f-871c-b7a94381823b
Server 799bb1b2-bd8f-49e2-81f8-f7237f0eb223 received client-request: Request { kind: ReserveTicket, customer: b07a946c-b1e9-477d-a3c0-da5eb9a5dac3, server: None, raw: .. }
Reserved ticket 9846 for customer b07a946c-b1e9-477d-a3c0-da5eb9a5dac3
Server 799bb1b2-bd8f-49e2-81f8-f7237f0eb223 received client-request: Request { kind: ReserveTicket, customer: 1768cfde-f917-46e7-acb1-c6eee87b64e5, server: None, raw: .. }
Reserved ticket 9845 for customer 1768cfde-f917-46e7-acb1-c6eee87b64e5
Server 799bb1b2-bd8f-49e2-81f8-f7237f0eb223 received client-request: Request { kind: ReserveTicket, customer: c7d27700-b9b7-4751-bf1c-dafe6e0d2279, server: None, raw: .. }
Reserved ticket 9844 for customer c7d27700-b9b7-4751-bf1c-dafe6e0d2279
Server 799bb1b2-bd8f-49e2-81f8-f7237f0eb223 received client-request: Request { kind: ReserveTicket, customer: af1ff273-de7d-4b13-9866-ced56f574818, server: None, raw: .. }
Reserved ticket 9843 for customer af1ff273-de7d-4b13-9866-ced56f574818
Server 799bb1b2-bd8f-49e2-81f8-f7237f0eb223 received client-request: Request { kind: ReserveTicket, customer: c20811d8-4ede-47ae-b330-b477c729f986, server: None, raw: .. }
Reserved ticket 9842 for customer c20811d8-4ede-47ae-b330-b477c729f986
Server 799bb1b2-bd8f-49e2-81f8-f7237f0eb223 received client-request: Request { kind: ReserveTicket, customer: cd6adff9-b4ae-49a7-aabf-d4ed668074af, server: None, raw: .. }
Reserved ticket 9841 for customer cd6adff9-b4ae-49a7-aabf-d4ed668074af
Server 799bb1b2-bd8f-49e2-81f8-f7237f0eb223 received client-request: Request { kind: ReserveTicket, customer: 5afbcfe1-8aef-4439-88b3-bd9dfc6874d4, server: None, raw: .. }
Reserved ticket 9840 for customer 5afbcfe1-8aef-4439-88b3-bd9dfc6874d4
Server 799bb1b2-bd8f-49e2-81f8-f7237f0eb223 received client-request: Request { kind: ReserveTicket, customer: 784f253c-8c19-4d7a-9a84-2a56571775ce, server: None, raw: .. }
Reserved ticket 9839 for customer 784f253c-8c19-4d7a-9a84-2a56571775ce
Server 799bb1b2-bd8f-49e2-81f8-f7237f0eb223 received client-request: Request { kind: ReserveTicket, customer: 01ad7567-45f2-48d2-9e18-4a457407190b, server: None, raw: .. }
Reserved ticket 9838 for customer 01ad7567-45f2-48d2-9e18-4a457407190b
Server 799bb1b2-bd8f-49e2-81f8-f7237f0eb223 received client-request: Request { kind: ReserveTicket, customer: 7dc89634-93e6-4500-94be-4cbc41c8e6dc, server: None, raw: .. }
Reserved ticket 9837 for customer 7dc89634-93e6-4500-94be-4cbc41c8e6dc
Server 799bb1b2-bd8f-49e2-81f8-f7237f0eb223 received client-request: Request { kind: ReserveTicket, customer: 65fcf4b9-583c-4d04-b285-9554ffa509c4, server: None, raw: .. }
Reserved ticket 9836 for customer 65fcf4b9-583c-4d04-b285-9554ffa509c4
Server 799bb1b2-bd8f-49e2-81f8-f7237f0eb223 received client-request: Request { kind: ReserveTicket, customer: e35034f5-621a-46d3-a2da-bb9bb566dd4e, server: None, raw: .. }
Reserved ticket 9835 for customer e35034f5-621a-46d3-a2da-bb9bb566dd4e
Server 799bb1b2-bd8f-49e2-81f8-f7237f0eb223 received client-request: Request { kind: ReserveTicket, customer: 31c45c53-233f-46d1-9722-bf55e086821c, server: None, raw: .. }
Reserved ticket 9834 for customer 31c45c53-233f-46d1-9722-bf55e086821c
Server 799bb1b2-bd8f-49e2-81f8-f7237f0eb223 received client-request: Request { kind: ReserveTicket, customer: 8b7b7f35-fec8-4f0c-830f-ae2aea9018df, server: None, raw: .. }
Reserved ticket 9833 for customer 8b7b7f35-fec8-4f0c-830f-ae2aea9018df
Server 799bb1b2-bd8f-49e2-81f8-f7237f0eb223 received client-request: Request { kind: ReserveTicket, customer: a02a1af6-141a-42a1-b8f4-7a6c3a4cf21d, server: None, raw: .. }
Reserved ticket 9832 for customer a02a1af6-141a-42a1-b8f4-7a6c3a4cf21d
Server 799bb1b2-bd8f-49e2-81f8-f7237f0eb223 received client-request: Request { kind: ReserveTicket, customer: e9c027af-92a3-460e-9bd5-766381902d15, server: None, raw: .. }
Reserved ticket 9831 for customer e9c027af-92a3-460e-9bd5-766381902d15
Server 799bb1b2-bd8f-49e2-81f8-f7237f0eb223 received client-request: Request { kind: ReserveTicket, customer: 9a8dfc09-0572-4322-9f2e-7d7f929c9059, server: None, raw: .. }
Reserved ticket 9830 for customer 9a8dfc09-0572-4322-9f2e-7d7f929c9059
Server 799bb1b2-bd8f-49e2-81f8-f7237f0eb223 received client-request: Request { kind: ReserveTicket, customer: 5bd57e7b-219d-4f0c-b919-eaf77be131ca, server: None, raw: .. }
Reserved ticket 9829 for customer 5bd57e7b-219d-4f0c-b919-eaf77be131ca
Server 65a51e17-fff5-4036-8b94-6db5de4d28d8 received client-request: Request { kind: ReserveTicket, customer: 316d96e4-2f23-4036-84fc-a1d416c35157, server: None, raw: .. }
Reserved ticket 9984 for customer 316d96e4-2f23-4036-84fc-a1d416c35157
Server 799bb1b2-bd8f-49e2-81f8-f7237f0eb223 received client-request: Request { kind: ReserveTicket, customer: 3f192905-c4bf-4faa-a601-613bafddc05c, server: None, raw: .. }
Reserved ticket 9828 for customer 3f192905-c4bf-4faa-a601-613bafddc05c
Server 799bb1b2-bd8f-49e2-81f8-f7237f0eb223 received client-request: Request { kind: ReserveTicket, customer: df136689-3856-400f-9af2-9c6011e01f15, server: None, raw: .. }
Reserved ticket 9827 for customer df136689-3856-400f-9af2-9c6011e01f15
Server 799bb1b2-bd8f-49e2-81f8-f7237f0eb223 received client-request: Request { kind: ReserveTicket, customer: a1da0a64-41e8-41a9-ab22-4ecc8c7800c1, server: None, raw: .. }
Reserved ticket 9826 for customer a1da0a64-41e8-41a9-ab22-4ecc8c7800c1
Server 799bb1b2-bd8f-49e2-81f8-f7237f0eb223 received client-request: Request { kind: ReserveTicket, customer: 2d55a22b-cbd3-4fab-9d7c-60dd28b65d55, server: None, raw: .. }
Reserved ticket 9825 for customer 2d55a22b-cbd3-4fab-9d7c-60dd28b65d55
Server 799bb1b2-bd8f-49e2-81f8-f7237f0eb223 received client-request: Request { kind: ReserveTicket, customer: 3696c676-a997-4693-a7a1-5f4bbd617391, server: None, raw: .. }
Reserved ticket 9824 for customer 3696c676-a997-4693-a7a1-5f4bbd617391
Server 799bb1b2-bd8f-49e2-81f8-f7237f0eb223 received client-request: Request { kind: ReserveTicket, customer: aebe0b92-209f-4053-a2c6-b6af28001255, server: None, raw: .. }
Reserved ticket 9823 for customer aebe0b92-209f-4053-a2c6-b6af28001255
Server 799bb1b2-bd8f-49e2-81f8-f7237f0eb223 received client-request: Request { kind: ReserveTicket, customer: 1fe209c6-90a9-43d7-a12f-fa8a5d87c4a6, server: None, raw: .. }
Reserved ticket 9822 for customer 1fe209c6-90a9-43d7-a12f-fa8a5d87c4a6
Server 799bb1b2-bd8f-49e2-81f8-f7237f0eb223 received client-request: Request { kind: ReserveTicket, customer: 5fe6d768-15b2-431a-862f-05880c4b6ad0, server: None, raw: .. }
Reserved ticket 9821 for customer 5fe6d768-15b2-431a-862f-05880c4b6ad0
Server 799bb1b2-bd8f-49e2-81f8-f7237f0eb223 received client-request: Request { kind: ReserveTicket, customer: 50d1cd95-7bcb-45dc-9fbd-11b99f30b245, server: None, raw: .. }
Reserved ticket 9820 for customer 50d1cd95-7bcb-45dc-9fbd-11b99f30b245
Server 799bb1b2-bd8f-49e2-81f8-f7237f0eb223 received client-request: Request { kind: ReserveTicket, customer: 1be27ede-09be-4478-8478-3a935f39ced5, server: None, raw: .. }
Reserved ticket 9819 for customer 1be27ede-09be-4478-8478-3a935f39ced5
Server 799bb1b2-bd8f-49e2-81f8-f7237f0eb223 received client-request: Request { kind: ReserveTicket, customer: 9daed559-39f2-4424-8111-cdb96e00efd0, server: None, raw: .. }
Reserved ticket 9818 for customer 9daed559-39f2-4424-8111-cdb96e00efd0
Server 799bb1b2-bd8f-49e2-81f8-f7237f0eb223 received client-request: Request { kind: ReserveTicket, customer: c46257d1-296c-4b3c-858b-a41fbdf9cf09, server: None, raw: .. }
Reserved ticket 9817 for customer c46257d1-296c-4b3c-858b-a41fbdf9cf09
Server 799bb1b2-bd8f-49e2-81f8-f7237f0eb223 received client-request: Request { kind: ReserveTicket, customer: 8e1f61ea-6071-4ab5-9292-6a7c19a7f353, server: None, raw: .. }
Reserved ticket 9816 for customer 8e1f61ea-6071-4ab5-9292-6a7c19a7f353
Server 799bb1b2-bd8f-49e2-81f8-f7237f0eb223 received client-request: Request { kind: ReserveTicket, customer: 38d83a2f-fe3c-4040-badf-4a742a50f8d9, server: None, raw: .. }
Reserved ticket 9815 for customer 38d83a2f-fe3c-4040-badf-4a742a50f8d9
Server 799bb1b2-bd8f-49e2-81f8-f7237f0eb223 received client-request: Request { kind: ReserveTicket, customer: 3b6fe9e8-6b5b-4cc1-865f-009980bbbc92, server: None, raw: .. }
Reserved ticket 9814 for customer 3b6fe9e8-6b5b-4cc1-865f-009980bbbc92
Server 799bb1b2-bd8f-49e2-81f8-f7237f0eb223 received client-request: Request { kind: ReserveTicket, customer: 30c90de2-e5b9-4eec-bf70-1ac4841b7bbc, server: None, raw: .. }
Reserved ticket 9813 for customer 30c90de2-e5b9-4eec-bf70-1ac4841b7bbc
Server 799bb1b2-bd8f-49e2-81f8-f7237f0eb223 received client-request: Request { kind: ReserveTicket, customer: eb638a60-3d43-4905-9704-9b5476b34fd4, server: None, raw: .. }
Reserved ticket 9812 for customer eb638a60-3d43-4905-9704-9b5476b34fd4
Server 799bb1b2-bd8f-49e2-81f8-f7237f0eb223 received client-request: Request { kind: ReserveTicket, customer: 045fa43f-93c7-46b7-9f58-0d35824c0397, server: None, raw: .. }
Reserved ticket 9811 for customer 045fa43f-93c7-46b7-9f58-0d35824c0397
Server 799bb1b2-bd8f-49e2-81f8-f7237f0eb223 received client-request: Request { kind: ReserveTicket, customer: 6833aa4c-ca2f-4714-8d1b-b59635bea9be, server: None, raw: .. }
Reserved ticket 9810 for customer 6833aa4c-ca2f-4714-8d1b-b59635bea9be
Server 65a51e17-fff5-4036-8b94-6db5de4d28d8 received client-request: Request { kind: ReserveTicket, customer: ba26dcae-bec0-43fc-b540-d87c753a2732, server: None, raw: .. }
Reserved ticket 9809 for customer ba26dcae-bec0-43fc-b540-d87c753a2732
Server 799bb1b2-bd8f-49e2-81f8-f7237f0eb223 received client-request: Request { kind: ReserveTicket, customer: 25ff6a47-5197-41c2-95f8-6cb2523069ba, server: None, raw: .. }
Reserved ticket 9808 for customer 25ff6a47-5197-41c2-95f8-6cb2523069ba
Server 799bb1b2-bd8f-49e2-81f8-f7237f0eb223 received client-request: Request { kind: ReserveTicket, customer: da338f00-40f5-4cd7-8a2b-b8bc1b9d73d8, server: None, raw: .. }
Reserved ticket 9807 for customer da338f00-40f5-4cd7-8a2b-b8bc1b9d73d8
Server 799bb1b2-bd8f-49e2-81f8-f7237f0eb223 received client-request: Request { kind: ReserveTicket, customer: 2a11d131-4b2c-4ca7-9364-b7eadd7d5869, server: None, raw: .. }
Reserved ticket 9806 for customer 2a11d131-4b2c-4ca7-9364-b7eadd7d5869
Server 799bb1b2-bd8f-49e2-81f8-f7237f0eb223 received client-request: Request { kind: ReserveTicket, customer: f72c18bf-0795-4dbf-91e6-bffabf0e0bcf, server: None, raw: .. }
Reserved ticket 9805 for customer f72c18bf-0795-4dbf-91e6-bffabf0e0bcf
Server 799bb1b2-bd8f-49e2-81f8-f7237f0eb223 received client-request: Request { kind: ReserveTicket, customer: 7c465606-5af0-47b9-8d66-adb808d34e50, server: None, raw: .. }
Reserved ticket 9804 for customer 7c465606-5af0-47b9-8d66-adb808d34e50
Server 799bb1b2-bd8f-49e2-81f8-f7237f0eb223 received client-request: Request { kind: ReserveTicket, customer: b0f52cbf-fa72-4ba2-a12f-aaa16b31f557, server: None, raw: .. }
Reserved ticket 9803 for customer b0f52cbf-fa72-4ba2-a12f-aaa16b31f557
Server 799bb1b2-bd8f-49e2-81f8-f7237f0eb223 received client-request: Request { kind: ReserveTicket, customer: 4e484378-d043-4fcd-8472-b4b93e0308bb, server: None, raw: .. }
Reserved ticket 9802 for customer 4e484378-d043-4fcd-8472-b4b93e0308bb
Server 799bb1b2-bd8f-49e2-81f8-f7237f0eb223 received client-request: Request { kind: ReserveTicket, customer: 6e1e791a-4738-40a4-975f-21298dc551ba, server: None, raw: .. }
Reserved ticket 9801 for customer 6e1e791a-4738-40a4-975f-21298dc551ba
Server 799bb1b2-bd8f-49e2-81f8-f7237f0eb223 received client-request: Request { kind: ReserveTicket, customer: 5cae9f1c-a308-43b0-8d73-979acb406dd8, server: None, raw: .. }
Reserved ticket 9800 for customer 5cae9f1c-a308-43b0-8d73-979acb406dd8
Server 799bb1b2-bd8f-49e2-81f8-f7237f0eb223 received client-request: Request { kind: ReserveTicket, customer: c2abb2c9-15f7-492d-aa91-2a666147713f, server: None, raw: .. }
Reserved ticket 9799 for customer c2abb2c9-15f7-492d-aa91-2a666147713f
Server 799bb1b2-bd8f-49e2-81f8-f7237f0eb223 received client-request: Request { kind: ReserveTicket, customer: 43fc0810-c044-4041-89a4-25f899b59e5d, server: None, raw: .. }
Reserved ticket 9798 for customer 43fc0810-c044-4041-89a4-25f899b59e5d
Server 799bb1b2-bd8f-49e2-81f8-f7237f0eb223 received client-request: Request { kind: ReserveTicket, customer: 25253d22-8418-4b33-b3a0-c40e0e718b6e, server: None, raw: .. }
Reserved ticket 9797 for customer 25253d22-8418-4b33-b3a0-c40e0e718b6e
Server 799bb1b2-bd8f-49e2-81f8-f7237f0eb223 received client-request: Request { kind: ReserveTicket, customer: 1ecc6048-4cfa-437c-b2b4-1b9b9130a1d1, server: None, raw: .. }
Reserved ticket 9796 for customer 1ecc6048-4cfa-437c-b2b4-1b9b9130a1d1
Server 799bb1b2-bd8f-49e2-81f8-f7237f0eb223 received client-request: Request { kind: ReserveTicket, customer: c512860c-4ecb-4691-8231-724a49340d19, server: None, raw: .. }
Reserved ticket 9795 for customer c512860c-4ecb-4691-8231-724a49340d19
Server 799bb1b2-bd8f-49e2-81f8-f7237f0eb223 received client-request: Request { kind: ReserveTicket, customer: 5ad4ee89-e6e0-42eb-86a8-b116ec724844, server: None, raw: .. }
Reserved ticket 9794 for customer 5ad4ee89-e6e0-42eb-86a8-b116ec724844
Server 799bb1b2-bd8f-49e2-81f8-f7237f0eb223 received client-request: Request { kind: ReserveTicket, customer: ef38f919-21fd-4f6c-b90c-2e9095d3002d, server: None, raw: .. }
Reserved ticket 9793 for customer ef38f919-21fd-4f6c-b90c-2e9095d3002d
Server 799bb1b2-bd8f-49e2-81f8-f7237f0eb223 received client-request: Request { kind: ReserveTicket, customer: 1571a643-966c-4ca4-8f87-240aa2f23f92, server: None, raw: .. }
Reserved ticket 9792 for customer 1571a643-966c-4ca4-8f87-240aa2f23f92
Server 799bb1b2-bd8f-49e2-81f8-f7237f0eb223 received client-request: Request { kind: ReserveTicket, customer: 8d1cd78a-d88d-412a-923c-855ba46a7637, server: None, raw: .. }
Reserved ticket 9791 for customer 8d1cd78a-d88d-412a-923c-855ba46a7637
Server 799bb1b2-bd8f-49e2-81f8-f7237f0eb223 received client-request: Request { kind: ReserveTicket, customer: a66e0a07-5383-4edf-951a-91667245aa12, server: None, raw: .. }
Reserved ticket 9790 for customer a66e0a07-5383-4edf-951a-91667245aa12
Server 65a51e17-fff5-4036-8b94-6db5de4d28d8 received client-request: Request { kind: ReserveTicket, customer: 56f99fa0-7083-49ae-965b-83b86457c3f2, server: None, raw: .. }
Reserved ticket 9789 for customer 56f99fa0-7083-49ae-965b-83b86457c3f2
Server 799bb1b2-bd8f-49e2-81f8-f7237f0eb223 received client-request: Request { kind: ReserveTicket, customer: f4ccd712-f29b-4afe-995c-f822cd06acef, server: None, raw: .. }
Reserved ticket 9788 for customer f4ccd712-f29b-4afe-995c-f822cd06acef
Server 799bb1b2-bd8f-49e2-81f8-f7237f0eb223 received client-request: Request { kind: ReserveTicket, customer: 5949278f-0074-4b1e-af4d-b4e7629bbc6a, server: None, raw: .. }
Reserved ticket 9787 for customer 5949278f-0074-4b1e-af4d-b4e7629bbc6a
Server 799bb1b2-bd8f-49e2-81f8-f7237f0eb223 received client-request: Request { kind: ReserveTicket, customer: a930c240-08aa-4ccd-8b74-006e193aee60, server: None, raw: .. }
Reserved ticket 9786 for customer a930c240-08aa-4ccd-8b74-006e193aee60
Server 799bb1b2-bd8f-49e2-81f8-f7237f0eb223 received client-request: Request { kind: ReserveTicket, customer: 2577bdba-6c48-4163-8bfd-18506e065e8b, server: None, raw: .. }
Reserved ticket 9785 for customer 2577bdba-6c48-4163-8bfd-18506e065e8b
Server 799bb1b2-bd8f-49e2-81f8-f7237f0eb223 received client-request: Request { kind: ReserveTicket, customer: dc7431c0-2434-46ed-b63f-86ac2f8ec100, server: None, raw: .. }
Reserved ticket 9784 for customer dc7431c0-2434-46ed-b63f-86ac2f8ec100
Server 799bb1b2-bd8f-49e2-81f8-f7237f0eb223 received client-request: Request { kind: ReserveTicket, customer: 3e97d48b-23ce-4c48-9053-e2c674517ada, server: None, raw: .. }
Reserved ticket 9783 for customer 3e97d48b-23ce-4c48-9053-e2c674517ada
Server 799bb1b2-bd8f-49e2-81f8-f7237f0eb223 received client-request: Request { kind: ReserveTicket, customer: c33e95dd-9c82-4c49-83a8-13603bb88152, server: None, raw: .. }
Reserved ticket 9782 for customer c33e95dd-9c82-4c49-83a8-13603bb88152
Server 799bb1b2-bd8f-49e2-81f8-f7237f0eb223 received client-request: Request { kind: ReserveTicket, customer: df6a1fc7-ff36-49a0-8f27-cd64385d69ba, server: None, raw: .. }
Reserved ticket 9781 for customer df6a1fc7-ff36-49a0-8f27-cd64385d69ba
Server 799bb1b2-bd8f-49e2-81f8-f7237f0eb223 received client-request: Request { kind: ReserveTicket, customer: 338084a6-4c39-4dbf-b631-9d327f4fd4f1, server: None, raw: .. }
Reserved ticket 9780 for customer 338084a6-4c39-4dbf-b631-9d327f4fd4f1
Server 799bb1b2-bd8f-49e2-81f8-f7237f0eb223 received client-request: Request { kind: ReserveTicket, customer: 7b651b39-8cf9-44b5-869d-de192ffb4b01, server: None, raw: .. }
Reserved ticket 9779 for customer 7b651b39-8cf9-44b5-869d-de192ffb4b01
Server 799bb1b2-bd8f-49e2-81f8-f7237f0eb223 received client-request: Request { kind: ReserveTicket, customer: 527caee8-8057-45f8-a739-ad79fa6e8e19, server: None, raw: .. }
Reserved ticket 9778 for customer 527caee8-8057-45f8-a739-ad79fa6e8e19
Server 799bb1b2-bd8f-49e2-81f8-f7237f0eb223 received client-request: Request { kind: ReserveTicket, customer: 30b5776a-cd44-4e08-b4cf-7e2f7681c03a, server: None, raw: .. }
Reserved ticket 9777 for customer 30b5776a-cd44-4e08-b4cf-7e2f7681c03a
Server 799bb1b2-bd8f-49e2-81f8-f7237f0eb223 received client-request: Request { kind: ReserveTicket, customer: 9fa959c7-ca3a-4db7-97a1-99cf1874a07e, server: None, raw: .. }
Reserved ticket 9776 for customer 9fa959c7-ca3a-4db7-97a1-99cf1874a07e
Server 799bb1b2-bd8f-49e2-81f8-f7237f0eb223 received client-request: Request { kind: ReserveTicket, customer: 2ec7c21f-abe1-42f7-a391-3c3d441c5ff5, server: None, raw: .. }
Reserved ticket 9775 for customer 2ec7c21f-abe1-42f7-a391-3c3d441c5ff5
Server 799bb1b2-bd8f-49e2-81f8-f7237f0eb223 received client-request: Request { kind: ReserveTicket, customer: eb3d7e06-6ed8-43f4-9b1d-bd8ba45e893e, server: None, raw: .. }
Reserved ticket 9774 for customer eb3d7e06-6ed8-43f4-9b1d-bd8ba45e893e
Server 799bb1b2-bd8f-49e2-81f8-f7237f0eb223 received client-request: Request { kind: ReserveTicket, customer: 58d6dd10-dd77-4e96-bcb4-7da76c0afca7, server: None, raw: .. }
Reserved ticket 9773 for customer 58d6dd10-dd77-4e96-bcb4-7da76c0afca7
Server 799bb1b2-bd8f-49e2-81f8-f7237f0eb223 received client-request: Request { kind: ReserveTicket, customer: 31658380-4a8e-4563-ae6d-554029a2cbad, server: None, raw: .. }
Reserved ticket 9772 for customer 31658380-4a8e-4563-ae6d-554029a2cbad
Server 799bb1b2-bd8f-49e2-81f8-f7237f0eb223 received client-request: Request { kind: ReserveTicket, customer: 537ac9df-47ea-4b26-8905-55e9c7a7fa93, server: None, raw: .. }
Reserved ticket 9771 for customer 537ac9df-47ea-4b26-8905-55e9c7a7fa93
Server 799bb1b2-bd8f-49e2-81f8-f7237f0eb223 received client-request: Request { kind: ReserveTicket, customer: 04bfee0b-27cc-4d70-8b7f-343ea01006dc, server: None, raw: .. }
Reserved ticket 9770 for customer 04bfee0b-27cc-4d70-8b7f-343ea01006dc
Server 65a51e17-fff5-4036-8b94-6db5de4d28d8 received client-request: Request { kind: ReserveTicket, customer: 43437b8a-9cac-4f96-908d-c94885a73507, server: None, raw: .. }
Reserved ticket 9769 for customer 43437b8a-9cac-4f96-908d-c94885a73507
Server 799bb1b2-bd8f-49e2-81f8-f7237f0eb223 received client-request: Request { kind: ReserveTicket, customer: fd4d95b7-50e8-4f5f-99eb-279bec7616da, server: None, raw: .. }
Reserved ticket 9768 for customer fd4d95b7-50e8-4f5f-99eb-279bec7616da
Server 799bb1b2-bd8f-49e2-81f8-f7237f0eb223 received client-request: Request { kind: ReserveTicket, customer: 55398dc5-9e13-4066-a11e-75ece80cffe6, server: None, raw: .. }
Reserved ticket 9767 for customer 55398dc5-9e13-4066-a11e-75ece80cffe6
Server 799bb1b2-bd8f-49e2-81f8-f7237f0eb223 received client-request: Request { kind: ReserveTicket, customer: f53d329f-406b-4adc-a17f-cc927e9ed3a6, server: None, raw: .. }
Reserved ticket 9766 for customer f53d329f-406b-4adc-a17f-cc927e9ed3a6
Server 799bb1b2-bd8f-49e2-81f8-f7237f0eb223 received client-request: Request { kind: ReserveTicket, customer: 1cfc3861-f622-4525-b7ac-1a4b3fe6793b, server: None, raw: .. }
Reserved ticket 9765 for customer 1cfc3861-f622-4525-b7ac-1a4b3fe6793b
Server 799bb1b2-bd8f-49e2-81f8-f7237f0eb223 received client-request: Request { kind: ReserveTicket, customer: 3d55135a-4bbe-4215-a4d3-60d2e8bcbe6a, server: None, raw: .. }
Reserved ticket 9764 for customer 3d55135a-4bbe-4215-a4d3-60d2e8bcbe6a
Server 799bb1b2-bd8f-49e2-81f8-f7237f0eb223 received client-request: Request { kind: ReserveTicket, customer: 4ee86a21-0887-4c58-a9cc-5a034f1a6b6b, server: None, raw: .. }
Reserved ticket 9763 for customer 4ee86a21-0887-4c58-a9cc-5a034f1a6b6b
Server 799bb1b2-bd8f-49e2-81f8-f7237f0eb223 received client-request: Request { kind: ReserveTicket, customer: 973ea745-2d87-4f42-ad66-6b06f1052411, server: None, raw: .. }
Reserved ticket 9762 for customer 973ea745-2d87-4f42-ad66-6b06f1052411
Server 799bb1b2-bd8f-49e2-81f8-f7237f0eb223 received client-request: Request { kind: ReserveTicket, customer: 6b5f2448-ad9e-452c-81ae-9b819ffa6e56, server: None, raw: .. }
Reserved ticket 9761 for customer 6b5f2448-ad9e-452c-81ae-9b819ffa6e56
Server 799bb1b2-bd8f-49e2-81f8-f7237f0eb223 received client-request: Request { kind: ReserveTicket, customer: 4d17106c-ca62-44a4-a3d0-454d71cf0666, server: None, raw: .. }
Reserved ticket 9760 for customer 4d17106c-ca62-44a4-a3d0-454d71cf0666
Server 799bb1b2-bd8f-49e2-81f8-f7237f0eb223 received client-request: Request { kind: ReserveTicket, customer: 5b8bd9eb-9b54-4e9d-8f5c-c3c70c6bfe1b, server: None, raw: .. }
Reserved ticket 9759 for customer 5b8bd9eb-9b54-4e9d-8f5c-c3c70c6bfe1b
Server 799bb1b2-bd8f-49e2-81f8-f7237f0eb223 received client-request: Request { kind: ReserveTicket, customer: c0d4be25-0152-4266-854f-cb5982368cb7, server: None, raw: .. }
Reserved ticket 9758 for customer c0d4be25-0152-4266-854f-cb5982368cb7
Server 799bb1b2-bd8f-49e2-81f8-f7237f0eb223 received client-request: Request { kind: ReserveTicket, customer: 9fd6b0b6-04ae-4a44-92cb-f4d7e5750fb1, server: None, raw: .. }
Reserved ticket 9757 for customer 9fd6b0b6-04ae-4a44-92cb-f4d7e5750fb1
Server 799bb1b2-bd8f-49e2-81f8-f7237f0eb223 received client-request: Request { kind: ReserveTicket, customer: 8996227f-5b8d-4c0e-b084-337670345361, server: None, raw: .. }
Reserved ticket 9756 for customer 8996227f-5b8d-4c0e-b084-337670345361
Server 799bb1b2-bd8f-49e2-81f8-f7237f0eb223 received client-request: Request { kind: ReserveTicket, customer: 84601ddb-89b3-4d9d-bfd2-752a3fd18f02, server: None, raw: .. }
Reserved ticket 9755 for customer 84601ddb-89b3-4d9d-bfd2-752a3fd18f02
Server 799bb1b2-bd8f-49e2-81f8-f7237f0eb223 received client-request: Request { kind: ReserveTicket, customer: 11e76569-519d-442e-8cd5-8b1c35108eb5, server: None, raw: .. }
Reserved ticket 9754 for customer 11e76569-519d-442e-8cd5-8b1c35108eb5
Server 799bb1b2-bd8f-49e2-81f8-f7237f0eb223 received client-request: Request { kind: ReserveTicket, customer: 8e6574c2-26cc-43cd-957a-3aad86a1977e, server: None, raw: .. }
Reserved ticket 9753 for customer 8e6574c2-26cc-43cd-957a-3aad86a1977e
Server 799bb1b2-bd8f-49e2-81f8-f7237f0eb223 received client-request: Request { kind: ReserveTicket, customer: 7fd0de8f-2700-4f2d-880a-c722f8f3b00a, server: None, raw: .. }
Reserved ticket 9752 for customer 7fd0de8f-2700-4f2d-880a-c722f8f3b00a
Server 799bb1b2-bd8f-49e2-81f8-f7237f0eb223 received client-request: Request { kind: ReserveTicket, customer: 66b7b40b-c45c-45d9-9986-5daa5cd7e9db, server: None, raw: .. }
Reserved ticket 9751 for customer 66b7b40b-c45c-45d9-9986-5daa5cd7e9db
Server 799bb1b2-bd8f-49e2-81f8-f7237f0eb223 received client-request: Request { kind: ReserveTicket, customer: c43df5d3-8446-4eed-8c8f-9c74216db4a1, server: None, raw: .. }
Reserved ticket 9750 for customer c43df5d3-8446-4eed-8c8f-9c74216db4a1
Server 65a51e17-fff5-4036-8b94-6db5de4d28d8 received client-request: Request { kind: ReserveTicket, customer: 39b092f5-cd93-4948-9594-1f688d8ebcc1, server: None, raw: .. }
Reserved ticket 9749 for customer 39b092f5-cd93-4948-9594-1f688d8ebcc1
Server 799bb1b2-bd8f-49e2-81f8-f7237f0eb223 received client-request: Request { kind: ReserveTicket, customer: 1eb6a135-4876-47e6-a579-cd95465f8640, server: None, raw: .. }
Reserved ticket 9748 for customer 1eb6a135-4876-47e6-a579-cd95465f8640
Server 799bb1b2-bd8f-49e2-81f8-f7237f0eb223 received client-request: Request { kind: ReserveTicket, customer: 46295a89-4ba2-467a-9df6-a2fd1cf7690c, server: None, raw: .. }
Reserved ticket 9747 for customer 46295a89-4ba2-467a-9df6-a2fd1cf7690c
Server 799bb1b2-bd8f-49e2-81f8-f7237f0eb223 received client-request: Request { kind: ReserveTicket, customer: 218e528f-0245-4831-ac57-1c291b6446c8, server: None, raw: .. }
Reserved ticket 9746 for customer 218e528f-0245-4831-ac57-1c291b6446c8
Server 799bb1b2-bd8f-49e2-81f8-f7237f0eb223 received client-request: Request { kind: ReserveTicket, customer: 101e56e2-3799-4aa2-8d4a-f673ea518851, server: None, raw: .. }
Reserved ticket 9745 for customer 101e56e2-3799-4aa2-8d4a-f673ea518851
Server 799bb1b2-bd8f-49e2-81f8-f7237f0eb223 received client-request: Request { kind: ReserveTicket, customer: af01d9a1-c074-404f-908f-0eaebdd390e0, server: None, raw: .. }
Reserved ticket 9744 for customer af01d9a1-c074-404f-908f-0eaebdd390e0
Server 799bb1b2-bd8f-49e2-81f8-f7237f0eb223 received client-request: Request { kind: ReserveTicket, customer: 90214425-3109-4555-9237-36d37e2019e0, server: None, raw: .. }
Reserved ticket 9743 for customer 90214425-3109-4555-9237-36d37e2019e0
Server 799bb1b2-bd8f-49e2-81f8-f7237f0eb223 received client-request: Request { kind: ReserveTicket, customer: 5cdfb1c7-60f1-43fe-8e53-0e34643b0308, server: None, raw: .. }
Reserved ticket 9742 for customer 5cdfb1c7-60f1-43fe-8e53-0e34643b0308
Server 799bb1b2-bd8f-49e2-81f8-f7237f0eb223 received client-request: Request { kind: ReserveTicket, customer: 87b7500e-c0dd-4565-98b9-322ffffb4b7a, server: None, raw: .. }
Reserved ticket 9741 for customer 87b7500e-c0dd-4565-98b9-322ffffb4b7a
Server 799bb1b2-bd8f-49e2-81f8-f7237f0eb223 received client-request: Request { kind: ReserveTicket, customer: 435d4c39-d677-4482-ad64-db6f43621c8b, server: None, raw: .. }
Reserved ticket 9740 for customer 435d4c39-d677-4482-ad64-db6f43621c8b
Server 799bb1b2-bd8f-49e2-81f8-f7237f0eb223 received client-request: Request { kind: ReserveTicket, customer: c8c5a887-90a3-402b-8bb8-6eaf6f42dfd8, server: None, raw: .. }
Reserved ticket 9739 for customer c8c5a887-90a3-402b-8bb8-6eaf6f42dfd8
Server 799bb1b2-bd8f-49e2-81f8-f7237f0eb223 received client-request: Request { kind: ReserveTicket, customer: 8ab99ab2-e8c2-4e57-abfd-0eb68f7744ca, server: None, raw: .. }
Reserved ticket 9738 for customer 8ab99ab2-e8c2-4e57-abfd-0eb68f7744ca
Server 799bb1b2-bd8f-49e2-81f8-f7237f0eb223 received client-request: Request { kind: ReserveTicket, customer: 7b4e5dc6-9ee0-4e39-8987-acb20fc9078a, server: None, raw: .. }
Reserved ticket 9737 for customer 7b4e5dc6-9ee0-4e39-8987-acb20fc9078a
Server 799bb1b2-bd8f-49e2-81f8-f7237f0eb223 received client-request: Request { kind: ReserveTicket, customer: b393b957-ed22-4d45-9f8c-1f53e6d4c93a, server: None, raw: .. }
Reserved ticket 9736 for customer b393b957-ed22-4d45-9f8c-1f53e6d4c93a
Server 799bb1b2-bd8f-49e2-81f8-f7237f0eb223 received client-request: Request { kind: ReserveTicket, customer: 28571e82-b0b6-4a61-b297-79648d1ef68d, server: None, raw: .. }
Reserved ticket 9735 for customer 28571e82-b0b6-4a61-b297-79648d1ef68d
Server 799bb1b2-bd8f-49e2-81f8-f7237f0eb223 received client-request: Request { kind: ReserveTicket, customer: 8a2196c5-d81e-4efb-9e35-336ca50d0ac2, server: None, raw: .. }
Reserved ticket 9734 for customer 8a2196c5-d81e-4efb-9e35-336ca50d0ac2
Server 799bb1b2-bd8f-49e2-81f8-f7237f0eb223 received client-request: Request { kind: ReserveTicket, customer: c9b807df-934c-44a3-a12d-ec38026fca9f, server: None, raw: .. }
Reserved ticket 9733 for customer c9b807df-934c-44a3-a12d-ec38026fca9f
Server 799bb1b2-bd8f-49e2-81f8-f7237f0eb223 received client-request: Request { kind: ReserveTicket, customer: 8ab6872d-32a2-4e58-86f4-db655edea542, server: None, raw: .. }
Reserved ticket 9732 for customer 8ab6872d-32a2-4e58-86f4-db655edea542
Server 799bb1b2-bd8f-49e2-81f8-f7237f0eb223 received client-request: Request { kind: ReserveTicket, customer: 1dcb014e-7b2a-45e4-8bfd-fe6d4315776e, server: None, raw: .. }
Reserved ticket 9731 for customer 1dcb014e-7b2a-45e4-8bfd-fe6d4315776e
Server 799bb1b2-bd8f-49e2-81f8-f7237f0eb223 received client-request: Request { kind: ReserveTicket, customer: 4fa2e298-45ab-4b2e-963b-bcf4dc206f0e, server: None, raw: .. }
Reserved ticket 9730 for customer 4fa2e298-45ab-4b2e-963b-bcf4dc206f0e
Server 65a51e17-fff5-4036-8b94-6db5de4d28d8 received client-request: Request { kind: ReserveTicket, customer: d043e1be-70e0-4550-824a-d40104d2c78e, server: None, raw: .. }
Reserved ticket 9729 for customer d043e1be-70e0-4550-824a-d40104d2c78e
Server 799bb1b2-bd8f-49e2-81f8-f7237f0eb223 received client-request: Request { kind: ReserveTicket, customer: d98abfd4-d9f4-4e38-8272-4cb78cf31402, server: None, raw: .. }
Reserved ticket 9728 for customer d98abfd4-d9f4-4e38-8272-4cb78cf31402
Server 799bb1b2-bd8f-49e2-81f8-f7237f0eb223 received client-request: Request { kind: ReserveTicket, customer: ad6f6c76-ca0c-4bb3-a298-e05a0b402165, server: None, raw: .. }
Reserved ticket 9727 for customer ad6f6c76-ca0c-4bb3-a298-e05a0b402165
Server 799bb1b2-bd8f-49e2-81f8-f7237f0eb223 received client-request: Request { kind: ReserveTicket, customer: 9083c303-e91b-422b-a84f-cb4f49aa967a, server: None, raw: .. }
Reserved ticket 9726 for customer 9083c303-e91b-422b-a84f-cb4f49aa967a
Server 799bb1b2-bd8f-49e2-81f8-f7237f0eb223 received client-request: Request { kind: ReserveTicket, customer: 34a33673-9c6c-4b19-a026-235a48282e35, server: None, raw: .. }
Reserved ticket 9725 for customer 34a33673-9c6c-4b19-a026-235a48282e35
Server 799bb1b2-bd8f-49e2-81f8-f7237f0eb223 received client-request: Request { kind: ReserveTicket, customer: 75b90e39-d2a3-4117-822e-530fd945f5e9, server: None, raw: .. }
Reserved ticket 9724 for customer 75b90e39-d2a3-4117-822e-530fd945f5e9
Server 799bb1b2-bd8f-49e2-81f8-f7237f0eb223 received client-request: Request { kind: ReserveTicket, customer: 9f7d62bf-1b0c-4fe7-8900-b9b2b4be58c9, server: None, raw: .. }
Reserved ticket 9723 for customer 9f7d62bf-1b0c-4fe7-8900-b9b2b4be58c9
Server 799bb1b2-bd8f-49e2-81f8-f7237f0eb223 received client-request: Request { kind: ReserveTicket, customer: 5b65b160-9ee7-4996-aa65-91d99b1543e0, server: None, raw: .. }
Reserved ticket 9722 for customer 5b65b160-9ee7-4996-aa65-91d99b1543e0
Server 799bb1b2-bd8f-49e2-81f8-f7237f0eb223 received client-request: Request { kind: ReserveTicket, customer: e2d0a844-fd2b-4d37-a4cc-b37ea953b2e2, server: None, raw: .. }
Reserved ticket 9721 for customer e2d0a844-fd2b-4d37-a4cc-b37ea953b2e2
Server 799bb1b2-bd8f-49e2-81f8-f7237f0eb223 received client-request: Request { kind: ReserveTicket, customer: d765b63b-3048-42ca-80bf-762df4077114, server: None, raw: .. }
Reserved ticket 9720 for customer d765b63b-3048-42ca-80bf-762df4077114
Server 799bb1b2-bd8f-49e2-81f8-f7237f0eb223 received client-request: Request { kind: ReserveTicket, customer: 1cfcb49a-12a2-41c9-8ac0-c28d5606a48d, server: None, raw: .. }
Reserved ticket 9719 for customer 1cfcb49a-12a2-41c9-8ac0-c28d5606a48d
Server 799bb1b2-bd8f-49e2-81f8-f7237f0eb223 received client-request: Request { kind: ReserveTicket, customer: cd1e8d9a-6a6c-461d-9c4c-88e6e11ef4d6, server: None, raw: .. }
Reserved ticket 9718 for customer cd1e8d9a-6a6c-461d-9c4c-88e6e11ef4d6
Server 799bb1b2-bd8f-49e2-81f8-f7237f0eb223 received client-request: Request { kind: ReserveTicket, customer: b144cd49-7745-40f8-880b-6f9067cb5231, server: None, raw: .. }
Reserved ticket 9717 for customer b144cd49-7745-40f8-880b-6f9067cb5231
Server 799bb1b2-bd8f-49e2-81f8-f7237f0eb223 received client-request: Request { kind: ReserveTicket, customer: b78df8c3-c98b-41a1-bd4f-c00b68d8f951, server: None, raw: .. }
Reserved ticket 9716 for customer b78df8c3-c98b-41a1-bd4f-c00b68d8f951
Server 799bb1b2-bd8f-49e2-81f8-f7237f0eb223 received client-request: Request { kind: ReserveTicket, customer: f14be7d7-f2be-4ff2-b16e-ab3a39d55415, server: None, raw: .. }
Reserved ticket 9715 for customer f14be7d7-f2be-4ff2-b16e-ab3a39d55415
Server 799bb1b2-bd8f-49e2-81f8-f7237f0eb223 received client-request: Request { kind: ReserveTicket, customer: 1e01d28c-938e-411d-bc6a-670048eaf9e6, server: None, raw: .. }
Reserved ticket 9714 for customer 1e01d28c-938e-411d-bc6a-670048eaf9e6
Server 799bb1b2-bd8f-49e2-81f8-f7237f0eb223 received client-request: Request { kind: ReserveTicket, customer: b8794693-9ad9-4266-b1d3-2ec2bd432f54, server: None, raw: .. }
Reserved ticket 9713 for customer b8794693-9ad9-4266-b1d3-2ec2bd432f54
Server 799bb1b2-bd8f-49e2-81f8-f7237f0eb223 received client-request: Request { kind: ReserveTicket, customer: 770aa71a-57ac-4b48-bf63-adf673f5eb29, server: None, raw: .. }
Reserved ticket 9712 for customer 770aa71a-57ac-4b48-bf63-adf673f5eb29
Server 799bb1b2-bd8f-49e2-81f8-f7237f0eb223 received client-request: Request { kind: ReserveTicket, customer: 69966a3d-9c13-46cd-9d69-41fa605f4fbb, server: None, raw: .. }
Reserved ticket 9711 for customer 69966a3d-9c13-46cd-9d69-41fa605f4fbb
Server 799bb1b2-bd8f-49e2-81f8-f7237f0eb223 received client-request: Request { kind: ReserveTicket, customer: bfa6d92e-064f-47db-8c4c-f3405d8644c8, server: None, raw: .. }
Reserved ticket 9710 for customer bfa6d92e-064f-47db-8c4c-f3405d8644c8
Server 65a51e17-fff5-4036-8b94-6db5de4d28d8 received client-request: Request { kind: ReserveTicket, customer: 5eeded8a-2913-4e2f-a058-4b75ec7971b5, server: None, raw: .. }
Reserved ticket 9709 for customer 5eeded8a-2913-4e2f-a058-4b75ec7971b5
Server 799bb1b2-bd8f-49e2-81f8-f7237f0eb223 received client-request: Request { kind: ReserveTicket, customer: 010a5f24-6868-4341-b1f3-8c2a405f1f9f, server: None, raw: .. }
Reserved ticket 9708 for customer 010a5f24-6868-4341-b1f3-8c2a405f1f9f
Server 799bb1b2-bd8f-49e2-81f8-f7237f0eb223 received client-request: Request { kind: ReserveTicket, customer: cb88628d-a3c2-4862-b760-389485ac4fec, server: None, raw: .. }
Reserved ticket 9707 for customer cb88628d-a3c2-4862-b760-389485ac4fec
Server 799bb1b2-bd8f-49e2-81f8-f7237f0eb223 received client-request: Request { kind: ReserveTicket, customer: 0b84e1bc-14d8-4431-987b-8181ff06c725, server: None, raw: .. }
Reserved ticket 9706 for customer 0b84e1bc-14d8-4431-987b-8181ff06c725
Server 799bb1b2-bd8f-49e2-81f8-f7237f0eb223 received client-request: Request { kind: ReserveTicket, customer: 6e2e46c9-f821-4f4a-a256-9ef1c0c7e869, server: None, raw: .. }
Reserved ticket 9705 for customer 6e2e46c9-f821-4f4a-a256-9ef1c0c7e869
Server 799bb1b2-bd8f-49e2-81f8-f7237f0eb223 received client-request: Request { kind: ReserveTicket, customer: ee429b06-64fa-48b5-89ce-fc5a220ac5cc, server: None, raw: .. }
Reserved ticket 9704 for customer ee429b06-64fa-48b5-89ce-fc5a220ac5cc
Server 799bb1b2-bd8f-49e2-81f8-f7237f0eb223 received client-request: Request { kind: ReserveTicket, customer: 48bb1502-4207-4489-8411-74e53f3faa8d, server: None, raw: .. }
Reserved ticket 9703 for customer 48bb1502-4207-4489-8411-74e53f3faa8d
Server 799bb1b2-bd8f-49e2-81f8-f7237f0eb223 received client-request: Request { kind: ReserveTicket, customer: 9688a2a9-a844-442c-aa6f-3078bc1b7f9d, server: None, raw: .. }
Reserved ticket 9702 for customer 9688a2a9-a844-442c-aa6f-3078bc1b7f9d
Server 799bb1b2-bd8f-49e2-81f8-f7237f0eb223 received client-request: Request { kind: ReserveTicket, customer: 5c6b69a8-578b-4ac5-bbb2-e9316a336619, server: None, raw: .. }
Reserved ticket 9701 for customer 5c6b69a8-578b-4ac5-bbb2-e9316a336619
Server 799bb1b2-bd8f-49e2-81f8-f7237f0eb223 received client-request: Request { kind: ReserveTicket, customer: e3c233ec-b691-4edf-bc77-9d332c39da3f, server: None, raw: .. }
Reserved ticket 9700 for customer e3c233ec-b691-4edf-bc77-9d332c39da3f
Server 799bb1b2-bd8f-49e2-81f8-f7237f0eb223 received client-request: Request { kind: ReserveTicket, customer: 5e998c53-9627-424d-bd04-a51c08bf4d19, server: None, raw: .. }
Reserved ticket 9699 for customer 5e998c53-9627-424d-bd04-a51c08bf4d19
Server 799bb1b2-bd8f-49e2-81f8-f7237f0eb223 received client-request: Request { kind: ReserveTicket, customer: f1a8a9b2-4380-4186-8311-c6d928eedc95, server: None, raw: .. }
Reserved ticket 9698 for customer f1a8a9b2-4380-4186-8311-c6d928eedc95
Server 799bb1b2-bd8f-49e2-81f8-f7237f0eb223 received client-request: Request { kind: ReserveTicket, customer: 88b7f0d9-de2e-42eb-98b7-6431c7ca8527, server: None, raw: .. }
Reserved ticket 9697 for customer 88b7f0d9-de2e-42eb-98b7-6431c7ca8527
Server 799bb1b2-bd8f-49e2-81f8-f7237f0eb223 received client-request: Request { kind: ReserveTicket, customer: d6811eb3-ebaf-4986-a1e7-cb49e67aa6be, server: None, raw: .. }
Reserved ticket 9696 for customer d6811eb3-ebaf-4986-a1e7-cb49e67aa6be
Server 799bb1b2-bd8f-49e2-81f8-f7237f0eb223 received client-request: Request { kind: ReserveTicket, customer: e6500e01-78d3-4c04-b8c9-f2d75e153db3, server: None, raw: .. }
Reserved ticket 9695 for customer e6500e01-78d3-4c04-b8c9-f2d75e153db3
Server 799bb1b2-bd8f-49e2-81f8-f7237f0eb223 received client-request: Request { kind: ReserveTicket, customer: 048edec8-d145-474a-bd46-767a24bed684, server: None, raw: .. }
Reserved ticket 9694 for customer 048edec8-d145-474a-bd46-767a24bed684
Server 799bb1b2-bd8f-49e2-81f8-f7237f0eb223 received client-request: Request { kind: ReserveTicket, customer: 45ebe447-c769-4b3e-9a6b-bc402ac6371d, server: None, raw: .. }
Reserved ticket 9693 for customer 45ebe447-c769-4b3e-9a6b-bc402ac6371d
Server 799bb1b2-bd8f-49e2-81f8-f7237f0eb223 received client-request: Request { kind: ReserveTicket, customer: 54cf6ef5-ef49-4031-9f81-04b1518c69fd, server: None, raw: .. }
Reserved ticket 9692 for customer 54cf6ef5-ef49-4031-9f81-04b1518c69fd
Server 799bb1b2-bd8f-49e2-81f8-f7237f0eb223 received client-request: Request { kind: ReserveTicket, customer: bf9a052a-2516-4aed-b5bd-67122fd753ab, server: None, raw: .. }
Reserved ticket 9691 for customer bf9a052a-2516-4aed-b5bd-67122fd753ab
Server 799bb1b2-bd8f-49e2-81f8-f7237f0eb223 received client-request: Request { kind: ReserveTicket, customer: 4bf316e3-f9ca-4887-a60f-fe0aef4e45dc, server: None, raw: .. }
Reserved ticket 9690 for customer 4bf316e3-f9ca-4887-a60f-fe0aef4e45dc
Server 65a51e17-fff5-4036-8b94-6db5de4d28d8 received client-request: Request { kind: ReserveTicket, customer: 18336868-ecf2-4c40-bad5-5dea51f9c653, server: None, raw: .. }
Reserved ticket 9689 for customer 18336868-ecf2-4c40-bad5-5dea51f9c653
Server 799bb1b2-bd8f-49e2-81f8-f7237f0eb223 received client-request: Request { kind: ReserveTicket, customer: 3a18b105-bd73-4d50-8c68-2bf31645711f, server: None, raw: .. }
Reserved ticket 9688 for customer 3a18b105-bd73-4d50-8c68-2bf31645711f
Server 799bb1b2-bd8f-49e2-81f8-f7237f0eb223 received client-request: Request { kind: ReserveTicket, customer: e935d46a-0738-4eb5-9333-c59207c2b4db, server: None, raw: .. }
Reserved ticket 9687 for customer e935d46a-0738-4eb5-9333-c59207c2b4db
Server 799bb1b2-bd8f-49e2-81f8-f7237f0eb223 received client-request: Request { kind: ReserveTicket, customer: 7ba3096d-f159-4427-803f-c662ca4f270a, server: None, raw: .. }
Reserved ticket 9686 for customer 7ba3096d-f159-4427-803f-c662ca4f270a
Server 799bb1b2-bd8f-49e2-81f8-f7237f0eb223 received client-request: Request { kind: ReserveTicket, customer: 3b57fdc5-bce2-41af-9069-ffcd098a23f1, server: None, raw: .. }
Reserved ticket 9685 for customer 3b57fdc5-bce2-41af-9069-ffcd098a23f1
Server 799bb1b2-bd8f-49e2-81f8-f7237f0eb223 received client-request: Request { kind: ReserveTicket, customer: 96f861f5-846f-404a-aab0-3ba74310dfd4, server: None, raw: .. }
Reserved ticket 9684 for customer 96f861f5-846f-404a-aab0-3ba74310dfd4
Server 799bb1b2-bd8f-49e2-81f8-f7237f0eb223 received client-request: Request { kind: ReserveTicket, customer: c17b0a45-f263-4af7-a28a-d8a26cf3a172, server: None, raw: .. }
Reserved ticket 9683 for customer c17b0a45-f263-4af7-a28a-d8a26cf3a172
Server 799bb1b2-bd8f-49e2-81f8-f7237f0eb223 received client-request: Request { kind: ReserveTicket, customer: 54963434-7634-43bc-a960-7187ef0ed66d, server: None, raw: .. }
Reserved ticket 9682 for customer 54963434-7634-43bc-a960-7187ef0ed66d
Server 799bb1b2-bd8f-49e2-81f8-f7237f0eb223 received client-request: Request { kind: ReserveTicket, customer: c7f5981f-9d85-4bc4-8f63-09c7e76c816f, server: None, raw: .. }
Reserved ticket 9681 for customer c7f5981f-9d85-4bc4-8f63-09c7e76c816f
Server 799bb1b2-bd8f-49e2-81f8-f7237f0eb223 received client-request: Request { kind: ReserveTicket, customer: c553462e-a013-423b-a5c8-96e1ba31021a, server: None, raw: .. }
Reserved ticket 9680 for customer c553462e-a013-423b-a5c8-96e1ba31021a
Server 799bb1b2-bd8f-49e2-81f8-f7237f0eb223 received client-request: Request { kind: ReserveTicket, customer: b4d8e3dd-68ef-4dfd-b838-72fc97d40e80, server: None, raw: .. }
Reserved ticket 9679 for customer b4d8e3dd-68ef-4dfd-b838-72fc97d40e80
Server 799bb1b2-bd8f-49e2-81f8-f7237f0eb223 received client-request: Request { kind: ReserveTicket, customer: 5c15cf02-0936-417b-82b1-c78df704bad6, server: None, raw: .. }
Reserved ticket 9678 for customer 5c15cf02-0936-417b-82b1-c78df704bad6
Server 799bb1b2-bd8f-49e2-81f8-f7237f0eb223 received client-request: Request { kind: ReserveTicket, customer: 6d673d5e-2755-4125-a8f6-13eadf3e42db, server: None, raw: .. }
Reserved ticket 9677 for customer 6d673d5e-2755-4125-a8f6-13eadf3e42db
Server 799bb1b2-bd8f-49e2-81f8-f7237f0eb223 received client-request: Request { kind: ReserveTicket, customer: 13e392be-f957-438f-9b53-7ef1035edb18, server: None, raw: .. }
Reserved ticket 9676 for customer 13e392be-f957-438f-9b53-7ef1035edb18
Server 799bb1b2-bd8f-49e2-81f8-f7237f0eb223 received client-request: Request { kind: ReserveTicket, customer: 75566996-f5a2-479f-8698-803ddd40d2e3, server: None, raw: .. }
Reserved ticket 9675 for customer 75566996-f5a2-479f-8698-803ddd40d2e3
Server 799bb1b2-bd8f-49e2-81f8-f7237f0eb223 received client-request: Request { kind: ReserveTicket, customer: eacc6595-c9d3-47cb-9fcf-df96fac31cb4, server: None, raw: .. }
Reserved ticket 9674 for customer eacc6595-c9d3-47cb-9fcf-df96fac31cb4
Server 799bb1b2-bd8f-49e2-81f8-f7237f0eb223 received client-request: Request { kind: ReserveTicket, customer: b9a11dde-c172-4779-b8a4-190cc4326c68, server: None, raw: .. }
Reserved ticket 9673 for customer b9a11dde-c172-4779-b8a4-190cc4326c68
Server 799bb1b2-bd8f-49e2-81f8-f7237f0eb223 received client-request: Request { kind: ReserveTicket, customer: e4334b7d-3316-4057-a526-e9486a1753c8, server: None, raw: .. }
Reserved ticket 9672 for customer e4334b7d-3316-4057-a526-e9486a1753c8
Server 799bb1b2-bd8f-49e2-81f8-f7237f0eb223 received client-request: Request { kind: ReserveTicket, customer: 041d2f47-1caa-485b-91fd-721412562601, server: None, raw: .. }
Reserved ticket 9671 for customer 041d2f47-1caa-485b-91fd-721412562601
Server 799bb1b2-bd8f-49e2-81f8-f7237f0eb223 received client-request: Request { kind: ReserveTicket, customer: b9510b43-f38b-4cf0-8463-41e96d80ff29, server: None, raw: .. }
Reserved ticket 9670 for customer b9510b43-f38b-4cf0-8463-41e96d80ff29
Server 65a51e17-fff5-4036-8b94-6db5de4d28d8 received client-request: Request { kind: ReserveTicket, customer: dc3a6b12-7077-4026-bad2-ef1343c93206, server: None, raw: .. }
Reserved ticket 9669 for customer dc3a6b12-7077-4026-bad2-ef1343c93206
Server 799bb1b2-bd8f-49e2-81f8-f7237f0eb223 received client-request: Request { kind: ReserveTicket, customer: 8c80a29d-a8ca-43e8-ba20-2d0487f5a6cc, server: None, raw: .. }
Reserved ticket 9668 for customer 8c80a29d-a8ca-43e8-ba20-2d0487f5a6cc
Server 799bb1b2-bd8f-49e2-81f8-f7237f0eb223 received client-request: Request { kind: ReserveTicket, customer: d7012735-2926-4ad4-b0a9-8d60bdec8f6f, server: None, raw: .. }
Reserved ticket 9667 for customer d7012735-2926-4ad4-b0a9-8d60bdec8f6f
Server 799bb1b2-bd8f-49e2-81f8-f7237f0eb223 received client-request: Request { kind: ReserveTicket, customer: ce125670-3614-4179-936b-2eec2ea842fc, server: None, raw: .. }
Reserved ticket 9666 for customer ce125670-3614-4179-936b-2eec2ea842fc
Server 799bb1b2-bd8f-49e2-81f8-f7237f0eb223 received client-request: Request { kind: ReserveTicket, customer: ba4871d5-7554-48af-b883-b393563bebeb, server: None, raw: .. }
Reserved ticket 9665 for customer ba4871d5-7554-48af-b883-b393563bebeb
Server 799bb1b2-bd8f-49e2-81f8-f7237f0eb223 received client-request: Request { kind: ReserveTicket, customer: 754ab4ab-5809-44b0-8ea1-063be5095787, server: None, raw: .. }
Reserved ticket 9664 for customer 754ab4ab-5809-44b0-8ea1-063be5095787
Server 799bb1b2-bd8f-49e2-81f8-f7237f0eb223 received client-request: Request { kind: ReserveTicket, customer: eeb44584-fd1e-45a2-8187-eb00ea223e63, server: None, raw: .. }
Reserved ticket 9663 for customer eeb44584-fd1e-45a2-8187-eb00ea223e63
Server 799bb1b2-bd8f-49e2-81f8-f7237f0eb223 received client-request: Request { kind: ReserveTicket, customer: dfc78e1e-282f-4102-8e41-9211dd83f993, server: None, raw: .. }
Reserved ticket 9662 for customer dfc78e1e-282f-4102-8e41-9211dd83f993
Server 799bb1b2-bd8f-49e2-81f8-f7237f0eb223 received client-request: Request { kind: ReserveTicket, customer: 8edbcaf5-ec98-4058-8fb9-a1e42f2d5cc3, server: None, raw: .. }
Reserved ticket 9661 for customer 8edbcaf5-ec98-4058-8fb9-a1e42f2d5cc3
Server 799bb1b2-bd8f-49e2-81f8-f7237f0eb223 received client-request: Request { kind: ReserveTicket, customer: 5077692e-2f26-4928-a24e-c8ffc76023ec, server: None, raw: .. }
Reserved ticket 9660 for customer 5077692e-2f26-4928-a24e-c8ffc76023ec
Server 799bb1b2-bd8f-49e2-81f8-f7237f0eb223 received client-request: Request { kind: ReserveTicket, customer: 6889ff35-e1a8-42cf-b126-0cc7c9d4da02, server: None, raw: .. }
Reserved ticket 9659 for customer 6889ff35-e1a8-42cf-b126-0cc7c9d4da02
Server 799bb1b2-bd8f-49e2-81f8-f7237f0eb223 received client-request: Request { kind: ReserveTicket, customer: 38c76230-fcf5-429d-af5b-22fb317b1bcb, server: None, raw: .. }
Reserved ticket 9658 for customer 38c76230-fcf5-429d-af5b-22fb317b1bcb
Server 799bb1b2-bd8f-49e2-81f8-f7237f0eb223 received client-request: Request { kind: ReserveTicket, customer: 6bb09a18-89e3-444d-85af-a82914f686b8, server: None, raw: .. }
Reserved ticket 9657 for customer 6bb09a18-89e3-444d-85af-a82914f686b8
Server 799bb1b2-bd8f-49e2-81f8-f7237f0eb223 received client-request: Request { kind: ReserveTicket, customer: ef971e09-8cfb-41d3-8980-8de6bf7f6fe9, server: None, raw: .. }
Reserved ticket 9656 for customer ef971e09-8cfb-41d3-8980-8de6bf7f6fe9
Server 799bb1b2-bd8f-49e2-81f8-f7237f0eb223 received client-request: Request { kind: ReserveTicket, customer: 102c8e44-133c-4d21-9209-e0339d593e4e, server: None, raw: .. }
Reserved ticket 9655 for customer 102c8e44-133c-4d21-9209-e0339d593e4e
Server 799bb1b2-bd8f-49e2-81f8-f7237f0eb223 received client-request: Request { kind: ReserveTicket, customer: 787d84af-5085-4bfd-866b-2d46699b8741, server: None, raw: .. }
Reserved ticket 9654 for customer 787d84af-5085-4bfd-866b-2d46699b8741
Server 799bb1b2-bd8f-49e2-81f8-f7237f0eb223 received client-request: Request { kind: ReserveTicket, customer: 54bc5bc9-d737-4bbd-9daa-5096da2b4a7f, server: None, raw: .. }
Reserved ticket 9653 for customer 54bc5bc9-d737-4bbd-9daa-5096da2b4a7f
Server 799bb1b2-bd8f-49e2-81f8-f7237f0eb223 received client-request: Request { kind: ReserveTicket, customer: 8d06a028-a020-4c54-b710-04d21b15ef80, server: None, raw: .. }
Reserved ticket 9652 for customer 8d06a028-a020-4c54-b710-04d21b15ef80
Server 799bb1b2-bd8f-49e2-81f8-f7237f0eb223 received client-request: Request { kind: ReserveTicket, customer: ff8b416c-3895-4c2a-a84b-0726345cfeba, server: None, raw: .. }
Reserved ticket 9651 for customer ff8b416c-3895-4c2a-a84b-0726345cfeba
Server 799bb1b2-bd8f-49e2-81f8-f7237f0eb223 received client-request: Request { kind: ReserveTicket, customer: 98259bd3-0586-4de5-85e6-48415ad44dec, server: None, raw: .. }
Reserved ticket 9650 for customer 98259bd3-0586-4de5-85e6-48415ad44dec
Server 65a51e17-fff5-4036-8b94-6db5de4d28d8 received client-request: Request { kind: ReserveTicket, customer: 1f009514-ff35-4e82-aefc-a768d05473c3, server: None, raw: .. }
Reserved ticket 9649 for customer 1f009514-ff35-4e82-aefc-a768d05473c3
Server 799bb1b2-bd8f-49e2-81f8-f7237f0eb223 received client-request: Request { kind: ReserveTicket, customer: 505a8eb0-9a7f-4ba9-a5f1-457e318e1564, server: None, raw: .. }
Reserved ticket 9648 for customer 505a8eb0-9a7f-4ba9-a5f1-457e318e1564
Server 799bb1b2-bd8f-49e2-81f8-f7237f0eb223 received client-request: Request { kind: ReserveTicket, customer: 0026f8a4-36da-4c6e-a227-1d5c2de39363, server: None, raw: .. }
Reserved ticket 9647 for customer 0026f8a4-36da-4c6e-a227-1d5c2de39363
Server 799bb1b2-bd8f-49e2-81f8-f7237f0eb223 received client-request: Request { kind: ReserveTicket, customer: c905c8e7-974c-46d4-b2c3-5d9b62321ae6, server: None, raw: .. }
Reserved ticket 9646 for customer c905c8e7-974c-46d4-b2c3-5d9b62321ae6
Server 799bb1b2-bd8f-49e2-81f8-f7237f0eb223 received client-request: Request { kind: ReserveTicket, customer: 3fe7c2f0-7c1f-476d-a6fa-c26c8af5c794, server: None, raw: .. }
Reserved ticket 9645 for customer 3fe7c2f0-7c1f-476d-a6fa-c26c8af5c794
Server 799bb1b2-bd8f-49e2-81f8-f7237f0eb223 received client-request: Request { kind: ReserveTicket, customer: fd6d3c64-4923-49a9-bacb-9ceb54fcf89f, server: None, raw: .. }
Reserved ticket 9644 for customer fd6d3c64-4923-49a9-bacb-9ceb54fcf89f
Server 799bb1b2-bd8f-49e2-81f8-f7237f0eb223 received client-request: Request { kind: ReserveTicket, customer: e3486b08-c73f-4804-aac3-776b9b5bacda, server: None, raw: .. }
Reserved ticket 9643 for customer e3486b08-c73f-4804-aac3-776b9b5bacda
Server 799bb1b2-bd8f-49e2-81f8-f7237f0eb223 received client-request: Request { kind: ReserveTicket, customer: 0e797b15-acd8-40bd-891c-a5a6b1292ae3, server: None, raw: .. }
Reserved ticket 9642 for customer 0e797b15-acd8-40bd-891c-a5a6b1292ae3
Server 799bb1b2-bd8f-49e2-81f8-f7237f0eb223 received client-request: Request { kind: ReserveTicket, customer: 94c32e69-3407-4093-b693-a45ec6eafe66, server: None, raw: .. }
Reserved ticket 9641 for customer 94c32e69-3407-4093-b693-a45ec6eafe66
Server 799bb1b2-bd8f-49e2-81f8-f7237f0eb223 received client-request: Request { kind: ReserveTicket, customer: 21989fb2-e782-44a3-9669-2d3121fdf9b1, server: None, raw: .. }
Reserved ticket 9640 for customer 21989fb2-e782-44a3-9669-2d3121fdf9b1
Server 799bb1b2-bd8f-49e2-81f8-f7237f0eb223 received client-request: Request { kind: ReserveTicket, customer: acdd7c8c-a533-4f5f-80ea-5100d95daa6f, server: None, raw: .. }
Reserved ticket 9639 for customer acdd7c8c-a533-4f5f-80ea-5100d95daa6f
Server 799bb1b2-bd8f-49e2-81f8-f7237f0eb223 received client-request: Request { kind: ReserveTicket, customer: bef8ce54-8866-4033-a4b8-b8fc94a2f68b, server: None, raw: .. }
Reserved ticket 9638 for customer bef8ce54-8866-4033-a4b8-b8fc94a2f68b
Server 799bb1b2-bd8f-49e2-81f8-f7237f0eb223 received client-request: Request { kind: ReserveTicket, customer: 25c0a6d1-ee0a-495c-9b87-1c679b41a930, server: None, raw: .. }
Reserved ticket 9637 for customer 25c0a6d1-ee0a-495c-9b87-1c679b41a930
Server 799bb1b2-bd8f-49e2-81f8-f7237f0eb223 received client-request: Request { kind: ReserveTicket, customer: 2bdd2d13-4cb8-4fb9-b0a9-b6d671a8fc1a, server: None, raw: .. }
Reserved ticket 9636 for customer 2bdd2d13-4cb8-4fb9-b0a9-b6d671a8fc1a
Server 799bb1b2-bd8f-49e2-81f8-f7237f0eb223 received client-request: Request { kind: ReserveTicket, customer: f0ea3857-0315-4087-8970-034a0210d92c, server: None, raw: .. }
Reserved ticket 9635 for customer f0ea3857-0315-4087-8970-034a0210d92c
Server 799bb1b2-bd8f-49e2-81f8-f7237f0eb223 received client-request: Request { kind: ReserveTicket, customer: 8af1aca1-9abd-4dec-a7d4-967f140d733d, server: None, raw: .. }
Reserved ticket 9634 for customer 8af1aca1-9abd-4dec-a7d4-967f140d733d
Server 799bb1b2-bd8f-49e2-81f8-f7237f0eb223 received client-request: Request { kind: ReserveTicket, customer: 6d6ecef7-e780-4258-984c-ceb680255409, server: None, raw: .. }
Reserved ticket 9633 for customer 6d6ecef7-e780-4258-984c-ceb680255409
Server 799bb1b2-bd8f-49e2-81f8-f7237f0eb223 received client-request: Request { kind: ReserveTicket, customer: 220f9d10-1483-4cab-983c-b0a9a18245c3, server: None, raw: .. }
Reserved ticket 9632 for customer 220f9d10-1483-4cab-983c-b0a9a18245c3
Server 799bb1b2-bd8f-49e2-81f8-f7237f0eb223 received client-request: Request { kind: ReserveTicket, customer: 4617f4fb-38ab-48e2-b444-ddf100634be3, server: None, raw: .. }
Reserved ticket 9631 for customer 4617f4fb-38ab-48e2-b444-ddf100634be3
Server 799bb1b2-bd8f-49e2-81f8-f7237f0eb223 received client-request: Request { kind: ReserveTicket, customer: 471b49dd-fc65-4607-8ea5-dfcec83b534f, server: None, raw: .. }
Reserved ticket 9630 for customer 471b49dd-fc65-4607-8ea5-dfcec83b534f
Server 65a51e17-fff5-4036-8b94-6db5de4d28d8 received client-request: Request { kind: ReserveTicket, customer: 16156844-adc3-4da9-b2c7-233adf67b70e, server: None, raw: .. }
Reserved ticket 9629 for customer 16156844-adc3-4da9-b2c7-233adf67b70e
Server 799bb1b2-bd8f-49e2-81f8-f7237f0eb223 received client-request: Request { kind: ReserveTicket, customer: 21e56486-2424-44f0-a522-a142b688d73f, server: None, raw: .. }
Reserved ticket 9628 for customer 21e56486-2424-44f0-a522-a142b688d73f
Server 799bb1b2-bd8f-49e2-81f8-f7237f0eb223 received client-request: Request { kind: ReserveTicket, customer: 129fed5e-a685-4859-886e-985517c10da5, server: None, raw: .. }
Reserved ticket 9627 for customer 129fed5e-a685-4859-886e-985517c10da5
Server 799bb1b2-bd8f-49e2-81f8-f7237f0eb223 received client-request: Request { kind: ReserveTicket, customer: 2c50fbd7-7bcd-48ff-9ec7-2d9e962f23a3, server: None, raw: .. }
Reserved ticket 9626 for customer 2c50fbd7-7bcd-48ff-9ec7-2d9e962f23a3
Server 799bb1b2-bd8f-49e2-81f8-f7237f0eb223 received client-request: Request { kind: ReserveTicket, customer: 7fec5323-a38f-4325-8c0f-58b954f8c9c3, server: None, raw: .. }
Reserved ticket 9625 for customer 7fec5323-a38f-4325-8c0f-58b954f8c9c3
Server 799bb1b2-bd8f-49e2-81f8-f7237f0eb223 received client-request: Request { kind: ReserveTicket, customer: 73124bf3-ddfc-4d9f-b02a-bc290e48c001, server: None, raw: .. }
Reserved ticket 9624 for customer 73124bf3-ddfc-4d9f-b02a-bc290e48c001
Server 799bb1b2-bd8f-49e2-81f8-f7237f0eb223 received client-request: Request { kind: ReserveTicket, customer: e7769756-ea49-481a-aed5-c489ae16a182, server: None, raw: .. }
Reserved ticket 9623 for customer e7769756-ea49-481a-aed5-c489ae16a182
Server 799bb1b2-bd8f-49e2-81f8-f7237f0eb223 received client-request: Request { kind: ReserveTicket, customer: ca325937-30cf-44c6-9b9b-d874fbbcaf99, server: None, raw: .. }
Reserved ticket 9622 for customer ca325937-30cf-44c6-9b9b-d874fbbcaf99
Server 799bb1b2-bd8f-49e2-81f8-f7237f0eb223 received client-request: Request { kind: ReserveTicket, customer: c39bbfea-b379-4117-a378-1d8be6f86ba8, server: None, raw: .. }
Reserved ticket 9621 for customer c39bbfea-b379-4117-a378-1d8be6f86ba8
Server 799bb1b2-bd8f-49e2-81f8-f7237f0eb223 received client-request: Request { kind: ReserveTicket, customer: eb34965b-2708-471f-b631-b4dc873f95a9, server: None, raw: .. }
Reserved ticket 9620 for customer eb34965b-2708-471f-b631-b4dc873f95a9
Server 799bb1b2-bd8f-49e2-81f8-f7237f0eb223 received client-request: Request { kind: ReserveTicket, customer: d27687a3-7166-48d8-85dc-5f22ad2d6970, server: None, raw: .. }
Reserved ticket 9619 for customer d27687a3-7166-48d8-85dc-5f22ad2d6970
Server 799bb1b2-bd8f-49e2-81f8-f7237f0eb223 received client-request: Request { kind: ReserveTicket, customer: a6373e14-9b81-4a02-8b82-255ffb2ad386, server: None, raw: .. }
Reserved ticket 9618 for customer a6373e14-9b81-4a02-8b82-255ffb2ad386
Server 799bb1b2-bd8f-49e2-81f8-f7237f0eb223 received client-request: Request { kind: ReserveTicket, customer: 9cf710f2-7a2c-4de8-9898-c2d859fdc542, server: None, raw: .. }
Reserved ticket 9617 for customer 9cf710f2-7a2c-4de8-9898-c2d859fdc542
Server 799bb1b2-bd8f-49e2-81f8-f7237f0eb223 received client-request: Request { kind: ReserveTicket, customer: e5876fae-cbf4-4783-a020-db15fb262d72, server: None, raw: .. }
Reserved ticket 9616 for customer e5876fae-cbf4-4783-a020-db15fb262d72
Server 799bb1b2-bd8f-49e2-81f8-f7237f0eb223 received client-request: Request { kind: ReserveTicket, customer: 68e1f5fd-a3f6-4b45-afcf-7db4650f0d63, server: None, raw: .. }
Reserved ticket 9615 for customer 68e1f5fd-a3f6-4b45-afcf-7db4650f0d63
Server 799bb1b2-bd8f-49e2-81f8-f7237f0eb223 received client-request: Request { kind: ReserveTicket, customer: 60ca4e4f-7e75-4729-bae5-a59dc234afd0, server: None, raw: .. }
Reserved ticket 9614 for customer 60ca4e4f-7e75-4729-bae5-a59dc234afd0
Server 799bb1b2-bd8f-49e2-81f8-f7237f0eb223 received client-request: Request { kind: ReserveTicket, customer: 4b8b9b43-7f1f-4c05-acd4-dcf70c59bec2, server: None, raw: .. }
Reserved ticket 9613 for customer 4b8b9b43-7f1f-4c05-acd4-dcf70c59bec2
Server 799bb1b2-bd8f-49e2-81f8-f7237f0eb223 received client-request: Request { kind: ReserveTicket, customer: 77d608d4-a380-43d3-827a-8f486da0e8db, server: None, raw: .. }
Reserved ticket 9612 for customer 77d608d4-a380-43d3-827a-8f486da0e8db
Server 799bb1b2-bd8f-49e2-81f8-f7237f0eb223 received client-request: Request { kind: ReserveTicket, customer: 34c56bbf-67c1-4e18-9709-95457d1ae3af, server: None, raw: .. }
Reserved ticket 9611 for customer 34c56bbf-67c1-4e18-9709-95457d1ae3af
Server 799bb1b2-bd8f-49e2-81f8-f7237f0eb223 received client-request: Request { kind: ReserveTicket, customer: 394bd605-83ab-41e9-b731-858253858a5f, server: None, raw: .. }
Reserved ticket 9610 for customer 394bd605-83ab-41e9-b731-858253858a5f
Server 65a51e17-fff5-4036-8b94-6db5de4d28d8 received client-request: Request { kind: ReserveTicket, customer: 7d12c4d2-3ad1-4ef2-9c86-29292026a483, server: None, raw: .. }
Reserved ticket 9609 for customer 7d12c4d2-3ad1-4ef2-9c86-29292026a483
Server 799bb1b2-bd8f-49e2-81f8-f7237f0eb223 received client-request: Request { kind: ReserveTicket, customer: aa59ee81-8c21-4c9e-b338-75eaebd21557, server: None, raw: .. }
Reserved ticket 9608 for customer aa59ee81-8c21-4c9e-b338-75eaebd21557
Server 799bb1b2-bd8f-49e2-81f8-f7237f0eb223 received client-request: Request { kind: ReserveTicket, customer: a74e9dfd-a5bf-49ea-bd5c-b09a3081ad98, server: None, raw: .. }
Reserved ticket 9607 for customer a74e9dfd-a5bf-49ea-bd5c-b09a3081ad98
Server 799bb1b2-bd8f-49e2-81f8-f7237f0eb223 received client-request: Request { kind: ReserveTicket, customer: c82d7655-a790-4045-b6b8-e54da7e1351f, server: None, raw: .. }
Reserved ticket 9606 for customer c82d7655-a790-4045-b6b8-e54da7e1351f
Server 799bb1b2-bd8f-49e2-81f8-f7237f0eb223 received client-request: Request { kind: ReserveTicket, customer: d318025a-89ec-4641-b1af-76c653f0393e, server: None, raw: .. }
Reserved ticket 9605 for customer d318025a-89ec-4641-b1af-76c653f0393e
Server 799bb1b2-bd8f-49e2-81f8-f7237f0eb223 received client-request: Request { kind: ReserveTicket, customer: 0fd20190-1a4d-4aba-b9c4-ac993e95adfe, server: None, raw: .. }
Reserved ticket 9604 for customer 0fd20190-1a4d-4aba-b9c4-ac993e95adfe
Server 799bb1b2-bd8f-49e2-81f8-f7237f0eb223 received client-request: Request { kind: ReserveTicket, customer: af303dc8-fc1b-444d-b08a-eef0effa8272, server: None, raw: .. }
Reserved ticket 9603 for customer af303dc8-fc1b-444d-b08a-eef0effa8272
Server 799bb1b2-bd8f-49e2-81f8-f7237f0eb223 received client-request: Request { kind: ReserveTicket, customer: b599ede6-e7e8-481f-978e-2b5fb7d2f3b4, server: None, raw: .. }
Reserved ticket 9602 for customer b599ede6-e7e8-481f-978e-2b5fb7d2f3b4
Server 799bb1b2-bd8f-49e2-81f8-f7237f0eb223 received client-request: Request { kind: ReserveTicket, customer: 59e27cb9-9135-4839-bd37-c9723eb1e87c, server: None, raw: .. }
Reserved ticket 9601 for customer 59e27cb9-9135-4839-bd37-c9723eb1e87c
Server 799bb1b2-bd8f-49e2-81f8-f7237f0eb223 received client-request: Request { kind: ReserveTicket, customer: c703d2a5-5b22-4eba-a57d-2ad12c7ffc89, server: None, raw: .. }
Reserved ticket 9600 for customer c703d2a5-5b22-4eba-a57d-2ad12c7ffc89
Server 799bb1b2-bd8f-49e2-81f8-f7237f0eb223 received client-request: Request { kind: ReserveTicket, customer: 7d410404-ed65-46ab-97a0-16680225ff93, server: None, raw: .. }
Reserved ticket 9599 for customer 7d410404-ed65-46ab-97a0-16680225ff93
Server 799bb1b2-bd8f-49e2-81f8-f7237f0eb223 received client-request: Request { kind: ReserveTicket, customer: 5d57e8f0-c748-4964-bd42-3a398a4bbc05, server: None, raw: .. }
Reserved ticket 9598 for customer 5d57e8f0-c748-4964-bd42-3a398a4bbc05
Server 799bb1b2-bd8f-49e2-81f8-f7237f0eb223 received client-request: Request { kind: ReserveTicket, customer: 0d7b6c06-81e6-4a52-9f6b-6811c1ff3a69, server: None, raw: .. }
Reserved ticket 9597 for customer 0d7b6c06-81e6-4a52-9f6b-6811c1ff3a69
Server 799bb1b2-bd8f-49e2-81f8-f7237f0eb223 received client-request: Request { kind: ReserveTicket, customer: e22ac69d-708a-447c-ac54-92d37d04e8e0, server: None, raw: .. }
Reserved ticket 9596 for customer e22ac69d-708a-447c-ac54-92d37d04e8e0
Server 799bb1b2-bd8f-49e2-81f8-f7237f0eb223 received client-request: Request { kind: ReserveTicket, customer: fad1cada-0cf9-441d-a540-c0acdfbd32a6, server: None, raw: .. }
Reserved ticket 9595 for customer fad1cada-0cf9-441d-a540-c0acdfbd32a6
Server 799bb1b2-bd8f-49e2-81f8-f7237f0eb223 received client-request: Request { kind: ReserveTicket, customer: a56a1303-e653-4096-a1f8-f1f0b2f034df, server: None, raw: .. }
Reserved ticket 9594 for customer a56a1303-e653-4096-a1f8-f1f0b2f034df
Server 799bb1b2-bd8f-49e2-81f8-f7237f0eb223 received client-request: Request { kind: ReserveTicket, customer: b9ae3773-5bd1-4201-b70c-bba3bec867fc, server: None, raw: .. }
Reserved ticket 9593 for customer b9ae3773-5bd1-4201-b70c-bba3bec867fc
Server 799bb1b2-bd8f-49e2-81f8-f7237f0eb223 received client-request: Request { kind: ReserveTicket, customer: 8ac43468-f834-41e4-9c52-b5370bf2183c, server: None, raw: .. }
Reserved ticket 9592 for customer 8ac43468-f834-41e4-9c52-b5370bf2183c
Server 799bb1b2-bd8f-49e2-81f8-f7237f0eb223 received client-request: Request { kind: ReserveTicket, customer: ca3a8e0f-7f8f-4b92-b57b-bac428e8e9c3, server: None, raw: .. }
Reserved ticket 9591 for customer ca3a8e0f-7f8f-4b92-b57b-bac428e8e9c3
Server 799bb1b2-bd8f-49e2-81f8-f7237f0eb223 received client-request: Request { kind: ReserveTicket, customer: 3100707d-bdc9-4b24-8f25-8fb81322c6bb, server: None, raw: .. }
Reserved ticket 9590 for customer 3100707d-bdc9-4b24-8f25-8fb81322c6bb
Server 65a51e17-fff5-4036-8b94-6db5de4d28d8 received client-request: Request { kind: ReserveTicket, customer: 209b0146-401d-470b-a86d-03a5d5f8d8e6, server: None, raw: .. }
Reserved ticket 9589 for customer 209b0146-401d-470b-a86d-03a5d5f8d8e6
Server 799bb1b2-bd8f-49e2-81f8-f7237f0eb223 received client-request: Request { kind: ReserveTicket, customer: b2a87f85-1152-4f96-b03c-a2250f596b9d, server: None, raw: .. }
Reserved ticket 9588 for customer b2a87f85-1152-4f96-b03c-a2250f596b9d
Server 799bb1b2-bd8f-49e2-81f8-f7237f0eb223 received client-request: Request { kind: ReserveTicket, customer: e4ddb11b-3ad3-4d2e-b713-19307c40250e, server: None, raw: .. }
Reserved ticket 9587 for customer e4ddb11b-3ad3-4d2e-b713-19307c40250e
Server 799bb1b2-bd8f-49e2-81f8-f7237f0eb223 received client-request: Request { kind: ReserveTicket, customer: 7a8e9140-0839-490f-b827-cb9867feb1b7, server: None, raw: .. }
Reserved ticket 9586 for customer 7a8e9140-0839-490f-b827-cb9867feb1b7
Server 799bb1b2-bd8f-49e2-81f8-f7237f0eb223 received client-request: Request { kind: ReserveTicket, customer: b52f340f-add0-4240-9b9f-a633a1bc22cb, server: None, raw: .. }
Reserved ticket 9585 for customer b52f340f-add0-4240-9b9f-a633a1bc22cb
Server 799bb1b2-bd8f-49e2-81f8-f7237f0eb223 received client-request: Request { kind: ReserveTicket, customer: 36c2d159-0501-4b23-97d7-cddbe2c76e37, server: None, raw: .. }
Reserved ticket 9584 for customer 36c2d159-0501-4b23-97d7-cddbe2c76e37
Server 799bb1b2-bd8f-49e2-81f8-f7237f0eb223 received client-request: Request { kind: ReserveTicket, customer: b4dbb685-b8b1-436e-b1a1-53030cbd8a90, server: None, raw: .. }
Reserved ticket 9583 for customer b4dbb685-b8b1-436e-b1a1-53030cbd8a90
Server 799bb1b2-bd8f-49e2-81f8-f7237f0eb223 received client-request: Request { kind: ReserveTicket, customer: f0b3f84e-5ded-4e8b-b413-4065e5d7f152, server: None, raw: .. }
Reserved ticket 9582 for customer f0b3f84e-5ded-4e8b-b413-4065e5d7f152
Server 799bb1b2-bd8f-49e2-81f8-f7237f0eb223 received client-request: Request { kind: ReserveTicket, customer: 01a05719-23e3-4e5f-b2dd-0bb5e0aee280, server: None, raw: .. }
Reserved ticket 9581 for customer 01a05719-23e3-4e5f-b2dd-0bb5e0aee280
Server 799bb1b2-bd8f-49e2-81f8-f7237f0eb223 received client-request: Request { kind: ReserveTicket, customer: b83686c6-2726-4d8d-9de8-c29ae07f3af9, server: None, raw: .. }
Reserved ticket 9580 for customer b83686c6-2726-4d8d-9de8-c29ae07f3af9
Server 799bb1b2-bd8f-49e2-81f8-f7237f0eb223 received client-request: Request { kind: ReserveTicket, customer: e2477c08-d99f-4bfe-ac32-d16ef76f54f8, server: None, raw: .. }
Reserved ticket 9579 for customer e2477c08-d99f-4bfe-ac32-d16ef76f54f8
Server 799bb1b2-bd8f-49e2-81f8-f7237f0eb223 received client-request: Request { kind: ReserveTicket, customer: cd6863bf-ad46-425c-b416-89f0a74928ad, server: None, raw: .. }
Reserved ticket 9578 for customer cd6863bf-ad46-425c-b416-89f0a74928ad
Server 799bb1b2-bd8f-49e2-81f8-f7237f0eb223 received client-request: Request { kind: ReserveTicket, customer: 1c89e3a8-bfb1-40c8-859b-a711e31d2f38, server: None, raw: .. }
Reserved ticket 9577 for customer 1c89e3a8-bfb1-40c8-859b-a711e31d2f38
Server 799bb1b2-bd8f-49e2-81f8-f7237f0eb223 received client-request: Request { kind: ReserveTicket, customer: 010af508-661f-4bde-9c14-a1c56e6b6280, server: None, raw: .. }
Reserved ticket 9576 for customer 010af508-661f-4bde-9c14-a1c56e6b6280
Server 799bb1b2-bd8f-49e2-81f8-f7237f0eb223 received client-request: Request { kind: ReserveTicket, customer: a039bef1-8edf-4149-8f0a-5611131195bc, server: None, raw: .. }
Reserved ticket 9575 for customer a039bef1-8edf-4149-8f0a-5611131195bc
Server 799bb1b2-bd8f-49e2-81f8-f7237f0eb223 received client-request: Request { kind: ReserveTicket, customer: f1b50c3d-5563-4e09-877b-415178b2956e, server: None, raw: .. }
Reserved ticket 9574 for customer f1b50c3d-5563-4e09-877b-415178b2956e
Server 799bb1b2-bd8f-49e2-81f8-f7237f0eb223 received client-request: Request { kind: ReserveTicket, customer: 3ff60d85-18b6-427a-a96c-a6e15996a635, server: None, raw: .. }
Reserved ticket 9573 for customer 3ff60d85-18b6-427a-a96c-a6e15996a635
Server 799bb1b2-bd8f-49e2-81f8-f7237f0eb223 received client-request: Request { kind: ReserveTicket, customer: 0da8e06b-ae7e-4b7a-8a63-400c218e2504, server: None, raw: .. }
Reserved ticket 9572 for customer 0da8e06b-ae7e-4b7a-8a63-400c218e2504
Server 799bb1b2-bd8f-49e2-81f8-f7237f0eb223 received client-request: Request { kind: ReserveTicket, customer: 855e44f3-7e0d-40b6-938a-4daaff429102, server: None, raw: .. }
Reserved ticket 9571 for customer 855e44f3-7e0d-40b6-938a-4daaff429102
Server 799bb1b2-bd8f-49e2-81f8-f7237f0eb223 received client-request: Request { kind: ReserveTicket, customer: 1688dbd3-5c64-493e-a019-3f4ecfc46784, server: None, raw: .. }
Reserved ticket 9570 for customer 1688dbd3-5c64-493e-a019-3f4ecfc46784
Server 65a51e17-fff5-4036-8b94-6db5de4d28d8 received client-request: Request { kind: ReserveTicket, customer: 622cec33-d5f3-4c09-9444-8a31ac2a902e, server: None, raw: .. }
Reserved ticket 9569 for customer 622cec33-d5f3-4c09-9444-8a31ac2a902e
Server 799bb1b2-bd8f-49e2-81f8-f7237f0eb223 received client-request: Request { kind: ReserveTicket, customer: 51b00ce3-5dd2-41e8-8b3a-8818d2431449, server: None, raw: .. }
Reserved ticket 9568 for customer 51b00ce3-5dd2-41e8-8b3a-8818d2431449
Server 799bb1b2-bd8f-49e2-81f8-f7237f0eb223 received client-request: Request { kind: ReserveTicket, customer: becf97fc-c743-4d33-85a9-87444a528c8e, server: None, raw: .. }
Reserved ticket 9567 for customer becf97fc-c743-4d33-85a9-87444a528c8e
Server 799bb1b2-bd8f-49e2-81f8-f7237f0eb223 received client-request: Request { kind: ReserveTicket, customer: af2304ff-ceaa-4785-869f-cdcdf32fe785, server: None, raw: .. }
Reserved ticket 9566 for customer af2304ff-ceaa-4785-869f-cdcdf32fe785
Server 799bb1b2-bd8f-49e2-81f8-f7237f0eb223 received client-request: Request { kind: ReserveTicket, customer: 05d85738-cbe0-42fb-84a7-c8b7f746617a, server: None, raw: .. }
Reserved ticket 9565 for customer 05d85738-cbe0-42fb-84a7-c8b7f746617a
Server 799bb1b2-bd8f-49e2-81f8-f7237f0eb223 received client-request: Request { kind: ReserveTicket, customer: ceff6b24-5d8a-492b-97b1-65ddf00e5fd0, server: None, raw: .. }
Reserved ticket 9564 for customer ceff6b24-5d8a-492b-97b1-65ddf00e5fd0
Server 799bb1b2-bd8f-49e2-81f8-f7237f0eb223 received client-request: Request { kind: ReserveTicket, customer: 7ad0ddfe-92d1-44bb-8e15-8865000f8864, server: None, raw: .. }
Reserved ticket 9563 for customer 7ad0ddfe-92d1-44bb-8e15-8865000f8864
Server 799bb1b2-bd8f-49e2-81f8-f7237f0eb223 received client-request: Request { kind: ReserveTicket, customer: dd08629f-c38a-4aa9-a4d6-a7ab58179661, server: None, raw: .. }
Reserved ticket 9562 for customer dd08629f-c38a-4aa9-a4d6-a7ab58179661
Server 799bb1b2-bd8f-49e2-81f8-f7237f0eb223 received client-request: Request { kind: ReserveTicket, customer: 29e54c84-ab98-4742-bd20-c1ac037eaebd, server: None, raw: .. }
Reserved ticket 9561 for customer 29e54c84-ab98-4742-bd20-c1ac037eaebd
Server 799bb1b2-bd8f-49e2-81f8-f7237f0eb223 received client-request: Request { kind: ReserveTicket, customer: b389704a-5013-4147-bc4f-b3f32356d984, server: None, raw: .. }
Reserved ticket 9560 for customer b389704a-5013-4147-bc4f-b3f32356d984
Server 799bb1b2-bd8f-49e2-81f8-f7237f0eb223 received client-request: Request { kind: ReserveTicket, customer: 058aa181-04e0-43f4-a5b5-19404afc74a4, server: None, raw: .. }
Reserved ticket 9559 for customer 058aa181-04e0-43f4-a5b5-19404afc74a4
Server 799bb1b2-bd8f-49e2-81f8-f7237f0eb223 received client-request: Request { kind: ReserveTicket, customer: 92ad6d22-05bc-4ffb-bc6d-eb367de325a3, server: None, raw: .. }
Reserved ticket 9558 for customer 92ad6d22-05bc-4ffb-bc6d-eb367de325a3
Server 799bb1b2-bd8f-49e2-81f8-f7237f0eb223 received client-request: Request { kind: ReserveTicket, customer: 10557bfd-30df-4cbb-88f4-e2c7796037db, server: None, raw: .. }
Reserved ticket 9557 for customer 10557bfd-30df-4cbb-88f4-e2c7796037db
Server 799bb1b2-bd8f-49e2-81f8-f7237f0eb223 received client-request: Request { kind: ReserveTicket, customer: 2af427fd-ce89-4068-8862-be9383ec4b32, server: None, raw: .. }
Reserved ticket 9556 for customer 2af427fd-ce89-4068-8862-be9383ec4b32
Server 799bb1b2-bd8f-49e2-81f8-f7237f0eb223 received client-request: Request { kind: ReserveTicket, customer: 82f854d2-3d1e-47b8-811f-174daef9999d, server: None, raw: .. }
Reserved ticket 9555 for customer 82f854d2-3d1e-47b8-811f-174daef9999d
Server 799bb1b2-bd8f-49e2-81f8-f7237f0eb223 received client-request: Request { kind: ReserveTicket, customer: 510771fb-1e9f-49c6-9a14-7bdab63ff271, server: None, raw: .. }
Reserved ticket 9554 for customer 510771fb-1e9f-49c6-9a14-7bdab63ff271
Server 799bb1b2-bd8f-49e2-81f8-f7237f0eb223 received client-request: Request { kind: ReserveTicket, customer: 508e1927-5f43-4fa5-9fc5-c926ab74cc08, server: None, raw: .. }
Reserved ticket 9553 for customer 508e1927-5f43-4fa5-9fc5-c926ab74cc08
Server 799bb1b2-bd8f-49e2-81f8-f7237f0eb223 received client-request: Request { kind: ReserveTicket, customer: b3d8b9e7-211d-4011-bada-c28db2af8cd2, server: None, raw: .. }
Reserved ticket 9552 for customer b3d8b9e7-211d-4011-bada-c28db2af8cd2
Server 799bb1b2-bd8f-49e2-81f8-f7237f0eb223 received client-request: Request { kind: ReserveTicket, customer: 19291312-41f8-4d08-b79d-69fcf928bbfd, server: None, raw: .. }
Reserved ticket 9551 for customer 19291312-41f8-4d08-b79d-69fcf928bbfd
Server 799bb1b2-bd8f-49e2-81f8-f7237f0eb223 received client-request: Request { kind: ReserveTicket, customer: dc3cd812-e728-4419-b868-5c9c3b8ffdeb, server: None, raw: .. }
Reserved ticket 9550 for customer dc3cd812-e728-4419-b868-5c9c3b8ffdeb
Server 65a51e17-fff5-4036-8b94-6db5de4d28d8 received client-request: Request { kind: ReserveTicket, customer: f36f5c8d-e64f-4002-8eda-a4b498677ff3, server: None, raw: .. }
Reserved ticket 9549 for customer f36f5c8d-e64f-4002-8eda-a4b498677ff3
Server 799bb1b2-bd8f-49e2-81f8-f7237f0eb223 received client-request: Request { kind: ReserveTicket, customer: 6c237dab-3c6a-4367-a32b-94d2b587b284, server: None, raw: .. }
Reserved ticket 9548 for customer 6c237dab-3c6a-4367-a32b-94d2b587b284
Server 799bb1b2-bd8f-49e2-81f8-f7237f0eb223 received client-request: Request { kind: ReserveTicket, customer: a8523662-ae3e-4624-a800-847786be6f6f, server: None, raw: .. }
Reserved ticket 9547 for customer a8523662-ae3e-4624-a800-847786be6f6f
Server 799bb1b2-bd8f-49e2-81f8-f7237f0eb223 received client-request: Request { kind: ReserveTicket, customer: 64b600e4-dcfb-4d17-b3df-52abafe08a93, server: None, raw: .. }
Reserved ticket 9546 for customer 64b600e4-dcfb-4d17-b3df-52abafe08a93
Server 799bb1b2-bd8f-49e2-81f8-f7237f0eb223 received client-request: Request { kind: ReserveTicket, customer: 344d8567-63e6-4f30-9d28-efc28e85fdc3, server: None, raw: .. }
Reserved ticket 9545 for customer 344d8567-63e6-4f30-9d28-efc28e85fdc3
Server 799bb1b2-bd8f-49e2-81f8-f7237f0eb223 received client-request: Request { kind: ReserveTicket, customer: e2830bd4-8f72-4854-88d1-98cec6063eae, server: None, raw: .. }
Reserved ticket 9544 for customer e2830bd4-8f72-4854-88d1-98cec6063eae
Server 799bb1b2-bd8f-49e2-81f8-f7237f0eb223 received client-request: Request { kind: ReserveTicket, customer: 3b8ba135-c2c9-474e-ad01-86e2fce80712, server: None, raw: .. }
Reserved ticket 9543 for customer 3b8ba135-c2c9-474e-ad01-86e2fce80712
Server 799bb1b2-bd8f-49e2-81f8-f7237f0eb223 received client-request: Request { kind: ReserveTicket, customer: 187efb09-fce8-4929-92ec-609733eb4cf4, server: None, raw: .. }
Reserved ticket 9542 for customer 187efb09-fce8-4929-92ec-609733eb4cf4
Server 799bb1b2-bd8f-49e2-81f8-f7237f0eb223 received client-request: Request { kind: ReserveTicket, customer: 6af3b7de-d28e-4e4c-a525-9af34cf61f1e, server: None, raw: .. }
Reserved ticket 9541 for customer 6af3b7de-d28e-4e4c-a525-9af34cf61f1e
Server 799bb1b2-bd8f-49e2-81f8-f7237f0eb223 received client-request: Request { kind: ReserveTicket, customer: 8e20b67a-b0d4-4bd3-abb1-a51c739ddad7, server: None, raw: .. }
Reserved ticket 9540 for customer 8e20b67a-b0d4-4bd3-abb1-a51c739ddad7
Server 799bb1b2-bd8f-49e2-81f8-f7237f0eb223 received client-request: Request { kind: ReserveTicket, customer: fafbcae6-9113-4d57-871a-5e6993c51572, server: None, raw: .. }
Reserved ticket 9539 for customer fafbcae6-9113-4d57-871a-5e6993c51572
Server 799bb1b2-bd8f-49e2-81f8-f7237f0eb223 received client-request: Request { kind: ReserveTicket, customer: ddd37cd6-d5ff-43ed-9cea-c6db7545bdad, server: None, raw: .. }
Reserved ticket 9538 for customer ddd37cd6-d5ff-43ed-9cea-c6db7545bdad
Server 799bb1b2-bd8f-49e2-81f8-f7237f0eb223 received client-request: Request { kind: ReserveTicket, customer: 6f50fbea-6528-4557-a66b-313772781dfb, server: None, raw: .. }
Reserved ticket 9537 for customer 6f50fbea-6528-4557-a66b-313772781dfb
Server 799bb1b2-bd8f-49e2-81f8-f7237f0eb223 received client-request: Request { kind: ReserveTicket, customer: 69c3633f-14a3-444a-a184-19a407f226ca, server: None, raw: .. }
Reserved ticket 9536 for customer 69c3633f-14a3-444a-a184-19a407f226ca
Server 799bb1b2-bd8f-49e2-81f8-f7237f0eb223 received client-request: Request { kind: ReserveTicket, customer: 2d37eb90-7ef9-454d-a20f-97dbf1f9b9fb, server: None, raw: .. }
Reserved ticket 9535 for customer 2d37eb90-7ef9-454d-a20f-97dbf1f9b9fb
Server 799bb1b2-bd8f-49e2-81f8-f7237f0eb223 received client-request: Request { kind: ReserveTicket, customer: 35c7c2c1-26d0-4340-9dad-79f2012c4646, server: None, raw: .. }
Reserved ticket 9534 for customer 35c7c2c1-26d0-4340-9dad-79f2012c4646
Server 799bb1b2-bd8f-49e2-81f8-f7237f0eb223 received client-request: Request { kind: ReserveTicket, customer: a2b98608-411c-4f8a-b13f-082d1547f569, server: None, raw: .. }
Reserved ticket 9533 for customer a2b98608-411c-4f8a-b13f-082d1547f569
Server 799bb1b2-bd8f-49e2-81f8-f7237f0eb223 received client-request: Request { kind: ReserveTicket, customer: 6011908b-c695-44a4-a39d-4ef8e7bc2517, server: None, raw: .. }
Reserved ticket 9532 for customer 6011908b-c695-44a4-a39d-4ef8e7bc2517
Server 799bb1b2-bd8f-49e2-81f8-f7237f0eb223 received client-request: Request { kind: ReserveTicket, customer: 571f92f0-9899-41cf-86b6-f0a0287b16eb, server: None, raw: .. }
Reserved ticket 9531 for customer 571f92f0-9899-41cf-86b6-f0a0287b16eb
Server 799bb1b2-bd8f-49e2-81f8-f7237f0eb223 received client-request: Request { kind: ReserveTicket, customer: 310d8fee-8def-4504-a63c-609a9ac1dd36, server: None, raw: .. }
Reserved ticket 9530 for customer 310d8fee-8def-4504-a63c-609a9ac1dd36
Server 65a51e17-fff5-4036-8b94-6db5de4d28d8 received client-request: Request { kind: ReserveTicket, customer: a213ef1e-e67f-4032-9dca-e8e87ab66543, server: None, raw: .. }
Reserved ticket 9529 for customer a213ef1e-e67f-4032-9dca-e8e87ab66543
Server 799bb1b2-bd8f-49e2-81f8-f7237f0eb223 received client-request: Request { kind: ReserveTicket, customer: 60211fe0-a492-446d-893b-3c909e912d07, server: None, raw: .. }
Reserved ticket 9528 for customer 60211fe0-a492-446d-893b-3c909e912d07
Server 799bb1b2-bd8f-49e2-81f8-f7237f0eb223 received client-request: Request { kind: ReserveTicket, customer: 9c2107ab-a0cb-4063-b25e-9b122c8fcf9b, server: None, raw: .. }
Reserved ticket 9527 for customer 9c2107ab-a0cb-4063-b25e-9b122c8fcf9b
Server 799bb1b2-bd8f-49e2-81f8-f7237f0eb223 received client-request: Request { kind: ReserveTicket, customer: ae9efa12-e244-457c-a305-a7ed4414bc9e, server: None, raw: .. }
Reserved ticket 9526 for customer ae9efa12-e244-457c-a305-a7ed4414bc9e
Server 799bb1b2-bd8f-49e2-81f8-f7237f0eb223 received client-request: Request { kind: ReserveTicket, customer: 17b10885-4473-4196-a4e6-50f0a17c4b2a, server: None, raw: .. }
Reserved ticket 9525 for customer 17b10885-4473-4196-a4e6-50f0a17c4b2a
Server 799bb1b2-bd8f-49e2-81f8-f7237f0eb223 received client-request: Request { kind: ReserveTicket, customer: fa7e1bd8-796a-4e08-8679-4b7b88c91582, server: None, raw: .. }
Reserved ticket 9524 for customer fa7e1bd8-796a-4e08-8679-4b7b88c91582
Server 799bb1b2-bd8f-49e2-81f8-f7237f0eb223 received client-request: Request { kind: ReserveTicket, customer: 4e2232e2-3349-4266-b317-de556f755c38, server: None, raw: .. }
Reserved ticket 9523 for customer 4e2232e2-3349-4266-b317-de556f755c38
Server 799bb1b2-bd8f-49e2-81f8-f7237f0eb223 received client-request: Request { kind: ReserveTicket, customer: 9f4dd0bf-b938-441f-9f57-2f28c62208f4, server: None, raw: .. }
Reserved ticket 9522 for customer 9f4dd0bf-b938-441f-9f57-2f28c62208f4
Server 799bb1b2-bd8f-49e2-81f8-f7237f0eb223 received client-request: Request { kind: ReserveTicket, customer: bdba3792-101d-451e-ae14-ffa6e6b48d87, server: None, raw: .. }
Reserved ticket 9521 for customer bdba3792-101d-451e-ae14-ffa6e6b48d87
Server 799bb1b2-bd8f-49e2-81f8-f7237f0eb223 received client-request: Request { kind: ReserveTicket, customer: 7bcb0bef-f124-43d5-95a9-52e8b0fdb52f, server: None, raw: .. }
Reserved ticket 9520 for customer 7bcb0bef-f124-43d5-95a9-52e8b0fdb52f
Server 799bb1b2-bd8f-49e2-81f8-f7237f0eb223 received client-request: Request { kind: ReserveTicket, customer: a8e66490-3453-4100-89bb-e260032ff571, server: None, raw: .. }
Reserved ticket 9519 for customer a8e66490-3453-4100-89bb-e260032ff571
Server 799bb1b2-bd8f-49e2-81f8-f7237f0eb223 received client-request: Request { kind: ReserveTicket, customer: 3cede2c8-02e2-42da-9eed-de7717d8279a, server: None, raw: .. }
Reserved ticket 9518 for customer 3cede2c8-02e2-42da-9eed-de7717d8279a
Server 799bb1b2-bd8f-49e2-81f8-f7237f0eb223 received client-request: Request { kind: ReserveTicket, customer: 03879b86-e873-4185-9d30-5391c80d5a17, server: None, raw: .. }
Reserved ticket 9517 for customer 03879b86-e873-4185-9d30-5391c80d5a17
Server 799bb1b2-bd8f-49e2-81f8-f7237f0eb223 received client-request: Request { kind: ReserveTicket, customer: 4bdd228d-57c1-40aa-ac76-450dd168318f, server: None, raw: .. }
Reserved ticket 9516 for customer 4bdd228d-57c1-40aa-ac76-450dd168318f
Server 799bb1b2-bd8f-49e2-81f8-f7237f0eb223 received client-request: Request { kind: ReserveTicket, customer: dcf08e6c-635f-4232-b3c6-4c513725cacf, server: None, raw: .. }
Reserved ticket 9515 for customer dcf08e6c-635f-4232-b3c6-4c513725cacf
Server 799bb1b2-bd8f-49e2-81f8-f7237f0eb223 received client-request: Request { kind: ReserveTicket, customer: 67dbe8e0-c814-4735-acf9-c9ae8547440c, server: None, raw: .. }
Reserved ticket 9514 for customer 67dbe8e0-c814-4735-acf9-c9ae8547440c
Server 799bb1b2-bd8f-49e2-81f8-f7237f0eb223 received client-request: Request { kind: ReserveTicket, customer: 27686003-83f3-410b-af8f-6295bf665ce6, server: None, raw: .. }
Reserved ticket 9513 for customer 27686003-83f3-410b-af8f-6295bf665ce6
Server 799bb1b2-bd8f-49e2-81f8-f7237f0eb223 received client-request: Request { kind: ReserveTicket, customer: fbc5d54f-f472-4f12-882f-236ea8e7de98, server: None, raw: .. }
Reserved ticket 9512 for customer fbc5d54f-f472-4f12-882f-236ea8e7de98
Server 799bb1b2-bd8f-49e2-81f8-f7237f0eb223 received client-request: Request { kind: ReserveTicket, customer: 06ed5c8c-b374-4411-ab03-5dff9a70d373, server: None, raw: .. }
Reserved ticket 9511 for customer 06ed5c8c-b374-4411-ab03-5dff9a70d373
Server 799bb1b2-bd8f-49e2-81f8-f7237f0eb223 received client-request: Request { kind: ReserveTicket, customer: 1242dd19-6438-4bff-bcb7-4d80eb424aaf, server: None, raw: .. }
Reserved ticket 9510 for customer 1242dd19-6438-4bff-bcb7-4d80eb424aaf
Server 65a51e17-fff5-4036-8b94-6db5de4d28d8 received client-request: Request { kind: ReserveTicket, customer: 11ad69b8-451c-4e05-8982-85e03fab3644, server: None, raw: .. }
Reserved ticket 9509 for customer 11ad69b8-451c-4e05-8982-85e03fab3644
Server 799bb1b2-bd8f-49e2-81f8-f7237f0eb223 received client-request: Request { kind: ReserveTicket, customer: 34ec9947-6412-43dd-af0f-0fb93205dfce, server: None, raw: .. }
Reserved ticket 9508 for customer 34ec9947-6412-43dd-af0f-0fb93205dfce
Server 799bb1b2-bd8f-49e2-81f8-f7237f0eb223 received client-request: Request { kind: ReserveTicket, customer: c5805f66-f0d9-4a55-9dd6-1789ed2a2212, server: None, raw: .. }
Reserved ticket 9507 for customer c5805f66-f0d9-4a55-9dd6-1789ed2a2212
Server 799bb1b2-bd8f-49e2-81f8-f7237f0eb223 received client-request: Request { kind: ReserveTicket, customer: 66b8dc22-47b1-4621-8b3f-2b6d134cebfa, server: None, raw: .. }
Reserved ticket 9506 for customer 66b8dc22-47b1-4621-8b3f-2b6d134cebfa
Server 799bb1b2-bd8f-49e2-81f8-f7237f0eb223 received client-request: Request { kind: ReserveTicket, customer: c71200ec-eb8c-43db-a04b-c05039aae51f, server: None, raw: .. }
Reserved ticket 9505 for customer c71200ec-eb8c-43db-a04b-c05039aae51f
Server 799bb1b2-bd8f-49e2-81f8-f7237f0eb223 received client-request: Request { kind: ReserveTicket, customer: b2387a0c-2e05-4f38-8238-d384401c7495, server: None, raw: .. }
Reserved ticket 9504 for customer b2387a0c-2e05-4f38-8238-d384401c7495
Server 799bb1b2-bd8f-49e2-81f8-f7237f0eb223 received client-request: Request { kind: ReserveTicket, customer: 080d2e96-e775-4971-9c66-1637bc4a64da, server: None, raw: .. }
Reserved ticket 9503 for customer 080d2e96-e775-4971-9c66-1637bc4a64da
Server 799bb1b2-bd8f-49e2-81f8-f7237f0eb223 received client-request: Request { kind: ReserveTicket, customer: 216c2d81-53d7-4743-adb9-ba2b6e82a186, server: None, raw: .. }
Reserved ticket 9502 for customer 216c2d81-53d7-4743-adb9-ba2b6e82a186
Server 799bb1b2-bd8f-49e2-81f8-f7237f0eb223 received client-request: Request { kind: ReserveTicket, customer: 00ddb7d3-cd55-423b-bdba-34b524364c78, server: None, raw: .. }
Reserved ticket 9501 for customer 00ddb7d3-cd55-423b-bdba-34b524364c78
Server 799bb1b2-bd8f-49e2-81f8-f7237f0eb223 received client-request: Request { kind: ReserveTicket, customer: 9de8069b-203b-4f97-bab6-6551a7bd7178, server: None, raw: .. }
Reserved ticket 9500 for customer 9de8069b-203b-4f97-bab6-6551a7bd7178
Server 799bb1b2-bd8f-49e2-81f8-f7237f0eb223 received client-request: Request { kind: ReserveTicket, customer: d2c9ff93-0c3f-43b5-a799-942b146d3cfa, server: None, raw: .. }
Reserved ticket 9499 for customer d2c9ff93-0c3f-43b5-a799-942b146d3cfa
Server 799bb1b2-bd8f-49e2-81f8-f7237f0eb223 received client-request: Request { kind: ReserveTicket, customer: 5dbadb8d-37d3-493f-8a2f-5073e2dbd6c3, server: None, raw: .. }
Reserved ticket 9498 for customer 5dbadb8d-37d3-493f-8a2f-5073e2dbd6c3
Server 799bb1b2-bd8f-49e2-81f8-f7237f0eb223 received client-request: Request { kind: ReserveTicket, customer: 2c252cba-5ea2-4cfb-8362-88dffdef83ae, server: None, raw: .. }
Reserved ticket 9497 for customer 2c252cba-5ea2-4cfb-8362-88dffdef83ae
Server 799bb1b2-bd8f-49e2-81f8-f7237f0eb223 received client-request: Request { kind: ReserveTicket, customer: f222297a-0625-4af5-b83e-b4c8e514e9d7, server: None, raw: .. }
Reserved ticket 9496 for customer f222297a-0625-4af5-b83e-b4c8e514e9d7
Server 799bb1b2-bd8f-49e2-81f8-f7237f0eb223 received client-request: Request { kind: ReserveTicket, customer: 66a6620b-d858-49a3-a218-68874922efe5, server: None, raw: .. }
Reserved ticket 9495 for customer 66a6620b-d858-49a3-a218-68874922efe5
Server 799bb1b2-bd8f-49e2-81f8-f7237f0eb223 received client-request: Request { kind: ReserveTicket, customer: 4f7c3d31-8bba-44f1-9fcd-e495e20f48b3, server: None, raw: .. }
Reserved ticket 9494 for customer 4f7c3d31-8bba-44f1-9fcd-e495e20f48b3
Server 799bb1b2-bd8f-49e2-81f8-f7237f0eb223 received client-request: Request { kind: ReserveTicket, customer: 501ebde0-a748-418d-afcb-2bf5c1a732e2, server: None, raw: .. }
Reserved ticket 9493 for customer 501ebde0-a748-418d-afcb-2bf5c1a732e2
Server 799bb1b2-bd8f-49e2-81f8-f7237f0eb223 received client-request: Request { kind: ReserveTicket, customer: 64d3fcd2-0bdf-4ff5-88e5-83f21c1bdcc4, server: None, raw: .. }
Reserved ticket 9492 for customer 64d3fcd2-0bdf-4ff5-88e5-83f21c1bdcc4
Server 799bb1b2-bd8f-49e2-81f8-f7237f0eb223 received client-request: Request { kind: ReserveTicket, customer: 7fe5c1ef-b13d-4c84-a542-fee43b38eea6, server: None, raw: .. }
Reserved ticket 9491 for customer 7fe5c1ef-b13d-4c84-a542-fee43b38eea6
Server 799bb1b2-bd8f-49e2-81f8-f7237f0eb223 received client-request: Request { kind: ReserveTicket, customer: d5f5bfd9-4ac4-4be7-bb38-9f43334f8058, server: None, raw: .. }
Reserved ticket 9490 for customer d5f5bfd9-4ac4-4be7-bb38-9f43334f8058
Server 65a51e17-fff5-4036-8b94-6db5de4d28d8 received client-request: Request { kind: ReserveTicket, customer: 2afb1da4-9af9-47f2-9e3b-1b4edf9b6d7e, server: None, raw: .. }
Reserved ticket 9489 for customer 2afb1da4-9af9-47f2-9e3b-1b4edf9b6d7e
Server 799bb1b2-bd8f-49e2-81f8-f7237f0eb223 received client-request: Request { kind: ReserveTicket, customer: 8f9ed5b0-17c5-4ee2-b3a2-a469f7be6424, server: None, raw: .. }
Reserved ticket 9488 for customer 8f9ed5b0-17c5-4ee2-b3a2-a469f7be6424
Server 799bb1b2-bd8f-49e2-81f8-f7237f0eb223 received client-request: Request { kind: ReserveTicket, customer: 6277a2fc-5185-4179-a023-981576f97f87, server: None, raw: .. }
Reserved ticket 9487 for customer 6277a2fc-5185-4179-a023-981576f97f87
Server 799bb1b2-bd8f-49e2-81f8-f7237f0eb223 received client-request: Request { kind: ReserveTicket, customer: 3cb7c816-8db6-47c6-8d03-8d200f6393fd, server: None, raw: .. }
Reserved ticket 9486 for customer 3cb7c816-8db6-47c6-8d03-8d200f6393fd
Server 799bb1b2-bd8f-49e2-81f8-f7237f0eb223 received client-request: Request { kind: ReserveTicket, customer: 0a75f7a2-a7b6-4e06-8ea9-eb68be6351de, server: None, raw: .. }
Reserved ticket 9485 for customer 0a75f7a2-a7b6-4e06-8ea9-eb68be6351de
Server 799bb1b2-bd8f-49e2-81f8-f7237f0eb223 received client-request: Request { kind: ReserveTicket, customer: f9ecef8c-e75d-45e2-85db-ea13afb2771a, server: None, raw: .. }
Reserved ticket 9484 for customer f9ecef8c-e75d-45e2-85db-ea13afb2771a
Server 799bb1b2-bd8f-49e2-81f8-f7237f0eb223 received client-request: Request { kind: ReserveTicket, customer: 88d37b26-076a-437b-ae9b-a684ba8bcb3e, server: None, raw: .. }
Reserved ticket 9483 for customer 88d37b26-076a-437b-ae9b-a684ba8bcb3e
Server 799bb1b2-bd8f-49e2-81f8-f7237f0eb223 received client-request: Request { kind: ReserveTicket, customer: 74a56434-c3fc-4a57-b544-5dbd0c4b583d, server: None, raw: .. }
Reserved ticket 9482 for customer 74a56434-c3fc-4a57-b544-5dbd0c4b583d
Server 799bb1b2-bd8f-49e2-81f8-f7237f0eb223 received client-request: Request { kind: ReserveTicket, customer: c1c733fa-7c60-493e-a0fb-caab02ba2aff, server: None, raw: .. }
Reserved ticket 9481 for customer c1c733fa-7c60-493e-a0fb-caab02ba2aff
Server 799bb1b2-bd8f-49e2-81f8-f7237f0eb223 received client-request: Request { kind: ReserveTicket, customer: 7027a376-1c92-4264-91e1-00bc8ef26e1a, server: None, raw: .. }
Reserved ticket 9480 for customer 7027a376-1c92-4264-91e1-00bc8ef26e1a
Server 799bb1b2-bd8f-49e2-81f8-f7237f0eb223 received client-request: Request { kind: ReserveTicket, customer: 62319d83-8c6c-4571-816b-e44bf59d942d, server: None, raw: .. }
Reserved ticket 9479 for customer 62319d83-8c6c-4571-816b-e44bf59d942d
Server 799bb1b2-bd8f-49e2-81f8-f7237f0eb223 received client-request: Request { kind: ReserveTicket, customer: 2aac8a18-71bf-4fe3-a947-f9ad4cc54f53, server: None, raw: .. }
Reserved ticket 9478 for customer 2aac8a18-71bf-4fe3-a947-f9ad4cc54f53
Server 799bb1b2-bd8f-49e2-81f8-f7237f0eb223 received client-request: Request { kind: ReserveTicket, customer: aa91ad12-5745-4a72-b1d2-f75e80f1e5b5, server: None, raw: .. }
Reserved ticket 9477 for customer aa91ad12-5745-4a72-b1d2-f75e80f1e5b5
Server 799bb1b2-bd8f-49e2-81f8-f7237f0eb223 received client-request: Request { kind: ReserveTicket, customer: ff1b5d6e-9c2a-4dc0-b428-0494a69de319, server: None, raw: .. }
Reserved ticket 9476 for customer ff1b5d6e-9c2a-4dc0-b428-0494a69de319
Server 799bb1b2-bd8f-49e2-81f8-f7237f0eb223 received client-request: Request { kind: ReserveTicket, customer: 66aa609f-35bd-4e7f-97ba-865548fc23db, server: None, raw: .. }
Reserved ticket 9475 for customer 66aa609f-35bd-4e7f-97ba-865548fc23db
Server 799bb1b2-bd8f-49e2-81f8-f7237f0eb223 received client-request: Request { kind: ReserveTicket, customer: 8e364c60-4ecc-41a4-b2e4-dfe92e829961, server: None, raw: .. }
Reserved ticket 9474 for customer 8e364c60-4ecc-41a4-b2e4-dfe92e829961
Server 799bb1b2-bd8f-49e2-81f8-f7237f0eb223 received client-request: Request { kind: ReserveTicket, customer: b7a5199c-b751-4a74-b03e-b94bd49f354d, server: None, raw: .. }
Reserved ticket 9473 for customer b7a5199c-b751-4a74-b03e-b94bd49f354d
Server 799bb1b2-bd8f-49e2-81f8-f7237f0eb223 received client-request: Request { kind: ReserveTicket, customer: b84f079c-652a-4339-a3a6-088145611cea, server: None, raw: .. }
Reserved ticket 9472 for customer b84f079c-652a-4339-a3a6-088145611cea
Server 799bb1b2-bd8f-49e2-81f8-f7237f0eb223 received client-request: Request { kind: ReserveTicket, customer: 7615d017-d159-4777-9f94-a58b294347a7, server: None, raw: .. }
Reserved ticket 9471 for customer 7615d017-d159-4777-9f94-a58b294347a7
Server 799bb1b2-bd8f-49e2-81f8-f7237f0eb223 received client-request: Request { kind: ReserveTicket, customer: 75862351-58d0-43d0-a889-3cc9f86202cd, server: None, raw: .. }
Reserved ticket 9470 for customer 75862351-58d0-43d0-a889-3cc9f86202cd
Server 65a51e17-fff5-4036-8b94-6db5de4d28d8 received client-request: Request { kind: ReserveTicket, customer: 92ab8af1-ccf0-4ab1-b0d2-ac5e7247b767, server: None, raw: .. }
Reserved ticket 9469 for customer 92ab8af1-ccf0-4ab1-b0d2-ac5e7247b767
Server 799bb1b2-bd8f-49e2-81f8-f7237f0eb223 received client-request: Request { kind: ReserveTicket, customer: a897bbbb-4d0c-4c26-817f-689f9c954ca8, server: None, raw: .. }
Reserved ticket 9468 for customer a897bbbb-4d0c-4c26-817f-689f9c954ca8
Server 799bb1b2-bd8f-49e2-81f8-f7237f0eb223 received client-request: Request { kind: ReserveTicket, customer: 288d4898-b2e5-44a9-a317-080946c9869d, server: None, raw: .. }
Reserved ticket 9467 for customer 288d4898-b2e5-44a9-a317-080946c9869d
Server 799bb1b2-bd8f-49e2-81f8-f7237f0eb223 received client-request: Request { kind: ReserveTicket, customer: e48ad5f8-d8e8-47e8-bace-fa986cfad1c5, server: None, raw: .. }
Reserved ticket 9466 for customer e48ad5f8-d8e8-47e8-bace-fa986cfad1c5
Server 799bb1b2-bd8f-49e2-81f8-f7237f0eb223 received client-request: Request { kind: ReserveTicket, customer: a79f3fa7-a374-4269-8e02-7a18512dd053, server: None, raw: .. }
Reserved ticket 9465 for customer a79f3fa7-a374-4269-8e02-7a18512dd053
Server 799bb1b2-bd8f-49e2-81f8-f7237f0eb223 received client-request: Request { kind: ReserveTicket, customer: 38ab28e4-a6ac-4538-aec5-cedadda27cd3, server: None, raw: .. }
Reserved ticket 9464 for customer 38ab28e4-a6ac-4538-aec5-cedadda27cd3
Server 799bb1b2-bd8f-49e2-81f8-f7237f0eb223 received client-request: Request { kind: ReserveTicket, customer: 9421ae0f-cf4c-44db-9e5b-f8477f574e66, server: None, raw: .. }
Reserved ticket 9463 for customer 9421ae0f-cf4c-44db-9e5b-f8477f574e66
Server 799bb1b2-bd8f-49e2-81f8-f7237f0eb223 received client-request: Request { kind: ReserveTicket, customer: d681b7e8-4497-41d9-9c6b-b387587519f9, server: None, raw: .. }
Reserved ticket 9462 for customer d681b7e8-4497-41d9-9c6b-b387587519f9
Server 799bb1b2-bd8f-49e2-81f8-f7237f0eb223 received client-request: Request { kind: ReserveTicket, customer: ef5d2567-774c-486f-af1e-6e75f6720dc5, server: None, raw: .. }
Reserved ticket 9461 for customer ef5d2567-774c-486f-af1e-6e75f6720dc5
Server 799bb1b2-bd8f-49e2-81f8-f7237f0eb223 received client-request: Request { kind: ReserveTicket, customer: 54bfcb18-6eba-4fa9-85e0-8a4326cc37dd, server: None, raw: .. }
Reserved ticket 9460 for customer 54bfcb18-6eba-4fa9-85e0-8a4326cc37dd
Server 799bb1b2-bd8f-49e2-81f8-f7237f0eb223 received client-request: Request { kind: ReserveTicket, customer: 5b65872b-5b38-4fcb-818c-515a0d84e8b9, server: None, raw: .. }
Reserved ticket 9459 for customer 5b65872b-5b38-4fcb-818c-515a0d84e8b9
Server 799bb1b2-bd8f-49e2-81f8-f7237f0eb223 received client-request: Request { kind: ReserveTicket, customer: 7a28de20-edc6-49db-9d0d-eb7ab7aee0ea, server: None, raw: .. }
Reserved ticket 9458 for customer 7a28de20-edc6-49db-9d0d-eb7ab7aee0ea
Server 799bb1b2-bd8f-49e2-81f8-f7237f0eb223 received client-request: Request { kind: ReserveTicket, customer: 009e31e5-37fa-441b-be6b-15b8c4ed7de4, server: None, raw: .. }
Reserved ticket 9457 for customer 009e31e5-37fa-441b-be6b-15b8c4ed7de4
Server 799bb1b2-bd8f-49e2-81f8-f7237f0eb223 received client-request: Request { kind: ReserveTicket, customer: bbae141b-4d0d-45f0-8dd4-eac4efce77c4, server: None, raw: .. }
Reserved ticket 9456 for customer bbae141b-4d0d-45f0-8dd4-eac4efce77c4
Server 799bb1b2-bd8f-49e2-81f8-f7237f0eb223 received client-request: Request { kind: ReserveTicket, customer: 842ac921-2850-4eb9-bbb5-ed36dd4f8a25, server: None, raw: .. }
Reserved ticket 9455 for customer 842ac921-2850-4eb9-bbb5-ed36dd4f8a25
Server 799bb1b2-bd8f-49e2-81f8-f7237f0eb223 received client-request: Request { kind: ReserveTicket, customer: 4d6cde44-30e5-43de-8534-50a19081f8e6, server: None, raw: .. }
Reserved ticket 9454 for customer 4d6cde44-30e5-43de-8534-50a19081f8e6
Server 799bb1b2-bd8f-49e2-81f8-f7237f0eb223 received client-request: Request { kind: ReserveTicket, customer: 26436e69-74cf-4ff2-b09c-77b176d653e4, server: None, raw: .. }
Reserved ticket 9453 for customer 26436e69-74cf-4ff2-b09c-77b176d653e4
Server 799bb1b2-bd8f-49e2-81f8-f7237f0eb223 received client-request: Request { kind: ReserveTicket, customer: 50138519-ae8d-4750-8537-0e0544601e15, server: None, raw: .. }
Reserved ticket 9452 for customer 50138519-ae8d-4750-8537-0e0544601e15
Server 799bb1b2-bd8f-49e2-81f8-f7237f0eb223 received client-request: Request { kind: ReserveTicket, customer: d011c7d8-dffd-44eb-8d52-b46657ffcc7b, server: None, raw: .. }
Reserved ticket 9451 for customer d011c7d8-dffd-44eb-8d52-b46657ffcc7b
Server 799bb1b2-bd8f-49e2-81f8-f7237f0eb223 received client-request: Request { kind: ReserveTicket, customer: 442c1220-0ab8-4b7a-875f-be4906cc2c2a, server: None, raw: .. }
Reserved ticket 9450 for customer 442c1220-0ab8-4b7a-875f-be4906cc2c2a
Server 65a51e17-fff5-4036-8b94-6db5de4d28d8 received client-request: Request { kind: ReserveTicket, customer: 9d080f79-e305-4960-8e85-d4aeb9626ca1, server: None, raw: .. }
Reserved ticket 9449 for customer 9d080f79-e305-4960-8e85-d4aeb9626ca1
Server 799bb1b2-bd8f-49e2-81f8-f7237f0eb223 received client-request: Request { kind: ReserveTicket, customer: 31e10b16-e4cd-4bad-8014-58df1e7c52c2, server: None, raw: .. }
Reserved ticket 9448 for customer 31e10b16-e4cd-4bad-8014-58df1e7c52c2
Server 799bb1b2-bd8f-49e2-81f8-f7237f0eb223 received client-request: Request { kind: ReserveTicket, customer: 394670aa-6246-402c-b6b0-df87a2605fd2, server: None, raw: .. }
Reserved ticket 9447 for customer 394670aa-6246-402c-b6b0-df87a2605fd2
Server 799bb1b2-bd8f-49e2-81f8-f7237f0eb223 received client-request: Request { kind: ReserveTicket, customer: d9ea4bcf-ed44-4d58-b79e-f49d53dc7a8d, server: None, raw: .. }
Reserved ticket 9446 for customer d9ea4bcf-ed44-4d58-b79e-f49d53dc7a8d
Server 799bb1b2-bd8f-49e2-81f8-f7237f0eb223 received client-request: Request { kind: ReserveTicket, customer: a923fff2-782d-4d7c-8407-a2e9a0fa364b, server: None, raw: .. }
Reserved ticket 9445 for customer a923fff2-782d-4d7c-8407-a2e9a0fa364b
Server 799bb1b2-bd8f-49e2-81f8-f7237f0eb223 received client-request: Request { kind: ReserveTicket, customer: a50a05ac-da25-4439-97e8-719f677affcc, server: None, raw: .. }
Reserved ticket 9444 for customer a50a05ac-da25-4439-97e8-719f677affcc
Server 799bb1b2-bd8f-49e2-81f8-f7237f0eb223 received client-request: Request { kind: ReserveTicket, customer: be8bb661-a9a3-46bf-8c06-ce987035f6c6, server: None, raw: .. }
Reserved ticket 9443 for customer be8bb661-a9a3-46bf-8c06-ce987035f6c6
Server 799bb1b2-bd8f-49e2-81f8-f7237f0eb223 received client-request: Request { kind: ReserveTicket, customer: 3436659d-8a5f-4a1a-b2b5-a416173478b5, server: None, raw: .. }
Reserved ticket 9442 for customer 3436659d-8a5f-4a1a-b2b5-a416173478b5
Server 799bb1b2-bd8f-49e2-81f8-f7237f0eb223 received client-request: Request { kind: ReserveTicket, customer: d6519e80-a249-4e76-a335-936486afa866, server: None, raw: .. }
Reserved ticket 9441 for customer d6519e80-a249-4e76-a335-936486afa866
Server 799bb1b2-bd8f-49e2-81f8-f7237f0eb223 received client-request: Request { kind: ReserveTicket, customer: c9ebe2d6-df19-4dd6-a056-de126e2bcd0b, server: None, raw: .. }
Reserved ticket 9440 for customer c9ebe2d6-df19-4dd6-a056-de126e2bcd0b
Server 799bb1b2-bd8f-49e2-81f8-f7237f0eb223 received client-request: Request { kind: ReserveTicket, customer: b16c2a2c-d1f5-4cc8-b13f-486b72f4ef5c, server: None, raw: .. }
Reserved ticket 9439 for customer b16c2a2c-d1f5-4cc8-b13f-486b72f4ef5c
Server 799bb1b2-bd8f-49e2-81f8-f7237f0eb223 received client-request: Request { kind: ReserveTicket, customer: 1f05b650-b857-489f-9adb-72b1269c168e, server: None, raw: .. }
Reserved ticket 9438 for customer 1f05b650-b857-489f-9adb-72b1269c168e
Server 799bb1b2-bd8f-49e2-81f8-f7237f0eb223 received client-request: Request { kind: ReserveTicket, customer: 5e6fb9ec-98b8-4eda-a013-60b28159c73f, server: None, raw: .. }
Reserved ticket 9437 for customer 5e6fb9ec-98b8-4eda-a013-60b28159c73f
Server 799bb1b2-bd8f-49e2-81f8-f7237f0eb223 received client-request: Request { kind: ReserveTicket, customer: ba574f62-eb75-4b10-b94c-db3916b6015a, server: None, raw: .. }
Reserved ticket 9436 for customer ba574f62-eb75-4b10-b94c-db3916b6015a
Server 799bb1b2-bd8f-49e2-81f8-f7237f0eb223 received client-request: Request { kind: ReserveTicket, customer: bd739e77-1152-47ed-b6de-33b0f89e47bf, server: None, raw: .. }
Reserved ticket 9435 for customer bd739e77-1152-47ed-b6de-33b0f89e47bf
Server 799bb1b2-bd8f-49e2-81f8-f7237f0eb223 received client-request: Request { kind: ReserveTicket, customer: 4de2d32b-9fa7-40aa-80be-649a87f5b993, server: None, raw: .. }
Reserved ticket 9434 for customer 4de2d32b-9fa7-40aa-80be-649a87f5b993
Server 799bb1b2-bd8f-49e2-81f8-f7237f0eb223 received client-request: Request { kind: ReserveTicket, customer: a6b95fde-b50d-4b29-978d-d93e3357e734, server: None, raw: .. }
Reserved ticket 9433 for customer a6b95fde-b50d-4b29-978d-d93e3357e734
Server 799bb1b2-bd8f-49e2-81f8-f7237f0eb223 received client-request: Request { kind: ReserveTicket, customer: 0e2f0b21-5219-48d0-b7b5-1dac169e221d, server: None, raw: .. }
Reserved ticket 9432 for customer 0e2f0b21-5219-48d0-b7b5-1dac169e221d
Server 799bb1b2-bd8f-49e2-81f8-f7237f0eb223 received client-request: Request { kind: ReserveTicket, customer: 9cbd7ee9-96ae-4f6e-b2e3-348be9d3119c, server: None, raw: .. }
Reserved ticket 9431 for customer 9cbd7ee9-96ae-4f6e-b2e3-348be9d3119c
Server 799bb1b2-bd8f-49e2-81f8-f7237f0eb223 received client-request: Request { kind: ReserveTicket, customer: d6b572d2-3ac8-4033-8c74-56edfba63b69, server: None, raw: .. }
Reserved ticket 9430 for customer d6b572d2-3ac8-4033-8c74-56edfba63b69
Server 65a51e17-fff5-4036-8b94-6db5de4d28d8 received client-request: Request { kind: ReserveTicket, customer: b1622b82-d8bc-4e09-adba-955c8a72fa12, server: None, raw: .. }
Reserved ticket 9429 for customer b1622b82-d8bc-4e09-adba-955c8a72fa12
Server 799bb1b2-bd8f-49e2-81f8-f7237f0eb223 received client-request: Request { kind: ReserveTicket, customer: f926a609-e483-42ea-bda7-b57756a21726, server: None, raw: .. }
Reserved ticket 9428 for customer f926a609-e483-42ea-bda7-b57756a21726
Server 799bb1b2-bd8f-49e2-81f8-f7237f0eb223 received client-request: Request { kind: ReserveTicket, customer: 97a710c6-66c1-4d31-8deb-3758944db8f2, server: None, raw: .. }
Reserved ticket 9427 for customer 97a710c6-66c1-4d31-8deb-3758944db8f2
Server 799bb1b2-bd8f-49e2-81f8-f7237f0eb223 received client-request: Request { kind: ReserveTicket, customer: bce0ac58-eb9d-49d9-b500-c91c1aaf9a22, server: None, raw: .. }
Reserved ticket 9426 for customer bce0ac58-eb9d-49d9-b500-c91c1aaf9a22
Server 799bb1b2-bd8f-49e2-81f8-f7237f0eb223 received client-request: Request { kind: ReserveTicket, customer: daf2ee75-d1a5-490a-ae45-c8d0579769de, server: None, raw: .. }
Reserved ticket 9425 for customer daf2ee75-d1a5-490a-ae45-c8d0579769de
Server 799bb1b2-bd8f-49e2-81f8-f7237f0eb223 received client-request: Request { kind: ReserveTicket, customer: 670b9a60-3a34-417f-8117-0ac2130138ce, server: None, raw: .. }
Reserved ticket 9424 for customer 670b9a60-3a34-417f-8117-0ac2130138ce
Server 799bb1b2-bd8f-49e2-81f8-f7237f0eb223 received client-request: Request { kind: ReserveTicket, customer: be487170-408f-45ef-b812-ed676513e58e, server: None, raw: .. }
Reserved ticket 9423 for customer be487170-408f-45ef-b812-ed676513e58e
Server 799bb1b2-bd8f-49e2-81f8-f7237f0eb223 received client-request: Request { kind: ReserveTicket, customer: 367bd5b7-fc5a-4028-bb12-46865b899067, server: None, raw: .. }
Reserved ticket 9422 for customer 367bd5b7-fc5a-4028-bb12-46865b899067
Server 799bb1b2-bd8f-49e2-81f8-f7237f0eb223 received client-request: Request { kind: ReserveTicket, customer: 9bc47843-cd06-44bb-857a-aeec011be8f6, server: None, raw: .. }
Reserved ticket 9421 for customer 9bc47843-cd06-44bb-857a-aeec011be8f6
Server 799bb1b2-bd8f-49e2-81f8-f7237f0eb223 received client-request: Request { kind: ReserveTicket, customer: 6a9abe04-4b9f-47c3-aa1c-f5fc92ef113d, server: None, raw: .. }
Reserved ticket 9420 for customer 6a9abe04-4b9f-47c3-aa1c-f5fc92ef113d
Server 799bb1b2-bd8f-49e2-81f8-f7237f0eb223 received client-request: Request { kind: ReserveTicket, customer: 8aafe10f-2064-43c7-9bbf-63de672643af, server: None, raw: .. }
Reserved ticket 9419 for customer 8aafe10f-2064-43c7-9bbf-63de672643af
Server 799bb1b2-bd8f-49e2-81f8-f7237f0eb223 received client-request: Request { kind: ReserveTicket, customer: 09f8004e-a105-4121-a9dd-b9a63ade6439, server: None, raw: .. }
Reserved ticket 9418 for customer 09f8004e-a105-4121-a9dd-b9a63ade6439
Server 799bb1b2-bd8f-49e2-81f8-f7237f0eb223 received client-request: Request { kind: ReserveTicket, customer: ac77ca24-5691-436e-882f-e87788f86b6c, server: None, raw: .. }
Reserved ticket 9417 for customer ac77ca24-5691-436e-882f-e87788f86b6c
Server 799bb1b2-bd8f-49e2-81f8-f7237f0eb223 received client-request: Request { kind: ReserveTicket, customer: b47f7b8f-308a-4956-b8b3-dda4d591b37a, server: None, raw: .. }
Reserved ticket 9416 for customer b47f7b8f-308a-4956-b8b3-dda4d591b37a
Server 799bb1b2-bd8f-49e2-81f8-f7237f0eb223 received client-request: Request { kind: ReserveTicket, customer: f0340f2b-f803-413a-b22b-8c7ad0139f78, server: None, raw: .. }
Reserved ticket 9415 for customer f0340f2b-f803-413a-b22b-8c7ad0139f78
Server 799bb1b2-bd8f-49e2-81f8-f7237f0eb223 received client-request: Request { kind: ReserveTicket, customer: 15e3592f-dab0-4c02-ae20-642f3600893e, server: None, raw: .. }
Reserved ticket 9414 for customer 15e3592f-dab0-4c02-ae20-642f3600893e
Server 799bb1b2-bd8f-49e2-81f8-f7237f0eb223 received client-request: Request { kind: ReserveTicket, customer: deb129ba-1eee-4d11-b4a7-809675c3355a, server: None, raw: .. }
Reserved ticket 9413 for customer deb129ba-1eee-4d11-b4a7-809675c3355a
Server 799bb1b2-bd8f-49e2-81f8-f7237f0eb223 received client-request: Request { kind: ReserveTicket, customer: e2d980cb-6dad-4d99-a441-bdea276316b5, server: None, raw: .. }
Reserved ticket 9412 for customer e2d980cb-6dad-4d99-a441-bdea276316b5
Server 799bb1b2-bd8f-49e2-81f8-f7237f0eb223 received client-request: Request { kind: ReserveTicket, customer: 6ff88623-690a-41d9-88d2-38066f9fb5e3, server: None, raw: .. }
Reserved ticket 9411 for customer 6ff88623-690a-41d9-88d2-38066f9fb5e3
Server 799bb1b2-bd8f-49e2-81f8-f7237f0eb223 received client-request: Request { kind: ReserveTicket, customer: f502d8c7-8aad-4707-8ed0-4feac180aaef, server: None, raw: .. }
Reserved ticket 9410 for customer f502d8c7-8aad-4707-8ed0-4feac180aaef
Server 65a51e17-fff5-4036-8b94-6db5de4d28d8 received client-request: Request { kind: ReserveTicket, customer: 8644436b-7b23-47ca-8e69-ec3d7528af98, server: None, raw: .. }
Reserved ticket 9409 for customer 8644436b-7b23-47ca-8e69-ec3d7528af98
Server 799bb1b2-bd8f-49e2-81f8-f7237f0eb223 received client-request: Request { kind: ReserveTicket, customer: 9d80b678-fd42-4960-b01d-5e0c0d7c12da, server: None, raw: .. }
Reserved ticket 9408 for customer 9d80b678-fd42-4960-b01d-5e0c0d7c12da
Server 799bb1b2-bd8f-49e2-81f8-f7237f0eb223 received client-request: Request { kind: ReserveTicket, customer: 28eb7cb8-9b49-4e99-a73b-4d9b5be62126, server: None, raw: .. }
Reserved ticket 9407 for customer 28eb7cb8-9b49-4e99-a73b-4d9b5be62126
Server 799bb1b2-bd8f-49e2-81f8-f7237f0eb223 received client-request: Request { kind: ReserveTicket, customer: 7e9d09fb-b248-4a27-af5f-94ba631560a6, server: None, raw: .. }
Reserved ticket 9406 for customer 7e9d09fb-b248-4a27-af5f-94ba631560a6
Server 799bb1b2-bd8f-49e2-81f8-f7237f0eb223 received client-request: Request { kind: ReserveTicket, customer: 7ec56e48-cbe1-457e-accf-09cbfc92edc2, server: None, raw: .. }
Reserved ticket 9405 for customer 7ec56e48-cbe1-457e-accf-09cbfc92edc2
Server 799bb1b2-bd8f-49e2-81f8-f7237f0eb223 received client-request: Request { kind: ReserveTicket, customer: 48726116-e8aa-408c-ba1b-9d0b8749a1a9, server: None, raw: .. }
Reserved ticket 9404 for customer 48726116-e8aa-408c-ba1b-9d0b8749a1a9
Server 799bb1b2-bd8f-49e2-81f8-f7237f0eb223 received client-request: Request { kind: ReserveTicket, customer: 9c481ac1-c56b-4827-a460-5995fa4f3551, server: None, raw: .. }
Reserved ticket 9403 for customer 9c481ac1-c56b-4827-a460-5995fa4f3551
Server 799bb1b2-bd8f-49e2-81f8-f7237f0eb223 received client-request: Request { kind: ReserveTicket, customer: 8256e7cd-cc51-4ef1-9c28-95bf8a41c611, server: None, raw: .. }
Reserved ticket 9402 for customer 8256e7cd-cc51-4ef1-9c28-95bf8a41c611
Server 799bb1b2-bd8f-49e2-81f8-f7237f0eb223 received client-request: Request { kind: ReserveTicket, customer: 2cc2b0a8-114f-4581-8d51-6e11954dbdcb, server: None, raw: .. }
Reserved ticket 9401 for customer 2cc2b0a8-114f-4581-8d51-6e11954dbdcb
Server 799bb1b2-bd8f-49e2-81f8-f7237f0eb223 received client-request: Request { kind: ReserveTicket, customer: 08d0040e-235e-4ba7-ba6a-0c5c8872058c, server: None, raw: .. }
Reserved ticket 9400 for customer 08d0040e-235e-4ba7-ba6a-0c5c8872058c
Server 799bb1b2-bd8f-49e2-81f8-f7237f0eb223 received client-request: Request { kind: ReserveTicket, customer: 1785b71d-8ec8-4f51-a70e-b424a4a14123, server: None, raw: .. }
Reserved ticket 9399 for customer 1785b71d-8ec8-4f51-a70e-b424a4a14123
Server 799bb1b2-bd8f-49e2-81f8-f7237f0eb223 received client-request: Request { kind: ReserveTicket, customer: 2a5aead5-0709-47db-9177-b34662964533, server: None, raw: .. }
Reserved ticket 9398 for customer 2a5aead5-0709-47db-9177-b34662964533
Server 799bb1b2-bd8f-49e2-81f8-f7237f0eb223 received client-request: Request { kind: ReserveTicket, customer: 34cee8cf-3cee-4aca-98e6-b47dc85f5b53, server: None, raw: .. }
Reserved ticket 9397 for customer 34cee8cf-3cee-4aca-98e6-b47dc85f5b53
Server 799bb1b2-bd8f-49e2-81f8-f7237f0eb223 received client-request: Request { kind: ReserveTicket, customer: 296b9403-785c-4a4c-bff9-d13a53324b61, server: None, raw: .. }
Reserved ticket 9396 for customer 296b9403-785c-4a4c-bff9-d13a53324b61
Server 799bb1b2-bd8f-49e2-81f8-f7237f0eb223 received client-request: Request { kind: ReserveTicket, customer: d5a8c62c-da77-4d7f-80da-57b479e1568b, server: None, raw: .. }
Reserved ticket 9395 for customer d5a8c62c-da77-4d7f-80da-57b479e1568b
Server 799bb1b2-bd8f-49e2-81f8-f7237f0eb223 received client-request: Request { kind: ReserveTicket, customer: ddb1a58e-ddb2-4a07-bc44-a3d30dd0933f, server: None, raw: .. }
Reserved ticket 9394 for customer ddb1a58e-ddb2-4a07-bc44-a3d30dd0933f
Server 799bb1b2-bd8f-49e2-81f8-f7237f0eb223 received client-request: Request { kind: ReserveTicket, customer: e745b733-893b-40b7-9285-84e8176c24e2, server: None, raw: .. }
Reserved ticket 9393 for customer e745b733-893b-40b7-9285-84e8176c24e2
Server 799bb1b2-bd8f-49e2-81f8-f7237f0eb223 received client-request: Request { kind: ReserveTicket, customer: f54656ce-d800-447e-947f-e670471821b0, server: None, raw: .. }
Reserved ticket 9392 for customer f54656ce-d800-447e-947f-e670471821b0
Server 799bb1b2-bd8f-49e2-81f8-f7237f0eb223 received client-request: Request { kind: ReserveTicket, customer: 69e84bed-0156-4faf-9b3d-3d8dbc629ae7, server: None, raw: .. }
Reserved ticket 9391 for customer 69e84bed-0156-4faf-9b3d-3d8dbc629ae7
Server 799bb1b2-bd8f-49e2-81f8-f7237f0eb223 received client-request: Request { kind: ReserveTicket, customer: 4999e278-86e8-4298-a834-226cb9aff9c5, server: None, raw: .. }
Reserved ticket 9390 for customer 4999e278-86e8-4298-a834-226cb9aff9c5
Server 65a51e17-fff5-4036-8b94-6db5de4d28d8 received client-request: Request { kind: ReserveTicket, customer: 50120a94-ef93-4489-9e36-f07133322373, server: None, raw: .. }
Reserved ticket 9389 for customer 50120a94-ef93-4489-9e36-f07133322373
Server 799bb1b2-bd8f-49e2-81f8-f7237f0eb223 received client-request: Request { kind: ReserveTicket, customer: 216542a2-6060-40ce-9b8b-7169677640a1, server: None, raw: .. }
Reserved ticket 9388 for customer 216542a2-6060-40ce-9b8b-7169677640a1
Server 799bb1b2-bd8f-49e2-81f8-f7237f0eb223 received client-request: Request { kind: ReserveTicket, customer: 8b20c323-7afb-494a-8f28-191a6eaf4a82, server: None, raw: .. }
Reserved ticket 9387 for customer 8b20c323-7afb-494a-8f28-191a6eaf4a82
Server 799bb1b2-bd8f-49e2-81f8-f7237f0eb223 received client-request: Request { kind: ReserveTicket, customer: dcb8b3bd-e88b-4ce0-9cd8-e714805a8eca, server: None, raw: .. }
Reserved ticket 9386 for customer dcb8b3bd-e88b-4ce0-9cd8-e714805a8eca
Server 799bb1b2-bd8f-49e2-81f8-f7237f0eb223 received client-request: Request { kind: ReserveTicket, customer: 167c9e1d-104b-4061-afe7-3755d09a5714, server: None, raw: .. }
Reserved ticket 9385 for customer 167c9e1d-104b-4061-afe7-3755d09a5714
Server 799bb1b2-bd8f-49e2-81f8-f7237f0eb223 received client-request: Request { kind: ReserveTicket, customer: 381194b4-3e22-491e-99a1-c8adb8bebc9c, server: None, raw: .. }
Reserved ticket 9384 for customer 381194b4-3e22-491e-99a1-c8adb8bebc9c
Server 799bb1b2-bd8f-49e2-81f8-f7237f0eb223 received client-request: Request { kind: ReserveTicket, customer: 31f06dee-5be2-4c9b-8278-7acb281300af, server: None, raw: .. }
Reserved ticket 9383 for customer 31f06dee-5be2-4c9b-8278-7acb281300af
Server 799bb1b2-bd8f-49e2-81f8-f7237f0eb223 received client-request: Request { kind: ReserveTicket, customer: 10b419d4-e82d-45a1-9744-50923e0e2999, server: None, raw: .. }
Reserved ticket 9382 for customer 10b419d4-e82d-45a1-9744-50923e0e2999
Server 799bb1b2-bd8f-49e2-81f8-f7237f0eb223 received client-request: Request { kind: ReserveTicket, customer: 7cb8822b-67c4-4b17-a465-81b14ebbcffb, server: None, raw: .. }
Reserved ticket 9381 for customer 7cb8822b-67c4-4b17-a465-81b14ebbcffb
Server 799bb1b2-bd8f-49e2-81f8-f7237f0eb223 received client-request: Request { kind: ReserveTicket, customer: d3b11047-f3e7-4b8a-88d6-8c70fe40bdca, server: None, raw: .. }
Reserved ticket 9380 for customer d3b11047-f3e7-4b8a-88d6-8c70fe40bdca
Server 799bb1b2-bd8f-49e2-81f8-f7237f0eb223 received client-request: Request { kind: ReserveTicket, customer: d5e6d705-ce87-430d-b408-bce9775e0643, server: None, raw: .. }
Reserved ticket 9379 for customer d5e6d705-ce87-430d-b408-bce9775e0643
Server 799bb1b2-bd8f-49e2-81f8-f7237f0eb223 received client-request: Request { kind: ReserveTicket, customer: 77695eb9-5d36-4b13-81f8-8feb679c67c3, server: None, raw: .. }
Reserved ticket 9378 for customer 77695eb9-5d36-4b13-81f8-8feb679c67c3
Server 799bb1b2-bd8f-49e2-81f8-f7237f0eb223 received client-request: Request { kind: ReserveTicket, customer: e919dc48-9d28-4d5e-b823-0507888492ef, server: None, raw: .. }
Reserved ticket 9377 for customer e919dc48-9d28-4d5e-b823-0507888492ef
Server 799bb1b2-bd8f-49e2-81f8-f7237f0eb223 received client-request: Request { kind: ReserveTicket, customer: ee91d73d-0173-4059-b62c-cfa3c68bdd6c, server: None, raw: .. }
Reserved ticket 9376 for customer ee91d73d-0173-4059-b62c-cfa3c68bdd6c
Server 799bb1b2-bd8f-49e2-81f8-f7237f0eb223 received client-request: Request { kind: ReserveTicket, customer: a4352ccf-c654-41a6-a866-3be14c35df08, server: None, raw: .. }
Reserved ticket 9375 for customer a4352ccf-c654-41a6-a866-3be14c35df08
Server 799bb1b2-bd8f-49e2-81f8-f7237f0eb223 received client-request: Request { kind: ReserveTicket, customer: 563933d2-db60-41c9-8ee7-0e8a28946d37, server: None, raw: .. }
Reserved ticket 9374 for customer 563933d2-db60-41c9-8ee7-0e8a28946d37
Server 799bb1b2-bd8f-49e2-81f8-f7237f0eb223 received client-request: Request { kind: ReserveTicket, customer: a1cce827-5057-4a56-9922-be3b743e139b, server: None, raw: .. }
Reserved ticket 9373 for customer a1cce827-5057-4a56-9922-be3b743e139b
Server 799bb1b2-bd8f-49e2-81f8-f7237f0eb223 received client-request: Request { kind: ReserveTicket, customer: 6e6e3adc-ce2c-4b10-8419-b5a2fb3ee2fc, server: None, raw: .. }
Reserved ticket 9372 for customer 6e6e3adc-ce2c-4b10-8419-b5a2fb3ee2fc
Server 799bb1b2-bd8f-49e2-81f8-f7237f0eb223 received client-request: Request { kind: ReserveTicket, customer: abe4c49d-5c37-485d-8f28-4f0194de69fb, server: None, raw: .. }
Reserved ticket 9371 for customer abe4c49d-5c37-485d-8f28-4f0194de69fb
Server 799bb1b2-bd8f-49e2-81f8-f7237f0eb223 received client-request: Request { kind: ReserveTicket, customer: 693bcbd2-1488-48e3-b350-b7f8f293db2f, server: None, raw: .. }
Reserved ticket 9370 for customer 693bcbd2-1488-48e3-b350-b7f8f293db2f
Server 65a51e17-fff5-4036-8b94-6db5de4d28d8 received client-request: Request { kind: ReserveTicket, customer: 8d0d9cf4-d31a-4ade-955f-9a5344ae4dd2, server: None, raw: .. }
Reserved ticket 9369 for customer 8d0d9cf4-d31a-4ade-955f-9a5344ae4dd2
Server 799bb1b2-bd8f-49e2-81f8-f7237f0eb223 received client-request: Request { kind: ReserveTicket, customer: e6999227-8ac4-4b14-b912-1cefb528273f, server: None, raw: .. }
Reserved ticket 9368 for customer e6999227-8ac4-4b14-b912-1cefb528273f
Server 799bb1b2-bd8f-49e2-81f8-f7237f0eb223 received client-request: Request { kind: ReserveTicket, customer: 36f23626-761d-4a4b-84e7-3e79b7866d10, server: None, raw: .. }
Reserved ticket 9367 for customer 36f23626-761d-4a4b-84e7-3e79b7866d10
Server 799bb1b2-bd8f-49e2-81f8-f7237f0eb223 received client-request: Request { kind: ReserveTicket, customer: 761e4801-744c-4d58-82f3-adeba98d1754, server: None, raw: .. }
Reserved ticket 9366 for customer 761e4801-744c-4d58-82f3-adeba98d1754
Server 799bb1b2-bd8f-49e2-81f8-f7237f0eb223 received client-request: Request { kind: ReserveTicket, customer: 2252f0f9-989e-44dd-81e0-9b0142af6e7a, server: None, raw: .. }
Reserved ticket 9365 for customer 2252f0f9-989e-44dd-81e0-9b0142af6e7a
Server 799bb1b2-bd8f-49e2-81f8-f7237f0eb223 received client-request: Request { kind: ReserveTicket, customer: 18c92bd0-852f-435b-bcfb-513e5ea37119, server: None, raw: .. }
Reserved ticket 9364 for customer 18c92bd0-852f-435b-bcfb-513e5ea37119
Server 799bb1b2-bd8f-49e2-81f8-f7237f0eb223 received client-request: Request { kind: ReserveTicket, customer: 6b9ddefb-6f64-44d7-be3b-43f9003588af, server: None, raw: .. }
Reserved ticket 9363 for customer 6b9ddefb-6f64-44d7-be3b-43f9003588af
Server 799bb1b2-bd8f-49e2-81f8-f7237f0eb223 received client-request: Request { kind: ReserveTicket, customer: 6bc0f93a-25ce-43ec-b72e-6974e4c4415b, server: None, raw: .. }
Reserved ticket 9362 for customer 6bc0f93a-25ce-43ec-b72e-6974e4c4415b
Server 799bb1b2-bd8f-49e2-81f8-f7237f0eb223 received client-request: Request { kind: ReserveTicket, customer: b9827ca7-51a9-42d0-a358-2afc177c8b01, server: None, raw: .. }
Reserved ticket 9361 for customer b9827ca7-51a9-42d0-a358-2afc177c8b01
Server 799bb1b2-bd8f-49e2-81f8-f7237f0eb223 received client-request: Request { kind: ReserveTicket, customer: f2bdd05d-4b59-4faa-8ed0-915e70bf51f6, server: None, raw: .. }
Reserved ticket 9360 for customer f2bdd05d-4b59-4faa-8ed0-915e70bf51f6
Server 799bb1b2-bd8f-49e2-81f8-f7237f0eb223 received client-request: Request { kind: ReserveTicket, customer: 5771bc2f-39e8-47c1-87b4-9f39475c9197, server: None, raw: .. }
Reserved ticket 9359 for customer 5771bc2f-39e8-47c1-87b4-9f39475c9197
Server 799bb1b2-bd8f-49e2-81f8-f7237f0eb223 received client-request: Request { kind: ReserveTicket, customer: c5892aba-22c2-4de4-be16-3d2333a27a47, server: None, raw: .. }
Reserved ticket 9358 for customer c5892aba-22c2-4de4-be16-3d2333a27a47
Server 799bb1b2-bd8f-49e2-81f8-f7237f0eb223 received client-request: Request { kind: ReserveTicket, customer: 2c4159f7-f32a-43a7-9a81-fdf976ba46f3, server: None, raw: .. }
Reserved ticket 9357 for customer 2c4159f7-f32a-43a7-9a81-fdf976ba46f3
Server 799bb1b2-bd8f-49e2-81f8-f7237f0eb223 received client-request: Request { kind: ReserveTicket, customer: 52d68f6e-5e3a-42f4-b726-40739c43a4bb, server: None, raw: .. }
Reserved ticket 9356 for customer 52d68f6e-5e3a-42f4-b726-40739c43a4bb
Server 799bb1b2-bd8f-49e2-81f8-f7237f0eb223 received client-request: Request { kind: ReserveTicket, customer: 2f420003-8834-4d73-af1b-d40c66f3e542, server: None, raw: .. }
Reserved ticket 9355 for customer 2f420003-8834-4d73-af1b-d40c66f3e542
Server 799bb1b2-bd8f-49e2-81f8-f7237f0eb223 received client-request: Request { kind: ReserveTicket, customer: 951a367f-3cb3-4ebc-abe8-77225e269253, server: None, raw: .. }
Reserved ticket 9354 for customer 951a367f-3cb3-4ebc-abe8-77225e269253
Server 799bb1b2-bd8f-49e2-81f8-f7237f0eb223 received client-request: Request { kind: ReserveTicket, customer: 3d8c2098-fce2-45ea-aba2-8bfe8f7feb36, server: None, raw: .. }
Reserved ticket 9353 for customer 3d8c2098-fce2-45ea-aba2-8bfe8f7feb36
Server 799bb1b2-bd8f-49e2-81f8-f7237f0eb223 received client-request: Request { kind: ReserveTicket, customer: e6c8f8f7-3134-4731-8126-ec85cced8258, server: None, raw: .. }
Reserved ticket 9352 for customer e6c8f8f7-3134-4731-8126-ec85cced8258
Server 799bb1b2-bd8f-49e2-81f8-f7237f0eb223 received client-request: Request { kind: ReserveTicket, customer: 9c221e6b-d4f8-429a-b7da-16def631662a, server: None, raw: .. }
Reserved ticket 9351 for customer 9c221e6b-d4f8-429a-b7da-16def631662a
Server 799bb1b2-bd8f-49e2-81f8-f7237f0eb223 received client-request: Request { kind: ReserveTicket, customer: 5e6f2907-346f-4e16-aaa0-0aa01782985b, server: None, raw: .. }
Reserved ticket 9350 for customer 5e6f2907-346f-4e16-aaa0-0aa01782985b
Server 65a51e17-fff5-4036-8b94-6db5de4d28d8 received client-request: Request { kind: ReserveTicket, customer: d44505a1-278b-4019-8806-76e696076082, server: None, raw: .. }
Reserved ticket 9349 for customer d44505a1-278b-4019-8806-76e696076082
Server 799bb1b2-bd8f-49e2-81f8-f7237f0eb223 received client-request: Request { kind: ReserveTicket, customer: 6c8f6631-75f7-4b9f-accb-37e85fb782ed, server: None, raw: .. }
Reserved ticket 9348 for customer 6c8f6631-75f7-4b9f-accb-37e85fb782ed
Server 799bb1b2-bd8f-49e2-81f8-f7237f0eb223 received client-request: Request { kind: ReserveTicket, customer: 2c8ff7a0-ab92-4189-97f7-0653a9ce52d9, server: None, raw: .. }
Reserved ticket 9347 for customer 2c8ff7a0-ab92-4189-97f7-0653a9ce52d9
Server 799bb1b2-bd8f-49e2-81f8-f7237f0eb223 received client-request: Request { kind: ReserveTicket, customer: 677e94d4-794e-4b98-88de-4b86c707b712, server: None, raw: .. }
Reserved ticket 9346 for customer 677e94d4-794e-4b98-88de-4b86c707b712
Server 799bb1b2-bd8f-49e2-81f8-f7237f0eb223 received client-request: Request { kind: ReserveTicket, customer: c439a0cb-e358-49ac-8b21-a27685ad820c, server: None, raw: .. }
Reserved ticket 9345 for customer c439a0cb-e358-49ac-8b21-a27685ad820c
Server 799bb1b2-bd8f-49e2-81f8-f7237f0eb223 received client-request: Request { kind: ReserveTicket, customer: 08ff8f50-83cf-48af-9a4a-dcd4c90abbc4, server: None, raw: .. }
Reserved ticket 9344 for customer 08ff8f50-83cf-48af-9a4a-dcd4c90abbc4
Server 799bb1b2-bd8f-49e2-81f8-f7237f0eb223 received client-request: Request { kind: ReserveTicket, customer: 63791f6f-aab4-4bd6-ae5a-f375fe59b115, server: None, raw: .. }
Reserved ticket 9343 for customer 63791f6f-aab4-4bd6-ae5a-f375fe59b115
Server 799bb1b2-bd8f-49e2-81f8-f7237f0eb223 received client-request: Request { kind: ReserveTicket, customer: 889cd18c-da67-48a9-95bd-4e02134141d0, server: None, raw: .. }
Reserved ticket 9342 for customer 889cd18c-da67-48a9-95bd-4e02134141d0
Server 799bb1b2-bd8f-49e2-81f8-f7237f0eb223 received client-request: Request { kind: ReserveTicket, customer: 27ac66c2-b90d-4b74-ba14-98a213ac3136, server: None, raw: .. }
Reserved ticket 9341 for customer 27ac66c2-b90d-4b74-ba14-98a213ac3136
Server 799bb1b2-bd8f-49e2-81f8-f7237f0eb223 received client-request: Request { kind: ReserveTicket, customer: 33e8c0a6-5b8c-4d2f-b139-e5c01ab0d177, server: None, raw: .. }
Reserved ticket 9340 for customer 33e8c0a6-5b8c-4d2f-b139-e5c01ab0d177
Server 799bb1b2-bd8f-49e2-81f8-f7237f0eb223 received client-request: Request { kind: ReserveTicket, customer: ca3a5cf1-5e9e-4ebf-b3b0-9bd732e38b0f, server: None, raw: .. }
Reserved ticket 9339 for customer ca3a5cf1-5e9e-4ebf-b3b0-9bd732e38b0f
Server 799bb1b2-bd8f-49e2-81f8-f7237f0eb223 received client-request: Request { kind: ReserveTicket, customer: e3d9f6fc-7612-4a8d-a0d3-0b3388541bcb, server: None, raw: .. }
Reserved ticket 9338 for customer e3d9f6fc-7612-4a8d-a0d3-0b3388541bcb
Server 799bb1b2-bd8f-49e2-81f8-f7237f0eb223 received client-request: Request { kind: ReserveTicket, customer: dc669f8a-8f63-4d4f-bff9-c64b833a5a1d, server: None, raw: .. }
Reserved ticket 9337 for customer dc669f8a-8f63-4d4f-bff9-c64b833a5a1d
Server 799bb1b2-bd8f-49e2-81f8-f7237f0eb223 received client-request: Request { kind: ReserveTicket, customer: b83e4310-75f2-4637-a3c2-55d8e629b3fc, server: None, raw: .. }
Reserved ticket 9336 for customer b83e4310-75f2-4637-a3c2-55d8e629b3fc
Server 799bb1b2-bd8f-49e2-81f8-f7237f0eb223 received client-request: Request { kind: ReserveTicket, customer: b80737a5-6084-46ad-94b6-266e12817315, server: None, raw: .. }
Reserved ticket 9335 for customer b80737a5-6084-46ad-94b6-266e12817315
Server 799bb1b2-bd8f-49e2-81f8-f7237f0eb223 received client-request: Request { kind: ReserveTicket, customer: 3061336c-5a52-4b1b-b947-f6357ca9322f, server: None, raw: .. }
Reserved ticket 9334 for customer 3061336c-5a52-4b1b-b947-f6357ca9322f
Server 799bb1b2-bd8f-49e2-81f8-f7237f0eb223 received client-request: Request { kind: ReserveTicket, customer: 09cf6ef6-7833-468d-93a1-72b5174f42b2, server: None, raw: .. }
Reserved ticket 9333 for customer 09cf6ef6-7833-468d-93a1-72b5174f42b2
Server 799bb1b2-bd8f-49e2-81f8-f7237f0eb223 received client-request: Request { kind: ReserveTicket, customer: 3cca4294-8ff0-409d-89f9-c04f186105f0, server: None, raw: .. }
Reserved ticket 9332 for customer 3cca4294-8ff0-409d-89f9-c04f186105f0
Server 799bb1b2-bd8f-49e2-81f8-f7237f0eb223 received client-request: Request { kind: ReserveTicket, customer: bb4e4074-e128-49f1-ad97-5185b351e74c, server: None, raw: .. }
Reserved ticket 9331 for customer bb4e4074-e128-49f1-ad97-5185b351e74c
Server 799bb1b2-bd8f-49e2-81f8-f7237f0eb223 received client-request: Request { kind: ReserveTicket, customer: f1a95f35-fe1c-49dc-b482-e72e91fb3069, server: None, raw: .. }
Reserved ticket 9330 for customer f1a95f35-fe1c-49dc-b482-e72e91fb3069
Server 65a51e17-fff5-4036-8b94-6db5de4d28d8 received client-request: Request { kind: ReserveTicket, customer: b9643dbf-2bfb-4cdd-b371-6179e0ee2895, server: None, raw: .. }
Reserved ticket 9329 for customer b9643dbf-2bfb-4cdd-b371-6179e0ee2895
Server 799bb1b2-bd8f-49e2-81f8-f7237f0eb223 received client-request: Request { kind: ReserveTicket, customer: 55053442-b1a2-4e0f-9ab4-54a986335950, server: None, raw: .. }
Reserved ticket 9328 for customer 55053442-b1a2-4e0f-9ab4-54a986335950
Server 799bb1b2-bd8f-49e2-81f8-f7237f0eb223 received client-request: Request { kind: ReserveTicket, customer: 0fc5eb18-eb9b-4d55-9e10-60ae0d1af432, server: None, raw: .. }
Reserved ticket 9327 for customer 0fc5eb18-eb9b-4d55-9e10-60ae0d1af432
Server 799bb1b2-bd8f-49e2-81f8-f7237f0eb223 received client-request: Request { kind: ReserveTicket, customer: f7ecde49-d906-45f8-adf3-bc578cc0b7f7, server: None, raw: .. }
Reserved ticket 9326 for customer f7ecde49-d906-45f8-adf3-bc578cc0b7f7
Server 799bb1b2-bd8f-49e2-81f8-f7237f0eb223 received client-request: Request { kind: ReserveTicket, customer: f3705300-4f5d-4c46-b77b-8ed0cda35294, server: None, raw: .. }
Reserved ticket 9325 for customer f3705300-4f5d-4c46-b77b-8ed0cda35294
Server 799bb1b2-bd8f-49e2-81f8-f7237f0eb223 received client-request: Request { kind: ReserveTicket, customer: d95b5ecc-ad5d-4361-a9d2-ab868335aa0b, server: None, raw: .. }
Reserved ticket 9324 for customer d95b5ecc-ad5d-4361-a9d2-ab868335aa0b
Server 799bb1b2-bd8f-49e2-81f8-f7237f0eb223 received client-request: Request { kind: ReserveTicket, customer: a621566c-e4b0-4589-9cc0-a207277e0e45, server: None, raw: .. }
Reserved ticket 9323 for customer a621566c-e4b0-4589-9cc0-a207277e0e45
Server 799bb1b2-bd8f-49e2-81f8-f7237f0eb223 received client-request: Request { kind: ReserveTicket, customer: 40c8d667-cf5b-4e82-8c2c-a4ae801500fb, server: None, raw: .. }
Reserved ticket 9322 for customer 40c8d667-cf5b-4e82-8c2c-a4ae801500fb
Server 799bb1b2-bd8f-49e2-81f8-f7237f0eb223 received client-request: Request { kind: ReserveTicket, customer: c8ac2778-f8ca-4ffc-8f03-3104bef52511, server: None, raw: .. }
Reserved ticket 9321 for customer c8ac2778-f8ca-4ffc-8f03-3104bef52511
Server 799bb1b2-bd8f-49e2-81f8-f7237f0eb223 received client-request: Request { kind: ReserveTicket, customer: d49f4b7b-8f56-4442-89a4-02f574849da7, server: None, raw: .. }
Reserved ticket 9320 for customer d49f4b7b-8f56-4442-89a4-02f574849da7
Server 799bb1b2-bd8f-49e2-81f8-f7237f0eb223 received client-request: Request { kind: ReserveTicket, customer: 5f42f0b1-437c-42eb-84e7-6456bd97b5c6, server: None, raw: .. }
Reserved ticket 9319 for customer 5f42f0b1-437c-42eb-84e7-6456bd97b5c6
Server 799bb1b2-bd8f-49e2-81f8-f7237f0eb223 received client-request: Request { kind: ReserveTicket, customer: 3715a03a-f8bb-49bc-a1b0-867f6f8e95ce, server: None, raw: .. }
Reserved ticket 9318 for customer 3715a03a-f8bb-49bc-a1b0-867f6f8e95ce
Server 799bb1b2-bd8f-49e2-81f8-f7237f0eb223 received client-request: Request { kind: ReserveTicket, customer: d4c81fce-e90c-4e2c-9403-a9289591ed5d, server: None, raw: .. }
Reserved ticket 9317 for customer d4c81fce-e90c-4e2c-9403-a9289591ed5d
Server 799bb1b2-bd8f-49e2-81f8-f7237f0eb223 received client-request: Request { kind: ReserveTicket, customer: 0ce4cde7-a759-4c74-a0fe-c12eb62a3fa0, server: None, raw: .. }
Reserved ticket 9316 for customer 0ce4cde7-a759-4c74-a0fe-c12eb62a3fa0
Server 799bb1b2-bd8f-49e2-81f8-f7237f0eb223 received client-request: Request { kind: ReserveTicket, customer: 58220bcc-f2a3-4349-a85b-8e1df4b848b4, server: None, raw: .. }
Reserved ticket 9315 for customer 58220bcc-f2a3-4349-a85b-8e1df4b848b4
Server 799bb1b2-bd8f-49e2-81f8-f7237f0eb223 received client-request: Request { kind: ReserveTicket, customer: f708fa19-4c03-4b36-bcda-6d2c25d3c3ae, server: None, raw: .. }
Reserved ticket 9314 for customer f708fa19-4c03-4b36-bcda-6d2c25d3c3ae
Server 799bb1b2-bd8f-49e2-81f8-f7237f0eb223 received client-request: Request { kind: ReserveTicket, customer: 194da686-f5d7-4c15-9b24-2a6b76fbd8c2, server: None, raw: .. }
Reserved ticket 9313 for customer 194da686-f5d7-4c15-9b24-2a6b76fbd8c2
Server 799bb1b2-bd8f-49e2-81f8-f7237f0eb223 received client-request: Request { kind: ReserveTicket, customer: 71c4f610-bbbd-49ea-bb26-a1ef5502d301, server: None, raw: .. }
Reserved ticket 9312 for customer 71c4f610-bbbd-49ea-bb26-a1ef5502d301
Server 799bb1b2-bd8f-49e2-81f8-f7237f0eb223 received client-request: Request { kind: ReserveTicket, customer: dfedc9f1-4d00-4b26-9c19-33874e39cf12, server: None, raw: .. }
Reserved ticket 9311 for customer dfedc9f1-4d00-4b26-9c19-33874e39cf12
Server 799bb1b2-bd8f-49e2-81f8-f7237f0eb223 received client-request: Request { kind: ReserveTicket, customer: 1640deb3-0203-41aa-91d3-501122ed08a9, server: None, raw: .. }
Reserved ticket 9310 for customer 1640deb3-0203-41aa-91d3-501122ed08a9
Server 65a51e17-fff5-4036-8b94-6db5de4d28d8 received client-request: Request { kind: ReserveTicket, customer: 6a97d329-d07d-4ae4-b48f-ffc664def0a2, server: None, raw: .. }
Reserved ticket 9309 for customer 6a97d329-d07d-4ae4-b48f-ffc664def0a2
Server 799bb1b2-bd8f-49e2-81f8-f7237f0eb223 received client-request: Request { kind: ReserveTicket, customer: b12d22be-2e8c-4f13-a10b-8bcfd4095e4f, server: None, raw: .. }
Reserved ticket 9308 for customer b12d22be-2e8c-4f13-a10b-8bcfd4095e4f
Server 799bb1b2-bd8f-49e2-81f8-f7237f0eb223 received client-request: Request { kind: ReserveTicket, customer: 161b1804-300d-479d-bc9c-7b162b2abd85, server: None, raw: .. }
Reserved ticket 9307 for customer 161b1804-300d-479d-bc9c-7b162b2abd85
Server 799bb1b2-bd8f-49e2-81f8-f7237f0eb223 received client-request: Request { kind: ReserveTicket, customer: bc9e0235-1235-4834-9097-704ba042fe0e, server: None, raw: .. }
Reserved ticket 9306 for customer bc9e0235-1235-4834-9097-704ba042fe0e
Server 799bb1b2-bd8f-49e2-81f8-f7237f0eb223 received client-request: Request { kind: ReserveTicket, customer: 6e3dd998-e683-4f5f-8623-d665205737c9, server: None, raw: .. }
Reserved ticket 9305 for customer 6e3dd998-e683-4f5f-8623-d665205737c9
Server 799bb1b2-bd8f-49e2-81f8-f7237f0eb223 received client-request: Request { kind: ReserveTicket, customer: 3bf6091f-e93c-43a6-93dd-740096e2ce52, server: None, raw: .. }
Reserved ticket 9304 for customer 3bf6091f-e93c-43a6-93dd-740096e2ce52
Server 799bb1b2-bd8f-49e2-81f8-f7237f0eb223 received client-request: Request { kind: ReserveTicket, customer: 73a1bdd5-f051-4a1f-9440-d5e363a129b3, server: None, raw: .. }
Reserved ticket 9303 for customer 73a1bdd5-f051-4a1f-9440-d5e363a129b3
Server 799bb1b2-bd8f-49e2-81f8-f7237f0eb223 received client-request: Request { kind: ReserveTicket, customer: 48a6cddb-5c16-4d7a-aa60-e78d0102aa42, server: None, raw: .. }
Reserved ticket 9302 for customer 48a6cddb-5c16-4d7a-aa60-e78d0102aa42
Server 799bb1b2-bd8f-49e2-81f8-f7237f0eb223 received client-request: Request { kind: ReserveTicket, customer: 05e2e6de-0f42-4f49-a2cb-57c6a73d2fd2, server: None, raw: .. }
Reserved ticket 9301 for customer 05e2e6de-0f42-4f49-a2cb-57c6a73d2fd2
Server 799bb1b2-bd8f-49e2-81f8-f7237f0eb223 received client-request: Request { kind: ReserveTicket, customer: 216b4606-2ff0-4b4b-bca3-0334ee0c7ee3, server: None, raw: .. }
Reserved ticket 9300 for customer 216b4606-2ff0-4b4b-bca3-0334ee0c7ee3
Server 799bb1b2-bd8f-49e2-81f8-f7237f0eb223 received client-request: Request { kind: ReserveTicket, customer: e57092e1-6a80-4e16-865a-5209e746734e, server: None, raw: .. }
Reserved ticket 9299 for customer e57092e1-6a80-4e16-865a-5209e746734e
Server 799bb1b2-bd8f-49e2-81f8-f7237f0eb223 received client-request: Request { kind: ReserveTicket, customer: 9a7a05d6-9468-4378-a09f-d3a56d592ef5, server: None, raw: .. }
Reserved ticket 9298 for customer 9a7a05d6-9468-4378-a09f-d3a56d592ef5
Server 799bb1b2-bd8f-49e2-81f8-f7237f0eb223 received client-request: Request { kind: ReserveTicket, customer: bcfc8c74-0462-4a36-9129-88621690f17b, server: None, raw: .. }
Reserved ticket 9297 for customer bcfc8c74-0462-4a36-9129-88621690f17b
Server 799bb1b2-bd8f-49e2-81f8-f7237f0eb223 received client-request: Request { kind: ReserveTicket, customer: 08383f8c-cadd-4df8-887d-9f6f1e852ef3, server: None, raw: .. }
Reserved ticket 9296 for customer 08383f8c-cadd-4df8-887d-9f6f1e852ef3
Server 799bb1b2-bd8f-49e2-81f8-f7237f0eb223 received client-request: Request { kind: ReserveTicket, customer: 90e28523-a571-497f-8dce-df8fb3033dea, server: None, raw: .. }
Reserved ticket 9295 for customer 90e28523-a571-497f-8dce-df8fb3033dea
Server 799bb1b2-bd8f-49e2-81f8-f7237f0eb223 received client-request: Request { kind: ReserveTicket, customer: 775480cf-9c16-4996-8a91-13acb2f9d751, server: None, raw: .. }
Reserved ticket 9294 for customer 775480cf-9c16-4996-8a91-13acb2f9d751
Server 799bb1b2-bd8f-49e2-81f8-f7237f0eb223 received client-request: Request { kind: ReserveTicket, customer: 5e867eee-889a-42ae-a346-97996551675f, server: None, raw: .. }
Reserved ticket 9293 for customer 5e867eee-889a-42ae-a346-97996551675f
Server 799bb1b2-bd8f-49e2-81f8-f7237f0eb223 received client-request: Request { kind: ReserveTicket, customer: 8b0835a2-c324-428e-9e90-ade92ef06b0d, server: None, raw: .. }
Reserved ticket 9292 for customer 8b0835a2-c324-428e-9e90-ade92ef06b0d
Server 799bb1b2-bd8f-49e2-81f8-f7237f0eb223 received client-request: Request { kind: ReserveTicket, customer: 542dfb45-fd2b-448a-a7a2-2d4bbe105022, server: None, raw: .. }
Reserved ticket 9291 for customer 542dfb45-fd2b-448a-a7a2-2d4bbe105022
Server 799bb1b2-bd8f-49e2-81f8-f7237f0eb223 received client-request: Request { kind: ReserveTicket, customer: 72acff87-88dd-4644-8332-02b9704948c4, server: None, raw: .. }
Reserved ticket 9290 for customer 72acff87-88dd-4644-8332-02b9704948c4
Server 65a51e17-fff5-4036-8b94-6db5de4d28d8 received client-request: Request { kind: ReserveTicket, customer: 85817502-74f8-4398-98c7-842ed5df3a35, server: None, raw: .. }
Reserved ticket 9289 for customer 85817502-74f8-4398-98c7-842ed5df3a35
Server 799bb1b2-bd8f-49e2-81f8-f7237f0eb223 received client-request: Request { kind: ReserveTicket, customer: 84e5fb5d-f75d-4dff-9725-a946c9954bd0, server: None, raw: .. }
Reserved ticket 9288 for customer 84e5fb5d-f75d-4dff-9725-a946c9954bd0
Server 799bb1b2-bd8f-49e2-81f8-f7237f0eb223 received client-request: Request { kind: ReserveTicket, customer: 964d94d2-342a-4b26-82ea-820566ea9830, server: None, raw: .. }
Reserved ticket 9287 for customer 964d94d2-342a-4b26-82ea-820566ea9830
Server 799bb1b2-bd8f-49e2-81f8-f7237f0eb223 received client-request: Request { kind: ReserveTicket, customer: 5cd0a81b-49c3-45bd-99a2-e3740d319a4c, server: None, raw: .. }
Reserved ticket 9286 for customer 5cd0a81b-49c3-45bd-99a2-e3740d319a4c
Server 799bb1b2-bd8f-49e2-81f8-f7237f0eb223 received client-request: Request { kind: ReserveTicket, customer: e6112c4a-3b1d-48a2-81fa-e60b166be612, server: None, raw: .. }
Reserved ticket 9285 for customer e6112c4a-3b1d-48a2-81fa-e60b166be612
Server 799bb1b2-bd8f-49e2-81f8-f7237f0eb223 received client-request: Request { kind: ReserveTicket, customer: d2c18b4f-2616-4366-b1d3-b303bf224fe4, server: None, raw: .. }
Reserved ticket 9284 for customer d2c18b4f-2616-4366-b1d3-b303bf224fe4
Server 799bb1b2-bd8f-49e2-81f8-f7237f0eb223 received client-request: Request { kind: ReserveTicket, customer: 0f6b8c3a-9894-4c8c-8895-b4e0abdbf543, server: None, raw: .. }
Reserved ticket 9283 for customer 0f6b8c3a-9894-4c8c-8895-b4e0abdbf543
Server 799bb1b2-bd8f-49e2-81f8-f7237f0eb223 received client-request: Request { kind: ReserveTicket, customer: a735cea7-ec5b-48cd-b4c7-be07e08c121b, server: None, raw: .. }
Reserved ticket 9282 for customer a735cea7-ec5b-48cd-b4c7-be07e08c121b
Server 799bb1b2-bd8f-49e2-81f8-f7237f0eb223 received client-request: Request { kind: ReserveTicket, customer: 6f5ad8e3-492c-40b4-b858-e0f1fb3132c1, server: None, raw: .. }
Reserved ticket 9281 for customer 6f5ad8e3-492c-40b4-b858-e0f1fb3132c1
Server 799bb1b2-bd8f-49e2-81f8-f7237f0eb223 received client-request: Request { kind: ReserveTicket, customer: c5d066f2-2b75-4033-8b0d-185b770ce5e8, server: None, raw: .. }
Reserved ticket 9280 for customer c5d066f2-2b75-4033-8b0d-185b770ce5e8
Server 799bb1b2-bd8f-49e2-81f8-f7237f0eb223 received client-request: Request { kind: ReserveTicket, customer: 1489af95-109c-43ca-bb84-52fb9befc486, server: None, raw: .. }
Reserved ticket 9279 for customer 1489af95-109c-43ca-bb84-52fb9befc486
Server 799bb1b2-bd8f-49e2-81f8-f7237f0eb223 received client-request: Request { kind: ReserveTicket, customer: 7d787650-4ed9-4620-b3f9-c91515c1a3e5, server: None, raw: .. }
Reserved ticket 9278 for customer 7d787650-4ed9-4620-b3f9-c91515c1a3e5
Server 799bb1b2-bd8f-49e2-81f8-f7237f0eb223 received client-request: Request { kind: ReserveTicket, customer: ecc962a2-f177-4b47-adf0-7c1b9ec4090c, server: None, raw: .. }
Reserved ticket 9277 for customer ecc962a2-f177-4b47-adf0-7c1b9ec4090c
Server 799bb1b2-bd8f-49e2-81f8-f7237f0eb223 received client-request: Request { kind: ReserveTicket, customer: e8267a0d-8b24-433d-9d92-27431fe7cd97, server: None, raw: .. }
Reserved ticket 9276 for customer e8267a0d-8b24-433d-9d92-27431fe7cd97
Server 799bb1b2-bd8f-49e2-81f8-f7237f0eb223 received client-request: Request { kind: ReserveTicket, customer: a0a5cc51-88a1-4edf-855e-f8a81ae5a6ac, server: None, raw: .. }
Reserved ticket 9275 for customer a0a5cc51-88a1-4edf-855e-f8a81ae5a6ac
Server 799bb1b2-bd8f-49e2-81f8-f7237f0eb223 received client-request: Request { kind: ReserveTicket, customer: 4a10bdf9-ed2f-4dca-afe8-b7f3d3e119fc, server: None, raw: .. }
Reserved ticket 9274 for customer 4a10bdf9-ed2f-4dca-afe8-b7f3d3e119fc
Server 799bb1b2-bd8f-49e2-81f8-f7237f0eb223 received client-request: Request { kind: ReserveTicket, customer: 16719b84-ea44-42c7-b9cb-f0a0341e48bc, server: None, raw: .. }
Reserved ticket 9273 for customer 16719b84-ea44-42c7-b9cb-f0a0341e48bc
Server 799bb1b2-bd8f-49e2-81f8-f7237f0eb223 received client-request: Request { kind: ReserveTicket, customer: 140e1d4e-6fb9-4812-bede-c65afa072363, server: None, raw: .. }
Reserved ticket 9272 for customer 140e1d4e-6fb9-4812-bede-c65afa072363
Server 799bb1b2-bd8f-49e2-81f8-f7237f0eb223 received client-request: Request { kind: ReserveTicket, customer: 4414db23-ae59-47d1-bd9b-e47efcd7afd0, server: None, raw: .. }
Reserved ticket 9271 for customer 4414db23-ae59-47d1-bd9b-e47efcd7afd0
Server 799bb1b2-bd8f-49e2-81f8-f7237f0eb223 received client-request: Request { kind: ReserveTicket, customer: d7bebe08-8da9-438e-8e0f-5a1f5067a747, server: None, raw: .. }
Reserved ticket 9270 for customer d7bebe08-8da9-438e-8e0f-5a1f5067a747
Server 65a51e17-fff5-4036-8b94-6db5de4d28d8 received client-request: Request { kind: ReserveTicket, customer: f12fd070-fb3e-4ead-b962-517c3e31c88d, server: None, raw: .. }
Reserved ticket 9269 for customer f12fd070-fb3e-4ead-b962-517c3e31c88d
Server 799bb1b2-bd8f-49e2-81f8-f7237f0eb223 received client-request: Request { kind: ReserveTicket, customer: 2635a650-0506-4c5a-89b8-5fb49ceb73f0, server: None, raw: .. }
Reserved ticket 9268 for customer 2635a650-0506-4c5a-89b8-5fb49ceb73f0
Server 799bb1b2-bd8f-49e2-81f8-f7237f0eb223 received client-request: Request { kind: ReserveTicket, customer: 7c952eb1-c03c-4018-a683-34a567626884, server: None, raw: .. }
Reserved ticket 9267 for customer 7c952eb1-c03c-4018-a683-34a567626884
Server 799bb1b2-bd8f-49e2-81f8-f7237f0eb223 received client-request: Request { kind: ReserveTicket, customer: ee29d072-a715-4370-8072-cc5f9005f3f9, server: None, raw: .. }
Reserved ticket 9266 for customer ee29d072-a715-4370-8072-cc5f9005f3f9
Server 799bb1b2-bd8f-49e2-81f8-f7237f0eb223 received client-request: Request { kind: ReserveTicket, customer: 97a3d039-c489-47dd-b858-06eb62b390a6, server: None, raw: .. }
Reserved ticket 9265 for customer 97a3d039-c489-47dd-b858-06eb62b390a6
Server 799bb1b2-bd8f-49e2-81f8-f7237f0eb223 received client-request: Request { kind: ReserveTicket, customer: ed2c2570-d977-45dd-a0b6-d1ed483d70a6, server: None, raw: .. }
Reserved ticket 9264 for customer ed2c2570-d977-45dd-a0b6-d1ed483d70a6
Server 799bb1b2-bd8f-49e2-81f8-f7237f0eb223 received client-request: Request { kind: ReserveTicket, customer: 7b637dbd-7335-4334-ba0c-cc9fdf5c0635, server: None, raw: .. }
Reserved ticket 9263 for customer 7b637dbd-7335-4334-ba0c-cc9fdf5c0635
Server 799bb1b2-bd8f-49e2-81f8-f7237f0eb223 received client-request: Request { kind: ReserveTicket, customer: 78602ab2-0baf-4aa8-95df-949e8bd18862, server: None, raw: .. }
Reserved ticket 9262 for customer 78602ab2-0baf-4aa8-95df-949e8bd18862
Server 799bb1b2-bd8f-49e2-81f8-f7237f0eb223 received client-request: Request { kind: ReserveTicket, customer: c94380de-3154-490f-8832-5cd95e82f99f, server: None, raw: .. }
Reserved ticket 9261 for customer c94380de-3154-490f-8832-5cd95e82f99f
Server 799bb1b2-bd8f-49e2-81f8-f7237f0eb223 received client-request: Request { kind: ReserveTicket, customer: d7319ef0-455e-4a1a-a255-493abeb0c8e2, server: None, raw: .. }
Reserved ticket 9260 for customer d7319ef0-455e-4a1a-a255-493abeb0c8e2
Server 799bb1b2-bd8f-49e2-81f8-f7237f0eb223 received client-request: Request { kind: ReserveTicket, customer: 25985fb8-3d97-4690-9584-dc951ab39ad0, server: None, raw: .. }
Reserved ticket 9259 for customer 25985fb8-3d97-4690-9584-dc951ab39ad0
Server 799bb1b2-bd8f-49e2-81f8-f7237f0eb223 received client-request: Request { kind: ReserveTicket, customer: 65dbb359-620f-418d-8610-06254dda776d, server: None, raw: .. }
Reserved ticket 9258 for customer 65dbb359-620f-418d-8610-06254dda776d
Server 799bb1b2-bd8f-49e2-81f8-f7237f0eb223 received client-request: Request { kind: ReserveTicket, customer: b74d918d-19a9-46fc-9555-0db7de736c0b, server: None, raw: .. }
Reserved ticket 9257 for customer b74d918d-19a9-46fc-9555-0db7de736c0b
Server 799bb1b2-bd8f-49e2-81f8-f7237f0eb223 received client-request: Request { kind: ReserveTicket, customer: d4c1bbb8-2693-4e76-830c-de11250cfd87, server: None, raw: .. }
Reserved ticket 9256 for customer d4c1bbb8-2693-4e76-830c-de11250cfd87
Server 799bb1b2-bd8f-49e2-81f8-f7237f0eb223 received client-request: Request { kind: ReserveTicket, customer: b027829a-f712-42a8-a5dc-cfe2cd8f7665, server: None, raw: .. }
Reserved ticket 9255 for customer b027829a-f712-42a8-a5dc-cfe2cd8f7665
Server 799bb1b2-bd8f-49e2-81f8-f7237f0eb223 received client-request: Request { kind: ReserveTicket, customer: 55e71b9b-966e-4fe1-8f6e-c625e86b3e73, server: None, raw: .. }
Reserved ticket 9254 for customer 55e71b9b-966e-4fe1-8f6e-c625e86b3e73
Server 799bb1b2-bd8f-49e2-81f8-f7237f0eb223 received client-request: Request { kind: ReserveTicket, customer: 5137bdbe-4476-413d-94d6-9ea3ce6aadf8, server: None, raw: .. }
Reserved ticket 9253 for customer 5137bdbe-4476-413d-94d6-9ea3ce6aadf8
Server 799bb1b2-bd8f-49e2-81f8-f7237f0eb223 received client-request: Request { kind: ReserveTicket, customer: bdbcc343-1a44-4d98-8c43-5fe5f525dba8, server: None, raw: .. }
Reserved ticket 9252 for customer bdbcc343-1a44-4d98-8c43-5fe5f525dba8
Server 799bb1b2-bd8f-49e2-81f8-f7237f0eb223 received client-request: Request { kind: ReserveTicket, customer: b7a6a421-2bc8-4bce-8ddd-40c1168527f9, server: None, raw: .. }
Reserved ticket 9251 for customer b7a6a421-2bc8-4bce-8ddd-40c1168527f9
Server 799bb1b2-bd8f-49e2-81f8-f7237f0eb223 received client-request: Request { kind: ReserveTicket, customer: 395e8437-2050-49ef-a87f-b5ea3de84528, server: None, raw: .. }
Reserved ticket 9250 for customer 395e8437-2050-49ef-a87f-b5ea3de84528
Server 65a51e17-fff5-4036-8b94-6db5de4d28d8 received client-request: Request { kind: ReserveTicket, customer: f386b279-1cc3-42b9-9cab-975514e8258b, server: None, raw: .. }
Reserved ticket 9249 for customer f386b279-1cc3-42b9-9cab-975514e8258b
Server 799bb1b2-bd8f-49e2-81f8-f7237f0eb223 received client-request: Request { kind: ReserveTicket, customer: 33dba641-4413-4b39-84c4-1a4123a7ed53, server: None, raw: .. }
Reserved ticket 9248 for customer 33dba641-4413-4b39-84c4-1a4123a7ed53
Server 799bb1b2-bd8f-49e2-81f8-f7237f0eb223 received client-request: Request { kind: ReserveTicket, customer: 95a9d90d-0606-4072-9d31-cc1557d6b86f, server: None, raw: .. }
Reserved ticket 9247 for customer 95a9d90d-0606-4072-9d31-cc1557d6b86f
Server 799bb1b2-bd8f-49e2-81f8-f7237f0eb223 received client-request: Request { kind: ReserveTicket, customer: 43b0bae5-888a-40bd-9b35-8675d6da810e, server: None, raw: .. }
Reserved ticket 9246 for customer 43b0bae5-888a-40bd-9b35-8675d6da810e
Server 799bb1b2-bd8f-49e2-81f8-f7237f0eb223 received client-request: Request { kind: ReserveTicket, customer: 469800f0-2cde-4e90-8b17-8f5fcf3242cc, server: None, raw: .. }
Reserved ticket 9245 for customer 469800f0-2cde-4e90-8b17-8f5fcf3242cc
Server 799bb1b2-bd8f-49e2-81f8-f7237f0eb223 received client-request: Request { kind: ReserveTicket, customer: 351449c3-cf0c-48d7-8752-fb551c700243, server: None, raw: .. }
Reserved ticket 9244 for customer 351449c3-cf0c-48d7-8752-fb551c700243
Server 799bb1b2-bd8f-49e2-81f8-f7237f0eb223 received client-request: Request { kind: ReserveTicket, customer: b0bafeee-80ea-43dc-8bd9-f8794efc8c09, server: None, raw: .. }
Reserved ticket 9243 for customer b0bafeee-80ea-43dc-8bd9-f8794efc8c09
Server 799bb1b2-bd8f-49e2-81f8-f7237f0eb223 received client-request: Request { kind: ReserveTicket, customer: 024ba57c-f74b-4027-b6e8-ac4e4649bdef, server: None, raw: .. }
Reserved ticket 9242 for customer 024ba57c-f74b-4027-b6e8-ac4e4649bdef
Server 799bb1b2-bd8f-49e2-81f8-f7237f0eb223 received client-request: Request { kind: ReserveTicket, customer: d2523a9a-c68d-4fb6-8f8e-55962321a913, server: None, raw: .. }
Reserved ticket 9241 for customer d2523a9a-c68d-4fb6-8f8e-55962321a913
Server 799bb1b2-bd8f-49e2-81f8-f7237f0eb223 received client-request: Request { kind: ReserveTicket, customer: 63ce996b-624f-4d73-9f45-d5c22cd161ba, server: None, raw: .. }
Reserved ticket 9240 for customer 63ce996b-624f-4d73-9f45-d5c22cd161ba
Server 799bb1b2-bd8f-49e2-81f8-f7237f0eb223 received client-request: Request { kind: ReserveTicket, customer: a0390b78-4e01-4a45-9d99-ded59453cf0b, server: None, raw: .. }
Reserved ticket 9239 for customer a0390b78-4e01-4a45-9d99-ded59453cf0b
Server 799bb1b2-bd8f-49e2-81f8-f7237f0eb223 received client-request: Request { kind: ReserveTicket, customer: d1cc1a08-ed3c-4ddd-b475-79cbb28d9910, server: None, raw: .. }
Reserved ticket 9238 for customer d1cc1a08-ed3c-4ddd-b475-79cbb28d9910
Server 799bb1b2-bd8f-49e2-81f8-f7237f0eb223 received client-request: Request { kind: ReserveTicket, customer: b25ae15a-b342-4712-a951-49d315395c77, server: None, raw: .. }
Reserved ticket 9237 for customer b25ae15a-b342-4712-a951-49d315395c77
Server 799bb1b2-bd8f-49e2-81f8-f7237f0eb223 received client-request: Request { kind: ReserveTicket, customer: b772b6b3-5dfa-452c-9fed-03c994f95d83, server: None, raw: .. }
Reserved ticket 9236 for customer b772b6b3-5dfa-452c-9fed-03c994f95d83
Server 799bb1b2-bd8f-49e2-81f8-f7237f0eb223 received client-request: Request { kind: ReserveTicket, customer: 67266d8e-dc05-4b00-8e69-b0b87eca97eb, server: None, raw: .. }
Reserved ticket 9235 for customer 67266d8e-dc05-4b00-8e69-b0b87eca97eb
Server 799bb1b2-bd8f-49e2-81f8-f7237f0eb223 received client-request: Request { kind: ReserveTicket, customer: 1b206663-3779-4714-b66f-58da625ff9ad, server: None, raw: .. }
Reserved ticket 9234 for customer 1b206663-3779-4714-b66f-58da625ff9ad
Server 799bb1b2-bd8f-49e2-81f8-f7237f0eb223 received client-request: Request { kind: ReserveTicket, customer: 4abbef14-4f3d-461b-a8dd-15317f03db0d, server: None, raw: .. }
Reserved ticket 9233 for customer 4abbef14-4f3d-461b-a8dd-15317f03db0d
Server 799bb1b2-bd8f-49e2-81f8-f7237f0eb223 received client-request: Request { kind: ReserveTicket, customer: 7f2ba912-3c72-4394-98ed-7ec2d71f814f, server: None, raw: .. }
Reserved ticket 9232 for customer 7f2ba912-3c72-4394-98ed-7ec2d71f814f
Server 799bb1b2-bd8f-49e2-81f8-f7237f0eb223 received client-request: Request { kind: ReserveTicket, customer: 4a70b3a0-b872-4586-9ccc-91e99e661022, server: None, raw: .. }
Reserved ticket 9231 for customer 4a70b3a0-b872-4586-9ccc-91e99e661022
Server 799bb1b2-bd8f-49e2-81f8-f7237f0eb223 received client-request: Request { kind: ReserveTicket, customer: 39d0b0e4-fe15-44fe-a3d7-7d00503fee65, server: None, raw: .. }
Reserved ticket 9230 for customer 39d0b0e4-fe15-44fe-a3d7-7d00503fee65
Server 65a51e17-fff5-4036-8b94-6db5de4d28d8 received client-request: Request { kind: ReserveTicket, customer: 88fb1771-950f-4825-a9bd-199b33918814, server: None, raw: .. }
Reserved ticket 9229 for customer 88fb1771-950f-4825-a9bd-199b33918814
Server 799bb1b2-bd8f-49e2-81f8-f7237f0eb223 received client-request: Request { kind: ReserveTicket, customer: 3bc767b2-608d-41b0-923e-940c6504efe8, server: None, raw: .. }
Reserved ticket 9228 for customer 3bc767b2-608d-41b0-923e-940c6504efe8
Server 799bb1b2-bd8f-49e2-81f8-f7237f0eb223 received client-request: Request { kind: ReserveTicket, customer: 006f2a5f-f930-498d-b64f-da06a79fc821, server: None, raw: .. }
Reserved ticket 9227 for customer 006f2a5f-f930-498d-b64f-da06a79fc821
Server 799bb1b2-bd8f-49e2-81f8-f7237f0eb223 received client-request: Request { kind: ReserveTicket, customer: f73b1387-b9dc-4a15-a0a9-4d40fbf7add7, server: None, raw: .. }
Reserved ticket 9226 for customer f73b1387-b9dc-4a15-a0a9-4d40fbf7add7
Server 799bb1b2-bd8f-49e2-81f8-f7237f0eb223 received client-request: Request { kind: ReserveTicket, customer: f071adcc-7893-4b5f-b19b-d9579f139b42, server: None, raw: .. }
Reserved ticket 9225 for customer f071adcc-7893-4b5f-b19b-d9579f139b42
Server 799bb1b2-bd8f-49e2-81f8-f7237f0eb223 received client-request: Request { kind: ReserveTicket, customer: 47f5231c-7a44-47e7-a34f-cd4a9b3e78ed, server: None, raw: .. }
Reserved ticket 9224 for customer 47f5231c-7a44-47e7-a34f-cd4a9b3e78ed
Server 799bb1b2-bd8f-49e2-81f8-f7237f0eb223 received client-request: Request { kind: ReserveTicket, customer: 836494f5-8710-49b3-b5cb-139720898d6c, server: None, raw: .. }
Reserved ticket 9223 for customer 836494f5-8710-49b3-b5cb-139720898d6c
Server 799bb1b2-bd8f-49e2-81f8-f7237f0eb223 received client-request: Request { kind: ReserveTicket, customer: 0e5b5fc9-e819-4a82-8339-2295bdf0accf, server: None, raw: .. }
Reserved ticket 9222 for customer 0e5b5fc9-e819-4a82-8339-2295bdf0accf
Server 799bb1b2-bd8f-49e2-81f8-f7237f0eb223 received client-request: Request { kind: ReserveTicket, customer: 30353580-acad-4749-97c9-7dafde444fca, server: None, raw: .. }
Reserved ticket 9221 for customer 30353580-acad-4749-97c9-7dafde444fca
Server 799bb1b2-bd8f-49e2-81f8-f7237f0eb223 received client-request: Request { kind: ReserveTicket, customer: 6ffcefcb-4875-4886-afd6-ff71424f7619, server: None, raw: .. }
Reserved ticket 9220 for customer 6ffcefcb-4875-4886-afd6-ff71424f7619
Server 799bb1b2-bd8f-49e2-81f8-f7237f0eb223 received client-request: Request { kind: ReserveTicket, customer: 477a168e-7a89-4c7f-beb5-bd172f772fc3, server: None, raw: .. }
Reserved ticket 9219 for customer 477a168e-7a89-4c7f-beb5-bd172f772fc3
Server 799bb1b2-bd8f-49e2-81f8-f7237f0eb223 received client-request: Request { kind: ReserveTicket, customer: b6719230-12b7-475f-aebf-db6aabe288c4, server: None, raw: .. }
Reserved ticket 9218 for customer b6719230-12b7-475f-aebf-db6aabe288c4
Server 799bb1b2-bd8f-49e2-81f8-f7237f0eb223 received client-request: Request { kind: ReserveTicket, customer: 8a5dfa7a-4bc7-4872-a28b-8d2d0185e29e, server: None, raw: .. }
Reserved ticket 9217 for customer 8a5dfa7a-4bc7-4872-a28b-8d2d0185e29e
Server 799bb1b2-bd8f-49e2-81f8-f7237f0eb223 received client-request: Request { kind: ReserveTicket, customer: 2bb18f20-2316-4285-bd71-0abccd882a3e, server: None, raw: .. }
Reserved ticket 9216 for customer 2bb18f20-2316-4285-bd71-0abccd882a3e
Server 799bb1b2-bd8f-49e2-81f8-f7237f0eb223 received client-request: Request { kind: ReserveTicket, customer: 922b3220-737e-4cb3-a092-88e6990a4e1a, server: None, raw: .. }
Reserved ticket 9215 for customer 922b3220-737e-4cb3-a092-88e6990a4e1a
Server 799bb1b2-bd8f-49e2-81f8-f7237f0eb223 received client-request: Request { kind: ReserveTicket, customer: 8281985b-fcda-4420-9f37-071d0f23228e, server: None, raw: .. }
Reserved ticket 9214 for customer 8281985b-fcda-4420-9f37-071d0f23228e
Server 799bb1b2-bd8f-49e2-81f8-f7237f0eb223 received client-request: Request { kind: ReserveTicket, customer: aab487e0-dd34-4469-a71d-cc7d672584cb, server: None, raw: .. }
Reserved ticket 9213 for customer aab487e0-dd34-4469-a71d-cc7d672584cb
Server 799bb1b2-bd8f-49e2-81f8-f7237f0eb223 received client-request: Request { kind: ReserveTicket, customer: 404f8a7d-6037-4dd1-833e-04b63fa2b5f0, server: None, raw: .. }
Reserved ticket 9212 for customer 404f8a7d-6037-4dd1-833e-04b63fa2b5f0
Server 799bb1b2-bd8f-49e2-81f8-f7237f0eb223 received client-request: Request { kind: ReserveTicket, customer: 26c59cf6-4efe-433e-99fb-735d5e6519a1, server: None, raw: .. }
Reserved ticket 9211 for customer 26c59cf6-4efe-433e-99fb-735d5e6519a1
Server 799bb1b2-bd8f-49e2-81f8-f7237f0eb223 received client-request: Request { kind: ReserveTicket, customer: 2bee7a31-f117-46b4-a636-9ec6ab7bb906, server: None, raw: .. }
Reserved ticket 9210 for customer 2bee7a31-f117-46b4-a636-9ec6ab7bb906
Server 65a51e17-fff5-4036-8b94-6db5de4d28d8 received client-request: Request { kind: ReserveTicket, customer: 2785ac26-8e90-4526-810e-88ed312c1413, server: None, raw: .. }
Reserved ticket 9209 for customer 2785ac26-8e90-4526-810e-88ed312c1413
Server 799bb1b2-bd8f-49e2-81f8-f7237f0eb223 received client-request: Request { kind: ReserveTicket, customer: 3191cd38-21c5-4e73-a665-e90a76a9d156, server: None, raw: .. }
Reserved ticket 9208 for customer 3191cd38-21c5-4e73-a665-e90a76a9d156
Server 799bb1b2-bd8f-49e2-81f8-f7237f0eb223 received client-request: Request { kind: ReserveTicket, customer: 492b3811-59e4-4706-a2c2-1b9a561b29bb, server: None, raw: .. }
Reserved ticket 9207 for customer 492b3811-59e4-4706-a2c2-1b9a561b29bb
Server 799bb1b2-bd8f-49e2-81f8-f7237f0eb223 received client-request: Request { kind: ReserveTicket, customer: 6d81967f-62b9-43db-9f5f-c90b5ac71596, server: None, raw: .. }
Reserved ticket 9206 for customer 6d81967f-62b9-43db-9f5f-c90b5ac71596
Server 799bb1b2-bd8f-49e2-81f8-f7237f0eb223 received client-request: Request { kind: ReserveTicket, customer: 27d89463-82d2-43fb-b10f-b56678639cb4, server: None, raw: .. }
Reserved ticket 9205 for customer 27d89463-82d2-43fb-b10f-b56678639cb4
Server 799bb1b2-bd8f-49e2-81f8-f7237f0eb223 received client-request: Request { kind: ReserveTicket, customer: d2ca35cf-6472-4c26-9d5b-70ec98328db0, server: None, raw: .. }
Reserved ticket 9204 for customer d2ca35cf-6472-4c26-9d5b-70ec98328db0
Server 799bb1b2-bd8f-49e2-81f8-f7237f0eb223 received client-request: Request { kind: ReserveTicket, customer: dd36f53a-5b63-412e-b97d-ffd99a6dfb9d, server: None, raw: .. }
Reserved ticket 9203 for customer dd36f53a-5b63-412e-b97d-ffd99a6dfb9d
Server 799bb1b2-bd8f-49e2-81f8-f7237f0eb223 received client-request: Request { kind: ReserveTicket, customer: 7bb25fc6-0416-4506-b8b8-1585fa10ade9, server: None, raw: .. }
Reserved ticket 9202 for customer 7bb25fc6-0416-4506-b8b8-1585fa10ade9
Server 799bb1b2-bd8f-49e2-81f8-f7237f0eb223 received client-request: Request { kind: ReserveTicket, customer: f1d98638-4ab4-48f1-a1ca-503c7fcfc6de, server: None, raw: .. }
Reserved ticket 9201 for customer f1d98638-4ab4-48f1-a1ca-503c7fcfc6de
Server 799bb1b2-bd8f-49e2-81f8-f7237f0eb223 received client-request: Request { kind: ReserveTicket, customer: 656a79f6-5a36-4f38-90b2-213a882443ec, server: None, raw: .. }
Reserved ticket 9200 for customer 656a79f6-5a36-4f38-90b2-213a882443ec
Server 799bb1b2-bd8f-49e2-81f8-f7237f0eb223 received client-request: Request { kind: ReserveTicket, customer: 3f93e2cc-a58b-4a5b-a6ae-acfb236a3b1e, server: None, raw: .. }
Reserved ticket 9199 for customer 3f93e2cc-a58b-4a5b-a6ae-acfb236a3b1e
Server 799bb1b2-bd8f-49e2-81f8-f7237f0eb223 received client-request: Request { kind: ReserveTicket, customer: 3fdd7096-75bd-464d-ae9f-4381262f4ff6, server: None, raw: .. }
Reserved ticket 9198 for customer 3fdd7096-75bd-464d-ae9f-4381262f4ff6
Server 799bb1b2-bd8f-49e2-81f8-f7237f0eb223 received client-request: Request { kind: ReserveTicket, customer: 82412a36-1424-48dc-aaac-ea311deb8477, server: None, raw: .. }
Reserved ticket 9197 for customer 82412a36-1424-48dc-aaac-ea311deb8477
Server 799bb1b2-bd8f-49e2-81f8-f7237f0eb223 received client-request: Request { kind: ReserveTicket, customer: 22c7576d-c147-461b-81a9-522c80ed16ac, server: None, raw: .. }
Reserved ticket 9196 for customer 22c7576d-c147-461b-81a9-522c80ed16ac
Server 799bb1b2-bd8f-49e2-81f8-f7237f0eb223 received client-request: Request { kind: ReserveTicket, customer: 8f00e356-bf93-4026-82c8-ee31a80cafa0, server: None, raw: .. }
Reserved ticket 9195 for customer 8f00e356-bf93-4026-82c8-ee31a80cafa0
Server 799bb1b2-bd8f-49e2-81f8-f7237f0eb223 received client-request: Request { kind: ReserveTicket, customer: 300a7be1-832f-4de9-9e28-c2cbd9ebc3dd, server: None, raw: .. }
Reserved ticket 9194 for customer 300a7be1-832f-4de9-9e28-c2cbd9ebc3dd
Server 799bb1b2-bd8f-49e2-81f8-f7237f0eb223 received client-request: Request { kind: ReserveTicket, customer: 8bbe2218-c2f4-4ee1-8f39-7961eb4cd11c, server: None, raw: .. }
Reserved ticket 9193 for customer 8bbe2218-c2f4-4ee1-8f39-7961eb4cd11c
Server 799bb1b2-bd8f-49e2-81f8-f7237f0eb223 received client-request: Request { kind: ReserveTicket, customer: b0bd30fc-9ee1-4024-9492-aae89e824a7a, server: None, raw: .. }
Reserved ticket 9192 for customer b0bd30fc-9ee1-4024-9492-aae89e824a7a
Server 799bb1b2-bd8f-49e2-81f8-f7237f0eb223 received client-request: Request { kind: ReserveTicket, customer: e3c9b75d-6985-44ce-9116-1aed0b220612, server: None, raw: .. }
Reserved ticket 9191 for customer e3c9b75d-6985-44ce-9116-1aed0b220612
Server 799bb1b2-bd8f-49e2-81f8-f7237f0eb223 received client-request: Request { kind: ReserveTicket, customer: 31b586c6-0e69-4ca7-a9fb-295304aeaba1, server: None, raw: .. }
Reserved ticket 9190 for customer 31b586c6-0e69-4ca7-a9fb-295304aeaba1
Server 65a51e17-fff5-4036-8b94-6db5de4d28d8 received client-request: Request { kind: ReserveTicket, customer: e3697c45-7f07-4ed4-a1a8-41ecde2f1064, server: None, raw: .. }
Reserved ticket 9189 for customer e3697c45-7f07-4ed4-a1a8-41ecde2f1064
Server 799bb1b2-bd8f-49e2-81f8-f7237f0eb223 received client-request: Request { kind: ReserveTicket, customer: 609d27a4-d3da-42e7-8715-59ce7fb968ca, server: None, raw: .. }
Reserved ticket 9188 for customer 609d27a4-d3da-42e7-8715-59ce7fb968ca
Server 799bb1b2-bd8f-49e2-81f8-f7237f0eb223 received client-request: Request { kind: ReserveTicket, customer: b727c096-c2aa-4502-9782-8e7301a810a3, server: None, raw: .. }
Reserved ticket 9187 for customer b727c096-c2aa-4502-9782-8e7301a810a3
Server 799bb1b2-bd8f-49e2-81f8-f7237f0eb223 received client-request: Request { kind: ReserveTicket, customer: dccc6440-65bf-4aa5-97ee-8c8f2aa390e8, server: None, raw: .. }
Reserved ticket 9186 for customer dccc6440-65bf-4aa5-97ee-8c8f2aa390e8
Server 799bb1b2-bd8f-49e2-81f8-f7237f0eb223 received client-request: Request { kind: ReserveTicket, customer: 180e3bc5-3065-47de-add7-777d50d6fd11, server: None, raw: .. }
Reserved ticket 9185 for customer 180e3bc5-3065-47de-add7-777d50d6fd11
Server 799bb1b2-bd8f-49e2-81f8-f7237f0eb223 received client-request: Request { kind: ReserveTicket, customer: b335f9e3-86a9-4868-bdf1-682014249c10, server: None, raw: .. }
Reserved ticket 9184 for customer b335f9e3-86a9-4868-bdf1-682014249c10
Server 799bb1b2-bd8f-49e2-81f8-f7237f0eb223 received client-request: Request { kind: ReserveTicket, customer: c78ecd95-12d5-43c8-8719-82a1ad70c855, server: None, raw: .. }
Reserved ticket 9183 for customer c78ecd95-12d5-43c8-8719-82a1ad70c855
Server 799bb1b2-bd8f-49e2-81f8-f7237f0eb223 received client-request: Request { kind: ReserveTicket, customer: 4d072dcf-8ac0-4e15-b891-dfc33f24f297, server: None, raw: .. }
Reserved ticket 9182 for customer 4d072dcf-8ac0-4e15-b891-dfc33f24f297
Server 799bb1b2-bd8f-49e2-81f8-f7237f0eb223 received client-request: Request { kind: ReserveTicket, customer: adbd04ad-782a-4221-b47d-322ebc232813, server: None, raw: .. }
Reserved ticket 9181 for customer adbd04ad-782a-4221-b47d-322ebc232813
Server 799bb1b2-bd8f-49e2-81f8-f7237f0eb223 received client-request: Request { kind: ReserveTicket, customer: 11ebd0c0-7c2b-4523-9142-294d92de4848, server: None, raw: .. }
Reserved ticket 9180 for customer 11ebd0c0-7c2b-4523-9142-294d92de4848
Server 799bb1b2-bd8f-49e2-81f8-f7237f0eb223 received client-request: Request { kind: ReserveTicket, customer: ac47bbc2-3318-44ef-b781-fb63fd601896, server: None, raw: .. }
Reserved ticket 9179 for customer ac47bbc2-3318-44ef-b781-fb63fd601896
Server 799bb1b2-bd8f-49e2-81f8-f7237f0eb223 received client-request: Request { kind: ReserveTicket, customer: d354bdcb-c28a-4372-a457-6d78fb3c5a2a, server: None, raw: .. }
Reserved ticket 9178 for customer d354bdcb-c28a-4372-a457-6d78fb3c5a2a
Server 799bb1b2-bd8f-49e2-81f8-f7237f0eb223 received client-request: Request { kind: ReserveTicket, customer: f39f5a33-87c7-4775-8f6e-c3912a25e425, server: None, raw: .. }
Reserved ticket 9177 for customer f39f5a33-87c7-4775-8f6e-c3912a25e425
Server 799bb1b2-bd8f-49e2-81f8-f7237f0eb223 received client-request: Request { kind: ReserveTicket, customer: 86143c89-eeec-47a4-b80e-1b13c0231c29, server: None, raw: .. }
Reserved ticket 9176 for customer 86143c89-eeec-47a4-b80e-1b13c0231c29
Server 799bb1b2-bd8f-49e2-81f8-f7237f0eb223 received client-request: Request { kind: ReserveTicket, customer: ef7e5f50-cd26-4521-bb03-8351ea82ef8f, server: None, raw: .. }
Reserved ticket 9175 for customer ef7e5f50-cd26-4521-bb03-8351ea82ef8f
Server 799bb1b2-bd8f-49e2-81f8-f7237f0eb223 received client-request: Request { kind: ReserveTicket, customer: 8dd4fdc1-9c2d-4b21-974e-e3e6527ecd01, server: None, raw: .. }
Reserved ticket 9174 for customer 8dd4fdc1-9c2d-4b21-974e-e3e6527ecd01
Server 799bb1b2-bd8f-49e2-81f8-f7237f0eb223 received client-request: Request { kind: ReserveTicket, customer: 7f9b3ab8-cd26-4ed4-93a2-cf465d896313, server: None, raw: .. }
Reserved ticket 9173 for customer 7f9b3ab8-cd26-4ed4-93a2-cf465d896313
Server 799bb1b2-bd8f-49e2-81f8-f7237f0eb223 received client-request: Request { kind: ReserveTicket, customer: d54aed74-8e32-4e18-bbe7-8aae8e38479a, server: None, raw: .. }
Reserved ticket 9172 for customer d54aed74-8e32-4e18-bbe7-8aae8e38479a
Server 799bb1b2-bd8f-49e2-81f8-f7237f0eb223 received client-request: Request { kind: ReserveTicket, customer: c3129c8f-9624-4ade-858e-0cc60dcca316, server: None, raw: .. }
Reserved ticket 9171 for customer c3129c8f-9624-4ade-858e-0cc60dcca316
Server 799bb1b2-bd8f-49e2-81f8-f7237f0eb223 received client-request: Request { kind: ReserveTicket, customer: d4aea510-bf80-40b0-b649-0ea709bfd5b5, server: None, raw: .. }
Reserved ticket 9170 for customer d4aea510-bf80-40b0-b649-0ea709bfd5b5
Server 65a51e17-fff5-4036-8b94-6db5de4d28d8 received client-request: Request { kind: ReserveTicket, customer: 15b07935-d42e-4ec4-9012-776e942d097f, server: None, raw: .. }
Reserved ticket 9169 for customer 15b07935-d42e-4ec4-9012-776e942d097f
Server 799bb1b2-bd8f-49e2-81f8-f7237f0eb223 received client-request: Request { kind: ReserveTicket, customer: 67b6b4fd-1c5e-49fa-a71f-789b3077ffea, server: None, raw: .. }
Reserved ticket 9168 for customer 67b6b4fd-1c5e-49fa-a71f-789b3077ffea
Server 799bb1b2-bd8f-49e2-81f8-f7237f0eb223 received client-request: Request { kind: ReserveTicket, customer: b11d0c0e-f708-48c0-b3e4-404be94a25f3, server: None, raw: .. }
Reserved ticket 9167 for customer b11d0c0e-f708-48c0-b3e4-404be94a25f3
Server 799bb1b2-bd8f-49e2-81f8-f7237f0eb223 received client-request: Request { kind: ReserveTicket, customer: 89b48af9-18f5-47d4-a7e2-3f9f4929d9a5, server: None, raw: .. }
Reserved ticket 9166 for customer 89b48af9-18f5-47d4-a7e2-3f9f4929d9a5
Server 799bb1b2-bd8f-49e2-81f8-f7237f0eb223 received client-request: Request { kind: ReserveTicket, customer: 3c3a7951-47aa-468e-a543-0f9ab2641f9c, server: None, raw: .. }
Reserved ticket 9165 for customer 3c3a7951-47aa-468e-a543-0f9ab2641f9c
Server 799bb1b2-bd8f-49e2-81f8-f7237f0eb223 received client-request: Request { kind: ReserveTicket, customer: 57114c69-3041-42e6-8a3b-f8b38aee204f, server: None, raw: .. }
Reserved ticket 9164 for customer 57114c69-3041-42e6-8a3b-f8b38aee204f
Server 799bb1b2-bd8f-49e2-81f8-f7237f0eb223 received client-request: Request { kind: ReserveTicket, customer: 3ecea629-4311-44fe-a5d0-c815de8eb2a4, server: None, raw: .. }
Reserved ticket 9163 for customer 3ecea629-4311-44fe-a5d0-c815de8eb2a4
Server 799bb1b2-bd8f-49e2-81f8-f7237f0eb223 received client-request: Request { kind: ReserveTicket, customer: ab1421a9-27c4-4ea5-861e-5a1b097ee748, server: None, raw: .. }
Reserved ticket 9162 for customer ab1421a9-27c4-4ea5-861e-5a1b097ee748
Server 799bb1b2-bd8f-49e2-81f8-f7237f0eb223 received client-request: Request { kind: ReserveTicket, customer: d22caf61-2108-47f5-b7b8-8904e1b9f627, server: None, raw: .. }
Reserved ticket 9161 for customer d22caf61-2108-47f5-b7b8-8904e1b9f627
Server 799bb1b2-bd8f-49e2-81f8-f7237f0eb223 received client-request: Request { kind: ReserveTicket, customer: 632ccce8-72a6-4931-9761-c7b21b54d4b7, server: None, raw: .. }
Reserved ticket 9160 for customer 632ccce8-72a6-4931-9761-c7b21b54d4b7
Server 799bb1b2-bd8f-49e2-81f8-f7237f0eb223 received client-request: Request { kind: ReserveTicket, customer: f8906d40-1290-4589-b5d3-d63cff316d8a, server: None, raw: .. }
Reserved ticket 9159 for customer f8906d40-1290-4589-b5d3-d63cff316d8a
Server 799bb1b2-bd8f-49e2-81f8-f7237f0eb223 received client-request: Request { kind: ReserveTicket, customer: 76bf3d97-dc6a-4656-82e9-324ebb59d9bd, server: None, raw: .. }
Reserved ticket 9158 for customer 76bf3d97-dc6a-4656-82e9-324ebb59d9bd
Server 799bb1b2-bd8f-49e2-81f8-f7237f0eb223 received client-request: Request { kind: ReserveTicket, customer: a8946531-dfcc-4f31-bdd4-179a79e54d1a, server: None, raw: .. }
Reserved ticket 9157 for customer a8946531-dfcc-4f31-bdd4-179a79e54d1a
Server 799bb1b2-bd8f-49e2-81f8-f7237f0eb223 received client-request: Request { kind: ReserveTicket, customer: 5e74c1a6-2102-4e35-a2f5-6e81143a7c50, server: None, raw: .. }
Reserved ticket 9156 for customer 5e74c1a6-2102-4e35-a2f5-6e81143a7c50
Server 799bb1b2-bd8f-49e2-81f8-f7237f0eb223 received client-request: Request { kind: ReserveTicket, customer: 4a2dcb2c-58a0-4a91-97d4-299c226d1799, server: None, raw: .. }
Reserved ticket 9155 for customer 4a2dcb2c-58a0-4a91-97d4-299c226d1799
Server 799bb1b2-bd8f-49e2-81f8-f7237f0eb223 received client-request: Request { kind: ReserveTicket, customer: f966ff86-cc47-4830-927e-7110ec2b27f2, server: None, raw: .. }
Reserved ticket 9154 for customer f966ff86-cc47-4830-927e-7110ec2b27f2
Server 799bb1b2-bd8f-49e2-81f8-f7237f0eb223 received client-request: Request { kind: ReserveTicket, customer: 5f0a11c0-617e-445c-84a7-3a1d3d886500, server: None, raw: .. }
Reserved ticket 9153 for customer 5f0a11c0-617e-445c-84a7-3a1d3d886500
Server 799bb1b2-bd8f-49e2-81f8-f7237f0eb223 received client-request: Request { kind: ReserveTicket, customer: deb7258e-07a8-4be9-8225-4e08a50a9668, server: None, raw: .. }
Reserved ticket 9152 for customer deb7258e-07a8-4be9-8225-4e08a50a9668
Server 799bb1b2-bd8f-49e2-81f8-f7237f0eb223 received client-request: Request { kind: ReserveTicket, customer: b9758cb1-e516-450e-9ce3-71dd0fb3b678, server: None, raw: .. }
Reserved ticket 9151 for customer b9758cb1-e516-450e-9ce3-71dd0fb3b678
Server 799bb1b2-bd8f-49e2-81f8-f7237f0eb223 received client-request: Request { kind: ReserveTicket, customer: 0096d982-7a88-42c6-92d8-a9438c68191d, server: None, raw: .. }
Reserved ticket 9150 for customer 0096d982-7a88-42c6-92d8-a9438c68191d
Server 65a51e17-fff5-4036-8b94-6db5de4d28d8 received client-request: Request { kind: ReserveTicket, customer: 14ed1395-d78e-4a83-ab01-22c085ef47f5, server: None, raw: .. }
Reserved ticket 9149 for customer 14ed1395-d78e-4a83-ab01-22c085ef47f5
Server 799bb1b2-bd8f-49e2-81f8-f7237f0eb223 received client-request: Request { kind: ReserveTicket, customer: 6ba91ebf-b6d9-4683-b423-73396316942f, server: None, raw: .. }
Reserved ticket 9148 for customer 6ba91ebf-b6d9-4683-b423-73396316942f
Server 799bb1b2-bd8f-49e2-81f8-f7237f0eb223 received client-request: Request { kind: ReserveTicket, customer: 52d8d86f-4b3a-4878-8cca-7c3e5f8441df, server: None, raw: .. }
Reserved ticket 9147 for customer 52d8d86f-4b3a-4878-8cca-7c3e5f8441df
Server 799bb1b2-bd8f-49e2-81f8-f7237f0eb223 received client-request: Request { kind: ReserveTicket, customer: 0bb1a5dd-590e-4009-acc7-08f2725be281, server: None, raw: .. }
Reserved ticket 9146 for customer 0bb1a5dd-590e-4009-acc7-08f2725be281
Server 799bb1b2-bd8f-49e2-81f8-f7237f0eb223 received client-request: Request { kind: ReserveTicket, customer: c2fdd62c-5969-4516-abce-2a5fb6bee6e3, server: None, raw: .. }
Reserved ticket 9145 for customer c2fdd62c-5969-4516-abce-2a5fb6bee6e3
Server 799bb1b2-bd8f-49e2-81f8-f7237f0eb223 received client-request: Request { kind: ReserveTicket, customer: be013132-0542-4fa7-bd45-44fba912b67b, server: None, raw: .. }
Reserved ticket 9144 for customer be013132-0542-4fa7-bd45-44fba912b67b
Server 799bb1b2-bd8f-49e2-81f8-f7237f0eb223 received client-request: Request { kind: ReserveTicket, customer: 2c47d7f4-cfd7-4bff-b988-ccfe3e71aaf6, server: None, raw: .. }
Reserved ticket 9143 for customer 2c47d7f4-cfd7-4bff-b988-ccfe3e71aaf6
Server 799bb1b2-bd8f-49e2-81f8-f7237f0eb223 received client-request: Request { kind: ReserveTicket, customer: 4be659a5-1359-47d6-bc24-e109722d101a, server: None, raw: .. }
Reserved ticket 9142 for customer 4be659a5-1359-47d6-bc24-e109722d101a
Server 799bb1b2-bd8f-49e2-81f8-f7237f0eb223 received client-request: Request { kind: ReserveTicket, customer: ac7c1685-93cc-42f9-acaa-23a3b789fab3, server: None, raw: .. }
Reserved ticket 9141 for customer ac7c1685-93cc-42f9-acaa-23a3b789fab3
Server 799bb1b2-bd8f-49e2-81f8-f7237f0eb223 received client-request: Request { kind: ReserveTicket, customer: a1bb0f76-1dd5-4010-bc0f-047143cf0b9e, server: None, raw: .. }
Reserved ticket 9140 for customer a1bb0f76-1dd5-4010-bc0f-047143cf0b9e
Server 799bb1b2-bd8f-49e2-81f8-f7237f0eb223 received client-request: Request { kind: ReserveTicket, customer: 8a14044b-55cd-4dda-9aa8-319b4fa4cf19, server: None, raw: .. }
Reserved ticket 9139 for customer 8a14044b-55cd-4dda-9aa8-319b4fa4cf19
Server 799bb1b2-bd8f-49e2-81f8-f7237f0eb223 received client-request: Request { kind: ReserveTicket, customer: f1cdb5aa-8d35-4429-8556-9cc683ed7c79, server: None, raw: .. }
Reserved ticket 9138 for customer f1cdb5aa-8d35-4429-8556-9cc683ed7c79
Server 799bb1b2-bd8f-49e2-81f8-f7237f0eb223 received client-request: Request { kind: ReserveTicket, customer: 696320a0-6b58-4eb0-b2c5-82e57003a3b9, server: None, raw: .. }
Reserved ticket 9137 for customer 696320a0-6b58-4eb0-b2c5-82e57003a3b9
Server 799bb1b2-bd8f-49e2-81f8-f7237f0eb223 received client-request: Request { kind: ReserveTicket, customer: 67d26927-9e66-4e73-9735-ad0a1ba6473b, server: None, raw: .. }
Reserved ticket 9136 for customer 67d26927-9e66-4e73-9735-ad0a1ba6473b
Server 799bb1b2-bd8f-49e2-81f8-f7237f0eb223 received client-request: Request { kind: ReserveTicket, customer: e03d815a-3a56-4e5a-ab45-3a827fbf8242, server: None, raw: .. }
Reserved ticket 9135 for customer e03d815a-3a56-4e5a-ab45-3a827fbf8242
Server 799bb1b2-bd8f-49e2-81f8-f7237f0eb223 received client-request: Request { kind: ReserveTicket, customer: 9d20e7ad-c78e-494a-93dc-70830335172b, server: None, raw: .. }
Reserved ticket 9134 for customer 9d20e7ad-c78e-494a-93dc-70830335172b
Server 799bb1b2-bd8f-49e2-81f8-f7237f0eb223 received client-request: Request { kind: ReserveTicket, customer: 8e5d8fb5-582a-4923-b769-3cde286ac3d2, server: None, raw: .. }
Reserved ticket 9133 for customer 8e5d8fb5-582a-4923-b769-3cde286ac3d2
Server 799bb1b2-bd8f-49e2-81f8-f7237f0eb223 received client-request: Request { kind: ReserveTicket, customer: 17717400-2bbd-44b7-b7a2-15eb6982022e, server: None, raw: .. }
Reserved ticket 9132 for customer 17717400-2bbd-44b7-b7a2-15eb6982022e
Server 799bb1b2-bd8f-49e2-81f8-f7237f0eb223 received client-request: Request { kind: ReserveTicket, customer: a4fc0fae-56ad-4b79-9067-c77491558170, server: None, raw: .. }
Reserved ticket 9131 for customer a4fc0fae-56ad-4b79-9067-c77491558170
Server 799bb1b2-bd8f-49e2-81f8-f7237f0eb223 received client-request: Request { kind: ReserveTicket, customer: 74998263-f27e-4258-952a-08ef7d592598, server: None, raw: .. }
Reserved ticket 9130 for customer 74998263-f27e-4258-952a-08ef7d592598
Server 65a51e17-fff5-4036-8b94-6db5de4d28d8 received client-request: Request { kind: ReserveTicket, customer: e4bb26a6-d477-4d90-9588-7f8709f1abd1, server: None, raw: .. }
Reserved ticket 9129 for customer e4bb26a6-d477-4d90-9588-7f8709f1abd1
Server 799bb1b2-bd8f-49e2-81f8-f7237f0eb223 received client-request: Request { kind: ReserveTicket, customer: 349c11a3-7cdc-4675-bbcd-02db86dc0697, server: None, raw: .. }
Reserved ticket 9128 for customer 349c11a3-7cdc-4675-bbcd-02db86dc0697
Server 799bb1b2-bd8f-49e2-81f8-f7237f0eb223 received client-request: Request { kind: ReserveTicket, customer: bff980d3-1de8-4b6c-ac72-38181a51fa37, server: None, raw: .. }
Reserved ticket 9127 for customer bff980d3-1de8-4b6c-ac72-38181a51fa37
Server 799bb1b2-bd8f-49e2-81f8-f7237f0eb223 received client-request: Request { kind: ReserveTicket, customer: ec1db191-e905-4e94-a68d-72597cd7cf06, server: None, raw: .. }
Reserved ticket 9126 for customer ec1db191-e905-4e94-a68d-72597cd7cf06
Server 799bb1b2-bd8f-49e2-81f8-f7237f0eb223 received client-request: Request { kind: ReserveTicket, customer: bae7b6e1-580b-4261-b96e-faa414abb2f3, server: None, raw: .. }
Reserved ticket 9125 for customer bae7b6e1-580b-4261-b96e-faa414abb2f3
Server 799bb1b2-bd8f-49e2-81f8-f7237f0eb223 received client-request: Request { kind: ReserveTicket, customer: f6295fc7-1cb8-4151-8cc1-1b8f83d01444, server: None, raw: .. }
Reserved ticket 9124 for customer f6295fc7-1cb8-4151-8cc1-1b8f83d01444
Server 799bb1b2-bd8f-49e2-81f8-f7237f0eb223 received client-request: Request { kind: ReserveTicket, customer: b9c539ed-7619-495b-a925-037abce14954, server: None, raw: .. }
Reserved ticket 9123 for customer b9c539ed-7619-495b-a925-037abce14954
Server 799bb1b2-bd8f-49e2-81f8-f7237f0eb223 received client-request: Request { kind: ReserveTicket, customer: 62474b18-1e2b-4bcc-a25d-87e7205d4e11, server: None, raw: .. }
Reserved ticket 9122 for customer 62474b18-1e2b-4bcc-a25d-87e7205d4e11
Server 799bb1b2-bd8f-49e2-81f8-f7237f0eb223 received client-request: Request { kind: ReserveTicket, customer: c6677a73-8087-4438-af5d-a5361d9e2db7, server: None, raw: .. }
Reserved ticket 9121 for customer c6677a73-8087-4438-af5d-a5361d9e2db7
Server 799bb1b2-bd8f-49e2-81f8-f7237f0eb223 received client-request: Request { kind: ReserveTicket, customer: dec0016b-bc42-4d02-bb33-3374aeb403e2, server: None, raw: .. }
Reserved ticket 9120 for customer dec0016b-bc42-4d02-bb33-3374aeb403e2
Server 799bb1b2-bd8f-49e2-81f8-f7237f0eb223 received client-request: Request { kind: ReserveTicket, customer: 84b95520-758c-4c5b-80db-87a767e741c5, server: None, raw: .. }
Reserved ticket 9119 for customer 84b95520-758c-4c5b-80db-87a767e741c5
Server 799bb1b2-bd8f-49e2-81f8-f7237f0eb223 received client-request: Request { kind: ReserveTicket, customer: 25324f79-0713-4bbd-ad50-902981232446, server: None, raw: .. }
Reserved ticket 9118 for customer 25324f79-0713-4bbd-ad50-902981232446
Server 799bb1b2-bd8f-49e2-81f8-f7237f0eb223 received client-request: Request { kind: ReserveTicket, customer: 30938712-5c3d-49ed-9b33-dcbfedc955a5, server: None, raw: .. }
Reserved ticket 9117 for customer 30938712-5c3d-49ed-9b33-dcbfedc955a5
Server 799bb1b2-bd8f-49e2-81f8-f7237f0eb223 received client-request: Request { kind: ReserveTicket, customer: f6daf2fa-704f-419b-9a77-deccced16c36, server: None, raw: .. }
Reserved ticket 9116 for customer f6daf2fa-704f-419b-9a77-deccced16c36
Server 799bb1b2-bd8f-49e2-81f8-f7237f0eb223 received client-request: Request { kind: ReserveTicket, customer: db257323-ad00-4cf8-bd34-31aeccccf523, server: None, raw: .. }
Reserved ticket 9115 for customer db257323-ad00-4cf8-bd34-31aeccccf523
Server 799bb1b2-bd8f-49e2-81f8-f7237f0eb223 received client-request: Request { kind: ReserveTicket, customer: d004099f-0692-4ccd-848b-c3be305a6c84, server: None, raw: .. }
Reserved ticket 9114 for customer d004099f-0692-4ccd-848b-c3be305a6c84
Server 799bb1b2-bd8f-49e2-81f8-f7237f0eb223 received client-request: Request { kind: ReserveTicket, customer: 14d5ee71-9672-4922-b3d8-83032ab70287, server: None, raw: .. }
Reserved ticket 9113 for customer 14d5ee71-9672-4922-b3d8-83032ab70287
Server 799bb1b2-bd8f-49e2-81f8-f7237f0eb223 received client-request: Request { kind: ReserveTicket, customer: 74fcd515-5ed1-4488-8b97-ab99363486ea, server: None, raw: .. }
Reserved ticket 9112 for customer 74fcd515-5ed1-4488-8b97-ab99363486ea
Server 799bb1b2-bd8f-49e2-81f8-f7237f0eb223 received client-request: Request { kind: ReserveTicket, customer: 28edfab9-8708-44b6-9e79-48e0039332b2, server: None, raw: .. }
Reserved ticket 9111 for customer 28edfab9-8708-44b6-9e79-48e0039332b2
Server 799bb1b2-bd8f-49e2-81f8-f7237f0eb223 received client-request: Request { kind: ReserveTicket, customer: c81fc4f2-e94c-423b-953f-4b7b1d737f34, server: None, raw: .. }
Reserved ticket 9110 for customer c81fc4f2-e94c-423b-953f-4b7b1d737f34
Server 65a51e17-fff5-4036-8b94-6db5de4d28d8 received client-request: Request { kind: ReserveTicket, customer: 2b4a2f0c-744f-4f06-b71f-444f652493fb, server: None, raw: .. }
Reserved ticket 9109 for customer 2b4a2f0c-744f-4f06-b71f-444f652493fb
Server 799bb1b2-bd8f-49e2-81f8-f7237f0eb223 received client-request: Request { kind: ReserveTicket, customer: 871b0534-8090-4733-a8d5-9f57e3b5633e, server: None, raw: .. }
Reserved ticket 9108 for customer 871b0534-8090-4733-a8d5-9f57e3b5633e
Server 799bb1b2-bd8f-49e2-81f8-f7237f0eb223 received client-request: Request { kind: ReserveTicket, customer: 4d43c43a-f972-498e-a985-4360e40f9677, server: None, raw: .. }
Reserved ticket 9107 for customer 4d43c43a-f972-498e-a985-4360e40f9677
Server 799bb1b2-bd8f-49e2-81f8-f7237f0eb223 received client-request: Request { kind: ReserveTicket, customer: b2052a4b-fcdb-4d90-8295-4caa5866b8c7, server: None, raw: .. }
Reserved ticket 9106 for customer b2052a4b-fcdb-4d90-8295-4caa5866b8c7
Server 799bb1b2-bd8f-49e2-81f8-f7237f0eb223 received client-request: Request { kind: ReserveTicket, customer: bb9c3801-e908-4f2a-b40a-51960a106eb5, server: None, raw: .. }
Reserved ticket 9105 for customer bb9c3801-e908-4f2a-b40a-51960a106eb5
Server 799bb1b2-bd8f-49e2-81f8-f7237f0eb223 received client-request: Request { kind: ReserveTicket, customer: edd5fba5-214b-4372-9ab5-f00a99b9fd97, server: None, raw: .. }
Reserved ticket 9104 for customer edd5fba5-214b-4372-9ab5-f00a99b9fd97
Server 799bb1b2-bd8f-49e2-81f8-f7237f0eb223 received client-request: Request { kind: ReserveTicket, customer: 795bdec6-4b7e-45bf-bb7c-08493c2fedea, server: None, raw: .. }
Reserved ticket 9103 for customer 795bdec6-4b7e-45bf-bb7c-08493c2fedea
Server 799bb1b2-bd8f-49e2-81f8-f7237f0eb223 received client-request: Request { kind: ReserveTicket, customer: 4e6ab522-444c-4711-9441-ecd84d541a37, server: None, raw: .. }
Reserved ticket 9102 for customer 4e6ab522-444c-4711-9441-ecd84d541a37
Server 799bb1b2-bd8f-49e2-81f8-f7237f0eb223 received client-request: Request { kind: ReserveTicket, customer: 0cad6c6f-027e-4163-bd4c-a6c56ddc9d38, server: None, raw: .. }
Reserved ticket 9101 for customer 0cad6c6f-027e-4163-bd4c-a6c56ddc9d38
Server 799bb1b2-bd8f-49e2-81f8-f7237f0eb223 received client-request: Request { kind: ReserveTicket, customer: df9f57e8-9c9c-4ecf-94ad-fa2003422b55, server: None, raw: .. }
Reserved ticket 9100 for customer df9f57e8-9c9c-4ecf-94ad-fa2003422b55
Server 799bb1b2-bd8f-49e2-81f8-f7237f0eb223 received client-request: Request { kind: ReserveTicket, customer: c49732ec-7c71-4b69-a593-48237581fdfd, server: None, raw: .. }
Reserved ticket 9099 for customer c49732ec-7c71-4b69-a593-48237581fdfd
Server 799bb1b2-bd8f-49e2-81f8-f7237f0eb223 received client-request: Request { kind: ReserveTicket, customer: f6865e5e-5817-4380-accd-a16561e7af90, server: None, raw: .. }
Reserved ticket 9098 for customer f6865e5e-5817-4380-accd-a16561e7af90
Server 799bb1b2-bd8f-49e2-81f8-f7237f0eb223 received client-request: Request { kind: ReserveTicket, customer: 1028ff95-ffb4-4ca8-b30e-b744d9f785a6, server: None, raw: .. }
Reserved ticket 9097 for customer 1028ff95-ffb4-4ca8-b30e-b744d9f785a6
Server 799bb1b2-bd8f-49e2-81f8-f7237f0eb223 received client-request: Request { kind: ReserveTicket, customer: aba6a1a6-eb51-42e5-a5fb-87086be394fd, server: None, raw: .. }
Reserved ticket 9096 for customer aba6a1a6-eb51-42e5-a5fb-87086be394fd
Server 799bb1b2-bd8f-49e2-81f8-f7237f0eb223 received client-request: Request { kind: ReserveTicket, customer: e6db87a8-004a-4995-8194-36e2cab9effe, server: None, raw: .. }
Reserved ticket 9095 for customer e6db87a8-004a-4995-8194-36e2cab9effe
Server 799bb1b2-bd8f-49e2-81f8-f7237f0eb223 received client-request: Request { kind: ReserveTicket, customer: 96553e02-d1eb-4791-8c12-64535d342ed1, server: None, raw: .. }
Reserved ticket 9094 for customer 96553e02-d1eb-4791-8c12-64535d342ed1
Server 799bb1b2-bd8f-49e2-81f8-f7237f0eb223 received client-request: Request { kind: ReserveTicket, customer: 178e4eaf-e66d-4ba6-b0d9-1ac061e8d602, server: None, raw: .. }
Reserved ticket 9093 for customer 178e4eaf-e66d-4ba6-b0d9-1ac061e8d602
Server 799bb1b2-bd8f-49e2-81f8-f7237f0eb223 received client-request: Request { kind: ReserveTicket, customer: 985d3d5c-9852-4cef-8425-460ef660eec3, server: None, raw: .. }
Reserved ticket 9092 for customer 985d3d5c-9852-4cef-8425-460ef660eec3
Server 799bb1b2-bd8f-49e2-81f8-f7237f0eb223 received client-request: Request { kind: ReserveTicket, customer: 38bf3eef-69b4-413f-b9d5-e2c22fb938c9, server: None, raw: .. }
Reserved ticket 9091 for customer 38bf3eef-69b4-413f-b9d5-e2c22fb938c9
Server 799bb1b2-bd8f-49e2-81f8-f7237f0eb223 received client-request: Request { kind: ReserveTicket, customer: 2563f8cd-b296-4d89-a07f-86a3d95a71b9, server: None, raw: .. }
Reserved ticket 9090 for customer 2563f8cd-b296-4d89-a07f-86a3d95a71b9
Server 65a51e17-fff5-4036-8b94-6db5de4d28d8 received client-request: Request { kind: ReserveTicket, customer: ac406b29-a3f4-4c11-976e-4fe80342fee1, server: None, raw: .. }
Reserved ticket 9089 for customer ac406b29-a3f4-4c11-976e-4fe80342fee1
Server 799bb1b2-bd8f-49e2-81f8-f7237f0eb223 received client-request: Request { kind: ReserveTicket, customer: ff20fa50-c12a-4dd5-a320-454a37d44965, server: None, raw: .. }
Reserved ticket 9088 for customer ff20fa50-c12a-4dd5-a320-454a37d44965
Server 799bb1b2-bd8f-49e2-81f8-f7237f0eb223 received client-request: Request { kind: ReserveTicket, customer: 41fdfa9a-5db3-4fc3-bb92-c211641c18ed, server: None, raw: .. }
Reserved ticket 9087 for customer 41fdfa9a-5db3-4fc3-bb92-c211641c18ed
Server 799bb1b2-bd8f-49e2-81f8-f7237f0eb223 received client-request: Request { kind: ReserveTicket, customer: 37bc2177-b9bc-457d-a5e6-38d90b9e0611, server: None, raw: .. }
Reserved ticket 9086 for customer 37bc2177-b9bc-457d-a5e6-38d90b9e0611
Server 799bb1b2-bd8f-49e2-81f8-f7237f0eb223 received client-request: Request { kind: ReserveTicket, customer: 8ca5eb18-4615-42da-8f5b-888a1560a4fc, server: None, raw: .. }
Reserved ticket 9085 for customer 8ca5eb18-4615-42da-8f5b-888a1560a4fc
Server 799bb1b2-bd8f-49e2-81f8-f7237f0eb223 received client-request: Request { kind: ReserveTicket, customer: 9723fee6-941e-4caf-bd92-6f956980e84d, server: None, raw: .. }
Reserved ticket 9084 for customer 9723fee6-941e-4caf-bd92-6f956980e84d
Server 799bb1b2-bd8f-49e2-81f8-f7237f0eb223 received client-request: Request { kind: ReserveTicket, customer: bdd2df3e-bd35-4746-bd69-3c1f79ddc3d7, server: None, raw: .. }
Reserved ticket 9083 for customer bdd2df3e-bd35-4746-bd69-3c1f79ddc3d7
Server 799bb1b2-bd8f-49e2-81f8-f7237f0eb223 received client-request: Request { kind: ReserveTicket, customer: 0cf8bb9c-bac5-4aad-8e8b-c0e0cb0b2496, server: None, raw: .. }
Reserved ticket 9082 for customer 0cf8bb9c-bac5-4aad-8e8b-c0e0cb0b2496
Server 799bb1b2-bd8f-49e2-81f8-f7237f0eb223 received client-request: Request { kind: ReserveTicket, customer: 45dfdf02-a3f2-4a90-981d-230de088efa0, server: None, raw: .. }
Reserved ticket 9081 for customer 45dfdf02-a3f2-4a90-981d-230de088efa0
Server 799bb1b2-bd8f-49e2-81f8-f7237f0eb223 received client-request: Request { kind: ReserveTicket, customer: 0017a642-ce37-4031-9e9e-5cff59a61a3f, server: None, raw: .. }
Reserved ticket 9080 for customer 0017a642-ce37-4031-9e9e-5cff59a61a3f
Server 799bb1b2-bd8f-49e2-81f8-f7237f0eb223 received client-request: Request { kind: ReserveTicket, customer: b2507be4-f31d-43ba-ae38-eb865ae3703a, server: None, raw: .. }
Reserved ticket 9079 for customer b2507be4-f31d-43ba-ae38-eb865ae3703a
Server 799bb1b2-bd8f-49e2-81f8-f7237f0eb223 received client-request: Request { kind: ReserveTicket, customer: f9a0ebc0-3588-47c1-a308-34dc1e90467c, server: None, raw: .. }
Reserved ticket 9078 for customer f9a0ebc0-3588-47c1-a308-34dc1e90467c
Server 799bb1b2-bd8f-49e2-81f8-f7237f0eb223 received client-request: Request { kind: ReserveTicket, customer: c7efb814-bef7-4064-8068-5f7b2d8a25e3, server: None, raw: .. }
Reserved ticket 9077 for customer c7efb814-bef7-4064-8068-5f7b2d8a25e3
Server 799bb1b2-bd8f-49e2-81f8-f7237f0eb223 received client-request: Request { kind: ReserveTicket, customer: e3a66596-fdd9-408b-9dac-813f71e0a04a, server: None, raw: .. }
Reserved ticket 9076 for customer e3a66596-fdd9-408b-9dac-813f71e0a04a
Server 799bb1b2-bd8f-49e2-81f8-f7237f0eb223 received client-request: Request { kind: ReserveTicket, customer: be8b232f-12d0-401a-a79f-05e5720921cc, server: None, raw: .. }
Reserved ticket 9075 for customer be8b232f-12d0-401a-a79f-05e5720921cc
Server 799bb1b2-bd8f-49e2-81f8-f7237f0eb223 received client-request: Request { kind: ReserveTicket, customer: 8a44cad2-5838-4f6e-93b7-3b7bf730d7d1, server: None, raw: .. }
Reserved ticket 9074 for customer 8a44cad2-5838-4f6e-93b7-3b7bf730d7d1
Server 799bb1b2-bd8f-49e2-81f8-f7237f0eb223 received client-request: Request { kind: ReserveTicket, customer: f4ef0451-3a35-42e9-901d-1469a67cdac7, server: None, raw: .. }
Reserved ticket 9073 for customer f4ef0451-3a35-42e9-901d-1469a67cdac7
Server 799bb1b2-bd8f-49e2-81f8-f7237f0eb223 received client-request: Request { kind: ReserveTicket, customer: 2d1d5426-8dee-497a-b1c8-0f5eb9d545a8, server: None, raw: .. }
Reserved ticket 9072 for customer 2d1d5426-8dee-497a-b1c8-0f5eb9d545a8
Server 799bb1b2-bd8f-49e2-81f8-f7237f0eb223 received client-request: Request { kind: ReserveTicket, customer: 9bb5a241-185d-4142-994c-4c89de0666e7, server: None, raw: .. }
Reserved ticket 9071 for customer 9bb5a241-185d-4142-994c-4c89de0666e7
Server 799bb1b2-bd8f-49e2-81f8-f7237f0eb223 received client-request: Request { kind: ReserveTicket, customer: bcf6036d-36fe-4e19-a845-376b2a863ae3, server: None, raw: .. }
Reserved ticket 9070 for customer bcf6036d-36fe-4e19-a845-376b2a863ae3
Server 65a51e17-fff5-4036-8b94-6db5de4d28d8 received client-request: Request { kind: ReserveTicket, customer: dce3984b-b848-49ca-bc98-68d341277c96, server: None, raw: .. }
Reserved ticket 9069 for customer dce3984b-b848-49ca-bc98-68d341277c96
Server 799bb1b2-bd8f-49e2-81f8-f7237f0eb223 received client-request: Request { kind: ReserveTicket, customer: 8e011b8a-9ca2-47d2-8ac7-49fd998ab813, server: None, raw: .. }
Reserved ticket 9068 for customer 8e011b8a-9ca2-47d2-8ac7-49fd998ab813
Server 799bb1b2-bd8f-49e2-81f8-f7237f0eb223 received client-request: Request { kind: ReserveTicket, customer: eb89e657-c62e-4485-896c-e93dace4dd0d, server: None, raw: .. }
Reserved ticket 9067 for customer eb89e657-c62e-4485-896c-e93dace4dd0d
Server 799bb1b2-bd8f-49e2-81f8-f7237f0eb223 received client-request: Request { kind: ReserveTicket, customer: 00726dd3-6652-47ed-8406-d3357b20e4de, server: None, raw: .. }
Reserved ticket 9066 for customer 00726dd3-6652-47ed-8406-d3357b20e4de
Server 799bb1b2-bd8f-49e2-81f8-f7237f0eb223 received client-request: Request { kind: ReserveTicket, customer: f628a891-9d99-4eb3-a5f0-fbc07d33c1ad, server: None, raw: .. }
Reserved ticket 9065 for customer f628a891-9d99-4eb3-a5f0-fbc07d33c1ad
Server 799bb1b2-bd8f-49e2-81f8-f7237f0eb223 received client-request: Request { kind: ReserveTicket, customer: d8b88589-0227-4b1e-9f7b-4c2c712324d0, server: None, raw: .. }
Reserved ticket 9064 for customer d8b88589-0227-4b1e-9f7b-4c2c712324d0
Server 799bb1b2-bd8f-49e2-81f8-f7237f0eb223 received client-request: Request { kind: ReserveTicket, customer: 4b1b7d1b-2048-4064-b6b1-1571f8cafe1e, server: None, raw: .. }
Reserved ticket 9063 for customer 4b1b7d1b-2048-4064-b6b1-1571f8cafe1e
Server 799bb1b2-bd8f-49e2-81f8-f7237f0eb223 received client-request: Request { kind: ReserveTicket, customer: 77422829-97c0-45f6-a68e-d76bc8957d0e, server: None, raw: .. }
Reserved ticket 9062 for customer 77422829-97c0-45f6-a68e-d76bc8957d0e
Server 799bb1b2-bd8f-49e2-81f8-f7237f0eb223 received client-request: Request { kind: ReserveTicket, customer: b654df5c-a972-4cee-9ca2-7f127ab4ac94, server: None, raw: .. }
Reserved ticket 9061 for customer b654df5c-a972-4cee-9ca2-7f127ab4ac94
Server 799bb1b2-bd8f-49e2-81f8-f7237f0eb223 received client-request: Request { kind: ReserveTicket, customer: f5a55730-845d-42c8-b01e-6408a00b1e35, server: None, raw: .. }
Reserved ticket 9060 for customer f5a55730-845d-42c8-b01e-6408a00b1e35
Server 799bb1b2-bd8f-49e2-81f8-f7237f0eb223 received client-request: Request { kind: ReserveTicket, customer: ec811a57-1745-40e1-9731-bb97002d05be, server: None, raw: .. }
Reserved ticket 9059 for customer ec811a57-1745-40e1-9731-bb97002d05be
Server 799bb1b2-bd8f-49e2-81f8-f7237f0eb223 received client-request: Request { kind: ReserveTicket, customer: 8bb17e3d-0d0d-4e45-a4fc-2d2b7335b470, server: None, raw: .. }
Reserved ticket 9058 for customer 8bb17e3d-0d0d-4e45-a4fc-2d2b7335b470
Server 799bb1b2-bd8f-49e2-81f8-f7237f0eb223 received client-request: Request { kind: ReserveTicket, customer: f831cf03-7024-4cee-9457-02b14f568e2c, server: None, raw: .. }
Reserved ticket 9057 for customer f831cf03-7024-4cee-9457-02b14f568e2c
Server 799bb1b2-bd8f-49e2-81f8-f7237f0eb223 received client-request: Request { kind: ReserveTicket, customer: f11c3b59-09c9-4240-8e47-f41efa05cf22, server: None, raw: .. }
Reserved ticket 9056 for customer f11c3b59-09c9-4240-8e47-f41efa05cf22
Server 799bb1b2-bd8f-49e2-81f8-f7237f0eb223 received client-request: Request { kind: ReserveTicket, customer: 8bd434ab-d9ff-490e-b1bc-e5ac406a2049, server: None, raw: .. }
Reserved ticket 9055 for customer 8bd434ab-d9ff-490e-b1bc-e5ac406a2049
Server 799bb1b2-bd8f-49e2-81f8-f7237f0eb223 received client-request: Request { kind: ReserveTicket, customer: ddd4228d-d7ed-4dd6-b86e-88339e777d67, server: None, raw: .. }
Reserved ticket 9054 for customer ddd4228d-d7ed-4dd6-b86e-88339e777d67
Server 799bb1b2-bd8f-49e2-81f8-f7237f0eb223 received client-request: Request { kind: ReserveTicket, customer: c0c5a4b4-c143-4b7b-a6b9-033f0ecbe71d, server: None, raw: .. }
Reserved ticket 9053 for customer c0c5a4b4-c143-4b7b-a6b9-033f0ecbe71d
Server 799bb1b2-bd8f-49e2-81f8-f7237f0eb223 received client-request: Request { kind: ReserveTicket, customer: f3f82575-0f5f-4543-8a10-ae9b5dbaf5fa, server: None, raw: .. }
Reserved ticket 9052 for customer f3f82575-0f5f-4543-8a10-ae9b5dbaf5fa
Server 799bb1b2-bd8f-49e2-81f8-f7237f0eb223 received client-request: Request { kind: ReserveTicket, customer: a07922db-2be3-44c7-a6c2-24283a89c4ed, server: None, raw: .. }
Reserved ticket 9051 for customer a07922db-2be3-44c7-a6c2-24283a89c4ed
Server 799bb1b2-bd8f-49e2-81f8-f7237f0eb223 received client-request: Request { kind: ReserveTicket, customer: d9eddd5d-9434-4d66-a91d-9cddb1a84c8b, server: None, raw: .. }
Reserved ticket 9050 for customer d9eddd5d-9434-4d66-a91d-9cddb1a84c8b
Server 65a51e17-fff5-4036-8b94-6db5de4d28d8 received client-request: Request { kind: ReserveTicket, customer: 391a4d5d-5f7e-466e-a017-133a784d6f19, server: None, raw: .. }
Reserved ticket 9049 for customer 391a4d5d-5f7e-466e-a017-133a784d6f19
Server 799bb1b2-bd8f-49e2-81f8-f7237f0eb223 received client-request: Request { kind: ReserveTicket, customer: 135052ba-6420-40b6-9800-ef225b21e435, server: None, raw: .. }
Reserved ticket 9048 for customer 135052ba-6420-40b6-9800-ef225b21e435
Server 799bb1b2-bd8f-49e2-81f8-f7237f0eb223 received client-request: Request { kind: ReserveTicket, customer: f9d32f42-d083-4a95-94fc-ff6c4301bafa, server: None, raw: .. }
Reserved ticket 9047 for customer f9d32f42-d083-4a95-94fc-ff6c4301bafa
Server 799bb1b2-bd8f-49e2-81f8-f7237f0eb223 received client-request: Request { kind: ReserveTicket, customer: cd67c705-b437-45be-9ca7-03b89838eb21, server: None, raw: .. }
Reserved ticket 9046 for customer cd67c705-b437-45be-9ca7-03b89838eb21
Server 799bb1b2-bd8f-49e2-81f8-f7237f0eb223 received client-request: Request { kind: ReserveTicket, customer: e376739f-b282-4eec-95a5-4cbd5b4a8d91, server: None, raw: .. }
Reserved ticket 9045 for customer e376739f-b282-4eec-95a5-4cbd5b4a8d91
Server 799bb1b2-bd8f-49e2-81f8-f7237f0eb223 received client-request: Request { kind: ReserveTicket, customer: 6b68d7db-6220-41e1-95bc-46d91c5087ff, server: None, raw: .. }
Reserved ticket 9044 for customer 6b68d7db-6220-41e1-95bc-46d91c5087ff
Server 799bb1b2-bd8f-49e2-81f8-f7237f0eb223 received client-request: Request { kind: ReserveTicket, customer: f3cd6308-4af9-4422-b643-d265fdf6bbaf, server: None, raw: .. }
Reserved ticket 9043 for customer f3cd6308-4af9-4422-b643-d265fdf6bbaf
Server 799bb1b2-bd8f-49e2-81f8-f7237f0eb223 received client-request: Request { kind: ReserveTicket, customer: 093830b0-344c-49d0-8fd7-47115f974933, server: None, raw: .. }
Reserved ticket 9042 for customer 093830b0-344c-49d0-8fd7-47115f974933
Server 799bb1b2-bd8f-49e2-81f8-f7237f0eb223 received client-request: Request { kind: ReserveTicket, customer: 65bdd410-b5f4-42f1-a939-c8e7c53318fa, server: None, raw: .. }
Reserved ticket 9041 for customer 65bdd410-b5f4-42f1-a939-c8e7c53318fa
Server 799bb1b2-bd8f-49e2-81f8-f7237f0eb223 received client-request: Request { kind: ReserveTicket, customer: 557e59ea-7270-4277-97d6-b541c75aff5a, server: None, raw: .. }
Reserved ticket 9040 for customer 557e59ea-7270-4277-97d6-b541c75aff5a
Server 799bb1b2-bd8f-49e2-81f8-f7237f0eb223 received client-request: Request { kind: ReserveTicket, customer: 464089af-70fb-4a9c-a909-918d7a2f5362, server: None, raw: .. }
Reserved ticket 9039 for customer 464089af-70fb-4a9c-a909-918d7a2f5362
Server 799bb1b2-bd8f-49e2-81f8-f7237f0eb223 received client-request: Request { kind: ReserveTicket, customer: bcbbfe1a-25e6-4a49-8bda-b580f5eee830, server: None, raw: .. }
Reserved ticket 9038 for customer bcbbfe1a-25e6-4a49-8bda-b580f5eee830
Server 799bb1b2-bd8f-49e2-81f8-f7237f0eb223 received client-request: Request { kind: ReserveTicket, customer: 33d8d12c-cd08-4003-ae1f-a4b9042a3d73, server: None, raw: .. }
Reserved ticket 9037 for customer 33d8d12c-cd08-4003-ae1f-a4b9042a3d73
Server 799bb1b2-bd8f-49e2-81f8-f7237f0eb223 received client-request: Request { kind: ReserveTicket, customer: 4683b7ae-c27b-4645-b167-6debce5b7673, server: None, raw: .. }
Reserved ticket 9036 for customer 4683b7ae-c27b-4645-b167-6debce5b7673
Server 799bb1b2-bd8f-49e2-81f8-f7237f0eb223 received client-request: Request { kind: ReserveTicket, customer: b5df3be7-7c22-4bb1-b1ae-ef561656ab1d, server: None, raw: .. }
Reserved ticket 9035 for customer b5df3be7-7c22-4bb1-b1ae-ef561656ab1d
Server 799bb1b2-bd8f-49e2-81f8-f7237f0eb223 received client-request: Request { kind: ReserveTicket, customer: d840726c-91f1-4a21-977f-22eff6cf3b0e, server: None, raw: .. }
Reserved ticket 9034 for customer d840726c-91f1-4a21-977f-22eff6cf3b0e
Server 799bb1b2-bd8f-49e2-81f8-f7237f0eb223 received client-request: Request { kind: ReserveTicket, customer: 17fe8c1e-3c8a-4cdf-b004-064beef6bc38, server: None, raw: .. }
Reserved ticket 9033 for customer 17fe8c1e-3c8a-4cdf-b004-064beef6bc38
Server 799bb1b2-bd8f-49e2-81f8-f7237f0eb223 received client-request: Request { kind: ReserveTicket, customer: 1d6d2f4a-0deb-47c9-93b6-0f18600b5d4b, server: None, raw: .. }
Reserved ticket 9032 for customer 1d6d2f4a-0deb-47c9-93b6-0f18600b5d4b
Server 799bb1b2-bd8f-49e2-81f8-f7237f0eb223 received client-request: Request { kind: ReserveTicket, customer: 8ddf9430-6605-444a-8515-0da7133186fc, server: None, raw: .. }
Reserved ticket 9031 for customer 8ddf9430-6605-444a-8515-0da7133186fc
Server 799bb1b2-bd8f-49e2-81f8-f7237f0eb223 received client-request: Request { kind: ReserveTicket, customer: 5fed8a81-21cf-4755-90d3-ea36db867c56, server: None, raw: .. }
Reserved ticket 9030 for customer 5fed8a81-21cf-4755-90d3-ea36db867c56
Server 65a51e17-fff5-4036-8b94-6db5de4d28d8 received client-request: Request { kind: ReserveTicket, customer: 2510f392-cde4-467a-8887-1c87963bdb10, server: None, raw: .. }
Reserved ticket 9029 for customer 2510f392-cde4-467a-8887-1c87963bdb10
Server 799bb1b2-bd8f-49e2-81f8-f7237f0eb223 received client-request: Request { kind: ReserveTicket, customer: 95ae3c16-a386-4739-8e4a-19386c0c2fe9, server: None, raw: .. }
Reserved ticket 9028 for customer 95ae3c16-a386-4739-8e4a-19386c0c2fe9
Server 799bb1b2-bd8f-49e2-81f8-f7237f0eb223 received client-request: Request { kind: ReserveTicket, customer: 61447bcf-650b-400e-8fe8-62265e7181a2, server: None, raw: .. }
Reserved ticket 9027 for customer 61447bcf-650b-400e-8fe8-62265e7181a2
Server 799bb1b2-bd8f-49e2-81f8-f7237f0eb223 received client-request: Request { kind: ReserveTicket, customer: e4df35ac-2ce0-4c01-8ee9-3bb5a7dd1509, server: None, raw: .. }
Reserved ticket 9026 for customer e4df35ac-2ce0-4c01-8ee9-3bb5a7dd1509
Server 799bb1b2-bd8f-49e2-81f8-f7237f0eb223 received client-request: Request { kind: ReserveTicket, customer: 4b9f6c43-ef81-4e20-a88e-6fa01c09a810, server: None, raw: .. }
Reserved ticket 9025 for customer 4b9f6c43-ef81-4e20-a88e-6fa01c09a810
Server 799bb1b2-bd8f-49e2-81f8-f7237f0eb223 received client-request: Request { kind: ReserveTicket, customer: 98e8e5c8-2cfa-43f4-977d-b25afcf55e3e, server: None, raw: .. }
Reserved ticket 9024 for customer 98e8e5c8-2cfa-43f4-977d-b25afcf55e3e
Server 799bb1b2-bd8f-49e2-81f8-f7237f0eb223 received client-request: Request { kind: ReserveTicket, customer: 8875205d-05fc-4222-a639-b6c6c1b40d1d, server: None, raw: .. }
Reserved ticket 9023 for customer 8875205d-05fc-4222-a639-b6c6c1b40d1d
Server 799bb1b2-bd8f-49e2-81f8-f7237f0eb223 received client-request: Request { kind: ReserveTicket, customer: fea7ed25-69ef-4f48-b2a8-6c93c4506966, server: None, raw: .. }
Reserved ticket 9022 for customer fea7ed25-69ef-4f48-b2a8-6c93c4506966
Server 799bb1b2-bd8f-49e2-81f8-f7237f0eb223 received client-request: Request { kind: ReserveTicket, customer: 81dbb2c1-5807-43d7-8b67-433ca4d2fc6e, server: None, raw: .. }
Reserved ticket 9021 for customer 81dbb2c1-5807-43d7-8b67-433ca4d2fc6e
Server 799bb1b2-bd8f-49e2-81f8-f7237f0eb223 received client-request: Request { kind: ReserveTicket, customer: 59987cad-3e76-42c7-9416-e7c1ba679932, server: None, raw: .. }
Reserved ticket 9020 for customer 59987cad-3e76-42c7-9416-e7c1ba679932
Server 799bb1b2-bd8f-49e2-81f8-f7237f0eb223 received client-request: Request { kind: ReserveTicket, customer: 9c15d606-6725-48ec-91ed-0dd8a43b5573, server: None, raw: .. }
Reserved ticket 9019 for customer 9c15d606-6725-48ec-91ed-0dd8a43b5573
Server 799bb1b2-bd8f-49e2-81f8-f7237f0eb223 received client-request: Request { kind: ReserveTicket, customer: b52ad125-7a86-42b5-b34b-99596722dc41, server: None, raw: .. }
Reserved ticket 9018 for customer b52ad125-7a86-42b5-b34b-99596722dc41
Server 799bb1b2-bd8f-49e2-81f8-f7237f0eb223 received client-request: Request { kind: ReserveTicket, customer: 56b38982-48cd-4df7-b949-e9bf90fdaf21, server: None, raw: .. }
Reserved ticket 9017 for customer 56b38982-48cd-4df7-b949-e9bf90fdaf21
Server 799bb1b2-bd8f-49e2-81f8-f7237f0eb223 received client-request: Request { kind: ReserveTicket, customer: 3046039c-a3ed-4b19-87ce-300384986d44, server: None, raw: .. }
Reserved ticket 9016 for customer 3046039c-a3ed-4b19-87ce-300384986d44
Server 799bb1b2-bd8f-49e2-81f8-f7237f0eb223 received client-request: Request { kind: ReserveTicket, customer: dff22d7c-5d13-434c-91a2-ba67641609a3, server: None, raw: .. }
Reserved ticket 9015 for customer dff22d7c-5d13-434c-91a2-ba67641609a3
Server 799bb1b2-bd8f-49e2-81f8-f7237f0eb223 received client-request: Request { kind: ReserveTicket, customer: 2bcc9745-b3e8-429b-b9b7-398f5276ec37, server: None, raw: .. }
Reserved ticket 9014 for customer 2bcc9745-b3e8-429b-b9b7-398f5276ec37
Server 799bb1b2-bd8f-49e2-81f8-f7237f0eb223 received client-request: Request { kind: ReserveTicket, customer: a4394d77-9156-4e83-8f10-73189aba001b, server: None, raw: .. }
Reserved ticket 9013 for customer a4394d77-9156-4e83-8f10-73189aba001b
Server 799bb1b2-bd8f-49e2-81f8-f7237f0eb223 received client-request: Request { kind: ReserveTicket, customer: 0cd83f23-d69d-46d4-9027-2e03f5574552, server: None, raw: .. }
Reserved ticket 9012 for customer 0cd83f23-d69d-46d4-9027-2e03f5574552
Server 799bb1b2-bd8f-49e2-81f8-f7237f0eb223 received client-request: Request { kind: ReserveTicket, customer: e08f58e4-b695-4030-a604-ac284bf0a8d4, server: None, raw: .. }
Reserved ticket 9011 for customer e08f58e4-b695-4030-a604-ac284bf0a8d4
Server 799bb1b2-bd8f-49e2-81f8-f7237f0eb223 received client-request: Request { kind: ReserveTicket, customer: 84c65102-6f15-4c40-9286-904c4d8180ce, server: None, raw: .. }
Reserved ticket 9010 for customer 84c65102-6f15-4c40-9286-904c4d8180ce
Server 65a51e17-fff5-4036-8b94-6db5de4d28d8 received client-request: Request { kind: ReserveTicket, customer: fc393aef-f6a5-4288-bc9b-d9cfe26ec454, server: None, raw: .. }
Reserved ticket 9009 for customer fc393aef-f6a5-4288-bc9b-d9cfe26ec454
Server 799bb1b2-bd8f-49e2-81f8-f7237f0eb223 received client-request: Request { kind: ReserveTicket, customer: e2a8ab50-821c-45f3-8dd4-c3315ee3943a, server: None, raw: .. }
Reserved ticket 9008 for customer e2a8ab50-821c-45f3-8dd4-c3315ee3943a
Server 799bb1b2-bd8f-49e2-81f8-f7237f0eb223 received client-request: Request { kind: ReserveTicket, customer: 67aa44b2-46a1-4074-a2da-e45e57045ff3, server: None, raw: .. }
Reserved ticket 9007 for customer 67aa44b2-46a1-4074-a2da-e45e57045ff3
Server 799bb1b2-bd8f-49e2-81f8-f7237f0eb223 received client-request: Request { kind: ReserveTicket, customer: 47776540-3740-40eb-ab6a-ea7e0d3c5abb, server: None, raw: .. }
Reserved ticket 9006 for customer 47776540-3740-40eb-ab6a-ea7e0d3c5abb
Server 799bb1b2-bd8f-49e2-81f8-f7237f0eb223 received client-request: Request { kind: ReserveTicket, customer: 79ddb784-b27f-4063-8188-aab82463f23e, server: None, raw: .. }
Reserved ticket 9005 for customer 79ddb784-b27f-4063-8188-aab82463f23e
Server 799bb1b2-bd8f-49e2-81f8-f7237f0eb223 received client-request: Request { kind: ReserveTicket, customer: 484360e2-e788-422e-800a-fbd1cd9ec50d, server: None, raw: .. }
Reserved ticket 9004 for customer 484360e2-e788-422e-800a-fbd1cd9ec50d
Server 799bb1b2-bd8f-49e2-81f8-f7237f0eb223 received client-request: Request { kind: ReserveTicket, customer: 80c2bc61-883f-45fd-a698-e8a2e03bd64d, server: None, raw: .. }
Reserved ticket 9003 for customer 80c2bc61-883f-45fd-a698-e8a2e03bd64d
Server 799bb1b2-bd8f-49e2-81f8-f7237f0eb223 received client-request: Request { kind: ReserveTicket, customer: 50bc47a3-fc87-40cb-9360-095042fbe3d4, server: None, raw: .. }
Reserved ticket 9002 for customer 50bc47a3-fc87-40cb-9360-095042fbe3d4
Server 799bb1b2-bd8f-49e2-81f8-f7237f0eb223 received client-request: Request { kind: ReserveTicket, customer: c27d9ea9-3bab-4c63-9a08-42886a44b222, server: None, raw: .. }
Reserved ticket 9001 for customer c27d9ea9-3bab-4c63-9a08-42886a44b222
Server 799bb1b2-bd8f-49e2-81f8-f7237f0eb223 received client-request: Request { kind: ReserveTicket, customer: cdc53abd-a564-4d64-9cc0-74847487f9a1, server: None, raw: .. }
Reserved ticket 9000 for customer cdc53abd-a564-4d64-9cc0-74847487f9a1
Server 799bb1b2-bd8f-49e2-81f8-f7237f0eb223 received client-request: Request { kind: ReserveTicket, customer: 1b91348a-3b08-4d7d-8085-e257bde30b01, server: None, raw: .. }
Reserved ticket 8999 for customer 1b91348a-3b08-4d7d-8085-e257bde30b01
Server 799bb1b2-bd8f-49e2-81f8-f7237f0eb223 received client-request: Request { kind: ReserveTicket, customer: 0c14b1e0-9275-464a-af88-15938abe95dc, server: None, raw: .. }
Reserved ticket 8998 for customer 0c14b1e0-9275-464a-af88-15938abe95dc
Server 799bb1b2-bd8f-49e2-81f8-f7237f0eb223 received client-request: Request { kind: ReserveTicket, customer: 1b5d583d-8550-47f1-9222-a10a0ef6488e, server: None, raw: .. }
Reserved ticket 8997 for customer 1b5d583d-8550-47f1-9222-a10a0ef6488e
Server 799bb1b2-bd8f-49e2-81f8-f7237f0eb223 received client-request: Request { kind: ReserveTicket, customer: 919e3bd2-65e1-4ff1-988e-88c2a5b289b4, server: None, raw: .. }
Reserved ticket 8996 for customer 919e3bd2-65e1-4ff1-988e-88c2a5b289b4
Server 799bb1b2-bd8f-49e2-81f8-f7237f0eb223 received client-request: Request { kind: ReserveTicket, customer: d1c29d55-8f7c-4248-af5d-482c9562b0c3, server: None, raw: .. }
Reserved ticket 8995 for customer d1c29d55-8f7c-4248-af5d-482c9562b0c3
Server 799bb1b2-bd8f-49e2-81f8-f7237f0eb223 received client-request: Request { kind: ReserveTicket, customer: 45de832e-b15d-4031-a801-23d400bba334, server: None, raw: .. }
Reserved ticket 8994 for customer 45de832e-b15d-4031-a801-23d400bba334
Server 799bb1b2-bd8f-49e2-81f8-f7237f0eb223 received client-request: Request { kind: ReserveTicket, customer: 76c301a9-6a21-4b03-be1a-c90a4cec4083, server: None, raw: .. }
Reserved ticket 8993 for customer 76c301a9-6a21-4b03-be1a-c90a4cec4083
Server 799bb1b2-bd8f-49e2-81f8-f7237f0eb223 received client-request: Request { kind: ReserveTicket, customer: 08c8af06-6414-43b1-9ba1-752c49f04436, server: None, raw: .. }
Reserved ticket 8992 for customer 08c8af06-6414-43b1-9ba1-752c49f04436
Server 799bb1b2-bd8f-49e2-81f8-f7237f0eb223 received client-request: Request { kind: ReserveTicket, customer: b158a0a5-397f-44b5-9a22-06542caf8cd9, server: None, raw: .. }
Reserved ticket 8991 for customer b158a0a5-397f-44b5-9a22-06542caf8cd9
Server 799bb1b2-bd8f-49e2-81f8-f7237f0eb223 received client-request: Request { kind: ReserveTicket, customer: ba2640d3-0bb0-422e-8dc0-4a50ce6ed741, server: None, raw: .. }
Reserved ticket 8990 for customer ba2640d3-0bb0-422e-8dc0-4a50ce6ed741
Server 65a51e17-fff5-4036-8b94-6db5de4d28d8 received client-request: Request { kind: ReserveTicket, customer: c757d98b-c43e-4e1d-acbc-034917f3fcc9, server: None, raw: .. }
Reserved ticket 8989 for customer c757d98b-c43e-4e1d-acbc-034917f3fcc9
Server 799bb1b2-bd8f-49e2-81f8-f7237f0eb223 received client-request: Request { kind: ReserveTicket, customer: 643fe7ce-628b-4688-81ac-9ad6aa90e18a, server: None, raw: .. }
Reserved ticket 8988 for customer 643fe7ce-628b-4688-81ac-9ad6aa90e18a
Server 799bb1b2-bd8f-49e2-81f8-f7237f0eb223 received client-request: Request { kind: ReserveTicket, customer: bed876bf-2866-49c7-a052-0a239cdbfee0, server: None, raw: .. }
Reserved ticket 8987 for customer bed876bf-2866-49c7-a052-0a239cdbfee0
Server 799bb1b2-bd8f-49e2-81f8-f7237f0eb223 received client-request: Request { kind: ReserveTicket, customer: 6e18c070-d35b-471f-8062-46555d366934, server: None, raw: .. }
Reserved ticket 8986 for customer 6e18c070-d35b-471f-8062-46555d366934
Server 799bb1b2-bd8f-49e2-81f8-f7237f0eb223 received client-request: Request { kind: ReserveTicket, customer: a57cbde4-46c1-4756-b462-92a647452f7c, server: None, raw: .. }
Reserved ticket 8985 for customer a57cbde4-46c1-4756-b462-92a647452f7c
Server 799bb1b2-bd8f-49e2-81f8-f7237f0eb223 received client-request: Request { kind: ReserveTicket, customer: eb99efb1-8b62-402d-b480-bec711e77f39, server: None, raw: .. }
Reserved ticket 8984 for customer eb99efb1-8b62-402d-b480-bec711e77f39
Server 799bb1b2-bd8f-49e2-81f8-f7237f0eb223 received client-request: Request { kind: ReserveTicket, customer: 24768c58-220f-4d9f-b764-fe1758e000b8, server: None, raw: .. }
Reserved ticket 8983 for customer 24768c58-220f-4d9f-b764-fe1758e000b8
Server 799bb1b2-bd8f-49e2-81f8-f7237f0eb223 received client-request: Request { kind: ReserveTicket, customer: bf961ebe-930f-42a8-848d-d1ac305a8181, server: None, raw: .. }
Reserved ticket 8982 for customer bf961ebe-930f-42a8-848d-d1ac305a8181
Server 799bb1b2-bd8f-49e2-81f8-f7237f0eb223 received client-request: Request { kind: ReserveTicket, customer: e8b492b3-4a3f-4c57-9053-5f1376681ed4, server: None, raw: .. }
Reserved ticket 8981 for customer e8b492b3-4a3f-4c57-9053-5f1376681ed4
Server 799bb1b2-bd8f-49e2-81f8-f7237f0eb223 received client-request: Request { kind: ReserveTicket, customer: b3b7b2ae-2429-4f2e-a94a-045067c111b1, server: None, raw: .. }
Reserved ticket 8980 for customer b3b7b2ae-2429-4f2e-a94a-045067c111b1
Server 799bb1b2-bd8f-49e2-81f8-f7237f0eb223 received client-request: Request { kind: ReserveTicket, customer: b487e0f5-8d45-4991-b4c7-0ef7dc4c8e62, server: None, raw: .. }
Reserved ticket 8979 for customer b487e0f5-8d45-4991-b4c7-0ef7dc4c8e62
Server 799bb1b2-bd8f-49e2-81f8-f7237f0eb223 received client-request: Request { kind: ReserveTicket, customer: 27d2ab3d-8de8-402e-8c3d-fa9b8002aa4f, server: None, raw: .. }
Reserved ticket 8978 for customer 27d2ab3d-8de8-402e-8c3d-fa9b8002aa4f
Server 799bb1b2-bd8f-49e2-81f8-f7237f0eb223 received client-request: Request { kind: ReserveTicket, customer: b83ecf64-a675-4122-a873-e61e959fa24c, server: None, raw: .. }
Reserved ticket 8977 for customer b83ecf64-a675-4122-a873-e61e959fa24c
Server 799bb1b2-bd8f-49e2-81f8-f7237f0eb223 received client-request: Request { kind: ReserveTicket, customer: 69d9ec79-d15a-4ef5-9624-fcddd59d5dbf, server: None, raw: .. }
Reserved ticket 8976 for customer 69d9ec79-d15a-4ef5-9624-fcddd59d5dbf
Server 799bb1b2-bd8f-49e2-81f8-f7237f0eb223 received client-request: Request { kind: ReserveTicket, customer: 6fdb1194-b3da-4839-8bb5-6230e7b587f9, server: None, raw: .. }
Reserved ticket 8975 for customer 6fdb1194-b3da-4839-8bb5-6230e7b587f9
Server 799bb1b2-bd8f-49e2-81f8-f7237f0eb223 received client-request: Request { kind: ReserveTicket, customer: 1b2d1433-91dc-4044-9f8c-823c65367c42, server: None, raw: .. }
Reserved ticket 8974 for customer 1b2d1433-91dc-4044-9f8c-823c65367c42
Server 799bb1b2-bd8f-49e2-81f8-f7237f0eb223 received client-request: Request { kind: ReserveTicket, customer: e5222992-2cfe-4ac2-b5e0-2da18dda8a74, server: None, raw: .. }
Reserved ticket 8973 for customer e5222992-2cfe-4ac2-b5e0-2da18dda8a74
Server 799bb1b2-bd8f-49e2-81f8-f7237f0eb223 received client-request: Request { kind: ReserveTicket, customer: ebeddaaa-61d5-4f68-87e2-6e14a4a95478, server: None, raw: .. }
Reserved ticket 8972 for customer ebeddaaa-61d5-4f68-87e2-6e14a4a95478
Server 799bb1b2-bd8f-49e2-81f8-f7237f0eb223 received client-request: Request { kind: ReserveTicket, customer: 4940109b-2a69-4168-9fca-b89a91c73fd0, server: None, raw: .. }
Reserved ticket 8971 for customer 4940109b-2a69-4168-9fca-b89a91c73fd0
Server 799bb1b2-bd8f-49e2-81f8-f7237f0eb223 received client-request: Request { kind: ReserveTicket, customer: 22234a98-19d7-48e9-baa0-c72615db5700, server: None, raw: .. }
Reserved ticket 8970 for customer 22234a98-19d7-48e9-baa0-c72615db5700
Server 65a51e17-fff5-4036-8b94-6db5de4d28d8 received client-request: Request { kind: ReserveTicket, customer: 3169ccc3-a642-4290-8670-39859e5d421f, server: None, raw: .. }
Reserved ticket 8969 for customer 3169ccc3-a642-4290-8670-39859e5d421f
Server 799bb1b2-bd8f-49e2-81f8-f7237f0eb223 received client-request: Request { kind: ReserveTicket, customer: 01a5c0c9-603d-4bf1-9e0a-12ceee7b22c4, server: None, raw: .. }
Reserved ticket 8968 for customer 01a5c0c9-603d-4bf1-9e0a-12ceee7b22c4
Server 799bb1b2-bd8f-49e2-81f8-f7237f0eb223 received client-request: Request { kind: ReserveTicket, customer: 8e3036b3-02ff-4b5c-87a5-9f120f24f2bb, server: None, raw: .. }
Reserved ticket 8967 for customer 8e3036b3-02ff-4b5c-87a5-9f120f24f2bb
Server 799bb1b2-bd8f-49e2-81f8-f7237f0eb223 received client-request: Request { kind: ReserveTicket, customer: bbc6dd60-af6e-46f4-b14a-38727c6672d0, server: None, raw: .. }
Reserved ticket 8966 for customer bbc6dd60-af6e-46f4-b14a-38727c6672d0
Server 799bb1b2-bd8f-49e2-81f8-f7237f0eb223 received client-request: Request { kind: ReserveTicket, customer: f7fafad8-f078-4bed-a53a-2151e8dafbda, server: None, raw: .. }
Reserved ticket 8965 for customer f7fafad8-f078-4bed-a53a-2151e8dafbda
Server 799bb1b2-bd8f-49e2-81f8-f7237f0eb223 received client-request: Request { kind: ReserveTicket, customer: 44290a64-607b-43e4-bcf4-b64963a40878, server: None, raw: .. }
Reserved ticket 8964 for customer 44290a64-607b-43e4-bcf4-b64963a40878
Server 799bb1b2-bd8f-49e2-81f8-f7237f0eb223 received client-request: Request { kind: ReserveTicket, customer: 8b6b9823-42b4-475e-9c9b-e389f01d7af1, server: None, raw: .. }
Reserved ticket 8963 for customer 8b6b9823-42b4-475e-9c9b-e389f01d7af1
Server 799bb1b2-bd8f-49e2-81f8-f7237f0eb223 received client-request: Request { kind: ReserveTicket, customer: b42d3486-138b-4fd0-bfb7-d7e213c69fce, server: None, raw: .. }
Reserved ticket 8962 for customer b42d3486-138b-4fd0-bfb7-d7e213c69fce
Server 799bb1b2-bd8f-49e2-81f8-f7237f0eb223 received client-request: Request { kind: ReserveTicket, customer: aab77a48-00b1-4e49-ae55-8df527a48b1e, server: None, raw: .. }
Reserved ticket 8961 for customer aab77a48-00b1-4e49-ae55-8df527a48b1e
Server 799bb1b2-bd8f-49e2-81f8-f7237f0eb223 received client-request: Request { kind: ReserveTicket, customer: 7206c118-0a07-467a-9bcc-b6727ef08c80, server: None, raw: .. }
Reserved ticket 8960 for customer 7206c118-0a07-467a-9bcc-b6727ef08c80
Server 799bb1b2-bd8f-49e2-81f8-f7237f0eb223 received client-request: Request { kind: ReserveTicket, customer: 62175fe4-17cc-42ae-8a1d-daaaa41ea7e9, server: None, raw: .. }
Reserved ticket 8959 for customer 62175fe4-17cc-42ae-8a1d-daaaa41ea7e9
Server 799bb1b2-bd8f-49e2-81f8-f7237f0eb223 received client-request: Request { kind: ReserveTicket, customer: 584ef32f-f8f3-41df-a4d3-50f4edfeeb12, server: None, raw: .. }
Reserved ticket 8958 for customer 584ef32f-f8f3-41df-a4d3-50f4edfeeb12
Server 799bb1b2-bd8f-49e2-81f8-f7237f0eb223 received client-request: Request { kind: ReserveTicket, customer: bf6f7d43-f731-4e3a-85e7-8af63a509515, server: None, raw: .. }
Reserved ticket 8957 for customer bf6f7d43-f731-4e3a-85e7-8af63a509515
Server 799bb1b2-bd8f-49e2-81f8-f7237f0eb223 received client-request: Request { kind: ReserveTicket, customer: 173b744b-8b60-4236-b43b-61db85ea4484, server: None, raw: .. }
Reserved ticket 8956 for customer 173b744b-8b60-4236-b43b-61db85ea4484
Server 799bb1b2-bd8f-49e2-81f8-f7237f0eb223 received client-request: Request { kind: ReserveTicket, customer: 3f077ae8-df88-4c3b-acae-cd53e1110dda, server: None, raw: .. }
Reserved ticket 8955 for customer 3f077ae8-df88-4c3b-acae-cd53e1110dda
Server 799bb1b2-bd8f-49e2-81f8-f7237f0eb223 received client-request: Request { kind: ReserveTicket, customer: 750db410-5170-4e8f-9f83-cd2d8fad0135, server: None, raw: .. }
Reserved ticket 8954 for customer 750db410-5170-4e8f-9f83-cd2d8fad0135
Server 799bb1b2-bd8f-49e2-81f8-f7237f0eb223 received client-request: Request { kind: ReserveTicket, customer: d55d3e6d-e553-4076-8cd8-6957a9930b54, server: None, raw: .. }
Reserved ticket 8953 for customer d55d3e6d-e553-4076-8cd8-6957a9930b54
Server 799bb1b2-bd8f-49e2-81f8-f7237f0eb223 received client-request: Request { kind: ReserveTicket, customer: 7d1b83c4-69da-49cc-8c00-57a74a0715f5, server: None, raw: .. }
Reserved ticket 8952 for customer 7d1b83c4-69da-49cc-8c00-57a74a0715f5
Server 799bb1b2-bd8f-49e2-81f8-f7237f0eb223 received client-request: Request { kind: ReserveTicket, customer: 72f49d2c-f031-420e-8cc6-533d57e85723, server: None, raw: .. }
Reserved ticket 8951 for customer 72f49d2c-f031-420e-8cc6-533d57e85723
Server 799bb1b2-bd8f-49e2-81f8-f7237f0eb223 received client-request: Request { kind: ReserveTicket, customer: 63e3bbe1-6234-4df6-8ad3-93f8ad66af51, server: None, raw: .. }
Reserved ticket 8950 for customer 63e3bbe1-6234-4df6-8ad3-93f8ad66af51
Server 65a51e17-fff5-4036-8b94-6db5de4d28d8 received client-request: Request { kind: ReserveTicket, customer: a392d496-62fd-410a-98f1-97aa711fa84e, server: None, raw: .. }
Reserved ticket 8949 for customer a392d496-62fd-410a-98f1-97aa711fa84e
Server 799bb1b2-bd8f-49e2-81f8-f7237f0eb223 received client-request: Request { kind: ReserveTicket, customer: 81044f6b-590d-471f-9bed-a459b473219d, server: None, raw: .. }
Reserved ticket 8948 for customer 81044f6b-590d-471f-9bed-a459b473219d
Server 799bb1b2-bd8f-49e2-81f8-f7237f0eb223 received client-request: Request { kind: ReserveTicket, customer: a270e46b-1adb-4275-a566-96d7302e256d, server: None, raw: .. }
Reserved ticket 8947 for customer a270e46b-1adb-4275-a566-96d7302e256d
Server 799bb1b2-bd8f-49e2-81f8-f7237f0eb223 received client-request: Request { kind: ReserveTicket, customer: 1d85efbd-00f5-41c3-9b5b-83b9d5727bf4, server: None, raw: .. }
Reserved ticket 8946 for customer 1d85efbd-00f5-41c3-9b5b-83b9d5727bf4
Server 799bb1b2-bd8f-49e2-81f8-f7237f0eb223 received client-request: Request { kind: ReserveTicket, customer: 2f627468-f46c-499a-b220-87a1b847e10a, server: None, raw: .. }
Reserved ticket 8945 for customer 2f627468-f46c-499a-b220-87a1b847e10a
Server 799bb1b2-bd8f-49e2-81f8-f7237f0eb223 received client-request: Request { kind: ReserveTicket, customer: 22701b38-7c0b-4c04-a3d9-e547c12e0e27, server: None, raw: .. }
Reserved ticket 8944 for customer 22701b38-7c0b-4c04-a3d9-e547c12e0e27
Server 799bb1b2-bd8f-49e2-81f8-f7237f0eb223 received client-request: Request { kind: ReserveTicket, customer: 4758c8dc-6c30-4457-94c5-a32f8aef16b0, server: None, raw: .. }
Reserved ticket 8943 for customer 4758c8dc-6c30-4457-94c5-a32f8aef16b0
Server 799bb1b2-bd8f-49e2-81f8-f7237f0eb223 received client-request: Request { kind: ReserveTicket, customer: 2e31ee21-b751-4025-9998-e10d8d063641, server: None, raw: .. }
Reserved ticket 8942 for customer 2e31ee21-b751-4025-9998-e10d8d063641
Server 799bb1b2-bd8f-49e2-81f8-f7237f0eb223 received client-request: Request { kind: ReserveTicket, customer: 338dc852-111d-427f-917a-6319fce68f6e, server: None, raw: .. }
Reserved ticket 8941 for customer 338dc852-111d-427f-917a-6319fce68f6e
Server 799bb1b2-bd8f-49e2-81f8-f7237f0eb223 received client-request: Request { kind: ReserveTicket, customer: a47f52b4-1d47-4fd7-92de-a127a5a5ed85, server: None, raw: .. }
Reserved ticket 8940 for customer a47f52b4-1d47-4fd7-92de-a127a5a5ed85
Server 799bb1b2-bd8f-49e2-81f8-f7237f0eb223 received client-request: Request { kind: ReserveTicket, customer: c92e3c8b-8891-442b-8f51-9e796e514eca, server: None, raw: .. }
Reserved ticket 8939 for customer c92e3c8b-8891-442b-8f51-9e796e514eca
Server 799bb1b2-bd8f-49e2-81f8-f7237f0eb223 received client-request: Request { kind: ReserveTicket, customer: 1c4a84a3-4307-4ef9-807d-f781ecf43a39, server: None, raw: .. }
Reserved ticket 8938 for customer 1c4a84a3-4307-4ef9-807d-f781ecf43a39
Server 799bb1b2-bd8f-49e2-81f8-f7237f0eb223 received client-request: Request { kind: ReserveTicket, customer: 9b45c2f1-5753-4ac5-acb3-ed40b5c0750f, server: None, raw: .. }
Reserved ticket 8937 for customer 9b45c2f1-5753-4ac5-acb3-ed40b5c0750f
Server 799bb1b2-bd8f-49e2-81f8-f7237f0eb223 received client-request: Request { kind: ReserveTicket, customer: 4d9d6cdf-8559-442a-90cc-2016694aa8c9, server: None, raw: .. }
Reserved ticket 8936 for customer 4d9d6cdf-8559-442a-90cc-2016694aa8c9
Server 799bb1b2-bd8f-49e2-81f8-f7237f0eb223 received client-request: Request { kind: ReserveTicket, customer: 9ceeccee-e2ea-469a-af0a-04fec03bc55a, server: None, raw: .. }
Reserved ticket 8935 for customer 9ceeccee-e2ea-469a-af0a-04fec03bc55a
Server 799bb1b2-bd8f-49e2-81f8-f7237f0eb223 received client-request: Request { kind: ReserveTicket, customer: 2519a074-9fd8-47ec-80b1-49e76276edd4, server: None, raw: .. }
Reserved ticket 8934 for customer 2519a074-9fd8-47ec-80b1-49e76276edd4
Server 799bb1b2-bd8f-49e2-81f8-f7237f0eb223 received client-request: Request { kind: ReserveTicket, customer: 9c3a394d-24be-419f-a91c-550529752e03, server: None, raw: .. }
Reserved ticket 8933 for customer 9c3a394d-24be-419f-a91c-550529752e03
Server 799bb1b2-bd8f-49e2-81f8-f7237f0eb223 received client-request: Request { kind: ReserveTicket, customer: 54317501-3487-4a3d-ad88-45d65ce4cec8, server: None, raw: .. }
Reserved ticket 8932 for customer 54317501-3487-4a3d-ad88-45d65ce4cec8
Server 799bb1b2-bd8f-49e2-81f8-f7237f0eb223 received client-request: Request { kind: ReserveTicket, customer: 77fbfe1b-1698-4267-8ebc-50de7bfac663, server: None, raw: .. }
Reserved ticket 8931 for customer 77fbfe1b-1698-4267-8ebc-50de7bfac663
Server 799bb1b2-bd8f-49e2-81f8-f7237f0eb223 received client-request: Request { kind: ReserveTicket, customer: 870056cb-a354-471e-b413-2fb7ff7513f7, server: None, raw: .. }
Reserved ticket 8930 for customer 870056cb-a354-471e-b413-2fb7ff7513f7
Server 65a51e17-fff5-4036-8b94-6db5de4d28d8 received client-request: Request { kind: ReserveTicket, customer: 15efecba-da49-49f1-ae1e-141809bab2b6, server: None, raw: .. }
Reserved ticket 8929 for customer 15efecba-da49-49f1-ae1e-141809bab2b6
Server 799bb1b2-bd8f-49e2-81f8-f7237f0eb223 received client-request: Request { kind: ReserveTicket, customer: eba6f3c8-9016-46b7-95b4-06786bd017f9, server: None, raw: .. }
Reserved ticket 8928 for customer eba6f3c8-9016-46b7-95b4-06786bd017f9
Server 799bb1b2-bd8f-49e2-81f8-f7237f0eb223 received client-request: Request { kind: ReserveTicket, customer: a42eb2c3-fb25-4b2f-8e33-bea12df4c334, server: None, raw: .. }
Reserved ticket 8927 for customer a42eb2c3-fb25-4b2f-8e33-bea12df4c334
Server 799bb1b2-bd8f-49e2-81f8-f7237f0eb223 received client-request: Request { kind: ReserveTicket, customer: 1c434008-9e76-4bc9-93c5-bf2aab99f621, server: None, raw: .. }
Reserved ticket 8926 for customer 1c434008-9e76-4bc9-93c5-bf2aab99f621
Server 799bb1b2-bd8f-49e2-81f8-f7237f0eb223 received client-request: Request { kind: ReserveTicket, customer: 4d6a9a89-6873-4d21-99b5-e10c0ced81b5, server: None, raw: .. }
Reserved ticket 8925 for customer 4d6a9a89-6873-4d21-99b5-e10c0ced81b5
Server 799bb1b2-bd8f-49e2-81f8-f7237f0eb223 received client-request: Request { kind: ReserveTicket, customer: 87d6e95b-8851-42f4-ae49-49437c40338e, server: None, raw: .. }
Reserved ticket 8924 for customer 87d6e95b-8851-42f4-ae49-49437c40338e
Server 799bb1b2-bd8f-49e2-81f8-f7237f0eb223 received client-request: Request { kind: ReserveTicket, customer: dda7109c-cf33-4812-a61c-756a1957b3be, server: None, raw: .. }
Reserved ticket 8923 for customer dda7109c-cf33-4812-a61c-756a1957b3be
Server 799bb1b2-bd8f-49e2-81f8-f7237f0eb223 received client-request: Request { kind: ReserveTicket, customer: b3cf2432-53cf-4db2-84fb-cd729c49ac69, server: None, raw: .. }
Reserved ticket 8922 for customer b3cf2432-53cf-4db2-84fb-cd729c49ac69
Server 799bb1b2-bd8f-49e2-81f8-f7237f0eb223 received client-request: Request { kind: ReserveTicket, customer: ff8bc338-07b8-4a91-a80d-dedd8c998bbc, server: None, raw: .. }
Reserved ticket 8921 for customer ff8bc338-07b8-4a91-a80d-dedd8c998bbc
Server 799bb1b2-bd8f-49e2-81f8-f7237f0eb223 received client-request: Request { kind: ReserveTicket, customer: db8c1c70-b49e-4ba7-9c73-aeb7aadc0d1d, server: None, raw: .. }
Reserved ticket 8920 for customer db8c1c70-b49e-4ba7-9c73-aeb7aadc0d1d
Server 799bb1b2-bd8f-49e2-81f8-f7237f0eb223 received client-request: Request { kind: ReserveTicket, customer: 33fea7d3-9479-4c12-a43c-ab273038ef1c, server: None, raw: .. }
Reserved ticket 8919 for customer 33fea7d3-9479-4c12-a43c-ab273038ef1c
Server 799bb1b2-bd8f-49e2-81f8-f7237f0eb223 received client-request: Request { kind: ReserveTicket, customer: d2db63f1-8d54-4ecc-ad1e-3bc92a81fb24, server: None, raw: .. }
Reserved ticket 8918 for customer d2db63f1-8d54-4ecc-ad1e-3bc92a81fb24
Server 799bb1b2-bd8f-49e2-81f8-f7237f0eb223 received client-request: Request { kind: ReserveTicket, customer: f90fdaad-4492-48ea-ad6c-db6a568ed092, server: None, raw: .. }
Reserved ticket 8917 for customer f90fdaad-4492-48ea-ad6c-db6a568ed092
Server 799bb1b2-bd8f-49e2-81f8-f7237f0eb223 received client-request: Request { kind: ReserveTicket, customer: fa34512a-0ebe-4c26-82a0-8e08f590c487, server: None, raw: .. }
Reserved ticket 8916 for customer fa34512a-0ebe-4c26-82a0-8e08f590c487
Server 799bb1b2-bd8f-49e2-81f8-f7237f0eb223 received client-request: Request { kind: ReserveTicket, customer: ba1c8e68-08f3-46eb-ae8c-b6a86f23b88e, server: None, raw: .. }
Reserved ticket 8915 for customer ba1c8e68-08f3-46eb-ae8c-b6a86f23b88e
Server 799bb1b2-bd8f-49e2-81f8-f7237f0eb223 received client-request: Request { kind: ReserveTicket, customer: c8b97f77-0fb8-4f39-8982-8499e278ad26, server: None, raw: .. }
Reserved ticket 8914 for customer c8b97f77-0fb8-4f39-8982-8499e278ad26
Server 799bb1b2-bd8f-49e2-81f8-f7237f0eb223 received client-request: Request { kind: ReserveTicket, customer: 71d607f1-fe66-4502-88da-d7bd43fc6c95, server: None, raw: .. }
Reserved ticket 8913 for customer 71d607f1-fe66-4502-88da-d7bd43fc6c95
Server 799bb1b2-bd8f-49e2-81f8-f7237f0eb223 received client-request: Request { kind: ReserveTicket, customer: 742db6ca-97e8-478c-b3ba-1e58f61df786, server: None, raw: .. }
Reserved ticket 8912 for customer 742db6ca-97e8-478c-b3ba-1e58f61df786
Server 799bb1b2-bd8f-49e2-81f8-f7237f0eb223 received client-request: Request { kind: ReserveTicket, customer: 7460c9ca-2f78-491b-a814-370ff7dc67da, server: None, raw: .. }
Reserved ticket 8911 for customer 7460c9ca-2f78-491b-a814-370ff7dc67da
Server 799bb1b2-bd8f-49e2-81f8-f7237f0eb223 received client-request: Request { kind: ReserveTicket, customer: 6d2d62ef-111f-46f8-93b6-29e5cc3c3bb6, server: None, raw: .. }
Reserved ticket 8910 for customer 6d2d62ef-111f-46f8-93b6-29e5cc3c3bb6
Server 65a51e17-fff5-4036-8b94-6db5de4d28d8 received client-request: Request { kind: ReserveTicket, customer: 600475ca-fefb-4f01-a127-75a097d5f5cf, server: None, raw: .. }
Reserved ticket 8909 for customer 600475ca-fefb-4f01-a127-75a097d5f5cf
Server 799bb1b2-bd8f-49e2-81f8-f7237f0eb223 received client-request: Request { kind: ReserveTicket, customer: 8b460ecb-4500-4c1f-a731-cd83c755d19f, server: None, raw: .. }
Reserved ticket 8908 for customer 8b460ecb-4500-4c1f-a731-cd83c755d19f
Server 799bb1b2-bd8f-49e2-81f8-f7237f0eb223 received client-request: Request { kind: ReserveTicket, customer: b24801a9-9a90-498a-b73f-27df52610a0a, server: None, raw: .. }
Reserved ticket 8907 for customer b24801a9-9a90-498a-b73f-27df52610a0a
Server 799bb1b2-bd8f-49e2-81f8-f7237f0eb223 received client-request: Request { kind: ReserveTicket, customer: f0a3fcfb-4027-4ab1-96d4-7974adee29ea, server: None, raw: .. }
Reserved ticket 8906 for customer f0a3fcfb-4027-4ab1-96d4-7974adee29ea
Server 799bb1b2-bd8f-49e2-81f8-f7237f0eb223 received client-request: Request { kind: ReserveTicket, customer: c1a9b892-42ec-4730-a0e3-d6ceb4df6114, server: None, raw: .. }
Reserved ticket 8905 for customer c1a9b892-42ec-4730-a0e3-d6ceb4df6114
Server 799bb1b2-bd8f-49e2-81f8-f7237f0eb223 received client-request: Request { kind: ReserveTicket, customer: ffc1e27c-6b1f-43ef-9cbc-689dfb1993f4, server: None, raw: .. }
Reserved ticket 8904 for customer ffc1e27c-6b1f-43ef-9cbc-689dfb1993f4
Server 799bb1b2-bd8f-49e2-81f8-f7237f0eb223 received client-request: Request { kind: ReserveTicket, customer: 0e96642d-1aa6-459f-9d66-e2a0896e1583, server: None, raw: .. }
Reserved ticket 8903 for customer 0e96642d-1aa6-459f-9d66-e2a0896e1583
Server 799bb1b2-bd8f-49e2-81f8-f7237f0eb223 received client-request: Request { kind: ReserveTicket, customer: f8897b6b-7e8c-4d7a-88a6-ac48a2bbcebd, server: None, raw: .. }
Reserved ticket 8902 for customer f8897b6b-7e8c-4d7a-88a6-ac48a2bbcebd
Server 799bb1b2-bd8f-49e2-81f8-f7237f0eb223 received client-request: Request { kind: ReserveTicket, customer: f58356d7-4a6b-4306-b632-45d9d17b438d, server: None, raw: .. }
Reserved ticket 8901 for customer f58356d7-4a6b-4306-b632-45d9d17b438d
Server 799bb1b2-bd8f-49e2-81f8-f7237f0eb223 received client-request: Request { kind: ReserveTicket, customer: 25ba9af1-22da-4498-83be-98a5d7b4dc36, server: None, raw: .. }
Reserved ticket 8900 for customer 25ba9af1-22da-4498-83be-98a5d7b4dc36
Server 799bb1b2-bd8f-49e2-81f8-f7237f0eb223 received client-request: Request { kind: ReserveTicket, customer: cb7f2e83-aed5-431e-b35d-e2e746cee503, server: None, raw: .. }
Reserved ticket 8899 for customer cb7f2e83-aed5-431e-b35d-e2e746cee503
Server 799bb1b2-bd8f-49e2-81f8-f7237f0eb223 received client-request: Request { kind: ReserveTicket, customer: 4efd402d-5c43-4250-b640-4b9f371556cd, server: None, raw: .. }
Reserved ticket 8898 for customer 4efd402d-5c43-4250-b640-4b9f371556cd
Server 799bb1b2-bd8f-49e2-81f8-f7237f0eb223 received client-request: Request { kind: ReserveTicket, customer: 77055ff8-1ff4-44ff-9535-79a6dbafec21, server: None, raw: .. }
Reserved ticket 8897 for customer 77055ff8-1ff4-44ff-9535-79a6dbafec21
Server 799bb1b2-bd8f-49e2-81f8-f7237f0eb223 received client-request: Request { kind: ReserveTicket, customer: 5c18f2e1-8e53-4383-a561-1446ceb5a6ca, server: None, raw: .. }
Reserved ticket 8896 for customer 5c18f2e1-8e53-4383-a561-1446ceb5a6ca
Server 799bb1b2-bd8f-49e2-81f8-f7237f0eb223 received client-request: Request { kind: ReserveTicket, customer: 6b63cd27-9839-4b0b-bf52-e156ff8c91e8, server: None, raw: .. }
Reserved ticket 8895 for customer 6b63cd27-9839-4b0b-bf52-e156ff8c91e8
Server 799bb1b2-bd8f-49e2-81f8-f7237f0eb223 received client-request: Request { kind: ReserveTicket, customer: a41302f0-5443-4afd-a70b-ae55d230d467, server: None, raw: .. }
Reserved ticket 8894 for customer a41302f0-5443-4afd-a70b-ae55d230d467
Server 799bb1b2-bd8f-49e2-81f8-f7237f0eb223 received client-request: Request { kind: ReserveTicket, customer: ff2246be-5225-4aed-8387-2e00f7da0f76, server: None, raw: .. }
Reserved ticket 8893 for customer ff2246be-5225-4aed-8387-2e00f7da0f76
Server 799bb1b2-bd8f-49e2-81f8-f7237f0eb223 received client-request: Request { kind: ReserveTicket, customer: 8cc089dc-6594-42b5-84fe-9569c849aa45, server: None, raw: .. }
Reserved ticket 8892 for customer 8cc089dc-6594-42b5-84fe-9569c849aa45
Server 799bb1b2-bd8f-49e2-81f8-f7237f0eb223 received client-request: Request { kind: ReserveTicket, customer: e7988937-c6a0-418f-b171-9466da1956bc, server: None, raw: .. }
Reserved ticket 8891 for customer e7988937-c6a0-418f-b171-9466da1956bc
Server 799bb1b2-bd8f-49e2-81f8-f7237f0eb223 received client-request: Request { kind: ReserveTicket, customer: d973404a-4a09-4d19-9bfe-146828fa0ade, server: None, raw: .. }
Reserved ticket 8890 for customer d973404a-4a09-4d19-9bfe-146828fa0ade
Server 65a51e17-fff5-4036-8b94-6db5de4d28d8 received client-request: Request { kind: ReserveTicket, customer: 9eb7c737-f59d-4bdd-8155-758d7c11d61e, server: None, raw: .. }
Reserved ticket 8889 for customer 9eb7c737-f59d-4bdd-8155-758d7c11d61e
Server 799bb1b2-bd8f-49e2-81f8-f7237f0eb223 received client-request: Request { kind: ReserveTicket, customer: bb28a1e0-9450-4012-a675-9c35987fb33e, server: None, raw: .. }
Reserved ticket 8888 for customer bb28a1e0-9450-4012-a675-9c35987fb33e
Server 799bb1b2-bd8f-49e2-81f8-f7237f0eb223 received client-request: Request { kind: ReserveTicket, customer: 7e8ce2f4-fbdd-41ca-88c4-43fef5b1d7aa, server: None, raw: .. }
Reserved ticket 8887 for customer 7e8ce2f4-fbdd-41ca-88c4-43fef5b1d7aa
Server 799bb1b2-bd8f-49e2-81f8-f7237f0eb223 received client-request: Request { kind: ReserveTicket, customer: 0e6d8fc8-3b56-494d-8b7d-ae7540f5e7e4, server: None, raw: .. }
Reserved ticket 8886 for customer 0e6d8fc8-3b56-494d-8b7d-ae7540f5e7e4
Server 799bb1b2-bd8f-49e2-81f8-f7237f0eb223 received client-request: Request { kind: ReserveTicket, customer: c57eb100-f254-48ed-8afb-b45e51dc2378, server: None, raw: .. }
Reserved ticket 8885 for customer c57eb100-f254-48ed-8afb-b45e51dc2378
Server 799bb1b2-bd8f-49e2-81f8-f7237f0eb223 received client-request: Request { kind: ReserveTicket, customer: 22a485e5-0f5c-465d-8234-1ea13d91b113, server: None, raw: .. }
Reserved ticket 8884 for customer 22a485e5-0f5c-465d-8234-1ea13d91b113
Server 799bb1b2-bd8f-49e2-81f8-f7237f0eb223 received client-request: Request { kind: ReserveTicket, customer: 67405ba2-779d-4910-beed-6b1ca77a8760, server: None, raw: .. }
Reserved ticket 8883 for customer 67405ba2-779d-4910-beed-6b1ca77a8760
Server 799bb1b2-bd8f-49e2-81f8-f7237f0eb223 received client-request: Request { kind: ReserveTicket, customer: 28f813a1-e7aa-4555-a8cf-733bfac7247f, server: None, raw: .. }
Reserved ticket 8882 for customer 28f813a1-e7aa-4555-a8cf-733bfac7247f
Server 799bb1b2-bd8f-49e2-81f8-f7237f0eb223 received client-request: Request { kind: ReserveTicket, customer: 31909d99-8174-481e-8354-5e67f4a5ba5a, server: None, raw: .. }
Reserved ticket 8881 for customer 31909d99-8174-481e-8354-5e67f4a5ba5a
Server 799bb1b2-bd8f-49e2-81f8-f7237f0eb223 received client-request: Request { kind: ReserveTicket, customer: 911222c8-2cab-4fb0-9192-9ef697c04f5a, server: None, raw: .. }
Reserved ticket 8880 for customer 911222c8-2cab-4fb0-9192-9ef697c04f5a
Server 799bb1b2-bd8f-49e2-81f8-f7237f0eb223 received client-request: Request { kind: ReserveTicket, customer: 96e07e39-a47d-4fc2-8f9a-c2a551643169, server: None, raw: .. }
Reserved ticket 8879 for customer 96e07e39-a47d-4fc2-8f9a-c2a551643169
Server 799bb1b2-bd8f-49e2-81f8-f7237f0eb223 received client-request: Request { kind: ReserveTicket, customer: 9c25f45f-720e-425d-85b0-2f5d3a5edf4b, server: None, raw: .. }
Reserved ticket 8878 for customer 9c25f45f-720e-425d-85b0-2f5d3a5edf4b
Server 799bb1b2-bd8f-49e2-81f8-f7237f0eb223 received client-request: Request { kind: ReserveTicket, customer: 960fe37f-96ce-4e2f-877d-8570362cb245, server: None, raw: .. }
Reserved ticket 8877 for customer 960fe37f-96ce-4e2f-877d-8570362cb245
Server 799bb1b2-bd8f-49e2-81f8-f7237f0eb223 received client-request: Request { kind: ReserveTicket, customer: 572a227b-5187-4ee9-982a-4ad1d70a8ed2, server: None, raw: .. }
Reserved ticket 8876 for customer 572a227b-5187-4ee9-982a-4ad1d70a8ed2
Server 799bb1b2-bd8f-49e2-81f8-f7237f0eb223 received client-request: Request { kind: ReserveTicket, customer: 566d4282-ae87-4e3c-ace1-cbd3ead66501, server: None, raw: .. }
Reserved ticket 8875 for customer 566d4282-ae87-4e3c-ace1-cbd3ead66501
Server 799bb1b2-bd8f-49e2-81f8-f7237f0eb223 received client-request: Request { kind: ReserveTicket, customer: 5449141c-97db-4bd0-84eb-727ddf365682, server: None, raw: .. }
Reserved ticket 8874 for customer 5449141c-97db-4bd0-84eb-727ddf365682
Server 799bb1b2-bd8f-49e2-81f8-f7237f0eb223 received client-request: Request { kind: ReserveTicket, customer: ed05f4b5-9db2-41ed-90e7-d19f1ee03e31, server: None, raw: .. }
Reserved ticket 8873 for customer ed05f4b5-9db2-41ed-90e7-d19f1ee03e31
Server 799bb1b2-bd8f-49e2-81f8-f7237f0eb223 received client-request: Request { kind: ReserveTicket, customer: 1e40bcf6-7b3b-4f16-8fc1-f2d356cef8dc, server: None, raw: .. }
Reserved ticket 8872 for customer 1e40bcf6-7b3b-4f16-8fc1-f2d356cef8dc
Server 799bb1b2-bd8f-49e2-81f8-f7237f0eb223 received client-request: Request { kind: ReserveTicket, customer: 10b20db8-e1c5-433b-8676-f3758d19e4c4, server: None, raw: .. }
Reserved ticket 8871 for customer 10b20db8-e1c5-433b-8676-f3758d19e4c4
Server 799bb1b2-bd8f-49e2-81f8-f7237f0eb223 received client-request: Request { kind: ReserveTicket, customer: 6a7be0ba-b7fd-4b92-bd85-7848a15c3391, server: None, raw: .. }
Reserved ticket 8870 for customer 6a7be0ba-b7fd-4b92-bd85-7848a15c3391
Server 65a51e17-fff5-4036-8b94-6db5de4d28d8 received client-request: Request { kind: ReserveTicket, customer: d14610b1-3bc8-45da-8702-857c051e467d, server: None, raw: .. }
Reserved ticket 8869 for customer d14610b1-3bc8-45da-8702-857c051e467d
Server 799bb1b2-bd8f-49e2-81f8-f7237f0eb223 received client-request: Request { kind: ReserveTicket, customer: 1dcd6be1-376a-49d7-8589-5dfbde9800f7, server: None, raw: .. }
Reserved ticket 8868 for customer 1dcd6be1-376a-49d7-8589-5dfbde9800f7
Server 799bb1b2-bd8f-49e2-81f8-f7237f0eb223 received client-request: Request { kind: ReserveTicket, customer: e9b26542-a7eb-4a28-8f41-ffbb890a3b7a, server: None, raw: .. }
Reserved ticket 8867 for customer e9b26542-a7eb-4a28-8f41-ffbb890a3b7a
Server 799bb1b2-bd8f-49e2-81f8-f7237f0eb223 received client-request: Request { kind: ReserveTicket, customer: bb933070-1d87-434b-b174-3b5e9a982f03, server: None, raw: .. }
Reserved ticket 8866 for customer bb933070-1d87-434b-b174-3b5e9a982f03
Server 799bb1b2-bd8f-49e2-81f8-f7237f0eb223 received client-request: Request { kind: ReserveTicket, customer: a92950cc-6c49-4050-ae0a-5730f04d1a94, server: None, raw: .. }
Reserved ticket 8865 for customer a92950cc-6c49-4050-ae0a-5730f04d1a94
Server 799bb1b2-bd8f-49e2-81f8-f7237f0eb223 received client-request: Request { kind: ReserveTicket, customer: c93de34f-f66b-4a06-96c6-c842fdc11e5f, server: None, raw: .. }
Reserved ticket 8864 for customer c93de34f-f66b-4a06-96c6-c842fdc11e5f
Server 799bb1b2-bd8f-49e2-81f8-f7237f0eb223 received client-request: Request { kind: ReserveTicket, customer: 7a3d15e9-fb14-4769-a65b-db64700ae208, server: None, raw: .. }
Reserved ticket 8863 for customer 7a3d15e9-fb14-4769-a65b-db64700ae208
Server 799bb1b2-bd8f-49e2-81f8-f7237f0eb223 received client-request: Request { kind: ReserveTicket, customer: 85a774df-1a63-4700-99da-b486281ca738, server: None, raw: .. }
Reserved ticket 8862 for customer 85a774df-1a63-4700-99da-b486281ca738
Server 799bb1b2-bd8f-49e2-81f8-f7237f0eb223 received client-request: Request { kind: ReserveTicket, customer: 829c1d10-edd0-4eb2-badb-99a0b92c8d47, server: None, raw: .. }
Reserved ticket 8861 for customer 829c1d10-edd0-4eb2-badb-99a0b92c8d47
Server 799bb1b2-bd8f-49e2-81f8-f7237f0eb223 received client-request: Request { kind: ReserveTicket, customer: 7023e567-09dc-4cae-b1c4-3d095528b968, server: None, raw: .. }
Reserved ticket 8860 for customer 7023e567-09dc-4cae-b1c4-3d095528b968
Server 799bb1b2-bd8f-49e2-81f8-f7237f0eb223 received client-request: Request { kind: ReserveTicket, customer: 10120148-9e3f-4acc-9a3a-00a613a9ddf5, server: None, raw: .. }
Reserved ticket 8859 for customer 10120148-9e3f-4acc-9a3a-00a613a9ddf5
Server 799bb1b2-bd8f-49e2-81f8-f7237f0eb223 received client-request: Request { kind: ReserveTicket, customer: c3fbc15d-6b74-4394-9d07-da38c46cf499, server: None, raw: .. }
Reserved ticket 8858 for customer c3fbc15d-6b74-4394-9d07-da38c46cf499
Server 799bb1b2-bd8f-49e2-81f8-f7237f0eb223 received client-request: Request { kind: ReserveTicket, customer: 93f61a68-0a6c-4943-b3e6-1847c14735af, server: None, raw: .. }
Reserved ticket 8857 for customer 93f61a68-0a6c-4943-b3e6-1847c14735af
Server 799bb1b2-bd8f-49e2-81f8-f7237f0eb223 received client-request: Request { kind: ReserveTicket, customer: 444fcffc-3d3b-4ed4-b913-457be19ce2ae, server: None, raw: .. }
Reserved ticket 8856 for customer 444fcffc-3d3b-4ed4-b913-457be19ce2ae
Server 799bb1b2-bd8f-49e2-81f8-f7237f0eb223 received client-request: Request { kind: ReserveTicket, customer: 383770ea-0d38-422f-a4e7-8dee143dcb25, server: None, raw: .. }
Reserved ticket 8855 for customer 383770ea-0d38-422f-a4e7-8dee143dcb25
Server 799bb1b2-bd8f-49e2-81f8-f7237f0eb223 received client-request: Request { kind: ReserveTicket, customer: 7789cf03-ae18-4392-8269-98f5dea83aff, server: None, raw: .. }
Reserved ticket 8854 for customer 7789cf03-ae18-4392-8269-98f5dea83aff
Server 799bb1b2-bd8f-49e2-81f8-f7237f0eb223 received client-request: Request { kind: ReserveTicket, customer: db6c698b-143f-4004-985f-785174596829, server: None, raw: .. }
Reserved ticket 8853 for customer db6c698b-143f-4004-985f-785174596829
Server 799bb1b2-bd8f-49e2-81f8-f7237f0eb223 received client-request: Request { kind: ReserveTicket, customer: 8d5d0f9d-64a5-4d5e-a31c-a69de0b25f3c, server: None, raw: .. }
Reserved ticket 8852 for customer 8d5d0f9d-64a5-4d5e-a31c-a69de0b25f3c
Server 799bb1b2-bd8f-49e2-81f8-f7237f0eb223 received client-request: Request { kind: ReserveTicket, customer: 698770eb-677e-405a-80cf-5d0dc1261a31, server: None, raw: .. }
Reserved ticket 8851 for customer 698770eb-677e-405a-80cf-5d0dc1261a31
Server 799bb1b2-bd8f-49e2-81f8-f7237f0eb223 received client-request: Request { kind: ReserveTicket, customer: c463205f-659b-44fe-8c92-1d8c093907c8, server: None, raw: .. }
Reserved ticket 8850 for customer c463205f-659b-44fe-8c92-1d8c093907c8
Server 65a51e17-fff5-4036-8b94-6db5de4d28d8 received client-request: Request { kind: ReserveTicket, customer: 6e6cbd17-8451-47c8-b736-65b489a928ea, server: None, raw: .. }
Reserved ticket 8849 for customer 6e6cbd17-8451-47c8-b736-65b489a928ea
Server 799bb1b2-bd8f-49e2-81f8-f7237f0eb223 received client-request: Request { kind: ReserveTicket, customer: 48561e20-256c-43b9-a5ad-245c8b058332, server: None, raw: .. }
Reserved ticket 8848 for customer 48561e20-256c-43b9-a5ad-245c8b058332
Server 799bb1b2-bd8f-49e2-81f8-f7237f0eb223 received client-request: Request { kind: ReserveTicket, customer: da0d7425-2f73-494d-9c01-6cca1d28e5f0, server: None, raw: .. }
Reserved ticket 8847 for customer da0d7425-2f73-494d-9c01-6cca1d28e5f0
Server 799bb1b2-bd8f-49e2-81f8-f7237f0eb223 received client-request: Request { kind: ReserveTicket, customer: 24898395-f769-4ebf-b414-eeae0192496b, server: None, raw: .. }
Reserved ticket 8846 for customer 24898395-f769-4ebf-b414-eeae0192496b
Server 799bb1b2-bd8f-49e2-81f8-f7237f0eb223 received client-request: Request { kind: ReserveTicket, customer: fbf50efe-ddfb-47dc-a192-2b761c10ca4e, server: None, raw: .. }
Reserved ticket 8845 for customer fbf50efe-ddfb-47dc-a192-2b761c10ca4e
Server 799bb1b2-bd8f-49e2-81f8-f7237f0eb223 received client-request: Request { kind: ReserveTicket, customer: 4e292c1e-32a5-49ff-a4ce-1c31fab6b5b8, server: None, raw: .. }
Reserved ticket 8844 for customer 4e292c1e-32a5-49ff-a4ce-1c31fab6b5b8
Server 799bb1b2-bd8f-49e2-81f8-f7237f0eb223 received client-request: Request { kind: ReserveTicket, customer: 54941ef5-cdbd-4fd6-9699-788cf27aa458, server: None, raw: .. }
Reserved ticket 8843 for customer 54941ef5-cdbd-4fd6-9699-788cf27aa458
Server 799bb1b2-bd8f-49e2-81f8-f7237f0eb223 received client-request: Request { kind: ReserveTicket, customer: 75b21287-5797-4e98-b3a7-9f88cb78abc9, server: None, raw: .. }
Reserved ticket 8842 for customer 75b21287-5797-4e98-b3a7-9f88cb78abc9
Server 799bb1b2-bd8f-49e2-81f8-f7237f0eb223 received client-request: Request { kind: ReserveTicket, customer: 20d9f117-59de-4390-b2ff-0f1511ffe40c, server: None, raw: .. }
Reserved ticket 8841 for customer 20d9f117-59de-4390-b2ff-0f1511ffe40c
Server 799bb1b2-bd8f-49e2-81f8-f7237f0eb223 received client-request: Request { kind: ReserveTicket, customer: 031399f4-bf73-434a-8c01-e49b528d9453, server: None, raw: .. }
Reserved ticket 8840 for customer 031399f4-bf73-434a-8c01-e49b528d9453
Server 799bb1b2-bd8f-49e2-81f8-f7237f0eb223 received client-request: Request { kind: ReserveTicket, customer: f74f854d-e3ea-4beb-9acb-ba5da5cce06a, server: None, raw: .. }
Reserved ticket 8839 for customer f74f854d-e3ea-4beb-9acb-ba5da5cce06a
Server 799bb1b2-bd8f-49e2-81f8-f7237f0eb223 received client-request: Request { kind: ReserveTicket, customer: e11b3755-5cdf-4ebb-9b9f-e22ac364265f, server: None, raw: .. }
Reserved ticket 8838 for customer e11b3755-5cdf-4ebb-9b9f-e22ac364265f
Server 799bb1b2-bd8f-49e2-81f8-f7237f0eb223 received client-request: Request { kind: ReserveTicket, customer: 4ef6d1e3-32df-433f-a1d1-655ac1e4bce0, server: None, raw: .. }
Reserved ticket 8837 for customer 4ef6d1e3-32df-433f-a1d1-655ac1e4bce0
Server 799bb1b2-bd8f-49e2-81f8-f7237f0eb223 received client-request: Request { kind: ReserveTicket, customer: 349b91b4-e437-4221-80f0-a11dc0af948c, server: None, raw: .. }
Reserved ticket 8836 for customer 349b91b4-e437-4221-80f0-a11dc0af948c
Server 799bb1b2-bd8f-49e2-81f8-f7237f0eb223 received client-request: Request { kind: ReserveTicket, customer: a6f79944-6d28-44ca-94c2-e24b3b2d36f1, server: None, raw: .. }
Reserved ticket 8835 for customer a6f79944-6d28-44ca-94c2-e24b3b2d36f1
Server 799bb1b2-bd8f-49e2-81f8-f7237f0eb223 received client-request: Request { kind: ReserveTicket, customer: 63fbc738-dcc6-42c1-9b2a-59fa4989b26e, server: None, raw: .. }
Reserved ticket 8834 for customer 63fbc738-dcc6-42c1-9b2a-59fa4989b26e
Server 799bb1b2-bd8f-49e2-81f8-f7237f0eb223 received client-request: Request { kind: ReserveTicket, customer: f659e953-d647-4e39-b625-53cb86e5ca43, server: None, raw: .. }
Reserved ticket 8833 for customer f659e953-d647-4e39-b625-53cb86e5ca43
Server 799bb1b2-bd8f-49e2-81f8-f7237f0eb223 received client-request: Request { kind: ReserveTicket, customer: 5f77ab32-5a5a-40a7-85c5-051f4a742bd0, server: None, raw: .. }
Reserved ticket 8832 for customer 5f77ab32-5a5a-40a7-85c5-051f4a742bd0
Server 799bb1b2-bd8f-49e2-81f8-f7237f0eb223 received client-request: Request { kind: ReserveTicket, customer: 69378316-8684-4a08-99da-68eaa549de7d, server: None, raw: .. }
Reserved ticket 8831 for customer 69378316-8684-4a08-99da-68eaa549de7d
Server 799bb1b2-bd8f-49e2-81f8-f7237f0eb223 received client-request: Request { kind: ReserveTicket, customer: 8f29c9e3-63ca-40bd-88d9-9d1575f255fb, server: None, raw: .. }
Reserved ticket 8830 for customer 8f29c9e3-63ca-40bd-88d9-9d1575f255fb
Server 65a51e17-fff5-4036-8b94-6db5de4d28d8 received client-request: Request { kind: ReserveTicket, customer: fe4a3e3d-ede6-44cc-bb93-1213731851a6, server: None, raw: .. }
Reserved ticket 8829 for customer fe4a3e3d-ede6-44cc-bb93-1213731851a6
Server 799bb1b2-bd8f-49e2-81f8-f7237f0eb223 received client-request: Request { kind: ReserveTicket, customer: c8461c45-69f0-42a4-a0b7-71d5ebe113cf, server: None, raw: .. }
Reserved ticket 8828 for customer c8461c45-69f0-42a4-a0b7-71d5ebe113cf
Server 799bb1b2-bd8f-49e2-81f8-f7237f0eb223 received client-request: Request { kind: ReserveTicket, customer: eecf1755-d5ab-42bb-a87c-858f64885ff2, server: None, raw: .. }
Reserved ticket 8827 for customer eecf1755-d5ab-42bb-a87c-858f64885ff2
Server 799bb1b2-bd8f-49e2-81f8-f7237f0eb223 received client-request: Request { kind: ReserveTicket, customer: 0b9b6658-7115-4fa1-bab4-eee737ca75ac, server: None, raw: .. }
Reserved ticket 8826 for customer 0b9b6658-7115-4fa1-bab4-eee737ca75ac
Server 799bb1b2-bd8f-49e2-81f8-f7237f0eb223 received client-request: Request { kind: ReserveTicket, customer: 972fed76-5e90-4197-ad13-a5048287b51c, server: None, raw: .. }
Reserved ticket 8825 for customer 972fed76-5e90-4197-ad13-a5048287b51c
Server 799bb1b2-bd8f-49e2-81f8-f7237f0eb223 received client-request: Request { kind: ReserveTicket, customer: dbf9738d-b08c-478b-bd45-5ca2d963cf6f, server: None, raw: .. }
Reserved ticket 8824 for customer dbf9738d-b08c-478b-bd45-5ca2d963cf6f
Server 799bb1b2-bd8f-49e2-81f8-f7237f0eb223 received client-request: Request { kind: ReserveTicket, customer: aa0d5a2a-17d4-4904-b937-ee66329790c6, server: None, raw: .. }
Reserved ticket 8823 for customer aa0d5a2a-17d4-4904-b937-ee66329790c6
Server 799bb1b2-bd8f-49e2-81f8-f7237f0eb223 received client-request: Request { kind: ReserveTicket, customer: eb476294-51c2-4114-9c1f-9b7d658be795, server: None, raw: .. }
Reserved ticket 8822 for customer eb476294-51c2-4114-9c1f-9b7d658be795
Server 799bb1b2-bd8f-49e2-81f8-f7237f0eb223 received client-request: Request { kind: ReserveTicket, customer: 2f6ffe55-3ad3-4cd5-8be9-e5cdbe8f75f4, server: None, raw: .. }
Reserved ticket 8821 for customer 2f6ffe55-3ad3-4cd5-8be9-e5cdbe8f75f4
Server 799bb1b2-bd8f-49e2-81f8-f7237f0eb223 received client-request: Request { kind: ReserveTicket, customer: 0a9b39bf-01f0-4f82-b83f-010d8116f5ec, server: None, raw: .. }
Reserved ticket 8820 for customer 0a9b39bf-01f0-4f82-b83f-010d8116f5ec
Server 799bb1b2-bd8f-49e2-81f8-f7237f0eb223 received client-request: Request { kind: ReserveTicket, customer: 9bf945c9-07aa-495a-9345-5a96255f1b5f, server: None, raw: .. }
Reserved ticket 8819 for customer 9bf945c9-07aa-495a-9345-5a96255f1b5f
Server 799bb1b2-bd8f-49e2-81f8-f7237f0eb223 received client-request: Request { kind: ReserveTicket, customer: afceae15-812c-48d5-980e-3d227c60b557, server: None, raw: .. }
Reserved ticket 8818 for customer afceae15-812c-48d5-980e-3d227c60b557
Server 799bb1b2-bd8f-49e2-81f8-f7237f0eb223 received client-request: Request { kind: ReserveTicket, customer: fb24f8d2-a1ff-4632-9cb6-4d78dfead070, server: None, raw: .. }
Reserved ticket 8817 for customer fb24f8d2-a1ff-4632-9cb6-4d78dfead070
Server 799bb1b2-bd8f-49e2-81f8-f7237f0eb223 received client-request: Request { kind: ReserveTicket, customer: da6df051-db0c-49d8-b8de-feaafe14f216, server: None, raw: .. }
Reserved ticket 8816 for customer da6df051-db0c-49d8-b8de-feaafe14f216
Server 799bb1b2-bd8f-49e2-81f8-f7237f0eb223 received client-request: Request { kind: ReserveTicket, customer: f46b4bd0-c7e0-4e56-bb52-c55c0607f941, server: None, raw: .. }
Reserved ticket 8815 for customer f46b4bd0-c7e0-4e56-bb52-c55c0607f941
Server 799bb1b2-bd8f-49e2-81f8-f7237f0eb223 received client-request: Request { kind: ReserveTicket, customer: 2fb22449-3d38-4a5b-9df2-e225a152eff6, server: None, raw: .. }
Reserved ticket 8814 for customer 2fb22449-3d38-4a5b-9df2-e225a152eff6
Server 799bb1b2-bd8f-49e2-81f8-f7237f0eb223 received client-request: Request { kind: ReserveTicket, customer: 21ea46f8-e452-4c33-a60e-c57d22636173, server: None, raw: .. }
Reserved ticket 8813 for customer 21ea46f8-e452-4c33-a60e-c57d22636173
Server 799bb1b2-bd8f-49e2-81f8-f7237f0eb223 received client-request: Request { kind: ReserveTicket, customer: 96ac18b7-1d9d-432f-ba63-40c7f8ab6d51, server: None, raw: .. }
Reserved ticket 8812 for customer 96ac18b7-1d9d-432f-ba63-40c7f8ab6d51
Server 799bb1b2-bd8f-49e2-81f8-f7237f0eb223 received client-request: Request { kind: ReserveTicket, customer: 058cd72f-a2b2-4fa2-882a-c7aa4e985200, server: None, raw: .. }
Reserved ticket 8811 for customer 058cd72f-a2b2-4fa2-882a-c7aa4e985200
Server 799bb1b2-bd8f-49e2-81f8-f7237f0eb223 received client-request: Request { kind: ReserveTicket, customer: 2e6598de-19f9-4711-936e-c1a926c336ed, server: None, raw: .. }
Reserved ticket 8810 for customer 2e6598de-19f9-4711-936e-c1a926c336ed
Server 65a51e17-fff5-4036-8b94-6db5de4d28d8 received client-request: Request { kind: ReserveTicket, customer: 39426e3e-a852-4857-a7f8-b292e3412f55, server: None, raw: .. }
Reserved ticket 8809 for customer 39426e3e-a852-4857-a7f8-b292e3412f55
Server 799bb1b2-bd8f-49e2-81f8-f7237f0eb223 received client-request: Request { kind: ReserveTicket, customer: b43172be-e79e-49b7-9238-7994984a2c41, server: None, raw: .. }
Reserved ticket 8808 for customer b43172be-e79e-49b7-9238-7994984a2c41
Server 799bb1b2-bd8f-49e2-81f8-f7237f0eb223 received client-request: Request { kind: ReserveTicket, customer: ea7308f0-7e45-4219-9802-76b404a6c073, server: None, raw: .. }
Reserved ticket 8807 for customer ea7308f0-7e45-4219-9802-76b404a6c073
Server 799bb1b2-bd8f-49e2-81f8-f7237f0eb223 received client-request: Request { kind: ReserveTicket, customer: 270d63ae-13fa-445e-841f-7e4a09d93e04, server: None, raw: .. }
Reserved ticket 8806 for customer 270d63ae-13fa-445e-841f-7e4a09d93e04
Server 799bb1b2-bd8f-49e2-81f8-f7237f0eb223 received client-request: Request { kind: ReserveTicket, customer: 8304ecb5-968c-47f1-9a2f-656bebf95f59, server: None, raw: .. }
Reserved ticket 8805 for customer 8304ecb5-968c-47f1-9a2f-656bebf95f59
Server 799bb1b2-bd8f-49e2-81f8-f7237f0eb223 received client-request: Request { kind: ReserveTicket, customer: 412fbc3f-4f8b-48c3-a8ec-a67e591fd4b4, server: None, raw: .. }
Reserved ticket 8804 for customer 412fbc3f-4f8b-48c3-a8ec-a67e591fd4b4
Server 799bb1b2-bd8f-49e2-81f8-f7237f0eb223 received client-request: Request { kind: ReserveTicket, customer: a09b6614-a33e-4d19-9d4a-9117a103318a, server: None, raw: .. }
Reserved ticket 8803 for customer a09b6614-a33e-4d19-9d4a-9117a103318a
Server 799bb1b2-bd8f-49e2-81f8-f7237f0eb223 received client-request: Request { kind: ReserveTicket, customer: 437d9a51-b79b-4e0a-b567-d8948e95bc04, server: None, raw: .. }
Reserved ticket 8802 for customer 437d9a51-b79b-4e0a-b567-d8948e95bc04
Server 799bb1b2-bd8f-49e2-81f8-f7237f0eb223 received client-request: Request { kind: ReserveTicket, customer: 614eb33d-4612-491c-9592-1de5b977c778, server: None, raw: .. }
Reserved ticket 8801 for customer 614eb33d-4612-491c-9592-1de5b977c778
Server 799bb1b2-bd8f-49e2-81f8-f7237f0eb223 received client-request: Request { kind: ReserveTicket, customer: 6c96eeb7-69ba-4770-b959-eb65fd61e0f8, server: None, raw: .. }
Reserved ticket 8800 for customer 6c96eeb7-69ba-4770-b959-eb65fd61e0f8
Server 799bb1b2-bd8f-49e2-81f8-f7237f0eb223 received client-request: Request { kind: ReserveTicket, customer: e8d3fd98-a0ac-4623-ac86-5db61019ffa1, server: None, raw: .. }
Reserved ticket 8799 for customer e8d3fd98-a0ac-4623-ac86-5db61019ffa1
Server 799bb1b2-bd8f-49e2-81f8-f7237f0eb223 received client-request: Request { kind: ReserveTicket, customer: c82fa233-db1a-49f1-85f2-e283e0495221, server: None, raw: .. }
Reserved ticket 8798 for customer c82fa233-db1a-49f1-85f2-e283e0495221
Server 799bb1b2-bd8f-49e2-81f8-f7237f0eb223 received client-request: Request { kind: ReserveTicket, customer: b1f841c8-e744-4fce-a25b-e47508c6d156, server: None, raw: .. }
Reserved ticket 8797 for customer b1f841c8-e744-4fce-a25b-e47508c6d156
Server 799bb1b2-bd8f-49e2-81f8-f7237f0eb223 received client-request: Request { kind: ReserveTicket, customer: 43877ae7-e0b3-4933-ac3f-4a661e52f032, server: None, raw: .. }
Reserved ticket 8796 for customer 43877ae7-e0b3-4933-ac3f-4a661e52f032
Server 799bb1b2-bd8f-49e2-81f8-f7237f0eb223 received client-request: Request { kind: ReserveTicket, customer: 830b6e49-5ed3-4c22-947c-8a6a2de3e585, server: None, raw: .. }
Reserved ticket 8795 for customer 830b6e49-5ed3-4c22-947c-8a6a2de3e585
Server 799bb1b2-bd8f-49e2-81f8-f7237f0eb223 received client-request: Request { kind: ReserveTicket, customer: 1d5ee3a0-a7dd-40db-b56c-ae264fdd0e88, server: None, raw: .. }
Reserved ticket 8794 for customer 1d5ee3a0-a7dd-40db-b56c-ae264fdd0e88
Server 799bb1b2-bd8f-49e2-81f8-f7237f0eb223 received client-request: Request { kind: ReserveTicket, customer: 5ec36a6b-bbf8-41f4-87a7-18110f987a6a, server: None, raw: .. }
Reserved ticket 8793 for customer 5ec36a6b-bbf8-41f4-87a7-18110f987a6a
Server 799bb1b2-bd8f-49e2-81f8-f7237f0eb223 received client-request: Request { kind: ReserveTicket, customer: 4e88e99e-2932-4f83-ba23-adacedee54dc, server: None, raw: .. }
Reserved ticket 8792 for customer 4e88e99e-2932-4f83-ba23-adacedee54dc
Server 799bb1b2-bd8f-49e2-81f8-f7237f0eb223 received client-request: Request { kind: ReserveTicket, customer: 12dcf060-3307-4e96-a1fe-67ce9ad43bf4, server: None, raw: .. }
Reserved ticket 8791 for customer 12dcf060-3307-4e96-a1fe-67ce9ad43bf4
Server 799bb1b2-bd8f-49e2-81f8-f7237f0eb223 received client-request: Request { kind: ReserveTicket, customer: cabbb43a-4df9-4ed6-b56f-e96d46d8d957, server: None, raw: .. }
Reserved ticket 8790 for customer cabbb43a-4df9-4ed6-b56f-e96d46d8d957
Server 65a51e17-fff5-4036-8b94-6db5de4d28d8 received client-request: Request { kind: ReserveTicket, customer: e8ed9395-3bed-4237-b8fc-b59fb4481528, server: None, raw: .. }
Reserved ticket 8789 for customer e8ed9395-3bed-4237-b8fc-b59fb4481528
Server 799bb1b2-bd8f-49e2-81f8-f7237f0eb223 received client-request: Request { kind: ReserveTicket, customer: 3df3e730-bae4-4e29-8561-570b01d9a1c3, server: None, raw: .. }
Reserved ticket 8788 for customer 3df3e730-bae4-4e29-8561-570b01d9a1c3
Server 799bb1b2-bd8f-49e2-81f8-f7237f0eb223 received client-request: Request { kind: ReserveTicket, customer: 23c4a4e0-a61f-49f1-ac54-83f9aca1a090, server: None, raw: .. }
Reserved ticket 8787 for customer 23c4a4e0-a61f-49f1-ac54-83f9aca1a090
Server 799bb1b2-bd8f-49e2-81f8-f7237f0eb223 received client-request: Request { kind: ReserveTicket, customer: 79300449-27d3-4d71-bbb8-cbb7ba73d75d, server: None, raw: .. }
Reserved ticket 8786 for customer 79300449-27d3-4d71-bbb8-cbb7ba73d75d
Server 799bb1b2-bd8f-49e2-81f8-f7237f0eb223 received client-request: Request { kind: ReserveTicket, customer: ec887f6c-d581-4daa-8102-fd17d2bde5fc, server: None, raw: .. }
Reserved ticket 8785 for customer ec887f6c-d581-4daa-8102-fd17d2bde5fc
Server 799bb1b2-bd8f-49e2-81f8-f7237f0eb223 received client-request: Request { kind: ReserveTicket, customer: 1322dd47-c945-4067-9028-a8e330dd8d65, server: None, raw: .. }
Reserved ticket 8784 for customer 1322dd47-c945-4067-9028-a8e330dd8d65
Server 799bb1b2-bd8f-49e2-81f8-f7237f0eb223 received client-request: Request { kind: ReserveTicket, customer: d79a3f1d-ee09-4048-825c-ae074e732f42, server: None, raw: .. }
Reserved ticket 8783 for customer d79a3f1d-ee09-4048-825c-ae074e732f42
Server 799bb1b2-bd8f-49e2-81f8-f7237f0eb223 received client-request: Request { kind: ReserveTicket, customer: e66dcf41-b793-4944-8d6a-76af22b005e9, server: None, raw: .. }
Reserved ticket 8782 for customer e66dcf41-b793-4944-8d6a-76af22b005e9
Server 799bb1b2-bd8f-49e2-81f8-f7237f0eb223 received client-request: Request { kind: ReserveTicket, customer: c29a44c8-8fa6-4ee8-b659-91bcb2dc0c2b, server: None, raw: .. }
Reserved ticket 8781 for customer c29a44c8-8fa6-4ee8-b659-91bcb2dc0c2b
Server 799bb1b2-bd8f-49e2-81f8-f7237f0eb223 received client-request: Request { kind: ReserveTicket, customer: c3af6626-a71b-4565-b987-505d1ef38070, server: None, raw: .. }
Reserved ticket 8780 for customer c3af6626-a71b-4565-b987-505d1ef38070
Server 799bb1b2-bd8f-49e2-81f8-f7237f0eb223 received client-request: Request { kind: ReserveTicket, customer: fc74be2e-ac02-4d11-b156-690e04b863ff, server: None, raw: .. }
Reserved ticket 8779 for customer fc74be2e-ac02-4d11-b156-690e04b863ff
Server 799bb1b2-bd8f-49e2-81f8-f7237f0eb223 received client-request: Request { kind: ReserveTicket, customer: 8facf92c-53e0-4a2b-ad05-5d0575fb1ea1, server: None, raw: .. }
Reserved ticket 8778 for customer 8facf92c-53e0-4a2b-ad05-5d0575fb1ea1
Server 799bb1b2-bd8f-49e2-81f8-f7237f0eb223 received client-request: Request { kind: ReserveTicket, customer: 05e3affd-c38f-4589-958a-111658a9d6b0, server: None, raw: .. }
Reserved ticket 8777 for customer 05e3affd-c38f-4589-958a-111658a9d6b0
Server 799bb1b2-bd8f-49e2-81f8-f7237f0eb223 received client-request: Request { kind: ReserveTicket, customer: 133f34e4-1d08-4b59-85d4-697e4af18f5d, server: None, raw: .. }
Reserved ticket 8776 for customer 133f34e4-1d08-4b59-85d4-697e4af18f5d
Server 799bb1b2-bd8f-49e2-81f8-f7237f0eb223 received client-request: Request { kind: ReserveTicket, customer: 33609684-3488-473d-8a7f-242a00c944bc, server: None, raw: .. }
Reserved ticket 8775 for customer 33609684-3488-473d-8a7f-242a00c944bc
Server 799bb1b2-bd8f-49e2-81f8-f7237f0eb223 received client-request: Request { kind: ReserveTicket, customer: b4b8314a-f6e2-48f7-a567-4b49e028bdb5, server: None, raw: .. }
Reserved ticket 8774 for customer b4b8314a-f6e2-48f7-a567-4b49e028bdb5
Server 799bb1b2-bd8f-49e2-81f8-f7237f0eb223 received client-request: Request { kind: ReserveTicket, customer: 06548b66-c086-4a5c-86a4-ac41058e8c3e, server: None, raw: .. }
Reserved ticket 8773 for customer 06548b66-c086-4a5c-86a4-ac41058e8c3e
Server 799bb1b2-bd8f-49e2-81f8-f7237f0eb223 received client-request: Request { kind: ReserveTicket, customer: 6af3ea0b-1b48-42ac-9287-a397b5bb4a1e, server: None, raw: .. }
Reserved ticket 8772 for customer 6af3ea0b-1b48-42ac-9287-a397b5bb4a1e
Server 799bb1b2-bd8f-49e2-81f8-f7237f0eb223 received client-request: Request { kind: ReserveTicket, customer: 4301b660-5355-4e67-bf48-05bd6af87e84, server: None, raw: .. }
Reserved ticket 8771 for customer 4301b660-5355-4e67-bf48-05bd6af87e84
Server 799bb1b2-bd8f-49e2-81f8-f7237f0eb223 received client-request: Request { kind: ReserveTicket, customer: 1364f3d3-7ccd-4d2d-ba07-6f47ba318642, server: None, raw: .. }
Reserved ticket 8770 for customer 1364f3d3-7ccd-4d2d-ba07-6f47ba318642
Server 65a51e17-fff5-4036-8b94-6db5de4d28d8 received client-request: Request { kind: ReserveTicket, customer: 041b4cb6-3bee-4a58-98d8-3c741749c172, server: None, raw: .. }
Reserved ticket 8769 for customer 041b4cb6-3bee-4a58-98d8-3c741749c172
Server 799bb1b2-bd8f-49e2-81f8-f7237f0eb223 received client-request: Request { kind: ReserveTicket, customer: 116a9ff1-5bce-4f06-a48d-0f7d685a78e1, server: None, raw: .. }
Reserved ticket 8768 for customer 116a9ff1-5bce-4f06-a48d-0f7d685a78e1
Server 799bb1b2-bd8f-49e2-81f8-f7237f0eb223 received client-request: Request { kind: ReserveTicket, customer: 95e73eb0-ae5b-4ab8-9622-60a542beb080, server: None, raw: .. }
Reserved ticket 8767 for customer 95e73eb0-ae5b-4ab8-9622-60a542beb080
Server 799bb1b2-bd8f-49e2-81f8-f7237f0eb223 received client-request: Request { kind: ReserveTicket, customer: 77974650-03c9-437b-9b5b-47fc531aeb5d, server: None, raw: .. }
Reserved ticket 8766 for customer 77974650-03c9-437b-9b5b-47fc531aeb5d
Server 799bb1b2-bd8f-49e2-81f8-f7237f0eb223 received client-request: Request { kind: ReserveTicket, customer: 94a8ec9b-05e9-463b-b9da-e3ff7841fbfa, server: None, raw: .. }
Reserved ticket 8765 for customer 94a8ec9b-05e9-463b-b9da-e3ff7841fbfa
Server 799bb1b2-bd8f-49e2-81f8-f7237f0eb223 received client-request: Request { kind: ReserveTicket, customer: 57626a0a-1d04-4b0d-a066-ce21ed0572d0, server: None, raw: .. }
Reserved ticket 8764 for customer 57626a0a-1d04-4b0d-a066-ce21ed0572d0
Server 799bb1b2-bd8f-49e2-81f8-f7237f0eb223 received client-request: Request { kind: ReserveTicket, customer: 0c75738e-ff7d-45c8-84f9-0d61523c39bb, server: None, raw: .. }
Reserved ticket 8763 for customer 0c75738e-ff7d-45c8-84f9-0d61523c39bb
Server 799bb1b2-bd8f-49e2-81f8-f7237f0eb223 received client-request: Request { kind: ReserveTicket, customer: 439fc043-e2b2-4d6c-b45c-5eea75870c08, server: None, raw: .. }
Reserved ticket 8762 for customer 439fc043-e2b2-4d6c-b45c-5eea75870c08
Server 799bb1b2-bd8f-49e2-81f8-f7237f0eb223 received client-request: Request { kind: ReserveTicket, customer: aece6429-59cc-4a0a-aa20-74f760304b91, server: None, raw: .. }
Reserved ticket 8761 for customer aece6429-59cc-4a0a-aa20-74f760304b91
Server 799bb1b2-bd8f-49e2-81f8-f7237f0eb223 received client-request: Request { kind: ReserveTicket, customer: 0920f502-76f2-41f3-a367-8d9b1bee28e8, server: None, raw: .. }
Reserved ticket 8760 for customer 0920f502-76f2-41f3-a367-8d9b1bee28e8
Server 799bb1b2-bd8f-49e2-81f8-f7237f0eb223 received client-request: Request { kind: ReserveTicket, customer: a1e620aa-b448-4c77-85d8-1abc9c9890a2, server: None, raw: .. }
Reserved ticket 8759 for customer a1e620aa-b448-4c77-85d8-1abc9c9890a2
Server 799bb1b2-bd8f-49e2-81f8-f7237f0eb223 received client-request: Request { kind: ReserveTicket, customer: 07a9c193-cccf-4566-a7cd-fa066f63f499, server: None, raw: .. }
Reserved ticket 8758 for customer 07a9c193-cccf-4566-a7cd-fa066f63f499
Server 799bb1b2-bd8f-49e2-81f8-f7237f0eb223 received client-request: Request { kind: ReserveTicket, customer: 487eee6f-a89c-4dde-970a-9e2a4e4f55b9, server: None, raw: .. }
Reserved ticket 8757 for customer 487eee6f-a89c-4dde-970a-9e2a4e4f55b9
Server 799bb1b2-bd8f-49e2-81f8-f7237f0eb223 received client-request: Request { kind: ReserveTicket, customer: 05488b68-5e43-4424-bb6d-6efba8f35d86, server: None, raw: .. }
Reserved ticket 8756 for customer 05488b68-5e43-4424-bb6d-6efba8f35d86
Server 799bb1b2-bd8f-49e2-81f8-f7237f0eb223 received client-request: Request { kind: ReserveTicket, customer: 05444817-b392-4b33-b78c-e5d214570ba1, server: None, raw: .. }
Reserved ticket 8755 for customer 05444817-b392-4b33-b78c-e5d214570ba1
Server 799bb1b2-bd8f-49e2-81f8-f7237f0eb223 received client-request: Request { kind: ReserveTicket, customer: 7aab6efb-a563-44aa-b74b-ef27c19caf60, server: None, raw: .. }
Reserved ticket 8754 for customer 7aab6efb-a563-44aa-b74b-ef27c19caf60
Server 799bb1b2-bd8f-49e2-81f8-f7237f0eb223 received client-request: Request { kind: ReserveTicket, customer: 3805cc47-8102-4df6-b5c0-c003e36fdba4, server: None, raw: .. }
Reserved ticket 8753 for customer 3805cc47-8102-4df6-b5c0-c003e36fdba4
Server 799bb1b2-bd8f-49e2-81f8-f7237f0eb223 received client-request: Request { kind: ReserveTicket, customer: 3b752170-bcc3-46fa-91aa-36b9ed34f9a4, server: None, raw: .. }
Reserved ticket 8752 for customer 3b752170-bcc3-46fa-91aa-36b9ed34f9a4
Server 799bb1b2-bd8f-49e2-81f8-f7237f0eb223 received client-request: Request { kind: ReserveTicket, customer: 129fbfe8-3c05-4c13-b14f-85850d7f9bcf, server: None, raw: .. }
Reserved ticket 8751 for customer 129fbfe8-3c05-4c13-b14f-85850d7f9bcf
Server 799bb1b2-bd8f-49e2-81f8-f7237f0eb223 received client-request: Request { kind: ReserveTicket, customer: 6cdb6457-a674-4285-9b63-243e126b5008, server: None, raw: .. }
Reserved ticket 8750 for customer 6cdb6457-a674-4285-9b63-243e126b5008
Server 65a51e17-fff5-4036-8b94-6db5de4d28d8 received client-request: Request { kind: ReserveTicket, customer: ccd8be04-248c-41d5-b54c-37e5ad83443f, server: None, raw: .. }
Reserved ticket 8749 for customer ccd8be04-248c-41d5-b54c-37e5ad83443f
Server 799bb1b2-bd8f-49e2-81f8-f7237f0eb223 received client-request: Request { kind: ReserveTicket, customer: d65efdca-1cff-4a3c-8335-525d49a0d59f, server: None, raw: .. }
Reserved ticket 8748 for customer d65efdca-1cff-4a3c-8335-525d49a0d59f
Server 799bb1b2-bd8f-49e2-81f8-f7237f0eb223 received client-request: Request { kind: ReserveTicket, customer: c040b471-2e42-4e05-9344-ccde183d41b1, server: None, raw: .. }
Reserved ticket 8747 for customer c040b471-2e42-4e05-9344-ccde183d41b1
Server 799bb1b2-bd8f-49e2-81f8-f7237f0eb223 received client-request: Request { kind: ReserveTicket, customer: 46f01517-9883-41fb-aa90-73dd2bf7de40, server: None, raw: .. }
Reserved ticket 8746 for customer 46f01517-9883-41fb-aa90-73dd2bf7de40
Server 799bb1b2-bd8f-49e2-81f8-f7237f0eb223 received client-request: Request { kind: ReserveTicket, customer: 323c0f39-91e5-477d-9776-3e0e93fe545b, server: None, raw: .. }
Reserved ticket 8745 for customer 323c0f39-91e5-477d-9776-3e0e93fe545b
Server 799bb1b2-bd8f-49e2-81f8-f7237f0eb223 received client-request: Request { kind: ReserveTicket, customer: 9684be00-7eba-4de9-b7a4-c2fe1ec75933, server: None, raw: .. }
Reserved ticket 8744 for customer 9684be00-7eba-4de9-b7a4-c2fe1ec75933
Server 799bb1b2-bd8f-49e2-81f8-f7237f0eb223 received client-request: Request { kind: ReserveTicket, customer: f69ec6b4-8b58-4833-a0a1-e5f5c4fda42c, server: None, raw: .. }
Reserved ticket 8743 for customer f69ec6b4-8b58-4833-a0a1-e5f5c4fda42c
Server 799bb1b2-bd8f-49e2-81f8-f7237f0eb223 received client-request: Request { kind: ReserveTicket, customer: 7ee73db4-272b-45bb-8b5d-00de60ee06ab, server: None, raw: .. }
Reserved ticket 8742 for customer 7ee73db4-272b-45bb-8b5d-00de60ee06ab
Server 799bb1b2-bd8f-49e2-81f8-f7237f0eb223 received client-request: Request { kind: ReserveTicket, customer: b4f946a3-b832-4aa1-af11-0a528cf76628, server: None, raw: .. }
Reserved ticket 8741 for customer b4f946a3-b832-4aa1-af11-0a528cf76628
Server 799bb1b2-bd8f-49e2-81f8-f7237f0eb223 received client-request: Request { kind: ReserveTicket, customer: 15960b28-2a8e-448e-9437-980c4858388c, server: None, raw: .. }
Reserved ticket 8740 for customer 15960b28-2a8e-448e-9437-980c4858388c
Server 799bb1b2-bd8f-49e2-81f8-f7237f0eb223 received client-request: Request { kind: ReserveTicket, customer: eefafb31-f8a9-40e0-8c37-e29d0e112107, server: None, raw: .. }
Reserved ticket 8739 for customer eefafb31-f8a9-40e0-8c37-e29d0e112107
Server 799bb1b2-bd8f-49e2-81f8-f7237f0eb223 received client-request: Request { kind: ReserveTicket, customer: f7706cef-51f0-4a94-82cf-05b6b82d4e28, server: None, raw: .. }
Reserved ticket 8738 for customer f7706cef-51f0-4a94-82cf-05b6b82d4e28
Server 799bb1b2-bd8f-49e2-81f8-f7237f0eb223 received client-request: Request { kind: ReserveTicket, customer: 1546f705-48c2-4292-8792-c49f98430bbc, server: None, raw: .. }
Reserved ticket 8737 for customer 1546f705-48c2-4292-8792-c49f98430bbc
Server 799bb1b2-bd8f-49e2-81f8-f7237f0eb223 received client-request: Request { kind: ReserveTicket, customer: 17411871-36ea-4ca0-b914-5dceb27ada2a, server: None, raw: .. }
Reserved ticket 8736 for customer 17411871-36ea-4ca0-b914-5dceb27ada2a
Server 799bb1b2-bd8f-49e2-81f8-f7237f0eb223 received client-request: Request { kind: ReserveTicket, customer: 90fcc8ea-f156-43dc-b537-3b15839faec4, server: None, raw: .. }
Reserved ticket 8735 for customer 90fcc8ea-f156-43dc-b537-3b15839faec4
Server 799bb1b2-bd8f-49e2-81f8-f7237f0eb223 received client-request: Request { kind: ReserveTicket, customer: a8d8c25b-4b97-4128-87a2-8612f1c7674e, server: None, raw: .. }
Reserved ticket 8734 for customer a8d8c25b-4b97-4128-87a2-8612f1c7674e
Server 799bb1b2-bd8f-49e2-81f8-f7237f0eb223 received client-request: Request { kind: ReserveTicket, customer: d4e035ae-e3d6-4147-a634-30f2e6824df3, server: None, raw: .. }
Reserved ticket 8733 for customer d4e035ae-e3d6-4147-a634-30f2e6824df3
Server 799bb1b2-bd8f-49e2-81f8-f7237f0eb223 received client-request: Request { kind: ReserveTicket, customer: 41560e70-9a34-4c8e-a8cc-9594c00e32b0, server: None, raw: .. }
Reserved ticket 8732 for customer 41560e70-9a34-4c8e-a8cc-9594c00e32b0
Server 799bb1b2-bd8f-49e2-81f8-f7237f0eb223 received client-request: Request { kind: ReserveTicket, customer: b610d185-7b28-4333-a2a6-269a1141217e, server: None, raw: .. }
Reserved ticket 8731 for customer b610d185-7b28-4333-a2a6-269a1141217e
Server 799bb1b2-bd8f-49e2-81f8-f7237f0eb223 received client-request: Request { kind: ReserveTicket, customer: 5e295429-7bda-4cf9-b93b-a96372de80a4, server: None, raw: .. }
Reserved ticket 8730 for customer 5e295429-7bda-4cf9-b93b-a96372de80a4
Server 65a51e17-fff5-4036-8b94-6db5de4d28d8 received client-request: Request { kind: ReserveTicket, customer: d81a2c78-c05f-428c-a3e2-80bf592ed1b0, server: None, raw: .. }
Reserved ticket 8729 for customer d81a2c78-c05f-428c-a3e2-80bf592ed1b0
Server 799bb1b2-bd8f-49e2-81f8-f7237f0eb223 received client-request: Request { kind: ReserveTicket, customer: d57b48b5-4444-4099-82dc-f0826f5db6e8, server: None, raw: .. }
Reserved ticket 8728 for customer d57b48b5-4444-4099-82dc-f0826f5db6e8
Server 799bb1b2-bd8f-49e2-81f8-f7237f0eb223 received client-request: Request { kind: ReserveTicket, customer: 0981417b-b487-4072-a4c2-237bb8745ebf, server: None, raw: .. }
Reserved ticket 8727 for customer 0981417b-b487-4072-a4c2-237bb8745ebf
Server 799bb1b2-bd8f-49e2-81f8-f7237f0eb223 received client-request: Request { kind: ReserveTicket, customer: 39f810ea-4087-4c64-9bb3-47c00425ab93, server: None, raw: .. }
Reserved ticket 8726 for customer 39f810ea-4087-4c64-9bb3-47c00425ab93
Server 799bb1b2-bd8f-49e2-81f8-f7237f0eb223 received client-request: Request { kind: ReserveTicket, customer: 8a9a0af4-46be-4ac9-b98b-f825f5581840, server: None, raw: .. }
Reserved ticket 8725 for customer 8a9a0af4-46be-4ac9-b98b-f825f5581840
Server 799bb1b2-bd8f-49e2-81f8-f7237f0eb223 received client-request: Request { kind: ReserveTicket, customer: 998e0f3b-0df0-4ab2-b871-610092fe735e, server: None, raw: .. }
Reserved ticket 8724 for customer 998e0f3b-0df0-4ab2-b871-610092fe735e
Server 799bb1b2-bd8f-49e2-81f8-f7237f0eb223 received client-request: Request { kind: ReserveTicket, customer: c305e475-bfc8-4881-b666-2df874dcc71f, server: None, raw: .. }
Reserved ticket 8723 for customer c305e475-bfc8-4881-b666-2df874dcc71f
Server 799bb1b2-bd8f-49e2-81f8-f7237f0eb223 received client-request: Request { kind: ReserveTicket, customer: e6895c8f-10cb-435c-aaba-0cc6fc98b754, server: None, raw: .. }
Reserved ticket 8722 for customer e6895c8f-10cb-435c-aaba-0cc6fc98b754
Server 799bb1b2-bd8f-49e2-81f8-f7237f0eb223 received client-request: Request { kind: ReserveTicket, customer: 7f0e0b32-f9b6-4fdc-a37b-0c83772d7572, server: None, raw: .. }
Reserved ticket 8721 for customer 7f0e0b32-f9b6-4fdc-a37b-0c83772d7572
Server 799bb1b2-bd8f-49e2-81f8-f7237f0eb223 received client-request: Request { kind: ReserveTicket, customer: c723b723-3fcd-4461-b1ab-90777ef06981, server: None, raw: .. }
Reserved ticket 8720 for customer c723b723-3fcd-4461-b1ab-90777ef06981
Server 799bb1b2-bd8f-49e2-81f8-f7237f0eb223 received client-request: Request { kind: ReserveTicket, customer: 31cdb598-94c3-44bb-b6ff-35e781794367, server: None, raw: .. }
Reserved ticket 8719 for customer 31cdb598-94c3-44bb-b6ff-35e781794367
Server 799bb1b2-bd8f-49e2-81f8-f7237f0eb223 received client-request: Request { kind: ReserveTicket, customer: f008c58f-c7e1-4bfa-b6bd-50fd9e88ec6e, server: None, raw: .. }
Reserved ticket 8718 for customer f008c58f-c7e1-4bfa-b6bd-50fd9e88ec6e
Server 799bb1b2-bd8f-49e2-81f8-f7237f0eb223 received client-request: Request { kind: ReserveTicket, customer: d7796b22-ebd2-4116-b1c0-d740c876514b, server: None, raw: .. }
Reserved ticket 8717 for customer d7796b22-ebd2-4116-b1c0-d740c876514b
Server 799bb1b2-bd8f-49e2-81f8-f7237f0eb223 received client-request: Request { kind: ReserveTicket, customer: df429bf0-b6cc-4041-81b9-fe958e47e3f4, server: None, raw: .. }
Reserved ticket 8716 for customer df429bf0-b6cc-4041-81b9-fe958e47e3f4
Server 799bb1b2-bd8f-49e2-81f8-f7237f0eb223 received client-request: Request { kind: ReserveTicket, customer: e38e0e1b-7f03-4beb-82b2-9b893b376115, server: None, raw: .. }
Reserved ticket 8715 for customer e38e0e1b-7f03-4beb-82b2-9b893b376115
Server 799bb1b2-bd8f-49e2-81f8-f7237f0eb223 received client-request: Request { kind: ReserveTicket, customer: f64e37cf-fd0f-4ba2-bc20-cb131a840963, server: None, raw: .. }
Reserved ticket 8714 for customer f64e37cf-fd0f-4ba2-bc20-cb131a840963
Server 799bb1b2-bd8f-49e2-81f8-f7237f0eb223 received client-request: Request { kind: ReserveTicket, customer: 2f8b58fc-f1dd-43b9-8de7-82d9d9dede72, server: None, raw: .. }
Reserved ticket 8713 for customer 2f8b58fc-f1dd-43b9-8de7-82d9d9dede72
Server 799bb1b2-bd8f-49e2-81f8-f7237f0eb223 received client-request: Request { kind: ReserveTicket, customer: d41b77ca-4953-4c67-ba66-4b68445cf833, server: None, raw: .. }
Reserved ticket 8712 for customer d41b77ca-4953-4c67-ba66-4b68445cf833
Server 799bb1b2-bd8f-49e2-81f8-f7237f0eb223 received client-request: Request { kind: ReserveTicket, customer: cd80be88-a76c-4566-a891-5db37895923b, server: None, raw: .. }
Reserved ticket 8711 for customer cd80be88-a76c-4566-a891-5db37895923b
Server 799bb1b2-bd8f-49e2-81f8-f7237f0eb223 received client-request: Request { kind: ReserveTicket, customer: 3445be1b-901f-424e-8f6e-26b82756736b, server: None, raw: .. }
Reserved ticket 8710 for customer 3445be1b-901f-424e-8f6e-26b82756736b
Server 65a51e17-fff5-4036-8b94-6db5de4d28d8 received client-request: Request { kind: ReserveTicket, customer: 52ecce38-246a-4b34-b0b4-5abbcdaccaa4, server: None, raw: .. }
Reserved ticket 8709 for customer 52ecce38-246a-4b34-b0b4-5abbcdaccaa4
Server 799bb1b2-bd8f-49e2-81f8-f7237f0eb223 received client-request: Request { kind: ReserveTicket, customer: c8452660-2854-4f73-b91e-52f5fbeb8fe9, server: None, raw: .. }
Reserved ticket 8708 for customer c8452660-2854-4f73-b91e-52f5fbeb8fe9
Server 799bb1b2-bd8f-49e2-81f8-f7237f0eb223 received client-request: Request { kind: ReserveTicket, customer: dd69628a-4b33-448c-8028-048b3bdd1138, server: None, raw: .. }
Reserved ticket 8707 for customer dd69628a-4b33-448c-8028-048b3bdd1138
Server 799bb1b2-bd8f-49e2-81f8-f7237f0eb223 received client-request: Request { kind: ReserveTicket, customer: cc34015b-deac-4a9b-aea4-a9175b014314, server: None, raw: .. }
Reserved ticket 8706 for customer cc34015b-deac-4a9b-aea4-a9175b014314
Server 799bb1b2-bd8f-49e2-81f8-f7237f0eb223 received client-request: Request { kind: ReserveTicket, customer: 63576d02-b7db-4965-8bcc-35cc98069588, server: None, raw: .. }
Reserved ticket 8705 for customer 63576d02-b7db-4965-8bcc-35cc98069588
Server 799bb1b2-bd8f-49e2-81f8-f7237f0eb223 received client-request: Request { kind: ReserveTicket, customer: e978ed30-27af-419c-b5c3-e1d69dc8a4a4, server: None, raw: .. }
Reserved ticket 8704 for customer e978ed30-27af-419c-b5c3-e1d69dc8a4a4
Server 799bb1b2-bd8f-49e2-81f8-f7237f0eb223 received client-request: Request { kind: ReserveTicket, customer: ac0e6565-bd40-4c1e-9a00-34e21dfefd0f, server: None, raw: .. }
Reserved ticket 8703 for customer ac0e6565-bd40-4c1e-9a00-34e21dfefd0f
Server 799bb1b2-bd8f-49e2-81f8-f7237f0eb223 received client-request: Request { kind: ReserveTicket, customer: 206bf21e-61cd-4001-8b7b-6f0f34f0441f, server: None, raw: .. }
Reserved ticket 8702 for customer 206bf21e-61cd-4001-8b7b-6f0f34f0441f
Server 799bb1b2-bd8f-49e2-81f8-f7237f0eb223 received client-request: Request { kind: ReserveTicket, customer: 8e41a36d-b474-44ca-a6b9-973af2d06d18, server: None, raw: .. }
Reserved ticket 8701 for customer 8e41a36d-b474-44ca-a6b9-973af2d06d18
Server 799bb1b2-bd8f-49e2-81f8-f7237f0eb223 received client-request: Request { kind: ReserveTicket, customer: 0d1ff6d2-1d49-45a3-aabc-6e7f03fa3ce3, server: None, raw: .. }
Reserved ticket 8700 for customer 0d1ff6d2-1d49-45a3-aabc-6e7f03fa3ce3
Server 799bb1b2-bd8f-49e2-81f8-f7237f0eb223 received client-request: Request { kind: ReserveTicket, customer: 1e454933-39c9-4aa3-9957-b6f540d27ad0, server: None, raw: .. }
Reserved ticket 8699 for customer 1e454933-39c9-4aa3-9957-b6f540d27ad0
Server 799bb1b2-bd8f-49e2-81f8-f7237f0eb223 received client-request: Request { kind: ReserveTicket, customer: 75f84f06-6e3d-4082-aed4-9e96805fee06, server: None, raw: .. }
Reserved ticket 8698 for customer 75f84f06-6e3d-4082-aed4-9e96805fee06
Server 799bb1b2-bd8f-49e2-81f8-f7237f0eb223 received client-request: Request { kind: ReserveTicket, customer: 9d49ccf4-131c-4307-9d3e-36fe14e05956, server: None, raw: .. }
Reserved ticket 8697 for customer 9d49ccf4-131c-4307-9d3e-36fe14e05956
Server 799bb1b2-bd8f-49e2-81f8-f7237f0eb223 received client-request: Request { kind: ReserveTicket, customer: c01956d5-cee4-42e8-a74d-f3e620744f6e, server: None, raw: .. }
Reserved ticket 8696 for customer c01956d5-cee4-42e8-a74d-f3e620744f6e
Server 799bb1b2-bd8f-49e2-81f8-f7237f0eb223 received client-request: Request { kind: ReserveTicket, customer: e39fdf44-08f0-4d20-ab09-2105c74f4400, server: None, raw: .. }
Reserved ticket 8695 for customer e39fdf44-08f0-4d20-ab09-2105c74f4400
Server 799bb1b2-bd8f-49e2-81f8-f7237f0eb223 received client-request: Request { kind: ReserveTicket, customer: 1cab029b-3afa-4f54-b867-2bf2b16bbc4d, server: None, raw: .. }
Reserved ticket 8694 for customer 1cab029b-3afa-4f54-b867-2bf2b16bbc4d
Server 799bb1b2-bd8f-49e2-81f8-f7237f0eb223 received client-request: Request { kind: ReserveTicket, customer: 3aa13db9-7e47-4cd5-ba6f-e8f16e739cfe, server: None, raw: .. }
Reserved ticket 8693 for customer 3aa13db9-7e47-4cd5-ba6f-e8f16e739cfe
Server 799bb1b2-bd8f-49e2-81f8-f7237f0eb223 received client-request: Request { kind: ReserveTicket, customer: 0085b6b9-3a41-42bf-bb60-8db395272630, server: None, raw: .. }
Reserved ticket 8692 for customer 0085b6b9-3a41-42bf-bb60-8db395272630
Server 799bb1b2-bd8f-49e2-81f8-f7237f0eb223 received client-request: Request { kind: ReserveTicket, customer: d817d94b-bef4-4b2f-a9d8-9a5576b676ff, server: None, raw: .. }
Reserved ticket 8691 for customer d817d94b-bef4-4b2f-a9d8-9a5576b676ff
Server 799bb1b2-bd8f-49e2-81f8-f7237f0eb223 received client-request: Request { kind: ReserveTicket, customer: a59b0b7c-4be9-4ace-9556-5d4d3420af13, server: None, raw: .. }
Reserved ticket 8690 for customer a59b0b7c-4be9-4ace-9556-5d4d3420af13
Server 65a51e17-fff5-4036-8b94-6db5de4d28d8 received client-request: Request { kind: ReserveTicket, customer: 61ec9504-a261-45b4-8792-6cb9e547c7cb, server: None, raw: .. }
Reserved ticket 8689 for customer 61ec9504-a261-45b4-8792-6cb9e547c7cb
Server 799bb1b2-bd8f-49e2-81f8-f7237f0eb223 received client-request: Request { kind: ReserveTicket, customer: aea054a4-3222-403a-b014-e9813d6ee936, server: None, raw: .. }
Reserved ticket 8688 for customer aea054a4-3222-403a-b014-e9813d6ee936
Server 799bb1b2-bd8f-49e2-81f8-f7237f0eb223 received client-request: Request { kind: ReserveTicket, customer: 0263448b-965e-4db1-a003-0f69c81a4367, server: None, raw: .. }
Reserved ticket 8687 for customer 0263448b-965e-4db1-a003-0f69c81a4367
Server 799bb1b2-bd8f-49e2-81f8-f7237f0eb223 received client-request: Request { kind: ReserveTicket, customer: caafa810-550f-4ff8-8c56-ce9214604db0, server: None, raw: .. }
Reserved ticket 8686 for customer caafa810-550f-4ff8-8c56-ce9214604db0
Server 799bb1b2-bd8f-49e2-81f8-f7237f0eb223 received client-request: Request { kind: ReserveTicket, customer: 70f722ad-7896-4e47-a3e5-3042bbeb89bd, server: None, raw: .. }
Reserved ticket 8685 for customer 70f722ad-7896-4e47-a3e5-3042bbeb89bd
Server 799bb1b2-bd8f-49e2-81f8-f7237f0eb223 received client-request: Request { kind: ReserveTicket, customer: 5bfc33d2-a6b9-4ac0-b59f-99a3a334f298, server: None, raw: .. }
Reserved ticket 8684 for customer 5bfc33d2-a6b9-4ac0-b59f-99a3a334f298
Server 799bb1b2-bd8f-49e2-81f8-f7237f0eb223 received client-request: Request { kind: ReserveTicket, customer: 74f1980f-65ad-4001-a31d-f3dbf972f632, server: None, raw: .. }
Reserved ticket 8683 for customer 74f1980f-65ad-4001-a31d-f3dbf972f632
Server 799bb1b2-bd8f-49e2-81f8-f7237f0eb223 received client-request: Request { kind: ReserveTicket, customer: e0b6b750-7053-4a16-b6af-dc49bc1fc80b, server: None, raw: .. }
Reserved ticket 8682 for customer e0b6b750-7053-4a16-b6af-dc49bc1fc80b
Server 799bb1b2-bd8f-49e2-81f8-f7237f0eb223 received client-request: Request { kind: ReserveTicket, customer: 472efa89-709b-4eb8-8724-fcadd940b4fb, server: None, raw: .. }
Reserved ticket 8681 for customer 472efa89-709b-4eb8-8724-fcadd940b4fb
Server 799bb1b2-bd8f-49e2-81f8-f7237f0eb223 received client-request: Request { kind: ReserveTicket, customer: eec6d7d7-9a49-4afe-b148-aa031349a99c, server: None, raw: .. }
Reserved ticket 8680 for customer eec6d7d7-9a49-4afe-b148-aa031349a99c
Server 799bb1b2-bd8f-49e2-81f8-f7237f0eb223 received client-request: Request { kind: ReserveTicket, customer: 5c8533e0-080a-458a-8f20-c81e6f6ca5ea, server: None, raw: .. }
Reserved ticket 8679 for customer 5c8533e0-080a-458a-8f20-c81e6f6ca5ea
Server 799bb1b2-bd8f-49e2-81f8-f7237f0eb223 received client-request: Request { kind: ReserveTicket, customer: b1c615cb-1bab-48da-923d-48ad6305c317, server: None, raw: .. }
Reserved ticket 8678 for customer b1c615cb-1bab-48da-923d-48ad6305c317
Server 799bb1b2-bd8f-49e2-81f8-f7237f0eb223 received client-request: Request { kind: ReserveTicket, customer: 5c278b9d-e170-4714-9376-c9210d475bc0, server: None, raw: .. }
Reserved ticket 8677 for customer 5c278b9d-e170-4714-9376-c9210d475bc0
Server 799bb1b2-bd8f-49e2-81f8-f7237f0eb223 received client-request: Request { kind: ReserveTicket, customer: a98e5f82-e986-4c35-9eae-0f8624ca864a, server: None, raw: .. }
Reserved ticket 8676 for customer a98e5f82-e986-4c35-9eae-0f8624ca864a
Server 799bb1b2-bd8f-49e2-81f8-f7237f0eb223 received client-request: Request { kind: ReserveTicket, customer: 559eb92c-179a-43da-855d-0a2165f08aef, server: None, raw: .. }
Reserved ticket 8675 for customer 559eb92c-179a-43da-855d-0a2165f08aef
Server 799bb1b2-bd8f-49e2-81f8-f7237f0eb223 received client-request: Request { kind: ReserveTicket, customer: c611dbcf-6a1d-4e57-8735-ca5fa39979d6, server: None, raw: .. }
Reserved ticket 8674 for customer c611dbcf-6a1d-4e57-8735-ca5fa39979d6
Server 799bb1b2-bd8f-49e2-81f8-f7237f0eb223 received client-request: Request { kind: ReserveTicket, customer: 621c6297-9b27-4b08-bee2-011adb9fc61d, server: None, raw: .. }
Reserved ticket 8673 for customer 621c6297-9b27-4b08-bee2-011adb9fc61d
Server 799bb1b2-bd8f-49e2-81f8-f7237f0eb223 received client-request: Request { kind: ReserveTicket, customer: 0a474186-10ba-4b65-8876-48b4ab647b9b, server: None, raw: .. }
Reserved ticket 8672 for customer 0a474186-10ba-4b65-8876-48b4ab647b9b
Server 799bb1b2-bd8f-49e2-81f8-f7237f0eb223 received client-request: Request { kind: ReserveTicket, customer: baeceb63-003f-4284-8259-2ca8c146548d, server: None, raw: .. }
Reserved ticket 8671 for customer baeceb63-003f-4284-8259-2ca8c146548d
Server 799bb1b2-bd8f-49e2-81f8-f7237f0eb223 received client-request: Request { kind: ReserveTicket, customer: c02cc3ab-eeb5-4ed0-95ec-2162169e15c1, server: None, raw: .. }
Reserved ticket 8670 for customer c02cc3ab-eeb5-4ed0-95ec-2162169e15c1
Server 65a51e17-fff5-4036-8b94-6db5de4d28d8 received client-request: Request { kind: ReserveTicket, customer: 61531890-8c05-4ae8-8541-1e2ff5244977, server: None, raw: .. }
Reserved ticket 8669 for customer 61531890-8c05-4ae8-8541-1e2ff5244977
Server 799bb1b2-bd8f-49e2-81f8-f7237f0eb223 received client-request: Request { kind: ReserveTicket, customer: baa86596-4c3f-4ef9-b5b1-91aae947b29a, server: None, raw: .. }
Reserved ticket 8668 for customer baa86596-4c3f-4ef9-b5b1-91aae947b29a
Server 799bb1b2-bd8f-49e2-81f8-f7237f0eb223 received client-request: Request { kind: ReserveTicket, customer: 5da7d02f-1d05-45a0-99ff-b384022a5bce, server: None, raw: .. }
Reserved ticket 8667 for customer 5da7d02f-1d05-45a0-99ff-b384022a5bce
Server 799bb1b2-bd8f-49e2-81f8-f7237f0eb223 received client-request: Request { kind: ReserveTicket, customer: beacc14b-0321-41e0-9f39-23211224bcb8, server: None, raw: .. }
Reserved ticket 8666 for customer beacc14b-0321-41e0-9f39-23211224bcb8
Server 799bb1b2-bd8f-49e2-81f8-f7237f0eb223 received client-request: Request { kind: ReserveTicket, customer: 7ef9be1b-603f-491d-8c3d-85b4b457110c, server: None, raw: .. }
Reserved ticket 8665 for customer 7ef9be1b-603f-491d-8c3d-85b4b457110c
Server 799bb1b2-bd8f-49e2-81f8-f7237f0eb223 received client-request: Request { kind: ReserveTicket, customer: 55b7522f-b741-43b0-b126-715160eb8c42, server: None, raw: .. }
Reserved ticket 8664 for customer 55b7522f-b741-43b0-b126-715160eb8c42
Server 799bb1b2-bd8f-49e2-81f8-f7237f0eb223 received client-request: Request { kind: ReserveTicket, customer: 4427262e-01ed-4673-85ab-a1526fdbf7a1, server: None, raw: .. }
Reserved ticket 8663 for customer 4427262e-01ed-4673-85ab-a1526fdbf7a1
Server 799bb1b2-bd8f-49e2-81f8-f7237f0eb223 received client-request: Request { kind: ReserveTicket, customer: 62561c48-24ff-43d8-b381-561549a58f9b, server: None, raw: .. }
Reserved ticket 8662 for customer 62561c48-24ff-43d8-b381-561549a58f9b
Server 799bb1b2-bd8f-49e2-81f8-f7237f0eb223 received client-request: Request { kind: ReserveTicket, customer: 3a5c476d-7019-4287-b280-52b0d40adbee, server: None, raw: .. }
Reserved ticket 8661 for customer 3a5c476d-7019-4287-b280-52b0d40adbee
Server 799bb1b2-bd8f-49e2-81f8-f7237f0eb223 received client-request: Request { kind: ReserveTicket, customer: 3aae750c-6175-45c5-8431-12462a798392, server: None, raw: .. }
Reserved ticket 8660 for customer 3aae750c-6175-45c5-8431-12462a798392
Server 799bb1b2-bd8f-49e2-81f8-f7237f0eb223 received client-request: Request { kind: ReserveTicket, customer: 80c122dd-d5fd-46f0-a90d-2d12e84571ca, server: None, raw: .. }
Reserved ticket 8659 for customer 80c122dd-d5fd-46f0-a90d-2d12e84571ca
Server 799bb1b2-bd8f-49e2-81f8-f7237f0eb223 received client-request: Request { kind: ReserveTicket, customer: 2875a6e5-1998-46cd-a713-731f6dc8b416, server: None, raw: .. }
Reserved ticket 8658 for customer 2875a6e5-1998-46cd-a713-731f6dc8b416
Server 799bb1b2-bd8f-49e2-81f8-f7237f0eb223 received client-request: Request { kind: ReserveTicket, customer: b6147a15-48a1-40cd-82f8-ae1dd475d426, server: None, raw: .. }
Reserved ticket 8657 for customer b6147a15-48a1-40cd-82f8-ae1dd475d426
Server 799bb1b2-bd8f-49e2-81f8-f7237f0eb223 received client-request: Request { kind: ReserveTicket, customer: 4a333eb1-021b-4860-914e-078cbaf3649b, server: None, raw: .. }
Reserved ticket 8656 for customer 4a333eb1-021b-4860-914e-078cbaf3649b
Server 799bb1b2-bd8f-49e2-81f8-f7237f0eb223 received client-request: Request { kind: ReserveTicket, customer: 2ba347cc-bae3-4045-bc6b-8f6652a66fbb, server: None, raw: .. }
Reserved ticket 8655 for customer 2ba347cc-bae3-4045-bc6b-8f6652a66fbb
Server 799bb1b2-bd8f-49e2-81f8-f7237f0eb223 received client-request: Request { kind: ReserveTicket, customer: 6a0cf33c-80d5-4416-871b-0754b530bf37, server: None, raw: .. }
Reserved ticket 8654 for customer 6a0cf33c-80d5-4416-871b-0754b530bf37
Server 799bb1b2-bd8f-49e2-81f8-f7237f0eb223 received client-request: Request { kind: ReserveTicket, customer: 7e8f38c4-8a93-440a-8cb0-fef9c95cf1d2, server: None, raw: .. }
Reserved ticket 8653 for customer 7e8f38c4-8a93-440a-8cb0-fef9c95cf1d2
Server 799bb1b2-bd8f-49e2-81f8-f7237f0eb223 received client-request: Request { kind: ReserveTicket, customer: 764f5e78-80e2-4824-a6bb-f67407e71bc0, server: None, raw: .. }
Reserved ticket 8652 for customer 764f5e78-80e2-4824-a6bb-f67407e71bc0
Server 799bb1b2-bd8f-49e2-81f8-f7237f0eb223 received client-request: Request { kind: ReserveTicket, customer: 40f44925-ac27-4702-a58c-28569fa72f1e, server: None, raw: .. }
Reserved ticket 8651 for customer 40f44925-ac27-4702-a58c-28569fa72f1e
Server 799bb1b2-bd8f-49e2-81f8-f7237f0eb223 received client-request: Request { kind: ReserveTicket, customer: 2e2b16b1-040a-4ce7-a448-b3c7312f809c, server: None, raw: .. }
Reserved ticket 8650 for customer 2e2b16b1-040a-4ce7-a448-b3c7312f809c
Server 65a51e17-fff5-4036-8b94-6db5de4d28d8 received client-request: Request { kind: ReserveTicket, customer: a4d6490b-5c3a-45af-ba98-20cb2fee5a69, server: None, raw: .. }
Reserved ticket 8649 for customer a4d6490b-5c3a-45af-ba98-20cb2fee5a69
Server 799bb1b2-bd8f-49e2-81f8-f7237f0eb223 received client-request: Request { kind: ReserveTicket, customer: 23fe4ca4-deea-46d4-803a-8be85d7d3031, server: None, raw: .. }
Reserved ticket 8648 for customer 23fe4ca4-deea-46d4-803a-8be85d7d3031
Server 799bb1b2-bd8f-49e2-81f8-f7237f0eb223 received client-request: Request { kind: ReserveTicket, customer: 66f5a85f-e308-49a3-827c-5eb75c8aa6ec, server: None, raw: .. }
Reserved ticket 8647 for customer 66f5a85f-e308-49a3-827c-5eb75c8aa6ec
Server 799bb1b2-bd8f-49e2-81f8-f7237f0eb223 received client-request: Request { kind: ReserveTicket, customer: 9dd8e95a-7171-4cbd-968d-bd1da3a81013, server: None, raw: .. }
Reserved ticket 8646 for customer 9dd8e95a-7171-4cbd-968d-bd1da3a81013
Server 799bb1b2-bd8f-49e2-81f8-f7237f0eb223 received client-request: Request { kind: ReserveTicket, customer: 08c17fe9-01cb-4b35-818a-a7f074b7986f, server: None, raw: .. }
Reserved ticket 8645 for customer 08c17fe9-01cb-4b35-818a-a7f074b7986f
Server 799bb1b2-bd8f-49e2-81f8-f7237f0eb223 received client-request: Request { kind: ReserveTicket, customer: f9e9fd48-9305-4082-9aa8-996542a25bff, server: None, raw: .. }
Reserved ticket 8644 for customer f9e9fd48-9305-4082-9aa8-996542a25bff
Server 799bb1b2-bd8f-49e2-81f8-f7237f0eb223 received client-request: Request { kind: ReserveTicket, customer: f0711c27-e064-40c1-9eff-ed634cf46895, server: None, raw: .. }
Reserved ticket 8643 for customer f0711c27-e064-40c1-9eff-ed634cf46895
Server 799bb1b2-bd8f-49e2-81f8-f7237f0eb223 received client-request: Request { kind: ReserveTicket, customer: 3a27451d-38d4-4c6b-b15e-44ba7ec5736d, server: None, raw: .. }
Reserved ticket 8642 for customer 3a27451d-38d4-4c6b-b15e-44ba7ec5736d
Server 799bb1b2-bd8f-49e2-81f8-f7237f0eb223 received client-request: Request { kind: ReserveTicket, customer: e861d291-2e56-4ea9-aaf9-f7ae17ff8d1e, server: None, raw: .. }
Reserved ticket 8641 for customer e861d291-2e56-4ea9-aaf9-f7ae17ff8d1e
Server 799bb1b2-bd8f-49e2-81f8-f7237f0eb223 received client-request: Request { kind: ReserveTicket, customer: b831eb73-4afa-4e4a-a33e-0bd7ddd356a7, server: None, raw: .. }
Reserved ticket 8640 for customer b831eb73-4afa-4e4a-a33e-0bd7ddd356a7
Server 799bb1b2-bd8f-49e2-81f8-f7237f0eb223 received client-request: Request { kind: ReserveTicket, customer: 9c29c6b1-2e6d-43ee-b276-7e8d307f9f6a, server: None, raw: .. }
Reserved ticket 8639 for customer 9c29c6b1-2e6d-43ee-b276-7e8d307f9f6a
Server 799bb1b2-bd8f-49e2-81f8-f7237f0eb223 received client-request: Request { kind: ReserveTicket, customer: f40fb74d-2528-491c-9e7c-0c34be780446, server: None, raw: .. }
Reserved ticket 8638 for customer f40fb74d-2528-491c-9e7c-0c34be780446
Server 799bb1b2-bd8f-49e2-81f8-f7237f0eb223 received client-request: Request { kind: ReserveTicket, customer: cde4450e-0da3-4a94-a1e1-0e296de0e4b3, server: None, raw: .. }
Reserved ticket 8637 for customer cde4450e-0da3-4a94-a1e1-0e296de0e4b3
Server 799bb1b2-bd8f-49e2-81f8-f7237f0eb223 received client-request: Request { kind: ReserveTicket, customer: f86810d0-f7c1-401d-9034-91fbaf62edcc, server: None, raw: .. }
Reserved ticket 8636 for customer f86810d0-f7c1-401d-9034-91fbaf62edcc
Server 799bb1b2-bd8f-49e2-81f8-f7237f0eb223 received client-request: Request { kind: ReserveTicket, customer: e088da09-7eaf-4f7c-ad26-3ee889c7ef45, server: None, raw: .. }
Reserved ticket 8635 for customer e088da09-7eaf-4f7c-ad26-3ee889c7ef45
Server 799bb1b2-bd8f-49e2-81f8-f7237f0eb223 received client-request: Request { kind: ReserveTicket, customer: 72f47db7-dfe4-4e5f-bbde-3460dd358951, server: None, raw: .. }
Reserved ticket 8634 for customer 72f47db7-dfe4-4e5f-bbde-3460dd358951
Server 799bb1b2-bd8f-49e2-81f8-f7237f0eb223 received client-request: Request { kind: ReserveTicket, customer: c762a0c0-dee7-43a6-8d36-acea2c3358fb, server: None, raw: .. }
Reserved ticket 8633 for customer c762a0c0-dee7-43a6-8d36-acea2c3358fb
Server 799bb1b2-bd8f-49e2-81f8-f7237f0eb223 received client-request: Request { kind: ReserveTicket, customer: 990996e8-e536-4c37-af82-ca2f8935283f, server: None, raw: .. }
Reserved ticket 8632 for customer 990996e8-e536-4c37-af82-ca2f8935283f
Server 799bb1b2-bd8f-49e2-81f8-f7237f0eb223 received client-request: Request { kind: ReserveTicket, customer: 3b2e2dac-0a88-41fd-87c6-b81f1fa68486, server: None, raw: .. }
Reserved ticket 8631 for customer 3b2e2dac-0a88-41fd-87c6-b81f1fa68486
Server 799bb1b2-bd8f-49e2-81f8-f7237f0eb223 received client-request: Request { kind: ReserveTicket, customer: 2a4438db-eced-437b-8b40-b7d76f2cc4c5, server: None, raw: .. }
Reserved ticket 8630 for customer 2a4438db-eced-437b-8b40-b7d76f2cc4c5
Server 65a51e17-fff5-4036-8b94-6db5de4d28d8 received client-request: Request { kind: ReserveTicket, customer: 17ef43d5-ef94-4401-873c-241c8b68f4e4, server: None, raw: .. }
Reserved ticket 8629 for customer 17ef43d5-ef94-4401-873c-241c8b68f4e4
Server 799bb1b2-bd8f-49e2-81f8-f7237f0eb223 received client-request: Request { kind: ReserveTicket, customer: dd78b192-1dfa-4925-b520-375662b41307, server: None, raw: .. }
Reserved ticket 8628 for customer dd78b192-1dfa-4925-b520-375662b41307
Server 799bb1b2-bd8f-49e2-81f8-f7237f0eb223 received client-request: Request { kind: ReserveTicket, customer: 93af6565-44a4-46fb-a27f-fcc096673be5, server: None, raw: .. }
Reserved ticket 8627 for customer 93af6565-44a4-46fb-a27f-fcc096673be5
Server 799bb1b2-bd8f-49e2-81f8-f7237f0eb223 received client-request: Request { kind: ReserveTicket, customer: 61bf5b0d-d63f-4815-89e3-a7772c51b847, server: None, raw: .. }
Reserved ticket 8626 for customer 61bf5b0d-d63f-4815-89e3-a7772c51b847
Server 799bb1b2-bd8f-49e2-81f8-f7237f0eb223 received client-request: Request { kind: ReserveTicket, customer: 8b98505c-f289-4f90-8b66-5b8fa8453a80, server: None, raw: .. }
Reserved ticket 8625 for customer 8b98505c-f289-4f90-8b66-5b8fa8453a80
Server 799bb1b2-bd8f-49e2-81f8-f7237f0eb223 received client-request: Request { kind: ReserveTicket, customer: a879d264-4e6b-439c-9429-c8009c3ca29c, server: None, raw: .. }
Reserved ticket 8624 for customer a879d264-4e6b-439c-9429-c8009c3ca29c
Server 799bb1b2-bd8f-49e2-81f8-f7237f0eb223 received client-request: Request { kind: ReserveTicket, customer: 71e67a3b-d27b-4035-9cf7-03e0b8c83857, server: None, raw: .. }
Reserved ticket 8623 for customer 71e67a3b-d27b-4035-9cf7-03e0b8c83857
Server 799bb1b2-bd8f-49e2-81f8-f7237f0eb223 received client-request: Request { kind: ReserveTicket, customer: 48feb533-6a16-49e1-8d56-487651200e08, server: None, raw: .. }
Reserved ticket 8622 for customer 48feb533-6a16-49e1-8d56-487651200e08
Server 799bb1b2-bd8f-49e2-81f8-f7237f0eb223 received client-request: Request { kind: ReserveTicket, customer: 153f267d-29a7-46b8-acce-36a74b423311, server: None, raw: .. }
Reserved ticket 8621 for customer 153f267d-29a7-46b8-acce-36a74b423311
Server 799bb1b2-bd8f-49e2-81f8-f7237f0eb223 received client-request: Request { kind: ReserveTicket, customer: daee5d47-7f86-4389-83b4-e5d02c42e3d8, server: None, raw: .. }
Reserved ticket 8620 for customer daee5d47-7f86-4389-83b4-e5d02c42e3d8
Server 799bb1b2-bd8f-49e2-81f8-f7237f0eb223 received client-request: Request { kind: ReserveTicket, customer: 1bed58ae-4950-452b-89d4-2200e3a12d20, server: None, raw: .. }
Reserved ticket 8619 for customer 1bed58ae-4950-452b-89d4-2200e3a12d20
Server 799bb1b2-bd8f-49e2-81f8-f7237f0eb223 received client-request: Request { kind: ReserveTicket, customer: 1524b76f-c84b-4b10-b360-69569b15c7a6, server: None, raw: .. }
Reserved ticket 8618 for customer 1524b76f-c84b-4b10-b360-69569b15c7a6
Server 799bb1b2-bd8f-49e2-81f8-f7237f0eb223 received client-request: Request { kind: ReserveTicket, customer: 9914c2ad-3236-47af-8288-57e0568a11c5, server: None, raw: .. }
Reserved ticket 8617 for customer 9914c2ad-3236-47af-8288-57e0568a11c5
Server 799bb1b2-bd8f-49e2-81f8-f7237f0eb223 received client-request: Request { kind: ReserveTicket, customer: 7c63a707-e1b4-4ab2-91de-889d2359c916, server: None, raw: .. }
Reserved ticket 8616 for customer 7c63a707-e1b4-4ab2-91de-889d2359c916
Server 799bb1b2-bd8f-49e2-81f8-f7237f0eb223 received client-request: Request { kind: ReserveTicket, customer: 2c460bca-65a0-47e5-bc12-4c0f24fa66a4, server: None, raw: .. }
Reserved ticket 8615 for customer 2c460bca-65a0-47e5-bc12-4c0f24fa66a4
Server 799bb1b2-bd8f-49e2-81f8-f7237f0eb223 received client-request: Request { kind: ReserveTicket, customer: f3900c15-451b-4526-8dcc-f85afcac2882, server: None, raw: .. }
Reserved ticket 8614 for customer f3900c15-451b-4526-8dcc-f85afcac2882
Server 799bb1b2-bd8f-49e2-81f8-f7237f0eb223 received client-request: Request { kind: ReserveTicket, customer: 8e601b99-055c-4886-ac45-58f5922510fc, server: None, raw: .. }
Reserved ticket 8613 for customer 8e601b99-055c-4886-ac45-58f5922510fc
Server 799bb1b2-bd8f-49e2-81f8-f7237f0eb223 received client-request: Request { kind: ReserveTicket, customer: 9ea55eb2-9ebc-4cdd-9937-16908f359727, server: None, raw: .. }
Reserved ticket 8612 for customer 9ea55eb2-9ebc-4cdd-9937-16908f359727
Server 799bb1b2-bd8f-49e2-81f8-f7237f0eb223 received client-request: Request { kind: ReserveTicket, customer: b1385846-7071-44ba-92db-191fb3b54deb, server: None, raw: .. }
Reserved ticket 8611 for customer b1385846-7071-44ba-92db-191fb3b54deb
Server 799bb1b2-bd8f-49e2-81f8-f7237f0eb223 received client-request: Request { kind: ReserveTicket, customer: d7605e2c-cbd8-4173-b6ab-185bcd7de7e6, server: None, raw: .. }
Reserved ticket 8610 for customer d7605e2c-cbd8-4173-b6ab-185bcd7de7e6
Server 65a51e17-fff5-4036-8b94-6db5de4d28d8 received client-request: Request { kind: ReserveTicket, customer: 80ea08d6-c318-41c4-ada5-31a35543c5b6, server: None, raw: .. }
Reserved ticket 8609 for customer 80ea08d6-c318-41c4-ada5-31a35543c5b6
Server 799bb1b2-bd8f-49e2-81f8-f7237f0eb223 received client-request: Request { kind: ReserveTicket, customer: ce6f87ff-ca9e-4991-b92e-aea360e1d641, server: None, raw: .. }
Reserved ticket 8608 for customer ce6f87ff-ca9e-4991-b92e-aea360e1d641
Server 799bb1b2-bd8f-49e2-81f8-f7237f0eb223 received client-request: Request { kind: ReserveTicket, customer: 09205b08-317a-4094-898b-a1f4df0fd507, server: None, raw: .. }
Reserved ticket 8607 for customer 09205b08-317a-4094-898b-a1f4df0fd507
Server 799bb1b2-bd8f-49e2-81f8-f7237f0eb223 received client-request: Request { kind: ReserveTicket, customer: 4399f6bc-1f84-4301-9339-9b1dbbe65884, server: None, raw: .. }
Reserved ticket 8606 for customer 4399f6bc-1f84-4301-9339-9b1dbbe65884
Server 799bb1b2-bd8f-49e2-81f8-f7237f0eb223 received client-request: Request { kind: ReserveTicket, customer: 643714f4-8073-4d79-8bec-3511def3cdcd, server: None, raw: .. }
Reserved ticket 8605 for customer 643714f4-8073-4d79-8bec-3511def3cdcd
Server 799bb1b2-bd8f-49e2-81f8-f7237f0eb223 received client-request: Request { kind: ReserveTicket, customer: 225fe79f-309d-4d0d-9681-f8a3e882cc84, server: None, raw: .. }
Reserved ticket 8604 for customer 225fe79f-309d-4d0d-9681-f8a3e882cc84
Server 799bb1b2-bd8f-49e2-81f8-f7237f0eb223 received client-request: Request { kind: ReserveTicket, customer: 000caae8-1e11-4518-843e-fdccdc6a04fe, server: None, raw: .. }
Reserved ticket 8603 for customer 000caae8-1e11-4518-843e-fdccdc6a04fe
Server 799bb1b2-bd8f-49e2-81f8-f7237f0eb223 received client-request: Request { kind: ReserveTicket, customer: 94ea4329-1c54-47c9-867c-751405ad9dad, server: None, raw: .. }
Reserved ticket 8602 for customer 94ea4329-1c54-47c9-867c-751405ad9dad
Server 799bb1b2-bd8f-49e2-81f8-f7237f0eb223 received client-request: Request { kind: ReserveTicket, customer: bf41ca6c-4c82-46d2-a6bb-996c746c2ee6, server: None, raw: .. }
Reserved ticket 8601 for customer bf41ca6c-4c82-46d2-a6bb-996c746c2ee6
Server 799bb1b2-bd8f-49e2-81f8-f7237f0eb223 received client-request: Request { kind: ReserveTicket, customer: ed381d98-079a-47ef-be4f-dffc70eeaf45, server: None, raw: .. }
Reserved ticket 8600 for customer ed381d98-079a-47ef-be4f-dffc70eeaf45
Server 799bb1b2-bd8f-49e2-81f8-f7237f0eb223 received client-request: Request { kind: ReserveTicket, customer: 1cd127f3-c192-40b9-aaa3-d4f6e7fcd8c2, server: None, raw: .. }
Reserved ticket 8599 for customer 1cd127f3-c192-40b9-aaa3-d4f6e7fcd8c2
Server 799bb1b2-bd8f-49e2-81f8-f7237f0eb223 received client-request: Request { kind: ReserveTicket, customer: 1f0518ce-cebe-41da-8b0e-bd5ffb02258c, server: None, raw: .. }
Reserved ticket 8598 for customer 1f0518ce-cebe-41da-8b0e-bd5ffb02258c
Server 799bb1b2-bd8f-49e2-81f8-f7237f0eb223 received client-request: Request { kind: ReserveTicket, customer: 9608a562-5662-4e1d-a4d3-b6da7b1f3ba7, server: None, raw: .. }
Reserved ticket 8597 for customer 9608a562-5662-4e1d-a4d3-b6da7b1f3ba7
Server 799bb1b2-bd8f-49e2-81f8-f7237f0eb223 received client-request: Request { kind: ReserveTicket, customer: 36a5752e-d4df-4cb8-b6b9-26fa64a93261, server: None, raw: .. }
Reserved ticket 8596 for customer 36a5752e-d4df-4cb8-b6b9-26fa64a93261
Server 799bb1b2-bd8f-49e2-81f8-f7237f0eb223 received client-request: Request { kind: ReserveTicket, customer: f4320842-0faf-4467-a730-8da2d5f11315, server: None, raw: .. }
Reserved ticket 8595 for customer f4320842-0faf-4467-a730-8da2d5f11315
Server 799bb1b2-bd8f-49e2-81f8-f7237f0eb223 received client-request: Request { kind: ReserveTicket, customer: e6341eab-875e-480b-bc04-166dca65849d, server: None, raw: .. }
Reserved ticket 8594 for customer e6341eab-875e-480b-bc04-166dca65849d
Server 799bb1b2-bd8f-49e2-81f8-f7237f0eb223 received client-request: Request { kind: ReserveTicket, customer: d851f5da-285a-48fa-ab55-a476251f0041, server: None, raw: .. }
Reserved ticket 8593 for customer d851f5da-285a-48fa-ab55-a476251f0041
Server 799bb1b2-bd8f-49e2-81f8-f7237f0eb223 received client-request: Request { kind: ReserveTicket, customer: 2e0cf4b2-51fe-4a64-bff7-5d9b022bd4a4, server: None, raw: .. }
Reserved ticket 8592 for customer 2e0cf4b2-51fe-4a64-bff7-5d9b022bd4a4
Server 799bb1b2-bd8f-49e2-81f8-f7237f0eb223 received client-request: Request { kind: ReserveTicket, customer: 6413953e-26b5-43a7-8fbb-ed7249db1c34, server: None, raw: .. }
Reserved ticket 8591 for customer 6413953e-26b5-43a7-8fbb-ed7249db1c34
Server 799bb1b2-bd8f-49e2-81f8-f7237f0eb223 received client-request: Request { kind: ReserveTicket, customer: caab1745-5012-46d9-9d02-9173fe01bdd4, server: None, raw: .. }
Reserved ticket 8590 for customer caab1745-5012-46d9-9d02-9173fe01bdd4
Server 65a51e17-fff5-4036-8b94-6db5de4d28d8 received client-request: Request { kind: ReserveTicket, customer: f63424f4-5830-4347-a489-bf597263d64e, server: None, raw: .. }
Reserved ticket 8589 for customer f63424f4-5830-4347-a489-bf597263d64e
Server 799bb1b2-bd8f-49e2-81f8-f7237f0eb223 received client-request: Request { kind: ReserveTicket, customer: 0d71040f-7b64-4ad8-b457-1989baffaa97, server: None, raw: .. }
Reserved ticket 8588 for customer 0d71040f-7b64-4ad8-b457-1989baffaa97
Server 799bb1b2-bd8f-49e2-81f8-f7237f0eb223 received client-request: Request { kind: ReserveTicket, customer: ff7846b7-1d8a-49be-9bd5-62fa286613d6, server: None, raw: .. }
Reserved ticket 8587 for customer ff7846b7-1d8a-49be-9bd5-62fa286613d6
Server 799bb1b2-bd8f-49e2-81f8-f7237f0eb223 received client-request: Request { kind: ReserveTicket, customer: 96b8d487-17b0-4497-a2c5-029cbadd1761, server: None, raw: .. }
Reserved ticket 8586 for customer 96b8d487-17b0-4497-a2c5-029cbadd1761
Server 799bb1b2-bd8f-49e2-81f8-f7237f0eb223 received client-request: Request { kind: ReserveTicket, customer: 8eb08b4a-7735-46f3-abd7-1f51cbb74755, server: None, raw: .. }
Reserved ticket 8585 for customer 8eb08b4a-7735-46f3-abd7-1f51cbb74755
Server 799bb1b2-bd8f-49e2-81f8-f7237f0eb223 received client-request: Request { kind: ReserveTicket, customer: 7ab8c7fc-5130-46a2-8d8f-83eb78e61f59, server: None, raw: .. }
Reserved ticket 8584 for customer 7ab8c7fc-5130-46a2-8d8f-83eb78e61f59
Server 799bb1b2-bd8f-49e2-81f8-f7237f0eb223 received client-request: Request { kind: ReserveTicket, customer: aa085059-85b5-4004-bc15-1739373265f7, server: None, raw: .. }
Reserved ticket 8583 for customer aa085059-85b5-4004-bc15-1739373265f7
Server 799bb1b2-bd8f-49e2-81f8-f7237f0eb223 received client-request: Request { kind: ReserveTicket, customer: 4a75d2de-c34e-4d0f-bafc-bf6291bb7965, server: None, raw: .. }
Reserved ticket 8582 for customer 4a75d2de-c34e-4d0f-bafc-bf6291bb7965
Server 799bb1b2-bd8f-49e2-81f8-f7237f0eb223 received client-request: Request { kind: ReserveTicket, customer: 1750ed74-f4f5-4ab2-9b93-953ed8135e67, server: None, raw: .. }
Reserved ticket 8581 for customer 1750ed74-f4f5-4ab2-9b93-953ed8135e67
Server 799bb1b2-bd8f-49e2-81f8-f7237f0eb223 received client-request: Request { kind: ReserveTicket, customer: ecd818b2-333b-45fb-a670-18611c2053c3, server: None, raw: .. }
Reserved ticket 8580 for customer ecd818b2-333b-45fb-a670-18611c2053c3
Server 799bb1b2-bd8f-49e2-81f8-f7237f0eb223 received client-request: Request { kind: ReserveTicket, customer: d93d1d6f-2145-43fc-aa7b-d3072d79779e, server: None, raw: .. }
Reserved ticket 8579 for customer d93d1d6f-2145-43fc-aa7b-d3072d79779e
Server 799bb1b2-bd8f-49e2-81f8-f7237f0eb223 received client-request: Request { kind: ReserveTicket, customer: 86188526-60b6-4c89-9764-9d40dbfa6828, server: None, raw: .. }
Reserved ticket 8578 for customer 86188526-60b6-4c89-9764-9d40dbfa6828
Server 799bb1b2-bd8f-49e2-81f8-f7237f0eb223 received client-request: Request { kind: ReserveTicket, customer: 2f9e392e-1595-4d92-bc60-d5305ff346f0, server: None, raw: .. }
Reserved ticket 8577 for customer 2f9e392e-1595-4d92-bc60-d5305ff346f0
Server 799bb1b2-bd8f-49e2-81f8-f7237f0eb223 received client-request: Request { kind: ReserveTicket, customer: 7d593756-740e-4319-8bde-7fcca0bb167d, server: None, raw: .. }
Reserved ticket 8576 for customer 7d593756-740e-4319-8bde-7fcca0bb167d
Server 799bb1b2-bd8f-49e2-81f8-f7237f0eb223 received client-request: Request { kind: ReserveTicket, customer: 36e3d27f-eefd-4352-adf8-b6abe3f50b56, server: None, raw: .. }
Reserved ticket 8575 for customer 36e3d27f-eefd-4352-adf8-b6abe3f50b56
Server 799bb1b2-bd8f-49e2-81f8-f7237f0eb223 received client-request: Request { kind: ReserveTicket, customer: fcfdc907-c264-43a3-ac2f-1c685cc75d98, server: None, raw: .. }
Reserved ticket 8574 for customer fcfdc907-c264-43a3-ac2f-1c685cc75d98
Server 799bb1b2-bd8f-49e2-81f8-f7237f0eb223 received client-request: Request { kind: ReserveTicket, customer: 13a5b564-8aac-48ee-89fa-3bc0ce92d40c, server: None, raw: .. }
Reserved ticket 8573 for customer 13a5b564-8aac-48ee-89fa-3bc0ce92d40c
Server 799bb1b2-bd8f-49e2-81f8-f7237f0eb223 received client-request: Request { kind: ReserveTicket, customer: 84242efc-fed9-44d8-b625-70090f3489f0, server: None, raw: .. }
Reserved ticket 8572 for customer 84242efc-fed9-44d8-b625-70090f3489f0
Server 799bb1b2-bd8f-49e2-81f8-f7237f0eb223 received client-request: Request { kind: ReserveTicket, customer: e17e1d12-dc5b-4261-90c9-2206e599f2ce, server: None, raw: .. }
Reserved ticket 8571 for customer e17e1d12-dc5b-4261-90c9-2206e599f2ce
Server 799bb1b2-bd8f-49e2-81f8-f7237f0eb223 received client-request: Request { kind: ReserveTicket, customer: ccf49c6c-64ba-4cd9-b64b-0d7d20870baf, server: None, raw: .. }
Reserved ticket 8570 for customer ccf49c6c-64ba-4cd9-b64b-0d7d20870baf
Server 65a51e17-fff5-4036-8b94-6db5de4d28d8 received client-request: Request { kind: ReserveTicket, customer: 78d49672-f39a-43ba-b7a2-ce91d6997d77, server: None, raw: .. }
Reserved ticket 8569 for customer 78d49672-f39a-43ba-b7a2-ce91d6997d77
Server 799bb1b2-bd8f-49e2-81f8-f7237f0eb223 received client-request: Request { kind: ReserveTicket, customer: db9a7cab-fd42-428b-9f45-a31ccc716228, server: None, raw: .. }
Reserved ticket 8568 for customer db9a7cab-fd42-428b-9f45-a31ccc716228
Server 799bb1b2-bd8f-49e2-81f8-f7237f0eb223 received client-request: Request { kind: ReserveTicket, customer: e6157029-9edf-444b-901e-9446f170d0b6, server: None, raw: .. }
Reserved ticket 8567 for customer e6157029-9edf-444b-901e-9446f170d0b6
Server 799bb1b2-bd8f-49e2-81f8-f7237f0eb223 received client-request: Request { kind: ReserveTicket, customer: 52ced5a3-f421-4ce4-b625-011f72d03a12, server: None, raw: .. }
Reserved ticket 8566 for customer 52ced5a3-f421-4ce4-b625-011f72d03a12
Server 799bb1b2-bd8f-49e2-81f8-f7237f0eb223 received client-request: Request { kind: ReserveTicket, customer: 248bcbdc-a29e-45c0-b535-cf032cd0ce88, server: None, raw: .. }
Reserved ticket 8565 for customer 248bcbdc-a29e-45c0-b535-cf032cd0ce88
Server 799bb1b2-bd8f-49e2-81f8-f7237f0eb223 received client-request: Request { kind: ReserveTicket, customer: 2d5154b8-e2a0-414c-8105-020389065051, server: None, raw: .. }
Reserved ticket 8564 for customer 2d5154b8-e2a0-414c-8105-020389065051
Server 799bb1b2-bd8f-49e2-81f8-f7237f0eb223 received client-request: Request { kind: ReserveTicket, customer: 46e29fd6-76ff-4d93-8f5d-0458f012cd1d, server: None, raw: .. }
Reserved ticket 8563 for customer 46e29fd6-76ff-4d93-8f5d-0458f012cd1d
Server 799bb1b2-bd8f-49e2-81f8-f7237f0eb223 received client-request: Request { kind: ReserveTicket, customer: ea2563cd-1f9e-4883-8e5e-48b1b106b045, server: None, raw: .. }
Reserved ticket 8562 for customer ea2563cd-1f9e-4883-8e5e-48b1b106b045
Server 799bb1b2-bd8f-49e2-81f8-f7237f0eb223 received client-request: Request { kind: ReserveTicket, customer: bb9ebf95-2e59-4b7a-a03e-e46d47fe426c, server: None, raw: .. }
Reserved ticket 8561 for customer bb9ebf95-2e59-4b7a-a03e-e46d47fe426c
Server 799bb1b2-bd8f-49e2-81f8-f7237f0eb223 received client-request: Request { kind: ReserveTicket, customer: b5c5f67e-2ead-42e8-ac6f-8595521eabee, server: None, raw: .. }
Reserved ticket 8560 for customer b5c5f67e-2ead-42e8-ac6f-8595521eabee
Server 799bb1b2-bd8f-49e2-81f8-f7237f0eb223 received client-request: Request { kind: ReserveTicket, customer: 2174bf0c-9ba6-491f-82b9-53dfd49beae5, server: None, raw: .. }
Reserved ticket 8559 for customer 2174bf0c-9ba6-491f-82b9-53dfd49beae5
Server 799bb1b2-bd8f-49e2-81f8-f7237f0eb223 received client-request: Request { kind: ReserveTicket, customer: d246c61b-31b7-4ca7-9416-a191ee9c8729, server: None, raw: .. }
Reserved ticket 8558 for customer d246c61b-31b7-4ca7-9416-a191ee9c8729
Server 799bb1b2-bd8f-49e2-81f8-f7237f0eb223 received client-request: Request { kind: ReserveTicket, customer: f96e1e35-7944-4d97-a53b-21cb982ada14, server: None, raw: .. }
Reserved ticket 8557 for customer f96e1e35-7944-4d97-a53b-21cb982ada14
Server 799bb1b2-bd8f-49e2-81f8-f7237f0eb223 received client-request: Request { kind: ReserveTicket, customer: 863808e7-2467-41ea-9f00-badffff27e6e, server: None, raw: .. }
Reserved ticket 8556 for customer 863808e7-2467-41ea-9f00-badffff27e6e
Server 799bb1b2-bd8f-49e2-81f8-f7237f0eb223 received client-request: Request { kind: ReserveTicket, customer: 069c0ced-17a8-4bdb-9a36-6cb606edf07a, server: None, raw: .. }
Reserved ticket 8555 for customer 069c0ced-17a8-4bdb-9a36-6cb606edf07a
Server 799bb1b2-bd8f-49e2-81f8-f7237f0eb223 received client-request: Request { kind: ReserveTicket, customer: 547224d8-d9fb-4f7f-a759-43756bc9a9b1, server: None, raw: .. }
Reserved ticket 8554 for customer 547224d8-d9fb-4f7f-a759-43756bc9a9b1
Server 799bb1b2-bd8f-49e2-81f8-f7237f0eb223 received client-request: Request { kind: ReserveTicket, customer: c9af9ad5-febf-4c3f-a3cc-beb1a8c5db5c, server: None, raw: .. }
Reserved ticket 8553 for customer c9af9ad5-febf-4c3f-a3cc-beb1a8c5db5c
Server 799bb1b2-bd8f-49e2-81f8-f7237f0eb223 received client-request: Request { kind: ReserveTicket, customer: c1dda1a8-cbbe-4dbb-96c7-7e88a3a42acd, server: None, raw: .. }
Reserved ticket 8552 for customer c1dda1a8-cbbe-4dbb-96c7-7e88a3a42acd
Server 799bb1b2-bd8f-49e2-81f8-f7237f0eb223 received client-request: Request { kind: ReserveTicket, customer: 59071980-ff71-4e44-8f20-47e15f2c76a0, server: None, raw: .. }
Reserved ticket 8551 for customer 59071980-ff71-4e44-8f20-47e15f2c76a0
Server 799bb1b2-bd8f-49e2-81f8-f7237f0eb223 received client-request: Request { kind: ReserveTicket, customer: 98120794-f2cd-4842-8bf1-035563c7e5b4, server: None, raw: .. }
Reserved ticket 8550 for customer 98120794-f2cd-4842-8bf1-035563c7e5b4
Server 65a51e17-fff5-4036-8b94-6db5de4d28d8 received client-request: Request { kind: ReserveTicket, customer: 8b8a3012-432c-406e-a6ec-526f06df66ce, server: None, raw: .. }
Reserved ticket 8549 for customer 8b8a3012-432c-406e-a6ec-526f06df66ce
Server 799bb1b2-bd8f-49e2-81f8-f7237f0eb223 received client-request: Request { kind: ReserveTicket, customer: 9bedfe2c-0fb0-434c-9f6b-d575db7993f7, server: None, raw: .. }
Reserved ticket 8548 for customer 9bedfe2c-0fb0-434c-9f6b-d575db7993f7
Server 799bb1b2-bd8f-49e2-81f8-f7237f0eb223 received client-request: Request { kind: ReserveTicket, customer: 24af6ddb-0409-414e-82e1-238d995c2780, server: None, raw: .. }
Reserved ticket 8547 for customer 24af6ddb-0409-414e-82e1-238d995c2780
Server 799bb1b2-bd8f-49e2-81f8-f7237f0eb223 received client-request: Request { kind: ReserveTicket, customer: 1674a8a5-674a-4061-98b3-2d4af389b073, server: None, raw: .. }
Reserved ticket 8546 for customer 1674a8a5-674a-4061-98b3-2d4af389b073
Server 799bb1b2-bd8f-49e2-81f8-f7237f0eb223 received client-request: Request { kind: ReserveTicket, customer: ab229231-1586-4865-8c0b-295bf0349cf8, server: None, raw: .. }
Reserved ticket 8545 for customer ab229231-1586-4865-8c0b-295bf0349cf8
Server 799bb1b2-bd8f-49e2-81f8-f7237f0eb223 received client-request: Request { kind: ReserveTicket, customer: 48da6047-0359-4641-8a7d-8ceff119d5fb, server: None, raw: .. }
Reserved ticket 8544 for customer 48da6047-0359-4641-8a7d-8ceff119d5fb
Server 799bb1b2-bd8f-49e2-81f8-f7237f0eb223 received client-request: Request { kind: ReserveTicket, customer: 0447fd20-5b41-456c-8fee-025266ae660d, server: None, raw: .. }
Reserved ticket 8543 for customer 0447fd20-5b41-456c-8fee-025266ae660d
Server 799bb1b2-bd8f-49e2-81f8-f7237f0eb223 received client-request: Request { kind: ReserveTicket, customer: 63a03be6-8fc1-4776-9a84-3fdc0fcbc15a, server: None, raw: .. }
Reserved ticket 8542 for customer 63a03be6-8fc1-4776-9a84-3fdc0fcbc15a
Server 799bb1b2-bd8f-49e2-81f8-f7237f0eb223 received client-request: Request { kind: ReserveTicket, customer: 2f1051b7-fa24-4625-91cd-4ec1641e9637, server: None, raw: .. }
Reserved ticket 8541 for customer 2f1051b7-fa24-4625-91cd-4ec1641e9637
Server 799bb1b2-bd8f-49e2-81f8-f7237f0eb223 received client-request: Request { kind: ReserveTicket, customer: 8226b3d4-83b0-454e-954d-63074a13700a, server: None, raw: .. }
Reserved ticket 8540 for customer 8226b3d4-83b0-454e-954d-63074a13700a
Server 799bb1b2-bd8f-49e2-81f8-f7237f0eb223 received client-request: Request { kind: ReserveTicket, customer: bc57c946-8d67-4a1c-bff2-625f66603c62, server: None, raw: .. }
Reserved ticket 8539 for customer bc57c946-8d67-4a1c-bff2-625f66603c62
Server 799bb1b2-bd8f-49e2-81f8-f7237f0eb223 received client-request: Request { kind: ReserveTicket, customer: 5247cb60-3445-4863-859b-6a143a879ddb, server: None, raw: .. }
Reserved ticket 8538 for customer 5247cb60-3445-4863-859b-6a143a879ddb
Server 799bb1b2-bd8f-49e2-81f8-f7237f0eb223 received client-request: Request { kind: ReserveTicket, customer: 6c3cb0e3-3bb6-4bf9-b58f-125a77dc5fc0, server: None, raw: .. }
Reserved ticket 8537 for customer 6c3cb0e3-3bb6-4bf9-b58f-125a77dc5fc0
Server 799bb1b2-bd8f-49e2-81f8-f7237f0eb223 received client-request: Request { kind: ReserveTicket, customer: d809f6c2-d9ec-49f1-95e7-70e0ad3e7297, server: None, raw: .. }
Reserved ticket 8536 for customer d809f6c2-d9ec-49f1-95e7-70e0ad3e7297
Server 799bb1b2-bd8f-49e2-81f8-f7237f0eb223 received client-request: Request { kind: ReserveTicket, customer: a15c787b-6996-4943-9c5a-9eae26ea702b, server: None, raw: .. }
Reserved ticket 8535 for customer a15c787b-6996-4943-9c5a-9eae26ea702b
Server 799bb1b2-bd8f-49e2-81f8-f7237f0eb223 received client-request: Request { kind: ReserveTicket, customer: f49289fc-e778-4ffa-ac2a-c8d788c1a8b8, server: None, raw: .. }
Reserved ticket 8534 for customer f49289fc-e778-4ffa-ac2a-c8d788c1a8b8
Server 799bb1b2-bd8f-49e2-81f8-f7237f0eb223 received client-request: Request { kind: ReserveTicket, customer: 89578437-0ef4-41ef-b4b6-2acd3968d703, server: None, raw: .. }
Reserved ticket 8533 for customer 89578437-0ef4-41ef-b4b6-2acd3968d703
Server 799bb1b2-bd8f-49e2-81f8-f7237f0eb223 received client-request: Request { kind: ReserveTicket, customer: 271c55f4-219a-4873-b42a-54f57d41a59b, server: None, raw: .. }
Reserved ticket 8532 for customer 271c55f4-219a-4873-b42a-54f57d41a59b
Server 799bb1b2-bd8f-49e2-81f8-f7237f0eb223 received client-request: Request { kind: ReserveTicket, customer: c6256a21-50ec-446e-b1fa-21f6fcfcd565, server: None, raw: .. }
Reserved ticket 8531 for customer c6256a21-50ec-446e-b1fa-21f6fcfcd565
Server 799bb1b2-bd8f-49e2-81f8-f7237f0eb223 received client-request: Request { kind: ReserveTicket, customer: b3deaff0-a8aa-4904-98f8-0d5086ce2229, server: None, raw: .. }
Reserved ticket 8530 for customer b3deaff0-a8aa-4904-98f8-0d5086ce2229
Server 65a51e17-fff5-4036-8b94-6db5de4d28d8 received client-request: Request { kind: ReserveTicket, customer: 8f276ceb-e16b-4aaf-b0fc-dbb1e4eb1cc2, server: None, raw: .. }
Reserved ticket 8529 for customer 8f276ceb-e16b-4aaf-b0fc-dbb1e4eb1cc2
Server 799bb1b2-bd8f-49e2-81f8-f7237f0eb223 received client-request: Request { kind: ReserveTicket, customer: 8f5f5a63-785d-41ad-bc16-09bd0a441514, server: None, raw: .. }
Reserved ticket 8528 for customer 8f5f5a63-785d-41ad-bc16-09bd0a441514
Server 799bb1b2-bd8f-49e2-81f8-f7237f0eb223 received client-request: Request { kind: ReserveTicket, customer: 561e838d-0ead-4141-a471-1145892a65e8, server: None, raw: .. }
Reserved ticket 8527 for customer 561e838d-0ead-4141-a471-1145892a65e8
Server 799bb1b2-bd8f-49e2-81f8-f7237f0eb223 received client-request: Request { kind: ReserveTicket, customer: a37fb496-19ed-4545-b9da-ddd11a122611, server: None, raw: .. }
Reserved ticket 8526 for customer a37fb496-19ed-4545-b9da-ddd11a122611
Server 799bb1b2-bd8f-49e2-81f8-f7237f0eb223 received client-request: Request { kind: ReserveTicket, customer: 2d9a69bd-a80e-404b-aaf5-9d865de000b9, server: None, raw: .. }
Reserved ticket 8525 for customer 2d9a69bd-a80e-404b-aaf5-9d865de000b9
Server 799bb1b2-bd8f-49e2-81f8-f7237f0eb223 received client-request: Request { kind: ReserveTicket, customer: 786e4434-9d4a-4caa-99c1-41528001bb0e, server: None, raw: .. }
Reserved ticket 8524 for customer 786e4434-9d4a-4caa-99c1-41528001bb0e
Server 799bb1b2-bd8f-49e2-81f8-f7237f0eb223 received client-request: Request { kind: ReserveTicket, customer: 1633bcd7-0520-463d-9f9f-b16b7545bc79, server: None, raw: .. }
Reserved ticket 8523 for customer 1633bcd7-0520-463d-9f9f-b16b7545bc79
Server 799bb1b2-bd8f-49e2-81f8-f7237f0eb223 received client-request: Request { kind: ReserveTicket, customer: ac15c44c-257c-4667-8085-d71090301f69, server: None, raw: .. }
Reserved ticket 8522 for customer ac15c44c-257c-4667-8085-d71090301f69
Server 799bb1b2-bd8f-49e2-81f8-f7237f0eb223 received client-request: Request { kind: ReserveTicket, customer: 4c06f71a-1fc1-416c-8d7e-b87115d8867f, server: None, raw: .. }
Reserved ticket 8521 for customer 4c06f71a-1fc1-416c-8d7e-b87115d8867f
Server 799bb1b2-bd8f-49e2-81f8-f7237f0eb223 received client-request: Request { kind: ReserveTicket, customer: 28492152-f017-4617-a6ec-e8e6d0f98ecf, server: None, raw: .. }
Reserved ticket 8520 for customer 28492152-f017-4617-a6ec-e8e6d0f98ecf
Server 799bb1b2-bd8f-49e2-81f8-f7237f0eb223 received client-request: Request { kind: ReserveTicket, customer: 4ff82619-e9be-42c5-9069-81c56773353c, server: None, raw: .. }
Reserved ticket 8519 for customer 4ff82619-e9be-42c5-9069-81c56773353c
Server 799bb1b2-bd8f-49e2-81f8-f7237f0eb223 received client-request: Request { kind: ReserveTicket, customer: 14d74fe0-6997-4aff-a3d8-c1f4001d610a, server: None, raw: .. }
Reserved ticket 8518 for customer 14d74fe0-6997-4aff-a3d8-c1f4001d610a
Server 799bb1b2-bd8f-49e2-81f8-f7237f0eb223 received client-request: Request { kind: ReserveTicket, customer: e7df17ba-32e8-43ba-8f8b-eb18b5334c20, server: None, raw: .. }
Reserved ticket 8517 for customer e7df17ba-32e8-43ba-8f8b-eb18b5334c20
Server 799bb1b2-bd8f-49e2-81f8-f7237f0eb223 received client-request: Request { kind: ReserveTicket, customer: 4212dd63-e29d-4446-8862-afb13e20bca1, server: None, raw: .. }
Reserved ticket 8516 for customer 4212dd63-e29d-4446-8862-afb13e20bca1
Server 799bb1b2-bd8f-49e2-81f8-f7237f0eb223 received client-request: Request { kind: ReserveTicket, customer: db79c978-bed1-451b-a52d-813d194c8352, server: None, raw: .. }
Reserved ticket 8515 for customer db79c978-bed1-451b-a52d-813d194c8352
Server 799bb1b2-bd8f-49e2-81f8-f7237f0eb223 received client-request: Request { kind: ReserveTicket, customer: be687cad-9d2c-44fe-a6ad-05da86281eb4, server: None, raw: .. }
Reserved ticket 8514 for customer be687cad-9d2c-44fe-a6ad-05da86281eb4
Server 799bb1b2-bd8f-49e2-81f8-f7237f0eb223 received client-request: Request { kind: ReserveTicket, customer: f61649cb-88fd-42dc-8c9f-d333da815bab, server: None, raw: .. }
Reserved ticket 8513 for customer f61649cb-88fd-42dc-8c9f-d333da815bab
Server 799bb1b2-bd8f-49e2-81f8-f7237f0eb223 received client-request: Request { kind: ReserveTicket, customer: c7663760-99d1-4412-8cd3-d1a84bd94d5f, server: None, raw: .. }
Reserved ticket 8512 for customer c7663760-99d1-4412-8cd3-d1a84bd94d5f
Server 799bb1b2-bd8f-49e2-81f8-f7237f0eb223 received client-request: Request { kind: ReserveTicket, customer: bc4c3fbc-df2a-49b0-a49b-b3cbb27a1e58, server: None, raw: .. }
Reserved ticket 8511 for customer bc4c3fbc-df2a-49b0-a49b-b3cbb27a1e58
Server 799bb1b2-bd8f-49e2-81f8-f7237f0eb223 received client-request: Request { kind: ReserveTicket, customer: 2d08170a-e66e-4a84-958a-1c2d54fac983, server: None, raw: .. }
Reserved ticket 8510 for customer 2d08170a-e66e-4a84-958a-1c2d54fac983
Server 65a51e17-fff5-4036-8b94-6db5de4d28d8 received client-request: Request { kind: ReserveTicket, customer: e52ca401-2369-4980-9232-def8a6529cab, server: None, raw: .. }
Reserved ticket 8509 for customer e52ca401-2369-4980-9232-def8a6529cab
Server 799bb1b2-bd8f-49e2-81f8-f7237f0eb223 received client-request: Request { kind: ReserveTicket, customer: 1276b725-9385-4868-b8a8-34bfbd18a1c1, server: None, raw: .. }
Reserved ticket 8508 for customer 1276b725-9385-4868-b8a8-34bfbd18a1c1
Server 799bb1b2-bd8f-49e2-81f8-f7237f0eb223 received client-request: Request { kind: ReserveTicket, customer: bc367438-15a6-469c-b84d-365230615511, server: None, raw: .. }
Reserved ticket 8507 for customer bc367438-15a6-469c-b84d-365230615511
Server 799bb1b2-bd8f-49e2-81f8-f7237f0eb223 received client-request: Request { kind: ReserveTicket, customer: 7940a4a0-1787-4018-a12e-6fbfa0668e1e, server: None, raw: .. }
Reserved ticket 8506 for customer 7940a4a0-1787-4018-a12e-6fbfa0668e1e
Server 799bb1b2-bd8f-49e2-81f8-f7237f0eb223 received client-request: Request { kind: ReserveTicket, customer: cf7356ee-5048-42b6-85e6-3c782f79ca37, server: None, raw: .. }
Reserved ticket 8505 for customer cf7356ee-5048-42b6-85e6-3c782f79ca37
Server 799bb1b2-bd8f-49e2-81f8-f7237f0eb223 received client-request: Request { kind: ReserveTicket, customer: ba9a0e3a-ec5d-46aa-9a0c-66b505933554, server: None, raw: .. }
Reserved ticket 8504 for customer ba9a0e3a-ec5d-46aa-9a0c-66b505933554
Server 799bb1b2-bd8f-49e2-81f8-f7237f0eb223 received client-request: Request { kind: ReserveTicket, customer: 0f9f1b48-9ff8-4b7a-8980-49a3d3a764cb, server: None, raw: .. }
Reserved ticket 8503 for customer 0f9f1b48-9ff8-4b7a-8980-49a3d3a764cb
Server 799bb1b2-bd8f-49e2-81f8-f7237f0eb223 received client-request: Request { kind: ReserveTicket, customer: 857ed69d-f7bc-4f00-b995-974566d33652, server: None, raw: .. }
Reserved ticket 8502 for customer 857ed69d-f7bc-4f00-b995-974566d33652
Server 799bb1b2-bd8f-49e2-81f8-f7237f0eb223 received client-request: Request { kind: ReserveTicket, customer: de6c7246-3e27-4fc3-9e23-b19803845e5a, server: None, raw: .. }
Reserved ticket 8501 for customer de6c7246-3e27-4fc3-9e23-b19803845e5a
Server 799bb1b2-bd8f-49e2-81f8-f7237f0eb223 received client-request: Request { kind: ReserveTicket, customer: 61d625a2-de02-42f0-9e19-e436443c330e, server: None, raw: .. }
Reserved ticket 8500 for customer 61d625a2-de02-42f0-9e19-e436443c330e
Server 799bb1b2-bd8f-49e2-81f8-f7237f0eb223 received client-request: Request { kind: ReserveTicket, customer: b5849bb1-cde9-4ad5-b515-e1460efc9d53, server: None, raw: .. }
Reserved ticket 8499 for customer b5849bb1-cde9-4ad5-b515-e1460efc9d53
Server 799bb1b2-bd8f-49e2-81f8-f7237f0eb223 received client-request: Request { kind: ReserveTicket, customer: fe5e7f4a-0ade-4ea2-9781-a90f075dc9e1, server: None, raw: .. }
Reserved ticket 8498 for customer fe5e7f4a-0ade-4ea2-9781-a90f075dc9e1
Server 799bb1b2-bd8f-49e2-81f8-f7237f0eb223 received client-request: Request { kind: ReserveTicket, customer: ee81edba-efac-495f-8e36-6d1e6a8ca916, server: None, raw: .. }
Reserved ticket 8497 for customer ee81edba-efac-495f-8e36-6d1e6a8ca916
Server 799bb1b2-bd8f-49e2-81f8-f7237f0eb223 received client-request: Request { kind: ReserveTicket, customer: 93ab5e96-ba2a-4852-afc2-e020e10a5505, server: None, raw: .. }
Reserved ticket 8496 for customer 93ab5e96-ba2a-4852-afc2-e020e10a5505
Server 799bb1b2-bd8f-49e2-81f8-f7237f0eb223 received client-request: Request { kind: ReserveTicket, customer: 86a43a56-4982-49f7-8999-f111d1a80fdb, server: None, raw: .. }
Reserved ticket 8495 for customer 86a43a56-4982-49f7-8999-f111d1a80fdb
Server 799bb1b2-bd8f-49e2-81f8-f7237f0eb223 received client-request: Request { kind: ReserveTicket, customer: 6a4d9e0c-dccc-437a-92a1-8f4291f67d90, server: None, raw: .. }
Reserved ticket 8494 for customer 6a4d9e0c-dccc-437a-92a1-8f4291f67d90
Server 799bb1b2-bd8f-49e2-81f8-f7237f0eb223 received client-request: Request { kind: ReserveTicket, customer: d10be5a3-e5b3-48b6-bac2-df37dabd9da3, server: None, raw: .. }
Reserved ticket 8493 for customer d10be5a3-e5b3-48b6-bac2-df37dabd9da3
Server 799bb1b2-bd8f-49e2-81f8-f7237f0eb223 received client-request: Request { kind: ReserveTicket, customer: 3389fada-51b3-499c-88ef-3ca44181ca8b, server: None, raw: .. }
Reserved ticket 8492 for customer 3389fada-51b3-499c-88ef-3ca44181ca8b
Server 799bb1b2-bd8f-49e2-81f8-f7237f0eb223 received client-request: Request { kind: ReserveTicket, customer: 6f60cf01-65ea-42db-a258-816d44102db1, server: None, raw: .. }
Reserved ticket 8491 for customer 6f60cf01-65ea-42db-a258-816d44102db1
Server 799bb1b2-bd8f-49e2-81f8-f7237f0eb223 received client-request: Request { kind: ReserveTicket, customer: c484cc60-f32a-48a8-9083-fc938d8d3591, server: None, raw: .. }
Reserved ticket 8490 for customer c484cc60-f32a-48a8-9083-fc938d8d3591
Server 65a51e17-fff5-4036-8b94-6db5de4d28d8 received client-request: Request { kind: ReserveTicket, customer: d547af64-fda4-4a5e-b988-5f9947ea22c9, server: None, raw: .. }
Reserved ticket 8489 for customer d547af64-fda4-4a5e-b988-5f9947ea22c9
Server 799bb1b2-bd8f-49e2-81f8-f7237f0eb223 received client-request: Request { kind: ReserveTicket, customer: 921a520f-7ee8-474a-b5b3-f96129823be0, server: None, raw: .. }
Reserved ticket 8488 for customer 921a520f-7ee8-474a-b5b3-f96129823be0
Server 799bb1b2-bd8f-49e2-81f8-f7237f0eb223 received client-request: Request { kind: ReserveTicket, customer: 3e540bac-f6c1-4e3c-9117-d4f3874f36ba, server: None, raw: .. }
Reserved ticket 8487 for customer 3e540bac-f6c1-4e3c-9117-d4f3874f36ba
Server 799bb1b2-bd8f-49e2-81f8-f7237f0eb223 received client-request: Request { kind: ReserveTicket, customer: bea14245-4b95-4dd6-96aa-b755f329f0ce, server: None, raw: .. }
Reserved ticket 8486 for customer bea14245-4b95-4dd6-96aa-b755f329f0ce
Server 799bb1b2-bd8f-49e2-81f8-f7237f0eb223 received client-request: Request { kind: ReserveTicket, customer: 073d1ee8-1125-4279-8d59-a14a925cfc10, server: None, raw: .. }
Reserved ticket 8485 for customer 073d1ee8-1125-4279-8d59-a14a925cfc10
Server 799bb1b2-bd8f-49e2-81f8-f7237f0eb223 received client-request: Request { kind: ReserveTicket, customer: a5bd99d3-0d1e-4e5c-a53b-fa988cfff6ad, server: None, raw: .. }
Reserved ticket 8484 for customer a5bd99d3-0d1e-4e5c-a53b-fa988cfff6ad
Server 799bb1b2-bd8f-49e2-81f8-f7237f0eb223 received client-request: Request { kind: ReserveTicket, customer: 1136f4fd-df78-4674-b840-889475119929, server: None, raw: .. }
Reserved ticket 8483 for customer 1136f4fd-df78-4674-b840-889475119929
Server 799bb1b2-bd8f-49e2-81f8-f7237f0eb223 received client-request: Request { kind: ReserveTicket, customer: 821a4665-815a-4a59-b3da-82bb783813cc, server: None, raw: .. }
Reserved ticket 8482 for customer 821a4665-815a-4a59-b3da-82bb783813cc
Server 799bb1b2-bd8f-49e2-81f8-f7237f0eb223 received client-request: Request { kind: ReserveTicket, customer: 957b3242-74ce-4e58-8300-642fb55e4047, server: None, raw: .. }
Reserved ticket 8481 for customer 957b3242-74ce-4e58-8300-642fb55e4047
Server 799bb1b2-bd8f-49e2-81f8-f7237f0eb223 received client-request: Request { kind: ReserveTicket, customer: 67fe15cf-9035-483b-a720-73d6d3004fac, server: None, raw: .. }
Reserved ticket 8480 for customer 67fe15cf-9035-483b-a720-73d6d3004fac
Server 799bb1b2-bd8f-49e2-81f8-f7237f0eb223 received client-request: Request { kind: ReserveTicket, customer: a8eed707-05f8-420e-91e4-959558e27050, server: None, raw: .. }
Reserved ticket 8479 for customer a8eed707-05f8-420e-91e4-959558e27050
Server 799bb1b2-bd8f-49e2-81f8-f7237f0eb223 received client-request: Request { kind: ReserveTicket, customer: b7a94585-f805-4203-b354-feecb081db86, server: None, raw: .. }
Reserved ticket 8478 for customer b7a94585-f805-4203-b354-feecb081db86
Server 799bb1b2-bd8f-49e2-81f8-f7237f0eb223 received client-request: Request { kind: ReserveTicket, customer: fbaab86a-7f75-465c-a023-cba5157e803d, server: None, raw: .. }
Reserved ticket 8477 for customer fbaab86a-7f75-465c-a023-cba5157e803d
Server 799bb1b2-bd8f-49e2-81f8-f7237f0eb223 received client-request: Request { kind: ReserveTicket, customer: 26ade3f9-21f8-4fef-b3b8-5db424a1f318, server: None, raw: .. }
Reserved ticket 8476 for customer 26ade3f9-21f8-4fef-b3b8-5db424a1f318
Server 799bb1b2-bd8f-49e2-81f8-f7237f0eb223 received client-request: Request { kind: ReserveTicket, customer: dd378dd2-ac58-4557-9ea8-da46dc1eafd4, server: None, raw: .. }
Reserved ticket 8475 for customer dd378dd2-ac58-4557-9ea8-da46dc1eafd4
Server 799bb1b2-bd8f-49e2-81f8-f7237f0eb223 received client-request: Request { kind: ReserveTicket, customer: 2525fffc-703e-48b8-8efe-7bc3452d4e04, server: None, raw: .. }
Reserved ticket 8474 for customer 2525fffc-703e-48b8-8efe-7bc3452d4e04
Server 799bb1b2-bd8f-49e2-81f8-f7237f0eb223 received client-request: Request { kind: ReserveTicket, customer: 16ca47a6-b4fa-4e16-886d-ad6d4d937f72, server: None, raw: .. }
Reserved ticket 8473 for customer 16ca47a6-b4fa-4e16-886d-ad6d4d937f72
Server 799bb1b2-bd8f-49e2-81f8-f7237f0eb223 received client-request: Request { kind: ReserveTicket, customer: 2a2e6189-fde7-455e-a5e0-2d81fc058459, server: None, raw: .. }
Reserved ticket 8472 for customer 2a2e6189-fde7-455e-a5e0-2d81fc058459
Server 799bb1b2-bd8f-49e2-81f8-f7237f0eb223 received client-request: Request { kind: ReserveTicket, customer: 996f6150-928a-4729-ae0d-76818ad139d5, server: None, raw: .. }
Reserved ticket 8471 for customer 996f6150-928a-4729-ae0d-76818ad139d5
Server 799bb1b2-bd8f-49e2-81f8-f7237f0eb223 received client-request: Request { kind: ReserveTicket, customer: d4b4cc43-3e3b-4572-8b1d-e1b3e901a223, server: None, raw: .. }
Reserved ticket 8470 for customer d4b4cc43-3e3b-4572-8b1d-e1b3e901a223
Server 65a51e17-fff5-4036-8b94-6db5de4d28d8 received client-request: Request { kind: ReserveTicket, customer: 4157db9c-1352-4c5c-8e69-c4f6ad0b3e62, server: None, raw: .. }
Reserved ticket 8469 for customer 4157db9c-1352-4c5c-8e69-c4f6ad0b3e62
Server 799bb1b2-bd8f-49e2-81f8-f7237f0eb223 received client-request: Request { kind: ReserveTicket, customer: 161468ad-4ee3-41dd-9d5c-c88c4d567422, server: None, raw: .. }
Reserved ticket 8468 for customer 161468ad-4ee3-41dd-9d5c-c88c4d567422
Server 799bb1b2-bd8f-49e2-81f8-f7237f0eb223 received client-request: Request { kind: ReserveTicket, customer: c0ba9d0e-32f6-4bdb-a715-3419858c5995, server: None, raw: .. }
Reserved ticket 8467 for customer c0ba9d0e-32f6-4bdb-a715-3419858c5995
Server 799bb1b2-bd8f-49e2-81f8-f7237f0eb223 received client-request: Request { kind: ReserveTicket, customer: b8b059c8-634b-40e7-a9c2-9f2a5495cc7e, server: None, raw: .. }
Reserved ticket 8466 for customer b8b059c8-634b-40e7-a9c2-9f2a5495cc7e
Server 799bb1b2-bd8f-49e2-81f8-f7237f0eb223 received client-request: Request { kind: ReserveTicket, customer: 1cd2d116-9e59-45cb-9723-e98f1f9e0daa, server: None, raw: .. }
Reserved ticket 8465 for customer 1cd2d116-9e59-45cb-9723-e98f1f9e0daa
Server 799bb1b2-bd8f-49e2-81f8-f7237f0eb223 received client-request: Request { kind: ReserveTicket, customer: cafbc681-dc80-4525-9c8c-7664a615a3f4, server: None, raw: .. }
Reserved ticket 8464 for customer cafbc681-dc80-4525-9c8c-7664a615a3f4
Server 799bb1b2-bd8f-49e2-81f8-f7237f0eb223 received client-request: Request { kind: ReserveTicket, customer: f7671b64-dfe1-4172-b2bd-d6f60998a2ad, server: None, raw: .. }
Reserved ticket 8463 for customer f7671b64-dfe1-4172-b2bd-d6f60998a2ad
Server 799bb1b2-bd8f-49e2-81f8-f7237f0eb223 received client-request: Request { kind: ReserveTicket, customer: 522a84d7-50a3-4c1d-b599-23dc4c4fb876, server: None, raw: .. }
Reserved ticket 8462 for customer 522a84d7-50a3-4c1d-b599-23dc4c4fb876
Server 799bb1b2-bd8f-49e2-81f8-f7237f0eb223 received client-request: Request { kind: ReserveTicket, customer: 153081db-565a-428d-8fa8-d324218e0fba, server: None, raw: .. }
Reserved ticket 8461 for customer 153081db-565a-428d-8fa8-d324218e0fba
Server 799bb1b2-bd8f-49e2-81f8-f7237f0eb223 received client-request: Request { kind: ReserveTicket, customer: b29990b5-f5a2-45e7-ab18-57266a35f20a, server: None, raw: .. }
Reserved ticket 8460 for customer b29990b5-f5a2-45e7-ab18-57266a35f20a
Server 799bb1b2-bd8f-49e2-81f8-f7237f0eb223 received client-request: Request { kind: ReserveTicket, customer: 04bf2018-2683-4343-b3cb-ac590520781c, server: None, raw: .. }
Reserved ticket 8459 for customer 04bf2018-2683-4343-b3cb-ac590520781c
Server 799bb1b2-bd8f-49e2-81f8-f7237f0eb223 received client-request: Request { kind: ReserveTicket, customer: bc31f100-e604-4398-8040-6f6f58560d69, server: None, raw: .. }
Reserved ticket 8458 for customer bc31f100-e604-4398-8040-6f6f58560d69
Server 799bb1b2-bd8f-49e2-81f8-f7237f0eb223 received client-request: Request { kind: ReserveTicket, customer: 1cd2fb69-570f-4717-8c0c-55188811683d, server: None, raw: .. }
Reserved ticket 8457 for customer 1cd2fb69-570f-4717-8c0c-55188811683d
Server 799bb1b2-bd8f-49e2-81f8-f7237f0eb223 received client-request: Request { kind: ReserveTicket, customer: cc1945df-6e05-4f12-a674-821585c97369, server: None, raw: .. }
Reserved ticket 8456 for customer cc1945df-6e05-4f12-a674-821585c97369
Server 799bb1b2-bd8f-49e2-81f8-f7237f0eb223 received client-request: Request { kind: ReserveTicket, customer: c947e900-b01f-418a-b19e-f1425688fdff, server: None, raw: .. }
Reserved ticket 8455 for customer c947e900-b01f-418a-b19e-f1425688fdff
Server 799bb1b2-bd8f-49e2-81f8-f7237f0eb223 received client-request: Request { kind: ReserveTicket, customer: 74d1188f-1c4b-404f-aaf4-9b53acc1fb24, server: None, raw: .. }
Reserved ticket 8454 for customer 74d1188f-1c4b-404f-aaf4-9b53acc1fb24
Server 799bb1b2-bd8f-49e2-81f8-f7237f0eb223 received client-request: Request { kind: ReserveTicket, customer: 7dea66d5-a28c-4bd8-b8a3-56f4846decec, server: None, raw: .. }
Reserved ticket 8453 for customer 7dea66d5-a28c-4bd8-b8a3-56f4846decec
Server 799bb1b2-bd8f-49e2-81f8-f7237f0eb223 received client-request: Request { kind: ReserveTicket, customer: 4c593480-292f-4d04-9648-d429c4247b6a, server: None, raw: .. }
Reserved ticket 8452 for customer 4c593480-292f-4d04-9648-d429c4247b6a
Server 799bb1b2-bd8f-49e2-81f8-f7237f0eb223 received client-request: Request { kind: ReserveTicket, customer: d7f3cec2-3aa5-4702-9e6e-62bb029db449, server: None, raw: .. }
Reserved ticket 8451 for customer d7f3cec2-3aa5-4702-9e6e-62bb029db449
Server 799bb1b2-bd8f-49e2-81f8-f7237f0eb223 received client-request: Request { kind: ReserveTicket, customer: 6b905e62-dff9-4793-a9ac-4a873edffa0a, server: None, raw: .. }
Reserved ticket 8450 for customer 6b905e62-dff9-4793-a9ac-4a873edffa0a
Server 65a51e17-fff5-4036-8b94-6db5de4d28d8 received client-request: Request { kind: ReserveTicket, customer: af10df62-14ed-4ec6-b396-d7a1a2752ba5, server: None, raw: .. }
Reserved ticket 8449 for customer af10df62-14ed-4ec6-b396-d7a1a2752ba5
Server 799bb1b2-bd8f-49e2-81f8-f7237f0eb223 received client-request: Request { kind: ReserveTicket, customer: f2b020a7-c55e-451b-b9b8-dba22172617e, server: None, raw: .. }
Reserved ticket 8448 for customer f2b020a7-c55e-451b-b9b8-dba22172617e
Server 799bb1b2-bd8f-49e2-81f8-f7237f0eb223 received client-request: Request { kind: ReserveTicket, customer: 7344ec9d-e1d7-4f4d-b8af-946c7e09680c, server: None, raw: .. }
Reserved ticket 8447 for customer 7344ec9d-e1d7-4f4d-b8af-946c7e09680c
Server 799bb1b2-bd8f-49e2-81f8-f7237f0eb223 received client-request: Request { kind: ReserveTicket, customer: 9be30921-3207-4a3c-bcfc-bceda722e0c3, server: None, raw: .. }
Reserved ticket 8446 for customer 9be30921-3207-4a3c-bcfc-bceda722e0c3
Server 799bb1b2-bd8f-49e2-81f8-f7237f0eb223 received client-request: Request { kind: ReserveTicket, customer: ce3280e1-9e81-4d90-9f13-63f453d54107, server: None, raw: .. }
Reserved ticket 8445 for customer ce3280e1-9e81-4d90-9f13-63f453d54107
Server 799bb1b2-bd8f-49e2-81f8-f7237f0eb223 received client-request: Request { kind: ReserveTicket, customer: b88619fa-ab60-4086-9e98-6194f6a705c0, server: None, raw: .. }
Reserved ticket 8444 for customer b88619fa-ab60-4086-9e98-6194f6a705c0
Server 799bb1b2-bd8f-49e2-81f8-f7237f0eb223 received client-request: Request { kind: ReserveTicket, customer: cfefbc09-32b0-4c96-a569-f286e9e6e742, server: None, raw: .. }
Reserved ticket 8443 for customer cfefbc09-32b0-4c96-a569-f286e9e6e742
Server 799bb1b2-bd8f-49e2-81f8-f7237f0eb223 received client-request: Request { kind: ReserveTicket, customer: d6edcdd1-cfb4-44ce-bcd7-0c32b293dd52, server: None, raw: .. }
Reserved ticket 8442 for customer d6edcdd1-cfb4-44ce-bcd7-0c32b293dd52
Server 799bb1b2-bd8f-49e2-81f8-f7237f0eb223 received client-request: Request { kind: ReserveTicket, customer: 730d40a8-93c8-4e0d-82d3-b3cad6e7a084, server: None, raw: .. }
Reserved ticket 8441 for customer 730d40a8-93c8-4e0d-82d3-b3cad6e7a084
Server 799bb1b2-bd8f-49e2-81f8-f7237f0eb223 received client-request: Request { kind: ReserveTicket, customer: 4e316715-5e30-427c-a063-a9ea2ee17dbe, server: None, raw: .. }
Reserved ticket 8440 for customer 4e316715-5e30-427c-a063-a9ea2ee17dbe
Server 799bb1b2-bd8f-49e2-81f8-f7237f0eb223 received client-request: Request { kind: ReserveTicket, customer: cfd4d845-b6cb-46ed-a974-af0266216366, server: None, raw: .. }
Reserved ticket 8439 for customer cfd4d845-b6cb-46ed-a974-af0266216366
Server 799bb1b2-bd8f-49e2-81f8-f7237f0eb223 received client-request: Request { kind: ReserveTicket, customer: e7257248-6534-46b7-9de8-0e4bcc9fdc98, server: None, raw: .. }
Reserved ticket 8438 for customer e7257248-6534-46b7-9de8-0e4bcc9fdc98
Server 799bb1b2-bd8f-49e2-81f8-f7237f0eb223 received client-request: Request { kind: ReserveTicket, customer: 90b06878-9dd5-4ae1-b5f9-c91e0cc103e8, server: None, raw: .. }
Reserved ticket 8437 for customer 90b06878-9dd5-4ae1-b5f9-c91e0cc103e8
Server 799bb1b2-bd8f-49e2-81f8-f7237f0eb223 received client-request: Request { kind: ReserveTicket, customer: f8b17050-a2d5-4ef4-8ff0-ab4345a78bca, server: None, raw: .. }
Reserved ticket 8436 for customer f8b17050-a2d5-4ef4-8ff0-ab4345a78bca
Server 799bb1b2-bd8f-49e2-81f8-f7237f0eb223 received client-request: Request { kind: ReserveTicket, customer: 953c4489-9eb1-4064-b04a-e544899df931, server: None, raw: .. }
Reserved ticket 8435 for customer 953c4489-9eb1-4064-b04a-e544899df931
Server 799bb1b2-bd8f-49e2-81f8-f7237f0eb223 received client-request: Request { kind: ReserveTicket, customer: 7e81526d-cf3a-49a5-8534-5693ffba7a3a, server: None, raw: .. }
Reserved ticket 8434 for customer 7e81526d-cf3a-49a5-8534-5693ffba7a3a
Server 799bb1b2-bd8f-49e2-81f8-f7237f0eb223 received client-request: Request { kind: ReserveTicket, customer: cbb4561e-a86a-43eb-a264-ceef41205c4c, server: None, raw: .. }
Reserved ticket 8433 for customer cbb4561e-a86a-43eb-a264-ceef41205c4c
Server 799bb1b2-bd8f-49e2-81f8-f7237f0eb223 received client-request: Request { kind: ReserveTicket, customer: 19c3d725-b9e2-40b3-b104-9ef4445ac053, server: None, raw: .. }
Reserved ticket 8432 for customer 19c3d725-b9e2-40b3-b104-9ef4445ac053
Server 799bb1b2-bd8f-49e2-81f8-f7237f0eb223 received client-request: Request { kind: ReserveTicket, customer: 09fc7480-8f2b-4836-80b3-5022b201e8b4, server: None, raw: .. }
Reserved ticket 8431 for customer 09fc7480-8f2b-4836-80b3-5022b201e8b4
Server 799bb1b2-bd8f-49e2-81f8-f7237f0eb223 received client-request: Request { kind: ReserveTicket, customer: 1013e7ed-1561-4349-8465-a0c972e9fa53, server: None, raw: .. }
Reserved ticket 8430 for customer 1013e7ed-1561-4349-8465-a0c972e9fa53
Server 65a51e17-fff5-4036-8b94-6db5de4d28d8 received client-request: Request { kind: ReserveTicket, customer: 0963f7e9-ebae-47c5-81f9-c247e5455c60, server: None, raw: .. }
Reserved ticket 8429 for customer 0963f7e9-ebae-47c5-81f9-c247e5455c60
Server 799bb1b2-bd8f-49e2-81f8-f7237f0eb223 received client-request: Request { kind: ReserveTicket, customer: bcccbfcb-4b7b-47a0-a730-011f8b0a7541, server: None, raw: .. }
Reserved ticket 8428 for customer bcccbfcb-4b7b-47a0-a730-011f8b0a7541
Server 799bb1b2-bd8f-49e2-81f8-f7237f0eb223 received client-request: Request { kind: ReserveTicket, customer: 3fac4ace-bbf8-4503-80f8-4191848dafac, server: None, raw: .. }
Reserved ticket 8427 for customer 3fac4ace-bbf8-4503-80f8-4191848dafac
Server 799bb1b2-bd8f-49e2-81f8-f7237f0eb223 received client-request: Request { kind: ReserveTicket, customer: d84f1092-b0ea-4b3c-8ce8-06b226be1b05, server: None, raw: .. }
Reserved ticket 8426 for customer d84f1092-b0ea-4b3c-8ce8-06b226be1b05
Server 799bb1b2-bd8f-49e2-81f8-f7237f0eb223 received client-request: Request { kind: ReserveTicket, customer: 72e42b4a-5d5e-4946-b0b7-33494be1d88c, server: None, raw: .. }
Reserved ticket 8425 for customer 72e42b4a-5d5e-4946-b0b7-33494be1d88c
Server 799bb1b2-bd8f-49e2-81f8-f7237f0eb223 received client-request: Request { kind: ReserveTicket, customer: 8e456a3b-22db-443d-96b9-37f8e5d50bc8, server: None, raw: .. }
Reserved ticket 8424 for customer 8e456a3b-22db-443d-96b9-37f8e5d50bc8
Server 799bb1b2-bd8f-49e2-81f8-f7237f0eb223 received client-request: Request { kind: ReserveTicket, customer: a6c9e1f2-aed0-4a9d-9405-d27a6e3b7a52, server: None, raw: .. }
Reserved ticket 8423 for customer a6c9e1f2-aed0-4a9d-9405-d27a6e3b7a52
Server 799bb1b2-bd8f-49e2-81f8-f7237f0eb223 received client-request: Request { kind: ReserveTicket, customer: f94d3ff4-7c8e-4b22-ad6f-aa82fe804864, server: None, raw: .. }
Reserved ticket 8422 for customer f94d3ff4-7c8e-4b22-ad6f-aa82fe804864
Server 799bb1b2-bd8f-49e2-81f8-f7237f0eb223 received client-request: Request { kind: ReserveTicket, customer: 4a487001-81d8-4f3e-9333-8705c1aec606, server: None, raw: .. }
Reserved ticket 8421 for customer 4a487001-81d8-4f3e-9333-8705c1aec606
Server 799bb1b2-bd8f-49e2-81f8-f7237f0eb223 received client-request: Request { kind: ReserveTicket, customer: 6ddcac86-8e30-46cc-8d9e-56c60420c1af, server: None, raw: .. }
Reserved ticket 8420 for customer 6ddcac86-8e30-46cc-8d9e-56c60420c1af
Server 799bb1b2-bd8f-49e2-81f8-f7237f0eb223 received client-request: Request { kind: ReserveTicket, customer: d3a4692f-2a52-44e3-b058-abd3c7dd4abf, server: None, raw: .. }
Reserved ticket 8419 for customer d3a4692f-2a52-44e3-b058-abd3c7dd4abf
Server 799bb1b2-bd8f-49e2-81f8-f7237f0eb223 received client-request: Request { kind: ReserveTicket, customer: 43b7236d-2f7b-4ae6-a3be-04992db6c902, server: None, raw: .. }
Reserved ticket 8418 for customer 43b7236d-2f7b-4ae6-a3be-04992db6c902
Server 799bb1b2-bd8f-49e2-81f8-f7237f0eb223 received client-request: Request { kind: ReserveTicket, customer: 5f6b07ad-7be4-42dd-96f3-1e160588141f, server: None, raw: .. }
Reserved ticket 8417 for customer 5f6b07ad-7be4-42dd-96f3-1e160588141f
Server 799bb1b2-bd8f-49e2-81f8-f7237f0eb223 received client-request: Request { kind: ReserveTicket, customer: 53df2af9-bebe-4993-883e-793329d70692, server: None, raw: .. }
Reserved ticket 8416 for customer 53df2af9-bebe-4993-883e-793329d70692
Server 799bb1b2-bd8f-49e2-81f8-f7237f0eb223 received client-request: Request { kind: ReserveTicket, customer: 05948c2b-66e8-483a-ae28-803f8fcfb10f, server: None, raw: .. }
Reserved ticket 8415 for customer 05948c2b-66e8-483a-ae28-803f8fcfb10f
Server 799bb1b2-bd8f-49e2-81f8-f7237f0eb223 received client-request: Request { kind: ReserveTicket, customer: 43006bf7-fc0c-45c5-87a1-c7651dd10754, server: None, raw: .. }
Reserved ticket 8414 for customer 43006bf7-fc0c-45c5-87a1-c7651dd10754
Server 799bb1b2-bd8f-49e2-81f8-f7237f0eb223 received client-request: Request { kind: ReserveTicket, customer: c5c8969b-fe9b-4a89-9e89-333944a9a920, server: None, raw: .. }
Reserved ticket 8413 for customer c5c8969b-fe9b-4a89-9e89-333944a9a920
Server 799bb1b2-bd8f-49e2-81f8-f7237f0eb223 received client-request: Request { kind: ReserveTicket, customer: c265d595-2d90-41c6-935b-3bb9976fa252, server: None, raw: .. }
Reserved ticket 8412 for customer c265d595-2d90-41c6-935b-3bb9976fa252
Server 799bb1b2-bd8f-49e2-81f8-f7237f0eb223 received client-request: Request { kind: ReserveTicket, customer: 826474de-d9d4-441d-aedf-6f543af029a7, server: None, raw: .. }
Reserved ticket 8411 for customer 826474de-d9d4-441d-aedf-6f543af029a7
Server 799bb1b2-bd8f-49e2-81f8-f7237f0eb223 received client-request: Request { kind: ReserveTicket, customer: 9bec1b07-bcdd-43a6-a14e-8abebf3e7953, server: None, raw: .. }
Reserved ticket 8410 for customer 9bec1b07-bcdd-43a6-a14e-8abebf3e7953
Server 65a51e17-fff5-4036-8b94-6db5de4d28d8 received client-request: Request { kind: ReserveTicket, customer: fe3b2911-5cec-4278-857f-b7dd9f21a350, server: None, raw: .. }
Reserved ticket 8409 for customer fe3b2911-5cec-4278-857f-b7dd9f21a350
Server 799bb1b2-bd8f-49e2-81f8-f7237f0eb223 received client-request: Request { kind: ReserveTicket, customer: 4bf069bf-c7b8-4d70-a083-a767fe88d94f, server: None, raw: .. }
Reserved ticket 8408 for customer 4bf069bf-c7b8-4d70-a083-a767fe88d94f
Server 799bb1b2-bd8f-49e2-81f8-f7237f0eb223 received client-request: Request { kind: ReserveTicket, customer: a8ca0ce8-9a8f-4286-a7c7-e901a8b17e70, server: None, raw: .. }
Reserved ticket 8407 for customer a8ca0ce8-9a8f-4286-a7c7-e901a8b17e70
Server 799bb1b2-bd8f-49e2-81f8-f7237f0eb223 received client-request: Request { kind: ReserveTicket, customer: edbec8f0-c165-4eb0-89a7-a57ba20bcb7d, server: None, raw: .. }
Reserved ticket 8406 for customer edbec8f0-c165-4eb0-89a7-a57ba20bcb7d
Server 799bb1b2-bd8f-49e2-81f8-f7237f0eb223 received client-request: Request { kind: ReserveTicket, customer: f39eb5e8-0d9e-4032-9ea0-29f8fce0c4de, server: None, raw: .. }
Reserved ticket 8405 for customer f39eb5e8-0d9e-4032-9ea0-29f8fce0c4de
Server 799bb1b2-bd8f-49e2-81f8-f7237f0eb223 received client-request: Request { kind: ReserveTicket, customer: 61e0eca1-6e15-4664-882a-e05d144e3294, server: None, raw: .. }
Reserved ticket 8404 for customer 61e0eca1-6e15-4664-882a-e05d144e3294
Server 799bb1b2-bd8f-49e2-81f8-f7237f0eb223 received client-request: Request { kind: ReserveTicket, customer: 3b7a0e32-295e-43ba-b23b-dc3cbfd00f80, server: None, raw: .. }
Reserved ticket 8403 for customer 3b7a0e32-295e-43ba-b23b-dc3cbfd00f80
Server 799bb1b2-bd8f-49e2-81f8-f7237f0eb223 received client-request: Request { kind: ReserveTicket, customer: d3dd11c4-8d93-4c76-baac-4e39e8c45a2d, server: None, raw: .. }
Reserved ticket 8402 for customer d3dd11c4-8d93-4c76-baac-4e39e8c45a2d
Server 799bb1b2-bd8f-49e2-81f8-f7237f0eb223 received client-request: Request { kind: ReserveTicket, customer: 1eea3ad7-70fb-4d6a-9fcf-129cf8e6d043, server: None, raw: .. }
Reserved ticket 8401 for customer 1eea3ad7-70fb-4d6a-9fcf-129cf8e6d043
Server 799bb1b2-bd8f-49e2-81f8-f7237f0eb223 received client-request: Request { kind: ReserveTicket, customer: 7202e431-f8aa-4adf-a5a3-6827f8d8ba09, server: None, raw: .. }
Reserved ticket 8400 for customer 7202e431-f8aa-4adf-a5a3-6827f8d8ba09
Server 799bb1b2-bd8f-49e2-81f8-f7237f0eb223 received client-request: Request { kind: ReserveTicket, customer: 15fc5dac-4408-4110-939c-149e161698bd, server: None, raw: .. }
Reserved ticket 8399 for customer 15fc5dac-4408-4110-939c-149e161698bd
Server 799bb1b2-bd8f-49e2-81f8-f7237f0eb223 received client-request: Request { kind: ReserveTicket, customer: 62befaaa-5fb6-4b2f-9d4b-293f5e5952da, server: None, raw: .. }
Reserved ticket 8398 for customer 62befaaa-5fb6-4b2f-9d4b-293f5e5952da
Server 799bb1b2-bd8f-49e2-81f8-f7237f0eb223 received client-request: Request { kind: ReserveTicket, customer: 62522e6a-cedc-4d6d-97fe-e0488012a1ca, server: None, raw: .. }
Reserved ticket 8397 for customer 62522e6a-cedc-4d6d-97fe-e0488012a1ca
Server 799bb1b2-bd8f-49e2-81f8-f7237f0eb223 received client-request: Request { kind: ReserveTicket, customer: c6ca666c-84c7-4be8-bec6-2c16f651137f, server: None, raw: .. }
Reserved ticket 8396 for customer c6ca666c-84c7-4be8-bec6-2c16f651137f
Server 799bb1b2-bd8f-49e2-81f8-f7237f0eb223 received client-request: Request { kind: ReserveTicket, customer: 742528db-c93a-468d-a460-2d912add064e, server: None, raw: .. }
Reserved ticket 8395 for customer 742528db-c93a-468d-a460-2d912add064e
Server 799bb1b2-bd8f-49e2-81f8-f7237f0eb223 received client-request: Request { kind: ReserveTicket, customer: 06ac04d8-5132-4f5b-abfc-b8427c7b7903, server: None, raw: .. }
Reserved ticket 8394 for customer 06ac04d8-5132-4f5b-abfc-b8427c7b7903
Server 799bb1b2-bd8f-49e2-81f8-f7237f0eb223 received client-request: Request { kind: ReserveTicket, customer: 5e34a01a-39fc-4456-9f93-90f083f6f74a, server: None, raw: .. }
Reserved ticket 8393 for customer 5e34a01a-39fc-4456-9f93-90f083f6f74a
Server 799bb1b2-bd8f-49e2-81f8-f7237f0eb223 received client-request: Request { kind: ReserveTicket, customer: 5da5be91-88f3-492c-b600-edc233222b0c, server: None, raw: .. }
Reserved ticket 8392 for customer 5da5be91-88f3-492c-b600-edc233222b0c
Server 799bb1b2-bd8f-49e2-81f8-f7237f0eb223 received client-request: Request { kind: ReserveTicket, customer: 01700607-f03a-4654-9910-1f09e44cbb16, server: None, raw: .. }
Reserved ticket 8391 for customer 01700607-f03a-4654-9910-1f09e44cbb16
Server 799bb1b2-bd8f-49e2-81f8-f7237f0eb223 received client-request: Request { kind: ReserveTicket, customer: 4c7b26a7-0791-4ca7-9281-5e3fcd80533c, server: None, raw: .. }
Reserved ticket 8390 for customer 4c7b26a7-0791-4ca7-9281-5e3fcd80533c
Server 65a51e17-fff5-4036-8b94-6db5de4d28d8 received client-request: Request { kind: ReserveTicket, customer: ab0bb444-581b-47a7-ab5e-392d613c29bc, server: None, raw: .. }
Reserved ticket 8389 for customer ab0bb444-581b-47a7-ab5e-392d613c29bc
Server 799bb1b2-bd8f-49e2-81f8-f7237f0eb223 received client-request: Request { kind: ReserveTicket, customer: f2e3ad5b-4cec-43f7-9481-fd5d0db48166, server: None, raw: .. }
Reserved ticket 8388 for customer f2e3ad5b-4cec-43f7-9481-fd5d0db48166
Server 799bb1b2-bd8f-49e2-81f8-f7237f0eb223 received client-request: Request { kind: ReserveTicket, customer: a2852af5-e9ea-4b35-bdec-83b2084011ea, server: None, raw: .. }
Reserved ticket 8387 for customer a2852af5-e9ea-4b35-bdec-83b2084011ea
Server 799bb1b2-bd8f-49e2-81f8-f7237f0eb223 received client-request: Request { kind: ReserveTicket, customer: 15a87822-5f27-4a74-af00-8a93ed287f9c, server: None, raw: .. }
Reserved ticket 8386 for customer 15a87822-5f27-4a74-af00-8a93ed287f9c
Server 799bb1b2-bd8f-49e2-81f8-f7237f0eb223 received client-request: Request { kind: ReserveTicket, customer: c7006522-73c2-4446-ba52-17647b0f1565, server: None, raw: .. }
Reserved ticket 8385 for customer c7006522-73c2-4446-ba52-17647b0f1565
Server 799bb1b2-bd8f-49e2-81f8-f7237f0eb223 received client-request: Request { kind: ReserveTicket, customer: f8f704f6-09ca-4d35-95a7-ba0835a0e06d, server: None, raw: .. }
Reserved ticket 8384 for customer f8f704f6-09ca-4d35-95a7-ba0835a0e06d
Server 799bb1b2-bd8f-49e2-81f8-f7237f0eb223 received client-request: Request { kind: ReserveTicket, customer: 38924651-4f65-4d46-b81c-fa09483ba30c, server: None, raw: .. }
Reserved ticket 8383 for customer 38924651-4f65-4d46-b81c-fa09483ba30c
Server 799bb1b2-bd8f-49e2-81f8-f7237f0eb223 received client-request: Request { kind: ReserveTicket, customer: 3c2bdc35-e7bf-41d8-8e05-91275056f325, server: None, raw: .. }
Reserved ticket 8382 for customer 3c2bdc35-e7bf-41d8-8e05-91275056f325
Server 799bb1b2-bd8f-49e2-81f8-f7237f0eb223 received client-request: Request { kind: ReserveTicket, customer: 1cb8655f-f954-4ddf-9e6f-dabffda9df26, server: None, raw: .. }
Reserved ticket 8381 for customer 1cb8655f-f954-4ddf-9e6f-dabffda9df26
Server 799bb1b2-bd8f-49e2-81f8-f7237f0eb223 received client-request: Request { kind: ReserveTicket, customer: 7781263c-38c2-44dd-9df9-7b0dd822cb3c, server: None, raw: .. }
Reserved ticket 8380 for customer 7781263c-38c2-44dd-9df9-7b0dd822cb3c
Server 799bb1b2-bd8f-49e2-81f8-f7237f0eb223 received client-request: Request { kind: ReserveTicket, customer: 323962bb-99ea-4ec6-b819-4acdab5935a7, server: None, raw: .. }
Reserved ticket 8379 for customer 323962bb-99ea-4ec6-b819-4acdab5935a7
Server 799bb1b2-bd8f-49e2-81f8-f7237f0eb223 received client-request: Request { kind: ReserveTicket, customer: 62530f2d-6903-4538-81bc-bac024741962, server: None, raw: .. }
Reserved ticket 8378 for customer 62530f2d-6903-4538-81bc-bac024741962
Server 799bb1b2-bd8f-49e2-81f8-f7237f0eb223 received client-request: Request { kind: ReserveTicket, customer: 6c4dc55c-3bb7-48fb-ab1a-36d483264485, server: None, raw: .. }
Reserved ticket 8377 for customer 6c4dc55c-3bb7-48fb-ab1a-36d483264485
Server 799bb1b2-bd8f-49e2-81f8-f7237f0eb223 received client-request: Request { kind: ReserveTicket, customer: fc04ccdd-0dd0-42e0-8e12-085eca4d45f5, server: None, raw: .. }
Reserved ticket 8376 for customer fc04ccdd-0dd0-42e0-8e12-085eca4d45f5
Server 799bb1b2-bd8f-49e2-81f8-f7237f0eb223 received client-request: Request { kind: ReserveTicket, customer: c8b79511-5108-45bd-9c0e-576d523797b6, server: None, raw: .. }
Reserved ticket 8375 for customer c8b79511-5108-45bd-9c0e-576d523797b6
Server 799bb1b2-bd8f-49e2-81f8-f7237f0eb223 received client-request: Request { kind: ReserveTicket, customer: 3e12cd51-e873-458d-b4e6-61a406eedde4, server: None, raw: .. }
Reserved ticket 8374 for customer 3e12cd51-e873-458d-b4e6-61a406eedde4
Server 799bb1b2-bd8f-49e2-81f8-f7237f0eb223 received client-request: Request { kind: ReserveTicket, customer: 1c3f0137-caa5-455d-baa9-9e1b15017e15, server: None, raw: .. }
Reserved ticket 8373 for customer 1c3f0137-caa5-455d-baa9-9e1b15017e15
Server 799bb1b2-bd8f-49e2-81f8-f7237f0eb223 received client-request: Request { kind: ReserveTicket, customer: 59342683-6fad-4263-ac6e-b50159f52973, server: None, raw: .. }
Reserved ticket 8372 for customer 59342683-6fad-4263-ac6e-b50159f52973
Server 799bb1b2-bd8f-49e2-81f8-f7237f0eb223 received client-request: Request { kind: ReserveTicket, customer: d8e646aa-0d90-4916-9a40-d0a0a456a2d6, server: None, raw: .. }
Reserved ticket 8371 for customer d8e646aa-0d90-4916-9a40-d0a0a456a2d6
Server 799bb1b2-bd8f-49e2-81f8-f7237f0eb223 received client-request: Request { kind: ReserveTicket, customer: a0f4337f-c405-49ad-9f0c-eabe6d68a8b0, server: None, raw: .. }
Reserved ticket 8370 for customer a0f4337f-c405-49ad-9f0c-eabe6d68a8b0
Server 65a51e17-fff5-4036-8b94-6db5de4d28d8 received client-request: Request { kind: ReserveTicket, customer: 8cbd85d6-43d6-4030-aab8-b82fc6cf79c7, server: None, raw: .. }
Reserved ticket 8369 for customer 8cbd85d6-43d6-4030-aab8-b82fc6cf79c7
Server 799bb1b2-bd8f-49e2-81f8-f7237f0eb223 received client-request: Request { kind: ReserveTicket, customer: 5728a120-66df-46f7-9775-ca102413fbf7, server: None, raw: .. }
Reserved ticket 8368 for customer 5728a120-66df-46f7-9775-ca102413fbf7
Server 799bb1b2-bd8f-49e2-81f8-f7237f0eb223 received client-request: Request { kind: ReserveTicket, customer: 1a735e2c-37ac-473d-bd2c-e85ca569c444, server: None, raw: .. }
Reserved ticket 8367 for customer 1a735e2c-37ac-473d-bd2c-e85ca569c444
Server 799bb1b2-bd8f-49e2-81f8-f7237f0eb223 received client-request: Request { kind: ReserveTicket, customer: 9d435980-523c-4ae6-8ae7-a0396fd4c5a9, server: None, raw: .. }
Reserved ticket 8366 for customer 9d435980-523c-4ae6-8ae7-a0396fd4c5a9
Server 799bb1b2-bd8f-49e2-81f8-f7237f0eb223 received client-request: Request { kind: ReserveTicket, customer: fb6d1a6e-e0b2-45cf-a6dd-5be59319ce41, server: None, raw: .. }
Reserved ticket 8365 for customer fb6d1a6e-e0b2-45cf-a6dd-5be59319ce41
Server 799bb1b2-bd8f-49e2-81f8-f7237f0eb223 received client-request: Request { kind: ReserveTicket, customer: d149503b-8e0b-45f4-a518-7e215cb5adcc, server: None, raw: .. }
Reserved ticket 8364 for customer d149503b-8e0b-45f4-a518-7e215cb5adcc
Server 799bb1b2-bd8f-49e2-81f8-f7237f0eb223 received client-request: Request { kind: ReserveTicket, customer: 070fb3a1-1ca9-4612-8790-d90459197dc7, server: None, raw: .. }
Reserved ticket 8363 for customer 070fb3a1-1ca9-4612-8790-d90459197dc7
Server 799bb1b2-bd8f-49e2-81f8-f7237f0eb223 received client-request: Request { kind: ReserveTicket, customer: 44355e18-34f3-480a-aa2b-78c4df7f5371, server: None, raw: .. }
Reserved ticket 8362 for customer 44355e18-34f3-480a-aa2b-78c4df7f5371
Server 799bb1b2-bd8f-49e2-81f8-f7237f0eb223 received client-request: Request { kind: ReserveTicket, customer: 9da4be34-6667-421b-b0c9-11c74653ded9, server: None, raw: .. }
Reserved ticket 8361 for customer 9da4be34-6667-421b-b0c9-11c74653ded9
Server 799bb1b2-bd8f-49e2-81f8-f7237f0eb223 received client-request: Request { kind: ReserveTicket, customer: a65a4cfc-7c2a-4e6c-b02a-5ffe040ab39c, server: None, raw: .. }
Reserved ticket 8360 for customer a65a4cfc-7c2a-4e6c-b02a-5ffe040ab39c
Server 799bb1b2-bd8f-49e2-81f8-f7237f0eb223 received client-request: Request { kind: ReserveTicket, customer: be9e5506-64a1-416f-b5a3-c15ad52fb1d5, server: None, raw: .. }
Reserved ticket 8359 for customer be9e5506-64a1-416f-b5a3-c15ad52fb1d5
Server 799bb1b2-bd8f-49e2-81f8-f7237f0eb223 received client-request: Request { kind: ReserveTicket, customer: f0e59caf-4cec-4815-b8f9-be2c67aa7c94, server: None, raw: .. }
Reserved ticket 8358 for customer f0e59caf-4cec-4815-b8f9-be2c67aa7c94
Server 799bb1b2-bd8f-49e2-81f8-f7237f0eb223 received client-request: Request { kind: ReserveTicket, customer: 771ca5ba-4f15-4823-a927-472059ffa29c, server: None, raw: .. }
Reserved ticket 8357 for customer 771ca5ba-4f15-4823-a927-472059ffa29c
Server 799bb1b2-bd8f-49e2-81f8-f7237f0eb223 received client-request: Request { kind: ReserveTicket, customer: 3af553ed-244d-4a20-8eb0-bcee426f0b8b, server: None, raw: .. }
Reserved ticket 8356 for customer 3af553ed-244d-4a20-8eb0-bcee426f0b8b
Server 799bb1b2-bd8f-49e2-81f8-f7237f0eb223 received client-request: Request { kind: ReserveTicket, customer: dfb786b7-971d-48d3-8130-ff7e40ffaa9d, server: None, raw: .. }
Reserved ticket 8355 for customer dfb786b7-971d-48d3-8130-ff7e40ffaa9d
Server 799bb1b2-bd8f-49e2-81f8-f7237f0eb223 received client-request: Request { kind: ReserveTicket, customer: 39b33046-4457-4124-a807-898714e18216, server: None, raw: .. }
Reserved ticket 8354 for customer 39b33046-4457-4124-a807-898714e18216
Server 799bb1b2-bd8f-49e2-81f8-f7237f0eb223 received client-request: Request { kind: ReserveTicket, customer: 336b5c43-8f36-48ff-8faf-7cecdfc461a5, server: None, raw: .. }
Reserved ticket 8353 for customer 336b5c43-8f36-48ff-8faf-7cecdfc461a5
Server 799bb1b2-bd8f-49e2-81f8-f7237f0eb223 received client-request: Request { kind: ReserveTicket, customer: f3937358-69b8-49af-b8ae-00965ef7e33b, server: None, raw: .. }
Reserved ticket 8352 for customer f3937358-69b8-49af-b8ae-00965ef7e33b
Server 799bb1b2-bd8f-49e2-81f8-f7237f0eb223 received client-request: Request { kind: ReserveTicket, customer: 7844658b-48cb-4c9c-aafb-88cf191c8f2b, server: None, raw: .. }
Reserved ticket 8351 for customer 7844658b-48cb-4c9c-aafb-88cf191c8f2b
Server 799bb1b2-bd8f-49e2-81f8-f7237f0eb223 received client-request: Request { kind: ReserveTicket, customer: 75417fb5-f1ef-4fc3-8a89-49d624967e44, server: None, raw: .. }
Reserved ticket 8350 for customer 75417fb5-f1ef-4fc3-8a89-49d624967e44
Server 65a51e17-fff5-4036-8b94-6db5de4d28d8 received client-request: Request { kind: ReserveTicket, customer: d572a690-abe1-45df-8c3a-76eddbb7e40a, server: None, raw: .. }
Reserved ticket 8349 for customer d572a690-abe1-45df-8c3a-76eddbb7e40a
Server 799bb1b2-bd8f-49e2-81f8-f7237f0eb223 received client-request: Request { kind: ReserveTicket, customer: fc7716ed-5a47-45c8-af1a-a6174ae6a997, server: None, raw: .. }
Reserved ticket 8348 for customer fc7716ed-5a47-45c8-af1a-a6174ae6a997
Server 799bb1b2-bd8f-49e2-81f8-f7237f0eb223 received client-request: Request { kind: ReserveTicket, customer: bf019df6-15de-4ea5-bea3-c86ec0f84497, server: None, raw: .. }
Reserved ticket 8347 for customer bf019df6-15de-4ea5-bea3-c86ec0f84497
Server 799bb1b2-bd8f-49e2-81f8-f7237f0eb223 received client-request: Request { kind: ReserveTicket, customer: 5f139136-93d8-4131-b590-e0a81747f30a, server: None, raw: .. }
Reserved ticket 8346 for customer 5f139136-93d8-4131-b590-e0a81747f30a
Server 799bb1b2-bd8f-49e2-81f8-f7237f0eb223 received client-request: Request { kind: ReserveTicket, customer: 311a80f4-48e7-45d3-85b3-e70351819ea1, server: None, raw: .. }
Reserved ticket 8345 for customer 311a80f4-48e7-45d3-85b3-e70351819ea1
Server 799bb1b2-bd8f-49e2-81f8-f7237f0eb223 received client-request: Request { kind: ReserveTicket, customer: f69d9eb8-14fa-4e5f-990c-c9e3bca44e4c, server: None, raw: .. }
Reserved ticket 8344 for customer f69d9eb8-14fa-4e5f-990c-c9e3bca44e4c
Server 799bb1b2-bd8f-49e2-81f8-f7237f0eb223 received client-request: Request { kind: ReserveTicket, customer: 2763387f-1a7e-4222-884a-441cad0f0905, server: None, raw: .. }
Reserved ticket 8343 for customer 2763387f-1a7e-4222-884a-441cad0f0905
Server 799bb1b2-bd8f-49e2-81f8-f7237f0eb223 received client-request: Request { kind: ReserveTicket, customer: d05bafd1-84a9-4efb-9ca7-4323178d494b, server: None, raw: .. }
Reserved ticket 8342 for customer d05bafd1-84a9-4efb-9ca7-4323178d494b
Server 799bb1b2-bd8f-49e2-81f8-f7237f0eb223 received client-request: Request { kind: ReserveTicket, customer: fa752372-4850-4dcb-879f-8da3eaeee8c1, server: None, raw: .. }
Reserved ticket 8341 for customer fa752372-4850-4dcb-879f-8da3eaeee8c1
Server 799bb1b2-bd8f-49e2-81f8-f7237f0eb223 received client-request: Request { kind: ReserveTicket, customer: 0e51c1b9-3795-4c45-bc78-bc4a0bfcca22, server: None, raw: .. }
Reserved ticket 8340 for customer 0e51c1b9-3795-4c45-bc78-bc4a0bfcca22
Server 799bb1b2-bd8f-49e2-81f8-f7237f0eb223 received client-request: Request { kind: ReserveTicket, customer: 633a24f7-f82c-4ff8-96a6-f9dfcdf82f52, server: None, raw: .. }
Reserved ticket 8339 for customer 633a24f7-f82c-4ff8-96a6-f9dfcdf82f52
Server 799bb1b2-bd8f-49e2-81f8-f7237f0eb223 received client-request: Request { kind: ReserveTicket, customer: 31418764-64bf-42be-94ba-07afad991401, server: None, raw: .. }
Reserved ticket 8338 for customer 31418764-64bf-42be-94ba-07afad991401
Server 799bb1b2-bd8f-49e2-81f8-f7237f0eb223 received client-request: Request { kind: ReserveTicket, customer: 796145b4-29db-4f4e-833b-7b2c26ebca5d, server: None, raw: .. }
Reserved ticket 8337 for customer 796145b4-29db-4f4e-833b-7b2c26ebca5d
Server 799bb1b2-bd8f-49e2-81f8-f7237f0eb223 received client-request: Request { kind: ReserveTicket, customer: c7abf31b-d7aa-4cd8-9609-06ad4c5c51af, server: None, raw: .. }
Reserved ticket 8336 for customer c7abf31b-d7aa-4cd8-9609-06ad4c5c51af
Server 799bb1b2-bd8f-49e2-81f8-f7237f0eb223 received client-request: Request { kind: ReserveTicket, customer: 4b7f451a-cb8b-47af-9bc5-5c9e7bf3646a, server: None, raw: .. }
Reserved ticket 8335 for customer 4b7f451a-cb8b-47af-9bc5-5c9e7bf3646a
Server 799bb1b2-bd8f-49e2-81f8-f7237f0eb223 received client-request: Request { kind: ReserveTicket, customer: a51a6f98-f58c-4af7-bcab-e78c1071028d, server: None, raw: .. }
Reserved ticket 8334 for customer a51a6f98-f58c-4af7-bcab-e78c1071028d
Server 799bb1b2-bd8f-49e2-81f8-f7237f0eb223 received client-request: Request { kind: ReserveTicket, customer: 4c33f29c-1b0f-4b64-a450-f2645ec4b7c2, server: None, raw: .. }
Reserved ticket 8333 for customer 4c33f29c-1b0f-4b64-a450-f2645ec4b7c2
Server 799bb1b2-bd8f-49e2-81f8-f7237f0eb223 received client-request: Request { kind: ReserveTicket, customer: 36f3e0d8-8ec6-4573-9cf3-d2bd74076395, server: None, raw: .. }
Reserved ticket 8332 for customer 36f3e0d8-8ec6-4573-9cf3-d2bd74076395
Server 799bb1b2-bd8f-49e2-81f8-f7237f0eb223 received client-request: Request { kind: ReserveTicket, customer: a55adb47-28ca-4adb-bb4f-92b457924600, server: None, raw: .. }
Reserved ticket 8331 for customer a55adb47-28ca-4adb-bb4f-92b457924600
Server 799bb1b2-bd8f-49e2-81f8-f7237f0eb223 received client-request: Request { kind: ReserveTicket, customer: 493dc1a5-1e73-46ad-908f-3a5c4cc45f45, server: None, raw: .. }
Reserved ticket 8330 for customer 493dc1a5-1e73-46ad-908f-3a5c4cc45f45
Server 65a51e17-fff5-4036-8b94-6db5de4d28d8 received client-request: Request { kind: ReserveTicket, customer: d0f7a8ea-a805-4ac8-8603-0b86ca8086a5, server: None, raw: .. }
Reserved ticket 8329 for customer d0f7a8ea-a805-4ac8-8603-0b86ca8086a5
Server 799bb1b2-bd8f-49e2-81f8-f7237f0eb223 received client-request: Request { kind: ReserveTicket, customer: 5e5425ec-3355-4a2c-a925-eb8c0e955f72, server: None, raw: .. }
Reserved ticket 8328 for customer 5e5425ec-3355-4a2c-a925-eb8c0e955f72
Server 799bb1b2-bd8f-49e2-81f8-f7237f0eb223 received client-request: Request { kind: ReserveTicket, customer: e5106de9-d941-4d13-b804-da2220ad2979, server: None, raw: .. }
Reserved ticket 8327 for customer e5106de9-d941-4d13-b804-da2220ad2979
Server 799bb1b2-bd8f-49e2-81f8-f7237f0eb223 received client-request: Request { kind: ReserveTicket, customer: a2bb5a49-278d-4011-8feb-45490360a0b9, server: None, raw: .. }
Reserved ticket 8326 for customer a2bb5a49-278d-4011-8feb-45490360a0b9
Server 799bb1b2-bd8f-49e2-81f8-f7237f0eb223 received client-request: Request { kind: ReserveTicket, customer: 96bc2efd-6b93-4994-aaac-a98bef067272, server: None, raw: .. }
Reserved ticket 8325 for customer 96bc2efd-6b93-4994-aaac-a98bef067272
Server 799bb1b2-bd8f-49e2-81f8-f7237f0eb223 received client-request: Request { kind: ReserveTicket, customer: 6878746c-c7dc-4d98-8380-fee1905f9bb9, server: None, raw: .. }
Reserved ticket 8324 for customer 6878746c-c7dc-4d98-8380-fee1905f9bb9
Server 799bb1b2-bd8f-49e2-81f8-f7237f0eb223 received client-request: Request { kind: ReserveTicket, customer: eece5076-a5ac-4fba-a955-65d38ccf3849, server: None, raw: .. }
Reserved ticket 8323 for customer eece5076-a5ac-4fba-a955-65d38ccf3849
Server 799bb1b2-bd8f-49e2-81f8-f7237f0eb223 received client-request: Request { kind: ReserveTicket, customer: d87124ac-fa48-495b-ab5e-bf85e5670736, server: None, raw: .. }
Reserved ticket 8322 for customer d87124ac-fa48-495b-ab5e-bf85e5670736
Server 799bb1b2-bd8f-49e2-81f8-f7237f0eb223 received client-request: Request { kind: ReserveTicket, customer: f230534e-cbcb-45aa-a050-4c2c8d8e28c0, server: None, raw: .. }
Reserved ticket 8321 for customer f230534e-cbcb-45aa-a050-4c2c8d8e28c0
Server 799bb1b2-bd8f-49e2-81f8-f7237f0eb223 received client-request: Request { kind: ReserveTicket, customer: 044e07e9-7749-4e62-807f-6cf7280d58f6, server: None, raw: .. }
Reserved ticket 8320 for customer 044e07e9-7749-4e62-807f-6cf7280d58f6
Server 799bb1b2-bd8f-49e2-81f8-f7237f0eb223 received client-request: Request { kind: ReserveTicket, customer: 41905c94-c3d6-4da8-a88e-d9bfaae4b6c0, server: None, raw: .. }
Reserved ticket 8319 for customer 41905c94-c3d6-4da8-a88e-d9bfaae4b6c0
Server 799bb1b2-bd8f-49e2-81f8-f7237f0eb223 received client-request: Request { kind: ReserveTicket, customer: 0a76b658-75d2-4b79-9642-50aadcb7b0e5, server: None, raw: .. }
Reserved ticket 8318 for customer 0a76b658-75d2-4b79-9642-50aadcb7b0e5
Server 799bb1b2-bd8f-49e2-81f8-f7237f0eb223 received client-request: Request { kind: ReserveTicket, customer: 21403813-bf00-4454-927a-fa3c7d9997ae, server: None, raw: .. }
Reserved ticket 8317 for customer 21403813-bf00-4454-927a-fa3c7d9997ae
Server 799bb1b2-bd8f-49e2-81f8-f7237f0eb223 received client-request: Request { kind: ReserveTicket, customer: 1036fe0c-7ae2-4b19-9f74-e827277e2226, server: None, raw: .. }
Reserved ticket 8316 for customer 1036fe0c-7ae2-4b19-9f74-e827277e2226
Server 799bb1b2-bd8f-49e2-81f8-f7237f0eb223 received client-request: Request { kind: ReserveTicket, customer: 44fb0a0a-2cbf-49b2-b8c1-556b410d9085, server: None, raw: .. }
Reserved ticket 8315 for customer 44fb0a0a-2cbf-49b2-b8c1-556b410d9085
Server 799bb1b2-bd8f-49e2-81f8-f7237f0eb223 received client-request: Request { kind: ReserveTicket, customer: 15e6b6ce-21ae-47ea-8540-b8d9910229db, server: None, raw: .. }
Reserved ticket 8314 for customer 15e6b6ce-21ae-47ea-8540-b8d9910229db
Server 799bb1b2-bd8f-49e2-81f8-f7237f0eb223 received client-request: Request { kind: ReserveTicket, customer: f9190a12-b3bc-4a0d-917d-3814d3942f5d, server: None, raw: .. }
Reserved ticket 8313 for customer f9190a12-b3bc-4a0d-917d-3814d3942f5d
Server 799bb1b2-bd8f-49e2-81f8-f7237f0eb223 received client-request: Request { kind: ReserveTicket, customer: 375bb0da-129e-4b86-8444-a917691d54eb, server: None, raw: .. }
Reserved ticket 8312 for customer 375bb0da-129e-4b86-8444-a917691d54eb
Server 799bb1b2-bd8f-49e2-81f8-f7237f0eb223 received client-request: Request { kind: ReserveTicket, customer: 3246e7f3-7f94-4d3b-ae7f-1b47159ffb35, server: None, raw: .. }
Reserved ticket 8311 for customer 3246e7f3-7f94-4d3b-ae7f-1b47159ffb35
Server 799bb1b2-bd8f-49e2-81f8-f7237f0eb223 received client-request: Request { kind: ReserveTicket, customer: 365fb604-87c5-4a35-b267-8cce1ccaf88f, server: None, raw: .. }
Reserved ticket 8310 for customer 365fb604-87c5-4a35-b267-8cce1ccaf88f
Server 65a51e17-fff5-4036-8b94-6db5de4d28d8 received client-request: Request { kind: ReserveTicket, customer: f21c77d3-8a99-4249-b667-a770cba8f9db, server: None, raw: .. }
Reserved ticket 8309 for customer f21c77d3-8a99-4249-b667-a770cba8f9db
Server 799bb1b2-bd8f-49e2-81f8-f7237f0eb223 received client-request: Request { kind: ReserveTicket, customer: a16a064d-747b-464b-889e-d2d2457a6ced, server: None, raw: .. }
Reserved ticket 8308 for customer a16a064d-747b-464b-889e-d2d2457a6ced
Server 799bb1b2-bd8f-49e2-81f8-f7237f0eb223 received client-request: Request { kind: ReserveTicket, customer: 08772b1b-865d-4834-9d47-4fbb2ef57d56, server: None, raw: .. }
Reserved ticket 8307 for customer 08772b1b-865d-4834-9d47-4fbb2ef57d56
Server 799bb1b2-bd8f-49e2-81f8-f7237f0eb223 received client-request: Request { kind: ReserveTicket, customer: 5749c5e8-c52f-4e32-bc24-cd342605ff72, server: None, raw: .. }
Reserved ticket 8306 for customer 5749c5e8-c52f-4e32-bc24-cd342605ff72
Server 799bb1b2-bd8f-49e2-81f8-f7237f0eb223 received client-request: Request { kind: ReserveTicket, customer: 9d3b3794-4195-4c33-9b77-3096a9620c8e, server: None, raw: .. }
Reserved ticket 8305 for customer 9d3b3794-4195-4c33-9b77-3096a9620c8e
Server 799bb1b2-bd8f-49e2-81f8-f7237f0eb223 received client-request: Request { kind: ReserveTicket, customer: 18dd771d-7fef-4158-94d3-15e53de8b505, server: None, raw: .. }
Reserved ticket 8304 for customer 18dd771d-7fef-4158-94d3-15e53de8b505
Server 799bb1b2-bd8f-49e2-81f8-f7237f0eb223 received client-request: Request { kind: ReserveTicket, customer: 3f9823f5-b924-4f46-a888-614d753dbb2f, server: None, raw: .. }
Reserved ticket 8303 for customer 3f9823f5-b924-4f46-a888-614d753dbb2f
Server 799bb1b2-bd8f-49e2-81f8-f7237f0eb223 received client-request: Request { kind: ReserveTicket, customer: 95262e4d-c41f-40f6-82f8-696f8af22663, server: None, raw: .. }
Reserved ticket 8302 for customer 95262e4d-c41f-40f6-82f8-696f8af22663
Server 799bb1b2-bd8f-49e2-81f8-f7237f0eb223 received client-request: Request { kind: ReserveTicket, customer: cec4fe4b-1b87-4e4b-ba44-d5cb445a6e0e, server: None, raw: .. }
Reserved ticket 8301 for customer cec4fe4b-1b87-4e4b-ba44-d5cb445a6e0e
Server 799bb1b2-bd8f-49e2-81f8-f7237f0eb223 received client-request: Request { kind: ReserveTicket, customer: d6ea6334-0687-42cc-aa88-151a5cecbaa0, server: None, raw: .. }
Reserved ticket 8300 for customer d6ea6334-0687-42cc-aa88-151a5cecbaa0
Server 799bb1b2-bd8f-49e2-81f8-f7237f0eb223 received client-request: Request { kind: ReserveTicket, customer: b3e1338b-4da0-4cee-aa57-356e15c6dfff, server: None, raw: .. }
Reserved ticket 8299 for customer b3e1338b-4da0-4cee-aa57-356e15c6dfff
Server 799bb1b2-bd8f-49e2-81f8-f7237f0eb223 received client-request: Request { kind: ReserveTicket, customer: 1a0d4415-3ae3-4c5c-8587-4029b6574c1c, server: None, raw: .. }
Reserved ticket 8298 for customer 1a0d4415-3ae3-4c5c-8587-4029b6574c1c
Server 799bb1b2-bd8f-49e2-81f8-f7237f0eb223 received client-request: Request { kind: ReserveTicket, customer: f09a73c6-068b-4ab7-a905-5f992dbe1abd, server: None, raw: .. }
Reserved ticket 8297 for customer f09a73c6-068b-4ab7-a905-5f992dbe1abd
Server 799bb1b2-bd8f-49e2-81f8-f7237f0eb223 received client-request: Request { kind: ReserveTicket, customer: b5faedf2-5f05-4d86-8442-d766fdfe2219, server: None, raw: .. }
Reserved ticket 8296 for customer b5faedf2-5f05-4d86-8442-d766fdfe2219
Server 799bb1b2-bd8f-49e2-81f8-f7237f0eb223 received client-request: Request { kind: ReserveTicket, customer: 89cc54d5-6a01-42e2-a88f-11df292f4e48, server: None, raw: .. }
Reserved ticket 8295 for customer 89cc54d5-6a01-42e2-a88f-11df292f4e48
Server 799bb1b2-bd8f-49e2-81f8-f7237f0eb223 received client-request: Request { kind: ReserveTicket, customer: a4bf4365-fbfc-4495-8a07-29c2723a199e, server: None, raw: .. }
Reserved ticket 8294 for customer a4bf4365-fbfc-4495-8a07-29c2723a199e
Server 799bb1b2-bd8f-49e2-81f8-f7237f0eb223 received client-request: Request { kind: ReserveTicket, customer: 9da7bc08-ae41-40e2-b00a-bee28269dcd1, server: None, raw: .. }
Reserved ticket 8293 for customer 9da7bc08-ae41-40e2-b00a-bee28269dcd1
Server 799bb1b2-bd8f-49e2-81f8-f7237f0eb223 received client-request: Request { kind: ReserveTicket, customer: 3db4bb55-e983-4e27-a0a1-d6ac47866a1a, server: None, raw: .. }
Reserved ticket 8292 for customer 3db4bb55-e983-4e27-a0a1-d6ac47866a1a
Server 799bb1b2-bd8f-49e2-81f8-f7237f0eb223 received client-request: Request { kind: ReserveTicket, customer: 461fb272-0ee7-4c72-85ae-ad99a472fe74, server: None, raw: .. }
Reserved ticket 8291 for customer 461fb272-0ee7-4c72-85ae-ad99a472fe74
Server 799bb1b2-bd8f-49e2-81f8-f7237f0eb223 received client-request: Request { kind: ReserveTicket, customer: 8ebdb873-06ce-4fd7-b962-6505b1d638e7, server: None, raw: .. }
Reserved ticket 8290 for customer 8ebdb873-06ce-4fd7-b962-6505b1d638e7
Server 65a51e17-fff5-4036-8b94-6db5de4d28d8 received client-request: Request { kind: ReserveTicket, customer: a8eea148-d5c7-4c81-9076-7b67ccf610f5, server: None, raw: .. }
Reserved ticket 8289 for customer a8eea148-d5c7-4c81-9076-7b67ccf610f5
Server 799bb1b2-bd8f-49e2-81f8-f7237f0eb223 received client-request: Request { kind: ReserveTicket, customer: a0a3a573-68c8-4477-8a28-2ad4b282b0b3, server: None, raw: .. }
Reserved ticket 8288 for customer a0a3a573-68c8-4477-8a28-2ad4b282b0b3
Server 799bb1b2-bd8f-49e2-81f8-f7237f0eb223 received client-request: Request { kind: ReserveTicket, customer: ff50d4ce-a34f-4258-821c-c587ce1adf9b, server: None, raw: .. }
Reserved ticket 8287 for customer ff50d4ce-a34f-4258-821c-c587ce1adf9b
Server 799bb1b2-bd8f-49e2-81f8-f7237f0eb223 received client-request: Request { kind: ReserveTicket, customer: f2bbfacb-14e3-4175-982a-e658aefe3039, server: None, raw: .. }
Reserved ticket 8286 for customer f2bbfacb-14e3-4175-982a-e658aefe3039
Server 799bb1b2-bd8f-49e2-81f8-f7237f0eb223 received client-request: Request { kind: ReserveTicket, customer: 4e8d3cba-87bd-4d71-bf0f-3387fdc97b78, server: None, raw: .. }
Reserved ticket 8285 for customer 4e8d3cba-87bd-4d71-bf0f-3387fdc97b78
Server 799bb1b2-bd8f-49e2-81f8-f7237f0eb223 received client-request: Request { kind: ReserveTicket, customer: 0d1ef966-0f08-471d-86a1-7c455d245301, server: None, raw: .. }
Reserved ticket 8284 for customer 0d1ef966-0f08-471d-86a1-7c455d245301
Server 799bb1b2-bd8f-49e2-81f8-f7237f0eb223 received client-request: Request { kind: ReserveTicket, customer: 79c39ea4-0ebe-4a35-ac79-66baed5c2c52, server: None, raw: .. }
Reserved ticket 8283 for customer 79c39ea4-0ebe-4a35-ac79-66baed5c2c52
Server 799bb1b2-bd8f-49e2-81f8-f7237f0eb223 received client-request: Request { kind: ReserveTicket, customer: b4b5784b-3cd6-4108-8bfd-8d6a242f395f, server: None, raw: .. }
Reserved ticket 8282 for customer b4b5784b-3cd6-4108-8bfd-8d6a242f395f
Server 799bb1b2-bd8f-49e2-81f8-f7237f0eb223 received client-request: Request { kind: ReserveTicket, customer: 2ba5a92a-af8b-490b-af61-bcd75cb60a60, server: None, raw: .. }
Reserved ticket 8281 for customer 2ba5a92a-af8b-490b-af61-bcd75cb60a60
Server 799bb1b2-bd8f-49e2-81f8-f7237f0eb223 received client-request: Request { kind: ReserveTicket, customer: 0516efc3-7ba8-46ca-a42e-bb1574af9e4c, server: None, raw: .. }
Reserved ticket 8280 for customer 0516efc3-7ba8-46ca-a42e-bb1574af9e4c
Server 799bb1b2-bd8f-49e2-81f8-f7237f0eb223 received client-request: Request { kind: ReserveTicket, customer: db4978df-026b-4de3-9fd8-73703c3b2cfe, server: None, raw: .. }
Reserved ticket 8279 for customer db4978df-026b-4de3-9fd8-73703c3b2cfe
Server 799bb1b2-bd8f-49e2-81f8-f7237f0eb223 received client-request: Request { kind: ReserveTicket, customer: 37e08134-8fbf-4c6d-ae2e-8e4ddf5606ab, server: None, raw: .. }
Reserved ticket 8278 for customer 37e08134-8fbf-4c6d-ae2e-8e4ddf5606ab
Server 799bb1b2-bd8f-49e2-81f8-f7237f0eb223 received client-request: Request { kind: ReserveTicket, customer: 0c0b4f6d-18ea-4e49-9774-e3c5d2e75e82, server: None, raw: .. }
Reserved ticket 8277 for customer 0c0b4f6d-18ea-4e49-9774-e3c5d2e75e82
Server 799bb1b2-bd8f-49e2-81f8-f7237f0eb223 received client-request: Request { kind: ReserveTicket, customer: 5c265b0e-e90f-45d7-b53f-1ebe4e82ef42, server: None, raw: .. }
Reserved ticket 8276 for customer 5c265b0e-e90f-45d7-b53f-1ebe4e82ef42
Server 799bb1b2-bd8f-49e2-81f8-f7237f0eb223 received client-request: Request { kind: ReserveTicket, customer: d7eaa3d1-b872-41fa-8575-336ff8238d61, server: None, raw: .. }
Reserved ticket 8275 for customer d7eaa3d1-b872-41fa-8575-336ff8238d61
Server 799bb1b2-bd8f-49e2-81f8-f7237f0eb223 received client-request: Request { kind: ReserveTicket, customer: aa3e5c7c-adcd-46e8-bcbd-97629e175909, server: None, raw: .. }
Reserved ticket 8274 for customer aa3e5c7c-adcd-46e8-bcbd-97629e175909
Server 799bb1b2-bd8f-49e2-81f8-f7237f0eb223 received client-request: Request { kind: ReserveTicket, customer: 6c67ac34-75a9-4d4c-a765-edadeecdd382, server: None, raw: .. }
Reserved ticket 8273 for customer 6c67ac34-75a9-4d4c-a765-edadeecdd382
Server 799bb1b2-bd8f-49e2-81f8-f7237f0eb223 received client-request: Request { kind: ReserveTicket, customer: 7792e256-058a-4dd4-8d0c-bbf7d66c8aa8, server: None, raw: .. }
Reserved ticket 8272 for customer 7792e256-058a-4dd4-8d0c-bbf7d66c8aa8
Server 799bb1b2-bd8f-49e2-81f8-f7237f0eb223 received client-request: Request { kind: ReserveTicket, customer: 01c29f2c-f097-434b-a3c2-6793c23bac57, server: None, raw: .. }
Reserved ticket 8271 for customer 01c29f2c-f097-434b-a3c2-6793c23bac57
Server 799bb1b2-bd8f-49e2-81f8-f7237f0eb223 received client-request: Request { kind: ReserveTicket, customer: f3508915-e095-4814-b45e-9f26aa78ab69, server: None, raw: .. }
Reserved ticket 8270 for customer f3508915-e095-4814-b45e-9f26aa78ab69
Server 65a51e17-fff5-4036-8b94-6db5de4d28d8 received client-request: Request { kind: ReserveTicket, customer: 6c9f5ade-7a2c-40f7-9e88-11f55ffcd83c, server: None, raw: .. }
Reserved ticket 8269 for customer 6c9f5ade-7a2c-40f7-9e88-11f55ffcd83c
Server 799bb1b2-bd8f-49e2-81f8-f7237f0eb223 received client-request: Request { kind: ReserveTicket, customer: 54849408-7d4f-4042-977e-4c4dbd213319, server: None, raw: .. }
Reserved ticket 8268 for customer 54849408-7d4f-4042-977e-4c4dbd213319
Server 799bb1b2-bd8f-49e2-81f8-f7237f0eb223 received client-request: Request { kind: ReserveTicket, customer: 705fe1d7-f4af-42fb-bb18-03bd87e96e33, server: None, raw: .. }
Reserved ticket 8267 for customer 705fe1d7-f4af-42fb-bb18-03bd87e96e33
Server 799bb1b2-bd8f-49e2-81f8-f7237f0eb223 received client-request: Request { kind: ReserveTicket, customer: a148eadd-d6a5-4c4a-a0ba-56209d8c0563, server: None, raw: .. }
Reserved ticket 8266 for customer a148eadd-d6a5-4c4a-a0ba-56209d8c0563
Server 799bb1b2-bd8f-49e2-81f8-f7237f0eb223 received client-request: Request { kind: ReserveTicket, customer: eef41df7-daa3-46a3-91a3-5bcbde8bc6fc, server: None, raw: .. }
Reserved ticket 8265 for customer eef41df7-daa3-46a3-91a3-5bcbde8bc6fc
Server 799bb1b2-bd8f-49e2-81f8-f7237f0eb223 received client-request: Request { kind: ReserveTicket, customer: 20e71fc2-299e-475c-adca-fc42bebfccb7, server: None, raw: .. }
Reserved ticket 8264 for customer 20e71fc2-299e-475c-adca-fc42bebfccb7
Server 799bb1b2-bd8f-49e2-81f8-f7237f0eb223 received client-request: Request { kind: ReserveTicket, customer: 193f35e4-8fed-4118-a10e-5661ce1a563f, server: None, raw: .. }
Reserved ticket 8263 for customer 193f35e4-8fed-4118-a10e-5661ce1a563f
Server 799bb1b2-bd8f-49e2-81f8-f7237f0eb223 received client-request: Request { kind: ReserveTicket, customer: f3dcefee-f707-4abf-a9e3-74710719d13d, server: None, raw: .. }
Reserved ticket 8262 for customer f3dcefee-f707-4abf-a9e3-74710719d13d
Server 799bb1b2-bd8f-49e2-81f8-f7237f0eb223 received client-request: Request { kind: ReserveTicket, customer: 8ee8b3b6-e9ae-4d71-bdb2-ba0420bd7187, server: None, raw: .. }
Reserved ticket 8261 for customer 8ee8b3b6-e9ae-4d71-bdb2-ba0420bd7187
Server 799bb1b2-bd8f-49e2-81f8-f7237f0eb223 received client-request: Request { kind: ReserveTicket, customer: 3beb96c8-13ae-43b8-a48b-f64ebeac4997, server: None, raw: .. }
Reserved ticket 8260 for customer 3beb96c8-13ae-43b8-a48b-f64ebeac4997
Server 799bb1b2-bd8f-49e2-81f8-f7237f0eb223 received client-request: Request { kind: ReserveTicket, customer: 6fd7c8da-6da6-4bf2-8195-9afa9c87ff36, server: None, raw: .. }
Reserved ticket 8259 for customer 6fd7c8da-6da6-4bf2-8195-9afa9c87ff36
Server 799bb1b2-bd8f-49e2-81f8-f7237f0eb223 received client-request: Request { kind: ReserveTicket, customer: 7eb48b2c-bc56-4846-886e-07bd46ffa6f1, server: None, raw: .. }
Reserved ticket 8258 for customer 7eb48b2c-bc56-4846-886e-07bd46ffa6f1
Server 799bb1b2-bd8f-49e2-81f8-f7237f0eb223 received client-request: Request { kind: ReserveTicket, customer: c427dee2-46e5-4a11-b17e-5b1899ea0c12, server: None, raw: .. }
Reserved ticket 8257 for customer c427dee2-46e5-4a11-b17e-5b1899ea0c12
Server 799bb1b2-bd8f-49e2-81f8-f7237f0eb223 received client-request: Request { kind: ReserveTicket, customer: f6020add-101b-4129-ac2c-18cacf13255f, server: None, raw: .. }
Reserved ticket 8256 for customer f6020add-101b-4129-ac2c-18cacf13255f
Server 799bb1b2-bd8f-49e2-81f8-f7237f0eb223 received client-request: Request { kind: ReserveTicket, customer: bd64e475-23dd-4921-8350-4ded93f8a76a, server: None, raw: .. }
Reserved ticket 8255 for customer bd64e475-23dd-4921-8350-4ded93f8a76a
Server 799bb1b2-bd8f-49e2-81f8-f7237f0eb223 received client-request: Request { kind: ReserveTicket, customer: 5ba06b7a-ff03-4ba5-a47b-121e688560ff, server: None, raw: .. }
Reserved ticket 8254 for customer 5ba06b7a-ff03-4ba5-a47b-121e688560ff
Server 799bb1b2-bd8f-49e2-81f8-f7237f0eb223 received client-request: Request { kind: ReserveTicket, customer: 94132af7-cb75-406b-b007-5e4b08812891, server: None, raw: .. }
Reserved ticket 8253 for customer 94132af7-cb75-406b-b007-5e4b08812891
Server 799bb1b2-bd8f-49e2-81f8-f7237f0eb223 received client-request: Request { kind: ReserveTicket, customer: 4c08074e-47a7-4af8-bd52-2be704b0954c, server: None, raw: .. }
Reserved ticket 8252 for customer 4c08074e-47a7-4af8-bd52-2be704b0954c
Server 799bb1b2-bd8f-49e2-81f8-f7237f0eb223 received client-request: Request { kind: ReserveTicket, customer: 8ec2fb9c-46c7-4fcc-ac4a-ddd542fc64dd, server: None, raw: .. }
Reserved ticket 8251 for customer 8ec2fb9c-46c7-4fcc-ac4a-ddd542fc64dd
Server 799bb1b2-bd8f-49e2-81f8-f7237f0eb223 received client-request: Request { kind: ReserveTicket, customer: 9a5dadc1-ddab-4021-999c-ba1b0c5d9910, server: None, raw: .. }
Reserved ticket 8250 for customer 9a5dadc1-ddab-4021-999c-ba1b0c5d9910
Server 65a51e17-fff5-4036-8b94-6db5de4d28d8 received client-request: Request { kind: ReserveTicket, customer: 89f77110-da10-4ec5-a66b-d7dc589febfd, server: None, raw: .. }
Reserved ticket 8249 for customer 89f77110-da10-4ec5-a66b-d7dc589febfd
Server 799bb1b2-bd8f-49e2-81f8-f7237f0eb223 received client-request: Request { kind: ReserveTicket, customer: 94c2e350-a40f-4230-a2f3-54661566a7fa, server: None, raw: .. }
Reserved ticket 8248 for customer 94c2e350-a40f-4230-a2f3-54661566a7fa
Server 799bb1b2-bd8f-49e2-81f8-f7237f0eb223 received client-request: Request { kind: ReserveTicket, customer: c42909ca-6ed7-4bb5-85d2-3ce4a4de7eb7, server: None, raw: .. }
Reserved ticket 8247 for customer c42909ca-6ed7-4bb5-85d2-3ce4a4de7eb7
Server 799bb1b2-bd8f-49e2-81f8-f7237f0eb223 received client-request: Request { kind: ReserveTicket, customer: d4acd609-093a-47b7-8f6b-6e92bc19797e, server: None, raw: .. }
Reserved ticket 8246 for customer d4acd609-093a-47b7-8f6b-6e92bc19797e
Server 799bb1b2-bd8f-49e2-81f8-f7237f0eb223 received client-request: Request { kind: ReserveTicket, customer: fadf9d5d-582b-4a69-8549-66bfe6063165, server: None, raw: .. }
Reserved ticket 8245 for customer fadf9d5d-582b-4a69-8549-66bfe6063165
Server 799bb1b2-bd8f-49e2-81f8-f7237f0eb223 received client-request: Request { kind: ReserveTicket, customer: 98dab50b-1337-4151-8ae7-2ab368ca5bff, server: None, raw: .. }
Reserved ticket 8244 for customer 98dab50b-1337-4151-8ae7-2ab368ca5bff
Server 799bb1b2-bd8f-49e2-81f8-f7237f0eb223 received client-request: Request { kind: ReserveTicket, customer: 0f59bfab-5b4e-4860-9b9d-81a8c7294f9d, server: None, raw: .. }
Reserved ticket 8243 for customer 0f59bfab-5b4e-4860-9b9d-81a8c7294f9d
Server 799bb1b2-bd8f-49e2-81f8-f7237f0eb223 received client-request: Request { kind: ReserveTicket, customer: deef8f31-8ebe-441b-a038-31b282d04358, server: None, raw: .. }
Reserved ticket 8242 for customer deef8f31-8ebe-441b-a038-31b282d04358
Server 799bb1b2-bd8f-49e2-81f8-f7237f0eb223 received client-request: Request { kind: ReserveTicket, customer: 76a9548f-1cdf-4b0c-a19b-7547f8cfacdf, server: None, raw: .. }
Reserved ticket 8241 for customer 76a9548f-1cdf-4b0c-a19b-7547f8cfacdf
Server 799bb1b2-bd8f-49e2-81f8-f7237f0eb223 received client-request: Request { kind: ReserveTicket, customer: 9d32168a-6e1c-4a0b-9ef6-e56a6bae4acb, server: None, raw: .. }
Reserved ticket 8240 for customer 9d32168a-6e1c-4a0b-9ef6-e56a6bae4acb
Server 799bb1b2-bd8f-49e2-81f8-f7237f0eb223 received client-request: Request { kind: ReserveTicket, customer: 2b84abaf-866e-4499-8bc0-91aa1657c73e, server: None, raw: .. }
Reserved ticket 8239 for customer 2b84abaf-866e-4499-8bc0-91aa1657c73e
Server 799bb1b2-bd8f-49e2-81f8-f7237f0eb223 received client-request: Request { kind: ReserveTicket, customer: 98cc1f4e-627b-4c94-b018-3f1f1b7cc391, server: None, raw: .. }
Reserved ticket 8238 for customer 98cc1f4e-627b-4c94-b018-3f1f1b7cc391
Server 799bb1b2-bd8f-49e2-81f8-f7237f0eb223 received client-request: Request { kind: ReserveTicket, customer: a8e66ef3-c588-45dc-8615-623ce95a07cc, server: None, raw: .. }
Reserved ticket 8237 for customer a8e66ef3-c588-45dc-8615-623ce95a07cc
Server 799bb1b2-bd8f-49e2-81f8-f7237f0eb223 received client-request: Request { kind: ReserveTicket, customer: 751272ed-3aaf-494a-b36b-c3c7d2690682, server: None, raw: .. }
Reserved ticket 8236 for customer 751272ed-3aaf-494a-b36b-c3c7d2690682
Server 799bb1b2-bd8f-49e2-81f8-f7237f0eb223 received client-request: Request { kind: ReserveTicket, customer: 327cf8e3-9bdc-4977-949c-f0a76ff30d98, server: None, raw: .. }
Reserved ticket 8235 for customer 327cf8e3-9bdc-4977-949c-f0a76ff30d98
Server 799bb1b2-bd8f-49e2-81f8-f7237f0eb223 received client-request: Request { kind: ReserveTicket, customer: 4be5b8e3-9c61-4064-8655-aaa6a90fa297, server: None, raw: .. }
Reserved ticket 8234 for customer 4be5b8e3-9c61-4064-8655-aaa6a90fa297
Server 799bb1b2-bd8f-49e2-81f8-f7237f0eb223 received client-request: Request { kind: ReserveTicket, customer: 90eb908a-4d66-4c1f-ae29-6d8cc40946ee, server: None, raw: .. }
Reserved ticket 8233 for customer 90eb908a-4d66-4c1f-ae29-6d8cc40946ee
Server 799bb1b2-bd8f-49e2-81f8-f7237f0eb223 received client-request: Request { kind: ReserveTicket, customer: 9c59cabf-8cb5-451e-9586-db966ee4a475, server: None, raw: .. }
Reserved ticket 8232 for customer 9c59cabf-8cb5-451e-9586-db966ee4a475
Server 799bb1b2-bd8f-49e2-81f8-f7237f0eb223 received client-request: Request { kind: ReserveTicket, customer: 4fcaf53b-314c-45a0-9f45-dca38fd5581f, server: None, raw: .. }
Reserved ticket 8231 for customer 4fcaf53b-314c-45a0-9f45-dca38fd5581f
Server 799bb1b2-bd8f-49e2-81f8-f7237f0eb223 received client-request: Request { kind: ReserveTicket, customer: 6c1e25f6-bdd7-4811-b827-d04455fb8fb8, server: None, raw: .. }
Reserved ticket 8230 for customer 6c1e25f6-bdd7-4811-b827-d04455fb8fb8
Server 65a51e17-fff5-4036-8b94-6db5de4d28d8 received client-request: Request { kind: ReserveTicket, customer: 56def6df-033c-400b-923e-111568c9a6cb, server: None, raw: .. }
Reserved ticket 8229 for customer 56def6df-033c-400b-923e-111568c9a6cb
Server 799bb1b2-bd8f-49e2-81f8-f7237f0eb223 received client-request: Request { kind: ReserveTicket, customer: f2224533-862e-45c9-bab7-d01ad3834e76, server: None, raw: .. }
Reserved ticket 8228 for customer f2224533-862e-45c9-bab7-d01ad3834e76
Server 799bb1b2-bd8f-49e2-81f8-f7237f0eb223 received client-request: Request { kind: ReserveTicket, customer: d3c0a109-2750-493f-8abe-89a4abba837c, server: None, raw: .. }
Reserved ticket 8227 for customer d3c0a109-2750-493f-8abe-89a4abba837c
Server 799bb1b2-bd8f-49e2-81f8-f7237f0eb223 received client-request: Request { kind: ReserveTicket, customer: 7157b403-de62-4ecb-b6b3-f552033be88b, server: None, raw: .. }
Reserved ticket 8226 for customer 7157b403-de62-4ecb-b6b3-f552033be88b
Server 799bb1b2-bd8f-49e2-81f8-f7237f0eb223 received client-request: Request { kind: ReserveTicket, customer: 9c33fd12-c2b3-4dd9-b81e-80d5b656de82, server: None, raw: .. }
Reserved ticket 8225 for customer 9c33fd12-c2b3-4dd9-b81e-80d5b656de82
Server 799bb1b2-bd8f-49e2-81f8-f7237f0eb223 received client-request: Request { kind: ReserveTicket, customer: 728dbb8d-6d65-4aae-92b5-93c51a671eee, server: None, raw: .. }
Reserved ticket 8224 for customer 728dbb8d-6d65-4aae-92b5-93c51a671eee
Server 799bb1b2-bd8f-49e2-81f8-f7237f0eb223 received client-request: Request { kind: ReserveTicket, customer: 1c0b4058-3d52-4242-aa2c-3262f166bd1b, server: None, raw: .. }
Reserved ticket 8223 for customer 1c0b4058-3d52-4242-aa2c-3262f166bd1b
Server 799bb1b2-bd8f-49e2-81f8-f7237f0eb223 received client-request: Request { kind: ReserveTicket, customer: 26f8eb1c-b885-4e46-84a5-a6bb9003e2c1, server: None, raw: .. }
Reserved ticket 8222 for customer 26f8eb1c-b885-4e46-84a5-a6bb9003e2c1
Server 799bb1b2-bd8f-49e2-81f8-f7237f0eb223 received client-request: Request { kind: ReserveTicket, customer: 95b0e841-0df0-4d46-807e-50a044a3fe7f, server: None, raw: .. }
Reserved ticket 8221 for customer 95b0e841-0df0-4d46-807e-50a044a3fe7f
Server 799bb1b2-bd8f-49e2-81f8-f7237f0eb223 received client-request: Request { kind: ReserveTicket, customer: ca1d6469-fc9d-41aa-976a-dff1a4612c9d, server: None, raw: .. }
Reserved ticket 8220 for customer ca1d6469-fc9d-41aa-976a-dff1a4612c9d
Server 799bb1b2-bd8f-49e2-81f8-f7237f0eb223 received client-request: Request { kind: ReserveTicket, customer: b5808c18-de06-4084-8e0e-e9f81e05702b, server: None, raw: .. }
Reserved ticket 8219 for customer b5808c18-de06-4084-8e0e-e9f81e05702b
Server 799bb1b2-bd8f-49e2-81f8-f7237f0eb223 received client-request: Request { kind: ReserveTicket, customer: fea1c27e-1dfc-4ec4-8dd4-247e51992f9a, server: None, raw: .. }
Reserved ticket 8218 for customer fea1c27e-1dfc-4ec4-8dd4-247e51992f9a
Server 799bb1b2-bd8f-49e2-81f8-f7237f0eb223 received client-request: Request { kind: ReserveTicket, customer: 7bc2f25a-3f47-4200-a013-4acb23e7e56e, server: None, raw: .. }
Reserved ticket 8217 for customer 7bc2f25a-3f47-4200-a013-4acb23e7e56e
Server 799bb1b2-bd8f-49e2-81f8-f7237f0eb223 received client-request: Request { kind: ReserveTicket, customer: cff8b60d-83fb-42d6-a25b-67a8287374a6, server: None, raw: .. }
Reserved ticket 8216 for customer cff8b60d-83fb-42d6-a25b-67a8287374a6
Server 799bb1b2-bd8f-49e2-81f8-f7237f0eb223 received client-request: Request { kind: ReserveTicket, customer: 82832ea4-feed-4d7c-8ee2-24b0b11cf2ab, server: None, raw: .. }
Reserved ticket 8215 for customer 82832ea4-feed-4d7c-8ee2-24b0b11cf2ab
Server 799bb1b2-bd8f-49e2-81f8-f7237f0eb223 received client-request: Request { kind: ReserveTicket, customer: 6fa96bc7-a340-4e82-8f51-27bd5b5461dc, server: None, raw: .. }
Reserved ticket 8214 for customer 6fa96bc7-a340-4e82-8f51-27bd5b5461dc
Server 799bb1b2-bd8f-49e2-81f8-f7237f0eb223 received client-request: Request { kind: ReserveTicket, customer: cf08c00f-6f91-43b3-a681-e0445ef48c56, server: None, raw: .. }
Reserved ticket 8213 for customer cf08c00f-6f91-43b3-a681-e0445ef48c56
Server 799bb1b2-bd8f-49e2-81f8-f7237f0eb223 received client-request: Request { kind: ReserveTicket, customer: 20b495ec-9d33-4154-bb8b-21386d54fa27, server: None, raw: .. }
Reserved ticket 8212 for customer 20b495ec-9d33-4154-bb8b-21386d54fa27
Server 799bb1b2-bd8f-49e2-81f8-f7237f0eb223 received client-request: Request { kind: ReserveTicket, customer: 9cd97016-e0f1-4c55-a8b4-28f076f67d71, server: None, raw: .. }
Reserved ticket 8211 for customer 9cd97016-e0f1-4c55-a8b4-28f076f67d71
Server 799bb1b2-bd8f-49e2-81f8-f7237f0eb223 received client-request: Request { kind: ReserveTicket, customer: ff55d71d-aa65-4e27-b2ab-bc596c5c2ad7, server: None, raw: .. }
Reserved ticket 8210 for customer ff55d71d-aa65-4e27-b2ab-bc596c5c2ad7
Server 65a51e17-fff5-4036-8b94-6db5de4d28d8 received client-request: Request { kind: ReserveTicket, customer: 42275790-223e-4445-8bbe-cde89b775429, server: None, raw: .. }
Reserved ticket 8209 for customer 42275790-223e-4445-8bbe-cde89b775429
Server 799bb1b2-bd8f-49e2-81f8-f7237f0eb223 received client-request: Request { kind: ReserveTicket, customer: aa3f4ae2-bf28-496b-b87f-dee18b8f9413, server: None, raw: .. }
Reserved ticket 8208 for customer aa3f4ae2-bf28-496b-b87f-dee18b8f9413
Server 799bb1b2-bd8f-49e2-81f8-f7237f0eb223 received client-request: Request { kind: ReserveTicket, customer: 81918338-88df-4f40-a31b-fce5c1a3a5df, server: None, raw: .. }
Reserved ticket 8207 for customer 81918338-88df-4f40-a31b-fce5c1a3a5df
Server 799bb1b2-bd8f-49e2-81f8-f7237f0eb223 received client-request: Request { kind: ReserveTicket, customer: c3eaabd5-b1cd-40b2-b2a2-ecc53556e765, server: None, raw: .. }
Reserved ticket 8206 for customer c3eaabd5-b1cd-40b2-b2a2-ecc53556e765
Server 799bb1b2-bd8f-49e2-81f8-f7237f0eb223 received client-request: Request { kind: ReserveTicket, customer: 70134795-d57b-4a38-9c24-edab9d37416f, server: None, raw: .. }
Reserved ticket 8205 for customer 70134795-d57b-4a38-9c24-edab9d37416f
Server 799bb1b2-bd8f-49e2-81f8-f7237f0eb223 received client-request: Request { kind: ReserveTicket, customer: 05885c03-958e-4cd5-b2a8-3b37dc993269, server: None, raw: .. }
Reserved ticket 8204 for customer 05885c03-958e-4cd5-b2a8-3b37dc993269
Server 799bb1b2-bd8f-49e2-81f8-f7237f0eb223 received client-request: Request { kind: ReserveTicket, customer: 67c38534-e7c2-46e1-8fa0-f0b6df2dce84, server: None, raw: .. }
Reserved ticket 8203 for customer 67c38534-e7c2-46e1-8fa0-f0b6df2dce84
Server 799bb1b2-bd8f-49e2-81f8-f7237f0eb223 received client-request: Request { kind: ReserveTicket, customer: 18c5d2a3-d9af-442f-bca5-12d14be5958f, server: None, raw: .. }
Reserved ticket 8202 for customer 18c5d2a3-d9af-442f-bca5-12d14be5958f
Server 799bb1b2-bd8f-49e2-81f8-f7237f0eb223 received client-request: Request { kind: ReserveTicket, customer: 7fbd1d6d-6856-4a74-908f-fe55d39f5133, server: None, raw: .. }
Reserved ticket 8201 for customer 7fbd1d6d-6856-4a74-908f-fe55d39f5133
Server 799bb1b2-bd8f-49e2-81f8-f7237f0eb223 received client-request: Request { kind: ReserveTicket, customer: c98ef65d-1813-4f45-b014-cb1df0ef98b7, server: None, raw: .. }
Reserved ticket 8200 for customer c98ef65d-1813-4f45-b014-cb1df0ef98b7
Server 799bb1b2-bd8f-49e2-81f8-f7237f0eb223 received client-request: Request { kind: ReserveTicket, customer: 705e85a4-c4c4-4906-934f-cc6d07d3577c, server: None, raw: .. }
Reserved ticket 8199 for customer 705e85a4-c4c4-4906-934f-cc6d07d3577c
Server 799bb1b2-bd8f-49e2-81f8-f7237f0eb223 received client-request: Request { kind: ReserveTicket, customer: 7ec0065a-7e30-4239-9df5-7a9059a72b51, server: None, raw: .. }
Reserved ticket 8198 for customer 7ec0065a-7e30-4239-9df5-7a9059a72b51
Server 799bb1b2-bd8f-49e2-81f8-f7237f0eb223 received client-request: Request { kind: ReserveTicket, customer: bfa5b365-fa69-4283-85ed-020ab5ccfc0c, server: None, raw: .. }
Reserved ticket 8197 for customer bfa5b365-fa69-4283-85ed-020ab5ccfc0c
Server 799bb1b2-bd8f-49e2-81f8-f7237f0eb223 received client-request: Request { kind: ReserveTicket, customer: 1aa8d7e2-4c50-43ae-8454-bc6b536283ef, server: None, raw: .. }
Reserved ticket 8196 for customer 1aa8d7e2-4c50-43ae-8454-bc6b536283ef
Server 799bb1b2-bd8f-49e2-81f8-f7237f0eb223 received client-request: Request { kind: ReserveTicket, customer: 3ca9aa5d-dba1-429f-9c4c-843768b2b03f, server: None, raw: .. }
Reserved ticket 8195 for customer 3ca9aa5d-dba1-429f-9c4c-843768b2b03f
Server 799bb1b2-bd8f-49e2-81f8-f7237f0eb223 received client-request: Request { kind: ReserveTicket, customer: 20f58de2-307b-4773-95a5-5b73de60a1cf, server: None, raw: .. }
Reserved ticket 8194 for customer 20f58de2-307b-4773-95a5-5b73de60a1cf
Server 799bb1b2-bd8f-49e2-81f8-f7237f0eb223 received client-request: Request { kind: ReserveTicket, customer: c44cc672-4757-479b-b856-77b6cbae1752, server: None, raw: .. }
Reserved ticket 8193 for customer c44cc672-4757-479b-b856-77b6cbae1752
Server 799bb1b2-bd8f-49e2-81f8-f7237f0eb223 received client-request: Request { kind: ReserveTicket, customer: 9467652f-78a2-48fd-a18e-0342b3fa3e68, server: None, raw: .. }
Reserved ticket 8192 for customer 9467652f-78a2-48fd-a18e-0342b3fa3e68
Server 799bb1b2-bd8f-49e2-81f8-f7237f0eb223 received client-request: Request { kind: ReserveTicket, customer: 80c32afe-8b0b-4812-be28-c0490f241368, server: None, raw: .. }
Reserved ticket 8191 for customer 80c32afe-8b0b-4812-be28-c0490f241368
Server 799bb1b2-bd8f-49e2-81f8-f7237f0eb223 received client-request: Request { kind: ReserveTicket, customer: d5c789d5-0c84-4c68-8c30-81226d2ebd0c, server: None, raw: .. }
Reserved ticket 8190 for customer d5c789d5-0c84-4c68-8c30-81226d2ebd0c
Server 65a51e17-fff5-4036-8b94-6db5de4d28d8 received client-request: Request { kind: ReserveTicket, customer: 58b2411c-8a80-4968-8228-81cb4201747d, server: None, raw: .. }
Reserved ticket 8189 for customer 58b2411c-8a80-4968-8228-81cb4201747d
Server 799bb1b2-bd8f-49e2-81f8-f7237f0eb223 received client-request: Request { kind: ReserveTicket, customer: b13cff70-14e5-4e6f-8392-d101792ec064, server: None, raw: .. }
Reserved ticket 8188 for customer b13cff70-14e5-4e6f-8392-d101792ec064
Server 799bb1b2-bd8f-49e2-81f8-f7237f0eb223 received client-request: Request { kind: ReserveTicket, customer: a549c25c-1e99-4b11-b422-eeb056ceb2ae, server: None, raw: .. }
Reserved ticket 8187 for customer a549c25c-1e99-4b11-b422-eeb056ceb2ae
Server 799bb1b2-bd8f-49e2-81f8-f7237f0eb223 received client-request: Request { kind: ReserveTicket, customer: 0c2288dd-1b2e-4a8f-ba28-2b4ba649016b, server: None, raw: .. }
Reserved ticket 8186 for customer 0c2288dd-1b2e-4a8f-ba28-2b4ba649016b
Server 799bb1b2-bd8f-49e2-81f8-f7237f0eb223 received client-request: Request { kind: ReserveTicket, customer: 41f4d912-44f0-42f9-b06e-95213fb20958, server: None, raw: .. }
Reserved ticket 8185 for customer 41f4d912-44f0-42f9-b06e-95213fb20958
Server 799bb1b2-bd8f-49e2-81f8-f7237f0eb223 received client-request: Request { kind: ReserveTicket, customer: 83515e55-5bab-430a-9bda-4ef822ac0ce7, server: None, raw: .. }
Reserved ticket 8184 for customer 83515e55-5bab-430a-9bda-4ef822ac0ce7
Server 799bb1b2-bd8f-49e2-81f8-f7237f0eb223 received client-request: Request { kind: ReserveTicket, customer: 0b90d328-0cc1-4cdc-a893-60b633ca9ff0, server: None, raw: .. }
Reserved ticket 8183 for customer 0b90d328-0cc1-4cdc-a893-60b633ca9ff0
Server 799bb1b2-bd8f-49e2-81f8-f7237f0eb223 received client-request: Request { kind: ReserveTicket, customer: c1753c20-9ff4-481a-b981-e8b114b1eb5a, server: None, raw: .. }
Reserved ticket 8182 for customer c1753c20-9ff4-481a-b981-e8b114b1eb5a
Server 799bb1b2-bd8f-49e2-81f8-f7237f0eb223 received client-request: Request { kind: ReserveTicket, customer: 486b2e2d-e1ff-4c4a-bb0c-b4803f112cd9, server: None, raw: .. }
Reserved ticket 8181 for customer 486b2e2d-e1ff-4c4a-bb0c-b4803f112cd9
Server 799bb1b2-bd8f-49e2-81f8-f7237f0eb223 received client-request: Request { kind: ReserveTicket, customer: ef061e80-7207-4d87-a00a-eaf7dd081718, server: None, raw: .. }
Reserved ticket 8180 for customer ef061e80-7207-4d87-a00a-eaf7dd081718
Server 799bb1b2-bd8f-49e2-81f8-f7237f0eb223 received client-request: Request { kind: ReserveTicket, customer: 13038b3b-7633-4565-8a2c-5ff29fbb65af, server: None, raw: .. }
Reserved ticket 8179 for customer 13038b3b-7633-4565-8a2c-5ff29fbb65af
Server 799bb1b2-bd8f-49e2-81f8-f7237f0eb223 received client-request: Request { kind: ReserveTicket, customer: 20bbfb2a-4802-44e7-bbb4-7de4a7dd6d1f, server: None, raw: .. }
Reserved ticket 8178 for customer 20bbfb2a-4802-44e7-bbb4-7de4a7dd6d1f
Server 799bb1b2-bd8f-49e2-81f8-f7237f0eb223 received client-request: Request { kind: ReserveTicket, customer: 62f5b083-5f88-46ad-938c-db0110beef8f, server: None, raw: .. }
Reserved ticket 8177 for customer 62f5b083-5f88-46ad-938c-db0110beef8f
Server 799bb1b2-bd8f-49e2-81f8-f7237f0eb223 received client-request: Request { kind: ReserveTicket, customer: fd5ec8f4-52c9-4a71-aa0e-6572cb35871d, server: None, raw: .. }
Reserved ticket 8176 for customer fd5ec8f4-52c9-4a71-aa0e-6572cb35871d
Server 799bb1b2-bd8f-49e2-81f8-f7237f0eb223 received client-request: Request { kind: ReserveTicket, customer: a05e6caf-6088-4efa-8f67-debff9ec7735, server: None, raw: .. }
Reserved ticket 8175 for customer a05e6caf-6088-4efa-8f67-debff9ec7735
Server 799bb1b2-bd8f-49e2-81f8-f7237f0eb223 received client-request: Request { kind: ReserveTicket, customer: 0c88d607-93b5-4720-a872-8b63d84fe7ff, server: None, raw: .. }
Reserved ticket 8174 for customer 0c88d607-93b5-4720-a872-8b63d84fe7ff
Server 799bb1b2-bd8f-49e2-81f8-f7237f0eb223 received client-request: Request { kind: ReserveTicket, customer: 7efb2a59-e0a0-4286-a538-41fa61c73945, server: None, raw: .. }
Reserved ticket 8173 for customer 7efb2a59-e0a0-4286-a538-41fa61c73945
Server 799bb1b2-bd8f-49e2-81f8-f7237f0eb223 received client-request: Request { kind: ReserveTicket, customer: 37217508-ac0f-4c7c-a5cb-1f03f2c7052e, server: None, raw: .. }
Reserved ticket 8172 for customer 37217508-ac0f-4c7c-a5cb-1f03f2c7052e
Server 799bb1b2-bd8f-49e2-81f8-f7237f0eb223 received client-request: Request { kind: ReserveTicket, customer: 6b85846a-8086-4ffb-aeb1-dca9f889944a, server: None, raw: .. }
Reserved ticket 8171 for customer 6b85846a-8086-4ffb-aeb1-dca9f889944a
Server 799bb1b2-bd8f-49e2-81f8-f7237f0eb223 received client-request: Request { kind: ReserveTicket, customer: 277d1790-01a6-4dd4-8b3c-6b6aa54929cd, server: None, raw: .. }
Reserved ticket 8170 for customer 277d1790-01a6-4dd4-8b3c-6b6aa54929cd
Server 65a51e17-fff5-4036-8b94-6db5de4d28d8 received client-request: Request { kind: ReserveTicket, customer: a5351781-fd94-4e8c-9d45-3c603f3d29c8, server: None, raw: .. }
Reserved ticket 8169 for customer a5351781-fd94-4e8c-9d45-3c603f3d29c8
Server 799bb1b2-bd8f-49e2-81f8-f7237f0eb223 received client-request: Request { kind: ReserveTicket, customer: bccb321a-69cd-4a1f-8f8b-d4a6dc442ade, server: None, raw: .. }
Reserved ticket 8168 for customer bccb321a-69cd-4a1f-8f8b-d4a6dc442ade
Server 799bb1b2-bd8f-49e2-81f8-f7237f0eb223 received client-request: Request { kind: ReserveTicket, customer: 274b8a84-1c2f-4c5b-b02f-2bb67413aec2, server: None, raw: .. }
Reserved ticket 8167 for customer 274b8a84-1c2f-4c5b-b02f-2bb67413aec2
Server 799bb1b2-bd8f-49e2-81f8-f7237f0eb223 received client-request: Request { kind: ReserveTicket, customer: 3c57c852-49ca-4caa-9475-2ea92f2382cc, server: None, raw: .. }
Reserved ticket 8166 for customer 3c57c852-49ca-4caa-9475-2ea92f2382cc
Server 799bb1b2-bd8f-49e2-81f8-f7237f0eb223 received client-request: Request { kind: ReserveTicket, customer: 23d08121-9fe1-477f-ba67-ad7c74e3c688, server: None, raw: .. }
Reserved ticket 8165 for customer 23d08121-9fe1-477f-ba67-ad7c74e3c688
Server 799bb1b2-bd8f-49e2-81f8-f7237f0eb223 received client-request: Request { kind: ReserveTicket, customer: e29482c9-c10c-4533-9f8f-9184a6847d6a, server: None, raw: .. }
Reserved ticket 8164 for customer e29482c9-c10c-4533-9f8f-9184a6847d6a
Server 799bb1b2-bd8f-49e2-81f8-f7237f0eb223 received client-request: Request { kind: ReserveTicket, customer: 8aa7a5d0-1ad7-4ba9-bebd-057766309b57, server: None, raw: .. }
Reserved ticket 8163 for customer 8aa7a5d0-1ad7-4ba9-bebd-057766309b57
Server 799bb1b2-bd8f-49e2-81f8-f7237f0eb223 received client-request: Request { kind: ReserveTicket, customer: 869b3beb-44d4-4182-8b6c-480a0467cb3e, server: None, raw: .. }
Reserved ticket 8162 for customer 869b3beb-44d4-4182-8b6c-480a0467cb3e
Server 799bb1b2-bd8f-49e2-81f8-f7237f0eb223 received client-request: Request { kind: ReserveTicket, customer: e2b2e374-c15e-4591-af54-0dad15ff5203, server: None, raw: .. }
Reserved ticket 8161 for customer e2b2e374-c15e-4591-af54-0dad15ff5203
Server 799bb1b2-bd8f-49e2-81f8-f7237f0eb223 received client-request: Request { kind: ReserveTicket, customer: 2e91ce0b-f000-4b71-9a89-0c2fab15551e, server: None, raw: .. }
Reserved ticket 8160 for customer 2e91ce0b-f000-4b71-9a89-0c2fab15551e
Server 799bb1b2-bd8f-49e2-81f8-f7237f0eb223 received client-request: Request { kind: ReserveTicket, customer: 4f44f23e-f029-4f65-a5af-6d047794537b, server: None, raw: .. }
Reserved ticket 8159 for customer 4f44f23e-f029-4f65-a5af-6d047794537b
Server 799bb1b2-bd8f-49e2-81f8-f7237f0eb223 received client-request: Request { kind: ReserveTicket, customer: abec6de1-0f2a-4701-ae19-d2873f695165, server: None, raw: .. }
Reserved ticket 8158 for customer abec6de1-0f2a-4701-ae19-d2873f695165
Server 799bb1b2-bd8f-49e2-81f8-f7237f0eb223 received client-request: Request { kind: ReserveTicket, customer: fbafde1a-649e-4428-9ef9-4f5612559f42, server: None, raw: .. }
Reserved ticket 8157 for customer fbafde1a-649e-4428-9ef9-4f5612559f42
Server 799bb1b2-bd8f-49e2-81f8-f7237f0eb223 received client-request: Request { kind: ReserveTicket, customer: 4b71a2b1-1895-4ac4-8708-8a90dea54d4e, server: None, raw: .. }
Reserved ticket 8156 for customer 4b71a2b1-1895-4ac4-8708-8a90dea54d4e
Server 799bb1b2-bd8f-49e2-81f8-f7237f0eb223 received client-request: Request { kind: ReserveTicket, customer: 8f4b7401-90a5-44f0-9f8a-a161dafb9367, server: None, raw: .. }
Reserved ticket 8155 for customer 8f4b7401-90a5-44f0-9f8a-a161dafb9367
Server 799bb1b2-bd8f-49e2-81f8-f7237f0eb223 received client-request: Request { kind: ReserveTicket, customer: 1ec822de-7fed-463e-8a4f-c647f720737b, server: None, raw: .. }
Reserved ticket 8154 for customer 1ec822de-7fed-463e-8a4f-c647f720737b
Server 799bb1b2-bd8f-49e2-81f8-f7237f0eb223 received client-request: Request { kind: ReserveTicket, customer: c056d9a3-af9f-48eb-b1de-b45ff16ab5b0, server: None, raw: .. }
Reserved ticket 8153 for customer c056d9a3-af9f-48eb-b1de-b45ff16ab5b0
Server 799bb1b2-bd8f-49e2-81f8-f7237f0eb223 received client-request: Request { kind: ReserveTicket, customer: 739c1b49-694f-439f-917c-1c75aacd0d00, server: None, raw: .. }
Reserved ticket 8152 for customer 739c1b49-694f-439f-917c-1c75aacd0d00
Server 799bb1b2-bd8f-49e2-81f8-f7237f0eb223 received client-request: Request { kind: ReserveTicket, customer: 9e91cae2-3f09-4433-8c35-dc45f046e8c9, server: None, raw: .. }
Reserved ticket 8151 for customer 9e91cae2-3f09-4433-8c35-dc45f046e8c9
Server 799bb1b2-bd8f-49e2-81f8-f7237f0eb223 received client-request: Request { kind: ReserveTicket, customer: d2fc0a35-5e87-40c1-aef5-cbd9417efae1, server: None, raw: .. }
Reserved ticket 8150 for customer d2fc0a35-5e87-40c1-aef5-cbd9417efae1
Server 65a51e17-fff5-4036-8b94-6db5de4d28d8 received client-request: Request { kind: ReserveTicket, customer: e269c8e0-863e-42e6-8b05-8d1a15202fbe, server: None, raw: .. }
Reserved ticket 8149 for customer e269c8e0-863e-42e6-8b05-8d1a15202fbe
Server 799bb1b2-bd8f-49e2-81f8-f7237f0eb223 received client-request: Request { kind: ReserveTicket, customer: 709e0d22-5095-4c8d-b61d-f8c8ef605882, server: None, raw: .. }
Reserved ticket 8148 for customer 709e0d22-5095-4c8d-b61d-f8c8ef605882
Server 799bb1b2-bd8f-49e2-81f8-f7237f0eb223 received client-request: Request { kind: ReserveTicket, customer: 38f66970-13df-447e-93a5-313fe7abf4e8, server: None, raw: .. }
Reserved ticket 8147 for customer 38f66970-13df-447e-93a5-313fe7abf4e8
Server 799bb1b2-bd8f-49e2-81f8-f7237f0eb223 received client-request: Request { kind: ReserveTicket, customer: 8fc89228-04c7-4789-8339-1ccc11ccc70b, server: None, raw: .. }
Reserved ticket 8146 for customer 8fc89228-04c7-4789-8339-1ccc11ccc70b
Server 799bb1b2-bd8f-49e2-81f8-f7237f0eb223 received client-request: Request { kind: ReserveTicket, customer: 08ac01e7-3182-4614-91e7-7ec2dbe4911e, server: None, raw: .. }
Reserved ticket 8145 for customer 08ac01e7-3182-4614-91e7-7ec2dbe4911e
Server 799bb1b2-bd8f-49e2-81f8-f7237f0eb223 received client-request: Request { kind: ReserveTicket, customer: 1fcce8ca-9d97-49d9-9ead-4e6866ee16dc, server: None, raw: .. }
Reserved ticket 8144 for customer 1fcce8ca-9d97-49d9-9ead-4e6866ee16dc
Server 799bb1b2-bd8f-49e2-81f8-f7237f0eb223 received client-request: Request { kind: ReserveTicket, customer: 41fa995e-06ab-4a12-a264-9d9b49cf6974, server: None, raw: .. }
Reserved ticket 8143 for customer 41fa995e-06ab-4a12-a264-9d9b49cf6974
Server 799bb1b2-bd8f-49e2-81f8-f7237f0eb223 received client-request: Request { kind: ReserveTicket, customer: 27701fe4-ccca-4720-a5bb-1ccda834d3ba, server: None, raw: .. }
Reserved ticket 8142 for customer 27701fe4-ccca-4720-a5bb-1ccda834d3ba
Server 799bb1b2-bd8f-49e2-81f8-f7237f0eb223 received client-request: Request { kind: ReserveTicket, customer: 17b7973c-341e-4ec9-8585-fb6ec81f773a, server: None, raw: .. }
Reserved ticket 8141 for customer 17b7973c-341e-4ec9-8585-fb6ec81f773a
Server 799bb1b2-bd8f-49e2-81f8-f7237f0eb223 received client-request: Request { kind: ReserveTicket, customer: be05a00e-ea61-4c60-9db3-a1f16d06a5f7, server: None, raw: .. }
Reserved ticket 8140 for customer be05a00e-ea61-4c60-9db3-a1f16d06a5f7
Server 799bb1b2-bd8f-49e2-81f8-f7237f0eb223 received client-request: Request { kind: ReserveTicket, customer: 5f8f3816-306a-4a63-99d5-f2e381448fc4, server: None, raw: .. }
Reserved ticket 8139 for customer 5f8f3816-306a-4a63-99d5-f2e381448fc4
Server 799bb1b2-bd8f-49e2-81f8-f7237f0eb223 received client-request: Request { kind: ReserveTicket, customer: d01089ec-8abd-4b66-92e7-2cb33e933909, server: None, raw: .. }
Reserved ticket 8138 for customer d01089ec-8abd-4b66-92e7-2cb33e933909
Server 799bb1b2-bd8f-49e2-81f8-f7237f0eb223 received client-request: Request { kind: ReserveTicket, customer: 401e958c-fb16-466d-9307-947604a39902, server: None, raw: .. }
Reserved ticket 8137 for customer 401e958c-fb16-466d-9307-947604a39902
Server 799bb1b2-bd8f-49e2-81f8-f7237f0eb223 received client-request: Request { kind: ReserveTicket, customer: 47a970cd-a1f3-49f6-8dc3-5ce9709a51e1, server: None, raw: .. }
Reserved ticket 8136 for customer 47a970cd-a1f3-49f6-8dc3-5ce9709a51e1
Server 799bb1b2-bd8f-49e2-81f8-f7237f0eb223 received client-request: Request { kind: ReserveTicket, customer: 3b0cc6b4-212c-4c3f-925e-2dab6a1c98ee, server: None, raw: .. }
Reserved ticket 8135 for customer 3b0cc6b4-212c-4c3f-925e-2dab6a1c98ee
Server 799bb1b2-bd8f-49e2-81f8-f7237f0eb223 received client-request: Request { kind: ReserveTicket, customer: a111da27-30c8-43ee-9e06-259a47b2a7a6, server: None, raw: .. }
Reserved ticket 8134 for customer a111da27-30c8-43ee-9e06-259a47b2a7a6
Server 799bb1b2-bd8f-49e2-81f8-f7237f0eb223 received client-request: Request { kind: ReserveTicket, customer: 00812c32-3722-40be-9bc4-f62bdb1503a1, server: None, raw: .. }
Reserved ticket 8133 for customer 00812c32-3722-40be-9bc4-f62bdb1503a1
Server 799bb1b2-bd8f-49e2-81f8-f7237f0eb223 received client-request: Request { kind: ReserveTicket, customer: 16b23b96-d8ec-49c1-bff4-3b26a0c302d8, server: None, raw: .. }
Reserved ticket 8132 for customer 16b23b96-d8ec-49c1-bff4-3b26a0c302d8
Server 799bb1b2-bd8f-49e2-81f8-f7237f0eb223 received client-request: Request { kind: ReserveTicket, customer: b2caf854-e9aa-4bf1-a4b6-f789963f6e90, server: None, raw: .. }
Reserved ticket 8131 for customer b2caf854-e9aa-4bf1-a4b6-f789963f6e90
Server 799bb1b2-bd8f-49e2-81f8-f7237f0eb223 received client-request: Request { kind: ReserveTicket, customer: 25b8290a-016e-4795-8088-def916086f1a, server: None, raw: .. }
Reserved ticket 8130 for customer 25b8290a-016e-4795-8088-def916086f1a
Server 65a51e17-fff5-4036-8b94-6db5de4d28d8 received client-request: Request { kind: ReserveTicket, customer: d6a9b3dd-3032-4c7c-ae62-4bff21f407d7, server: None, raw: .. }
Reserved ticket 8129 for customer d6a9b3dd-3032-4c7c-ae62-4bff21f407d7
Server 799bb1b2-bd8f-49e2-81f8-f7237f0eb223 received client-request: Request { kind: ReserveTicket, customer: fdfb231f-1914-494b-9b00-211df59f3336, server: None, raw: .. }
Reserved ticket 8128 for customer fdfb231f-1914-494b-9b00-211df59f3336
Server 799bb1b2-bd8f-49e2-81f8-f7237f0eb223 received client-request: Request { kind: ReserveTicket, customer: 76ec436d-a8d6-48b4-98cb-45262e85da94, server: None, raw: .. }
Reserved ticket 8127 for customer 76ec436d-a8d6-48b4-98cb-45262e85da94
Server 799bb1b2-bd8f-49e2-81f8-f7237f0eb223 received client-request: Request { kind: ReserveTicket, customer: 417b7bf7-73d9-4a61-a2c9-75da3114136c, server: None, raw: .. }
Reserved ticket 8126 for customer 417b7bf7-73d9-4a61-a2c9-75da3114136c
Server 799bb1b2-bd8f-49e2-81f8-f7237f0eb223 received client-request: Request { kind: ReserveTicket, customer: ac212a83-3998-43fe-8b59-613bcbc7bf42, server: None, raw: .. }
Reserved ticket 8125 for customer ac212a83-3998-43fe-8b59-613bcbc7bf42
Server 799bb1b2-bd8f-49e2-81f8-f7237f0eb223 received client-request: Request { kind: ReserveTicket, customer: 2af2938b-fc49-49e6-9a98-c3cb731528af, server: None, raw: .. }
Reserved ticket 8124 for customer 2af2938b-fc49-49e6-9a98-c3cb731528af
Server 799bb1b2-bd8f-49e2-81f8-f7237f0eb223 received client-request: Request { kind: ReserveTicket, customer: 559f5f9b-c987-414a-a45a-16c79f726b57, server: None, raw: .. }
Reserved ticket 8123 for customer 559f5f9b-c987-414a-a45a-16c79f726b57
Server 799bb1b2-bd8f-49e2-81f8-f7237f0eb223 received client-request: Request { kind: ReserveTicket, customer: 0625f45a-fa16-4d4c-9140-2895e1e2f4b8, server: None, raw: .. }
Reserved ticket 8122 for customer 0625f45a-fa16-4d4c-9140-2895e1e2f4b8
Server 799bb1b2-bd8f-49e2-81f8-f7237f0eb223 received client-request: Request { kind: ReserveTicket, customer: 0be78dd6-99b3-4efa-8700-45d7ed0ed42e, server: None, raw: .. }
Reserved ticket 8121 for customer 0be78dd6-99b3-4efa-8700-45d7ed0ed42e
Server 799bb1b2-bd8f-49e2-81f8-f7237f0eb223 received client-request: Request { kind: ReserveTicket, customer: 82197abf-5f7c-4145-acfd-bb0dde50a6bf, server: None, raw: .. }
Reserved ticket 8120 for customer 82197abf-5f7c-4145-acfd-bb0dde50a6bf
Server 799bb1b2-bd8f-49e2-81f8-f7237f0eb223 received client-request: Request { kind: ReserveTicket, customer: 921351d4-7270-4cbe-9021-f883da2b83bb, server: None, raw: .. }
Reserved ticket 8119 for customer 921351d4-7270-4cbe-9021-f883da2b83bb
Server 799bb1b2-bd8f-49e2-81f8-f7237f0eb223 received client-request: Request { kind: ReserveTicket, customer: a487d055-114e-4884-9311-9de7bd8fab3d, server: None, raw: .. }
Reserved ticket 8118 for customer a487d055-114e-4884-9311-9de7bd8fab3d
Server 799bb1b2-bd8f-49e2-81f8-f7237f0eb223 received client-request: Request { kind: ReserveTicket, customer: c696516a-5b52-4b8f-891c-4c6564eb65c6, server: None, raw: .. }
Reserved ticket 8117 for customer c696516a-5b52-4b8f-891c-4c6564eb65c6
Server 799bb1b2-bd8f-49e2-81f8-f7237f0eb223 received client-request: Request { kind: ReserveTicket, customer: bbaa226e-6c31-4bf7-959f-6ecec1b4dfe0, server: None, raw: .. }
Reserved ticket 8116 for customer bbaa226e-6c31-4bf7-959f-6ecec1b4dfe0
Server 799bb1b2-bd8f-49e2-81f8-f7237f0eb223 received client-request: Request { kind: ReserveTicket, customer: 029d72b2-575d-4ce2-9254-f5cf9658bbae, server: None, raw: .. }
Reserved ticket 8115 for customer 029d72b2-575d-4ce2-9254-f5cf9658bbae
Server 799bb1b2-bd8f-49e2-81f8-f7237f0eb223 received client-request: Request { kind: ReserveTicket, customer: 87bc42a1-0002-474e-8ca7-66174190613a, server: None, raw: .. }
Reserved ticket 8114 for customer 87bc42a1-0002-474e-8ca7-66174190613a
Server 799bb1b2-bd8f-49e2-81f8-f7237f0eb223 received client-request: Request { kind: ReserveTicket, customer: 4c17b967-99a2-416b-a474-532d646b6a55, server: None, raw: .. }
Reserved ticket 8113 for customer 4c17b967-99a2-416b-a474-532d646b6a55
Server 799bb1b2-bd8f-49e2-81f8-f7237f0eb223 received client-request: Request { kind: ReserveTicket, customer: 100191c7-7173-4ef0-8ee9-272386a3d2a2, server: None, raw: .. }
Reserved ticket 8112 for customer 100191c7-7173-4ef0-8ee9-272386a3d2a2
Server 799bb1b2-bd8f-49e2-81f8-f7237f0eb223 received client-request: Request { kind: ReserveTicket, customer: a63b947e-f6a4-4334-8c1b-4b7fd508699f, server: None, raw: .. }
Reserved ticket 8111 for customer a63b947e-f6a4-4334-8c1b-4b7fd508699f
Server 799bb1b2-bd8f-49e2-81f8-f7237f0eb223 received client-request: Request { kind: ReserveTicket, customer: c9617a31-c9ba-4b6f-85d5-6f1a79dd066b, server: None, raw: .. }
Reserved ticket 8110 for customer c9617a31-c9ba-4b6f-85d5-6f1a79dd066b
Server 65a51e17-fff5-4036-8b94-6db5de4d28d8 received client-request: Request { kind: ReserveTicket, customer: 4f9a5626-29ae-4059-986d-c1899d1abfa1, server: None, raw: .. }
Reserved ticket 8109 for customer 4f9a5626-29ae-4059-986d-c1899d1abfa1
Server 799bb1b2-bd8f-49e2-81f8-f7237f0eb223 received client-request: Request { kind: ReserveTicket, customer: 67e9def3-bcf0-48b5-932e-af6052454f3c, server: None, raw: .. }
Reserved ticket 8108 for customer 67e9def3-bcf0-48b5-932e-af6052454f3c
Server 799bb1b2-bd8f-49e2-81f8-f7237f0eb223 received client-request: Request { kind: ReserveTicket, customer: 640ee192-4b50-41b1-925c-15dba9e22fd3, server: None, raw: .. }
Reserved ticket 8107 for customer 640ee192-4b50-41b1-925c-15dba9e22fd3
Server 799bb1b2-bd8f-49e2-81f8-f7237f0eb223 received client-request: Request { kind: ReserveTicket, customer: 81eb30d6-45ba-4a2e-be86-bfb847d0ab90, server: None, raw: .. }
Reserved ticket 8106 for customer 81eb30d6-45ba-4a2e-be86-bfb847d0ab90
Server 799bb1b2-bd8f-49e2-81f8-f7237f0eb223 received client-request: Request { kind: ReserveTicket, customer: e36e980e-69b9-4340-a645-be8829dcd015, server: None, raw: .. }
Reserved ticket 8105 for customer e36e980e-69b9-4340-a645-be8829dcd015
Server 799bb1b2-bd8f-49e2-81f8-f7237f0eb223 received client-request: Request { kind: ReserveTicket, customer: b7a628af-db7c-4e58-b740-0667174a4593, server: None, raw: .. }
Reserved ticket 8104 for customer b7a628af-db7c-4e58-b740-0667174a4593
Server 799bb1b2-bd8f-49e2-81f8-f7237f0eb223 received client-request: Request { kind: ReserveTicket, customer: b1a8a077-5926-40ec-9995-117edbae6813, server: None, raw: .. }
Reserved ticket 8103 for customer b1a8a077-5926-40ec-9995-117edbae6813
Server 799bb1b2-bd8f-49e2-81f8-f7237f0eb223 received client-request: Request { kind: ReserveTicket, customer: da6dd0d6-8cfe-46ed-99ed-ce57c9fda831, server: None, raw: .. }
Reserved ticket 8102 for customer da6dd0d6-8cfe-46ed-99ed-ce57c9fda831
Server 799bb1b2-bd8f-49e2-81f8-f7237f0eb223 received client-request: Request { kind: ReserveTicket, customer: 755e94c6-dedf-4c83-b3f6-fe4b81c01850, server: None, raw: .. }
Reserved ticket 8101 for customer 755e94c6-dedf-4c83-b3f6-fe4b81c01850
Server 799bb1b2-bd8f-49e2-81f8-f7237f0eb223 received client-request: Request { kind: ReserveTicket, customer: 36a0850b-af05-4831-b9be-9983b68fd985, server: None, raw: .. }
Reserved ticket 8100 for customer 36a0850b-af05-4831-b9be-9983b68fd985
Server 799bb1b2-bd8f-49e2-81f8-f7237f0eb223 received client-request: Request { kind: ReserveTicket, customer: 8be1ef92-8d80-4ba1-84db-25a2fec9134e, server: None, raw: .. }
Reserved ticket 8099 for customer 8be1ef92-8d80-4ba1-84db-25a2fec9134e
Server 799bb1b2-bd8f-49e2-81f8-f7237f0eb223 received client-request: Request { kind: ReserveTicket, customer: 71766069-0339-495a-86f9-567292a9bbda, server: None, raw: .. }
Reserved ticket 8098 for customer 71766069-0339-495a-86f9-567292a9bbda
Server 799bb1b2-bd8f-49e2-81f8-f7237f0eb223 received client-request: Request { kind: ReserveTicket, customer: 9afda607-7aaf-416a-b382-83a296e9c5b6, server: None, raw: .. }
Reserved ticket 8097 for customer 9afda607-7aaf-416a-b382-83a296e9c5b6
Server 799bb1b2-bd8f-49e2-81f8-f7237f0eb223 received client-request: Request { kind: ReserveTicket, customer: 59ff092a-0c8a-44d8-b835-fda5096c73b4, server: None, raw: .. }
Reserved ticket 8096 for customer 59ff092a-0c8a-44d8-b835-fda5096c73b4
Server 799bb1b2-bd8f-49e2-81f8-f7237f0eb223 received client-request: Request { kind: ReserveTicket, customer: d367752a-f53b-4fc0-b193-3492dbc0d592, server: None, raw: .. }
Reserved ticket 8095 for customer d367752a-f53b-4fc0-b193-3492dbc0d592
Server 799bb1b2-bd8f-49e2-81f8-f7237f0eb223 received client-request: Request { kind: ReserveTicket, customer: fd862ef4-e6be-4c50-ae00-4df380d5b593, server: None, raw: .. }
Reserved ticket 8094 for customer fd862ef4-e6be-4c50-ae00-4df380d5b593
Server 799bb1b2-bd8f-49e2-81f8-f7237f0eb223 received client-request: Request { kind: ReserveTicket, customer: 967da919-433b-42e7-b172-31d1a5b6c53a, server: None, raw: .. }
Reserved ticket 8093 for customer 967da919-433b-42e7-b172-31d1a5b6c53a
Server 799bb1b2-bd8f-49e2-81f8-f7237f0eb223 received client-request: Request { kind: ReserveTicket, customer: 31334cdf-b6c6-4562-93af-066fa5e77410, server: None, raw: .. }
Reserved ticket 8092 for customer 31334cdf-b6c6-4562-93af-066fa5e77410
Server 799bb1b2-bd8f-49e2-81f8-f7237f0eb223 received client-request: Request { kind: ReserveTicket, customer: a3f54402-023d-4a23-bac9-7c54b7c06daf, server: None, raw: .. }
Reserved ticket 8091 for customer a3f54402-023d-4a23-bac9-7c54b7c06daf
Server 799bb1b2-bd8f-49e2-81f8-f7237f0eb223 received client-request: Request { kind: ReserveTicket, customer: d3303d92-4875-4237-8208-da1ced06a2de, server: None, raw: .. }
Reserved ticket 8090 for customer d3303d92-4875-4237-8208-da1ced06a2de
Server 65a51e17-fff5-4036-8b94-6db5de4d28d8 received client-request: Request { kind: ReserveTicket, customer: 513366d6-4c20-422d-b229-c4b077990b65, server: None, raw: .. }
Reserved ticket 8089 for customer 513366d6-4c20-422d-b229-c4b077990b65
Server 799bb1b2-bd8f-49e2-81f8-f7237f0eb223 received client-request: Request { kind: ReserveTicket, customer: e0ce4cc5-0a35-4910-9004-3236b6cbd33d, server: None, raw: .. }
Reserved ticket 8088 for customer e0ce4cc5-0a35-4910-9004-3236b6cbd33d
Server 799bb1b2-bd8f-49e2-81f8-f7237f0eb223 received client-request: Request { kind: ReserveTicket, customer: b72b3a4e-c97e-4395-8396-cd25076f5fda, server: None, raw: .. }
Reserved ticket 8087 for customer b72b3a4e-c97e-4395-8396-cd25076f5fda
Server 799bb1b2-bd8f-49e2-81f8-f7237f0eb223 received client-request: Request { kind: ReserveTicket, customer: 3f7f65a9-2cfb-4b6e-8e00-20e35669a488, server: None, raw: .. }
Reserved ticket 8086 for customer 3f7f65a9-2cfb-4b6e-8e00-20e35669a488
Server 799bb1b2-bd8f-49e2-81f8-f7237f0eb223 received client-request: Request { kind: ReserveTicket, customer: e2746916-8351-4fa4-a30e-cdca97b14575, server: None, raw: .. }
Reserved ticket 8085 for customer e2746916-8351-4fa4-a30e-cdca97b14575
Server 799bb1b2-bd8f-49e2-81f8-f7237f0eb223 received client-request: Request { kind: ReserveTicket, customer: 71bcc675-6036-44b3-a93c-894d9b145c30, server: None, raw: .. }
Reserved ticket 8084 for customer 71bcc675-6036-44b3-a93c-894d9b145c30
Server 799bb1b2-bd8f-49e2-81f8-f7237f0eb223 received client-request: Request { kind: ReserveTicket, customer: 8716a62c-fb4c-4f22-8fc7-de693488c885, server: None, raw: .. }
Reserved ticket 8083 for customer 8716a62c-fb4c-4f22-8fc7-de693488c885
Server 799bb1b2-bd8f-49e2-81f8-f7237f0eb223 received client-request: Request { kind: ReserveTicket, customer: 0fbc3bcd-aece-4120-9c68-51797a55b4b2, server: None, raw: .. }
Reserved ticket 8082 for customer 0fbc3bcd-aece-4120-9c68-51797a55b4b2
Server 799bb1b2-bd8f-49e2-81f8-f7237f0eb223 received client-request: Request { kind: ReserveTicket, customer: 6f62ec3e-29f9-41de-b50d-47bea9ec0b83, server: None, raw: .. }
Reserved ticket 8081 for customer 6f62ec3e-29f9-41de-b50d-47bea9ec0b83
Server 799bb1b2-bd8f-49e2-81f8-f7237f0eb223 received client-request: Request { kind: ReserveTicket, customer: 85cab400-a5bd-4749-b29b-61f565bd593c, server: None, raw: .. }
Reserved ticket 8080 for customer 85cab400-a5bd-4749-b29b-61f565bd593c
Server 799bb1b2-bd8f-49e2-81f8-f7237f0eb223 received client-request: Request { kind: ReserveTicket, customer: 6c048ad2-12de-4e60-b9b5-ea2061cd304c, server: None, raw: .. }
Reserved ticket 8079 for customer 6c048ad2-12de-4e60-b9b5-ea2061cd304c
Server 799bb1b2-bd8f-49e2-81f8-f7237f0eb223 received client-request: Request { kind: ReserveTicket, customer: c5a89cd0-a734-4e8f-962d-67f9bd790b70, server: None, raw: .. }
Reserved ticket 8078 for customer c5a89cd0-a734-4e8f-962d-67f9bd790b70
Server 799bb1b2-bd8f-49e2-81f8-f7237f0eb223 received client-request: Request { kind: ReserveTicket, customer: ed3f8a97-ed90-4de9-ba66-bd5b19891de7, server: None, raw: .. }
Reserved ticket 8077 for customer ed3f8a97-ed90-4de9-ba66-bd5b19891de7
Server 799bb1b2-bd8f-49e2-81f8-f7237f0eb223 received client-request: Request { kind: ReserveTicket, customer: aa7a39d7-8f0c-41f5-8fdd-599f949e9d92, server: None, raw: .. }
Reserved ticket 8076 for customer aa7a39d7-8f0c-41f5-8fdd-599f949e9d92
Server 799bb1b2-bd8f-49e2-81f8-f7237f0eb223 received client-request: Request { kind: ReserveTicket, customer: 9f456438-7ed8-4df5-aeb3-b45b85f59d69, server: None, raw: .. }
Reserved ticket 8075 for customer 9f456438-7ed8-4df5-aeb3-b45b85f59d69
Server 799bb1b2-bd8f-49e2-81f8-f7237f0eb223 received client-request: Request { kind: ReserveTicket, customer: 34be6348-33c7-4af2-8b0d-5f9a0701f0b3, server: None, raw: .. }
Reserved ticket 8074 for customer 34be6348-33c7-4af2-8b0d-5f9a0701f0b3
Server 799bb1b2-bd8f-49e2-81f8-f7237f0eb223 received client-request: Request { kind: ReserveTicket, customer: 7a140ea6-1d22-4589-a009-9959beea7708, server: None, raw: .. }
Reserved ticket 8073 for customer 7a140ea6-1d22-4589-a009-9959beea7708
Server 799bb1b2-bd8f-49e2-81f8-f7237f0eb223 received client-request: Request { kind: ReserveTicket, customer: d1636184-3bc5-4d76-ab47-72fcf9525267, server: None, raw: .. }
Reserved ticket 8072 for customer d1636184-3bc5-4d76-ab47-72fcf9525267
Server 799bb1b2-bd8f-49e2-81f8-f7237f0eb223 received client-request: Request { kind: ReserveTicket, customer: 0b749836-86a8-4b35-8aca-d9f4936af8e8, server: None, raw: .. }
Reserved ticket 8071 for customer 0b749836-86a8-4b35-8aca-d9f4936af8e8
Server 799bb1b2-bd8f-49e2-81f8-f7237f0eb223 received client-request: Request { kind: ReserveTicket, customer: 25764b32-00e1-43ca-8ea7-4c4b0d0631a0, server: None, raw: .. }
Reserved ticket 8070 for customer 25764b32-00e1-43ca-8ea7-4c4b0d0631a0
Server 65a51e17-fff5-4036-8b94-6db5de4d28d8 received client-request: Request { kind: ReserveTicket, customer: 0470a9f7-5e10-4bb1-9caa-d1012ff81cc0, server: None, raw: .. }
Reserved ticket 8069 for customer 0470a9f7-5e10-4bb1-9caa-d1012ff81cc0
Server 799bb1b2-bd8f-49e2-81f8-f7237f0eb223 received client-request: Request { kind: ReserveTicket, customer: b5c4eb56-efed-46de-8b23-7002d0fafd05, server: None, raw: .. }
Reserved ticket 8068 for customer b5c4eb56-efed-46de-8b23-7002d0fafd05
Server 799bb1b2-bd8f-49e2-81f8-f7237f0eb223 received client-request: Request { kind: ReserveTicket, customer: bc50aedc-5891-4386-be6f-aa64004884e8, server: None, raw: .. }
Reserved ticket 8067 for customer bc50aedc-5891-4386-be6f-aa64004884e8
Server 799bb1b2-bd8f-49e2-81f8-f7237f0eb223 received client-request: Request { kind: ReserveTicket, customer: ba251079-aef0-404a-ac66-f74e0ea6997e, server: None, raw: .. }
Reserved ticket 8066 for customer ba251079-aef0-404a-ac66-f74e0ea6997e
Server 799bb1b2-bd8f-49e2-81f8-f7237f0eb223 received client-request: Request { kind: ReserveTicket, customer: b96c96e0-0e12-4ad4-adaf-aa9083c799b6, server: None, raw: .. }
Reserved ticket 8065 for customer b96c96e0-0e12-4ad4-adaf-aa9083c799b6
Server 799bb1b2-bd8f-49e2-81f8-f7237f0eb223 received client-request: Request { kind: ReserveTicket, customer: 7bde38f5-697b-4e2d-a38a-73ff84308684, server: None, raw: .. }
Reserved ticket 8064 for customer 7bde38f5-697b-4e2d-a38a-73ff84308684
Server 799bb1b2-bd8f-49e2-81f8-f7237f0eb223 received client-request: Request { kind: ReserveTicket, customer: 99600b79-ecad-42da-873f-e34ebc4e54ea, server: None, raw: .. }
Reserved ticket 8063 for customer 99600b79-ecad-42da-873f-e34ebc4e54ea
Server 799bb1b2-bd8f-49e2-81f8-f7237f0eb223 received client-request: Request { kind: ReserveTicket, customer: de978765-af50-4f75-91a6-5ddff6b4e7d0, server: None, raw: .. }
Reserved ticket 8062 for customer de978765-af50-4f75-91a6-5ddff6b4e7d0
Server 799bb1b2-bd8f-49e2-81f8-f7237f0eb223 received client-request: Request { kind: ReserveTicket, customer: 92231754-67f0-409a-a79e-2cd807d591bf, server: None, raw: .. }
Reserved ticket 8061 for customer 92231754-67f0-409a-a79e-2cd807d591bf
Server 799bb1b2-bd8f-49e2-81f8-f7237f0eb223 received client-request: Request { kind: ReserveTicket, customer: 016237fc-6d7d-4fa4-9b9e-caf7bf2612bc, server: None, raw: .. }
Reserved ticket 8060 for customer 016237fc-6d7d-4fa4-9b9e-caf7bf2612bc
Server 799bb1b2-bd8f-49e2-81f8-f7237f0eb223 received client-request: Request { kind: ReserveTicket, customer: 807f08a3-18d2-447f-b56f-cbeafff2edd2, server: None, raw: .. }
Reserved ticket 8059 for customer 807f08a3-18d2-447f-b56f-cbeafff2edd2
Server 799bb1b2-bd8f-49e2-81f8-f7237f0eb223 received client-request: Request { kind: ReserveTicket, customer: 565dafdd-e55b-4605-824f-1d42b07f327a, server: None, raw: .. }
Reserved ticket 8058 for customer 565dafdd-e55b-4605-824f-1d42b07f327a
Server 799bb1b2-bd8f-49e2-81f8-f7237f0eb223 received client-request: Request { kind: ReserveTicket, customer: 0a24135f-08aa-447f-9435-d7d45e50c7fc, server: None, raw: .. }
Reserved ticket 8057 for customer 0a24135f-08aa-447f-9435-d7d45e50c7fc
Server 799bb1b2-bd8f-49e2-81f8-f7237f0eb223 received client-request: Request { kind: ReserveTicket, customer: 9d4fb179-7d0b-4dd2-9e15-90d66ad874c1, server: None, raw: .. }
Reserved ticket 8056 for customer 9d4fb179-7d0b-4dd2-9e15-90d66ad874c1
Server 799bb1b2-bd8f-49e2-81f8-f7237f0eb223 received client-request: Request { kind: ReserveTicket, customer: ab40702a-6e20-4dea-b08d-da50d3bf3b10, server: None, raw: .. }
Reserved ticket 8055 for customer ab40702a-6e20-4dea-b08d-da50d3bf3b10
Server 799bb1b2-bd8f-49e2-81f8-f7237f0eb223 received client-request: Request { kind: ReserveTicket, customer: 0dd7e12e-5760-492a-9581-c4ce68f873d9, server: None, raw: .. }
Reserved ticket 8054 for customer 0dd7e12e-5760-492a-9581-c4ce68f873d9
Server 799bb1b2-bd8f-49e2-81f8-f7237f0eb223 received client-request: Request { kind: ReserveTicket, customer: b7addd6e-4072-46bc-a5f5-0620bc3ed7d4, server: None, raw: .. }
Reserved ticket 8053 for customer b7addd6e-4072-46bc-a5f5-0620bc3ed7d4
Server 799bb1b2-bd8f-49e2-81f8-f7237f0eb223 received client-request: Request { kind: ReserveTicket, customer: 10dc9324-9cd6-4f1e-92d2-1a9051368f7d, server: None, raw: .. }
Reserved ticket 8052 for customer 10dc9324-9cd6-4f1e-92d2-1a9051368f7d
Server 799bb1b2-bd8f-49e2-81f8-f7237f0eb223 received client-request: Request { kind: ReserveTicket, customer: 88ee7ac1-e073-4c5e-b24f-ef6706f0afd7, server: None, raw: .. }
Reserved ticket 8051 for customer 88ee7ac1-e073-4c5e-b24f-ef6706f0afd7
Server 799bb1b2-bd8f-49e2-81f8-f7237f0eb223 received client-request: Request { kind: ReserveTicket, customer: 827b804d-f1b5-402d-9aa4-3c291a2cc2d6, server: None, raw: .. }
Reserved ticket 8050 for customer 827b804d-f1b5-402d-9aa4-3c291a2cc2d6
Server 65a51e17-fff5-4036-8b94-6db5de4d28d8 received client-request: Request { kind: ReserveTicket, customer: 4c7aabd7-c787-4fcf-a0cb-f6e7b1878f45, server: None, raw: .. }
Reserved ticket 8049 for customer 4c7aabd7-c787-4fcf-a0cb-f6e7b1878f45
Server 799bb1b2-bd8f-49e2-81f8-f7237f0eb223 received client-request: Request { kind: ReserveTicket, customer: fbc886a7-3d69-4fce-91a2-c2d116d5f43d, server: None, raw: .. }
Reserved ticket 8048 for customer fbc886a7-3d69-4fce-91a2-c2d116d5f43d
Server 799bb1b2-bd8f-49e2-81f8-f7237f0eb223 received client-request: Request { kind: ReserveTicket, customer: 0ee04f10-46ca-409d-90fc-5da924359cd2, server: None, raw: .. }
Reserved ticket 8047 for customer 0ee04f10-46ca-409d-90fc-5da924359cd2
Server 799bb1b2-bd8f-49e2-81f8-f7237f0eb223 received client-request: Request { kind: ReserveTicket, customer: 84530dc2-1202-4832-91a7-62b5b2545a92, server: None, raw: .. }
Reserved ticket 8046 for customer 84530dc2-1202-4832-91a7-62b5b2545a92
Server 799bb1b2-bd8f-49e2-81f8-f7237f0eb223 received client-request: Request { kind: ReserveTicket, customer: 6cd0053a-7b39-4ef4-95ad-762226633340, server: None, raw: .. }
Reserved ticket 8045 for customer 6cd0053a-7b39-4ef4-95ad-762226633340
Server 799bb1b2-bd8f-49e2-81f8-f7237f0eb223 received client-request: Request { kind: ReserveTicket, customer: 4d229954-3623-49e2-8893-8cdb4750020b, server: None, raw: .. }
Reserved ticket 8044 for customer 4d229954-3623-49e2-8893-8cdb4750020b
Server 799bb1b2-bd8f-49e2-81f8-f7237f0eb223 received client-request: Request { kind: ReserveTicket, customer: 22e8ad74-8328-4e58-92aa-a9af5f1bbbe2, server: None, raw: .. }
Reserved ticket 8043 for customer 22e8ad74-8328-4e58-92aa-a9af5f1bbbe2
Server 799bb1b2-bd8f-49e2-81f8-f7237f0eb223 received client-request: Request { kind: ReserveTicket, customer: c9c04edc-1190-4dac-8e1e-e9bac4013216, server: None, raw: .. }
Reserved ticket 8042 for customer c9c04edc-1190-4dac-8e1e-e9bac4013216
Server 799bb1b2-bd8f-49e2-81f8-f7237f0eb223 received client-request: Request { kind: ReserveTicket, customer: d0be4a96-f9a1-4261-b09c-6a5b7999ae42, server: None, raw: .. }
Reserved ticket 8041 for customer d0be4a96-f9a1-4261-b09c-6a5b7999ae42
Server 799bb1b2-bd8f-49e2-81f8-f7237f0eb223 received client-request: Request { kind: ReserveTicket, customer: ff14fc31-d730-48e5-b07a-3c6da8724a09, server: None, raw: .. }
Reserved ticket 8040 for customer ff14fc31-d730-48e5-b07a-3c6da8724a09
Server 799bb1b2-bd8f-49e2-81f8-f7237f0eb223 received client-request: Request { kind: ReserveTicket, customer: 4e98ea6f-cb35-4e72-9487-61b5b180d0c2, server: None, raw: .. }
Reserved ticket 8039 for customer 4e98ea6f-cb35-4e72-9487-61b5b180d0c2
Server 799bb1b2-bd8f-49e2-81f8-f7237f0eb223 received client-request: Request { kind: ReserveTicket, customer: 2a110be3-fc8c-48f8-b31f-63ac0a6c957a, server: None, raw: .. }
Reserved ticket 8038 for customer 2a110be3-fc8c-48f8-b31f-63ac0a6c957a
Server 799bb1b2-bd8f-49e2-81f8-f7237f0eb223 received client-request: Request { kind: ReserveTicket, customer: becbbc9b-3b69-4794-8338-abc7efbfa2c8, server: None, raw: .. }
Reserved ticket 8037 for customer becbbc9b-3b69-4794-8338-abc7efbfa2c8
Server 799bb1b2-bd8f-49e2-81f8-f7237f0eb223 received client-request: Request { kind: ReserveTicket, customer: c7f638b4-f2f5-44aa-baec-141119d6ccfa, server: None, raw: .. }
Reserved ticket 8036 for customer c7f638b4-f2f5-44aa-baec-141119d6ccfa
Server 799bb1b2-bd8f-49e2-81f8-f7237f0eb223 received client-request: Request { kind: ReserveTicket, customer: a6a89f75-85b9-4263-b8b7-57922fe030fd, server: None, raw: .. }
Reserved ticket 8035 for customer a6a89f75-85b9-4263-b8b7-57922fe030fd
Server 799bb1b2-bd8f-49e2-81f8-f7237f0eb223 received client-request: Request { kind: ReserveTicket, customer: 9065d299-64e4-491b-970f-bb0b9e5267da, server: None, raw: .. }
Reserved ticket 8034 for customer 9065d299-64e4-491b-970f-bb0b9e5267da
Server 799bb1b2-bd8f-49e2-81f8-f7237f0eb223 received client-request: Request { kind: ReserveTicket, customer: f31afc72-aa8b-4c87-8041-572f34928909, server: None, raw: .. }
Reserved ticket 8033 for customer f31afc72-aa8b-4c87-8041-572f34928909
Server 799bb1b2-bd8f-49e2-81f8-f7237f0eb223 received client-request: Request { kind: ReserveTicket, customer: b1dca6bb-1ec2-49d8-8293-f395aa22c518, server: None, raw: .. }
Reserved ticket 8032 for customer b1dca6bb-1ec2-49d8-8293-f395aa22c518
Server 799bb1b2-bd8f-49e2-81f8-f7237f0eb223 received client-request: Request { kind: ReserveTicket, customer: e48f097e-d608-4b26-b0a0-31130c94ecc8, server: None, raw: .. }
Reserved ticket 8031 for customer e48f097e-d608-4b26-b0a0-31130c94ecc8
Server 799bb1b2-bd8f-49e2-81f8-f7237f0eb223 received client-request: Request { kind: ReserveTicket, customer: cc069862-f459-4fd7-9d6f-c796aa632d01, server: None, raw: .. }
Reserved ticket 8030 for customer cc069862-f459-4fd7-9d6f-c796aa632d01
Server 65a51e17-fff5-4036-8b94-6db5de4d28d8 received client-request: Request { kind: ReserveTicket, customer: d422085d-1060-4b04-8deb-5e72d75222f5, server: None, raw: .. }
Reserved ticket 8029 for customer d422085d-1060-4b04-8deb-5e72d75222f5
Server 799bb1b2-bd8f-49e2-81f8-f7237f0eb223 received client-request: Request { kind: ReserveTicket, customer: 8c998fbe-a996-41af-8248-845861a1bcea, server: None, raw: .. }
Reserved ticket 8028 for customer 8c998fbe-a996-41af-8248-845861a1bcea
Server 799bb1b2-bd8f-49e2-81f8-f7237f0eb223 received client-request: Request { kind: ReserveTicket, customer: c40777c4-7c17-4123-a91c-fc7b4354706d, server: None, raw: .. }
Reserved ticket 8027 for customer c40777c4-7c17-4123-a91c-fc7b4354706d
Server 799bb1b2-bd8f-49e2-81f8-f7237f0eb223 received client-request: Request { kind: ReserveTicket, customer: 41991178-9503-4fe2-9edd-b75e560afdf2, server: None, raw: .. }
Reserved ticket 8026 for customer 41991178-9503-4fe2-9edd-b75e560afdf2
Server 799bb1b2-bd8f-49e2-81f8-f7237f0eb223 received client-request: Request { kind: ReserveTicket, customer: 90f7a8cb-2ac0-40a4-bd24-3d0de9451b21, server: None, raw: .. }
Reserved ticket 8025 for customer 90f7a8cb-2ac0-40a4-bd24-3d0de9451b21
Server 799bb1b2-bd8f-49e2-81f8-f7237f0eb223 received client-request: Request { kind: ReserveTicket, customer: 76fa7d2c-2c52-440a-91af-7fc5265ba5c2, server: None, raw: .. }
Reserved ticket 8024 for customer 76fa7d2c-2c52-440a-91af-7fc5265ba5c2
Server 799bb1b2-bd8f-49e2-81f8-f7237f0eb223 received client-request: Request { kind: ReserveTicket, customer: c1074d9d-6aa2-4bc6-bae3-2213dc678eec, server: None, raw: .. }
Reserved ticket 8023 for customer c1074d9d-6aa2-4bc6-bae3-2213dc678eec
Server 799bb1b2-bd8f-49e2-81f8-f7237f0eb223 received client-request: Request { kind: ReserveTicket, customer: dd9f41ee-cd2d-4bba-b405-07a1e04cbfd8, server: None, raw: .. }
Reserved ticket 8022 for customer dd9f41ee-cd2d-4bba-b405-07a1e04cbfd8
Server 799bb1b2-bd8f-49e2-81f8-f7237f0eb223 received client-request: Request { kind: ReserveTicket, customer: 1ed53882-c2ab-4079-a55b-dccbc03db55a, server: None, raw: .. }
Reserved ticket 8021 for customer 1ed53882-c2ab-4079-a55b-dccbc03db55a
Server 799bb1b2-bd8f-49e2-81f8-f7237f0eb223 received client-request: Request { kind: ReserveTicket, customer: 446feff9-97ac-4cda-8a0a-a3dbd791a438, server: None, raw: .. }
Reserved ticket 8020 for customer 446feff9-97ac-4cda-8a0a-a3dbd791a438
Server 799bb1b2-bd8f-49e2-81f8-f7237f0eb223 received client-request: Request { kind: ReserveTicket, customer: 842eafff-f8c0-4c6d-9655-1f8c574d8332, server: None, raw: .. }
Reserved ticket 8019 for customer 842eafff-f8c0-4c6d-9655-1f8c574d8332
Server 799bb1b2-bd8f-49e2-81f8-f7237f0eb223 received client-request: Request { kind: ReserveTicket, customer: 81f52d45-fe0c-4f10-81ee-00bb5f6fe86b, server: None, raw: .. }
Reserved ticket 8018 for customer 81f52d45-fe0c-4f10-81ee-00bb5f6fe86b
Server 799bb1b2-bd8f-49e2-81f8-f7237f0eb223 received client-request: Request { kind: ReserveTicket, customer: 51ac13bd-8144-4c99-8647-8bcd3f7b1b20, server: None, raw: .. }
Reserved ticket 8017 for customer 51ac13bd-8144-4c99-8647-8bcd3f7b1b20
Server 799bb1b2-bd8f-49e2-81f8-f7237f0eb223 received client-request: Request { kind: ReserveTicket, customer: c89e461b-a4ca-48ea-85b1-8cacda17bec5, server: None, raw: .. }
Reserved ticket 8016 for customer c89e461b-a4ca-48ea-85b1-8cacda17bec5
Server 799bb1b2-bd8f-49e2-81f8-f7237f0eb223 received client-request: Request { kind: ReserveTicket, customer: a8dd8d67-594e-4f86-b1a6-a92a7a4018f9, server: None, raw: .. }
Reserved ticket 8015 for customer a8dd8d67-594e-4f86-b1a6-a92a7a4018f9
Server 799bb1b2-bd8f-49e2-81f8-f7237f0eb223 received client-request: Request { kind: ReserveTicket, customer: a60d2b14-b511-4173-8351-a584e2c6fa79, server: None, raw: .. }
Reserved ticket 8014 for customer a60d2b14-b511-4173-8351-a584e2c6fa79
Server 799bb1b2-bd8f-49e2-81f8-f7237f0eb223 received client-request: Request { kind: ReserveTicket, customer: bd94732a-3bf2-4f4b-a1b6-b84baf91eeda, server: None, raw: .. }
Reserved ticket 8013 for customer bd94732a-3bf2-4f4b-a1b6-b84baf91eeda
Server 799bb1b2-bd8f-49e2-81f8-f7237f0eb223 received client-request: Request { kind: ReserveTicket, customer: 8f901b1e-4b29-4851-b64a-39b59dad1fe6, server: None, raw: .. }
Reserved ticket 8012 for customer 8f901b1e-4b29-4851-b64a-39b59dad1fe6
Server 799bb1b2-bd8f-49e2-81f8-f7237f0eb223 received client-request: Request { kind: ReserveTicket, customer: d841952f-1c91-435e-979d-2c7567c0126c, server: None, raw: .. }
Reserved ticket 8011 for customer d841952f-1c91-435e-979d-2c7567c0126c
Server 799bb1b2-bd8f-49e2-81f8-f7237f0eb223 received client-request: Request { kind: ReserveTicket, customer: d5846664-e288-47b4-8cd7-868bd5148044, server: None, raw: .. }
Reserved ticket 8010 for customer d5846664-e288-47b4-8cd7-868bd5148044
Server 65a51e17-fff5-4036-8b94-6db5de4d28d8 received client-request: Request { kind: ReserveTicket, customer: ce540e0a-f462-4d3e-b990-b5fb8054f1d4, server: None, raw: .. }
Reserved ticket 8009 for customer ce540e0a-f462-4d3e-b990-b5fb8054f1d4
Server 799bb1b2-bd8f-49e2-81f8-f7237f0eb223 received client-request: Request { kind: ReserveTicket, customer: 79ff51f1-c048-4e8a-8275-71b5dc0fc39a, server: None, raw: .. }
Reserved ticket 8008 for customer 79ff51f1-c048-4e8a-8275-71b5dc0fc39a
Server 799bb1b2-bd8f-49e2-81f8-f7237f0eb223 received client-request: Request { kind: ReserveTicket, customer: f899ec8d-4d84-40f8-ba34-83c39465ae20, server: None, raw: .. }
Reserved ticket 8007 for customer f899ec8d-4d84-40f8-ba34-83c39465ae20
Server 799bb1b2-bd8f-49e2-81f8-f7237f0eb223 received client-request: Request { kind: ReserveTicket, customer: f900de4d-a4b0-4bf6-8f85-a4d691e294fd, server: None, raw: .. }
Reserved ticket 8006 for customer f900de4d-a4b0-4bf6-8f85-a4d691e294fd
Server 799bb1b2-bd8f-49e2-81f8-f7237f0eb223 received client-request: Request { kind: ReserveTicket, customer: 174dc863-18fd-4a35-8dc9-9183cdc960fc, server: None, raw: .. }
Reserved ticket 8005 for customer 174dc863-18fd-4a35-8dc9-9183cdc960fc
Server 799bb1b2-bd8f-49e2-81f8-f7237f0eb223 received client-request: Request { kind: ReserveTicket, customer: a4c211ce-8bec-4ec0-9317-048015d9d73c, server: None, raw: .. }
Reserved ticket 8004 for customer a4c211ce-8bec-4ec0-9317-048015d9d73c
Server 799bb1b2-bd8f-49e2-81f8-f7237f0eb223 received client-request: Request { kind: ReserveTicket, customer: ebe2e812-f720-4623-bb80-4f5aac26c80d, server: None, raw: .. }
Reserved ticket 8003 for customer ebe2e812-f720-4623-bb80-4f5aac26c80d
Server 799bb1b2-bd8f-49e2-81f8-f7237f0eb223 received client-request: Request { kind: ReserveTicket, customer: 96caf875-625e-4798-9b91-8e9fde7cfe6c, server: None, raw: .. }
Reserved ticket 8002 for customer 96caf875-625e-4798-9b91-8e9fde7cfe6c
Server 799bb1b2-bd8f-49e2-81f8-f7237f0eb223 received client-request: Request { kind: ReserveTicket, customer: 48c2e6ed-a843-40cf-8ae6-8ad93ea04852, server: None, raw: .. }
Reserved ticket 8001 for customer 48c2e6ed-a843-40cf-8ae6-8ad93ea04852
Server 799bb1b2-bd8f-49e2-81f8-f7237f0eb223 received client-request: Request { kind: ReserveTicket, customer: 2a7f2ac8-b212-4d30-845f-1c6a1416b6b1, server: None, raw: .. }
Reserved ticket 8000 for customer 2a7f2ac8-b212-4d30-845f-1c6a1416b6b1
Server 799bb1b2-bd8f-49e2-81f8-f7237f0eb223 received client-request: Request { kind: ReserveTicket, customer: e5407411-13f9-40c5-bdfb-57385892df46, server: None, raw: .. }
Reserved ticket 7999 for customer e5407411-13f9-40c5-bdfb-57385892df46
Server 799bb1b2-bd8f-49e2-81f8-f7237f0eb223 received client-request: Request { kind: ReserveTicket, customer: 21533480-8117-4218-bb49-a3d311f736ca, server: None, raw: .. }
Reserved ticket 7998 for customer 21533480-8117-4218-bb49-a3d311f736ca
Server 799bb1b2-bd8f-49e2-81f8-f7237f0eb223 received client-request: Request { kind: ReserveTicket, customer: a8d988b0-4c8f-4b8c-a10d-363ec9d88bc9, server: None, raw: .. }
Reserved ticket 7997 for customer a8d988b0-4c8f-4b8c-a10d-363ec9d88bc9
Server 799bb1b2-bd8f-49e2-81f8-f7237f0eb223 received client-request: Request { kind: ReserveTicket, customer: fb6b5264-aa56-45ea-8d38-dd9e02750a11, server: None, raw: .. }
Reserved ticket 7996 for customer fb6b5264-aa56-45ea-8d38-dd9e02750a11
Server 799bb1b2-bd8f-49e2-81f8-f7237f0eb223 received client-request: Request { kind: ReserveTicket, customer: d8212fc0-3b97-4c90-b463-e1ff5411bb52, server: None, raw: .. }
Reserved ticket 7995 for customer d8212fc0-3b97-4c90-b463-e1ff5411bb52
Server 799bb1b2-bd8f-49e2-81f8-f7237f0eb223 received client-request: Request { kind: ReserveTicket, customer: cf38492f-3bf5-42cc-8a2e-7534c9edd76f, server: None, raw: .. }
Reserved ticket 7994 for customer cf38492f-3bf5-42cc-8a2e-7534c9edd76f
Server 799bb1b2-bd8f-49e2-81f8-f7237f0eb223 received client-request: Request { kind: ReserveTicket, customer: 686e0755-fb04-4394-92de-2dcaecd15b0c, server: None, raw: .. }
Reserved ticket 7993 for customer 686e0755-fb04-4394-92de-2dcaecd15b0c
Server 799bb1b2-bd8f-49e2-81f8-f7237f0eb223 received client-request: Request { kind: ReserveTicket, customer: 609b6491-c978-4d97-ab41-15c19d27b3e5, server: None, raw: .. }
Reserved ticket 7992 for customer 609b6491-c978-4d97-ab41-15c19d27b3e5
Server 799bb1b2-bd8f-49e2-81f8-f7237f0eb223 received client-request: Request { kind: ReserveTicket, customer: b0ba8ea8-71c8-4c85-9580-9985c90c2c1a, server: None, raw: .. }
Reserved ticket 7991 for customer b0ba8ea8-71c8-4c85-9580-9985c90c2c1a
Server 799bb1b2-bd8f-49e2-81f8-f7237f0eb223 received client-request: Request { kind: ReserveTicket, customer: 1218a239-91f1-42cc-8756-f62be1749a38, server: None, raw: .. }
Reserved ticket 7990 for customer 1218a239-91f1-42cc-8756-f62be1749a38
Server 65a51e17-fff5-4036-8b94-6db5de4d28d8 received client-request: Request { kind: ReserveTicket, customer: baf1bec9-e5fe-4a11-b283-b872c3f58f3f, server: None, raw: .. }
Reserved ticket 7989 for customer baf1bec9-e5fe-4a11-b283-b872c3f58f3f
Server 799bb1b2-bd8f-49e2-81f8-f7237f0eb223 received client-request: Request { kind: ReserveTicket, customer: 9afd491f-8cc5-4f3c-bac6-00a84924d8cc, server: None, raw: .. }
Reserved ticket 7988 for customer 9afd491f-8cc5-4f3c-bac6-00a84924d8cc
Server 799bb1b2-bd8f-49e2-81f8-f7237f0eb223 received client-request: Request { kind: ReserveTicket, customer: f9a718dd-63cb-4229-a930-0ad1b7a99e36, server: None, raw: .. }
Reserved ticket 7987 for customer f9a718dd-63cb-4229-a930-0ad1b7a99e36
Server 799bb1b2-bd8f-49e2-81f8-f7237f0eb223 received client-request: Request { kind: ReserveTicket, customer: 3ae16b41-05ea-49be-9a7a-6b255c397080, server: None, raw: .. }
Reserved ticket 7986 for customer 3ae16b41-05ea-49be-9a7a-6b255c397080
Server 799bb1b2-bd8f-49e2-81f8-f7237f0eb223 received client-request: Request { kind: ReserveTicket, customer: eaab8240-5e4f-4611-aede-7ef1486f709a, server: None, raw: .. }
Reserved ticket 7985 for customer eaab8240-5e4f-4611-aede-7ef1486f709a
Server 799bb1b2-bd8f-49e2-81f8-f7237f0eb223 received client-request: Request { kind: ReserveTicket, customer: 835f8c42-1ab8-498a-aa29-4d65016d96fb, server: None, raw: .. }
Reserved ticket 7984 for customer 835f8c42-1ab8-498a-aa29-4d65016d96fb
Server 799bb1b2-bd8f-49e2-81f8-f7237f0eb223 received client-request: Request { kind: ReserveTicket, customer: 3a8e780c-d44e-41b1-ab85-372d17af943a, server: None, raw: .. }
Reserved ticket 7983 for customer 3a8e780c-d44e-41b1-ab85-372d17af943a
Server 799bb1b2-bd8f-49e2-81f8-f7237f0eb223 received client-request: Request { kind: ReserveTicket, customer: 98a1b036-60a6-466d-8613-d00cfa06ab42, server: None, raw: .. }
Reserved ticket 7982 for customer 98a1b036-60a6-466d-8613-d00cfa06ab42
Server 799bb1b2-bd8f-49e2-81f8-f7237f0eb223 received client-request: Request { kind: ReserveTicket, customer: a8910abf-c330-45a9-9b01-55afef5b27a9, server: None, raw: .. }
Reserved ticket 7981 for customer a8910abf-c330-45a9-9b01-55afef5b27a9
Server 799bb1b2-bd8f-49e2-81f8-f7237f0eb223 received client-request: Request { kind: ReserveTicket, customer: b1cbd46a-af4f-4480-b484-b81461fd31fe, server: None, raw: .. }
Reserved ticket 7980 for customer b1cbd46a-af4f-4480-b484-b81461fd31fe
Server 799bb1b2-bd8f-49e2-81f8-f7237f0eb223 received client-request: Request { kind: ReserveTicket, customer: d08e6f26-215f-4675-a6bf-5d7e63b7e612, server: None, raw: .. }
Reserved ticket 7979 for customer d08e6f26-215f-4675-a6bf-5d7e63b7e612
Server 799bb1b2-bd8f-49e2-81f8-f7237f0eb223 received client-request: Request { kind: ReserveTicket, customer: 7408626f-e131-414b-9ca7-3a5e1996d707, server: None, raw: .. }
Reserved ticket 7978 for customer 7408626f-e131-414b-9ca7-3a5e1996d707
Server 799bb1b2-bd8f-49e2-81f8-f7237f0eb223 received client-request: Request { kind: ReserveTicket, customer: 4f443cc7-38e2-493e-bd64-822f85d37ad3, server: None, raw: .. }
Reserved ticket 7977 for customer 4f443cc7-38e2-493e-bd64-822f85d37ad3
Server 799bb1b2-bd8f-49e2-81f8-f7237f0eb223 received client-request: Request { kind: ReserveTicket, customer: 940b9051-188b-47c6-8c87-a4a6adb659c1, server: None, raw: .. }
Reserved ticket 7976 for customer 940b9051-188b-47c6-8c87-a4a6adb659c1
Server 799bb1b2-bd8f-49e2-81f8-f7237f0eb223 received client-request: Request { kind: ReserveTicket, customer: ae142f20-8513-4fb6-b31f-33f7b630b720, server: None, raw: .. }
Reserved ticket 7975 for customer ae142f20-8513-4fb6-b31f-33f7b630b720
Server 799bb1b2-bd8f-49e2-81f8-f7237f0eb223 received client-request: Request { kind: ReserveTicket, customer: 8d71cc53-6cfc-40fe-8469-3a0dc13cd642, server: None, raw: .. }
Reserved ticket 7974 for customer 8d71cc53-6cfc-40fe-8469-3a0dc13cd642
Server 799bb1b2-bd8f-49e2-81f8-f7237f0eb223 received client-request: Request { kind: ReserveTicket, customer: 52f96fc4-4df1-484e-ad68-9ef8a6bdc3d5, server: None, raw: .. }
Reserved ticket 7973 for customer 52f96fc4-4df1-484e-ad68-9ef8a6bdc3d5
Server 799bb1b2-bd8f-49e2-81f8-f7237f0eb223 received client-request: Request { kind: ReserveTicket, customer: e0752d1a-6d86-4cbd-a302-62d596578dba, server: None, raw: .. }
Reserved ticket 7972 for customer e0752d1a-6d86-4cbd-a302-62d596578dba
Server 799bb1b2-bd8f-49e2-81f8-f7237f0eb223 received client-request: Request { kind: ReserveTicket, customer: 95d4046f-8987-44e2-b8dd-ece0c0bc72a8, server: None, raw: .. }
Reserved ticket 7971 for customer 95d4046f-8987-44e2-b8dd-ece0c0bc72a8
Server 799bb1b2-bd8f-49e2-81f8-f7237f0eb223 received client-request: Request { kind: ReserveTicket, customer: 8acd2809-ddbc-4ea3-8801-607d2c6939ce, server: None, raw: .. }
Reserved ticket 7970 for customer 8acd2809-ddbc-4ea3-8801-607d2c6939ce
Server 65a51e17-fff5-4036-8b94-6db5de4d28d8 received client-request: Request { kind: ReserveTicket, customer: 35e06690-0405-410b-9365-98514ddaf4e1, server: None, raw: .. }
Reserved ticket 7969 for customer 35e06690-0405-410b-9365-98514ddaf4e1
Server 799bb1b2-bd8f-49e2-81f8-f7237f0eb223 received client-request: Request { kind: ReserveTicket, customer: 15d85ae0-1543-4c31-a8ac-60307811cdbf, server: None, raw: .. }
Reserved ticket 7968 for customer 15d85ae0-1543-4c31-a8ac-60307811cdbf
Server 799bb1b2-bd8f-49e2-81f8-f7237f0eb223 received client-request: Request { kind: ReserveTicket, customer: 2084866f-d0ba-4f3a-81b7-1fad21c3e2c4, server: None, raw: .. }
Reserved ticket 7967 for customer 2084866f-d0ba-4f3a-81b7-1fad21c3e2c4
Server 799bb1b2-bd8f-49e2-81f8-f7237f0eb223 received client-request: Request { kind: ReserveTicket, customer: 8aa55cd2-85f9-4c75-ba44-b8755c6fa72d, server: None, raw: .. }
Reserved ticket 7966 for customer 8aa55cd2-85f9-4c75-ba44-b8755c6fa72d
Server 799bb1b2-bd8f-49e2-81f8-f7237f0eb223 received client-request: Request { kind: ReserveTicket, customer: 228d0fa7-843f-4023-b51b-e9a442e28e5c, server: None, raw: .. }
Reserved ticket 7965 for customer 228d0fa7-843f-4023-b51b-e9a442e28e5c
Server 799bb1b2-bd8f-49e2-81f8-f7237f0eb223 received client-request: Request { kind: ReserveTicket, customer: 502ac278-9ae7-4e07-ba88-9326d7af6767, server: None, raw: .. }
Reserved ticket 7964 for customer 502ac278-9ae7-4e07-ba88-9326d7af6767
Server 799bb1b2-bd8f-49e2-81f8-f7237f0eb223 received client-request: Request { kind: ReserveTicket, customer: 598000ba-a7ca-4c62-9458-11254f046354, server: None, raw: .. }
Reserved ticket 7963 for customer 598000ba-a7ca-4c62-9458-11254f046354
Server 799bb1b2-bd8f-49e2-81f8-f7237f0eb223 received client-request: Request { kind: ReserveTicket, customer: 5ecf408a-0288-4c9c-be12-82dc6418d2cb, server: None, raw: .. }
Reserved ticket 7962 for customer 5ecf408a-0288-4c9c-be12-82dc6418d2cb
Server 799bb1b2-bd8f-49e2-81f8-f7237f0eb223 received client-request: Request { kind: ReserveTicket, customer: 554f1751-3083-49f1-9359-aa770460b8f9, server: None, raw: .. }
Reserved ticket 7961 for customer 554f1751-3083-49f1-9359-aa770460b8f9
Server 799bb1b2-bd8f-49e2-81f8-f7237f0eb223 received client-request: Request { kind: ReserveTicket, customer: 9634f4a7-7688-4004-be3f-feaf9332d1e7, server: None, raw: .. }
Reserved ticket 7960 for customer 9634f4a7-7688-4004-be3f-feaf9332d1e7
Server 799bb1b2-bd8f-49e2-81f8-f7237f0eb223 received client-request: Request { kind: ReserveTicket, customer: c554636b-b101-4bc2-82a0-29cd97824de4, server: None, raw: .. }
Reserved ticket 7959 for customer c554636b-b101-4bc2-82a0-29cd97824de4
Server 799bb1b2-bd8f-49e2-81f8-f7237f0eb223 received client-request: Request { kind: ReserveTicket, customer: fdd93f4d-66e3-46da-be45-b8a9f36b24ab, server: None, raw: .. }
Reserved ticket 7958 for customer fdd93f4d-66e3-46da-be45-b8a9f36b24ab
Server 799bb1b2-bd8f-49e2-81f8-f7237f0eb223 received client-request: Request { kind: ReserveTicket, customer: 54f96a93-fdb3-480f-8a01-0f9b6ce486c0, server: None, raw: .. }
Reserved ticket 7957 for customer 54f96a93-fdb3-480f-8a01-0f9b6ce486c0
Server 799bb1b2-bd8f-49e2-81f8-f7237f0eb223 received client-request: Request { kind: ReserveTicket, customer: 214bf4f4-ad7e-4ab0-8959-c87e431810a7, server: None, raw: .. }
Reserved ticket 7956 for customer 214bf4f4-ad7e-4ab0-8959-c87e431810a7
Server 799bb1b2-bd8f-49e2-81f8-f7237f0eb223 received client-request: Request { kind: ReserveTicket, customer: 706b2e98-7eb2-46cb-a221-e050a8526fbf, server: None, raw: .. }
Reserved ticket 7955 for customer 706b2e98-7eb2-46cb-a221-e050a8526fbf
Server 799bb1b2-bd8f-49e2-81f8-f7237f0eb223 received client-request: Request { kind: ReserveTicket, customer: 49ffb773-58c9-4e67-b2a8-e57ed42129cb, server: None, raw: .. }
Reserved ticket 7954 for customer 49ffb773-58c9-4e67-b2a8-e57ed42129cb
Server 799bb1b2-bd8f-49e2-81f8-f7237f0eb223 received client-request: Request { kind: ReserveTicket, customer: 6cca2af2-5ecf-4160-b99f-c6b8b1dfbbf1, server: None, raw: .. }
Reserved ticket 7953 for customer 6cca2af2-5ecf-4160-b99f-c6b8b1dfbbf1
Server 799bb1b2-bd8f-49e2-81f8-f7237f0eb223 received client-request: Request { kind: ReserveTicket, customer: 213e3f4a-b218-4983-b2fc-1afc8565e963, server: None, raw: .. }
Reserved ticket 7952 for customer 213e3f4a-b218-4983-b2fc-1afc8565e963
Server 799bb1b2-bd8f-49e2-81f8-f7237f0eb223 received client-request: Request { kind: ReserveTicket, customer: 09c3606d-013e-45af-b45c-d26d9f1d16e4, server: None, raw: .. }
Reserved ticket 7951 for customer 09c3606d-013e-45af-b45c-d26d9f1d16e4
Server 799bb1b2-bd8f-49e2-81f8-f7237f0eb223 received client-request: Request { kind: ReserveTicket, customer: 77106afb-a859-48a6-a689-bf2ba79acffb, server: None, raw: .. }
Reserved ticket 7950 for customer 77106afb-a859-48a6-a689-bf2ba79acffb
Server 65a51e17-fff5-4036-8b94-6db5de4d28d8 received client-request: Request { kind: ReserveTicket, customer: 19b6ec9a-bdcc-449f-92ee-ed3332040ae6, server: None, raw: .. }
Reserved ticket 7949 for customer 19b6ec9a-bdcc-449f-92ee-ed3332040ae6
Server 799bb1b2-bd8f-49e2-81f8-f7237f0eb223 received client-request: Request { kind: ReserveTicket, customer: b202160a-9304-494d-bf1b-b42d12fdb7f1, server: None, raw: .. }
Reserved ticket 7948 for customer b202160a-9304-494d-bf1b-b42d12fdb7f1
Server 799bb1b2-bd8f-49e2-81f8-f7237f0eb223 received client-request: Request { kind: ReserveTicket, customer: 509d7f5e-0987-4536-9b92-4100fb26301b, server: None, raw: .. }
Reserved ticket 7947 for customer 509d7f5e-0987-4536-9b92-4100fb26301b
Server 799bb1b2-bd8f-49e2-81f8-f7237f0eb223 received client-request: Request { kind: ReserveTicket, customer: 4a4089f5-459a-4686-bae8-ef1be77706ba, server: None, raw: .. }
Reserved ticket 7946 for customer 4a4089f5-459a-4686-bae8-ef1be77706ba
Server 799bb1b2-bd8f-49e2-81f8-f7237f0eb223 received client-request: Request { kind: ReserveTicket, customer: 4b41626e-72b6-4c10-aeca-c94e008041c8, server: None, raw: .. }
Reserved ticket 7945 for customer 4b41626e-72b6-4c10-aeca-c94e008041c8
Server 799bb1b2-bd8f-49e2-81f8-f7237f0eb223 received client-request: Request { kind: ReserveTicket, customer: 9da6ea4d-3028-45af-b82c-f7e42f7dd10a, server: None, raw: .. }
Reserved ticket 7944 for customer 9da6ea4d-3028-45af-b82c-f7e42f7dd10a
Server 799bb1b2-bd8f-49e2-81f8-f7237f0eb223 received client-request: Request { kind: ReserveTicket, customer: ebd4ef6d-f02a-455b-8e04-1ec4f222724b, server: None, raw: .. }
Reserved ticket 7943 for customer ebd4ef6d-f02a-455b-8e04-1ec4f222724b
Server 799bb1b2-bd8f-49e2-81f8-f7237f0eb223 received client-request: Request { kind: ReserveTicket, customer: 4c87dd6f-3027-43a5-ae8d-07e3e3e3b660, server: None, raw: .. }
Reserved ticket 7942 for customer 4c87dd6f-3027-43a5-ae8d-07e3e3e3b660
Server 799bb1b2-bd8f-49e2-81f8-f7237f0eb223 received client-request: Request { kind: ReserveTicket, customer: e5aa3f70-5608-41ab-81b4-a134c40d12a0, server: None, raw: .. }
Reserved ticket 7941 for customer e5aa3f70-5608-41ab-81b4-a134c40d12a0
Server 799bb1b2-bd8f-49e2-81f8-f7237f0eb223 received client-request: Request { kind: ReserveTicket, customer: 8534d5e5-7b6c-4f29-a015-3eec58339dee, server: None, raw: .. }
Reserved ticket 7940 for customer 8534d5e5-7b6c-4f29-a015-3eec58339dee
Server 799bb1b2-bd8f-49e2-81f8-f7237f0eb223 received client-request: Request { kind: ReserveTicket, customer: cf132aff-27d7-44f8-b225-dd5014197275, server: None, raw: .. }
Reserved ticket 7939 for customer cf132aff-27d7-44f8-b225-dd5014197275
Server 799bb1b2-bd8f-49e2-81f8-f7237f0eb223 received client-request: Request { kind: ReserveTicket, customer: 884a15e8-1161-473e-b7ca-5754a0c8f999, server: None, raw: .. }
Reserved ticket 7938 for customer 884a15e8-1161-473e-b7ca-5754a0c8f999
Server 799bb1b2-bd8f-49e2-81f8-f7237f0eb223 received client-request: Request { kind: ReserveTicket, customer: a96ff601-78e5-4168-979b-a843b62c6086, server: None, raw: .. }
Reserved ticket 7937 for customer a96ff601-78e5-4168-979b-a843b62c6086
Server 799bb1b2-bd8f-49e2-81f8-f7237f0eb223 received client-request: Request { kind: ReserveTicket, customer: 34ed77d1-fda7-4bc1-b924-9324efb36657, server: None, raw: .. }
Reserved ticket 7936 for customer 34ed77d1-fda7-4bc1-b924-9324efb36657
Server 799bb1b2-bd8f-49e2-81f8-f7237f0eb223 received client-request: Request { kind: ReserveTicket, customer: 30d63273-3c33-45fe-84fd-b075231a83b4, server: None, raw: .. }
Reserved ticket 7935 for customer 30d63273-3c33-45fe-84fd-b075231a83b4
Server 799bb1b2-bd8f-49e2-81f8-f7237f0eb223 received client-request: Request { kind: ReserveTicket, customer: e4cd9792-23e9-45fd-8add-856cc16b499c, server: None, raw: .. }
Reserved ticket 7934 for customer e4cd9792-23e9-45fd-8add-856cc16b499c
Server 799bb1b2-bd8f-49e2-81f8-f7237f0eb223 received client-request: Request { kind: ReserveTicket, customer: d7f79c6e-ff82-45bf-8860-edf9f23c4b9f, server: None, raw: .. }
Reserved ticket 7933 for customer d7f79c6e-ff82-45bf-8860-edf9f23c4b9f
Server 799bb1b2-bd8f-49e2-81f8-f7237f0eb223 received client-request: Request { kind: ReserveTicket, customer: 391c6419-9afe-48bf-bc99-ae6c6727db40, server: None, raw: .. }
Reserved ticket 7932 for customer 391c6419-9afe-48bf-bc99-ae6c6727db40
Server 799bb1b2-bd8f-49e2-81f8-f7237f0eb223 received client-request: Request { kind: ReserveTicket, customer: dd29e8b9-af4c-4599-bea8-c905a8155803, server: None, raw: .. }
Reserved ticket 7931 for customer dd29e8b9-af4c-4599-bea8-c905a8155803
Server 799bb1b2-bd8f-49e2-81f8-f7237f0eb223 received client-request: Request { kind: ReserveTicket, customer: 7e7c6df7-d025-407d-ade2-04d766fc9418, server: None, raw: .. }
Reserved ticket 7930 for customer 7e7c6df7-d025-407d-ade2-04d766fc9418
Server 65a51e17-fff5-4036-8b94-6db5de4d28d8 received client-request: Request { kind: ReserveTicket, customer: 3a71c50e-a780-4abe-afa2-4cc4653efd6e, server: None, raw: .. }
Reserved ticket 7929 for customer 3a71c50e-a780-4abe-afa2-4cc4653efd6e
Server 799bb1b2-bd8f-49e2-81f8-f7237f0eb223 received client-request: Request { kind: ReserveTicket, customer: 89cebe59-5f5b-4fc7-b2d8-2a75eb012795, server: None, raw: .. }
Reserved ticket 7928 for customer 89cebe59-5f5b-4fc7-b2d8-2a75eb012795
Server 799bb1b2-bd8f-49e2-81f8-f7237f0eb223 received client-request: Request { kind: ReserveTicket, customer: f01c923f-f3c1-4431-b0c2-9aae566f5fed, server: None, raw: .. }
Reserved ticket 7927 for customer f01c923f-f3c1-4431-b0c2-9aae566f5fed
Server 799bb1b2-bd8f-49e2-81f8-f7237f0eb223 received client-request: Request { kind: ReserveTicket, customer: 9018ea95-ad93-43f6-87f0-30ea08408c9d, server: None, raw: .. }
Reserved ticket 7926 for customer 9018ea95-ad93-43f6-87f0-30ea08408c9d
Server 799bb1b2-bd8f-49e2-81f8-f7237f0eb223 received client-request: Request { kind: ReserveTicket, customer: e321323f-6d45-42e0-b16a-77ad39ae76f8, server: None, raw: .. }
Reserved ticket 7925 for customer e321323f-6d45-42e0-b16a-77ad39ae76f8
Server 799bb1b2-bd8f-49e2-81f8-f7237f0eb223 received client-request: Request { kind: ReserveTicket, customer: 791c72a7-bcb4-4523-99dc-7a180900ac10, server: None, raw: .. }
Reserved ticket 7924 for customer 791c72a7-bcb4-4523-99dc-7a180900ac10
Server 799bb1b2-bd8f-49e2-81f8-f7237f0eb223 received client-request: Request { kind: ReserveTicket, customer: 683ef570-5214-4431-a2a7-5e2e3608b239, server: None, raw: .. }
Reserved ticket 7923 for customer 683ef570-5214-4431-a2a7-5e2e3608b239
Server 799bb1b2-bd8f-49e2-81f8-f7237f0eb223 received client-request: Request { kind: ReserveTicket, customer: ab435055-8084-4c98-87b5-cb175febc8f3, server: None, raw: .. }
Reserved ticket 7922 for customer ab435055-8084-4c98-87b5-cb175febc8f3
Server 799bb1b2-bd8f-49e2-81f8-f7237f0eb223 received client-request: Request { kind: ReserveTicket, customer: 4909842a-2cdd-4f02-82e2-087090e02b48, server: None, raw: .. }
Reserved ticket 7921 for customer 4909842a-2cdd-4f02-82e2-087090e02b48
Server 799bb1b2-bd8f-49e2-81f8-f7237f0eb223 received client-request: Request { kind: ReserveTicket, customer: 2e558ed8-3e17-455e-996a-06c1ccced5ac, server: None, raw: .. }
Reserved ticket 7920 for customer 2e558ed8-3e17-455e-996a-06c1ccced5ac
Server 799bb1b2-bd8f-49e2-81f8-f7237f0eb223 received client-request: Request { kind: ReserveTicket, customer: 812edf5e-9254-4a9d-8ee3-b10dd5b9c00a, server: None, raw: .. }
Reserved ticket 7919 for customer 812edf5e-9254-4a9d-8ee3-b10dd5b9c00a
Server 799bb1b2-bd8f-49e2-81f8-f7237f0eb223 received client-request: Request { kind: ReserveTicket, customer: 1ee3d40c-b7e6-4330-a4d2-b9c2b67becbe, server: None, raw: .. }
Reserved ticket 7918 for customer 1ee3d40c-b7e6-4330-a4d2-b9c2b67becbe
Server 799bb1b2-bd8f-49e2-81f8-f7237f0eb223 received client-request: Request { kind: ReserveTicket, customer: b1c04025-c88d-42d0-a5ad-fa1f50358c95, server: None, raw: .. }
Reserved ticket 7917 for customer b1c04025-c88d-42d0-a5ad-fa1f50358c95
Server 799bb1b2-bd8f-49e2-81f8-f7237f0eb223 received client-request: Request { kind: ReserveTicket, customer: 0bc6cd0e-8b63-4ad7-88b6-780d787ad3c0, server: None, raw: .. }
Reserved ticket 7916 for customer 0bc6cd0e-8b63-4ad7-88b6-780d787ad3c0
Server 799bb1b2-bd8f-49e2-81f8-f7237f0eb223 received client-request: Request { kind: ReserveTicket, customer: 514f073b-ce6a-4f87-baf2-8218659dea0d, server: None, raw: .. }
Reserved ticket 7915 for customer 514f073b-ce6a-4f87-baf2-8218659dea0d
Server 799bb1b2-bd8f-49e2-81f8-f7237f0eb223 received client-request: Request { kind: ReserveTicket, customer: 4b81e50d-b135-4ef3-93d7-ce37dafc38a0, server: None, raw: .. }
Reserved ticket 7914 for customer 4b81e50d-b135-4ef3-93d7-ce37dafc38a0
Server 799bb1b2-bd8f-49e2-81f8-f7237f0eb223 received client-request: Request { kind: ReserveTicket, customer: 5bbe54e9-b58d-4558-ba64-6dae0491570b, server: None, raw: .. }
Reserved ticket 7913 for customer 5bbe54e9-b58d-4558-ba64-6dae0491570b
Server 799bb1b2-bd8f-49e2-81f8-f7237f0eb223 received client-request: Request { kind: ReserveTicket, customer: 1f06a0df-ff4a-411f-9639-e93552bca994, server: None, raw: .. }
Reserved ticket 7912 for customer 1f06a0df-ff4a-411f-9639-e93552bca994
Server 799bb1b2-bd8f-49e2-81f8-f7237f0eb223 received client-request: Request { kind: ReserveTicket, customer: af5efe1d-bac1-4b39-9bd8-1fff0bcbc515, server: None, raw: .. }
Reserved ticket 7911 for customer af5efe1d-bac1-4b39-9bd8-1fff0bcbc515
Server 799bb1b2-bd8f-49e2-81f8-f7237f0eb223 received client-request: Request { kind: ReserveTicket, customer: 233c2e34-f12e-45d3-932d-f16ff94b50f5, server: None, raw: .. }
Reserved ticket 7910 for customer 233c2e34-f12e-45d3-932d-f16ff94b50f5
Server 65a51e17-fff5-4036-8b94-6db5de4d28d8 received client-request: Request { kind: ReserveTicket, customer: 09abedee-397f-4caf-893f-aab4cee05778, server: None, raw: .. }
Reserved ticket 7909 for customer 09abedee-397f-4caf-893f-aab4cee05778
Server 799bb1b2-bd8f-49e2-81f8-f7237f0eb223 received client-request: Request { kind: ReserveTicket, customer: 0c0fd990-15d4-4502-985d-c2b0380badf6, server: None, raw: .. }
Reserved ticket 7908 for customer 0c0fd990-15d4-4502-985d-c2b0380badf6
Server 799bb1b2-bd8f-49e2-81f8-f7237f0eb223 received client-request: Request { kind: ReserveTicket, customer: a4e66013-6520-49de-ad44-5c2a26f89446, server: None, raw: .. }
Reserved ticket 7907 for customer a4e66013-6520-49de-ad44-5c2a26f89446
Server 799bb1b2-bd8f-49e2-81f8-f7237f0eb223 received client-request: Request { kind: ReserveTicket, customer: 460f5ea5-2caa-44fa-aeec-ed2684de5dcc, server: None, raw: .. }
Reserved ticket 7906 for customer 460f5ea5-2caa-44fa-aeec-ed2684de5dcc
Server 799bb1b2-bd8f-49e2-81f8-f7237f0eb223 received client-request: Request { kind: ReserveTicket, customer: 89bbe07b-cdb6-43dd-a502-974530794957, server: None, raw: .. }
Reserved ticket 7905 for customer 89bbe07b-cdb6-43dd-a502-974530794957
Server 799bb1b2-bd8f-49e2-81f8-f7237f0eb223 received client-request: Request { kind: ReserveTicket, customer: 3615e0e8-a30c-4cf7-ae5e-c28eef81cfb7, server: None, raw: .. }
Reserved ticket 7904 for customer 3615e0e8-a30c-4cf7-ae5e-c28eef81cfb7
Server 799bb1b2-bd8f-49e2-81f8-f7237f0eb223 received client-request: Request { kind: ReserveTicket, customer: 62088641-7467-429b-b21b-26310c68091e, server: None, raw: .. }
Reserved ticket 7903 for customer 62088641-7467-429b-b21b-26310c68091e
Server 799bb1b2-bd8f-49e2-81f8-f7237f0eb223 received client-request: Request { kind: ReserveTicket, customer: 12c2f281-fcb1-4626-b7ec-507b470e4e9c, server: None, raw: .. }
Reserved ticket 7902 for customer 12c2f281-fcb1-4626-b7ec-507b470e4e9c
Server 799bb1b2-bd8f-49e2-81f8-f7237f0eb223 received client-request: Request { kind: ReserveTicket, customer: 8aa19047-2fb3-4ce4-ac4f-60b993ae5883, server: None, raw: .. }
Reserved ticket 7901 for customer 8aa19047-2fb3-4ce4-ac4f-60b993ae5883
Server 799bb1b2-bd8f-49e2-81f8-f7237f0eb223 received client-request: Request { kind: ReserveTicket, customer: 166833d3-e2ce-4e88-a0da-2d6b4355ab2e, server: None, raw: .. }
Reserved ticket 7900 for customer 166833d3-e2ce-4e88-a0da-2d6b4355ab2e
Server 799bb1b2-bd8f-49e2-81f8-f7237f0eb223 received client-request: Request { kind: ReserveTicket, customer: 890021b0-ead5-457e-a431-bb285a4b10e5, server: None, raw: .. }
Reserved ticket 7899 for customer 890021b0-ead5-457e-a431-bb285a4b10e5
Server 799bb1b2-bd8f-49e2-81f8-f7237f0eb223 received client-request: Request { kind: ReserveTicket, customer: da676d58-6fb2-44d0-b85e-3006148e10a7, server: None, raw: .. }
Reserved ticket 7898 for customer da676d58-6fb2-44d0-b85e-3006148e10a7
Server 799bb1b2-bd8f-49e2-81f8-f7237f0eb223 received client-request: Request { kind: ReserveTicket, customer: e8a0f040-145a-4b09-afab-3c1bc3e6414f, server: None, raw: .. }
Reserved ticket 7897 for customer e8a0f040-145a-4b09-afab-3c1bc3e6414f
Server 799bb1b2-bd8f-49e2-81f8-f7237f0eb223 received client-request: Request { kind: ReserveTicket, customer: 6c9d8f47-f263-44b3-a145-2f59d36c017f, server: None, raw: .. }
Reserved ticket 7896 for customer 6c9d8f47-f263-44b3-a145-2f59d36c017f
Server 799bb1b2-bd8f-49e2-81f8-f7237f0eb223 received client-request: Request { kind: ReserveTicket, customer: 68cc43bf-7c35-476d-8686-3b4c61ac626f, server: None, raw: .. }
Reserved ticket 7895 for customer 68cc43bf-7c35-476d-8686-3b4c61ac626f
Server 799bb1b2-bd8f-49e2-81f8-f7237f0eb223 received client-request: Request { kind: ReserveTicket, customer: 3eba3641-6feb-4e3a-a733-e0e692c9e6c1, server: None, raw: .. }
Reserved ticket 7894 for customer 3eba3641-6feb-4e3a-a733-e0e692c9e6c1
Server 799bb1b2-bd8f-49e2-81f8-f7237f0eb223 received client-request: Request { kind: ReserveTicket, customer: 11b011f6-192d-43ad-8cea-fd592a1a1899, server: None, raw: .. }
Reserved ticket 7893 for customer 11b011f6-192d-43ad-8cea-fd592a1a1899
Server 799bb1b2-bd8f-49e2-81f8-f7237f0eb223 received client-request: Request { kind: ReserveTicket, customer: 749bd070-83c9-40df-bfc0-84ebc40679cc, server: None, raw: .. }
Reserved ticket 7892 for customer 749bd070-83c9-40df-bfc0-84ebc40679cc
Server 799bb1b2-bd8f-49e2-81f8-f7237f0eb223 received client-request: Request { kind: ReserveTicket, customer: fcaa1583-ceef-4b30-b790-20018dac9167, server: None, raw: .. }
Reserved ticket 7891 for customer fcaa1583-ceef-4b30-b790-20018dac9167
Server 799bb1b2-bd8f-49e2-81f8-f7237f0eb223 received client-request: Request { kind: ReserveTicket, customer: 3978b4fa-58d6-4544-ac38-3d86e99ddcbb, server: None, raw: .. }
Reserved ticket 7890 for customer 3978b4fa-58d6-4544-ac38-3d86e99ddcbb
Server 65a51e17-fff5-4036-8b94-6db5de4d28d8 received client-request: Request { kind: ReserveTicket, customer: 5356485a-456f-4e6a-924c-c42e362502d4, server: None, raw: .. }
Reserved ticket 7889 for customer 5356485a-456f-4e6a-924c-c42e362502d4
Server 799bb1b2-bd8f-49e2-81f8-f7237f0eb223 received client-request: Request { kind: ReserveTicket, customer: 3b582ccb-eb48-4845-bccf-03db9de72a3d, server: None, raw: .. }
Reserved ticket 7888 for customer 3b582ccb-eb48-4845-bccf-03db9de72a3d
Server 799bb1b2-bd8f-49e2-81f8-f7237f0eb223 received client-request: Request { kind: ReserveTicket, customer: 108caf68-bfee-44c1-ab74-57670d47cca1, server: None, raw: .. }
Reserved ticket 7887 for customer 108caf68-bfee-44c1-ab74-57670d47cca1
Server 799bb1b2-bd8f-49e2-81f8-f7237f0eb223 received client-request: Request { kind: ReserveTicket, customer: 3555fec3-ab85-493c-9075-b83c70681581, server: None, raw: .. }
Reserved ticket 7886 for customer 3555fec3-ab85-493c-9075-b83c70681581
Server 799bb1b2-bd8f-49e2-81f8-f7237f0eb223 received client-request: Request { kind: ReserveTicket, customer: e46bddcf-590b-4f0a-806e-f259f87ec27a, server: None, raw: .. }
Reserved ticket 7885 for customer e46bddcf-590b-4f0a-806e-f259f87ec27a
Server 799bb1b2-bd8f-49e2-81f8-f7237f0eb223 received client-request: Request { kind: ReserveTicket, customer: d931e7db-521a-4eaf-acd7-077cbe1b6f8d, server: None, raw: .. }
Reserved ticket 7884 for customer d931e7db-521a-4eaf-acd7-077cbe1b6f8d
Server 799bb1b2-bd8f-49e2-81f8-f7237f0eb223 received client-request: Request { kind: ReserveTicket, customer: 81c4f22b-c4ae-449d-ad90-957652654971, server: None, raw: .. }
Reserved ticket 7883 for customer 81c4f22b-c4ae-449d-ad90-957652654971
Server 799bb1b2-bd8f-49e2-81f8-f7237f0eb223 received client-request: Request { kind: ReserveTicket, customer: b5f743ca-afc1-4720-bc1b-c3e66333b5bd, server: None, raw: .. }
Reserved ticket 7882 for customer b5f743ca-afc1-4720-bc1b-c3e66333b5bd
Server 799bb1b2-bd8f-49e2-81f8-f7237f0eb223 received client-request: Request { kind: ReserveTicket, customer: cc1f10c5-95ec-4767-867f-a33bc8ca8aa7, server: None, raw: .. }
Reserved ticket 7881 for customer cc1f10c5-95ec-4767-867f-a33bc8ca8aa7
Server 799bb1b2-bd8f-49e2-81f8-f7237f0eb223 received client-request: Request { kind: ReserveTicket, customer: f99cdbea-d72c-4ff0-9557-114c48d4a741, server: None, raw: .. }
Reserved ticket 7880 for customer f99cdbea-d72c-4ff0-9557-114c48d4a741
Server 799bb1b2-bd8f-49e2-81f8-f7237f0eb223 received client-request: Request { kind: ReserveTicket, customer: 02334981-1f02-4022-b210-9644d13de67e, server: None, raw: .. }
Reserved ticket 7879 for customer 02334981-1f02-4022-b210-9644d13de67e
Server 799bb1b2-bd8f-49e2-81f8-f7237f0eb223 received client-request: Request { kind: ReserveTicket, customer: aee2b7a5-deab-436a-ab49-77598b131630, server: None, raw: .. }
Reserved ticket 7878 for customer aee2b7a5-deab-436a-ab49-77598b131630
Server 799bb1b2-bd8f-49e2-81f8-f7237f0eb223 received client-request: Request { kind: ReserveTicket, customer: 4066ac67-29f3-4aca-b739-1fb644f703f4, server: None, raw: .. }
Reserved ticket 7877 for customer 4066ac67-29f3-4aca-b739-1fb644f703f4
Server 799bb1b2-bd8f-49e2-81f8-f7237f0eb223 received client-request: Request { kind: ReserveTicket, customer: fc4c9053-0472-4688-865a-4d6b1cc9bafe, server: None, raw: .. }
Reserved ticket 7876 for customer fc4c9053-0472-4688-865a-4d6b1cc9bafe
Server 799bb1b2-bd8f-49e2-81f8-f7237f0eb223 received client-request: Request { kind: ReserveTicket, customer: c73c1a02-23bf-4db3-856c-c0be4755a4af, server: None, raw: .. }
Reserved ticket 7875 for customer c73c1a02-23bf-4db3-856c-c0be4755a4af
Server 799bb1b2-bd8f-49e2-81f8-f7237f0eb223 received client-request: Request { kind: ReserveTicket, customer: 3bbe9d1c-dc01-4c41-9a85-2440452e2cce, server: None, raw: .. }
Reserved ticket 7874 for customer 3bbe9d1c-dc01-4c41-9a85-2440452e2cce
Server 799bb1b2-bd8f-49e2-81f8-f7237f0eb223 received client-request: Request { kind: ReserveTicket, customer: d88a84f5-8a45-4f23-8e3a-8a2aa0abbf03, server: None, raw: .. }
Reserved ticket 7873 for customer d88a84f5-8a45-4f23-8e3a-8a2aa0abbf03
Server 799bb1b2-bd8f-49e2-81f8-f7237f0eb223 received client-request: Request { kind: ReserveTicket, customer: ed875f65-b7f4-4632-bb11-d055acf98874, server: None, raw: .. }
Reserved ticket 7872 for customer ed875f65-b7f4-4632-bb11-d055acf98874
Server 799bb1b2-bd8f-49e2-81f8-f7237f0eb223 received client-request: Request { kind: ReserveTicket, customer: b6ba3d68-4ab9-4697-8802-909573eb616f, server: None, raw: .. }
Reserved ticket 7871 for customer b6ba3d68-4ab9-4697-8802-909573eb616f
Server 799bb1b2-bd8f-49e2-81f8-f7237f0eb223 received client-request: Request { kind: ReserveTicket, customer: b12be8c6-0c44-4c83-b14c-972bef3cec6a, server: None, raw: .. }
Reserved ticket 7870 for customer b12be8c6-0c44-4c83-b14c-972bef3cec6a
Server 65a51e17-fff5-4036-8b94-6db5de4d28d8 received client-request: Request { kind: ReserveTicket, customer: f625be4d-8269-4eba-b6ce-0d081530b231, server: None, raw: .. }
Reserved ticket 7869 for customer f625be4d-8269-4eba-b6ce-0d081530b231
Server 799bb1b2-bd8f-49e2-81f8-f7237f0eb223 received client-request: Request { kind: ReserveTicket, customer: 2ef529e2-8fe4-4dc4-8106-d49eca22ee76, server: None, raw: .. }
Reserved ticket 7868 for customer 2ef529e2-8fe4-4dc4-8106-d49eca22ee76
Server 799bb1b2-bd8f-49e2-81f8-f7237f0eb223 received client-request: Request { kind: ReserveTicket, customer: 19b57e5d-2826-40b7-b70e-388237857eec, server: None, raw: .. }
Reserved ticket 7867 for customer 19b57e5d-2826-40b7-b70e-388237857eec
Server 799bb1b2-bd8f-49e2-81f8-f7237f0eb223 received client-request: Request { kind: ReserveTicket, customer: 745efc7e-1184-463b-8b20-42c063303543, server: None, raw: .. }
Reserved ticket 7866 for customer 745efc7e-1184-463b-8b20-42c063303543
Server 799bb1b2-bd8f-49e2-81f8-f7237f0eb223 received client-request: Request { kind: ReserveTicket, customer: 69eb8971-2552-4eb2-ae1e-c26c2e378851, server: None, raw: .. }
Reserved ticket 7865 for customer 69eb8971-2552-4eb2-ae1e-c26c2e378851
Server 799bb1b2-bd8f-49e2-81f8-f7237f0eb223 received client-request: Request { kind: ReserveTicket, customer: 89ba26db-41bd-4bc6-aa6a-fbc3da3278f0, server: None, raw: .. }
Reserved ticket 7864 for customer 89ba26db-41bd-4bc6-aa6a-fbc3da3278f0
Server 799bb1b2-bd8f-49e2-81f8-f7237f0eb223 received client-request: Request { kind: ReserveTicket, customer: 2065f8c2-e393-433b-8dad-749c4a4ac3ef, server: None, raw: .. }
Reserved ticket 7863 for customer 2065f8c2-e393-433b-8dad-749c4a4ac3ef
Server 799bb1b2-bd8f-49e2-81f8-f7237f0eb223 received client-request: Request { kind: ReserveTicket, customer: 006802fd-69d4-4063-b1fa-a14d589eda61, server: None, raw: .. }
Reserved ticket 7862 for customer 006802fd-69d4-4063-b1fa-a14d589eda61
Server 799bb1b2-bd8f-49e2-81f8-f7237f0eb223 received client-request: Request { kind: ReserveTicket, customer: a25ffad6-47c2-4be4-b9f7-94b2990db0ad, server: None, raw: .. }
Reserved ticket 7861 for customer a25ffad6-47c2-4be4-b9f7-94b2990db0ad
Server 799bb1b2-bd8f-49e2-81f8-f7237f0eb223 received client-request: Request { kind: ReserveTicket, customer: 66da24b8-9117-4d09-832a-0151566a0d1b, server: None, raw: .. }
Reserved ticket 7860 for customer 66da24b8-9117-4d09-832a-0151566a0d1b
Server 799bb1b2-bd8f-49e2-81f8-f7237f0eb223 received client-request: Request { kind: ReserveTicket, customer: 1648a021-0b88-436e-9791-691169ae789d, server: None, raw: .. }
Reserved ticket 7859 for customer 1648a021-0b88-436e-9791-691169ae789d
Server 799bb1b2-bd8f-49e2-81f8-f7237f0eb223 received client-request: Request { kind: ReserveTicket, customer: b30a55d0-ada3-4522-aa2a-76273fe9da9e, server: None, raw: .. }
Reserved ticket 7858 for customer b30a55d0-ada3-4522-aa2a-76273fe9da9e
Server 799bb1b2-bd8f-49e2-81f8-f7237f0eb223 received client-request: Request { kind: ReserveTicket, customer: 3313216f-50f1-4d9f-a1cd-af43974a9af7, server: None, raw: .. }
Reserved ticket 7857 for customer 3313216f-50f1-4d9f-a1cd-af43974a9af7
Server 799bb1b2-bd8f-49e2-81f8-f7237f0eb223 received client-request: Request { kind: ReserveTicket, customer: 806698df-2332-4f12-b58e-e716bdeea74d, server: None, raw: .. }
Reserved ticket 7856 for customer 806698df-2332-4f12-b58e-e716bdeea74d
Server 799bb1b2-bd8f-49e2-81f8-f7237f0eb223 received client-request: Request { kind: ReserveTicket, customer: 340a07e3-c8bf-4860-b1b8-ab1a7f422b1d, server: None, raw: .. }
Reserved ticket 7855 for customer 340a07e3-c8bf-4860-b1b8-ab1a7f422b1d
Server 799bb1b2-bd8f-49e2-81f8-f7237f0eb223 received client-request: Request { kind: ReserveTicket, customer: 5c663b73-c35e-48ee-80a6-24fc4bf258e3, server: None, raw: .. }
Reserved ticket 7854 for customer 5c663b73-c35e-48ee-80a6-24fc4bf258e3
Server 799bb1b2-bd8f-49e2-81f8-f7237f0eb223 received client-request: Request { kind: ReserveTicket, customer: 37d25dab-ea0e-439f-bf13-06658c0fca88, server: None, raw: .. }
Reserved ticket 7853 for customer 37d25dab-ea0e-439f-bf13-06658c0fca88
Server 799bb1b2-bd8f-49e2-81f8-f7237f0eb223 received client-request: Request { kind: ReserveTicket, customer: 6e8f3e0a-9aa1-4df6-abc9-29c1658f0e38, server: None, raw: .. }
Reserved ticket 7852 for customer 6e8f3e0a-9aa1-4df6-abc9-29c1658f0e38
Server 799bb1b2-bd8f-49e2-81f8-f7237f0eb223 received client-request: Request { kind: ReserveTicket, customer: c1203650-832b-4bbe-b9a3-0af9b1652f2a, server: None, raw: .. }
Reserved ticket 7851 for customer c1203650-832b-4bbe-b9a3-0af9b1652f2a
Server 799bb1b2-bd8f-49e2-81f8-f7237f0eb223 received client-request: Request { kind: ReserveTicket, customer: 6d0bc65b-ae35-4813-8ef6-a142f1c0fadb, server: None, raw: .. }
Reserved ticket 7850 for customer 6d0bc65b-ae35-4813-8ef6-a142f1c0fadb
Server 65a51e17-fff5-4036-8b94-6db5de4d28d8 received client-request: Request { kind: ReserveTicket, customer: 0413cbc5-bfdc-48e4-b5b3-6d47cd281365, server: None, raw: .. }
Reserved ticket 7849 for customer 0413cbc5-bfdc-48e4-b5b3-6d47cd281365
Server 799bb1b2-bd8f-49e2-81f8-f7237f0eb223 received client-request: Request { kind: ReserveTicket, customer: 05a8b56e-c466-468a-a4af-eca064cf3ba1, server: None, raw: .. }
Reserved ticket 7848 for customer 05a8b56e-c466-468a-a4af-eca064cf3ba1
Server 799bb1b2-bd8f-49e2-81f8-f7237f0eb223 received client-request: Request { kind: ReserveTicket, customer: 0293c25e-291b-4a91-b0e5-7cc239c9d7be, server: None, raw: .. }
Reserved ticket 7847 for customer 0293c25e-291b-4a91-b0e5-7cc239c9d7be
Server 799bb1b2-bd8f-49e2-81f8-f7237f0eb223 received client-request: Request { kind: ReserveTicket, customer: 14b77e90-1de0-4348-90a6-3fc73f3312d6, server: None, raw: .. }
Reserved ticket 7846 for customer 14b77e90-1de0-4348-90a6-3fc73f3312d6
Server 799bb1b2-bd8f-49e2-81f8-f7237f0eb223 received client-request: Request { kind: ReserveTicket, customer: ac23c74d-9820-4ad3-a615-f60ce2237f5b, server: None, raw: .. }
Reserved ticket 7845 for customer ac23c74d-9820-4ad3-a615-f60ce2237f5b
Server 799bb1b2-bd8f-49e2-81f8-f7237f0eb223 received client-request: Request { kind: ReserveTicket, customer: a393f4ae-ee3a-473a-8e71-bb3920423da0, server: None, raw: .. }
Reserved ticket 7844 for customer a393f4ae-ee3a-473a-8e71-bb3920423da0
Server 799bb1b2-bd8f-49e2-81f8-f7237f0eb223 received client-request: Request { kind: ReserveTicket, customer: 8d1b7f0b-dfb2-431d-8819-62af61ba29da, server: None, raw: .. }
Reserved ticket 7843 for customer 8d1b7f0b-dfb2-431d-8819-62af61ba29da
Server 799bb1b2-bd8f-49e2-81f8-f7237f0eb223 received client-request: Request { kind: ReserveTicket, customer: 0152269e-a57f-4bf6-aae9-48d315efdee5, server: None, raw: .. }
Reserved ticket 7842 for customer 0152269e-a57f-4bf6-aae9-48d315efdee5
Server 799bb1b2-bd8f-49e2-81f8-f7237f0eb223 received client-request: Request { kind: ReserveTicket, customer: 932a0ca9-07b1-475b-a2fb-11a258254af1, server: None, raw: .. }
Reserved ticket 7841 for customer 932a0ca9-07b1-475b-a2fb-11a258254af1
Server 799bb1b2-bd8f-49e2-81f8-f7237f0eb223 received client-request: Request { kind: ReserveTicket, customer: 221e3b12-9c2f-4683-981d-997116243b9c, server: None, raw: .. }
Reserved ticket 7840 for customer 221e3b12-9c2f-4683-981d-997116243b9c
Server 799bb1b2-bd8f-49e2-81f8-f7237f0eb223 received client-request: Request { kind: ReserveTicket, customer: 912db968-c22e-459a-884b-ea315e4aeea8, server: None, raw: .. }
Reserved ticket 7839 for customer 912db968-c22e-459a-884b-ea315e4aeea8
Server 799bb1b2-bd8f-49e2-81f8-f7237f0eb223 received client-request: Request { kind: ReserveTicket, customer: aaaeaba6-38ed-4b73-8d4a-48630d88751b, server: None, raw: .. }
Reserved ticket 7838 for customer aaaeaba6-38ed-4b73-8d4a-48630d88751b
Server 799bb1b2-bd8f-49e2-81f8-f7237f0eb223 received client-request: Request { kind: ReserveTicket, customer: 48a94a4b-639b-41fa-b34e-1f3704c894e4, server: None, raw: .. }
Reserved ticket 7837 for customer 48a94a4b-639b-41fa-b34e-1f3704c894e4
Server 799bb1b2-bd8f-49e2-81f8-f7237f0eb223 received client-request: Request { kind: ReserveTicket, customer: a31d2a13-f5d4-4184-9e2d-8643472f766e, server: None, raw: .. }
Reserved ticket 7836 for customer a31d2a13-f5d4-4184-9e2d-8643472f766e
Server 799bb1b2-bd8f-49e2-81f8-f7237f0eb223 received client-request: Request { kind: ReserveTicket, customer: d876a623-1d07-43f6-849a-44da9fa165f1, server: None, raw: .. }
Reserved ticket 7835 for customer d876a623-1d07-43f6-849a-44da9fa165f1
Server 799bb1b2-bd8f-49e2-81f8-f7237f0eb223 received client-request: Request { kind: ReserveTicket, customer: 829a99a2-3518-40d8-a7fe-0eb20d8b2465, server: None, raw: .. }
Reserved ticket 7834 for customer 829a99a2-3518-40d8-a7fe-0eb20d8b2465
Server 799bb1b2-bd8f-49e2-81f8-f7237f0eb223 received client-request: Request { kind: ReserveTicket, customer: f6b8ca14-fa9c-4a2c-a84b-ba36d57eccad, server: None, raw: .. }
Reserved ticket 7833 for customer f6b8ca14-fa9c-4a2c-a84b-ba36d57eccad
Server 799bb1b2-bd8f-49e2-81f8-f7237f0eb223 received client-request: Request { kind: ReserveTicket, customer: 1700ce07-b02a-4e20-a463-e4c5d2a18842, server: None, raw: .. }
Reserved ticket 7832 for customer 1700ce07-b02a-4e20-a463-e4c5d2a18842
Server 799bb1b2-bd8f-49e2-81f8-f7237f0eb223 received client-request: Request { kind: ReserveTicket, customer: 62d4105a-57de-4639-9c8b-8722e944a955, server: None, raw: .. }
Reserved ticket 7831 for customer 62d4105a-57de-4639-9c8b-8722e944a955
Server 799bb1b2-bd8f-49e2-81f8-f7237f0eb223 received client-request: Request { kind: ReserveTicket, customer: 7294edde-76c2-4f06-80b4-cd43e42e245b, server: None, raw: .. }
Reserved ticket 7830 for customer 7294edde-76c2-4f06-80b4-cd43e42e245b
Server 65a51e17-fff5-4036-8b94-6db5de4d28d8 received client-request: Request { kind: ReserveTicket, customer: 45de2990-b7d5-4a3d-ae21-03359fc00c57, server: None, raw: .. }
Reserved ticket 7829 for customer 45de2990-b7d5-4a3d-ae21-03359fc00c57
Server 799bb1b2-bd8f-49e2-81f8-f7237f0eb223 received client-request: Request { kind: ReserveTicket, customer: 81575d60-e366-4735-b000-c4ffce11621e, server: None, raw: .. }
Reserved ticket 7828 for customer 81575d60-e366-4735-b000-c4ffce11621e
Server 799bb1b2-bd8f-49e2-81f8-f7237f0eb223 received client-request: Request { kind: ReserveTicket, customer: 15ad82fb-961f-41f2-8355-9fa0709920ab, server: None, raw: .. }
Reserved ticket 7827 for customer 15ad82fb-961f-41f2-8355-9fa0709920ab
Server 799bb1b2-bd8f-49e2-81f8-f7237f0eb223 received client-request: Request { kind: ReserveTicket, customer: 9af307fc-f066-466a-88cb-711a31b53e54, server: None, raw: .. }
Reserved ticket 7826 for customer 9af307fc-f066-466a-88cb-711a31b53e54
Server 799bb1b2-bd8f-49e2-81f8-f7237f0eb223 received client-request: Request { kind: ReserveTicket, customer: d31537f9-42e6-4f6b-a02e-f65afc53c1d4, server: None, raw: .. }
Reserved ticket 7825 for customer d31537f9-42e6-4f6b-a02e-f65afc53c1d4
Server 799bb1b2-bd8f-49e2-81f8-f7237f0eb223 received client-request: Request { kind: ReserveTicket, customer: 015f1de1-6a09-4339-9548-26d94cfdc01b, server: None, raw: .. }
Reserved ticket 7824 for customer 015f1de1-6a09-4339-9548-26d94cfdc01b
Server 799bb1b2-bd8f-49e2-81f8-f7237f0eb223 received client-request: Request { kind: ReserveTicket, customer: fa9f1e7b-9e14-4bcd-9aeb-4c3f4bc1234b, server: None, raw: .. }
Reserved ticket 7823 for customer fa9f1e7b-9e14-4bcd-9aeb-4c3f4bc1234b
Server 799bb1b2-bd8f-49e2-81f8-f7237f0eb223 received client-request: Request { kind: ReserveTicket, customer: ee3133fe-768f-42a1-b869-063e19c0f973, server: None, raw: .. }
Reserved ticket 7822 for customer ee3133fe-768f-42a1-b869-063e19c0f973
Server 799bb1b2-bd8f-49e2-81f8-f7237f0eb223 received client-request: Request { kind: ReserveTicket, customer: 0c9605a0-785a-4ad6-820d-93e42ef859ce, server: None, raw: .. }
Reserved ticket 7821 for customer 0c9605a0-785a-4ad6-820d-93e42ef859ce
Server 799bb1b2-bd8f-49e2-81f8-f7237f0eb223 received client-request: Request { kind: ReserveTicket, customer: 71e3fe32-8ec3-48ad-8b25-2e1ab9500ca9, server: None, raw: .. }
Reserved ticket 7820 for customer 71e3fe32-8ec3-48ad-8b25-2e1ab9500ca9
Server 799bb1b2-bd8f-49e2-81f8-f7237f0eb223 received client-request: Request { kind: ReserveTicket, customer: f4e1576e-870f-4854-a130-12dd3404248d, server: None, raw: .. }
Reserved ticket 7819 for customer f4e1576e-870f-4854-a130-12dd3404248d
Server 799bb1b2-bd8f-49e2-81f8-f7237f0eb223 received client-request: Request { kind: ReserveTicket, customer: 11d7cdfc-7bd0-4bb7-99ea-319af1005160, server: None, raw: .. }
Reserved ticket 7818 for customer 11d7cdfc-7bd0-4bb7-99ea-319af1005160
Server 799bb1b2-bd8f-49e2-81f8-f7237f0eb223 received client-request: Request { kind: ReserveTicket, customer: fa036ea9-4d1e-4903-a24e-eadb935c1aae, server: None, raw: .. }
Reserved ticket 7817 for customer fa036ea9-4d1e-4903-a24e-eadb935c1aae
Server 799bb1b2-bd8f-49e2-81f8-f7237f0eb223 received client-request: Request { kind: ReserveTicket, customer: a8eadbcc-39f9-4dd1-ab50-d5cd5e9184d8, server: None, raw: .. }
Reserved ticket 7816 for customer a8eadbcc-39f9-4dd1-ab50-d5cd5e9184d8
Server 799bb1b2-bd8f-49e2-81f8-f7237f0eb223 received client-request: Request { kind: ReserveTicket, customer: b06adc58-5161-46cf-afa3-881c98a08709, server: None, raw: .. }
Reserved ticket 7815 for customer b06adc58-5161-46cf-afa3-881c98a08709
Server 799bb1b2-bd8f-49e2-81f8-f7237f0eb223 received client-request: Request { kind: ReserveTicket, customer: e6e95638-a904-4b1f-9812-0c778f8d265f, server: None, raw: .. }
Reserved ticket 7814 for customer e6e95638-a904-4b1f-9812-0c778f8d265f
Server 799bb1b2-bd8f-49e2-81f8-f7237f0eb223 received client-request: Request { kind: ReserveTicket, customer: 7aee0237-2ff0-49a1-a1db-b9fe30932727, server: None, raw: .. }
Reserved ticket 7813 for customer 7aee0237-2ff0-49a1-a1db-b9fe30932727
Server 799bb1b2-bd8f-49e2-81f8-f7237f0eb223 received client-request: Request { kind: ReserveTicket, customer: 702d195b-eb74-40c8-a98c-ebe85ed29a0d, server: None, raw: .. }
Reserved ticket 7812 for customer 702d195b-eb74-40c8-a98c-ebe85ed29a0d
Server 799bb1b2-bd8f-49e2-81f8-f7237f0eb223 received client-request: Request { kind: ReserveTicket, customer: 40df23b1-bdfd-4c51-820f-5034fff7d6b1, server: None, raw: .. }
Reserved ticket 7811 for customer 40df23b1-bdfd-4c51-820f-5034fff7d6b1
Server 799bb1b2-bd8f-49e2-81f8-f7237f0eb223 received client-request: Request { kind: ReserveTicket, customer: 6e69cde2-dbae-4d56-aacb-7495643e6398, server: None, raw: .. }
Reserved ticket 7810 for customer 6e69cde2-dbae-4d56-aacb-7495643e6398
Server 65a51e17-fff5-4036-8b94-6db5de4d28d8 received client-request: Request { kind: ReserveTicket, customer: c523ea0b-7fd9-4be0-b3ca-9b0f827a168d, server: None, raw: .. }
Reserved ticket 7809 for customer c523ea0b-7fd9-4be0-b3ca-9b0f827a168d
Server 799bb1b2-bd8f-49e2-81f8-f7237f0eb223 received client-request: Request { kind: ReserveTicket, customer: b0763ae0-c421-490d-8471-95d5d66bb5e0, server: None, raw: .. }
Reserved ticket 7808 for customer b0763ae0-c421-490d-8471-95d5d66bb5e0
Server 799bb1b2-bd8f-49e2-81f8-f7237f0eb223 received client-request: Request { kind: ReserveTicket, customer: 68600610-79ef-4d5e-b8c3-746991a60461, server: None, raw: .. }
Reserved ticket 7807 for customer 68600610-79ef-4d5e-b8c3-746991a60461
Server 799bb1b2-bd8f-49e2-81f8-f7237f0eb223 received client-request: Request { kind: ReserveTicket, customer: a86f0961-6cb4-4dcf-860d-95547ce70f6c, server: None, raw: .. }
Reserved ticket 7806 for customer a86f0961-6cb4-4dcf-860d-95547ce70f6c
Server 799bb1b2-bd8f-49e2-81f8-f7237f0eb223 received client-request: Request { kind: ReserveTicket, customer: f7be1af2-caf9-4eef-a24f-1a36bccca093, server: None, raw: .. }
Reserved ticket 7805 for customer f7be1af2-caf9-4eef-a24f-1a36bccca093
Server 799bb1b2-bd8f-49e2-81f8-f7237f0eb223 received client-request: Request { kind: ReserveTicket, customer: 141a9c2f-0871-4e5e-9bbe-b24b958eac5b, server: None, raw: .. }
Reserved ticket 7804 for customer 141a9c2f-0871-4e5e-9bbe-b24b958eac5b
Server 799bb1b2-bd8f-49e2-81f8-f7237f0eb223 received client-request: Request { kind: ReserveTicket, customer: 6f1caf67-1889-4062-81ca-a34dfbc7aec9, server: None, raw: .. }
Reserved ticket 7803 for customer 6f1caf67-1889-4062-81ca-a34dfbc7aec9
Server 799bb1b2-bd8f-49e2-81f8-f7237f0eb223 received client-request: Request { kind: ReserveTicket, customer: fb16f5f5-3fcd-4e43-9e5e-059e9a339f9a, server: None, raw: .. }
Reserved ticket 7802 for customer fb16f5f5-3fcd-4e43-9e5e-059e9a339f9a
Server 799bb1b2-bd8f-49e2-81f8-f7237f0eb223 received client-request: Request { kind: ReserveTicket, customer: 1bdf7cde-001b-4913-9fbe-fe97e9a9a497, server: None, raw: .. }
Reserved ticket 7801 for customer 1bdf7cde-001b-4913-9fbe-fe97e9a9a497
Server 799bb1b2-bd8f-49e2-81f8-f7237f0eb223 received client-request: Request { kind: ReserveTicket, customer: b40a2808-e0e9-4c71-83ec-7f40ef39d64c, server: None, raw: .. }
Reserved ticket 7800 for customer b40a2808-e0e9-4c71-83ec-7f40ef39d64c
Server 799bb1b2-bd8f-49e2-81f8-f7237f0eb223 received client-request: Request { kind: ReserveTicket, customer: f08279ba-29ff-4129-bf49-71248eb888b6, server: None, raw: .. }
Reserved ticket 7799 for customer f08279ba-29ff-4129-bf49-71248eb888b6
Server 799bb1b2-bd8f-49e2-81f8-f7237f0eb223 received client-request: Request { kind: ReserveTicket, customer: 222c47d4-868c-408f-8d83-a98f77af20d2, server: None, raw: .. }
Reserved ticket 7798 for customer 222c47d4-868c-408f-8d83-a98f77af20d2
Server 799bb1b2-bd8f-49e2-81f8-f7237f0eb223 received client-request: Request { kind: ReserveTicket, customer: 5cae919f-6836-486d-8e44-485c3ebdf0e5, server: None, raw: .. }
Reserved ticket 7797 for customer 5cae919f-6836-486d-8e44-485c3ebdf0e5
Server 799bb1b2-bd8f-49e2-81f8-f7237f0eb223 received client-request: Request { kind: ReserveTicket, customer: 99a6ed22-20c6-419b-b7c8-b0b672657f83, server: None, raw: .. }
Reserved ticket 7796 for customer 99a6ed22-20c6-419b-b7c8-b0b672657f83
Server 799bb1b2-bd8f-49e2-81f8-f7237f0eb223 received client-request: Request { kind: ReserveTicket, customer: e277de08-9602-42f2-b446-e0ededcaac34, server: None, raw: .. }
Reserved ticket 7795 for customer e277de08-9602-42f2-b446-e0ededcaac34
Server 799bb1b2-bd8f-49e2-81f8-f7237f0eb223 received client-request: Request { kind: ReserveTicket, customer: a70564fe-07c0-48c9-8be7-e9c4f01cd960, server: None, raw: .. }
Reserved ticket 7794 for customer a70564fe-07c0-48c9-8be7-e9c4f01cd960
Server 799bb1b2-bd8f-49e2-81f8-f7237f0eb223 received client-request: Request { kind: ReserveTicket, customer: 32a0d3ab-eb77-4afd-b16e-9007837ed0ab, server: None, raw: .. }
Reserved ticket 7793 for customer 32a0d3ab-eb77-4afd-b16e-9007837ed0ab
Server 799bb1b2-bd8f-49e2-81f8-f7237f0eb223 received client-request: Request { kind: ReserveTicket, customer: cfd7ba16-74b1-42ba-962f-107063427899, server: None, raw: .. }
Reserved ticket 7792 for customer cfd7ba16-74b1-42ba-962f-107063427899
Server 799bb1b2-bd8f-49e2-81f8-f7237f0eb223 received client-request: Request { kind: ReserveTicket, customer: d65b42f9-4c3b-4cb8-9e15-bf57f77264f0, server: None, raw: .. }
Reserved ticket 7791 for customer d65b42f9-4c3b-4cb8-9e15-bf57f77264f0
Server 799bb1b2-bd8f-49e2-81f8-f7237f0eb223 received client-request: Request { kind: ReserveTicket, customer: 93e8fcb9-b94a-41bb-a9fd-dbb554e98d5d, server: None, raw: .. }
Reserved ticket 7790 for customer 93e8fcb9-b94a-41bb-a9fd-dbb554e98d5d
Server 65a51e17-fff5-4036-8b94-6db5de4d28d8 received client-request: Request { kind: ReserveTicket, customer: c7a47efd-ccb8-482e-a190-355312edbc08, server: None, raw: .. }
Reserved ticket 7789 for customer c7a47efd-ccb8-482e-a190-355312edbc08
Server 799bb1b2-bd8f-49e2-81f8-f7237f0eb223 received client-request: Request { kind: ReserveTicket, customer: a0542ced-fa8b-4230-91f1-4d85b0bbb5d9, server: None, raw: .. }
Reserved ticket 7788 for customer a0542ced-fa8b-4230-91f1-4d85b0bbb5d9
Server 799bb1b2-bd8f-49e2-81f8-f7237f0eb223 received client-request: Request { kind: ReserveTicket, customer: d7b40d86-069c-422d-8ec5-945098878c2a, server: None, raw: .. }
Reserved ticket 7787 for customer d7b40d86-069c-422d-8ec5-945098878c2a
Server 799bb1b2-bd8f-49e2-81f8-f7237f0eb223 received client-request: Request { kind: ReserveTicket, customer: 5d6af8e2-1411-4243-b367-e733a0d3c840, server: None, raw: .. }
Reserved ticket 7786 for customer 5d6af8e2-1411-4243-b367-e733a0d3c840
Server 799bb1b2-bd8f-49e2-81f8-f7237f0eb223 received client-request: Request { kind: ReserveTicket, customer: 8fe970f9-d15d-4094-b1db-6a81dcf2f0ba, server: None, raw: .. }
Reserved ticket 7785 for customer 8fe970f9-d15d-4094-b1db-6a81dcf2f0ba
Server 799bb1b2-bd8f-49e2-81f8-f7237f0eb223 received client-request: Request { kind: ReserveTicket, customer: 60b5844c-c970-4745-9efa-0740b4556d03, server: None, raw: .. }
Reserved ticket 7784 for customer 60b5844c-c970-4745-9efa-0740b4556d03
Server 799bb1b2-bd8f-49e2-81f8-f7237f0eb223 received client-request: Request { kind: ReserveTicket, customer: 7561421d-0c40-4bbe-8d35-4c68af9d9e93, server: None, raw: .. }
Reserved ticket 7783 for customer 7561421d-0c40-4bbe-8d35-4c68af9d9e93
Server 799bb1b2-bd8f-49e2-81f8-f7237f0eb223 received client-request: Request { kind: ReserveTicket, customer: f9a1c87c-3ba9-4322-8bcf-70e5cfd0e25f, server: None, raw: .. }
Reserved ticket 7782 for customer f9a1c87c-3ba9-4322-8bcf-70e5cfd0e25f
Server 799bb1b2-bd8f-49e2-81f8-f7237f0eb223 received client-request: Request { kind: ReserveTicket, customer: 9501343b-ff2c-462d-803f-fb16c93c3ae4, server: None, raw: .. }
Reserved ticket 7781 for customer 9501343b-ff2c-462d-803f-fb16c93c3ae4
Server 799bb1b2-bd8f-49e2-81f8-f7237f0eb223 received client-request: Request { kind: ReserveTicket, customer: d0e2f9c8-25d2-49ae-b6ea-e7de5e066e4a, server: None, raw: .. }
Reserved ticket 7780 for customer d0e2f9c8-25d2-49ae-b6ea-e7de5e066e4a
Server 799bb1b2-bd8f-49e2-81f8-f7237f0eb223 received client-request: Request { kind: ReserveTicket, customer: e835b95e-afbd-4cb9-a1be-96d396ea69e4, server: None, raw: .. }
Reserved ticket 7779 for customer e835b95e-afbd-4cb9-a1be-96d396ea69e4
Server 799bb1b2-bd8f-49e2-81f8-f7237f0eb223 received client-request: Request { kind: ReserveTicket, customer: 1066487f-ae22-48c9-bdeb-c9b599e65c00, server: None, raw: .. }
Reserved ticket 7778 for customer 1066487f-ae22-48c9-bdeb-c9b599e65c00
Server 799bb1b2-bd8f-49e2-81f8-f7237f0eb223 received client-request: Request { kind: ReserveTicket, customer: 6769713c-e6f2-47b2-9f0f-437cdef69a0c, server: None, raw: .. }
Reserved ticket 7777 for customer 6769713c-e6f2-47b2-9f0f-437cdef69a0c
Server 799bb1b2-bd8f-49e2-81f8-f7237f0eb223 received client-request: Request { kind: ReserveTicket, customer: 4488a225-16cb-4f31-8565-c5b0c83cc0cd, server: None, raw: .. }
Reserved ticket 7776 for customer 4488a225-16cb-4f31-8565-c5b0c83cc0cd
Server 799bb1b2-bd8f-49e2-81f8-f7237f0eb223 received client-request: Request { kind: ReserveTicket, customer: 360a952f-c723-4f8f-a1f5-02509def7e62, server: None, raw: .. }
Reserved ticket 7775 for customer 360a952f-c723-4f8f-a1f5-02509def7e62
Server 799bb1b2-bd8f-49e2-81f8-f7237f0eb223 received client-request: Request { kind: ReserveTicket, customer: 1e9e015d-5ccd-431e-aef3-b56516b7754f, server: None, raw: .. }
Reserved ticket 7774 for customer 1e9e015d-5ccd-431e-aef3-b56516b7754f
Server 799bb1b2-bd8f-49e2-81f8-f7237f0eb223 received client-request: Request { kind: ReserveTicket, customer: 80a97f8f-fe3a-4670-8fc3-ef8a754f66d5, server: None, raw: .. }
Reserved ticket 7773 for customer 80a97f8f-fe3a-4670-8fc3-ef8a754f66d5
Server 799bb1b2-bd8f-49e2-81f8-f7237f0eb223 received client-request: Request { kind: ReserveTicket, customer: f88d578f-cf35-4ce4-8ff3-3c130839a23a, server: None, raw: .. }
Reserved ticket 7772 for customer f88d578f-cf35-4ce4-8ff3-3c130839a23a
Server 799bb1b2-bd8f-49e2-81f8-f7237f0eb223 received client-request: Request { kind: ReserveTicket, customer: 3c7f9e24-02c3-4c37-9e3d-766ffa0dee8b, server: None, raw: .. }
Reserved ticket 7771 for customer 3c7f9e24-02c3-4c37-9e3d-766ffa0dee8b
Server 799bb1b2-bd8f-49e2-81f8-f7237f0eb223 received client-request: Request { kind: ReserveTicket, customer: 9a06393e-470b-4fc4-87d5-288add3c9a66, server: None, raw: .. }
Reserved ticket 7770 for customer 9a06393e-470b-4fc4-87d5-288add3c9a66
Server 65a51e17-fff5-4036-8b94-6db5de4d28d8 received client-request: Request { kind: ReserveTicket, customer: 3389bc40-77dc-40a6-9327-6c4be0bfefe3, server: None, raw: .. }
Reserved ticket 7769 for customer 3389bc40-77dc-40a6-9327-6c4be0bfefe3
Server 799bb1b2-bd8f-49e2-81f8-f7237f0eb223 received client-request: Request { kind: ReserveTicket, customer: c821b197-652f-4590-8499-ee77b05613bb, server: None, raw: .. }
Reserved ticket 7768 for customer c821b197-652f-4590-8499-ee77b05613bb
Server 799bb1b2-bd8f-49e2-81f8-f7237f0eb223 received client-request: Request { kind: ReserveTicket, customer: a57af2d6-c68e-483e-b269-c3b35a84c3ff, server: None, raw: .. }
Reserved ticket 7767 for customer a57af2d6-c68e-483e-b269-c3b35a84c3ff
Server 799bb1b2-bd8f-49e2-81f8-f7237f0eb223 received client-request: Request { kind: ReserveTicket, customer: 938cdcac-51bd-4c50-951d-374b82cb14ff, server: None, raw: .. }
Reserved ticket 7766 for customer 938cdcac-51bd-4c50-951d-374b82cb14ff
Server 799bb1b2-bd8f-49e2-81f8-f7237f0eb223 received client-request: Request { kind: ReserveTicket, customer: d1629761-fdd7-41b5-906e-5cd49159ac1a, server: None, raw: .. }
Reserved ticket 7765 for customer d1629761-fdd7-41b5-906e-5cd49159ac1a
Server 799bb1b2-bd8f-49e2-81f8-f7237f0eb223 received client-request: Request { kind: ReserveTicket, customer: 5e17910e-84f9-4677-ad4e-514684a9abb8, server: None, raw: .. }
Reserved ticket 7764 for customer 5e17910e-84f9-4677-ad4e-514684a9abb8
Server 799bb1b2-bd8f-49e2-81f8-f7237f0eb223 received client-request: Request { kind: ReserveTicket, customer: 5fd83026-6269-4412-b3d3-4b04c6afb14e, server: None, raw: .. }
Reserved ticket 7763 for customer 5fd83026-6269-4412-b3d3-4b04c6afb14e
Server 799bb1b2-bd8f-49e2-81f8-f7237f0eb223 received client-request: Request { kind: ReserveTicket, customer: 61e37e81-2457-43d6-9dbc-4cfc1fa5d8e8, server: None, raw: .. }
Reserved ticket 7762 for customer 61e37e81-2457-43d6-9dbc-4cfc1fa5d8e8
Server 799bb1b2-bd8f-49e2-81f8-f7237f0eb223 received client-request: Request { kind: ReserveTicket, customer: 75f0f6f8-4ecd-4f91-bf44-6b144072b928, server: None, raw: .. }
Reserved ticket 7761 for customer 75f0f6f8-4ecd-4f91-bf44-6b144072b928
Server 799bb1b2-bd8f-49e2-81f8-f7237f0eb223 received client-request: Request { kind: ReserveTicket, customer: 6b6f61ec-7262-41e5-82de-eedf64283480, server: None, raw: .. }
Reserved ticket 7760 for customer 6b6f61ec-7262-41e5-82de-eedf64283480
Server 799bb1b2-bd8f-49e2-81f8-f7237f0eb223 received client-request: Request { kind: ReserveTicket, customer: 22f74b01-59cb-4ec7-9dec-49ac15d180f1, server: None, raw: .. }
Reserved ticket 7759 for customer 22f74b01-59cb-4ec7-9dec-49ac15d180f1
Server 799bb1b2-bd8f-49e2-81f8-f7237f0eb223 received client-request: Request { kind: ReserveTicket, customer: f14c0555-9b68-4c76-88cc-cf1dea6e7ba5, server: None, raw: .. }
Reserved ticket 7758 for customer f14c0555-9b68-4c76-88cc-cf1dea6e7ba5
Server 799bb1b2-bd8f-49e2-81f8-f7237f0eb223 received client-request: Request { kind: ReserveTicket, customer: eb48d3c9-20c2-4e30-bca7-65041394b123, server: None, raw: .. }
Reserved ticket 7757 for customer eb48d3c9-20c2-4e30-bca7-65041394b123
Server 799bb1b2-bd8f-49e2-81f8-f7237f0eb223 received client-request: Request { kind: ReserveTicket, customer: abeda027-a62c-4556-8a4b-1bd71abb461e, server: None, raw: .. }
Reserved ticket 7756 for customer abeda027-a62c-4556-8a4b-1bd71abb461e
Server 799bb1b2-bd8f-49e2-81f8-f7237f0eb223 received client-request: Request { kind: ReserveTicket, customer: 2fa3162c-2b27-474a-9f71-c393766da80e, server: None, raw: .. }
Reserved ticket 7755 for customer 2fa3162c-2b27-474a-9f71-c393766da80e
Server 799bb1b2-bd8f-49e2-81f8-f7237f0eb223 received client-request: Request { kind: ReserveTicket, customer: b2b8d6de-f345-4c06-8f0e-9f7417bc672f, server: None, raw: .. }
Reserved ticket 7754 for customer b2b8d6de-f345-4c06-8f0e-9f7417bc672f
Server 799bb1b2-bd8f-49e2-81f8-f7237f0eb223 received client-request: Request { kind: ReserveTicket, customer: d907f618-3a73-4452-a439-9a1436d14de1, server: None, raw: .. }
Reserved ticket 7753 for customer d907f618-3a73-4452-a439-9a1436d14de1
Server 799bb1b2-bd8f-49e2-81f8-f7237f0eb223 received client-request: Request { kind: ReserveTicket, customer: 334116a2-4972-43e0-bc10-3c6c5954fc8b, server: None, raw: .. }
Reserved ticket 7752 for customer 334116a2-4972-43e0-bc10-3c6c5954fc8b
Server 799bb1b2-bd8f-49e2-81f8-f7237f0eb223 received client-request: Request { kind: ReserveTicket, customer: 2bb4b231-c464-49fe-b86f-ab84b8e656bc, server: None, raw: .. }
Reserved ticket 7751 for customer 2bb4b231-c464-49fe-b86f-ab84b8e656bc
Server 799bb1b2-bd8f-49e2-81f8-f7237f0eb223 received client-request: Request { kind: ReserveTicket, customer: ca619588-05ff-4e52-8424-658a8a3fe385, server: None, raw: .. }
Reserved ticket 7750 for customer ca619588-05ff-4e52-8424-658a8a3fe385
Server 65a51e17-fff5-4036-8b94-6db5de4d28d8 received client-request: Request { kind: ReserveTicket, customer: 5ebb7d39-3e22-4fd8-b88f-275967faa11d, server: None, raw: .. }
Reserved ticket 7749 for customer 5ebb7d39-3e22-4fd8-b88f-275967faa11d
Server 799bb1b2-bd8f-49e2-81f8-f7237f0eb223 received client-request: Request { kind: ReserveTicket, customer: 2077b6bf-aaf4-4c74-be42-00c224f8bcb9, server: None, raw: .. }
Reserved ticket 7748 for customer 2077b6bf-aaf4-4c74-be42-00c224f8bcb9
Server 799bb1b2-bd8f-49e2-81f8-f7237f0eb223 received client-request: Request { kind: ReserveTicket, customer: 01c0d001-bdaf-4aa9-923d-50ee536f1871, server: None, raw: .. }
Reserved ticket 7747 for customer 01c0d001-bdaf-4aa9-923d-50ee536f1871
Server 799bb1b2-bd8f-49e2-81f8-f7237f0eb223 received client-request: Request { kind: ReserveTicket, customer: 779f8159-30c5-4b51-9e83-9e05aad59243, server: None, raw: .. }
Reserved ticket 7746 for customer 779f8159-30c5-4b51-9e83-9e05aad59243
Server 799bb1b2-bd8f-49e2-81f8-f7237f0eb223 received client-request: Request { kind: ReserveTicket, customer: 76dd6a89-2735-46aa-a3a1-caad2695197f, server: None, raw: .. }
Reserved ticket 7745 for customer 76dd6a89-2735-46aa-a3a1-caad2695197f
Server 799bb1b2-bd8f-49e2-81f8-f7237f0eb223 received client-request: Request { kind: ReserveTicket, customer: 93b13bb2-0609-4d1d-bd25-f2c16bbf8eae, server: None, raw: .. }
Reserved ticket 7744 for customer 93b13bb2-0609-4d1d-bd25-f2c16bbf8eae
Server 799bb1b2-bd8f-49e2-81f8-f7237f0eb223 received client-request: Request { kind: ReserveTicket, customer: ce3057f3-bf0f-4af8-b444-7133d235c802, server: None, raw: .. }
Reserved ticket 7743 for customer ce3057f3-bf0f-4af8-b444-7133d235c802
Server 799bb1b2-bd8f-49e2-81f8-f7237f0eb223 received client-request: Request { kind: ReserveTicket, customer: a5ec1968-44f6-44bc-b335-71a33e83b680, server: None, raw: .. }
Reserved ticket 7742 for customer a5ec1968-44f6-44bc-b335-71a33e83b680
Server 799bb1b2-bd8f-49e2-81f8-f7237f0eb223 received client-request: Request { kind: ReserveTicket, customer: 3cf012fa-8b20-417a-a785-e72e1f3bf76a, server: None, raw: .. }
Reserved ticket 7741 for customer 3cf012fa-8b20-417a-a785-e72e1f3bf76a
Server 799bb1b2-bd8f-49e2-81f8-f7237f0eb223 received client-request: Request { kind: ReserveTicket, customer: c2875cce-9b43-4817-921a-2eab0effc4a4, server: None, raw: .. }
Reserved ticket 7740 for customer c2875cce-9b43-4817-921a-2eab0effc4a4
Server 799bb1b2-bd8f-49e2-81f8-f7237f0eb223 received client-request: Request { kind: ReserveTicket, customer: 946933df-1941-4fc7-a726-5b4c8f0e52bb, server: None, raw: .. }
Reserved ticket 7739 for customer 946933df-1941-4fc7-a726-5b4c8f0e52bb
Server 799bb1b2-bd8f-49e2-81f8-f7237f0eb223 received client-request: Request { kind: ReserveTicket, customer: 35afcbd3-93c7-466a-b3ec-8c687cf82125, server: None, raw: .. }
Reserved ticket 7738 for customer 35afcbd3-93c7-466a-b3ec-8c687cf82125
Server 799bb1b2-bd8f-49e2-81f8-f7237f0eb223 received client-request: Request { kind: ReserveTicket, customer: f9b64730-69a3-4f73-a1b2-44a34ef4c01e, server: None, raw: .. }
Reserved ticket 7737 for customer f9b64730-69a3-4f73-a1b2-44a34ef4c01e
Server 799bb1b2-bd8f-49e2-81f8-f7237f0eb223 received client-request: Request { kind: ReserveTicket, customer: f728f06b-f53a-44d9-9419-19f068b7abc7, server: None, raw: .. }
Reserved ticket 7736 for customer f728f06b-f53a-44d9-9419-19f068b7abc7
Server 799bb1b2-bd8f-49e2-81f8-f7237f0eb223 received client-request: Request { kind: ReserveTicket, customer: c7b984b7-a462-4869-8103-b8b2240a2ecd, server: None, raw: .. }
Reserved ticket 7735 for customer c7b984b7-a462-4869-8103-b8b2240a2ecd
Server 799bb1b2-bd8f-49e2-81f8-f7237f0eb223 received client-request: Request { kind: ReserveTicket, customer: f3d4564e-e138-4b6c-8da9-074f201d267a, server: None, raw: .. }
Reserved ticket 7734 for customer f3d4564e-e138-4b6c-8da9-074f201d267a
Server 799bb1b2-bd8f-49e2-81f8-f7237f0eb223 received client-request: Request { kind: ReserveTicket, customer: 4547121e-8740-4825-80ac-d02203805b0c, server: None, raw: .. }
Reserved ticket 7733 for customer 4547121e-8740-4825-80ac-d02203805b0c
Server 799bb1b2-bd8f-49e2-81f8-f7237f0eb223 received client-request: Request { kind: ReserveTicket, customer: 03d602d7-5abf-47b1-bfa0-f5fd2999219b, server: None, raw: .. }
Reserved ticket 7732 for customer 03d602d7-5abf-47b1-bfa0-f5fd2999219b
Server 799bb1b2-bd8f-49e2-81f8-f7237f0eb223 received client-request: Request { kind: ReserveTicket, customer: 2fb09e89-88f4-449a-a83e-327eaf7d5514, server: None, raw: .. }
Reserved ticket 7731 for customer 2fb09e89-88f4-449a-a83e-327eaf7d5514
Server 799bb1b2-bd8f-49e2-81f8-f7237f0eb223 received client-request: Request { kind: ReserveTicket, customer: 8c7c4f6b-1ba1-49c4-ba7a-dbd22494b324, server: None, raw: .. }
Reserved ticket 7730 for customer 8c7c4f6b-1ba1-49c4-ba7a-dbd22494b324
Server 65a51e17-fff5-4036-8b94-6db5de4d28d8 received client-request: Request { kind: ReserveTicket, customer: 32e7899b-fcd7-4b12-b1c5-64798e07078d, server: None, raw: .. }
Reserved ticket 7729 for customer 32e7899b-fcd7-4b12-b1c5-64798e07078d
Server 799bb1b2-bd8f-49e2-81f8-f7237f0eb223 received client-request: Request { kind: ReserveTicket, customer: d8eb7567-9684-45a4-80b9-c009b8258465, server: None, raw: .. }
Reserved ticket 7728 for customer d8eb7567-9684-45a4-80b9-c009b8258465
Server 799bb1b2-bd8f-49e2-81f8-f7237f0eb223 received client-request: Request { kind: ReserveTicket, customer: 04b53c25-dc0f-46fc-98df-acec74d0acc3, server: None, raw: .. }
Reserved ticket 7727 for customer 04b53c25-dc0f-46fc-98df-acec74d0acc3
Server 799bb1b2-bd8f-49e2-81f8-f7237f0eb223 received client-request: Request { kind: ReserveTicket, customer: dbee6d61-5676-49cf-9be8-460d1ba35f08, server: None, raw: .. }
Reserved ticket 7726 for customer dbee6d61-5676-49cf-9be8-460d1ba35f08
Server 799bb1b2-bd8f-49e2-81f8-f7237f0eb223 received client-request: Request { kind: ReserveTicket, customer: 383127bd-7aed-4f48-994c-f78ca4c74209, server: None, raw: .. }
Reserved ticket 7725 for customer 383127bd-7aed-4f48-994c-f78ca4c74209
Server 799bb1b2-bd8f-49e2-81f8-f7237f0eb223 received client-request: Request { kind: ReserveTicket, customer: 28f67a16-bec9-4a9c-9904-02bea5079912, server: None, raw: .. }
Reserved ticket 7724 for customer 28f67a16-bec9-4a9c-9904-02bea5079912
Server 799bb1b2-bd8f-49e2-81f8-f7237f0eb223 received client-request: Request { kind: ReserveTicket, customer: f2663ea4-dcc3-41e6-b56d-0ffd40204800, server: None, raw: .. }
Reserved ticket 7723 for customer f2663ea4-dcc3-41e6-b56d-0ffd40204800
Server 799bb1b2-bd8f-49e2-81f8-f7237f0eb223 received client-request: Request { kind: ReserveTicket, customer: 6021e950-ae39-49cd-8659-2ab59fdf5764, server: None, raw: .. }
Reserved ticket 7722 for customer 6021e950-ae39-49cd-8659-2ab59fdf5764
Server 799bb1b2-bd8f-49e2-81f8-f7237f0eb223 received client-request: Request { kind: ReserveTicket, customer: 0f2101c5-fb86-440c-add5-f4216da8345e, server: None, raw: .. }
Reserved ticket 7721 for customer 0f2101c5-fb86-440c-add5-f4216da8345e
Server 799bb1b2-bd8f-49e2-81f8-f7237f0eb223 received client-request: Request { kind: ReserveTicket, customer: 189c2706-42e8-4d9d-9a75-e52d807f1057, server: None, raw: .. }
Reserved ticket 7720 for customer 189c2706-42e8-4d9d-9a75-e52d807f1057
Server 799bb1b2-bd8f-49e2-81f8-f7237f0eb223 received client-request: Request { kind: ReserveTicket, customer: 93adb248-ee5c-43d8-93f8-0912cf1ee5ac, server: None, raw: .. }
Reserved ticket 7719 for customer 93adb248-ee5c-43d8-93f8-0912cf1ee5ac
Server 799bb1b2-bd8f-49e2-81f8-f7237f0eb223 received client-request: Request { kind: ReserveTicket, customer: e474d04f-b469-45ff-9b94-f59238f5b7a8, server: None, raw: .. }
Reserved ticket 7718 for customer e474d04f-b469-45ff-9b94-f59238f5b7a8
Server 799bb1b2-bd8f-49e2-81f8-f7237f0eb223 received client-request: Request { kind: ReserveTicket, customer: c04f6648-26a7-47a1-b6b2-4f53d5b16751, server: None, raw: .. }
Reserved ticket 7717 for customer c04f6648-26a7-47a1-b6b2-4f53d5b16751
Server 799bb1b2-bd8f-49e2-81f8-f7237f0eb223 received client-request: Request { kind: ReserveTicket, customer: 19ac1906-650c-4b0d-97e1-a89397e23d35, server: None, raw: .. }
Reserved ticket 7716 for customer 19ac1906-650c-4b0d-97e1-a89397e23d35
Server 799bb1b2-bd8f-49e2-81f8-f7237f0eb223 received client-request: Request { kind: ReserveTicket, customer: 2a8b2590-69cb-4c15-8cea-dc16bc55ceef, server: None, raw: .. }
Reserved ticket 7715 for customer 2a8b2590-69cb-4c15-8cea-dc16bc55ceef
Server 799bb1b2-bd8f-49e2-81f8-f7237f0eb223 received client-request: Request { kind: ReserveTicket, customer: b6926b21-2099-431b-b4d6-c46bfb26c07f, server: None, raw: .. }
Reserved ticket 7714 for customer b6926b21-2099-431b-b4d6-c46bfb26c07f
Server 799bb1b2-bd8f-49e2-81f8-f7237f0eb223 received client-request: Request { kind: ReserveTicket, customer: 9445736e-0e71-4820-9b30-351e8b7464fd, server: None, raw: .. }
Reserved ticket 7713 for customer 9445736e-0e71-4820-9b30-351e8b7464fd
Server 799bb1b2-bd8f-49e2-81f8-f7237f0eb223 received client-request: Request { kind: ReserveTicket, customer: 45910c65-ddce-4426-80fc-2a768f9b85d0, server: None, raw: .. }
Reserved ticket 7712 for customer 45910c65-ddce-4426-80fc-2a768f9b85d0
Server 799bb1b2-bd8f-49e2-81f8-f7237f0eb223 received client-request: Request { kind: ReserveTicket, customer: 83772f1c-af3d-4783-be72-035c9cc956d3, server: None, raw: .. }
Reserved ticket 7711 for customer 83772f1c-af3d-4783-be72-035c9cc956d3
Server 799bb1b2-bd8f-49e2-81f8-f7237f0eb223 received client-request: Request { kind: ReserveTicket, customer: 5e438953-f0d7-4b97-aed3-1aeea284c12b, server: None, raw: .. }
Reserved ticket 7710 for customer 5e438953-f0d7-4b97-aed3-1aeea284c12b
Server 65a51e17-fff5-4036-8b94-6db5de4d28d8 received client-request: Request { kind: ReserveTicket, customer: 965102fa-47e9-47ab-97ec-cfb49ce86ea4, server: None, raw: .. }
Reserved ticket 7709 for customer 965102fa-47e9-47ab-97ec-cfb49ce86ea4
Server 799bb1b2-bd8f-49e2-81f8-f7237f0eb223 received client-request: Request { kind: ReserveTicket, customer: a46d1f9c-527e-416c-b007-a59705ff441f, server: None, raw: .. }
Reserved ticket 7708 for customer a46d1f9c-527e-416c-b007-a59705ff441f
Server 799bb1b2-bd8f-49e2-81f8-f7237f0eb223 received client-request: Request { kind: ReserveTicket, customer: e9a4f522-0f07-4ca8-982b-e31acc6b37a1, server: None, raw: .. }
Reserved ticket 7707 for customer e9a4f522-0f07-4ca8-982b-e31acc6b37a1
Server 799bb1b2-bd8f-49e2-81f8-f7237f0eb223 received client-request: Request { kind: ReserveTicket, customer: 163e9c1a-95e0-4530-a29b-2be943483c5a, server: None, raw: .. }
Reserved ticket 7706 for customer 163e9c1a-95e0-4530-a29b-2be943483c5a
Server 799bb1b2-bd8f-49e2-81f8-f7237f0eb223 received client-request: Request { kind: ReserveTicket, customer: 583dbb68-da75-400b-8cb5-7f9efd849342, server: None, raw: .. }
Reserved ticket 7705 for customer 583dbb68-da75-400b-8cb5-7f9efd849342
Server 799bb1b2-bd8f-49e2-81f8-f7237f0eb223 received client-request: Request { kind: ReserveTicket, customer: 9ca2c0bb-11bd-4ecd-82e6-57bbe559f613, server: None, raw: .. }
Reserved ticket 7704 for customer 9ca2c0bb-11bd-4ecd-82e6-57bbe559f613
Server 799bb1b2-bd8f-49e2-81f8-f7237f0eb223 received client-request: Request { kind: ReserveTicket, customer: b2dd24a5-79bd-4e29-96b9-5b886310f0b5, server: None, raw: .. }
Reserved ticket 7703 for customer b2dd24a5-79bd-4e29-96b9-5b886310f0b5
Server 799bb1b2-bd8f-49e2-81f8-f7237f0eb223 received client-request: Request { kind: ReserveTicket, customer: 20e0a8b4-e361-441e-b46c-9121692c7213, server: None, raw: .. }
Reserved ticket 7702 for customer 20e0a8b4-e361-441e-b46c-9121692c7213
Server 799bb1b2-bd8f-49e2-81f8-f7237f0eb223 received client-request: Request { kind: ReserveTicket, customer: 72216478-cbd9-40e7-a4a0-35f9a090f07a, server: None, raw: .. }
Reserved ticket 7701 for customer 72216478-cbd9-40e7-a4a0-35f9a090f07a
Server 799bb1b2-bd8f-49e2-81f8-f7237f0eb223 received client-request: Request { kind: ReserveTicket, customer: 313aff33-356d-45ef-b63c-3ad34187aeb9, server: None, raw: .. }
Reserved ticket 7700 for customer 313aff33-356d-45ef-b63c-3ad34187aeb9
Server 799bb1b2-bd8f-49e2-81f8-f7237f0eb223 received client-request: Request { kind: ReserveTicket, customer: 06235a53-a2f1-40ee-a2fd-2c2630e0869a, server: None, raw: .. }
Reserved ticket 7699 for customer 06235a53-a2f1-40ee-a2fd-2c2630e0869a
Server 799bb1b2-bd8f-49e2-81f8-f7237f0eb223 received client-request: Request { kind: ReserveTicket, customer: 259602e4-8f3f-41a5-9831-ba1f4b0bbd56, server: None, raw: .. }
Reserved ticket 7698 for customer 259602e4-8f3f-41a5-9831-ba1f4b0bbd56
Server 799bb1b2-bd8f-49e2-81f8-f7237f0eb223 received client-request: Request { kind: ReserveTicket, customer: 7fea4b02-6e57-4688-93c7-47e9d2c3c98f, server: None, raw: .. }
Reserved ticket 7697 for customer 7fea4b02-6e57-4688-93c7-47e9d2c3c98f
Server 799bb1b2-bd8f-49e2-81f8-f7237f0eb223 received client-request: Request { kind: ReserveTicket, customer: 08e4f596-25d1-428c-a29b-daecb4509ab4, server: None, raw: .. }
Reserved ticket 7696 for customer 08e4f596-25d1-428c-a29b-daecb4509ab4
Server 799bb1b2-bd8f-49e2-81f8-f7237f0eb223 received client-request: Request { kind: ReserveTicket, customer: 3653fab3-9fd4-4f29-bf5d-5e919386ad29, server: None, raw: .. }
Reserved ticket 7695 for customer 3653fab3-9fd4-4f29-bf5d-5e919386ad29
Server 799bb1b2-bd8f-49e2-81f8-f7237f0eb223 received client-request: Request { kind: ReserveTicket, customer: 92311d4a-f9d8-402e-a54c-5e0e1cf579d0, server: None, raw: .. }
Reserved ticket 7694 for customer 92311d4a-f9d8-402e-a54c-5e0e1cf579d0
Server 799bb1b2-bd8f-49e2-81f8-f7237f0eb223 received client-request: Request { kind: ReserveTicket, customer: 0da220cc-83e0-4f96-be56-e466256578a2, server: None, raw: .. }
Reserved ticket 7693 for customer 0da220cc-83e0-4f96-be56-e466256578a2
Server 799bb1b2-bd8f-49e2-81f8-f7237f0eb223 received client-request: Request { kind: ReserveTicket, customer: 17e2b0b6-063c-4b9d-9655-94e97fddc6e5, server: None, raw: .. }
Reserved ticket 7692 for customer 17e2b0b6-063c-4b9d-9655-94e97fddc6e5
Server 799bb1b2-bd8f-49e2-81f8-f7237f0eb223 received client-request: Request { kind: ReserveTicket, customer: 58ee30d1-a201-4888-a819-a75ae15edd66, server: None, raw: .. }
Reserved ticket 7691 for customer 58ee30d1-a201-4888-a819-a75ae15edd66
Server 799bb1b2-bd8f-49e2-81f8-f7237f0eb223 received client-request: Request { kind: ReserveTicket, customer: f987dd5a-e6d8-4351-beea-f9a89dc62364, server: None, raw: .. }
Reserved ticket 7690 for customer f987dd5a-e6d8-4351-beea-f9a89dc62364
Server 65a51e17-fff5-4036-8b94-6db5de4d28d8 received client-request: Request { kind: ReserveTicket, customer: 200a2907-de2e-40ea-9ea6-850e1218e19e, server: None, raw: .. }
Reserved ticket 7689 for customer 200a2907-de2e-40ea-9ea6-850e1218e19e
Server 799bb1b2-bd8f-49e2-81f8-f7237f0eb223 received client-request: Request { kind: ReserveTicket, customer: 5578b1c6-a7ab-43a6-8810-013028354615, server: None, raw: .. }
Reserved ticket 7688 for customer 5578b1c6-a7ab-43a6-8810-013028354615
Server 799bb1b2-bd8f-49e2-81f8-f7237f0eb223 received client-request: Request { kind: ReserveTicket, customer: 5cf460a9-8ab9-4aec-a6d2-866e0ebbdfbd, server: None, raw: .. }
Reserved ticket 7687 for customer 5cf460a9-8ab9-4aec-a6d2-866e0ebbdfbd
Server 799bb1b2-bd8f-49e2-81f8-f7237f0eb223 received client-request: Request { kind: ReserveTicket, customer: f0367562-2256-4a99-af99-4dab4ca3f79a, server: None, raw: .. }
Reserved ticket 7686 for customer f0367562-2256-4a99-af99-4dab4ca3f79a
Server 799bb1b2-bd8f-49e2-81f8-f7237f0eb223 received client-request: Request { kind: ReserveTicket, customer: 0815c2b6-2742-4e94-af78-ca6b624de7c5, server: None, raw: .. }
Reserved ticket 7685 for customer 0815c2b6-2742-4e94-af78-ca6b624de7c5
Server 799bb1b2-bd8f-49e2-81f8-f7237f0eb223 received client-request: Request { kind: ReserveTicket, customer: 867c6da4-46f4-44fa-8f10-4b4aec0a5a61, server: None, raw: .. }
Reserved ticket 7684 for customer 867c6da4-46f4-44fa-8f10-4b4aec0a5a61
Server 799bb1b2-bd8f-49e2-81f8-f7237f0eb223 received client-request: Request { kind: ReserveTicket, customer: b26bab0e-e16a-49ba-942b-cda46b74baa7, server: None, raw: .. }
Reserved ticket 7683 for customer b26bab0e-e16a-49ba-942b-cda46b74baa7
Server 799bb1b2-bd8f-49e2-81f8-f7237f0eb223 received client-request: Request { kind: ReserveTicket, customer: 7f1a7808-51dd-429c-ae30-66f6a1e9da58, server: None, raw: .. }
Reserved ticket 7682 for customer 7f1a7808-51dd-429c-ae30-66f6a1e9da58
Server 799bb1b2-bd8f-49e2-81f8-f7237f0eb223 received client-request: Request { kind: ReserveTicket, customer: 721cfe61-f06d-4ad3-9b58-24c8c4e78fb4, server: None, raw: .. }
Reserved ticket 7681 for customer 721cfe61-f06d-4ad3-9b58-24c8c4e78fb4
Server 799bb1b2-bd8f-49e2-81f8-f7237f0eb223 received client-request: Request { kind: ReserveTicket, customer: 3c739d58-8588-44e0-a310-8c748129520e, server: None, raw: .. }
Reserved ticket 7680 for customer 3c739d58-8588-44e0-a310-8c748129520e
Server 799bb1b2-bd8f-49e2-81f8-f7237f0eb223 received client-request: Request { kind: ReserveTicket, customer: a3a77e54-70a8-499a-8121-7e40cbaf5e68, server: None, raw: .. }
Reserved ticket 7679 for customer a3a77e54-70a8-499a-8121-7e40cbaf5e68
Server 799bb1b2-bd8f-49e2-81f8-f7237f0eb223 received client-request: Request { kind: ReserveTicket, customer: 1985d413-0884-424d-9ce6-b4ba1ddf6155, server: None, raw: .. }
Reserved ticket 7678 for customer 1985d413-0884-424d-9ce6-b4ba1ddf6155
Server 799bb1b2-bd8f-49e2-81f8-f7237f0eb223 received client-request: Request { kind: ReserveTicket, customer: ebf116d7-70fc-44e4-b6fb-9dfa2fbaafc1, server: None, raw: .. }
Reserved ticket 7677 for customer ebf116d7-70fc-44e4-b6fb-9dfa2fbaafc1
Server 799bb1b2-bd8f-49e2-81f8-f7237f0eb223 received client-request: Request { kind: ReserveTicket, customer: 088aea8b-4309-4a41-83e9-51c1daac8b7b, server: None, raw: .. }
Reserved ticket 7676 for customer 088aea8b-4309-4a41-83e9-51c1daac8b7b
Server 799bb1b2-bd8f-49e2-81f8-f7237f0eb223 received client-request: Request { kind: ReserveTicket, customer: 93a90291-0afe-419b-8ca1-80c5a1853976, server: None, raw: .. }
Reserved ticket 7675 for customer 93a90291-0afe-419b-8ca1-80c5a1853976
Server 799bb1b2-bd8f-49e2-81f8-f7237f0eb223 received client-request: Request { kind: ReserveTicket, customer: 4908ec3d-a7ce-4189-a535-e772caa5a9bd, server: None, raw: .. }
Reserved ticket 7674 for customer 4908ec3d-a7ce-4189-a535-e772caa5a9bd
Server 799bb1b2-bd8f-49e2-81f8-f7237f0eb223 received client-request: Request { kind: ReserveTicket, customer: 59693f6c-fd2c-4552-a215-d07418b4f7c9, server: None, raw: .. }
Reserved ticket 7673 for customer 59693f6c-fd2c-4552-a215-d07418b4f7c9
Server 799bb1b2-bd8f-49e2-81f8-f7237f0eb223 received client-request: Request { kind: ReserveTicket, customer: 3e0c33f7-b9a1-45cd-9a39-e4e2d6d18f00, server: None, raw: .. }
Reserved ticket 7672 for customer 3e0c33f7-b9a1-45cd-9a39-e4e2d6d18f00
Server 799bb1b2-bd8f-49e2-81f8-f7237f0eb223 received client-request: Request { kind: ReserveTicket, customer: 4c872e18-61db-4a42-b9e6-3c45b89f843f, server: None, raw: .. }
Reserved ticket 7671 for customer 4c872e18-61db-4a42-b9e6-3c45b89f843f
Server 799bb1b2-bd8f-49e2-81f8-f7237f0eb223 received client-request: Request { kind: ReserveTicket, customer: 424fb3ef-0148-47a8-a59d-daa758e930bf, server: None, raw: .. }
Reserved ticket 7670 for customer 424fb3ef-0148-47a8-a59d-daa758e930bf
Server 65a51e17-fff5-4036-8b94-6db5de4d28d8 received client-request: Request { kind: ReserveTicket, customer: cb00640b-7429-4696-8d5c-237907dd418d, server: None, raw: .. }
Reserved ticket 7669 for customer cb00640b-7429-4696-8d5c-237907dd418d
Server 799bb1b2-bd8f-49e2-81f8-f7237f0eb223 received client-request: Request { kind: ReserveTicket, customer: 2bc1f395-c73b-4187-b920-952b9212c747, server: None, raw: .. }
Reserved ticket 7668 for customer 2bc1f395-c73b-4187-b920-952b9212c747
Server 799bb1b2-bd8f-49e2-81f8-f7237f0eb223 received client-request: Request { kind: ReserveTicket, customer: 4c69c741-c0c2-4a7d-86b0-87762b0e84b3, server: None, raw: .. }
Reserved ticket 7667 for customer 4c69c741-c0c2-4a7d-86b0-87762b0e84b3
Server 799bb1b2-bd8f-49e2-81f8-f7237f0eb223 received client-request: Request { kind: ReserveTicket, customer: fcc946a0-0746-42c2-a490-6ea0e4d74429, server: None, raw: .. }
Reserved ticket 7666 for customer fcc946a0-0746-42c2-a490-6ea0e4d74429
Server 799bb1b2-bd8f-49e2-81f8-f7237f0eb223 received client-request: Request { kind: ReserveTicket, customer: ca0f9c7c-f361-46bd-8c65-d00d31feea7d, server: None, raw: .. }
Reserved ticket 7665 for customer ca0f9c7c-f361-46bd-8c65-d00d31feea7d
Server 799bb1b2-bd8f-49e2-81f8-f7237f0eb223 received client-request: Request { kind: ReserveTicket, customer: f3de631e-712a-4103-ac4a-f88c11679643, server: None, raw: .. }
Reserved ticket 7664 for customer f3de631e-712a-4103-ac4a-f88c11679643
Server 799bb1b2-bd8f-49e2-81f8-f7237f0eb223 received client-request: Request { kind: ReserveTicket, customer: 3052d813-076f-4075-9a5e-c58078e8798b, server: None, raw: .. }
Reserved ticket 7663 for customer 3052d813-076f-4075-9a5e-c58078e8798b
Server 799bb1b2-bd8f-49e2-81f8-f7237f0eb223 received client-request: Request { kind: ReserveTicket, customer: 518c9266-3b3e-42ec-90fe-1116c4e766c4, server: None, raw: .. }
Reserved ticket 7662 for customer 518c9266-3b3e-42ec-90fe-1116c4e766c4
Server 799bb1b2-bd8f-49e2-81f8-f7237f0eb223 received client-request: Request { kind: ReserveTicket, customer: 6bbdcbd4-4a9b-48fd-b545-ca67960aeb7d, server: None, raw: .. }
Reserved ticket 7661 for customer 6bbdcbd4-4a9b-48fd-b545-ca67960aeb7d
Server 799bb1b2-bd8f-49e2-81f8-f7237f0eb223 received client-request: Request { kind: ReserveTicket, customer: df7af490-a0a3-4b27-ab71-ba9c3383b40a, server: None, raw: .. }
Reserved ticket 7660 for customer df7af490-a0a3-4b27-ab71-ba9c3383b40a
Server 799bb1b2-bd8f-49e2-81f8-f7237f0eb223 received client-request: Request { kind: ReserveTicket, customer: 806f1ca1-d6ad-40d8-b2f6-21239b075464, server: None, raw: .. }
Reserved ticket 7659 for customer 806f1ca1-d6ad-40d8-b2f6-21239b075464
Server 799bb1b2-bd8f-49e2-81f8-f7237f0eb223 received client-request: Request { kind: ReserveTicket, customer: 8de2ae6e-7352-42e9-8987-7f2f3682ef1b, server: None, raw: .. }
Reserved ticket 7658 for customer 8de2ae6e-7352-42e9-8987-7f2f3682ef1b
Server 799bb1b2-bd8f-49e2-81f8-f7237f0eb223 received client-request: Request { kind: ReserveTicket, customer: 86c1d51a-75a9-41ae-b635-665aba66fef1, server: None, raw: .. }
Reserved ticket 7657 for customer 86c1d51a-75a9-41ae-b635-665aba66fef1
Server 799bb1b2-bd8f-49e2-81f8-f7237f0eb223 received client-request: Request { kind: ReserveTicket, customer: c7cdf9dd-8877-484a-a4a4-41fa10a6e3a4, server: None, raw: .. }
Reserved ticket 7656 for customer c7cdf9dd-8877-484a-a4a4-41fa10a6e3a4
Server 799bb1b2-bd8f-49e2-81f8-f7237f0eb223 received client-request: Request { kind: ReserveTicket, customer: 2ce7e2a4-8552-4e64-9395-65b9bd814c6e, server: None, raw: .. }
Reserved ticket 7655 for customer 2ce7e2a4-8552-4e64-9395-65b9bd814c6e
Server 799bb1b2-bd8f-49e2-81f8-f7237f0eb223 received client-request: Request { kind: ReserveTicket, customer: 6b0d9292-17ca-4101-a330-5e8f78d5b399, server: None, raw: .. }
Reserved ticket 7654 for customer 6b0d9292-17ca-4101-a330-5e8f78d5b399
Server 799bb1b2-bd8f-49e2-81f8-f7237f0eb223 received client-request: Request { kind: ReserveTicket, customer: afbde1d1-720d-47ec-8664-a75b5a2f273f, server: None, raw: .. }
Reserved ticket 7653 for customer afbde1d1-720d-47ec-8664-a75b5a2f273f
Server 799bb1b2-bd8f-49e2-81f8-f7237f0eb223 received client-request: Request { kind: ReserveTicket, customer: 347ebb27-f121-49e6-add3-cab12a7ca6d0, server: None, raw: .. }
Reserved ticket 7652 for customer 347ebb27-f121-49e6-add3-cab12a7ca6d0
Server 799bb1b2-bd8f-49e2-81f8-f7237f0eb223 received client-request: Request { kind: ReserveTicket, customer: c4d6008f-9807-4094-afaf-101911da9404, server: None, raw: .. }
Reserved ticket 7651 for customer c4d6008f-9807-4094-afaf-101911da9404
Server 799bb1b2-bd8f-49e2-81f8-f7237f0eb223 received client-request: Request { kind: ReserveTicket, customer: a3af8c25-b9df-4e7c-91f4-28e47eee93b7, server: None, raw: .. }
Reserved ticket 7650 for customer a3af8c25-b9df-4e7c-91f4-28e47eee93b7
Server 65a51e17-fff5-4036-8b94-6db5de4d28d8 received client-request: Request { kind: ReserveTicket, customer: 09610731-af0d-46ac-b4e3-8e69467c4e10, server: None, raw: .. }
Reserved ticket 7649 for customer 09610731-af0d-46ac-b4e3-8e69467c4e10
Server 799bb1b2-bd8f-49e2-81f8-f7237f0eb223 received client-request: Request { kind: ReserveTicket, customer: 460478c2-3bb7-4b77-baf9-43f883cfab36, server: None, raw: .. }
Reserved ticket 7648 for customer 460478c2-3bb7-4b77-baf9-43f883cfab36
Server 799bb1b2-bd8f-49e2-81f8-f7237f0eb223 received client-request: Request { kind: ReserveTicket, customer: 348a5fed-ff13-41f1-b786-733d089b677a, server: None, raw: .. }
Reserved ticket 7647 for customer 348a5fed-ff13-41f1-b786-733d089b677a
Server 799bb1b2-bd8f-49e2-81f8-f7237f0eb223 received client-request: Request { kind: ReserveTicket, customer: 9da88de6-e201-4d9d-8759-2c6383e3902c, server: None, raw: .. }
Reserved ticket 7646 for customer 9da88de6-e201-4d9d-8759-2c6383e3902c
Server 799bb1b2-bd8f-49e2-81f8-f7237f0eb223 received client-request: Request { kind: ReserveTicket, customer: d496bdd0-afdd-40a2-bf86-20e6ad82c1a9, server: None, raw: .. }
Reserved ticket 7645 for customer d496bdd0-afdd-40a2-bf86-20e6ad82c1a9
Server 799bb1b2-bd8f-49e2-81f8-f7237f0eb223 received client-request: Request { kind: ReserveTicket, customer: 149577ac-650b-4bf1-bf2e-0641d34e2e4b, server: None, raw: .. }
Reserved ticket 7644 for customer 149577ac-650b-4bf1-bf2e-0641d34e2e4b
Server 799bb1b2-bd8f-49e2-81f8-f7237f0eb223 received client-request: Request { kind: ReserveTicket, customer: 4e60eba3-d90f-4d2b-95ce-bc38da8a186b, server: None, raw: .. }
Reserved ticket 7643 for customer 4e60eba3-d90f-4d2b-95ce-bc38da8a186b
Server 799bb1b2-bd8f-49e2-81f8-f7237f0eb223 received client-request: Request { kind: ReserveTicket, customer: 7e18da20-0f2f-4086-9185-a033324925b9, server: None, raw: .. }
Reserved ticket 7642 for customer 7e18da20-0f2f-4086-9185-a033324925b9
Server 799bb1b2-bd8f-49e2-81f8-f7237f0eb223 received client-request: Request { kind: ReserveTicket, customer: 4a4b86ad-79b1-44c5-8662-e49653b028d8, server: None, raw: .. }
Reserved ticket 7641 for customer 4a4b86ad-79b1-44c5-8662-e49653b028d8
Server 799bb1b2-bd8f-49e2-81f8-f7237f0eb223 received client-request: Request { kind: ReserveTicket, customer: d8f4885e-70b0-4664-92f7-2707694d75ff, server: None, raw: .. }
Reserved ticket 7640 for customer d8f4885e-70b0-4664-92f7-2707694d75ff
Server 799bb1b2-bd8f-49e2-81f8-f7237f0eb223 received client-request: Request { kind: ReserveTicket, customer: 9c251559-c62a-4d95-bb59-d6720e0c9d55, server: None, raw: .. }
Reserved ticket 7639 for customer 9c251559-c62a-4d95-bb59-d6720e0c9d55
Server 799bb1b2-bd8f-49e2-81f8-f7237f0eb223 received client-request: Request { kind: ReserveTicket, customer: a5cbd64d-e759-4731-bbad-7db6126ced7e, server: None, raw: .. }
Reserved ticket 7638 for customer a5cbd64d-e759-4731-bbad-7db6126ced7e
Server 799bb1b2-bd8f-49e2-81f8-f7237f0eb223 received client-request: Request { kind: ReserveTicket, customer: 2fee4cba-e2ae-430a-95b7-60b5813d0ae6, server: None, raw: .. }
Reserved ticket 7637 for customer 2fee4cba-e2ae-430a-95b7-60b5813d0ae6
Server 799bb1b2-bd8f-49e2-81f8-f7237f0eb223 received client-request: Request { kind: ReserveTicket, customer: 77276e0c-dca8-497a-814d-7151e96a8e65, server: None, raw: .. }
Reserved ticket 7636 for customer 77276e0c-dca8-497a-814d-7151e96a8e65
Server 799bb1b2-bd8f-49e2-81f8-f7237f0eb223 received client-request: Request { kind: ReserveTicket, customer: c4d6a388-3d15-40ce-a111-7ada0f2d6f8b, server: None, raw: .. }
Reserved ticket 7635 for customer c4d6a388-3d15-40ce-a111-7ada0f2d6f8b
Server 799bb1b2-bd8f-49e2-81f8-f7237f0eb223 received client-request: Request { kind: ReserveTicket, customer: cce64f4f-f561-4898-b612-7235825793c8, server: None, raw: .. }
Reserved ticket 7634 for customer cce64f4f-f561-4898-b612-7235825793c8
Server 799bb1b2-bd8f-49e2-81f8-f7237f0eb223 received client-request: Request { kind: ReserveTicket, customer: 9aab41cd-cedc-47e4-9eed-159323e0a5d4, server: None, raw: .. }
Reserved ticket 7633 for customer 9aab41cd-cedc-47e4-9eed-159323e0a5d4
Server 799bb1b2-bd8f-49e2-81f8-f7237f0eb223 received client-request: Request { kind: ReserveTicket, customer: a2e0fdb0-0810-4ead-b8a5-87761150a35f, server: None, raw: .. }
Reserved ticket 7632 for customer a2e0fdb0-0810-4ead-b8a5-87761150a35f
Server 799bb1b2-bd8f-49e2-81f8-f7237f0eb223 received client-request: Request { kind: ReserveTicket, customer: a0d86067-f758-4515-b053-c0ed5f3abb8f, server: None, raw: .. }
Reserved ticket 7631 for customer a0d86067-f758-4515-b053-c0ed5f3abb8f
Server 799bb1b2-bd8f-49e2-81f8-f7237f0eb223 received client-request: Request { kind: ReserveTicket, customer: e018a62c-14b2-46e0-8279-2cb510701f6a, server: None, raw: .. }
Reserved ticket 7630 for customer e018a62c-14b2-46e0-8279-2cb510701f6a
Server 65a51e17-fff5-4036-8b94-6db5de4d28d8 received client-request: Request { kind: ReserveTicket, customer: 5df8f710-6063-4c19-b8e8-13a4f451ddd0, server: None, raw: .. }
Reserved ticket 7629 for customer 5df8f710-6063-4c19-b8e8-13a4f451ddd0
Server 799bb1b2-bd8f-49e2-81f8-f7237f0eb223 received client-request: Request { kind: ReserveTicket, customer: bfb49c1b-cb6f-4a94-9bd8-bb7c8b9d2fb0, server: None, raw: .. }
Reserved ticket 7628 for customer bfb49c1b-cb6f-4a94-9bd8-bb7c8b9d2fb0
Server 799bb1b2-bd8f-49e2-81f8-f7237f0eb223 received client-request: Request { kind: ReserveTicket, customer: 28492e53-4494-4a43-9f32-53181384824e, server: None, raw: .. }
Reserved ticket 7627 for customer 28492e53-4494-4a43-9f32-53181384824e
Server 799bb1b2-bd8f-49e2-81f8-f7237f0eb223 received client-request: Request { kind: ReserveTicket, customer: 3be77b1d-6b26-4794-aea3-c02e01d6767e, server: None, raw: .. }
Reserved ticket 7626 for customer 3be77b1d-6b26-4794-aea3-c02e01d6767e
Server 799bb1b2-bd8f-49e2-81f8-f7237f0eb223 received client-request: Request { kind: ReserveTicket, customer: 15a47205-353d-41ec-8cf6-9f9077552307, server: None, raw: .. }
Reserved ticket 7625 for customer 15a47205-353d-41ec-8cf6-9f9077552307
Server 799bb1b2-bd8f-49e2-81f8-f7237f0eb223 received client-request: Request { kind: ReserveTicket, customer: 44b1ddb9-ecae-4565-a164-98406d87eeec, server: None, raw: .. }
Reserved ticket 7624 for customer 44b1ddb9-ecae-4565-a164-98406d87eeec
Server 799bb1b2-bd8f-49e2-81f8-f7237f0eb223 received client-request: Request { kind: ReserveTicket, customer: 6d8aa353-6532-4204-acfe-ae13fff8e580, server: None, raw: .. }
Reserved ticket 7623 for customer 6d8aa353-6532-4204-acfe-ae13fff8e580
Server 799bb1b2-bd8f-49e2-81f8-f7237f0eb223 received client-request: Request { kind: ReserveTicket, customer: e3f0bde2-90ae-48ac-b92b-69b0cc320781, server: None, raw: .. }
Reserved ticket 7622 for customer e3f0bde2-90ae-48ac-b92b-69b0cc320781
Server 799bb1b2-bd8f-49e2-81f8-f7237f0eb223 received client-request: Request { kind: ReserveTicket, customer: da61ac80-1b0e-40fa-a0c5-3417c42575e3, server: None, raw: .. }
Reserved ticket 7621 for customer da61ac80-1b0e-40fa-a0c5-3417c42575e3
Server 799bb1b2-bd8f-49e2-81f8-f7237f0eb223 received client-request: Request { kind: ReserveTicket, customer: 2cfe7a1a-1f1f-4485-8f38-9330a2a88d76, server: None, raw: .. }
Reserved ticket 7620 for customer 2cfe7a1a-1f1f-4485-8f38-9330a2a88d76
Server 799bb1b2-bd8f-49e2-81f8-f7237f0eb223 received client-request: Request { kind: ReserveTicket, customer: 32bd0f0c-a574-47e6-9f7b-90dea66255df, server: None, raw: .. }
Reserved ticket 7619 for customer 32bd0f0c-a574-47e6-9f7b-90dea66255df
Server 799bb1b2-bd8f-49e2-81f8-f7237f0eb223 received client-request: Request { kind: ReserveTicket, customer: 2c06d373-19d4-4227-a832-7fce0f2e3f4d, server: None, raw: .. }
Reserved ticket 7618 for customer 2c06d373-19d4-4227-a832-7fce0f2e3f4d
Server 799bb1b2-bd8f-49e2-81f8-f7237f0eb223 received client-request: Request { kind: ReserveTicket, customer: ee933af2-f15d-418b-98d1-46201a0351df, server: None, raw: .. }
Reserved ticket 7617 for customer ee933af2-f15d-418b-98d1-46201a0351df
Server 799bb1b2-bd8f-49e2-81f8-f7237f0eb223 received client-request: Request { kind: ReserveTicket, customer: 128a203c-d8d6-4d52-955c-7b0d50a28070, server: None, raw: .. }
Reserved ticket 7616 for customer 128a203c-d8d6-4d52-955c-7b0d50a28070
Server 799bb1b2-bd8f-49e2-81f8-f7237f0eb223 received client-request: Request { kind: ReserveTicket, customer: 0518185a-c304-4e35-9242-bbcd396339b9, server: None, raw: .. }
Reserved ticket 7615 for customer 0518185a-c304-4e35-9242-bbcd396339b9
Server 799bb1b2-bd8f-49e2-81f8-f7237f0eb223 received client-request: Request { kind: ReserveTicket, customer: cfc61976-b500-46c2-8e5e-1927c380baf1, server: None, raw: .. }
Reserved ticket 7614 for customer cfc61976-b500-46c2-8e5e-1927c380baf1
Server 799bb1b2-bd8f-49e2-81f8-f7237f0eb223 received client-request: Request { kind: ReserveTicket, customer: cb8d9c98-9938-48a4-a15c-fd452bbad049, server: None, raw: .. }
Reserved ticket 7613 for customer cb8d9c98-9938-48a4-a15c-fd452bbad049
Server 799bb1b2-bd8f-49e2-81f8-f7237f0eb223 received client-request: Request { kind: ReserveTicket, customer: b4fe0579-9e0e-495b-b821-e156cb74cca5, server: None, raw: .. }
Reserved ticket 7612 for customer b4fe0579-9e0e-495b-b821-e156cb74cca5
Server 799bb1b2-bd8f-49e2-81f8-f7237f0eb223 received client-request: Request { kind: ReserveTicket, customer: 9a98a8b7-f164-4b37-9ac2-f2dd12c7fe10, server: None, raw: .. }
Reserved ticket 7611 for customer 9a98a8b7-f164-4b37-9ac2-f2dd12c7fe10
Server 799bb1b2-bd8f-49e2-81f8-f7237f0eb223 received client-request: Request { kind: ReserveTicket, customer: 40e6a2e5-a962-409b-8d30-81423d1debf1, server: None, raw: .. }
Reserved ticket 7610 for customer 40e6a2e5-a962-409b-8d30-81423d1debf1
Server 65a51e17-fff5-4036-8b94-6db5de4d28d8 received client-request: Request { kind: ReserveTicket, customer: 7904f8bd-f998-4a6c-b67f-f70bcd368890, server: None, raw: .. }
Reserved ticket 7609 for customer 7904f8bd-f998-4a6c-b67f-f70bcd368890
Server 799bb1b2-bd8f-49e2-81f8-f7237f0eb223 received client-request: Request { kind: ReserveTicket, customer: 3473bf3e-7ec0-4584-900d-c4002b6cc9aa, server: None, raw: .. }
Reserved ticket 7608 for customer 3473bf3e-7ec0-4584-900d-c4002b6cc9aa
Server 799bb1b2-bd8f-49e2-81f8-f7237f0eb223 received client-request: Request { kind: ReserveTicket, customer: b892fea7-3ed8-416b-950d-54baaf0f3575, server: None, raw: .. }
Reserved ticket 7607 for customer b892fea7-3ed8-416b-950d-54baaf0f3575
Server 799bb1b2-bd8f-49e2-81f8-f7237f0eb223 received client-request: Request { kind: ReserveTicket, customer: b338adab-d3ab-424e-90f1-6fc4061343d0, server: None, raw: .. }
Reserved ticket 7606 for customer b338adab-d3ab-424e-90f1-6fc4061343d0
Server 799bb1b2-bd8f-49e2-81f8-f7237f0eb223 received client-request: Request { kind: ReserveTicket, customer: bb2acf65-8690-4765-8684-450c1c906f56, server: None, raw: .. }
Reserved ticket 7605 for customer bb2acf65-8690-4765-8684-450c1c906f56
Server 799bb1b2-bd8f-49e2-81f8-f7237f0eb223 received client-request: Request { kind: ReserveTicket, customer: e2d43a35-15d1-4b7f-909b-2bbd30c41ad3, server: None, raw: .. }
Reserved ticket 7604 for customer e2d43a35-15d1-4b7f-909b-2bbd30c41ad3
Server 799bb1b2-bd8f-49e2-81f8-f7237f0eb223 received client-request: Request { kind: ReserveTicket, customer: e2c3a220-afe1-41eb-b711-48f0b12e31d0, server: None, raw: .. }
Reserved ticket 7603 for customer e2c3a220-afe1-41eb-b711-48f0b12e31d0
Server 799bb1b2-bd8f-49e2-81f8-f7237f0eb223 received client-request: Request { kind: ReserveTicket, customer: fdae1418-3f25-4e08-9845-8752fbead532, server: None, raw: .. }
Reserved ticket 7602 for customer fdae1418-3f25-4e08-9845-8752fbead532
Server 799bb1b2-bd8f-49e2-81f8-f7237f0eb223 received client-request: Request { kind: ReserveTicket, customer: 89d37f88-e1d0-45b8-b395-e0c950b0de89, server: None, raw: .. }
Reserved ticket 7601 for customer 89d37f88-e1d0-45b8-b395-e0c950b0de89
Server 799bb1b2-bd8f-49e2-81f8-f7237f0eb223 received client-request: Request { kind: ReserveTicket, customer: 6caa2122-73ed-4b8b-865f-008551c9cf24, server: None, raw: .. }
Reserved ticket 7600 for customer 6caa2122-73ed-4b8b-865f-008551c9cf24
Server 799bb1b2-bd8f-49e2-81f8-f7237f0eb223 received client-request: Request { kind: ReserveTicket, customer: 0f790b4a-5e45-4ca6-b66d-5b9310a842b0, server: None, raw: .. }
Reserved ticket 7599 for customer 0f790b4a-5e45-4ca6-b66d-5b9310a842b0
Server 799bb1b2-bd8f-49e2-81f8-f7237f0eb223 received client-request: Request { kind: ReserveTicket, customer: 5b8c289b-e4cc-4863-b77b-78c33011372e, server: None, raw: .. }
Reserved ticket 7598 for customer 5b8c289b-e4cc-4863-b77b-78c33011372e
Server 799bb1b2-bd8f-49e2-81f8-f7237f0eb223 received client-request: Request { kind: ReserveTicket, customer: b4989928-e160-440b-995e-862abb73a196, server: None, raw: .. }
Reserved ticket 7597 for customer b4989928-e160-440b-995e-862abb73a196
Server 799bb1b2-bd8f-49e2-81f8-f7237f0eb223 received client-request: Request { kind: ReserveTicket, customer: dcaff662-2fe2-4022-94de-a96ec8a22b11, server: None, raw: .. }
Reserved ticket 7596 for customer dcaff662-2fe2-4022-94de-a96ec8a22b11
Server 799bb1b2-bd8f-49e2-81f8-f7237f0eb223 received client-request: Request { kind: ReserveTicket, customer: 789247ec-3ee3-4cab-b01b-48ebba1085e4, server: None, raw: .. }
Reserved ticket 7595 for customer 789247ec-3ee3-4cab-b01b-48ebba1085e4
Server 799bb1b2-bd8f-49e2-81f8-f7237f0eb223 received client-request: Request { kind: ReserveTicket, customer: 8b8f3fd3-0253-45d9-be85-e5af115472f4, server: None, raw: .. }
Reserved ticket 7594 for customer 8b8f3fd3-0253-45d9-be85-e5af115472f4
Server 799bb1b2-bd8f-49e2-81f8-f7237f0eb223 received client-request: Request { kind: ReserveTicket, customer: 1e58c721-9afc-4087-9670-1503fdb658c9, server: None, raw: .. }
Reserved ticket 7593 for customer 1e58c721-9afc-4087-9670-1503fdb658c9
Server 799bb1b2-bd8f-49e2-81f8-f7237f0eb223 received client-request: Request { kind: ReserveTicket, customer: d6d35691-3152-4e8b-b0b2-82192dd87f1a, server: None, raw: .. }
Reserved ticket 7592 for customer d6d35691-3152-4e8b-b0b2-82192dd87f1a
Server 799bb1b2-bd8f-49e2-81f8-f7237f0eb223 received client-request: Request { kind: ReserveTicket, customer: 43054c98-04de-4a8c-9210-fd692a504a80, server: None, raw: .. }
Reserved ticket 7591 for customer 43054c98-04de-4a8c-9210-fd692a504a80
Server 799bb1b2-bd8f-49e2-81f8-f7237f0eb223 received client-request: Request { kind: ReserveTicket, customer: 81f0a5d4-5a56-4a05-9343-e81848437226, server: None, raw: .. }
Reserved ticket 7590 for customer 81f0a5d4-5a56-4a05-9343-e81848437226
Server 65a51e17-fff5-4036-8b94-6db5de4d28d8 received client-request: Request { kind: ReserveTicket, customer: 19287dbe-ccf4-453d-a629-ab1ded33eebe, server: None, raw: .. }
Reserved ticket 7589 for customer 19287dbe-ccf4-453d-a629-ab1ded33eebe
Server 799bb1b2-bd8f-49e2-81f8-f7237f0eb223 received client-request: Request { kind: ReserveTicket, customer: 35bea570-7430-4ca2-942c-a18c562db62e, server: None, raw: .. }
Reserved ticket 7588 for customer 35bea570-7430-4ca2-942c-a18c562db62e
Server 799bb1b2-bd8f-49e2-81f8-f7237f0eb223 received client-request: Request { kind: ReserveTicket, customer: abeaeda5-c45e-42b4-ac0b-4ea103143dfe, server: None, raw: .. }
Reserved ticket 7587 for customer abeaeda5-c45e-42b4-ac0b-4ea103143dfe
Server 799bb1b2-bd8f-49e2-81f8-f7237f0eb223 received client-request: Request { kind: ReserveTicket, customer: bf5af7fb-2913-47a3-8622-90ec1b5d2e62, server: None, raw: .. }
Reserved ticket 7586 for customer bf5af7fb-2913-47a3-8622-90ec1b5d2e62
Server 799bb1b2-bd8f-49e2-81f8-f7237f0eb223 received client-request: Request { kind: ReserveTicket, customer: 25230415-1804-4cd3-8778-9a6fa996ac99, server: None, raw: .. }
Reserved ticket 7585 for customer 25230415-1804-4cd3-8778-9a6fa996ac99
Server 799bb1b2-bd8f-49e2-81f8-f7237f0eb223 received client-request: Request { kind: ReserveTicket, customer: 195a025d-328d-4609-a610-c24589e7346d, server: None, raw: .. }
Reserved ticket 7584 for customer 195a025d-328d-4609-a610-c24589e7346d
Server 799bb1b2-bd8f-49e2-81f8-f7237f0eb223 received client-request: Request { kind: ReserveTicket, customer: 6c25c6c8-d2c0-4b9b-ac72-1e726c270e10, server: None, raw: .. }
Reserved ticket 7583 for customer 6c25c6c8-d2c0-4b9b-ac72-1e726c270e10
Server 799bb1b2-bd8f-49e2-81f8-f7237f0eb223 received client-request: Request { kind: ReserveTicket, customer: b121a41f-9bc8-4de4-85dc-bb4e94506906, server: None, raw: .. }
Reserved ticket 7582 for customer b121a41f-9bc8-4de4-85dc-bb4e94506906
Server 799bb1b2-bd8f-49e2-81f8-f7237f0eb223 received client-request: Request { kind: ReserveTicket, customer: b73877b2-c9f2-4c09-835f-df955c6ba69f, server: None, raw: .. }
Reserved ticket 7581 for customer b73877b2-c9f2-4c09-835f-df955c6ba69f
Server 799bb1b2-bd8f-49e2-81f8-f7237f0eb223 received client-request: Request { kind: ReserveTicket, customer: c0e3f1b8-2137-46b8-b88e-0637a9877845, server: None, raw: .. }
Reserved ticket 7580 for customer c0e3f1b8-2137-46b8-b88e-0637a9877845
Server 799bb1b2-bd8f-49e2-81f8-f7237f0eb223 received client-request: Request { kind: ReserveTicket, customer: 3d81700f-3738-420a-80de-4838f22fe5a8, server: None, raw: .. }
Reserved ticket 7579 for customer 3d81700f-3738-420a-80de-4838f22fe5a8
Server 799bb1b2-bd8f-49e2-81f8-f7237f0eb223 received client-request: Request { kind: ReserveTicket, customer: 321e8699-9026-4860-9de1-e4435b9b2cb1, server: None, raw: .. }
Reserved ticket 7578 for customer 321e8699-9026-4860-9de1-e4435b9b2cb1
Server 799bb1b2-bd8f-49e2-81f8-f7237f0eb223 received client-request: Request { kind: ReserveTicket, customer: 78e66f6e-ed2f-43de-90b3-2b27314dfee7, server: None, raw: .. }
Reserved ticket 7577 for customer 78e66f6e-ed2f-43de-90b3-2b27314dfee7
Server 799bb1b2-bd8f-49e2-81f8-f7237f0eb223 received client-request: Request { kind: ReserveTicket, customer: 8f2c6d88-712a-4af9-a21e-b0e6a58a42dc, server: None, raw: .. }
Reserved ticket 7576 for customer 8f2c6d88-712a-4af9-a21e-b0e6a58a42dc
Server 799bb1b2-bd8f-49e2-81f8-f7237f0eb223 received client-request: Request { kind: ReserveTicket, customer: 46be0ced-2a4c-4705-87b7-066387111cbf, server: None, raw: .. }
Reserved ticket 7575 for customer 46be0ced-2a4c-4705-87b7-066387111cbf
Server 799bb1b2-bd8f-49e2-81f8-f7237f0eb223 received client-request: Request { kind: ReserveTicket, customer: be34fedf-2729-4431-a86b-8db7e4c1da01, server: None, raw: .. }
Reserved ticket 7574 for customer be34fedf-2729-4431-a86b-8db7e4c1da01
Server 799bb1b2-bd8f-49e2-81f8-f7237f0eb223 received client-request: Request { kind: ReserveTicket, customer: 49ba1fc6-c741-4327-bf4c-260bb7c21a5a, server: None, raw: .. }
Reserved ticket 7573 for customer 49ba1fc6-c741-4327-bf4c-260bb7c21a5a
Server 799bb1b2-bd8f-49e2-81f8-f7237f0eb223 received client-request: Request { kind: ReserveTicket, customer: 8b1ae5d1-5cab-4304-a326-ea00fd02ccb9, server: None, raw: .. }
Reserved ticket 7572 for customer 8b1ae5d1-5cab-4304-a326-ea00fd02ccb9
Server 799bb1b2-bd8f-49e2-81f8-f7237f0eb223 received client-request: Request { kind: ReserveTicket, customer: 03f32dfa-e2e4-46aa-b7dc-db4fca9c5c48, server: None, raw: .. }
Reserved ticket 7571 for customer 03f32dfa-e2e4-46aa-b7dc-db4fca9c5c48
Server 799bb1b2-bd8f-49e2-81f8-f7237f0eb223 received client-request: Request { kind: ReserveTicket, customer: 25055105-472a-49cd-8740-b8222e0f2e32, server: None, raw: .. }
Reserved ticket 7570 for customer 25055105-472a-49cd-8740-b8222e0f2e32
Server 65a51e17-fff5-4036-8b94-6db5de4d28d8 received client-request: Request { kind: ReserveTicket, customer: 835407e5-60c8-4bf2-978d-9db608f608c0, server: None, raw: .. }
Reserved ticket 7569 for customer 835407e5-60c8-4bf2-978d-9db608f608c0
Server 799bb1b2-bd8f-49e2-81f8-f7237f0eb223 received client-request: Request { kind: ReserveTicket, customer: 3add6260-6b4a-4bb0-8de5-9287855b89af, server: None, raw: .. }
Reserved ticket 7568 for customer 3add6260-6b4a-4bb0-8de5-9287855b89af
Server 799bb1b2-bd8f-49e2-81f8-f7237f0eb223 received client-request: Request { kind: ReserveTicket, customer: 35519065-ae59-4196-91df-51d8cd394695, server: None, raw: .. }
Reserved ticket 7567 for customer 35519065-ae59-4196-91df-51d8cd394695
Server 799bb1b2-bd8f-49e2-81f8-f7237f0eb223 received client-request: Request { kind: ReserveTicket, customer: 2254545d-208b-4989-8b18-c1362af6a3d0, server: None, raw: .. }
Reserved ticket 7566 for customer 2254545d-208b-4989-8b18-c1362af6a3d0
Server 799bb1b2-bd8f-49e2-81f8-f7237f0eb223 received client-request: Request { kind: ReserveTicket, customer: 3612557e-13e7-468c-9cce-2bf24800073c, server: None, raw: .. }
Reserved ticket 7565 for customer 3612557e-13e7-468c-9cce-2bf24800073c
Server 799bb1b2-bd8f-49e2-81f8-f7237f0eb223 received client-request: Request { kind: ReserveTicket, customer: 087b7fe4-b7b3-4357-bde5-2ddd478471c3, server: None, raw: .. }
Reserved ticket 7564 for customer 087b7fe4-b7b3-4357-bde5-2ddd478471c3
Server 799bb1b2-bd8f-49e2-81f8-f7237f0eb223 received client-request: Request { kind: ReserveTicket, customer: 35473bc6-b783-4be4-9d5d-0d8dcd45e437, server: None, raw: .. }
Reserved ticket 7563 for customer 35473bc6-b783-4be4-9d5d-0d8dcd45e437
Server 799bb1b2-bd8f-49e2-81f8-f7237f0eb223 received client-request: Request { kind: ReserveTicket, customer: 376df224-0fb6-4b77-b2e2-8ae2ac5b5668, server: None, raw: .. }
Reserved ticket 7562 for customer 376df224-0fb6-4b77-b2e2-8ae2ac5b5668
Server 799bb1b2-bd8f-49e2-81f8-f7237f0eb223 received client-request: Request { kind: ReserveTicket, customer: 7425d61c-f1c0-4d6e-ab0b-c7316d0790a9, server: None, raw: .. }
Reserved ticket 7561 for customer 7425d61c-f1c0-4d6e-ab0b-c7316d0790a9
Server 799bb1b2-bd8f-49e2-81f8-f7237f0eb223 received client-request: Request { kind: ReserveTicket, customer: 7c6f37fc-c88d-4306-8aa8-299b047ae245, server: None, raw: .. }
Reserved ticket 7560 for customer 7c6f37fc-c88d-4306-8aa8-299b047ae245
Server 799bb1b2-bd8f-49e2-81f8-f7237f0eb223 received client-request: Request { kind: ReserveTicket, customer: 9ecacd34-46ab-4d89-adee-49fecfe6bcbb, server: None, raw: .. }
Reserved ticket 7559 for customer 9ecacd34-46ab-4d89-adee-49fecfe6bcbb
Server 799bb1b2-bd8f-49e2-81f8-f7237f0eb223 received client-request: Request { kind: ReserveTicket, customer: c732f58d-27d4-48e4-b201-5cfba2109458, server: None, raw: .. }
Reserved ticket 7558 for customer c732f58d-27d4-48e4-b201-5cfba2109458
Server 799bb1b2-bd8f-49e2-81f8-f7237f0eb223 received client-request: Request { kind: ReserveTicket, customer: b2863b5a-cbed-4ab4-b9ca-45a168e7e128, server: None, raw: .. }
Reserved ticket 7557 for customer b2863b5a-cbed-4ab4-b9ca-45a168e7e128
Server 799bb1b2-bd8f-49e2-81f8-f7237f0eb223 received client-request: Request { kind: ReserveTicket, customer: 735ca057-c76d-4aa4-ad4f-438bfec64ea4, server: None, raw: .. }
Reserved ticket 7556 for customer 735ca057-c76d-4aa4-ad4f-438bfec64ea4
Server 799bb1b2-bd8f-49e2-81f8-f7237f0eb223 received client-request: Request { kind: ReserveTicket, customer: 191e833c-d504-4839-b17d-35cc52237129, server: None, raw: .. }
Reserved ticket 7555 for customer 191e833c-d504-4839-b17d-35cc52237129
Server 799bb1b2-bd8f-49e2-81f8-f7237f0eb223 received client-request: Request { kind: ReserveTicket, customer: 61e8bd22-a4f5-49f1-930a-02b138c38d83, server: None, raw: .. }
Reserved ticket 7554 for customer 61e8bd22-a4f5-49f1-930a-02b138c38d83
Server 799bb1b2-bd8f-49e2-81f8-f7237f0eb223 received client-request: Request { kind: ReserveTicket, customer: 945c5295-48e1-4f3f-b069-ba1e05367a82, server: None, raw: .. }
Reserved ticket 7553 for customer 945c5295-48e1-4f3f-b069-ba1e05367a82
Server 799bb1b2-bd8f-49e2-81f8-f7237f0eb223 received client-request: Request { kind: ReserveTicket, customer: cf9db6fc-47c7-47a8-9fc0-685977c3ed57, server: None, raw: .. }
Reserved ticket 7552 for customer cf9db6fc-47c7-47a8-9fc0-685977c3ed57
Server 799bb1b2-bd8f-49e2-81f8-f7237f0eb223 received client-request: Request { kind: ReserveTicket, customer: 85deb177-17b4-4d1f-96e9-7d10ab9dc5c0, server: None, raw: .. }
Reserved ticket 7551 for customer 85deb177-17b4-4d1f-96e9-7d10ab9dc5c0
Server 799bb1b2-bd8f-49e2-81f8-f7237f0eb223 received client-request: Request { kind: ReserveTicket, customer: a0200fab-4e48-4f8a-aa42-66b32f64ca71, server: None, raw: .. }
Reserved ticket 7550 for customer a0200fab-4e48-4f8a-aa42-66b32f64ca71
Server 65a51e17-fff5-4036-8b94-6db5de4d28d8 received client-request: Request { kind: ReserveTicket, customer: 5242bc9f-6031-4b97-a205-e08d8152a81c, server: None, raw: .. }
Reserved ticket 7549 for customer 5242bc9f-6031-4b97-a205-e08d8152a81c
Server 799bb1b2-bd8f-49e2-81f8-f7237f0eb223 received client-request: Request { kind: ReserveTicket, customer: 206c8480-49aa-4d3f-8ae9-bc613fd7b4d6, server: None, raw: .. }
Reserved ticket 7548 for customer 206c8480-49aa-4d3f-8ae9-bc613fd7b4d6
Server 799bb1b2-bd8f-49e2-81f8-f7237f0eb223 received client-request: Request { kind: ReserveTicket, customer: 4b43d531-3cbe-463c-9a0e-fb1344c07651, server: None, raw: .. }
Reserved ticket 7547 for customer 4b43d531-3cbe-463c-9a0e-fb1344c07651
Server 799bb1b2-bd8f-49e2-81f8-f7237f0eb223 received client-request: Request { kind: ReserveTicket, customer: 29debd51-d243-47ae-b018-6f3354364b07, server: None, raw: .. }
Reserved ticket 7546 for customer 29debd51-d243-47ae-b018-6f3354364b07
Server 799bb1b2-bd8f-49e2-81f8-f7237f0eb223 received client-request: Request { kind: ReserveTicket, customer: f0c25208-2d6e-4833-9f06-71dd7efe0242, server: None, raw: .. }
Reserved ticket 7545 for customer f0c25208-2d6e-4833-9f06-71dd7efe0242
Server 799bb1b2-bd8f-49e2-81f8-f7237f0eb223 received client-request: Request { kind: ReserveTicket, customer: aea14570-70af-4aa2-9fe5-b4ae4c1cbc03, server: None, raw: .. }
Reserved ticket 7544 for customer aea14570-70af-4aa2-9fe5-b4ae4c1cbc03
Server 799bb1b2-bd8f-49e2-81f8-f7237f0eb223 received client-request: Request { kind: ReserveTicket, customer: 26de4273-8102-424a-9976-61a5679ecbf6, server: None, raw: .. }
Reserved ticket 7543 for customer 26de4273-8102-424a-9976-61a5679ecbf6
Server 799bb1b2-bd8f-49e2-81f8-f7237f0eb223 received client-request: Request { kind: ReserveTicket, customer: 393c3532-0b0c-4799-8214-2c3273c32987, server: None, raw: .. }
Reserved ticket 7542 for customer 393c3532-0b0c-4799-8214-2c3273c32987
Server 799bb1b2-bd8f-49e2-81f8-f7237f0eb223 received client-request: Request { kind: ReserveTicket, customer: 7da1e08b-1cfd-4bec-911c-98033470c05d, server: None, raw: .. }
Reserved ticket 7541 for customer 7da1e08b-1cfd-4bec-911c-98033470c05d
Server 799bb1b2-bd8f-49e2-81f8-f7237f0eb223 received client-request: Request { kind: ReserveTicket, customer: 97add93e-4309-4e80-8fce-10795de546b2, server: None, raw: .. }
Reserved ticket 7540 for customer 97add93e-4309-4e80-8fce-10795de546b2
Server 799bb1b2-bd8f-49e2-81f8-f7237f0eb223 received client-request: Request { kind: ReserveTicket, customer: 30be6b5f-3cc4-4ee3-a27d-4e820802b9cf, server: None, raw: .. }
Reserved ticket 7539 for customer 30be6b5f-3cc4-4ee3-a27d-4e820802b9cf
Server 799bb1b2-bd8f-49e2-81f8-f7237f0eb223 received client-request: Request { kind: ReserveTicket, customer: a8f5c0da-f54f-4c3e-90d9-317c07a3b310, server: None, raw: .. }
Reserved ticket 7538 for customer a8f5c0da-f54f-4c3e-90d9-317c07a3b310
Server 799bb1b2-bd8f-49e2-81f8-f7237f0eb223 received client-request: Request { kind: ReserveTicket, customer: 12342f6a-838a-4698-aef3-9aa9b04fc760, server: None, raw: .. }
Reserved ticket 7537 for customer 12342f6a-838a-4698-aef3-9aa9b04fc760
Server 799bb1b2-bd8f-49e2-81f8-f7237f0eb223 received client-request: Request { kind: ReserveTicket, customer: ddd39206-45c8-4995-8a93-bcbf9a1260f0, server: None, raw: .. }
Reserved ticket 7536 for customer ddd39206-45c8-4995-8a93-bcbf9a1260f0
Server 799bb1b2-bd8f-49e2-81f8-f7237f0eb223 received client-request: Request { kind: ReserveTicket, customer: 3f458b9b-e9ec-4c90-93aa-b95c966f0025, server: None, raw: .. }
Reserved ticket 7535 for customer 3f458b9b-e9ec-4c90-93aa-b95c966f0025
Server 799bb1b2-bd8f-49e2-81f8-f7237f0eb223 received client-request: Request { kind: ReserveTicket, customer: 2ef97e59-af0c-4df1-8aa6-8004a9d72bb6, server: None, raw: .. }
Reserved ticket 7534 for customer 2ef97e59-af0c-4df1-8aa6-8004a9d72bb6
Server 799bb1b2-bd8f-49e2-81f8-f7237f0eb223 received client-request: Request { kind: ReserveTicket, customer: 882ff890-9a90-4739-8ec7-fba4ee137c2a, server: None, raw: .. }
Reserved ticket 7533 for customer 882ff890-9a90-4739-8ec7-fba4ee137c2a
Server 799bb1b2-bd8f-49e2-81f8-f7237f0eb223 received client-request: Request { kind: ReserveTicket, customer: ad57c1e9-de0d-4773-ab02-57e49d3bea50, server: None, raw: .. }
Reserved ticket 7532 for customer ad57c1e9-de0d-4773-ab02-57e49d3bea50
Server 799bb1b2-bd8f-49e2-81f8-f7237f0eb223 received client-request: Request { kind: ReserveTicket, customer: db1c2eb5-a5d4-4a1d-9741-2bd692231a1b, server: None, raw: .. }
Reserved ticket 7531 for customer db1c2eb5-a5d4-4a1d-9741-2bd692231a1b
Server 799bb1b2-bd8f-49e2-81f8-f7237f0eb223 received client-request: Request { kind: ReserveTicket, customer: b0bf8e01-b062-4dab-a29d-c3c5023fa944, server: None, raw: .. }
Reserved ticket 7530 for customer b0bf8e01-b062-4dab-a29d-c3c5023fa944
Server 65a51e17-fff5-4036-8b94-6db5de4d28d8 received client-request: Request { kind: ReserveTicket, customer: f73f4f51-4637-4428-babf-7098821584bd, server: None, raw: .. }
Reserved ticket 7529 for customer f73f4f51-4637-4428-babf-7098821584bd
Server 799bb1b2-bd8f-49e2-81f8-f7237f0eb223 received client-request: Request { kind: ReserveTicket, customer: 2a366f26-7e5c-4388-86bc-dd0b2cbf2f24, server: None, raw: .. }
Reserved ticket 7528 for customer 2a366f26-7e5c-4388-86bc-dd0b2cbf2f24
Server 799bb1b2-bd8f-49e2-81f8-f7237f0eb223 received client-request: Request { kind: ReserveTicket, customer: fe68428a-b4a5-4937-8bec-8df65c605365, server: None, raw: .. }
Reserved ticket 7527 for customer fe68428a-b4a5-4937-8bec-8df65c605365
Server 799bb1b2-bd8f-49e2-81f8-f7237f0eb223 received client-request: Request { kind: ReserveTicket, customer: 3b596237-82fe-4edd-b696-ec4e9c7a96b6, server: None, raw: .. }
Reserved ticket 7526 for customer 3b596237-82fe-4edd-b696-ec4e9c7a96b6
Server 799bb1b2-bd8f-49e2-81f8-f7237f0eb223 received client-request: Request { kind: ReserveTicket, customer: e42a74df-2240-4c15-9752-2e83cc18e571, server: None, raw: .. }
Reserved ticket 7525 for customer e42a74df-2240-4c15-9752-2e83cc18e571
Server 799bb1b2-bd8f-49e2-81f8-f7237f0eb223 received client-request: Request { kind: ReserveTicket, customer: a4c57b0c-4507-4086-b447-93d82e335382, server: None, raw: .. }
Reserved ticket 7524 for customer a4c57b0c-4507-4086-b447-93d82e335382
Server 799bb1b2-bd8f-49e2-81f8-f7237f0eb223 received client-request: Request { kind: ReserveTicket, customer: 4600a217-be0e-4b5e-b87a-800cb6d796fc, server: None, raw: .. }
Reserved ticket 7523 for customer 4600a217-be0e-4b5e-b87a-800cb6d796fc
Server 799bb1b2-bd8f-49e2-81f8-f7237f0eb223 received client-request: Request { kind: ReserveTicket, customer: a377b0ef-b92f-4410-99a4-e1e5d3a54e7e, server: None, raw: .. }
Reserved ticket 7522 for customer a377b0ef-b92f-4410-99a4-e1e5d3a54e7e
Server 799bb1b2-bd8f-49e2-81f8-f7237f0eb223 received client-request: Request { kind: ReserveTicket, customer: 3e45978c-dc82-48ab-8db5-3fda41bf0f8c, server: None, raw: .. }
Reserved ticket 7521 for customer 3e45978c-dc82-48ab-8db5-3fda41bf0f8c
Server 799bb1b2-bd8f-49e2-81f8-f7237f0eb223 received client-request: Request { kind: ReserveTicket, customer: 844e00e3-ac45-492c-a265-62b384da7d63, server: None, raw: .. }
Reserved ticket 7520 for customer 844e00e3-ac45-492c-a265-62b384da7d63
Server 799bb1b2-bd8f-49e2-81f8-f7237f0eb223 received client-request: Request { kind: ReserveTicket, customer: a21b37d2-df16-4228-bf75-55a7ded3943a, server: None, raw: .. }
Reserved ticket 7519 for customer a21b37d2-df16-4228-bf75-55a7ded3943a
Server 799bb1b2-bd8f-49e2-81f8-f7237f0eb223 received client-request: Request { kind: ReserveTicket, customer: 115c8205-f811-4b3d-b8c6-2a06eac3772e, server: None, raw: .. }
Reserved ticket 7518 for customer 115c8205-f811-4b3d-b8c6-2a06eac3772e
Server 799bb1b2-bd8f-49e2-81f8-f7237f0eb223 received client-request: Request { kind: ReserveTicket, customer: 3de0c405-510c-4032-926a-cdda939abf1f, server: None, raw: .. }
Reserved ticket 7517 for customer 3de0c405-510c-4032-926a-cdda939abf1f
Server 799bb1b2-bd8f-49e2-81f8-f7237f0eb223 received client-request: Request { kind: ReserveTicket, customer: 39342ed0-1e5a-4925-b1fc-68ba1defeb60, server: None, raw: .. }
Reserved ticket 7516 for customer 39342ed0-1e5a-4925-b1fc-68ba1defeb60
Server 799bb1b2-bd8f-49e2-81f8-f7237f0eb223 received client-request: Request { kind: ReserveTicket, customer: 460c4a8f-2f52-4445-a52c-e6388f9552e5, server: None, raw: .. }
Reserved ticket 7515 for customer 460c4a8f-2f52-4445-a52c-e6388f9552e5
Server 799bb1b2-bd8f-49e2-81f8-f7237f0eb223 received client-request: Request { kind: ReserveTicket, customer: 161e34f8-209b-4af6-b3e5-5f654ab9fbaa, server: None, raw: .. }
Reserved ticket 7514 for customer 161e34f8-209b-4af6-b3e5-5f654ab9fbaa
Server 799bb1b2-bd8f-49e2-81f8-f7237f0eb223 received client-request: Request { kind: ReserveTicket, customer: 42b15b54-2238-4c49-91e2-dd976e4d4f7b, server: None, raw: .. }
Reserved ticket 7513 for customer 42b15b54-2238-4c49-91e2-dd976e4d4f7b
Server 799bb1b2-bd8f-49e2-81f8-f7237f0eb223 received client-request: Request { kind: ReserveTicket, customer: 0dc55e20-fefc-45ed-a04c-d0bdc8301620, server: None, raw: .. }
Reserved ticket 7512 for customer 0dc55e20-fefc-45ed-a04c-d0bdc8301620
Server 799bb1b2-bd8f-49e2-81f8-f7237f0eb223 received client-request: Request { kind: ReserveTicket, customer: c4a9f2ba-9c4b-418f-ba77-c793270ee62c, server: None, raw: .. }
Reserved ticket 7511 for customer c4a9f2ba-9c4b-418f-ba77-c793270ee62c
Server 799bb1b2-bd8f-49e2-81f8-f7237f0eb223 received client-request: Request { kind: ReserveTicket, customer: a29c147f-2cd3-4fed-91a4-001c47669372, server: None, raw: .. }
Reserved ticket 7510 for customer a29c147f-2cd3-4fed-91a4-001c47669372
Server 65a51e17-fff5-4036-8b94-6db5de4d28d8 received client-request: Request { kind: ReserveTicket, customer: b7ec5994-e861-4801-ac33-80ed037f62c8, server: None, raw: .. }
Reserved ticket 7509 for customer b7ec5994-e861-4801-ac33-80ed037f62c8
Server 799bb1b2-bd8f-49e2-81f8-f7237f0eb223 received client-request: Request { kind: ReserveTicket, customer: e6eb77b0-d336-4167-8972-f97abdafff49, server: None, raw: .. }
Reserved ticket 7508 for customer e6eb77b0-d336-4167-8972-f97abdafff49
Server 799bb1b2-bd8f-49e2-81f8-f7237f0eb223 received client-request: Request { kind: ReserveTicket, customer: df450926-85c7-43a4-8b9e-a76db1f1ea34, server: None, raw: .. }
Reserved ticket 7507 for customer df450926-85c7-43a4-8b9e-a76db1f1ea34
Server 799bb1b2-bd8f-49e2-81f8-f7237f0eb223 received client-request: Request { kind: ReserveTicket, customer: 46fc7ee9-b00f-4893-b1eb-80d5c6ea1a09, server: None, raw: .. }
Reserved ticket 7506 for customer 46fc7ee9-b00f-4893-b1eb-80d5c6ea1a09
Server 799bb1b2-bd8f-49e2-81f8-f7237f0eb223 received client-request: Request { kind: ReserveTicket, customer: 8cf92918-8144-4bd9-b273-e7f0feb149da, server: None, raw: .. }
Reserved ticket 7505 for customer 8cf92918-8144-4bd9-b273-e7f0feb149da
Server 799bb1b2-bd8f-49e2-81f8-f7237f0eb223 received client-request: Request { kind: ReserveTicket, customer: 8a4a1817-6484-42b6-8f8d-06f913900f1b, server: None, raw: .. }
Reserved ticket 7504 for customer 8a4a1817-6484-42b6-8f8d-06f913900f1b
Server 799bb1b2-bd8f-49e2-81f8-f7237f0eb223 received client-request: Request { kind: ReserveTicket, customer: d152809b-fe6e-4e67-af4b-5f064c1f3ec9, server: None, raw: .. }
Reserved ticket 7503 for customer d152809b-fe6e-4e67-af4b-5f064c1f3ec9
Server 799bb1b2-bd8f-49e2-81f8-f7237f0eb223 received client-request: Request { kind: ReserveTicket, customer: e9f12333-647d-4d4c-b597-ee6144b6e81e, server: None, raw: .. }
Reserved ticket 7502 for customer e9f12333-647d-4d4c-b597-ee6144b6e81e
Server 799bb1b2-bd8f-49e2-81f8-f7237f0eb223 received client-request: Request { kind: ReserveTicket, customer: 5afceec0-4f5f-4490-b2b5-9d394e98f335, server: None, raw: .. }
Reserved ticket 7501 for customer 5afceec0-4f5f-4490-b2b5-9d394e98f335
Server 799bb1b2-bd8f-49e2-81f8-f7237f0eb223 received client-request: Request { kind: ReserveTicket, customer: a40d5390-ab53-4f8b-a691-f61d650fe800, server: None, raw: .. }
Reserved ticket 7500 for customer a40d5390-ab53-4f8b-a691-f61d650fe800
Server 799bb1b2-bd8f-49e2-81f8-f7237f0eb223 received client-request: Request { kind: ReserveTicket, customer: cb77a2ed-2e90-408c-b93e-053b66bcf886, server: None, raw: .. }
Reserved ticket 7499 for customer cb77a2ed-2e90-408c-b93e-053b66bcf886
Server 799bb1b2-bd8f-49e2-81f8-f7237f0eb223 received client-request: Request { kind: ReserveTicket, customer: cf0a8e2d-ab68-4ce3-a610-322ecfa5af7c, server: None, raw: .. }
Reserved ticket 7498 for customer cf0a8e2d-ab68-4ce3-a610-322ecfa5af7c
Server 799bb1b2-bd8f-49e2-81f8-f7237f0eb223 received client-request: Request { kind: ReserveTicket, customer: 1c10b8ef-ffa5-472f-8391-88aae6828d4a, server: None, raw: .. }
Reserved ticket 7497 for customer 1c10b8ef-ffa5-472f-8391-88aae6828d4a
Server 799bb1b2-bd8f-49e2-81f8-f7237f0eb223 received client-request: Request { kind: ReserveTicket, customer: 7e6103ef-d022-4602-85fb-7a90a4fad730, server: None, raw: .. }
Reserved ticket 7496 for customer 7e6103ef-d022-4602-85fb-7a90a4fad730
Server 799bb1b2-bd8f-49e2-81f8-f7237f0eb223 received client-request: Request { kind: ReserveTicket, customer: 5d7ae0ff-d1c9-4c00-9b3d-bec351fb2602, server: None, raw: .. }
Reserved ticket 7495 for customer 5d7ae0ff-d1c9-4c00-9b3d-bec351fb2602
Server 799bb1b2-bd8f-49e2-81f8-f7237f0eb223 received client-request: Request { kind: ReserveTicket, customer: 992dd508-578a-4103-ad9d-7ad7c20614b4, server: None, raw: .. }
Reserved ticket 7494 for customer 992dd508-578a-4103-ad9d-7ad7c20614b4
Server 799bb1b2-bd8f-49e2-81f8-f7237f0eb223 received client-request: Request { kind: ReserveTicket, customer: a9bea883-a0dc-4449-9bad-f5bf86c72d52, server: None, raw: .. }
Reserved ticket 7493 for customer a9bea883-a0dc-4449-9bad-f5bf86c72d52
Server 799bb1b2-bd8f-49e2-81f8-f7237f0eb223 received client-request: Request { kind: ReserveTicket, customer: 833f9686-bb86-43bf-80f5-f30598ab88cb, server: None, raw: .. }
Reserved ticket 7492 for customer 833f9686-bb86-43bf-80f5-f30598ab88cb
Server 799bb1b2-bd8f-49e2-81f8-f7237f0eb223 received client-request: Request { kind: ReserveTicket, customer: 36de7df7-acd3-4402-bd29-5a6543a8a908, server: None, raw: .. }
Reserved ticket 7491 for customer 36de7df7-acd3-4402-bd29-5a6543a8a908
Server 799bb1b2-bd8f-49e2-81f8-f7237f0eb223 received client-request: Request { kind: ReserveTicket, customer: 0311f8b1-9d20-4eb6-b4c6-4d7b5d9bd5d8, server: None, raw: .. }
Reserved ticket 7490 for customer 0311f8b1-9d20-4eb6-b4c6-4d7b5d9bd5d8
Server 65a51e17-fff5-4036-8b94-6db5de4d28d8 received client-request: Request { kind: ReserveTicket, customer: af98766c-2624-46a2-8b19-955eb730b2f5, server: None, raw: .. }
Reserved ticket 7489 for customer af98766c-2624-46a2-8b19-955eb730b2f5
Server 799bb1b2-bd8f-49e2-81f8-f7237f0eb223 received client-request: Request { kind: ReserveTicket, customer: c4350f59-733b-4aca-90e5-950f8f65a1af, server: None, raw: .. }
Reserved ticket 7488 for customer c4350f59-733b-4aca-90e5-950f8f65a1af
Server 799bb1b2-bd8f-49e2-81f8-f7237f0eb223 received client-request: Request { kind: ReserveTicket, customer: 344351c9-ba83-44df-a37b-8af0cd9fc178, server: None, raw: .. }
Reserved ticket 7487 for customer 344351c9-ba83-44df-a37b-8af0cd9fc178
Server 799bb1b2-bd8f-49e2-81f8-f7237f0eb223 received client-request: Request { kind: ReserveTicket, customer: cbc2408a-4369-4077-ac62-4ebd988ba50b, server: None, raw: .. }
Reserved ticket 7486 for customer cbc2408a-4369-4077-ac62-4ebd988ba50b
Server 799bb1b2-bd8f-49e2-81f8-f7237f0eb223 received client-request: Request { kind: ReserveTicket, customer: a6690498-a7d4-4a65-ada1-a50f26258e41, server: None, raw: .. }
Reserved ticket 7485 for customer a6690498-a7d4-4a65-ada1-a50f26258e41
Server 799bb1b2-bd8f-49e2-81f8-f7237f0eb223 received client-request: Request { kind: ReserveTicket, customer: 00c0aa81-430f-4e01-b32a-4c3674b6fb10, server: None, raw: .. }
Reserved ticket 7484 for customer 00c0aa81-430f-4e01-b32a-4c3674b6fb10
Server 799bb1b2-bd8f-49e2-81f8-f7237f0eb223 received client-request: Request { kind: ReserveTicket, customer: 99afd2da-7c3f-42e6-b190-4f4ff47aade8, server: None, raw: .. }
Reserved ticket 7483 for customer 99afd2da-7c3f-42e6-b190-4f4ff47aade8
Server 799bb1b2-bd8f-49e2-81f8-f7237f0eb223 received client-request: Request { kind: ReserveTicket, customer: 8e6365a6-2118-442c-be0d-280c3d9e4461, server: None, raw: .. }
Reserved ticket 7482 for customer 8e6365a6-2118-442c-be0d-280c3d9e4461
Server 799bb1b2-bd8f-49e2-81f8-f7237f0eb223 received client-request: Request { kind: ReserveTicket, customer: 9bb0bc8b-d8f6-4d87-99d3-ddb17d5a13b2, server: None, raw: .. }
Reserved ticket 7481 for customer 9bb0bc8b-d8f6-4d87-99d3-ddb17d5a13b2
Server 799bb1b2-bd8f-49e2-81f8-f7237f0eb223 received client-request: Request { kind: ReserveTicket, customer: 02b1dd54-b73e-4d34-a41e-6eea1ed71b4a, server: None, raw: .. }
Reserved ticket 7480 for customer 02b1dd54-b73e-4d34-a41e-6eea1ed71b4a
Server 799bb1b2-bd8f-49e2-81f8-f7237f0eb223 received client-request: Request { kind: ReserveTicket, customer: 3bf61f04-c115-476f-99e2-71126e0b3987, server: None, raw: .. }
Reserved ticket 7479 for customer 3bf61f04-c115-476f-99e2-71126e0b3987
Server 799bb1b2-bd8f-49e2-81f8-f7237f0eb223 received client-request: Request { kind: ReserveTicket, customer: c33e80a4-2924-4da6-9902-a4a9ae92a06e, server: None, raw: .. }
Reserved ticket 7478 for customer c33e80a4-2924-4da6-9902-a4a9ae92a06e
Server 799bb1b2-bd8f-49e2-81f8-f7237f0eb223 received client-request: Request { kind: ReserveTicket, customer: fa11059b-2f95-4101-95bb-b5ede2dfb124, server: None, raw: .. }
Reserved ticket 7477 for customer fa11059b-2f95-4101-95bb-b5ede2dfb124
Server 799bb1b2-bd8f-49e2-81f8-f7237f0eb223 received client-request: Request { kind: ReserveTicket, customer: 5935b445-b6e3-4a5d-98fb-69e8eaea5165, server: None, raw: .. }
Reserved ticket 7476 for customer 5935b445-b6e3-4a5d-98fb-69e8eaea5165
Server 799bb1b2-bd8f-49e2-81f8-f7237f0eb223 received client-request: Request { kind: ReserveTicket, customer: a65ace37-bcb6-4300-952f-3180cfa78713, server: None, raw: .. }
Reserved ticket 7475 for customer a65ace37-bcb6-4300-952f-3180cfa78713
Server 799bb1b2-bd8f-49e2-81f8-f7237f0eb223 received client-request: Request { kind: ReserveTicket, customer: aadf7734-db9a-4639-974a-5b1f4b7e4767, server: None, raw: .. }
Reserved ticket 7474 for customer aadf7734-db9a-4639-974a-5b1f4b7e4767
Server 799bb1b2-bd8f-49e2-81f8-f7237f0eb223 received client-request: Request { kind: ReserveTicket, customer: a0477cd4-d575-4980-b68f-131a7f40f674, server: None, raw: .. }
Reserved ticket 7473 for customer a0477cd4-d575-4980-b68f-131a7f40f674
Server 799bb1b2-bd8f-49e2-81f8-f7237f0eb223 received client-request: Request { kind: ReserveTicket, customer: 5ddfd324-d7f4-4b05-b5f0-7fdb45b44fcf, server: None, raw: .. }
Reserved ticket 7472 for customer 5ddfd324-d7f4-4b05-b5f0-7fdb45b44fcf
Server 799bb1b2-bd8f-49e2-81f8-f7237f0eb223 received client-request: Request { kind: ReserveTicket, customer: 3cbb6d3f-ddd8-4e93-bac7-3e5d2e49e3d2, server: None, raw: .. }
Reserved ticket 7471 for customer 3cbb6d3f-ddd8-4e93-bac7-3e5d2e49e3d2
Server 799bb1b2-bd8f-49e2-81f8-f7237f0eb223 received client-request: Request { kind: ReserveTicket, customer: 0a61a8b9-064f-45dd-a11f-8a10f90214c7, server: None, raw: .. }
Reserved ticket 7470 for customer 0a61a8b9-064f-45dd-a11f-8a10f90214c7
Server 65a51e17-fff5-4036-8b94-6db5de4d28d8 received client-request: Request { kind: ReserveTicket, customer: 0746ad04-14da-4f05-91bc-ddd123ad57c9, server: None, raw: .. }
Reserved ticket 7469 for customer 0746ad04-14da-4f05-91bc-ddd123ad57c9
Server 799bb1b2-bd8f-49e2-81f8-f7237f0eb223 received client-request: Request { kind: ReserveTicket, customer: 6032b071-7bbc-4ed8-9f5c-8b39548965f3, server: None, raw: .. }
Reserved ticket 7468 for customer 6032b071-7bbc-4ed8-9f5c-8b39548965f3
Server 799bb1b2-bd8f-49e2-81f8-f7237f0eb223 received client-request: Request { kind: ReserveTicket, customer: 4cf136b8-4a8e-4cad-8b44-1ef7f760c890, server: None, raw: .. }
Reserved ticket 7467 for customer 4cf136b8-4a8e-4cad-8b44-1ef7f760c890
Server 799bb1b2-bd8f-49e2-81f8-f7237f0eb223 received client-request: Request { kind: ReserveTicket, customer: 4100f96b-83e8-43ed-9319-b50a872be42a, server: None, raw: .. }
Reserved ticket 7466 for customer 4100f96b-83e8-43ed-9319-b50a872be42a
Server 799bb1b2-bd8f-49e2-81f8-f7237f0eb223 received client-request: Request { kind: ReserveTicket, customer: 7174861f-fff0-4e01-a0c7-e74b83d2d505, server: None, raw: .. }
Reserved ticket 7465 for customer 7174861f-fff0-4e01-a0c7-e74b83d2d505
Server 799bb1b2-bd8f-49e2-81f8-f7237f0eb223 received client-request: Request { kind: ReserveTicket, customer: 3f85fb3b-f271-415f-8fd5-dd4fd56498a9, server: None, raw: .. }
Reserved ticket 7464 for customer 3f85fb3b-f271-415f-8fd5-dd4fd56498a9
Server 799bb1b2-bd8f-49e2-81f8-f7237f0eb223 received client-request: Request { kind: ReserveTicket, customer: 9130264e-5efd-4b5f-b8de-d3d13e87a275, server: None, raw: .. }
Reserved ticket 7463 for customer 9130264e-5efd-4b5f-b8de-d3d13e87a275
Server 799bb1b2-bd8f-49e2-81f8-f7237f0eb223 received client-request: Request { kind: ReserveTicket, customer: 843af750-a34b-451f-b340-1de40908985c, server: None, raw: .. }
Reserved ticket 7462 for customer 843af750-a34b-451f-b340-1de40908985c
Server 799bb1b2-bd8f-49e2-81f8-f7237f0eb223 received client-request: Request { kind: ReserveTicket, customer: ad6379f5-4c25-4c2a-990b-98f55f10d6bc, server: None, raw: .. }
Reserved ticket 7461 for customer ad6379f5-4c25-4c2a-990b-98f55f10d6bc
Server 799bb1b2-bd8f-49e2-81f8-f7237f0eb223 received client-request: Request { kind: ReserveTicket, customer: b938597b-38cc-4501-8fba-2ff047a7afa1, server: None, raw: .. }
Reserved ticket 7460 for customer b938597b-38cc-4501-8fba-2ff047a7afa1
Server 799bb1b2-bd8f-49e2-81f8-f7237f0eb223 received client-request: Request { kind: ReserveTicket, customer: 2025af00-691d-4aa7-98f9-bfc618029772, server: None, raw: .. }
Reserved ticket 7459 for customer 2025af00-691d-4aa7-98f9-bfc618029772
Server 799bb1b2-bd8f-49e2-81f8-f7237f0eb223 received client-request: Request { kind: ReserveTicket, customer: fcfe33e6-6caf-4784-a617-64f56b208450, server: None, raw: .. }
Reserved ticket 7458 for customer fcfe33e6-6caf-4784-a617-64f56b208450
Server 799bb1b2-bd8f-49e2-81f8-f7237f0eb223 received client-request: Request { kind: ReserveTicket, customer: 141846ec-283d-4d53-8d1e-f40a3d0c0f0c, server: None, raw: .. }
Reserved ticket 7457 for customer 141846ec-283d-4d53-8d1e-f40a3d0c0f0c
Server 799bb1b2-bd8f-49e2-81f8-f7237f0eb223 received client-request: Request { kind: ReserveTicket, customer: 71d6e5e5-c01a-4361-8d9c-3a852a1c38aa, server: None, raw: .. }
Reserved ticket 7456 for customer 71d6e5e5-c01a-4361-8d9c-3a852a1c38aa
Server 799bb1b2-bd8f-49e2-81f8-f7237f0eb223 received client-request: Request { kind: ReserveTicket, customer: ebbb808c-b8d2-4faf-a9cf-6b141426ae53, server: None, raw: .. }
Reserved ticket 7455 for customer ebbb808c-b8d2-4faf-a9cf-6b141426ae53
Server 799bb1b2-bd8f-49e2-81f8-f7237f0eb223 received client-request: Request { kind: ReserveTicket, customer: 0acdb9df-dab0-4a1e-a210-af9af4a1ca5d, server: None, raw: .. }
Reserved ticket 7454 for customer 0acdb9df-dab0-4a1e-a210-af9af4a1ca5d
Server 799bb1b2-bd8f-49e2-81f8-f7237f0eb223 received client-request: Request { kind: ReserveTicket, customer: a8c08e76-111e-44e1-81b2-47cea8f3dfa8, server: None, raw: .. }
Reserved ticket 7453 for customer a8c08e76-111e-44e1-81b2-47cea8f3dfa8
Server 799bb1b2-bd8f-49e2-81f8-f7237f0eb223 received client-request: Request { kind: ReserveTicket, customer: 9c641e77-357e-4a98-b72c-1731c0298b05, server: None, raw: .. }
Reserved ticket 7452 for customer 9c641e77-357e-4a98-b72c-1731c0298b05
Server 799bb1b2-bd8f-49e2-81f8-f7237f0eb223 received client-request: Request { kind: ReserveTicket, customer: ffe4c7a8-688e-4fad-a0b0-c2151385bdea, server: None, raw: .. }
Reserved ticket 7451 for customer ffe4c7a8-688e-4fad-a0b0-c2151385bdea
Server 799bb1b2-bd8f-49e2-81f8-f7237f0eb223 received client-request: Request { kind: ReserveTicket, customer: 79a90f32-bc73-4f1b-9755-a70003305870, server: None, raw: .. }
Reserved ticket 7450 for customer 79a90f32-bc73-4f1b-9755-a70003305870
Server 65a51e17-fff5-4036-8b94-6db5de4d28d8 received client-request: Request { kind: ReserveTicket, customer: 3f5839be-fa12-4614-b2f1-11cb5f9b2e91, server: None, raw: .. }
Reserved ticket 7449 for customer 3f5839be-fa12-4614-b2f1-11cb5f9b2e91
Server 799bb1b2-bd8f-49e2-81f8-f7237f0eb223 received client-request: Request { kind: ReserveTicket, customer: 06874db8-7496-45c5-b737-a1969ce60f23, server: None, raw: .. }
Reserved ticket 7448 for customer 06874db8-7496-45c5-b737-a1969ce60f23
Server 799bb1b2-bd8f-49e2-81f8-f7237f0eb223 received client-request: Request { kind: ReserveTicket, customer: 87ffe3ea-0e51-4e82-a7c0-7f99d3944a46, server: None, raw: .. }
Reserved ticket 7447 for customer 87ffe3ea-0e51-4e82-a7c0-7f99d3944a46
Server 799bb1b2-bd8f-49e2-81f8-f7237f0eb223 received client-request: Request { kind: ReserveTicket, customer: 02f93f1d-5226-4736-9f3b-d1fb752fae0c, server: None, raw: .. }
Reserved ticket 7446 for customer 02f93f1d-5226-4736-9f3b-d1fb752fae0c
Server 799bb1b2-bd8f-49e2-81f8-f7237f0eb223 received client-request: Request { kind: ReserveTicket, customer: 5a48e7ba-6cb5-4c72-b5e0-0a568675d639, server: None, raw: .. }
Reserved ticket 7445 for customer 5a48e7ba-6cb5-4c72-b5e0-0a568675d639
Server 799bb1b2-bd8f-49e2-81f8-f7237f0eb223 received client-request: Request { kind: ReserveTicket, customer: 1f6ba081-4d8f-4f0e-aefb-cdc5bf22ffd0, server: None, raw: .. }
Reserved ticket 7444 for customer 1f6ba081-4d8f-4f0e-aefb-cdc5bf22ffd0
Server 799bb1b2-bd8f-49e2-81f8-f7237f0eb223 received client-request: Request { kind: ReserveTicket, customer: 8596ce6d-9f83-4b63-aa81-72461b4ec032, server: None, raw: .. }
Reserved ticket 7443 for customer 8596ce6d-9f83-4b63-aa81-72461b4ec032
Server 799bb1b2-bd8f-49e2-81f8-f7237f0eb223 received client-request: Request { kind: ReserveTicket, customer: 868c6748-8a32-4422-984f-73c3f6ab2f96, server: None, raw: .. }
Reserved ticket 7442 for customer 868c6748-8a32-4422-984f-73c3f6ab2f96
Server 799bb1b2-bd8f-49e2-81f8-f7237f0eb223 received client-request: Request { kind: ReserveTicket, customer: 933d2d08-4d1e-4c05-a8b0-784973f9caa6, server: None, raw: .. }
Reserved ticket 7441 for customer 933d2d08-4d1e-4c05-a8b0-784973f9caa6
Server 799bb1b2-bd8f-49e2-81f8-f7237f0eb223 received client-request: Request { kind: ReserveTicket, customer: 30c643b8-fea8-4712-b91c-5e232f1ce54f, server: None, raw: .. }
Reserved ticket 7440 for customer 30c643b8-fea8-4712-b91c-5e232f1ce54f
Server 799bb1b2-bd8f-49e2-81f8-f7237f0eb223 received client-request: Request { kind: ReserveTicket, customer: 88691fcf-0d1b-4039-8d48-10fe093450db, server: None, raw: .. }
Reserved ticket 7439 for customer 88691fcf-0d1b-4039-8d48-10fe093450db
Server 799bb1b2-bd8f-49e2-81f8-f7237f0eb223 received client-request: Request { kind: ReserveTicket, customer: e9b1c88c-b8b8-4474-aef8-4b15d00043a4, server: None, raw: .. }
Reserved ticket 7438 for customer e9b1c88c-b8b8-4474-aef8-4b15d00043a4
Server 799bb1b2-bd8f-49e2-81f8-f7237f0eb223 received client-request: Request { kind: ReserveTicket, customer: 56b57b7a-8deb-4d54-8811-f3a9fc4b4db2, server: None, raw: .. }
Reserved ticket 7437 for customer 56b57b7a-8deb-4d54-8811-f3a9fc4b4db2
Server 799bb1b2-bd8f-49e2-81f8-f7237f0eb223 received client-request: Request { kind: ReserveTicket, customer: 79d09842-b2c8-4a42-b924-415c0f143768, server: None, raw: .. }
Reserved ticket 7436 for customer 79d09842-b2c8-4a42-b924-415c0f143768
Server 799bb1b2-bd8f-49e2-81f8-f7237f0eb223 received client-request: Request { kind: ReserveTicket, customer: 8a1aa833-e0b7-4e5e-b922-020ebf8069cb, server: None, raw: .. }
Reserved ticket 7435 for customer 8a1aa833-e0b7-4e5e-b922-020ebf8069cb
Server 799bb1b2-bd8f-49e2-81f8-f7237f0eb223 received client-request: Request { kind: ReserveTicket, customer: 4151a2e8-d0c6-4652-84be-4f5019268dcc, server: None, raw: .. }
Reserved ticket 7434 for customer 4151a2e8-d0c6-4652-84be-4f5019268dcc
Server 799bb1b2-bd8f-49e2-81f8-f7237f0eb223 received client-request: Request { kind: ReserveTicket, customer: 342cb191-f11c-4330-a879-e4b07d3d22e9, server: None, raw: .. }
Reserved ticket 7433 for customer 342cb191-f11c-4330-a879-e4b07d3d22e9
Server 799bb1b2-bd8f-49e2-81f8-f7237f0eb223 received client-request: Request { kind: ReserveTicket, customer: 7a49c353-772b-4c00-90b7-b44fd9f822af, server: None, raw: .. }
Reserved ticket 7432 for customer 7a49c353-772b-4c00-90b7-b44fd9f822af
Server 799bb1b2-bd8f-49e2-81f8-f7237f0eb223 received client-request: Request { kind: ReserveTicket, customer: 69596d3d-2d51-4d1d-be3a-a11a7062f48b, server: None, raw: .. }
Reserved ticket 7431 for customer 69596d3d-2d51-4d1d-be3a-a11a7062f48b
Server 799bb1b2-bd8f-49e2-81f8-f7237f0eb223 received client-request: Request { kind: ReserveTicket, customer: eff7e701-c5e6-4194-acea-58b60ff495a3, server: None, raw: .. }
Reserved ticket 7430 for customer eff7e701-c5e6-4194-acea-58b60ff495a3
Server 65a51e17-fff5-4036-8b94-6db5de4d28d8 received client-request: Request { kind: ReserveTicket, customer: f51818e8-9d98-4a17-b271-cb048f4c6008, server: None, raw: .. }
Reserved ticket 7429 for customer f51818e8-9d98-4a17-b271-cb048f4c6008
Server 799bb1b2-bd8f-49e2-81f8-f7237f0eb223 received client-request: Request { kind: ReserveTicket, customer: 54acf07c-aa51-438b-8817-8068e860736b, server: None, raw: .. }
Reserved ticket 7428 for customer 54acf07c-aa51-438b-8817-8068e860736b
Server 799bb1b2-bd8f-49e2-81f8-f7237f0eb223 received client-request: Request { kind: ReserveTicket, customer: 7fd2a027-96d0-413b-ada6-7e3ff1ecfa5f, server: None, raw: .. }
Reserved ticket 7427 for customer 7fd2a027-96d0-413b-ada6-7e3ff1ecfa5f
Server 799bb1b2-bd8f-49e2-81f8-f7237f0eb223 received client-request: Request { kind: ReserveTicket, customer: 48482b81-1c16-40ae-802f-019353f8012e, server: None, raw: .. }
Reserved ticket 7426 for customer 48482b81-1c16-40ae-802f-019353f8012e
Server 799bb1b2-bd8f-49e2-81f8-f7237f0eb223 received client-request: Request { kind: ReserveTicket, customer: 738e3d59-a4bf-45cf-8e0b-d66a7b91ffe9, server: None, raw: .. }
Reserved ticket 7425 for customer 738e3d59-a4bf-45cf-8e0b-d66a7b91ffe9
Server 799bb1b2-bd8f-49e2-81f8-f7237f0eb223 received client-request: Request { kind: ReserveTicket, customer: 4a3c1c8e-8744-41d6-b4ce-809d2d61ab36, server: None, raw: .. }
Reserved ticket 7424 for customer 4a3c1c8e-8744-41d6-b4ce-809d2d61ab36
Server 799bb1b2-bd8f-49e2-81f8-f7237f0eb223 received client-request: Request { kind: ReserveTicket, customer: 5acead37-fd20-4673-8d1c-1497a0f8bc88, server: None, raw: .. }
Reserved ticket 7423 for customer 5acead37-fd20-4673-8d1c-1497a0f8bc88
Server 799bb1b2-bd8f-49e2-81f8-f7237f0eb223 received client-request: Request { kind: ReserveTicket, customer: ac6f8cff-3b79-454e-ad91-dc882f50c145, server: None, raw: .. }
Reserved ticket 7422 for customer ac6f8cff-3b79-454e-ad91-dc882f50c145
Server 799bb1b2-bd8f-49e2-81f8-f7237f0eb223 received client-request: Request { kind: ReserveTicket, customer: 1fda843b-c3ed-4e56-adfb-14bad4a718b4, server: None, raw: .. }
Reserved ticket 7421 for customer 1fda843b-c3ed-4e56-adfb-14bad4a718b4
Server 799bb1b2-bd8f-49e2-81f8-f7237f0eb223 received client-request: Request { kind: ReserveTicket, customer: 98238bec-ec14-4356-b48f-59b8af23b3ea, server: None, raw: .. }
Reserved ticket 7420 for customer 98238bec-ec14-4356-b48f-59b8af23b3ea
Server 799bb1b2-bd8f-49e2-81f8-f7237f0eb223 received client-request: Request { kind: ReserveTicket, customer: aad91c47-4508-4acc-beb7-92dbf4df51a5, server: None, raw: .. }
Reserved ticket 7419 for customer aad91c47-4508-4acc-beb7-92dbf4df51a5
Server 799bb1b2-bd8f-49e2-81f8-f7237f0eb223 received client-request: Request { kind: ReserveTicket, customer: 5c109529-2a42-4615-a2de-d1b81a4ab2f6, server: None, raw: .. }
Reserved ticket 7418 for customer 5c109529-2a42-4615-a2de-d1b81a4ab2f6
Server 799bb1b2-bd8f-49e2-81f8-f7237f0eb223 received client-request: Request { kind: ReserveTicket, customer: 3d86cb75-9fe6-4cbb-bed0-2e3ce299178c, server: None, raw: .. }
Reserved ticket 7417 for customer 3d86cb75-9fe6-4cbb-bed0-2e3ce299178c
Server 799bb1b2-bd8f-49e2-81f8-f7237f0eb223 received client-request: Request { kind: ReserveTicket, customer: 5709da98-de7c-4c38-ab4c-400f7081e970, server: None, raw: .. }
Reserved ticket 7416 for customer 5709da98-de7c-4c38-ab4c-400f7081e970
Server 799bb1b2-bd8f-49e2-81f8-f7237f0eb223 received client-request: Request { kind: ReserveTicket, customer: b794d691-fe48-43c2-9507-26d042aae6ec, server: None, raw: .. }
Reserved ticket 7415 for customer b794d691-fe48-43c2-9507-26d042aae6ec
Server 799bb1b2-bd8f-49e2-81f8-f7237f0eb223 received client-request: Request { kind: ReserveTicket, customer: 87b03770-33b1-4f15-8bd5-b9cbf4cf49bb, server: None, raw: .. }
Reserved ticket 7414 for customer 87b03770-33b1-4f15-8bd5-b9cbf4cf49bb
Server 799bb1b2-bd8f-49e2-81f8-f7237f0eb223 received client-request: Request { kind: ReserveTicket, customer: 9604c51d-ec50-450c-9a5d-7b0511f7e9f5, server: None, raw: .. }
Reserved ticket 7413 for customer 9604c51d-ec50-450c-9a5d-7b0511f7e9f5
Server 799bb1b2-bd8f-49e2-81f8-f7237f0eb223 received client-request: Request { kind: ReserveTicket, customer: 493bddc8-754e-4243-8f51-a6c04845b9b2, server: None, raw: .. }
Reserved ticket 7412 for customer 493bddc8-754e-4243-8f51-a6c04845b9b2
Server 799bb1b2-bd8f-49e2-81f8-f7237f0eb223 received client-request: Request { kind: ReserveTicket, customer: b5db1b74-a58a-4d3f-a473-e6854fa44c2d, server: None, raw: .. }
Reserved ticket 7411 for customer b5db1b74-a58a-4d3f-a473-e6854fa44c2d
Server 799bb1b2-bd8f-49e2-81f8-f7237f0eb223 received client-request: Request { kind: ReserveTicket, customer: 4507bcdf-c935-4cde-9055-82f20398dd93, server: None, raw: .. }
Reserved ticket 7410 for customer 4507bcdf-c935-4cde-9055-82f20398dd93
Server 65a51e17-fff5-4036-8b94-6db5de4d28d8 received client-request: Request { kind: ReserveTicket, customer: 6d99cc6c-dd67-48d0-aa47-db1f33cf89a7, server: None, raw: .. }
Reserved ticket 7409 for customer 6d99cc6c-dd67-48d0-aa47-db1f33cf89a7
Server 799bb1b2-bd8f-49e2-81f8-f7237f0eb223 received client-request: Request { kind: ReserveTicket, customer: a30f0c70-5ffc-478e-a055-d9a235df03c9, server: None, raw: .. }
Reserved ticket 7408 for customer a30f0c70-5ffc-478e-a055-d9a235df03c9
Server 799bb1b2-bd8f-49e2-81f8-f7237f0eb223 received client-request: Request { kind: ReserveTicket, customer: 38d74ba1-7c1e-4efb-add4-7ea268d8805c, server: None, raw: .. }
Reserved ticket 7407 for customer 38d74ba1-7c1e-4efb-add4-7ea268d8805c
Server 799bb1b2-bd8f-49e2-81f8-f7237f0eb223 received client-request: Request { kind: ReserveTicket, customer: cae99abd-8388-4c04-a84c-8db4897fdc77, server: None, raw: .. }
Reserved ticket 7406 for customer cae99abd-8388-4c04-a84c-8db4897fdc77
Server 799bb1b2-bd8f-49e2-81f8-f7237f0eb223 received client-request: Request { kind: ReserveTicket, customer: 99be81dd-2de2-4af4-917b-fab81cb5821a, server: None, raw: .. }
Reserved ticket 7405 for customer 99be81dd-2de2-4af4-917b-fab81cb5821a
Server 799bb1b2-bd8f-49e2-81f8-f7237f0eb223 received client-request: Request { kind: ReserveTicket, customer: 017c88b5-fee9-44a2-9f0a-1c99c08b1f77, server: None, raw: .. }
Reserved ticket 7404 for customer 017c88b5-fee9-44a2-9f0a-1c99c08b1f77
Server 799bb1b2-bd8f-49e2-81f8-f7237f0eb223 received client-request: Request { kind: ReserveTicket, customer: e730b2df-0ed3-470a-b05f-d0b52c0d96f5, server: None, raw: .. }
Reserved ticket 7403 for customer e730b2df-0ed3-470a-b05f-d0b52c0d96f5
Server 799bb1b2-bd8f-49e2-81f8-f7237f0eb223 received client-request: Request { kind: ReserveTicket, customer: 7ff318bd-2255-4749-b2ae-1a96e6c03d01, server: None, raw: .. }
Reserved ticket 7402 for customer 7ff318bd-2255-4749-b2ae-1a96e6c03d01
Server 799bb1b2-bd8f-49e2-81f8-f7237f0eb223 received client-request: Request { kind: ReserveTicket, customer: f4295ca7-d51d-439d-95bf-e8e4990913ad, server: None, raw: .. }
Reserved ticket 7401 for customer f4295ca7-d51d-439d-95bf-e8e4990913ad
Server 799bb1b2-bd8f-49e2-81f8-f7237f0eb223 received client-request: Request { kind: ReserveTicket, customer: 0f3fb2dd-27b0-4ca1-acdb-0585db486f2c, server: None, raw: .. }
Reserved ticket 7400 for customer 0f3fb2dd-27b0-4ca1-acdb-0585db486f2c
Server 799bb1b2-bd8f-49e2-81f8-f7237f0eb223 received client-request: Request { kind: ReserveTicket, customer: 3f06c9f8-91b9-4c05-a364-f692a41a67c4, server: None, raw: .. }
Reserved ticket 7399 for customer 3f06c9f8-91b9-4c05-a364-f692a41a67c4
Server 799bb1b2-bd8f-49e2-81f8-f7237f0eb223 received client-request: Request { kind: ReserveTicket, customer: 688c565c-b354-4836-b73e-a260bc6691e7, server: None, raw: .. }
Reserved ticket 7398 for customer 688c565c-b354-4836-b73e-a260bc6691e7
Server 799bb1b2-bd8f-49e2-81f8-f7237f0eb223 received client-request: Request { kind: ReserveTicket, customer: a469c3be-d89c-4f9c-9ea9-42c15ac01bc7, server: None, raw: .. }
Reserved ticket 7397 for customer a469c3be-d89c-4f9c-9ea9-42c15ac01bc7
Server 799bb1b2-bd8f-49e2-81f8-f7237f0eb223 received client-request: Request { kind: ReserveTicket, customer: 3dd6f8b0-af08-446e-9e39-3fcdb38724b6, server: None, raw: .. }
Reserved ticket 7396 for customer 3dd6f8b0-af08-446e-9e39-3fcdb38724b6
Server 799bb1b2-bd8f-49e2-81f8-f7237f0eb223 received client-request: Request { kind: ReserveTicket, customer: 766c37e5-0512-47cf-916e-6588764e63a9, server: None, raw: .. }
Reserved ticket 7395 for customer 766c37e5-0512-47cf-916e-6588764e63a9
Server 799bb1b2-bd8f-49e2-81f8-f7237f0eb223 received client-request: Request { kind: ReserveTicket, customer: 74e341dd-436f-4894-9c33-fa04df0e2886, server: None, raw: .. }
Reserved ticket 7394 for customer 74e341dd-436f-4894-9c33-fa04df0e2886
Server 799bb1b2-bd8f-49e2-81f8-f7237f0eb223 received client-request: Request { kind: ReserveTicket, customer: 4ffc3d2b-f9b2-4d36-b59a-f0d3661b70e8, server: None, raw: .. }
Reserved ticket 7393 for customer 4ffc3d2b-f9b2-4d36-b59a-f0d3661b70e8
Server 799bb1b2-bd8f-49e2-81f8-f7237f0eb223 received client-request: Request { kind: ReserveTicket, customer: 28ed8188-5088-4ed3-a3d7-9bd010ff66bf, server: None, raw: .. }
Reserved ticket 7392 for customer 28ed8188-5088-4ed3-a3d7-9bd010ff66bf
Server 799bb1b2-bd8f-49e2-81f8-f7237f0eb223 received client-request: Request { kind: ReserveTicket, customer: ac62f879-5de8-44cc-9f66-48787797c932, server: None, raw: .. }
Reserved ticket 7391 for customer ac62f879-5de8-44cc-9f66-48787797c932
Server 799bb1b2-bd8f-49e2-81f8-f7237f0eb223 received client-request: Request { kind: ReserveTicket, customer: 8e2c82ec-a868-4458-87b9-37c9805e3541, server: None, raw: .. }
Reserved ticket 7390 for customer 8e2c82ec-a868-4458-87b9-37c9805e3541
Server 65a51e17-fff5-4036-8b94-6db5de4d28d8 received client-request: Request { kind: ReserveTicket, customer: 1daf0eab-24b4-463f-ac9e-5cd95c79ac93, server: None, raw: .. }
Reserved ticket 7389 for customer 1daf0eab-24b4-463f-ac9e-5cd95c79ac93
Server 799bb1b2-bd8f-49e2-81f8-f7237f0eb223 received client-request: Request { kind: ReserveTicket, customer: a124bc0f-1b14-4f97-b652-2dbd5ff86087, server: None, raw: .. }
Reserved ticket 7388 for customer a124bc0f-1b14-4f97-b652-2dbd5ff86087
Server 799bb1b2-bd8f-49e2-81f8-f7237f0eb223 received client-request: Request { kind: ReserveTicket, customer: d037fd17-f378-4494-9f50-070bfa34a160, server: None, raw: .. }
Reserved ticket 7387 for customer d037fd17-f378-4494-9f50-070bfa34a160
Server 799bb1b2-bd8f-49e2-81f8-f7237f0eb223 received client-request: Request { kind: ReserveTicket, customer: db585ab9-71d4-42bd-ab19-388c7a1a95d4, server: None, raw: .. }
Reserved ticket 7386 for customer db585ab9-71d4-42bd-ab19-388c7a1a95d4
Server 799bb1b2-bd8f-49e2-81f8-f7237f0eb223 received client-request: Request { kind: ReserveTicket, customer: 28d92e9c-4aeb-47fe-bfb7-fea31ddeaca6, server: None, raw: .. }
Reserved ticket 7385 for customer 28d92e9c-4aeb-47fe-bfb7-fea31ddeaca6
Server 799bb1b2-bd8f-49e2-81f8-f7237f0eb223 received client-request: Request { kind: ReserveTicket, customer: c3230455-abb1-4986-9695-2a96c5e58afe, server: None, raw: .. }
Reserved ticket 7384 for customer c3230455-abb1-4986-9695-2a96c5e58afe
Server 799bb1b2-bd8f-49e2-81f8-f7237f0eb223 received client-request: Request { kind: ReserveTicket, customer: 4de40465-a1a5-42ce-b5ff-806c96b212d8, server: None, raw: .. }
Reserved ticket 7383 for customer 4de40465-a1a5-42ce-b5ff-806c96b212d8
Server 799bb1b2-bd8f-49e2-81f8-f7237f0eb223 received client-request: Request { kind: ReserveTicket, customer: a43392e1-8842-42da-a0d0-e3b338c71840, server: None, raw: .. }
Reserved ticket 7382 for customer a43392e1-8842-42da-a0d0-e3b338c71840
Server 799bb1b2-bd8f-49e2-81f8-f7237f0eb223 received client-request: Request { kind: ReserveTicket, customer: 43d593e0-b2e0-42be-bd9b-0b88af65684f, server: None, raw: .. }
Reserved ticket 7381 for customer 43d593e0-b2e0-42be-bd9b-0b88af65684f
Server 799bb1b2-bd8f-49e2-81f8-f7237f0eb223 received client-request: Request { kind: ReserveTicket, customer: fc6d2c8f-9bff-41a1-a2e5-a76293be2c49, server: None, raw: .. }
Reserved ticket 7380 for customer fc6d2c8f-9bff-41a1-a2e5-a76293be2c49
Server 799bb1b2-bd8f-49e2-81f8-f7237f0eb223 received client-request: Request { kind: ReserveTicket, customer: dd23eb4f-8a59-4c81-a462-f8b28ea9775d, server: None, raw: .. }
Reserved ticket 7379 for customer dd23eb4f-8a59-4c81-a462-f8b28ea9775d
Server 799bb1b2-bd8f-49e2-81f8-f7237f0eb223 received client-request: Request { kind: ReserveTicket, customer: 2eb38eaa-f297-4c99-86fd-d466e28a0a2f, server: None, raw: .. }
Reserved ticket 7378 for customer 2eb38eaa-f297-4c99-86fd-d466e28a0a2f
Server 799bb1b2-bd8f-49e2-81f8-f7237f0eb223 received client-request: Request { kind: ReserveTicket, customer: 1e65c1f8-d126-46ae-8ced-697503465a67, server: None, raw: .. }
Reserved ticket 7377 for customer 1e65c1f8-d126-46ae-8ced-697503465a67
Server 799bb1b2-bd8f-49e2-81f8-f7237f0eb223 received client-request: Request { kind: ReserveTicket, customer: 40183487-9b8d-4619-b707-33cec279a6d5, server: None, raw: .. }
Reserved ticket 7376 for customer 40183487-9b8d-4619-b707-33cec279a6d5
Server 799bb1b2-bd8f-49e2-81f8-f7237f0eb223 received client-request: Request { kind: ReserveTicket, customer: 13069e8f-564a-404b-ac14-08d85df9f9ef, server: None, raw: .. }
Reserved ticket 7375 for customer 13069e8f-564a-404b-ac14-08d85df9f9ef
Server 799bb1b2-bd8f-49e2-81f8-f7237f0eb223 received client-request: Request { kind: ReserveTicket, customer: 20128ff8-3395-4a03-9fc0-c19103e6bd8d, server: None, raw: .. }
Reserved ticket 7374 for customer 20128ff8-3395-4a03-9fc0-c19103e6bd8d
Server 799bb1b2-bd8f-49e2-81f8-f7237f0eb223 received client-request: Request { kind: ReserveTicket, customer: e2692be2-c800-46cb-94d8-6d95553af25f, server: None, raw: .. }
Reserved ticket 7373 for customer e2692be2-c800-46cb-94d8-6d95553af25f
Server 799bb1b2-bd8f-49e2-81f8-f7237f0eb223 received client-request: Request { kind: ReserveTicket, customer: 860caaab-026e-42fa-bced-cee4348d3627, server: None, raw: .. }
Reserved ticket 7372 for customer 860caaab-026e-42fa-bced-cee4348d3627
Server 799bb1b2-bd8f-49e2-81f8-f7237f0eb223 received client-request: Request { kind: ReserveTicket, customer: 1b40002c-b87d-46f3-9fc2-c6b406559a9d, server: None, raw: .. }
Reserved ticket 7371 for customer 1b40002c-b87d-46f3-9fc2-c6b406559a9d
Server 799bb1b2-bd8f-49e2-81f8-f7237f0eb223 received client-request: Request { kind: ReserveTicket, customer: bd8b5a68-fd95-448c-8ca7-2db8c2308c91, server: None, raw: .. }
Reserved ticket 7370 for customer bd8b5a68-fd95-448c-8ca7-2db8c2308c91
Server 65a51e17-fff5-4036-8b94-6db5de4d28d8 received client-request: Request { kind: ReserveTicket, customer: 577bbbca-08a3-486d-85ff-850d31230439, server: None, raw: .. }
Reserved ticket 7369 for customer 577bbbca-08a3-486d-85ff-850d31230439
Server 799bb1b2-bd8f-49e2-81f8-f7237f0eb223 received client-request: Request { kind: ReserveTicket, customer: 95c86429-3e16-4142-a40c-0f6e78b83fd2, server: None, raw: .. }
Reserved ticket 7368 for customer 95c86429-3e16-4142-a40c-0f6e78b83fd2
Server 799bb1b2-bd8f-49e2-81f8-f7237f0eb223 received client-request: Request { kind: ReserveTicket, customer: 2e4a8ba6-0d55-4b3b-a72f-e1ffca5c85e8, server: None, raw: .. }
Reserved ticket 7367 for customer 2e4a8ba6-0d55-4b3b-a72f-e1ffca5c85e8
Server 799bb1b2-bd8f-49e2-81f8-f7237f0eb223 received client-request: Request { kind: ReserveTicket, customer: 9bcbff02-b3b6-4d1c-8328-7b45d4c113a8, server: None, raw: .. }
Reserved ticket 7366 for customer 9bcbff02-b3b6-4d1c-8328-7b45d4c113a8
Server 799bb1b2-bd8f-49e2-81f8-f7237f0eb223 received client-request: Request { kind: ReserveTicket, customer: e2eb8c9d-d10e-4624-b739-e3410bd28ca8, server: None, raw: .. }
Reserved ticket 7365 for customer e2eb8c9d-d10e-4624-b739-e3410bd28ca8
Server 799bb1b2-bd8f-49e2-81f8-f7237f0eb223 received client-request: Request { kind: ReserveTicket, customer: 22354f7f-6d53-4cac-b129-945c6750b511, server: None, raw: .. }
Reserved ticket 7364 for customer 22354f7f-6d53-4cac-b129-945c6750b511
Server 799bb1b2-bd8f-49e2-81f8-f7237f0eb223 received client-request: Request { kind: ReserveTicket, customer: bc86d620-a863-4bfe-b609-e26ddaf7dc82, server: None, raw: .. }
Reserved ticket 7363 for customer bc86d620-a863-4bfe-b609-e26ddaf7dc82
Server 799bb1b2-bd8f-49e2-81f8-f7237f0eb223 received client-request: Request { kind: ReserveTicket, customer: 23131423-074f-408d-9e18-d3505f7657d1, server: None, raw: .. }
Reserved ticket 7362 for customer 23131423-074f-408d-9e18-d3505f7657d1
Server 799bb1b2-bd8f-49e2-81f8-f7237f0eb223 received client-request: Request { kind: ReserveTicket, customer: 03948049-58d6-4a20-9424-a259e3989c3a, server: None, raw: .. }
Reserved ticket 7361 for customer 03948049-58d6-4a20-9424-a259e3989c3a
Server 799bb1b2-bd8f-49e2-81f8-f7237f0eb223 received client-request: Request { kind: ReserveTicket, customer: 87f9b943-e628-4dd2-8c96-7b4b115e0a35, server: None, raw: .. }
Reserved ticket 7360 for customer 87f9b943-e628-4dd2-8c96-7b4b115e0a35
Server 799bb1b2-bd8f-49e2-81f8-f7237f0eb223 received client-request: Request { kind: ReserveTicket, customer: 21c4b71b-bad3-49c7-baa5-addc8fbca845, server: None, raw: .. }
Reserved ticket 7359 for customer 21c4b71b-bad3-49c7-baa5-addc8fbca845
Server 799bb1b2-bd8f-49e2-81f8-f7237f0eb223 received client-request: Request { kind: ReserveTicket, customer: 6a79540d-d5c1-4c55-a284-94ccce2c63bf, server: None, raw: .. }
Reserved ticket 7358 for customer 6a79540d-d5c1-4c55-a284-94ccce2c63bf
Server 799bb1b2-bd8f-49e2-81f8-f7237f0eb223 received client-request: Request { kind: ReserveTicket, customer: 75b6bce6-66dc-4d00-aaaa-f803408059cf, server: None, raw: .. }
Reserved ticket 7357 for customer 75b6bce6-66dc-4d00-aaaa-f803408059cf
Server 799bb1b2-bd8f-49e2-81f8-f7237f0eb223 received client-request: Request { kind: ReserveTicket, customer: 0e71a7ca-0f0f-47d6-843a-becac6a11190, server: None, raw: .. }
Reserved ticket 7356 for customer 0e71a7ca-0f0f-47d6-843a-becac6a11190
Server 799bb1b2-bd8f-49e2-81f8-f7237f0eb223 received client-request: Request { kind: ReserveTicket, customer: 94323af4-f96f-4a48-82f6-7647fd1ed830, server: None, raw: .. }
Reserved ticket 7355 for customer 94323af4-f96f-4a48-82f6-7647fd1ed830
Server 799bb1b2-bd8f-49e2-81f8-f7237f0eb223 received client-request: Request { kind: ReserveTicket, customer: 591a184f-43ed-453e-a99c-1e6011aaeae1, server: None, raw: .. }
Reserved ticket 7354 for customer 591a184f-43ed-453e-a99c-1e6011aaeae1
Server 799bb1b2-bd8f-49e2-81f8-f7237f0eb223 received client-request: Request { kind: ReserveTicket, customer: 9911809c-1fb2-4844-aec5-391e8da1310d, server: None, raw: .. }
Reserved ticket 7353 for customer 9911809c-1fb2-4844-aec5-391e8da1310d
Server 799bb1b2-bd8f-49e2-81f8-f7237f0eb223 received client-request: Request { kind: ReserveTicket, customer: 98202557-596b-468c-8e4c-6505dbc87c56, server: None, raw: .. }
Reserved ticket 7352 for customer 98202557-596b-468c-8e4c-6505dbc87c56
Server 799bb1b2-bd8f-49e2-81f8-f7237f0eb223 received client-request: Request { kind: ReserveTicket, customer: dd8f8e77-9e93-4829-8fd0-3302a95ba9ff, server: None, raw: .. }
Reserved ticket 7351 for customer dd8f8e77-9e93-4829-8fd0-3302a95ba9ff
Server 799bb1b2-bd8f-49e2-81f8-f7237f0eb223 received client-request: Request { kind: ReserveTicket, customer: 08c3a217-d450-4d99-ae99-70f95a9744c3, server: None, raw: .. }
Reserved ticket 7350 for customer 08c3a217-d450-4d99-ae99-70f95a9744c3
Server 65a51e17-fff5-4036-8b94-6db5de4d28d8 received client-request: Request { kind: ReserveTicket, customer: 259e124d-f7e9-4376-848e-40c43c83d236, server: None, raw: .. }
Reserved ticket 7349 for customer 259e124d-f7e9-4376-848e-40c43c83d236
Server 799bb1b2-bd8f-49e2-81f8-f7237f0eb223 received client-request: Request { kind: ReserveTicket, customer: 6c966fb7-22fb-4f55-85f3-f3807f100cee, server: None, raw: .. }
Reserved ticket 7348 for customer 6c966fb7-22fb-4f55-85f3-f3807f100cee
Server 799bb1b2-bd8f-49e2-81f8-f7237f0eb223 received client-request: Request { kind: ReserveTicket, customer: caa41d9a-0e83-46ed-a586-54cae5c3787a, server: None, raw: .. }
Reserved ticket 7347 for customer caa41d9a-0e83-46ed-a586-54cae5c3787a
Server 799bb1b2-bd8f-49e2-81f8-f7237f0eb223 received client-request: Request { kind: ReserveTicket, customer: 98734768-e884-43eb-9ef4-5dfbf9345dc6, server: None, raw: .. }
Reserved ticket 7346 for customer 98734768-e884-43eb-9ef4-5dfbf9345dc6
Server 799bb1b2-bd8f-49e2-81f8-f7237f0eb223 received client-request: Request { kind: ReserveTicket, customer: ce956992-80c2-4115-ad50-5b2e3f92228e, server: None, raw: .. }
Reserved ticket 7345 for customer ce956992-80c2-4115-ad50-5b2e3f92228e
Server 799bb1b2-bd8f-49e2-81f8-f7237f0eb223 received client-request: Request { kind: ReserveTicket, customer: 457fd795-36c4-4140-8a2d-51d9f81be8f2, server: None, raw: .. }
Reserved ticket 7344 for customer 457fd795-36c4-4140-8a2d-51d9f81be8f2
Server 799bb1b2-bd8f-49e2-81f8-f7237f0eb223 received client-request: Request { kind: ReserveTicket, customer: acc546ee-dcce-43d6-8d2e-f0917173471c, server: None, raw: .. }
Reserved ticket 7343 for customer acc546ee-dcce-43d6-8d2e-f0917173471c
Server 799bb1b2-bd8f-49e2-81f8-f7237f0eb223 received client-request: Request { kind: ReserveTicket, customer: 83834eda-1dde-4112-9de6-8194992bae8e, server: None, raw: .. }
Reserved ticket 7342 for customer 83834eda-1dde-4112-9de6-8194992bae8e
Server 799bb1b2-bd8f-49e2-81f8-f7237f0eb223 received client-request: Request { kind: ReserveTicket, customer: 80bce33e-3a68-4f8d-aa9c-718b31158436, server: None, raw: .. }
Reserved ticket 7341 for customer 80bce33e-3a68-4f8d-aa9c-718b31158436
Server 799bb1b2-bd8f-49e2-81f8-f7237f0eb223 received client-request: Request { kind: ReserveTicket, customer: b0666eae-80b1-4915-ba3e-adc559045acb, server: None, raw: .. }
Reserved ticket 7340 for customer b0666eae-80b1-4915-ba3e-adc559045acb
Server 799bb1b2-bd8f-49e2-81f8-f7237f0eb223 received client-request: Request { kind: ReserveTicket, customer: 7134b393-129a-408b-9fd7-bfa82e0165a4, server: None, raw: .. }
Reserved ticket 7339 for customer 7134b393-129a-408b-9fd7-bfa82e0165a4
Server 799bb1b2-bd8f-49e2-81f8-f7237f0eb223 received client-request: Request { kind: ReserveTicket, customer: 0015b40d-4fd0-444a-b55d-4e571d4a9e60, server: None, raw: .. }
Reserved ticket 7338 for customer 0015b40d-4fd0-444a-b55d-4e571d4a9e60
Server 799bb1b2-bd8f-49e2-81f8-f7237f0eb223 received client-request: Request { kind: ReserveTicket, customer: 0552f82a-726a-4b66-aa44-d444c3cd76cc, server: None, raw: .. }
Reserved ticket 7337 for customer 0552f82a-726a-4b66-aa44-d444c3cd76cc
Server 799bb1b2-bd8f-49e2-81f8-f7237f0eb223 received client-request: Request { kind: ReserveTicket, customer: a573bca6-f4df-4766-9414-8f04c3461a18, server: None, raw: .. }
Reserved ticket 7336 for customer a573bca6-f4df-4766-9414-8f04c3461a18
Server 799bb1b2-bd8f-49e2-81f8-f7237f0eb223 received client-request: Request { kind: ReserveTicket, customer: 8864b2f3-bdd2-4d2b-bf4c-6ea6a0a634cb, server: None, raw: .. }
Reserved ticket 7335 for customer 8864b2f3-bdd2-4d2b-bf4c-6ea6a0a634cb
Server 799bb1b2-bd8f-49e2-81f8-f7237f0eb223 received client-request: Request { kind: ReserveTicket, customer: 8a48688e-a0cc-468a-82cc-f3855f3a3c76, server: None, raw: .. }
Reserved ticket 7334 for customer 8a48688e-a0cc-468a-82cc-f3855f3a3c76
Server 799bb1b2-bd8f-49e2-81f8-f7237f0eb223 received client-request: Request { kind: ReserveTicket, customer: 3756013d-2bd2-4425-92a8-3e8e8f90473e, server: None, raw: .. }
Reserved ticket 7333 for customer 3756013d-2bd2-4425-92a8-3e8e8f90473e
Server 799bb1b2-bd8f-49e2-81f8-f7237f0eb223 received client-request: Request { kind: ReserveTicket, customer: 78c549e0-31fd-4953-a3a1-95a52d9e0f22, server: None, raw: .. }
Reserved ticket 7332 for customer 78c549e0-31fd-4953-a3a1-95a52d9e0f22
Server 799bb1b2-bd8f-49e2-81f8-f7237f0eb223 received client-request: Request { kind: ReserveTicket, customer: 9332f6eb-3817-4cbf-990f-f5ba045871c6, server: None, raw: .. }
Reserved ticket 7331 for customer 9332f6eb-3817-4cbf-990f-f5ba045871c6
Server 799bb1b2-bd8f-49e2-81f8-f7237f0eb223 received client-request: Request { kind: ReserveTicket, customer: 50956cfa-5a7d-4ab3-9632-e6c4c88fbae1, server: None, raw: .. }
Reserved ticket 7330 for customer 50956cfa-5a7d-4ab3-9632-e6c4c88fbae1
Server 65a51e17-fff5-4036-8b94-6db5de4d28d8 received client-request: Request { kind: ReserveTicket, customer: 953b0e30-8963-4cd3-9544-66e855038646, server: None, raw: .. }
Reserved ticket 7329 for customer 953b0e30-8963-4cd3-9544-66e855038646
Server 799bb1b2-bd8f-49e2-81f8-f7237f0eb223 received client-request: Request { kind: ReserveTicket, customer: ab2c3dfe-501e-403b-87db-f055924f630f, server: None, raw: .. }
Reserved ticket 7328 for customer ab2c3dfe-501e-403b-87db-f055924f630f
Server 799bb1b2-bd8f-49e2-81f8-f7237f0eb223 received client-request: Request { kind: ReserveTicket, customer: e952f0eb-5110-4641-9b95-963fa772630f, server: None, raw: .. }
Reserved ticket 7327 for customer e952f0eb-5110-4641-9b95-963fa772630f
Server 799bb1b2-bd8f-49e2-81f8-f7237f0eb223 received client-request: Request { kind: ReserveTicket, customer: 0ca15b37-1620-4b73-ac00-1c30c229153d, server: None, raw: .. }
Reserved ticket 7326 for customer 0ca15b37-1620-4b73-ac00-1c30c229153d
Server 799bb1b2-bd8f-49e2-81f8-f7237f0eb223 received client-request: Request { kind: ReserveTicket, customer: 202605e0-747a-41e8-b1f2-e8cbc46a9e28, server: None, raw: .. }
Reserved ticket 7325 for customer 202605e0-747a-41e8-b1f2-e8cbc46a9e28
Server 799bb1b2-bd8f-49e2-81f8-f7237f0eb223 received client-request: Request { kind: ReserveTicket, customer: 08b5c023-0d4f-402e-8b1f-38bc4b27c975, server: None, raw: .. }
Reserved ticket 7324 for customer 08b5c023-0d4f-402e-8b1f-38bc4b27c975
Server 799bb1b2-bd8f-49e2-81f8-f7237f0eb223 received client-request: Request { kind: ReserveTicket, customer: 8b000b88-1baf-4430-ad6b-239a72c5e496, server: None, raw: .. }
Reserved ticket 7323 for customer 8b000b88-1baf-4430-ad6b-239a72c5e496
Server 799bb1b2-bd8f-49e2-81f8-f7237f0eb223 received client-request: Request { kind: ReserveTicket, customer: 9984d14f-48a6-4d5f-8556-63584fae9f77, server: None, raw: .. }
Reserved ticket 7322 for customer 9984d14f-48a6-4d5f-8556-63584fae9f77
Server 799bb1b2-bd8f-49e2-81f8-f7237f0eb223 received client-request: Request { kind: ReserveTicket, customer: 7741ee73-2be2-4b5d-8cc5-e16bd062e8a5, server: None, raw: .. }
Reserved ticket 7321 for customer 7741ee73-2be2-4b5d-8cc5-e16bd062e8a5
Server 799bb1b2-bd8f-49e2-81f8-f7237f0eb223 received client-request: Request { kind: ReserveTicket, customer: a370f284-361b-45b8-88b8-c0227699baf5, server: None, raw: .. }
Reserved ticket 7320 for customer a370f284-361b-45b8-88b8-c0227699baf5
Server 799bb1b2-bd8f-49e2-81f8-f7237f0eb223 received client-request: Request { kind: ReserveTicket, customer: d50e828a-261e-4272-92db-a20ab6aef5f8, server: None, raw: .. }
Reserved ticket 7319 for customer d50e828a-261e-4272-92db-a20ab6aef5f8
Server 799bb1b2-bd8f-49e2-81f8-f7237f0eb223 received client-request: Request { kind: ReserveTicket, customer: b866842c-0ce9-4ac6-a360-fa3b44e33195, server: None, raw: .. }
Reserved ticket 7318 for customer b866842c-0ce9-4ac6-a360-fa3b44e33195
Server 799bb1b2-bd8f-49e2-81f8-f7237f0eb223 received client-request: Request { kind: ReserveTicket, customer: a696908e-72c2-4652-8ec8-eb1034122568, server: None, raw: .. }
Reserved ticket 7317 for customer a696908e-72c2-4652-8ec8-eb1034122568
Server 799bb1b2-bd8f-49e2-81f8-f7237f0eb223 received client-request: Request { kind: ReserveTicket, customer: dd17a67a-7af3-4913-93a2-3515f9566aa6, server: None, raw: .. }
Reserved ticket 7316 for customer dd17a67a-7af3-4913-93a2-3515f9566aa6
Server 799bb1b2-bd8f-49e2-81f8-f7237f0eb223 received client-request: Request { kind: ReserveTicket, customer: b9e7b55d-d65a-4b5b-90f8-02564ac4768a, server: None, raw: .. }
Reserved ticket 7315 for customer b9e7b55d-d65a-4b5b-90f8-02564ac4768a
Server 799bb1b2-bd8f-49e2-81f8-f7237f0eb223 received client-request: Request { kind: ReserveTicket, customer: 423922b7-515f-49ed-87f7-a8d55ba87013, server: None, raw: .. }
Reserved ticket 7314 for customer 423922b7-515f-49ed-87f7-a8d55ba87013
Server 799bb1b2-bd8f-49e2-81f8-f7237f0eb223 received client-request: Request { kind: ReserveTicket, customer: 0b621ee8-6c08-4176-a158-9d88e1c7d17f, server: None, raw: .. }
Reserved ticket 7313 for customer 0b621ee8-6c08-4176-a158-9d88e1c7d17f
Server 799bb1b2-bd8f-49e2-81f8-f7237f0eb223 received client-request: Request { kind: ReserveTicket, customer: a714d018-6ef8-43a5-89a1-6ffca5cbc5fa, server: None, raw: .. }
Reserved ticket 7312 for customer a714d018-6ef8-43a5-89a1-6ffca5cbc5fa
Server 799bb1b2-bd8f-49e2-81f8-f7237f0eb223 received client-request: Request { kind: ReserveTicket, customer: c6617d61-b235-43c1-84df-309f22bba197, server: None, raw: .. }
Reserved ticket 7311 for customer c6617d61-b235-43c1-84df-309f22bba197
Server 799bb1b2-bd8f-49e2-81f8-f7237f0eb223 received client-request: Request { kind: ReserveTicket, customer: 91b53da4-8408-4daa-a331-68782fcbab59, server: None, raw: .. }
Reserved ticket 7310 for customer 91b53da4-8408-4daa-a331-68782fcbab59
Server 65a51e17-fff5-4036-8b94-6db5de4d28d8 received client-request: Request { kind: ReserveTicket, customer: 9bbd388b-f98e-42e6-bdd6-11528738bdf5, server: None, raw: .. }
Reserved ticket 7309 for customer 9bbd388b-f98e-42e6-bdd6-11528738bdf5
Server 799bb1b2-bd8f-49e2-81f8-f7237f0eb223 received client-request: Request { kind: ReserveTicket, customer: fcb3911a-46b2-4d16-96ef-438105c625b6, server: None, raw: .. }
Reserved ticket 7308 for customer fcb3911a-46b2-4d16-96ef-438105c625b6
Server 799bb1b2-bd8f-49e2-81f8-f7237f0eb223 received client-request: Request { kind: ReserveTicket, customer: 6c941acd-bb86-478c-9156-2dc28eafc9a0, server: None, raw: .. }
Reserved ticket 7307 for customer 6c941acd-bb86-478c-9156-2dc28eafc9a0
Server 799bb1b2-bd8f-49e2-81f8-f7237f0eb223 received client-request: Request { kind: ReserveTicket, customer: d3148fcb-c617-4968-b069-16072bbcc677, server: None, raw: .. }
Reserved ticket 7306 for customer d3148fcb-c617-4968-b069-16072bbcc677
Server 799bb1b2-bd8f-49e2-81f8-f7237f0eb223 received client-request: Request { kind: ReserveTicket, customer: 973e86ca-7109-4606-a011-1fae30a64fbc, server: None, raw: .. }
Reserved ticket 7305 for customer 973e86ca-7109-4606-a011-1fae30a64fbc
Server 799bb1b2-bd8f-49e2-81f8-f7237f0eb223 received client-request: Request { kind: ReserveTicket, customer: b7457d59-b0a2-40f5-a1b1-b5a999dbb4f0, server: None, raw: .. }
Reserved ticket 7304 for customer b7457d59-b0a2-40f5-a1b1-b5a999dbb4f0
Server 799bb1b2-bd8f-49e2-81f8-f7237f0eb223 received client-request: Request { kind: ReserveTicket, customer: c7c9e878-8984-4623-99a1-b9ee6b35fccf, server: None, raw: .. }
Reserved ticket 7303 for customer c7c9e878-8984-4623-99a1-b9ee6b35fccf
Server 799bb1b2-bd8f-49e2-81f8-f7237f0eb223 received client-request: Request { kind: ReserveTicket, customer: 3d479e13-b5e5-4ed5-89e0-fc291a83cb80, server: None, raw: .. }
Reserved ticket 7302 for customer 3d479e13-b5e5-4ed5-89e0-fc291a83cb80
Server 799bb1b2-bd8f-49e2-81f8-f7237f0eb223 received client-request: Request { kind: ReserveTicket, customer: 41f763f3-e0b1-4e7c-864d-f1ef4bd14d95, server: None, raw: .. }
Reserved ticket 7301 for customer 41f763f3-e0b1-4e7c-864d-f1ef4bd14d95
Server 799bb1b2-bd8f-49e2-81f8-f7237f0eb223 received client-request: Request { kind: ReserveTicket, customer: e2d08e92-1d67-4ba2-aa01-578d0ec50435, server: None, raw: .. }
Reserved ticket 7300 for customer e2d08e92-1d67-4ba2-aa01-578d0ec50435
Server 799bb1b2-bd8f-49e2-81f8-f7237f0eb223 received client-request: Request { kind: ReserveTicket, customer: 052e562d-3c9d-4fbd-8d41-87ead4afea3f, server: None, raw: .. }
Reserved ticket 7299 for customer 052e562d-3c9d-4fbd-8d41-87ead4afea3f
Server 799bb1b2-bd8f-49e2-81f8-f7237f0eb223 received client-request: Request { kind: ReserveTicket, customer: 95455313-9ee3-4804-b111-e9dae62423b6, server: None, raw: .. }
Reserved ticket 7298 for customer 95455313-9ee3-4804-b111-e9dae62423b6
Server 799bb1b2-bd8f-49e2-81f8-f7237f0eb223 received client-request: Request { kind: ReserveTicket, customer: fa6b9098-f86d-4f58-92bc-b9f7eeda99c7, server: None, raw: .. }
Reserved ticket 7297 for customer fa6b9098-f86d-4f58-92bc-b9f7eeda99c7
Server 799bb1b2-bd8f-49e2-81f8-f7237f0eb223 received client-request: Request { kind: ReserveTicket, customer: 7ad64933-05c6-4250-9c21-fc0d5b2fa958, server: None, raw: .. }
Reserved ticket 7296 for customer 7ad64933-05c6-4250-9c21-fc0d5b2fa958
Server 799bb1b2-bd8f-49e2-81f8-f7237f0eb223 received client-request: Request { kind: ReserveTicket, customer: 0ac2b699-e667-484a-aaa7-15c4e2e89a3d, server: None, raw: .. }
Reserved ticket 7295 for customer 0ac2b699-e667-484a-aaa7-15c4e2e89a3d
Server 799bb1b2-bd8f-49e2-81f8-f7237f0eb223 received client-request: Request { kind: ReserveTicket, customer: 3b96ad73-30ad-4432-8fe3-35b1809cf1ea, server: None, raw: .. }
Reserved ticket 7294 for customer 3b96ad73-30ad-4432-8fe3-35b1809cf1ea
Server 799bb1b2-bd8f-49e2-81f8-f7237f0eb223 received client-request: Request { kind: ReserveTicket, customer: e88623e9-d8ba-465e-871e-697106ac7cdb, server: None, raw: .. }
Reserved ticket 7293 for customer e88623e9-d8ba-465e-871e-697106ac7cdb
Server 799bb1b2-bd8f-49e2-81f8-f7237f0eb223 received client-request: Request { kind: ReserveTicket, customer: a2860c76-0965-4026-90fd-a1ff0e2cd986, server: None, raw: .. }
Reserved ticket 7292 for customer a2860c76-0965-4026-90fd-a1ff0e2cd986
Server 799bb1b2-bd8f-49e2-81f8-f7237f0eb223 received client-request: Request { kind: ReserveTicket, customer: ed44ad1a-c008-40ae-aee8-1e3c7544d4ce, server: None, raw: .. }
Reserved ticket 7291 for customer ed44ad1a-c008-40ae-aee8-1e3c7544d4ce
Server 799bb1b2-bd8f-49e2-81f8-f7237f0eb223 received client-request: Request { kind: ReserveTicket, customer: 28988fbb-5f28-4f5e-9cdb-f814d974fd65, server: None, raw: .. }
Reserved ticket 7290 for customer 28988fbb-5f28-4f5e-9cdb-f814d974fd65
Server 65a51e17-fff5-4036-8b94-6db5de4d28d8 received client-request: Request { kind: ReserveTicket, customer: d0455908-78d5-4a11-b241-baaae55e8bc7, server: None, raw: .. }
Reserved ticket 7289 for customer d0455908-78d5-4a11-b241-baaae55e8bc7
Server 799bb1b2-bd8f-49e2-81f8-f7237f0eb223 received client-request: Request { kind: ReserveTicket, customer: 4a1ee724-772f-46d1-a40f-24c54e07dee9, server: None, raw: .. }
Reserved ticket 7288 for customer 4a1ee724-772f-46d1-a40f-24c54e07dee9
Server 799bb1b2-bd8f-49e2-81f8-f7237f0eb223 received client-request: Request { kind: ReserveTicket, customer: 58c5fac3-b6bd-4f32-ba69-188a9c51d284, server: None, raw: .. }
Reserved ticket 7287 for customer 58c5fac3-b6bd-4f32-ba69-188a9c51d284
Server 799bb1b2-bd8f-49e2-81f8-f7237f0eb223 received client-request: Request { kind: ReserveTicket, customer: 8ab70b42-9f22-410c-98f8-cd3aa6e9b879, server: None, raw: .. }
Reserved ticket 7286 for customer 8ab70b42-9f22-410c-98f8-cd3aa6e9b879
Server 799bb1b2-bd8f-49e2-81f8-f7237f0eb223 received client-request: Request { kind: ReserveTicket, customer: dafd12b9-ac39-4650-982a-ae66d118f16d, server: None, raw: .. }
Reserved ticket 7285 for customer dafd12b9-ac39-4650-982a-ae66d118f16d
Server 799bb1b2-bd8f-49e2-81f8-f7237f0eb223 received client-request: Request { kind: ReserveTicket, customer: 8dd8c4fd-28c7-475d-93c6-aba28f1d68fa, server: None, raw: .. }
Reserved ticket 7284 for customer 8dd8c4fd-28c7-475d-93c6-aba28f1d68fa
Server 799bb1b2-bd8f-49e2-81f8-f7237f0eb223 received client-request: Request { kind: ReserveTicket, customer: 7105007f-06af-4bca-8bdf-84deb599de6e, server: None, raw: .. }
Reserved ticket 7283 for customer 7105007f-06af-4bca-8bdf-84deb599de6e
Server 799bb1b2-bd8f-49e2-81f8-f7237f0eb223 received client-request: Request { kind: ReserveTicket, customer: 640775e6-734f-4345-ac5d-5c2321200f32, server: None, raw: .. }
Reserved ticket 7282 for customer 640775e6-734f-4345-ac5d-5c2321200f32
Server 799bb1b2-bd8f-49e2-81f8-f7237f0eb223 received client-request: Request { kind: ReserveTicket, customer: c521f354-9613-4760-b2d4-79edf518de91, server: None, raw: .. }
Reserved ticket 7281 for customer c521f354-9613-4760-b2d4-79edf518de91
Server 799bb1b2-bd8f-49e2-81f8-f7237f0eb223 received client-request: Request { kind: ReserveTicket, customer: c72a2bfc-5cd1-4f3f-9825-0da21dd4c10b, server: None, raw: .. }
Reserved ticket 7280 for customer c72a2bfc-5cd1-4f3f-9825-0da21dd4c10b
Server 799bb1b2-bd8f-49e2-81f8-f7237f0eb223 received client-request: Request { kind: ReserveTicket, customer: ac562320-c1df-4125-bd14-9bcedbd8ee49, server: None, raw: .. }
Reserved ticket 7279 for customer ac562320-c1df-4125-bd14-9bcedbd8ee49
Server 799bb1b2-bd8f-49e2-81f8-f7237f0eb223 received client-request: Request { kind: ReserveTicket, customer: b8e1d796-3e01-46c4-8880-fe3c1428b93d, server: None, raw: .. }
Reserved ticket 7278 for customer b8e1d796-3e01-46c4-8880-fe3c1428b93d
Server 799bb1b2-bd8f-49e2-81f8-f7237f0eb223 received client-request: Request { kind: ReserveTicket, customer: c8d111cf-1928-4576-b79d-e52c9cf00aa8, server: None, raw: .. }
Reserved ticket 7277 for customer c8d111cf-1928-4576-b79d-e52c9cf00aa8
Server 799bb1b2-bd8f-49e2-81f8-f7237f0eb223 received client-request: Request { kind: ReserveTicket, customer: e9491b4b-2dde-47bc-b96b-92b47cb916bd, server: None, raw: .. }
Reserved ticket 7276 for customer e9491b4b-2dde-47bc-b96b-92b47cb916bd
Server 799bb1b2-bd8f-49e2-81f8-f7237f0eb223 received client-request: Request { kind: ReserveTicket, customer: 15573606-21a8-4d06-bc62-e3e5308486cb, server: None, raw: .. }
Reserved ticket 7275 for customer 15573606-21a8-4d06-bc62-e3e5308486cb
Server 799bb1b2-bd8f-49e2-81f8-f7237f0eb223 received client-request: Request { kind: ReserveTicket, customer: a46ff75e-8cae-4e36-964a-61e6bcaf63ec, server: None, raw: .. }
Reserved ticket 7274 for customer a46ff75e-8cae-4e36-964a-61e6bcaf63ec
Server 799bb1b2-bd8f-49e2-81f8-f7237f0eb223 received client-request: Request { kind: ReserveTicket, customer: a9f4ac9c-ec5d-4a4a-82bf-e1b8f8137aba, server: None, raw: .. }
Reserved ticket 7273 for customer a9f4ac9c-ec5d-4a4a-82bf-e1b8f8137aba
Server 799bb1b2-bd8f-49e2-81f8-f7237f0eb223 received client-request: Request { kind: ReserveTicket, customer: 1798a275-168e-421e-a118-d9e5d942629d, server: None, raw: .. }
Reserved ticket 7272 for customer 1798a275-168e-421e-a118-d9e5d942629d
Server 799bb1b2-bd8f-49e2-81f8-f7237f0eb223 received client-request: Request { kind: ReserveTicket, customer: 3ec86857-24e9-45fd-b9ba-732a0446a7d7, server: None, raw: .. }
Reserved ticket 7271 for customer 3ec86857-24e9-45fd-b9ba-732a0446a7d7
Server 799bb1b2-bd8f-49e2-81f8-f7237f0eb223 received client-request: Request { kind: ReserveTicket, customer: 0432150a-53b2-4436-af65-0f44e84707b0, server: None, raw: .. }
Reserved ticket 7270 for customer 0432150a-53b2-4436-af65-0f44e84707b0
Server 65a51e17-fff5-4036-8b94-6db5de4d28d8 received client-request: Request { kind: ReserveTicket, customer: 0d6dba4a-12d7-41dd-9350-e2691034c7a2, server: None, raw: .. }
Reserved ticket 7269 for customer 0d6dba4a-12d7-41dd-9350-e2691034c7a2
Server 799bb1b2-bd8f-49e2-81f8-f7237f0eb223 received client-request: Request { kind: ReserveTicket, customer: e2dcb1ec-3795-4746-8729-855d61cf8b3b, server: None, raw: .. }
Reserved ticket 7268 for customer e2dcb1ec-3795-4746-8729-855d61cf8b3b
Server 799bb1b2-bd8f-49e2-81f8-f7237f0eb223 received client-request: Request { kind: ReserveTicket, customer: c4d4bc42-4fc7-423b-90cc-6530a57ee604, server: None, raw: .. }
Reserved ticket 7267 for customer c4d4bc42-4fc7-423b-90cc-6530a57ee604
Server 799bb1b2-bd8f-49e2-81f8-f7237f0eb223 received client-request: Request { kind: ReserveTicket, customer: 92328ba5-5f38-4384-9c3d-42c4b49163a9, server: None, raw: .. }
Reserved ticket 7266 for customer 92328ba5-5f38-4384-9c3d-42c4b49163a9
Server 799bb1b2-bd8f-49e2-81f8-f7237f0eb223 received client-request: Request { kind: ReserveTicket, customer: 125d8829-e494-4c08-9b23-ad3c5d7214f3, server: None, raw: .. }
Reserved ticket 7265 for customer 125d8829-e494-4c08-9b23-ad3c5d7214f3
Server 799bb1b2-bd8f-49e2-81f8-f7237f0eb223 received client-request: Request { kind: ReserveTicket, customer: b769dacc-cf54-41ef-ad83-1caa298a4aca, server: None, raw: .. }
Reserved ticket 7264 for customer b769dacc-cf54-41ef-ad83-1caa298a4aca
Server 799bb1b2-bd8f-49e2-81f8-f7237f0eb223 received client-request: Request { kind: ReserveTicket, customer: 16c166b2-c979-45a7-840e-800f1e078973, server: None, raw: .. }
Reserved ticket 7263 for customer 16c166b2-c979-45a7-840e-800f1e078973
Server 799bb1b2-bd8f-49e2-81f8-f7237f0eb223 received client-request: Request { kind: ReserveTicket, customer: 5065f5f6-9826-469d-82f9-502205f727a0, server: None, raw: .. }
Reserved ticket 7262 for customer 5065f5f6-9826-469d-82f9-502205f727a0
Server 799bb1b2-bd8f-49e2-81f8-f7237f0eb223 received client-request: Request { kind: ReserveTicket, customer: 840f42a6-a82d-4de9-9334-f49c0691b5b6, server: None, raw: .. }
Reserved ticket 7261 for customer 840f42a6-a82d-4de9-9334-f49c0691b5b6
Server 799bb1b2-bd8f-49e2-81f8-f7237f0eb223 received client-request: Request { kind: ReserveTicket, customer: c102e4e6-06e2-48a1-8d28-abe706d3004f, server: None, raw: .. }
Reserved ticket 7260 for customer c102e4e6-06e2-48a1-8d28-abe706d3004f
Server 799bb1b2-bd8f-49e2-81f8-f7237f0eb223 received client-request: Request { kind: ReserveTicket, customer: bc8bb053-a445-4e80-9f97-83f0053dd24c, server: None, raw: .. }
Reserved ticket 7259 for customer bc8bb053-a445-4e80-9f97-83f0053dd24c
Server 799bb1b2-bd8f-49e2-81f8-f7237f0eb223 received client-request: Request { kind: ReserveTicket, customer: ba542db3-e24b-4d2d-a9cb-eacb30caca8b, server: None, raw: .. }
Reserved ticket 7258 for customer ba542db3-e24b-4d2d-a9cb-eacb30caca8b
Server 799bb1b2-bd8f-49e2-81f8-f7237f0eb223 received client-request: Request { kind: ReserveTicket, customer: 7eeb1431-24c6-4a46-94e3-d324f1b23930, server: None, raw: .. }
Reserved ticket 7257 for customer 7eeb1431-24c6-4a46-94e3-d324f1b23930
Server 799bb1b2-bd8f-49e2-81f8-f7237f0eb223 received client-request: Request { kind: ReserveTicket, customer: d5be1e73-2480-46a1-9efa-d4d182b36c33, server: None, raw: .. }
Reserved ticket 7256 for customer d5be1e73-2480-46a1-9efa-d4d182b36c33
Server 799bb1b2-bd8f-49e2-81f8-f7237f0eb223 received client-request: Request { kind: ReserveTicket, customer: 6a2ef687-f5e8-4616-8e8e-60337e9f5644, server: None, raw: .. }
Reserved ticket 7255 for customer 6a2ef687-f5e8-4616-8e8e-60337e9f5644
Server 799bb1b2-bd8f-49e2-81f8-f7237f0eb223 received client-request: Request { kind: ReserveTicket, customer: 63b5e037-90ae-47ca-a727-7f6202d62a6b, server: None, raw: .. }
Reserved ticket 7254 for customer 63b5e037-90ae-47ca-a727-7f6202d62a6b
Server 799bb1b2-bd8f-49e2-81f8-f7237f0eb223 received client-request: Request { kind: ReserveTicket, customer: 1fd206d6-d6f4-4eb2-990c-e084cd9a3c6e, server: None, raw: .. }
Reserved ticket 7253 for customer 1fd206d6-d6f4-4eb2-990c-e084cd9a3c6e
Server 799bb1b2-bd8f-49e2-81f8-f7237f0eb223 received client-request: Request { kind: ReserveTicket, customer: 598beb78-4548-42e1-a42c-985ca620ce22, server: None, raw: .. }
Reserved ticket 7252 for customer 598beb78-4548-42e1-a42c-985ca620ce22
Server 799bb1b2-bd8f-49e2-81f8-f7237f0eb223 received client-request: Request { kind: ReserveTicket, customer: 7e0a03b3-3dd8-4aad-b4ff-e01c5595a480, server: None, raw: .. }
Reserved ticket 7251 for customer 7e0a03b3-3dd8-4aad-b4ff-e01c5595a480
Server 799bb1b2-bd8f-49e2-81f8-f7237f0eb223 received client-request: Request { kind: ReserveTicket, customer: c9a617f4-83ff-4107-890b-ca90e5cfce6c, server: None, raw: .. }
Reserved ticket 7250 for customer c9a617f4-83ff-4107-890b-ca90e5cfce6c
Server 65a51e17-fff5-4036-8b94-6db5de4d28d8 received client-request: Request { kind: ReserveTicket, customer: 8b844578-5bf8-422c-b1cc-5d6c7ca873da, server: None, raw: .. }
Reserved ticket 7249 for customer 8b844578-5bf8-422c-b1cc-5d6c7ca873da
Server 799bb1b2-bd8f-49e2-81f8-f7237f0eb223 received client-request: Request { kind: ReserveTicket, customer: bf4e03d3-8fdf-4be0-8120-a6c118ea4ed3, server: None, raw: .. }
Reserved ticket 7248 for customer bf4e03d3-8fdf-4be0-8120-a6c118ea4ed3
Server 799bb1b2-bd8f-49e2-81f8-f7237f0eb223 received client-request: Request { kind: ReserveTicket, customer: d991335e-1285-4425-b602-b4b8a95d4b12, server: None, raw: .. }
Reserved ticket 7247 for customer d991335e-1285-4425-b602-b4b8a95d4b12
Server 799bb1b2-bd8f-49e2-81f8-f7237f0eb223 received client-request: Request { kind: ReserveTicket, customer: 9a980e00-9bf0-4ea6-bc91-d1b275498454, server: None, raw: .. }
Reserved ticket 7246 for customer 9a980e00-9bf0-4ea6-bc91-d1b275498454
Server 799bb1b2-bd8f-49e2-81f8-f7237f0eb223 received client-request: Request { kind: ReserveTicket, customer: e9897e03-5920-4113-9ad2-0facf71378f0, server: None, raw: .. }
Reserved ticket 7245 for customer e9897e03-5920-4113-9ad2-0facf71378f0
Server 799bb1b2-bd8f-49e2-81f8-f7237f0eb223 received client-request: Request { kind: ReserveTicket, customer: 144fb06a-9d96-4384-8f7c-023206d4ca51, server: None, raw: .. }
Reserved ticket 7244 for customer 144fb06a-9d96-4384-8f7c-023206d4ca51
Server 799bb1b2-bd8f-49e2-81f8-f7237f0eb223 received client-request: Request { kind: ReserveTicket, customer: de4b2760-74c5-46e2-bf83-423ffe46ffe2, server: None, raw: .. }
Reserved ticket 7243 for customer de4b2760-74c5-46e2-bf83-423ffe46ffe2
Server 799bb1b2-bd8f-49e2-81f8-f7237f0eb223 received client-request: Request { kind: ReserveTicket, customer: d1daf3b5-21ab-47c4-9755-8f66e2bb6552, server: None, raw: .. }
Reserved ticket 7242 for customer d1daf3b5-21ab-47c4-9755-8f66e2bb6552
Server 799bb1b2-bd8f-49e2-81f8-f7237f0eb223 received client-request: Request { kind: ReserveTicket, customer: b688628b-c71a-4640-b847-47d38c4f563e, server: None, raw: .. }
Reserved ticket 7241 for customer b688628b-c71a-4640-b847-47d38c4f563e
Server 799bb1b2-bd8f-49e2-81f8-f7237f0eb223 received client-request: Request { kind: ReserveTicket, customer: ced6b455-c7cb-412f-806e-61db39761ad1, server: None, raw: .. }
Reserved ticket 7240 for customer ced6b455-c7cb-412f-806e-61db39761ad1
Server 799bb1b2-bd8f-49e2-81f8-f7237f0eb223 received client-request: Request { kind: ReserveTicket, customer: 5102a147-0215-4491-aea6-57c425a08045, server: None, raw: .. }
Reserved ticket 7239 for customer 5102a147-0215-4491-aea6-57c425a08045
Server 799bb1b2-bd8f-49e2-81f8-f7237f0eb223 received client-request: Request { kind: ReserveTicket, customer: 43d29a45-d823-4eed-8d81-8da41a2de3b3, server: None, raw: .. }
Reserved ticket 7238 for customer 43d29a45-d823-4eed-8d81-8da41a2de3b3
Server 799bb1b2-bd8f-49e2-81f8-f7237f0eb223 received client-request: Request { kind: ReserveTicket, customer: 29156783-16d2-4cfb-96f6-4d8c3da163f1, server: None, raw: .. }
Reserved ticket 7237 for customer 29156783-16d2-4cfb-96f6-4d8c3da163f1
Server 799bb1b2-bd8f-49e2-81f8-f7237f0eb223 received client-request: Request { kind: ReserveTicket, customer: 347ef795-b5a5-48ba-84dd-1bf27fccd02c, server: None, raw: .. }
Reserved ticket 7236 for customer 347ef795-b5a5-48ba-84dd-1bf27fccd02c
Server 799bb1b2-bd8f-49e2-81f8-f7237f0eb223 received client-request: Request { kind: ReserveTicket, customer: 19628f82-3cc2-45b6-addf-3b25b4160fa2, server: None, raw: .. }
Reserved ticket 7235 for customer 19628f82-3cc2-45b6-addf-3b25b4160fa2
Server 799bb1b2-bd8f-49e2-81f8-f7237f0eb223 received client-request: Request { kind: ReserveTicket, customer: d58f6aa2-5af9-483d-b869-fd7a99a2842f, server: None, raw: .. }
Reserved ticket 7234 for customer d58f6aa2-5af9-483d-b869-fd7a99a2842f
Server 799bb1b2-bd8f-49e2-81f8-f7237f0eb223 received client-request: Request { kind: ReserveTicket, customer: df068522-e83c-4753-9380-cd86f6c5aefa, server: None, raw: .. }
Reserved ticket 7233 for customer df068522-e83c-4753-9380-cd86f6c5aefa
Server 799bb1b2-bd8f-49e2-81f8-f7237f0eb223 received client-request: Request { kind: ReserveTicket, customer: cc4f140e-4122-412b-8be0-93f1bbd799ea, server: None, raw: .. }
Reserved ticket 7232 for customer cc4f140e-4122-412b-8be0-93f1bbd799ea
Server 799bb1b2-bd8f-49e2-81f8-f7237f0eb223 received client-request: Request { kind: ReserveTicket, customer: 66025eda-cb0c-48e6-9a7c-041ec8ff1673, server: None, raw: .. }
Reserved ticket 7231 for customer 66025eda-cb0c-48e6-9a7c-041ec8ff1673
Server 799bb1b2-bd8f-49e2-81f8-f7237f0eb223 received client-request: Request { kind: ReserveTicket, customer: 80eda066-5a9e-4288-b5ca-1378a3dbac74, server: None, raw: .. }
Reserved ticket 7230 for customer 80eda066-5a9e-4288-b5ca-1378a3dbac74
Server 65a51e17-fff5-4036-8b94-6db5de4d28d8 received client-request: Request { kind: ReserveTicket, customer: ab2e5c39-b827-4dd0-89e4-d4cf2a946deb, server: None, raw: .. }
Reserved ticket 7229 for customer ab2e5c39-b827-4dd0-89e4-d4cf2a946deb
Server 799bb1b2-bd8f-49e2-81f8-f7237f0eb223 received client-request: Request { kind: ReserveTicket, customer: dbf5d4e9-fa10-45b2-9e34-55a431462678, server: None, raw: .. }
Reserved ticket 7228 for customer dbf5d4e9-fa10-45b2-9e34-55a431462678
Server 799bb1b2-bd8f-49e2-81f8-f7237f0eb223 received client-request: Request { kind: ReserveTicket, customer: 5e68ebc7-538d-4abb-bdb3-ad1ab1b9da04, server: None, raw: .. }
Reserved ticket 7227 for customer 5e68ebc7-538d-4abb-bdb3-ad1ab1b9da04
Server 799bb1b2-bd8f-49e2-81f8-f7237f0eb223 received client-request: Request { kind: ReserveTicket, customer: 7b4a311d-97ad-4d62-8b8a-cd06e6281221, server: None, raw: .. }
Reserved ticket 7226 for customer 7b4a311d-97ad-4d62-8b8a-cd06e6281221
Server 799bb1b2-bd8f-49e2-81f8-f7237f0eb223 received client-request: Request { kind: ReserveTicket, customer: dea1ef22-5018-4d44-8b09-fb29020224fd, server: None, raw: .. }
Reserved ticket 7225 for customer dea1ef22-5018-4d44-8b09-fb29020224fd
Server 799bb1b2-bd8f-49e2-81f8-f7237f0eb223 received client-request: Request { kind: ReserveTicket, customer: b3e6d72b-7191-4ad4-9693-386b0417d8ce, server: None, raw: .. }
Reserved ticket 7224 for customer b3e6d72b-7191-4ad4-9693-386b0417d8ce
Server 799bb1b2-bd8f-49e2-81f8-f7237f0eb223 received client-request: Request { kind: ReserveTicket, customer: f2e2ea4f-72ea-40d4-9f40-2140e1aa7508, server: None, raw: .. }
Reserved ticket 7223 for customer f2e2ea4f-72ea-40d4-9f40-2140e1aa7508
Server 799bb1b2-bd8f-49e2-81f8-f7237f0eb223 received client-request: Request { kind: ReserveTicket, customer: 83e1ad00-5216-4685-b0f5-6e371342d54e, server: None, raw: .. }
Reserved ticket 7222 for customer 83e1ad00-5216-4685-b0f5-6e371342d54e
Server 799bb1b2-bd8f-49e2-81f8-f7237f0eb223 received client-request: Request { kind: ReserveTicket, customer: 299d662f-62bc-4f0a-a1d3-d368ec4f5aec, server: None, raw: .. }
Reserved ticket 7221 for customer 299d662f-62bc-4f0a-a1d3-d368ec4f5aec
Server 799bb1b2-bd8f-49e2-81f8-f7237f0eb223 received client-request: Request { kind: ReserveTicket, customer: 6aa2ba21-fdbc-4815-b577-19185a53cbf7, server: None, raw: .. }
Reserved ticket 7220 for customer 6aa2ba21-fdbc-4815-b577-19185a53cbf7
Server 799bb1b2-bd8f-49e2-81f8-f7237f0eb223 received client-request: Request { kind: ReserveTicket, customer: fb62fa5a-3a38-4fbc-a817-87e5e70405b3, server: None, raw: .. }
Reserved ticket 7219 for customer fb62fa5a-3a38-4fbc-a817-87e5e70405b3
Server 799bb1b2-bd8f-49e2-81f8-f7237f0eb223 received client-request: Request { kind: ReserveTicket, customer: 2e179bf3-329c-4e5e-bdce-c2afdb4a9112, server: None, raw: .. }
Reserved ticket 7218 for customer 2e179bf3-329c-4e5e-bdce-c2afdb4a9112
Server 799bb1b2-bd8f-49e2-81f8-f7237f0eb223 received client-request: Request { kind: ReserveTicket, customer: 380c7ed8-e9b3-4a5e-a079-f5947b387b60, server: None, raw: .. }
Reserved ticket 7217 for customer 380c7ed8-e9b3-4a5e-a079-f5947b387b60
Server 799bb1b2-bd8f-49e2-81f8-f7237f0eb223 received client-request: Request { kind: ReserveTicket, customer: fbc3bd80-cc1c-4dd7-b617-658f15709bdd, server: None, raw: .. }
Reserved ticket 7216 for customer fbc3bd80-cc1c-4dd7-b617-658f15709bdd
Server 799bb1b2-bd8f-49e2-81f8-f7237f0eb223 received client-request: Request { kind: ReserveTicket, customer: b4fecdf4-b902-4770-8988-60a5ad78da98, server: None, raw: .. }
Reserved ticket 7215 for customer b4fecdf4-b902-4770-8988-60a5ad78da98
Server 799bb1b2-bd8f-49e2-81f8-f7237f0eb223 received client-request: Request { kind: ReserveTicket, customer: 405a4c6f-7f56-48de-b906-fe0c9ba53c44, server: None, raw: .. }
Reserved ticket 7214 for customer 405a4c6f-7f56-48de-b906-fe0c9ba53c44
Server 799bb1b2-bd8f-49e2-81f8-f7237f0eb223 received client-request: Request { kind: ReserveTicket, customer: 59655540-9444-47d8-850f-9cd03731a4b6, server: None, raw: .. }
Reserved ticket 7213 for customer 59655540-9444-47d8-850f-9cd03731a4b6
Server 799bb1b2-bd8f-49e2-81f8-f7237f0eb223 received client-request: Request { kind: ReserveTicket, customer: 556db9ef-349f-44a5-b7a3-8b5d77dc94ea, server: None, raw: .. }
Reserved ticket 7212 for customer 556db9ef-349f-44a5-b7a3-8b5d77dc94ea
Server 799bb1b2-bd8f-49e2-81f8-f7237f0eb223 received client-request: Request { kind: ReserveTicket, customer: f2a1c3b9-b76d-41e4-a4b0-a7bc78580684, server: None, raw: .. }
Reserved ticket 7211 for customer f2a1c3b9-b76d-41e4-a4b0-a7bc78580684
Server 799bb1b2-bd8f-49e2-81f8-f7237f0eb223 received client-request: Request { kind: ReserveTicket, customer: 2bb3b137-5ea3-4bb4-b61b-285005fc59fd, server: None, raw: .. }
Reserved ticket 7210 for customer 2bb3b137-5ea3-4bb4-b61b-285005fc59fd
Server 65a51e17-fff5-4036-8b94-6db5de4d28d8 received client-request: Request { kind: ReserveTicket, customer: 1cd23b1e-4448-46bf-a9fc-d78a3b021f8a, server: None, raw: .. }
Reserved ticket 7209 for customer 1cd23b1e-4448-46bf-a9fc-d78a3b021f8a
Server 799bb1b2-bd8f-49e2-81f8-f7237f0eb223 received client-request: Request { kind: ReserveTicket, customer: fffbaf17-65bb-47f1-80a8-2ac450ba63e6, server: None, raw: .. }
Reserved ticket 7208 for customer fffbaf17-65bb-47f1-80a8-2ac450ba63e6
Server 799bb1b2-bd8f-49e2-81f8-f7237f0eb223 received client-request: Request { kind: ReserveTicket, customer: d95b25b4-17cd-4bcb-8a6b-41e09457a474, server: None, raw: .. }
Reserved ticket 7207 for customer d95b25b4-17cd-4bcb-8a6b-41e09457a474
Server 799bb1b2-bd8f-49e2-81f8-f7237f0eb223 received client-request: Request { kind: ReserveTicket, customer: 8409d05a-7f1a-4045-b9b4-b94c7af92e37, server: None, raw: .. }
Reserved ticket 7206 for customer 8409d05a-7f1a-4045-b9b4-b94c7af92e37
Server 799bb1b2-bd8f-49e2-81f8-f7237f0eb223 received client-request: Request { kind: ReserveTicket, customer: f4c9a9d8-feed-4880-ad8d-91a39f9cba9b, server: None, raw: .. }
Reserved ticket 7205 for customer f4c9a9d8-feed-4880-ad8d-91a39f9cba9b
Server 799bb1b2-bd8f-49e2-81f8-f7237f0eb223 received client-request: Request { kind: ReserveTicket, customer: b76eddf1-c79d-4ce1-99cc-dcb33b85395b, server: None, raw: .. }
Reserved ticket 7204 for customer b76eddf1-c79d-4ce1-99cc-dcb33b85395b
Server 799bb1b2-bd8f-49e2-81f8-f7237f0eb223 received client-request: Request { kind: ReserveTicket, customer: 202d9079-bbe6-43f1-89ac-fccf8d38360c, server: None, raw: .. }
Reserved ticket 7203 for customer 202d9079-bbe6-43f1-89ac-fccf8d38360c
Server 799bb1b2-bd8f-49e2-81f8-f7237f0eb223 received client-request: Request { kind: ReserveTicket, customer: 0913aee7-eff3-4c90-8d36-157aac00fed6, server: None, raw: .. }
Reserved ticket 7202 for customer 0913aee7-eff3-4c90-8d36-157aac00fed6
Server 799bb1b2-bd8f-49e2-81f8-f7237f0eb223 received client-request: Request { kind: ReserveTicket, customer: 4eabe344-26a4-45bb-bfda-9ef3e5313807, server: None, raw: .. }
Reserved ticket 7201 for customer 4eabe344-26a4-45bb-bfda-9ef3e5313807
Server 799bb1b2-bd8f-49e2-81f8-f7237f0eb223 received client-request: Request { kind: ReserveTicket, customer: 4bfd035a-7b3d-476a-ab5f-cf87a20f0d21, server: None, raw: .. }
Reserved ticket 7200 for customer 4bfd035a-7b3d-476a-ab5f-cf87a20f0d21
Server 799bb1b2-bd8f-49e2-81f8-f7237f0eb223 received client-request: Request { kind: ReserveTicket, customer: 422e9a59-6025-473c-a119-7785658064c0, server: None, raw: .. }
Reserved ticket 7199 for customer 422e9a59-6025-473c-a119-7785658064c0
Server 799bb1b2-bd8f-49e2-81f8-f7237f0eb223 received client-request: Request { kind: ReserveTicket, customer: f4d8023c-2ff5-4bd2-88d9-d1707205f010, server: None, raw: .. }
Reserved ticket 7198 for customer f4d8023c-2ff5-4bd2-88d9-d1707205f010
Server 799bb1b2-bd8f-49e2-81f8-f7237f0eb223 received client-request: Request { kind: ReserveTicket, customer: d7b0331f-5fb5-4dd4-9c21-0fd49b019adb, server: None, raw: .. }
Reserved ticket 7197 for customer d7b0331f-5fb5-4dd4-9c21-0fd49b019adb
Server 799bb1b2-bd8f-49e2-81f8-f7237f0eb223 received client-request: Request { kind: ReserveTicket, customer: 5f24ad78-aadc-4ed0-8107-22b00e047958, server: None, raw: .. }
Reserved ticket 7196 for customer 5f24ad78-aadc-4ed0-8107-22b00e047958
Server 799bb1b2-bd8f-49e2-81f8-f7237f0eb223 received client-request: Request { kind: ReserveTicket, customer: 710576ca-162a-44f4-9d01-923603f3ce02, server: None, raw: .. }
Reserved ticket 7195 for customer 710576ca-162a-44f4-9d01-923603f3ce02
Server 799bb1b2-bd8f-49e2-81f8-f7237f0eb223 received client-request: Request { kind: ReserveTicket, customer: 67f66ce3-2b8a-462c-aeff-7958914f8c29, server: None, raw: .. }
Reserved ticket 7194 for customer 67f66ce3-2b8a-462c-aeff-7958914f8c29
Server 799bb1b2-bd8f-49e2-81f8-f7237f0eb223 received client-request: Request { kind: ReserveTicket, customer: fa63487a-e1ab-4f23-8b9d-bef995c06d30, server: None, raw: .. }
Reserved ticket 7193 for customer fa63487a-e1ab-4f23-8b9d-bef995c06d30
Server 799bb1b2-bd8f-49e2-81f8-f7237f0eb223 received client-request: Request { kind: ReserveTicket, customer: b52594e8-319d-4e9d-a335-c9ffe69dacbe, server: None, raw: .. }
Reserved ticket 7192 for customer b52594e8-319d-4e9d-a335-c9ffe69dacbe
Server 799bb1b2-bd8f-49e2-81f8-f7237f0eb223 received client-request: Request { kind: ReserveTicket, customer: 29585378-6665-45da-882d-842f0e2f417c, server: None, raw: .. }
Reserved ticket 7191 for customer 29585378-6665-45da-882d-842f0e2f417c
Server 799bb1b2-bd8f-49e2-81f8-f7237f0eb223 received client-request: Request { kind: ReserveTicket, customer: 0b2f09c1-4b1b-4317-bcd9-425a39dfabcf, server: None, raw: .. }
Reserved ticket 7190 for customer 0b2f09c1-4b1b-4317-bcd9-425a39dfabcf
Server 65a51e17-fff5-4036-8b94-6db5de4d28d8 received client-request: Request { kind: ReserveTicket, customer: ed4d0c78-7197-44a8-ad65-c1a073661685, server: None, raw: .. }
Reserved ticket 7189 for customer ed4d0c78-7197-44a8-ad65-c1a073661685
Server 799bb1b2-bd8f-49e2-81f8-f7237f0eb223 received client-request: Request { kind: ReserveTicket, customer: 4c87821d-3afa-4f1a-8319-34481345568d, server: None, raw: .. }
Reserved ticket 7188 for customer 4c87821d-3afa-4f1a-8319-34481345568d
Server 799bb1b2-bd8f-49e2-81f8-f7237f0eb223 received client-request: Request { kind: ReserveTicket, customer: eb6ff97b-4771-42a5-a74e-4a66f19cd1a1, server: None, raw: .. }
Reserved ticket 7187 for customer eb6ff97b-4771-42a5-a74e-4a66f19cd1a1
Server 799bb1b2-bd8f-49e2-81f8-f7237f0eb223 received client-request: Request { kind: ReserveTicket, customer: 9a06c81f-a4f6-4b39-a11b-ea3e6bd74a98, server: None, raw: .. }
Reserved ticket 7186 for customer 9a06c81f-a4f6-4b39-a11b-ea3e6bd74a98
Server 799bb1b2-bd8f-49e2-81f8-f7237f0eb223 received client-request: Request { kind: ReserveTicket, customer: eaf50a5c-7b44-41af-a44a-a869e860acc2, server: None, raw: .. }
Reserved ticket 7185 for customer eaf50a5c-7b44-41af-a44a-a869e860acc2
Server 799bb1b2-bd8f-49e2-81f8-f7237f0eb223 received client-request: Request { kind: ReserveTicket, customer: b0632245-d1b7-47d6-9efd-d964f102e8da, server: None, raw: .. }
Reserved ticket 7184 for customer b0632245-d1b7-47d6-9efd-d964f102e8da
Server 799bb1b2-bd8f-49e2-81f8-f7237f0eb223 received client-request: Request { kind: ReserveTicket, customer: f7cf97cc-9e4b-4b39-bb2c-e8d135769a04, server: None, raw: .. }
Reserved ticket 7183 for customer f7cf97cc-9e4b-4b39-bb2c-e8d135769a04
Server 799bb1b2-bd8f-49e2-81f8-f7237f0eb223 received client-request: Request { kind: ReserveTicket, customer: 44f2835b-d11f-4048-af40-ea964822a2cb, server: None, raw: .. }
Reserved ticket 7182 for customer 44f2835b-d11f-4048-af40-ea964822a2cb
Server 799bb1b2-bd8f-49e2-81f8-f7237f0eb223 received client-request: Request { kind: ReserveTicket, customer: 6570a8ce-e526-4975-a69e-f4bb82b25850, server: None, raw: .. }
Reserved ticket 7181 for customer 6570a8ce-e526-4975-a69e-f4bb82b25850
Server 799bb1b2-bd8f-49e2-81f8-f7237f0eb223 received client-request: Request { kind: ReserveTicket, customer: e697055f-c7e8-4b48-93fb-8241b772f88a, server: None, raw: .. }
Reserved ticket 7180 for customer e697055f-c7e8-4b48-93fb-8241b772f88a
Server 799bb1b2-bd8f-49e2-81f8-f7237f0eb223 received client-request: Request { kind: ReserveTicket, customer: 973781a1-2731-4cc3-a675-66ed096f3248, server: None, raw: .. }
Reserved ticket 7179 for customer 973781a1-2731-4cc3-a675-66ed096f3248
Server 799bb1b2-bd8f-49e2-81f8-f7237f0eb223 received client-request: Request { kind: ReserveTicket, customer: 89b021fe-0343-41cb-b6ee-d426dcc637dd, server: None, raw: .. }
Reserved ticket 7178 for customer 89b021fe-0343-41cb-b6ee-d426dcc637dd
Server 799bb1b2-bd8f-49e2-81f8-f7237f0eb223 received client-request: Request { kind: ReserveTicket, customer: ad7f99e7-7fdf-457c-8c9a-8e051525cf6a, server: None, raw: .. }
Reserved ticket 7177 for customer ad7f99e7-7fdf-457c-8c9a-8e051525cf6a
Server 799bb1b2-bd8f-49e2-81f8-f7237f0eb223 received client-request: Request { kind: ReserveTicket, customer: b56c7442-f69c-4305-b7e0-7a9e5d0a8bab, server: None, raw: .. }
Reserved ticket 7176 for customer b56c7442-f69c-4305-b7e0-7a9e5d0a8bab
Server 799bb1b2-bd8f-49e2-81f8-f7237f0eb223 received client-request: Request { kind: ReserveTicket, customer: d5e09e06-b878-444e-81b5-603ba1a31a1a, server: None, raw: .. }
Reserved ticket 7175 for customer d5e09e06-b878-444e-81b5-603ba1a31a1a
Server 799bb1b2-bd8f-49e2-81f8-f7237f0eb223 received client-request: Request { kind: ReserveTicket, customer: 1db008f9-8dd9-4db3-8858-8939ea7ffc38, server: None, raw: .. }
Reserved ticket 7174 for customer 1db008f9-8dd9-4db3-8858-8939ea7ffc38
Server 799bb1b2-bd8f-49e2-81f8-f7237f0eb223 received client-request: Request { kind: ReserveTicket, customer: 7b5590fc-48cd-4745-b350-6723fb50a1b1, server: None, raw: .. }
Reserved ticket 7173 for customer 7b5590fc-48cd-4745-b350-6723fb50a1b1
Server 799bb1b2-bd8f-49e2-81f8-f7237f0eb223 received client-request: Request { kind: ReserveTicket, customer: 4b7d59a2-5188-4c48-a5f0-ad61cf2b9d33, server: None, raw: .. }
Reserved ticket 7172 for customer 4b7d59a2-5188-4c48-a5f0-ad61cf2b9d33
Server 799bb1b2-bd8f-49e2-81f8-f7237f0eb223 received client-request: Request { kind: ReserveTicket, customer: 95578d74-f174-4fb8-9bfb-19f4e493cf7e, server: None, raw: .. }
Reserved ticket 7171 for customer 95578d74-f174-4fb8-9bfb-19f4e493cf7e
Server 799bb1b2-bd8f-49e2-81f8-f7237f0eb223 received client-request: Request { kind: ReserveTicket, customer: c0307c7a-72c0-46d8-b63c-f6c2112d1fe8, server: None, raw: .. }
Reserved ticket 7170 for customer c0307c7a-72c0-46d8-b63c-f6c2112d1fe8
Server 65a51e17-fff5-4036-8b94-6db5de4d28d8 received client-request: Request { kind: ReserveTicket, customer: 22eee3f8-ead0-40dc-bd19-63761886bf00, server: None, raw: .. }
Reserved ticket 7169 for customer 22eee3f8-ead0-40dc-bd19-63761886bf00
Server 799bb1b2-bd8f-49e2-81f8-f7237f0eb223 received client-request: Request { kind: ReserveTicket, customer: 0a65675c-4526-4290-a54f-3aea94dc42f9, server: None, raw: .. }
Reserved ticket 7168 for customer 0a65675c-4526-4290-a54f-3aea94dc42f9
Server 799bb1b2-bd8f-49e2-81f8-f7237f0eb223 received client-request: Request { kind: ReserveTicket, customer: a7a878ed-d018-4f04-a44a-ff55a26f3d9b, server: None, raw: .. }
Reserved ticket 7167 for customer a7a878ed-d018-4f04-a44a-ff55a26f3d9b
Server 799bb1b2-bd8f-49e2-81f8-f7237f0eb223 received client-request: Request { kind: ReserveTicket, customer: a20e0126-d9be-4728-8007-e898acf2f990, server: None, raw: .. }
Reserved ticket 7166 for customer a20e0126-d9be-4728-8007-e898acf2f990
Server 799bb1b2-bd8f-49e2-81f8-f7237f0eb223 received client-request: Request { kind: ReserveTicket, customer: 5e1040d6-403e-46f1-b42d-99ec499871d8, server: None, raw: .. }
Reserved ticket 7165 for customer 5e1040d6-403e-46f1-b42d-99ec499871d8
Server 799bb1b2-bd8f-49e2-81f8-f7237f0eb223 received client-request: Request { kind: ReserveTicket, customer: b46f9a88-8acc-43c1-9963-2fd4f126488c, server: None, raw: .. }
Reserved ticket 7164 for customer b46f9a88-8acc-43c1-9963-2fd4f126488c
Server 799bb1b2-bd8f-49e2-81f8-f7237f0eb223 received client-request: Request { kind: ReserveTicket, customer: 8ff359d8-937d-43b3-b7ff-0d46c2411907, server: None, raw: .. }
Reserved ticket 7163 for customer 8ff359d8-937d-43b3-b7ff-0d46c2411907
Server 799bb1b2-bd8f-49e2-81f8-f7237f0eb223 received client-request: Request { kind: ReserveTicket, customer: 972c5f11-759a-44ba-82c2-b74658770acc, server: None, raw: .. }
Reserved ticket 7162 for customer 972c5f11-759a-44ba-82c2-b74658770acc
Server 799bb1b2-bd8f-49e2-81f8-f7237f0eb223 received client-request: Request { kind: ReserveTicket, customer: f0cc0fea-ca81-47c7-b387-e04c62816d26, server: None, raw: .. }
Reserved ticket 7161 for customer f0cc0fea-ca81-47c7-b387-e04c62816d26
Server 799bb1b2-bd8f-49e2-81f8-f7237f0eb223 received client-request: Request { kind: ReserveTicket, customer: 7d30e6e6-aa34-4569-8c10-428b6d58ac76, server: None, raw: .. }
Reserved ticket 7160 for customer 7d30e6e6-aa34-4569-8c10-428b6d58ac76
Server 799bb1b2-bd8f-49e2-81f8-f7237f0eb223 received client-request: Request { kind: ReserveTicket, customer: 9a1ca97f-2940-4889-91f1-7d56e91d5c06, server: None, raw: .. }
Reserved ticket 7159 for customer 9a1ca97f-2940-4889-91f1-7d56e91d5c06
Server 799bb1b2-bd8f-49e2-81f8-f7237f0eb223 received client-request: Request { kind: ReserveTicket, customer: a1ce47df-53fc-4b0d-af96-d0aff1b24ae1, server: None, raw: .. }
Reserved ticket 7158 for customer a1ce47df-53fc-4b0d-af96-d0aff1b24ae1
Server 799bb1b2-bd8f-49e2-81f8-f7237f0eb223 received client-request: Request { kind: ReserveTicket, customer: 64d22d90-35ec-41c8-adf9-d7819d2832d0, server: None, raw: .. }
Reserved ticket 7157 for customer 64d22d90-35ec-41c8-adf9-d7819d2832d0
Server 799bb1b2-bd8f-49e2-81f8-f7237f0eb223 received client-request: Request { kind: ReserveTicket, customer: 7a67135f-06fd-4d0f-8b3c-7902822a9078, server: None, raw: .. }
Reserved ticket 7156 for customer 7a67135f-06fd-4d0f-8b3c-7902822a9078
Server 799bb1b2-bd8f-49e2-81f8-f7237f0eb223 received client-request: Request { kind: ReserveTicket, customer: bd9a1463-0c41-40fc-aee6-ebd29b1d1568, server: None, raw: .. }
Reserved ticket 7155 for customer bd9a1463-0c41-40fc-aee6-ebd29b1d1568
Server 799bb1b2-bd8f-49e2-81f8-f7237f0eb223 received client-request: Request { kind: ReserveTicket, customer: 4d069cf1-f8b2-4aef-bf5a-c97fc6b8ae0f, server: None, raw: .. }
Reserved ticket 7154 for customer 4d069cf1-f8b2-4aef-bf5a-c97fc6b8ae0f
Server 799bb1b2-bd8f-49e2-81f8-f7237f0eb223 received client-request: Request { kind: ReserveTicket, customer: 270c6f25-12c8-419f-9aeb-d4ea97935918, server: None, raw: .. }
Reserved ticket 7153 for customer 270c6f25-12c8-419f-9aeb-d4ea97935918
Server 799bb1b2-bd8f-49e2-81f8-f7237f0eb223 received client-request: Request { kind: ReserveTicket, customer: f4636665-9992-483c-a0aa-763f525b736b, server: None, raw: .. }
Reserved ticket 7152 for customer f4636665-9992-483c-a0aa-763f525b736b
Server 799bb1b2-bd8f-49e2-81f8-f7237f0eb223 received client-request: Request { kind: ReserveTicket, customer: b7e863a3-b47b-4bd7-b50b-c6873937e4e3, server: None, raw: .. }
Reserved ticket 7151 for customer b7e863a3-b47b-4bd7-b50b-c6873937e4e3
Server 799bb1b2-bd8f-49e2-81f8-f7237f0eb223 received client-request: Request { kind: ReserveTicket, customer: 3bf5a6e1-fcfe-4eef-9177-848fa3603eeb, server: None, raw: .. }
Reserved ticket 7150 for customer 3bf5a6e1-fcfe-4eef-9177-848fa3603eeb
Server 65a51e17-fff5-4036-8b94-6db5de4d28d8 received client-request: Request { kind: ReserveTicket, customer: 663785d2-e4db-4b59-94de-249256e74278, server: None, raw: .. }
Reserved ticket 7149 for customer 663785d2-e4db-4b59-94de-249256e74278
Server 799bb1b2-bd8f-49e2-81f8-f7237f0eb223 received client-request: Request { kind: ReserveTicket, customer: c8546794-090e-4440-b1e6-800732b32f3d, server: None, raw: .. }
Reserved ticket 7148 for customer c8546794-090e-4440-b1e6-800732b32f3d
Server 799bb1b2-bd8f-49e2-81f8-f7237f0eb223 received client-request: Request { kind: ReserveTicket, customer: f701475d-5e5e-49c2-9df9-42503eeffe84, server: None, raw: .. }
Reserved ticket 7147 for customer f701475d-5e5e-49c2-9df9-42503eeffe84
Server 799bb1b2-bd8f-49e2-81f8-f7237f0eb223 received client-request: Request { kind: ReserveTicket, customer: 86d3570b-63de-4bfa-bcb8-b4b00bf1540a, server: None, raw: .. }
Reserved ticket 7146 for customer 86d3570b-63de-4bfa-bcb8-b4b00bf1540a
Server 799bb1b2-bd8f-49e2-81f8-f7237f0eb223 received client-request: Request { kind: ReserveTicket, customer: baf38069-2116-4d97-83fa-d327a7b72b03, server: None, raw: .. }
Reserved ticket 7145 for customer baf38069-2116-4d97-83fa-d327a7b72b03
Server 799bb1b2-bd8f-49e2-81f8-f7237f0eb223 received client-request: Request { kind: ReserveTicket, customer: c3f532c0-7a27-42b1-85b5-bcae79ae0ce9, server: None, raw: .. }
Reserved ticket 7144 for customer c3f532c0-7a27-42b1-85b5-bcae79ae0ce9
Server 799bb1b2-bd8f-49e2-81f8-f7237f0eb223 received client-request: Request { kind: ReserveTicket, customer: b71ee730-d13c-4fc1-871d-0975365a4a62, server: None, raw: .. }
Reserved ticket 7143 for customer b71ee730-d13c-4fc1-871d-0975365a4a62
Server 799bb1b2-bd8f-49e2-81f8-f7237f0eb223 received client-request: Request { kind: ReserveTicket, customer: 7610f43b-4bde-4740-b369-9c9accaa116e, server: None, raw: .. }
Reserved ticket 7142 for customer 7610f43b-4bde-4740-b369-9c9accaa116e
Server 799bb1b2-bd8f-49e2-81f8-f7237f0eb223 received client-request: Request { kind: ReserveTicket, customer: 960f1872-5e68-4c9f-84ba-099683bdcc26, server: None, raw: .. }
Reserved ticket 7141 for customer 960f1872-5e68-4c9f-84ba-099683bdcc26
Server 799bb1b2-bd8f-49e2-81f8-f7237f0eb223 received client-request: Request { kind: ReserveTicket, customer: ccccb9ed-b130-4025-bb19-ceb989838e4b, server: None, raw: .. }
Reserved ticket 7140 for customer ccccb9ed-b130-4025-bb19-ceb989838e4b
Server 799bb1b2-bd8f-49e2-81f8-f7237f0eb223 received client-request: Request { kind: ReserveTicket, customer: b70d6712-5ba8-4c59-94f2-37a06b59a587, server: None, raw: .. }
Reserved ticket 7139 for customer b70d6712-5ba8-4c59-94f2-37a06b59a587
Server 799bb1b2-bd8f-49e2-81f8-f7237f0eb223 received client-request: Request { kind: ReserveTicket, customer: 5bb4eb01-dda2-40ec-80c5-e7458c0bda15, server: None, raw: .. }
Reserved ticket 7138 for customer 5bb4eb01-dda2-40ec-80c5-e7458c0bda15
Server 799bb1b2-bd8f-49e2-81f8-f7237f0eb223 received client-request: Request { kind: ReserveTicket, customer: 453a5e4a-89b3-4e20-8b17-375c552525a5, server: None, raw: .. }
Reserved ticket 7137 for customer 453a5e4a-89b3-4e20-8b17-375c552525a5
Server 799bb1b2-bd8f-49e2-81f8-f7237f0eb223 received client-request: Request { kind: ReserveTicket, customer: b7fd93d6-d217-4cb2-9cd3-619f0a4592c6, server: None, raw: .. }
Reserved ticket 7136 for customer b7fd93d6-d217-4cb2-9cd3-619f0a4592c6
Server 799bb1b2-bd8f-49e2-81f8-f7237f0eb223 received client-request: Request { kind: ReserveTicket, customer: bca71ab7-5333-4c11-8135-43f12519fdf3, server: None, raw: .. }
Reserved ticket 7135 for customer bca71ab7-5333-4c11-8135-43f12519fdf3
Server 799bb1b2-bd8f-49e2-81f8-f7237f0eb223 received client-request: Request { kind: ReserveTicket, customer: 069c03e9-1442-4054-94ab-c529e999fe76, server: None, raw: .. }
Reserved ticket 7134 for customer 069c03e9-1442-4054-94ab-c529e999fe76
Server 799bb1b2-bd8f-49e2-81f8-f7237f0eb223 received client-request: Request { kind: ReserveTicket, customer: abc46b25-1a35-43d2-89dc-bd337be23f07, server: None, raw: .. }
Reserved ticket 7133 for customer abc46b25-1a35-43d2-89dc-bd337be23f07
Server 799bb1b2-bd8f-49e2-81f8-f7237f0eb223 received client-request: Request { kind: ReserveTicket, customer: 337ef1bc-8756-4341-9628-573f6ae42366, server: None, raw: .. }
Reserved ticket 7132 for customer 337ef1bc-8756-4341-9628-573f6ae42366
Server 799bb1b2-bd8f-49e2-81f8-f7237f0eb223 received client-request: Request { kind: ReserveTicket, customer: 80ef1649-18a9-4c9a-b330-7653c73d40c6, server: None, raw: .. }
Reserved ticket 7131 for customer 80ef1649-18a9-4c9a-b330-7653c73d40c6
Server 799bb1b2-bd8f-49e2-81f8-f7237f0eb223 received client-request: Request { kind: ReserveTicket, customer: 54104a36-e947-477e-8371-90a30a7a84fc, server: None, raw: .. }
Reserved ticket 7130 for customer 54104a36-e947-477e-8371-90a30a7a84fc
Server 65a51e17-fff5-4036-8b94-6db5de4d28d8 received client-request: Request { kind: ReserveTicket, customer: 52d04c60-28eb-41e3-98a4-7f4b94cef53b, server: None, raw: .. }
Reserved ticket 7129 for customer 52d04c60-28eb-41e3-98a4-7f4b94cef53b
Server 799bb1b2-bd8f-49e2-81f8-f7237f0eb223 received client-request: Request { kind: ReserveTicket, customer: 86c57f2b-bd83-4e67-a2d7-d304b7da775e, server: None, raw: .. }
Reserved ticket 7128 for customer 86c57f2b-bd83-4e67-a2d7-d304b7da775e
Server 799bb1b2-bd8f-49e2-81f8-f7237f0eb223 received client-request: Request { kind: ReserveTicket, customer: 36ad2a7c-9064-4863-82a5-130325e62dac, server: None, raw: .. }
Reserved ticket 7127 for customer 36ad2a7c-9064-4863-82a5-130325e62dac
Server 799bb1b2-bd8f-49e2-81f8-f7237f0eb223 received client-request: Request { kind: ReserveTicket, customer: 090845c6-3d40-44b2-ae93-e0132e2d2c83, server: None, raw: .. }
Reserved ticket 7126 for customer 090845c6-3d40-44b2-ae93-e0132e2d2c83
Server 799bb1b2-bd8f-49e2-81f8-f7237f0eb223 received client-request: Request { kind: ReserveTicket, customer: 1a80d217-bcf9-4532-be73-37cf376abe01, server: None, raw: .. }
Reserved ticket 7125 for customer 1a80d217-bcf9-4532-be73-37cf376abe01
Server 799bb1b2-bd8f-49e2-81f8-f7237f0eb223 received client-request: Request { kind: ReserveTicket, customer: e089903a-daf8-48d0-a20d-c588dd62956b, server: None, raw: .. }
Reserved ticket 7124 for customer e089903a-daf8-48d0-a20d-c588dd62956b
Server 799bb1b2-bd8f-49e2-81f8-f7237f0eb223 received client-request: Request { kind: ReserveTicket, customer: 9584e29b-b538-46b7-88ba-8eac03a476ff, server: None, raw: .. }
Reserved ticket 7123 for customer 9584e29b-b538-46b7-88ba-8eac03a476ff
Server 799bb1b2-bd8f-49e2-81f8-f7237f0eb223 received client-request: Request { kind: ReserveTicket, customer: 19248558-9a00-4573-bb50-d7b7c748b66a, server: None, raw: .. }
Reserved ticket 7122 for customer 19248558-9a00-4573-bb50-d7b7c748b66a
Server 799bb1b2-bd8f-49e2-81f8-f7237f0eb223 received client-request: Request { kind: ReserveTicket, customer: 5fa38839-ab79-482b-b15d-1345cb818069, server: None, raw: .. }
Reserved ticket 7121 for customer 5fa38839-ab79-482b-b15d-1345cb818069
Server 799bb1b2-bd8f-49e2-81f8-f7237f0eb223 received client-request: Request { kind: ReserveTicket, customer: 80a06afb-7b44-4e19-813b-6a49c46087b4, server: None, raw: .. }
Reserved ticket 7120 for customer 80a06afb-7b44-4e19-813b-6a49c46087b4
Server 799bb1b2-bd8f-49e2-81f8-f7237f0eb223 received client-request: Request { kind: ReserveTicket, customer: df3dd173-4350-4010-a028-7989646df662, server: None, raw: .. }
Reserved ticket 7119 for customer df3dd173-4350-4010-a028-7989646df662
Server 799bb1b2-bd8f-49e2-81f8-f7237f0eb223 received client-request: Request { kind: ReserveTicket, customer: c4ca956d-a1bb-453d-83de-510e1c9bfd38, server: None, raw: .. }
Reserved ticket 7118 for customer c4ca956d-a1bb-453d-83de-510e1c9bfd38
Server 799bb1b2-bd8f-49e2-81f8-f7237f0eb223 received client-request: Request { kind: ReserveTicket, customer: 3f1c7121-7eda-4978-9241-0e01b430a85d, server: None, raw: .. }
Reserved ticket 7117 for customer 3f1c7121-7eda-4978-9241-0e01b430a85d
Server 799bb1b2-bd8f-49e2-81f8-f7237f0eb223 received client-request: Request { kind: ReserveTicket, customer: ae62c38a-a004-4b75-b50c-6a740488630d, server: None, raw: .. }
Reserved ticket 7116 for customer ae62c38a-a004-4b75-b50c-6a740488630d
Server 799bb1b2-bd8f-49e2-81f8-f7237f0eb223 received client-request: Request { kind: ReserveTicket, customer: 2f28e19f-8bb2-4714-8062-7c165aafc60d, server: None, raw: .. }
Reserved ticket 7115 for customer 2f28e19f-8bb2-4714-8062-7c165aafc60d
Server 799bb1b2-bd8f-49e2-81f8-f7237f0eb223 received client-request: Request { kind: ReserveTicket, customer: bf5b41ac-426a-47a4-841a-1784d23304b8, server: None, raw: .. }
Reserved ticket 7114 for customer bf5b41ac-426a-47a4-841a-1784d23304b8
Server 799bb1b2-bd8f-49e2-81f8-f7237f0eb223 received client-request: Request { kind: ReserveTicket, customer: daef1126-38ca-4441-b13d-dbe5ab741a57, server: None, raw: .. }
Reserved ticket 7113 for customer daef1126-38ca-4441-b13d-dbe5ab741a57
Server 799bb1b2-bd8f-49e2-81f8-f7237f0eb223 received client-request: Request { kind: ReserveTicket, customer: b83ea0cd-3bc4-49a3-88b8-f422bfb32284, server: None, raw: .. }
Reserved ticket 7112 for customer b83ea0cd-3bc4-49a3-88b8-f422bfb32284
Server 799bb1b2-bd8f-49e2-81f8-f7237f0eb223 received client-request: Request { kind: ReserveTicket, customer: 3c192ee9-a5be-4b67-9d47-f7c9da17b40a, server: None, raw: .. }
Reserved ticket 7111 for customer 3c192ee9-a5be-4b67-9d47-f7c9da17b40a
Server 799bb1b2-bd8f-49e2-81f8-f7237f0eb223 received client-request: Request { kind: ReserveTicket, customer: f9c34dcf-04bf-4774-aa1b-62f2c134185b, server: None, raw: .. }
Reserved ticket 7110 for customer f9c34dcf-04bf-4774-aa1b-62f2c134185b
Server 65a51e17-fff5-4036-8b94-6db5de4d28d8 received client-request: Request { kind: ReserveTicket, customer: a20ba8be-afd2-4feb-8f1c-33f7b59de888, server: None, raw: .. }
Reserved ticket 7109 for customer a20ba8be-afd2-4feb-8f1c-33f7b59de888
Server 799bb1b2-bd8f-49e2-81f8-f7237f0eb223 received client-request: Request { kind: ReserveTicket, customer: 29880796-1622-4cd3-945f-3ab2b4af1ef2, server: None, raw: .. }
Reserved ticket 7108 for customer 29880796-1622-4cd3-945f-3ab2b4af1ef2
Server 799bb1b2-bd8f-49e2-81f8-f7237f0eb223 received client-request: Request { kind: ReserveTicket, customer: 879062b5-6664-4043-b9b5-07b74ef0e170, server: None, raw: .. }
Reserved ticket 7107 for customer 879062b5-6664-4043-b9b5-07b74ef0e170
Server 799bb1b2-bd8f-49e2-81f8-f7237f0eb223 received client-request: Request { kind: ReserveTicket, customer: 35eccdf4-2570-4f2c-b624-5bbdf7c3ffbb, server: None, raw: .. }
Reserved ticket 7106 for customer 35eccdf4-2570-4f2c-b624-5bbdf7c3ffbb
Server 799bb1b2-bd8f-49e2-81f8-f7237f0eb223 received client-request: Request { kind: ReserveTicket, customer: ad72a49c-467c-47e7-a85d-3542189c4895, server: None, raw: .. }
Reserved ticket 7105 for customer ad72a49c-467c-47e7-a85d-3542189c4895
Server 799bb1b2-bd8f-49e2-81f8-f7237f0eb223 received client-request: Request { kind: ReserveTicket, customer: 615eeaf2-6ecf-4f2b-ab23-717bf23960c0, server: None, raw: .. }
Reserved ticket 7104 for customer 615eeaf2-6ecf-4f2b-ab23-717bf23960c0
Server 799bb1b2-bd8f-49e2-81f8-f7237f0eb223 received client-request: Request { kind: ReserveTicket, customer: 53c355c5-5657-48ac-bea7-e38bc018a73b, server: None, raw: .. }
Reserved ticket 7103 for customer 53c355c5-5657-48ac-bea7-e38bc018a73b
Server 799bb1b2-bd8f-49e2-81f8-f7237f0eb223 received client-request: Request { kind: ReserveTicket, customer: c01d45f7-b05a-4584-b407-9ab995e761f6, server: None, raw: .. }
Reserved ticket 7102 for customer c01d45f7-b05a-4584-b407-9ab995e761f6
Server 799bb1b2-bd8f-49e2-81f8-f7237f0eb223 received client-request: Request { kind: ReserveTicket, customer: d06da6fb-7fd5-47ce-ac04-fd1600967b80, server: None, raw: .. }
Reserved ticket 7101 for customer d06da6fb-7fd5-47ce-ac04-fd1600967b80
Server 799bb1b2-bd8f-49e2-81f8-f7237f0eb223 received client-request: Request { kind: ReserveTicket, customer: f252a67a-6677-42d2-bb9e-c14a1daef9f6, server: None, raw: .. }
Reserved ticket 7100 for customer f252a67a-6677-42d2-bb9e-c14a1daef9f6
Server 799bb1b2-bd8f-49e2-81f8-f7237f0eb223 received client-request: Request { kind: ReserveTicket, customer: 2c94883f-8689-4b7d-a58c-69a06ffbcf36, server: None, raw: .. }
Reserved ticket 7099 for customer 2c94883f-8689-4b7d-a58c-69a06ffbcf36
Server 799bb1b2-bd8f-49e2-81f8-f7237f0eb223 received client-request: Request { kind: ReserveTicket, customer: ae8d1214-9c80-44d1-824a-7e651f4df165, server: None, raw: .. }
Reserved ticket 7098 for customer ae8d1214-9c80-44d1-824a-7e651f4df165
Server 799bb1b2-bd8f-49e2-81f8-f7237f0eb223 received client-request: Request { kind: ReserveTicket, customer: b9fce45d-0c03-4ce4-9522-da4b46c019b5, server: None, raw: .. }
Reserved ticket 7097 for customer b9fce45d-0c03-4ce4-9522-da4b46c019b5
Server 799bb1b2-bd8f-49e2-81f8-f7237f0eb223 received client-request: Request { kind: ReserveTicket, customer: a28e49d7-1cbf-4050-b38d-908aee968dd4, server: None, raw: .. }
Reserved ticket 7096 for customer a28e49d7-1cbf-4050-b38d-908aee968dd4
Server 799bb1b2-bd8f-49e2-81f8-f7237f0eb223 received client-request: Request { kind: ReserveTicket, customer: 15d077ba-3787-4684-9522-17542b42fd4d, server: None, raw: .. }
Reserved ticket 7095 for customer 15d077ba-3787-4684-9522-17542b42fd4d
Server 799bb1b2-bd8f-49e2-81f8-f7237f0eb223 received client-request: Request { kind: ReserveTicket, customer: 8dd2d285-c245-4b6d-964f-87f2928aa4ba, server: None, raw: .. }
Reserved ticket 7094 for customer 8dd2d285-c245-4b6d-964f-87f2928aa4ba
Server 799bb1b2-bd8f-49e2-81f8-f7237f0eb223 received client-request: Request { kind: ReserveTicket, customer: 886e6cdf-082f-496c-928b-97f8a3d3c70f, server: None, raw: .. }
Reserved ticket 7093 for customer 886e6cdf-082f-496c-928b-97f8a3d3c70f
Server 799bb1b2-bd8f-49e2-81f8-f7237f0eb223 received client-request: Request { kind: ReserveTicket, customer: e81d88d7-29bf-4491-acd8-3e847f436d1e, server: None, raw: .. }
Reserved ticket 7092 for customer e81d88d7-29bf-4491-acd8-3e847f436d1e
Server 799bb1b2-bd8f-49e2-81f8-f7237f0eb223 received client-request: Request { kind: ReserveTicket, customer: 5b7cd63f-779d-4e24-b1a0-e862b48b5ad1, server: None, raw: .. }
Reserved ticket 7091 for customer 5b7cd63f-779d-4e24-b1a0-e862b48b5ad1
Server 799bb1b2-bd8f-49e2-81f8-f7237f0eb223 received client-request: Request { kind: ReserveTicket, customer: a3bdc8df-07a0-45d3-8649-fe9e4560c818, server: None, raw: .. }
Reserved ticket 7090 for customer a3bdc8df-07a0-45d3-8649-fe9e4560c818
Server 65a51e17-fff5-4036-8b94-6db5de4d28d8 received client-request: Request { kind: ReserveTicket, customer: a5255ed8-ac08-4d43-bc15-f43608895d15, server: None, raw: .. }
Reserved ticket 7089 for customer a5255ed8-ac08-4d43-bc15-f43608895d15
Server 799bb1b2-bd8f-49e2-81f8-f7237f0eb223 received client-request: Request { kind: ReserveTicket, customer: c47a98b5-4ff2-483c-8092-83b729e1258e, server: None, raw: .. }
Reserved ticket 7088 for customer c47a98b5-4ff2-483c-8092-83b729e1258e
Server 799bb1b2-bd8f-49e2-81f8-f7237f0eb223 received client-request: Request { kind: ReserveTicket, customer: cbe24ff4-389c-4856-b33d-cf3cd1e41011, server: None, raw: .. }
Reserved ticket 7087 for customer cbe24ff4-389c-4856-b33d-cf3cd1e41011
Server 799bb1b2-bd8f-49e2-81f8-f7237f0eb223 received client-request: Request { kind: ReserveTicket, customer: 2a664361-0ab7-48c4-aeec-799e59a5485f, server: None, raw: .. }
Reserved ticket 7086 for customer 2a664361-0ab7-48c4-aeec-799e59a5485f
Server 799bb1b2-bd8f-49e2-81f8-f7237f0eb223 received client-request: Request { kind: ReserveTicket, customer: b9de3193-983d-419e-8ece-4954af22fee5, server: None, raw: .. }
Reserved ticket 7085 for customer b9de3193-983d-419e-8ece-4954af22fee5
Server 799bb1b2-bd8f-49e2-81f8-f7237f0eb223 received client-request: Request { kind: ReserveTicket, customer: 54c01006-3f06-4193-af66-327fe8263190, server: None, raw: .. }
Reserved ticket 7084 for customer 54c01006-3f06-4193-af66-327fe8263190
Server 799bb1b2-bd8f-49e2-81f8-f7237f0eb223 received client-request: Request { kind: ReserveTicket, customer: 8fae3ec5-d855-4bf0-aad5-e8d9914a8e35, server: None, raw: .. }
Reserved ticket 7083 for customer 8fae3ec5-d855-4bf0-aad5-e8d9914a8e35
Server 799bb1b2-bd8f-49e2-81f8-f7237f0eb223 received client-request: Request { kind: ReserveTicket, customer: 33dd7565-a0f6-46b3-9f6f-c17a2caab187, server: None, raw: .. }
Reserved ticket 7082 for customer 33dd7565-a0f6-46b3-9f6f-c17a2caab187
Server 799bb1b2-bd8f-49e2-81f8-f7237f0eb223 received client-request: Request { kind: ReserveTicket, customer: ce9a384d-ddd0-47fc-8f56-7fe12a1881ce, server: None, raw: .. }
Reserved ticket 7081 for customer ce9a384d-ddd0-47fc-8f56-7fe12a1881ce
Server 799bb1b2-bd8f-49e2-81f8-f7237f0eb223 received client-request: Request { kind: ReserveTicket, customer: e9d92aa8-c0bc-4dd0-9623-77f3491c640a, server: None, raw: .. }
Reserved ticket 7080 for customer e9d92aa8-c0bc-4dd0-9623-77f3491c640a
Server 799bb1b2-bd8f-49e2-81f8-f7237f0eb223 received client-request: Request { kind: ReserveTicket, customer: 1e803147-9f09-49e2-8d02-43d7cf0a7957, server: None, raw: .. }
Reserved ticket 7079 for customer 1e803147-9f09-49e2-8d02-43d7cf0a7957
Server 799bb1b2-bd8f-49e2-81f8-f7237f0eb223 received client-request: Request { kind: ReserveTicket, customer: 702d6f51-0b32-406e-9506-cd8029100c90, server: None, raw: .. }
Reserved ticket 7078 for customer 702d6f51-0b32-406e-9506-cd8029100c90
Server 799bb1b2-bd8f-49e2-81f8-f7237f0eb223 received client-request: Request { kind: ReserveTicket, customer: 50652ced-9320-4180-9d89-8b0cd558294a, server: None, raw: .. }
Reserved ticket 7077 for customer 50652ced-9320-4180-9d89-8b0cd558294a
Server 799bb1b2-bd8f-49e2-81f8-f7237f0eb223 received client-request: Request { kind: ReserveTicket, customer: 74a70a9b-8ef8-4d99-ab93-3df1fcde3b90, server: None, raw: .. }
Reserved ticket 7076 for customer 74a70a9b-8ef8-4d99-ab93-3df1fcde3b90
Server 799bb1b2-bd8f-49e2-81f8-f7237f0eb223 received client-request: Request { kind: ReserveTicket, customer: 525d0fd2-9827-4d61-9e7a-50683391f161, server: None, raw: .. }
Reserved ticket 7075 for customer 525d0fd2-9827-4d61-9e7a-50683391f161
Server 799bb1b2-bd8f-49e2-81f8-f7237f0eb223 received client-request: Request { kind: ReserveTicket, customer: 308bb4be-f05b-4c5f-9ba6-89c68302e343, server: None, raw: .. }
Reserved ticket 7074 for customer 308bb4be-f05b-4c5f-9ba6-89c68302e343
Server 799bb1b2-bd8f-49e2-81f8-f7237f0eb223 received client-request: Request { kind: ReserveTicket, customer: 568e8cd9-ed87-4ad0-8f1a-d35b6f4689be, server: None, raw: .. }
Reserved ticket 7073 for customer 568e8cd9-ed87-4ad0-8f1a-d35b6f4689be
Server 799bb1b2-bd8f-49e2-81f8-f7237f0eb223 received client-request: Request { kind: ReserveTicket, customer: 308fc62c-6469-4f57-af14-c3922f4ad95d, server: None, raw: .. }
Reserved ticket 7072 for customer 308fc62c-6469-4f57-af14-c3922f4ad95d
Server 799bb1b2-bd8f-49e2-81f8-f7237f0eb223 received client-request: Request { kind: ReserveTicket, customer: 2a4869be-96ca-4a4a-9bf3-168139f20818, server: None, raw: .. }
Reserved ticket 7071 for customer 2a4869be-96ca-4a4a-9bf3-168139f20818
Server 799bb1b2-bd8f-49e2-81f8-f7237f0eb223 received client-request: Request { kind: ReserveTicket, customer: 772fae67-4fff-48ab-b852-91fe2a62011f, server: None, raw: .. }
Reserved ticket 7070 for customer 772fae67-4fff-48ab-b852-91fe2a62011f
Server 65a51e17-fff5-4036-8b94-6db5de4d28d8 received client-request: Request { kind: ReserveTicket, customer: 0355d5ed-3669-44ef-b605-843e7646b045, server: None, raw: .. }
Reserved ticket 7069 for customer 0355d5ed-3669-44ef-b605-843e7646b045
Server 799bb1b2-bd8f-49e2-81f8-f7237f0eb223 received client-request: Request { kind: ReserveTicket, customer: 6080a3d1-c67b-43a9-a1d5-06d015cdde11, server: None, raw: .. }
Reserved ticket 7068 for customer 6080a3d1-c67b-43a9-a1d5-06d015cdde11
Server 799bb1b2-bd8f-49e2-81f8-f7237f0eb223 received client-request: Request { kind: ReserveTicket, customer: d6fa5924-e656-43ac-a367-b5344a5f6f4f, server: None, raw: .. }
Reserved ticket 7067 for customer d6fa5924-e656-43ac-a367-b5344a5f6f4f
Server 799bb1b2-bd8f-49e2-81f8-f7237f0eb223 received client-request: Request { kind: ReserveTicket, customer: 81f4f69b-22c7-46b6-88a2-d78ebd58f16d, server: None, raw: .. }
Reserved ticket 7066 for customer 81f4f69b-22c7-46b6-88a2-d78ebd58f16d
Server 799bb1b2-bd8f-49e2-81f8-f7237f0eb223 received client-request: Request { kind: ReserveTicket, customer: cd91aa84-2176-41d2-87d3-ff5619ca4085, server: None, raw: .. }
Reserved ticket 7065 for customer cd91aa84-2176-41d2-87d3-ff5619ca4085
Server 799bb1b2-bd8f-49e2-81f8-f7237f0eb223 received client-request: Request { kind: ReserveTicket, customer: a3f4e0f8-b13d-4c09-9c16-32397221f5bc, server: None, raw: .. }
Reserved ticket 7064 for customer a3f4e0f8-b13d-4c09-9c16-32397221f5bc
Server 799bb1b2-bd8f-49e2-81f8-f7237f0eb223 received client-request: Request { kind: ReserveTicket, customer: ce01c68b-41f7-4840-bc9c-2ad00a02c850, server: None, raw: .. }
Reserved ticket 7063 for customer ce01c68b-41f7-4840-bc9c-2ad00a02c850
Server 799bb1b2-bd8f-49e2-81f8-f7237f0eb223 received client-request: Request { kind: ReserveTicket, customer: 7df46a5d-0ca4-4ccd-abb8-f141cc5c417e, server: None, raw: .. }
Reserved ticket 7062 for customer 7df46a5d-0ca4-4ccd-abb8-f141cc5c417e
Server 799bb1b2-bd8f-49e2-81f8-f7237f0eb223 received client-request: Request { kind: ReserveTicket, customer: 842655b3-6d2d-4c84-9490-7f270e7570c3, server: None, raw: .. }
Reserved ticket 7061 for customer 842655b3-6d2d-4c84-9490-7f270e7570c3
Server 799bb1b2-bd8f-49e2-81f8-f7237f0eb223 received client-request: Request { kind: ReserveTicket, customer: 1abb332e-d52b-4c90-b1bf-bd49cac650f9, server: None, raw: .. }
Reserved ticket 7060 for customer 1abb332e-d52b-4c90-b1bf-bd49cac650f9
Server 799bb1b2-bd8f-49e2-81f8-f7237f0eb223 received client-request: Request { kind: ReserveTicket, customer: 2249c00d-34d7-47c0-a0d7-d1e8f2d94d85, server: None, raw: .. }
Reserved ticket 7059 for customer 2249c00d-34d7-47c0-a0d7-d1e8f2d94d85
Server 799bb1b2-bd8f-49e2-81f8-f7237f0eb223 received client-request: Request { kind: ReserveTicket, customer: 8eee15f3-643d-450f-bed7-267693bacb2e, server: None, raw: .. }
Reserved ticket 7058 for customer 8eee15f3-643d-450f-bed7-267693bacb2e
Server 799bb1b2-bd8f-49e2-81f8-f7237f0eb223 received client-request: Request { kind: ReserveTicket, customer: 51515039-c3ea-447e-b50d-1c8ab534fa8f, server: None, raw: .. }
Reserved ticket 7057 for customer 51515039-c3ea-447e-b50d-1c8ab534fa8f
Server 799bb1b2-bd8f-49e2-81f8-f7237f0eb223 received client-request: Request { kind: ReserveTicket, customer: 13ea16a0-1207-476c-8ba4-bd69cfacdb48, server: None, raw: .. }
Reserved ticket 7056 for customer 13ea16a0-1207-476c-8ba4-bd69cfacdb48
Server 799bb1b2-bd8f-49e2-81f8-f7237f0eb223 received client-request: Request { kind: ReserveTicket, customer: 1a6f6cc2-b4e1-4d99-8482-165334abbf7b, server: None, raw: .. }
Reserved ticket 7055 for customer 1a6f6cc2-b4e1-4d99-8482-165334abbf7b
Server 799bb1b2-bd8f-49e2-81f8-f7237f0eb223 received client-request: Request { kind: ReserveTicket, customer: e8ce89d6-dd23-4008-bfe7-73b0ab222682, server: None, raw: .. }
Reserved ticket 7054 for customer e8ce89d6-dd23-4008-bfe7-73b0ab222682
Server 799bb1b2-bd8f-49e2-81f8-f7237f0eb223 received client-request: Request { kind: ReserveTicket, customer: 7df5047d-d512-45fe-913a-f3ce5bf6273f, server: None, raw: .. }
Reserved ticket 7053 for customer 7df5047d-d512-45fe-913a-f3ce5bf6273f
Server 799bb1b2-bd8f-49e2-81f8-f7237f0eb223 received client-request: Request { kind: ReserveTicket, customer: 8696faa1-82b7-48b1-83db-acea04794beb, server: None, raw: .. }
Reserved ticket 7052 for customer 8696faa1-82b7-48b1-83db-acea04794beb
Server 799bb1b2-bd8f-49e2-81f8-f7237f0eb223 received client-request: Request { kind: ReserveTicket, customer: 03378b9b-ddd1-4ba3-a0a5-81ba9a6442bf, server: None, raw: .. }
Reserved ticket 7051 for customer 03378b9b-ddd1-4ba3-a0a5-81ba9a6442bf
Server 799bb1b2-bd8f-49e2-81f8-f7237f0eb223 received client-request: Request { kind: ReserveTicket, customer: 5e46316f-0bc1-46ab-a3c6-2dc4deeea44c, server: None, raw: .. }
Reserved ticket 7050 for customer 5e46316f-0bc1-46ab-a3c6-2dc4deeea44c
Server 65a51e17-fff5-4036-8b94-6db5de4d28d8 received client-request: Request { kind: ReserveTicket, customer: 0311d874-456a-4b44-bb7d-57910a5298bb, server: None, raw: .. }
Reserved ticket 7049 for customer 0311d874-456a-4b44-bb7d-57910a5298bb
Server 799bb1b2-bd8f-49e2-81f8-f7237f0eb223 received client-request: Request { kind: ReserveTicket, customer: 19fd25b1-db39-4b02-a6bd-c24749a82c53, server: None, raw: .. }
Reserved ticket 7048 for customer 19fd25b1-db39-4b02-a6bd-c24749a82c53
Server 799bb1b2-bd8f-49e2-81f8-f7237f0eb223 received client-request: Request { kind: ReserveTicket, customer: ae04d918-8df4-45b9-bb10-64141b90dd35, server: None, raw: .. }
Reserved ticket 7047 for customer ae04d918-8df4-45b9-bb10-64141b90dd35
Server 799bb1b2-bd8f-49e2-81f8-f7237f0eb223 received client-request: Request { kind: ReserveTicket, customer: fa735629-5672-4238-abd5-588827b83453, server: None, raw: .. }
Reserved ticket 7046 for customer fa735629-5672-4238-abd5-588827b83453
Server 799bb1b2-bd8f-49e2-81f8-f7237f0eb223 received client-request: Request { kind: ReserveTicket, customer: 4b1d3ee7-e789-40c5-ac1b-eab2478ca600, server: None, raw: .. }
Reserved ticket 7045 for customer 4b1d3ee7-e789-40c5-ac1b-eab2478ca600
Server 799bb1b2-bd8f-49e2-81f8-f7237f0eb223 received client-request: Request { kind: ReserveTicket, customer: 8a135021-e96a-498a-ba5d-028e3392c6fe, server: None, raw: .. }
Reserved ticket 7044 for customer 8a135021-e96a-498a-ba5d-028e3392c6fe
Server 799bb1b2-bd8f-49e2-81f8-f7237f0eb223 received client-request: Request { kind: ReserveTicket, customer: 1a863041-a735-40c1-89c4-4545d6dee6db, server: None, raw: .. }
Reserved ticket 7043 for customer 1a863041-a735-40c1-89c4-4545d6dee6db
Server 799bb1b2-bd8f-49e2-81f8-f7237f0eb223 received client-request: Request { kind: ReserveTicket, customer: 395fc75f-1411-4051-bb07-5e38eff9c127, server: None, raw: .. }
Reserved ticket 7042 for customer 395fc75f-1411-4051-bb07-5e38eff9c127
Server 799bb1b2-bd8f-49e2-81f8-f7237f0eb223 received client-request: Request { kind: ReserveTicket, customer: f79cb62d-ae74-4510-a943-2788dadd9fc4, server: None, raw: .. }
Reserved ticket 7041 for customer f79cb62d-ae74-4510-a943-2788dadd9fc4
Server 799bb1b2-bd8f-49e2-81f8-f7237f0eb223 received client-request: Request { kind: ReserveTicket, customer: a6d47bcf-afba-41b0-be08-63c256a42443, server: None, raw: .. }
Reserved ticket 7040 for customer a6d47bcf-afba-41b0-be08-63c256a42443
Server 799bb1b2-bd8f-49e2-81f8-f7237f0eb223 received client-request: Request { kind: ReserveTicket, customer: 228e836d-9091-487b-aeeb-adece5e5a999, server: None, raw: .. }
Reserved ticket 7039 for customer 228e836d-9091-487b-aeeb-adece5e5a999
Server 799bb1b2-bd8f-49e2-81f8-f7237f0eb223 received client-request: Request { kind: ReserveTicket, customer: 65552d00-4296-4107-bcbc-0429851e7fcb, server: None, raw: .. }
Reserved ticket 7038 for customer 65552d00-4296-4107-bcbc-0429851e7fcb
Server 799bb1b2-bd8f-49e2-81f8-f7237f0eb223 received client-request: Request { kind: ReserveTicket, customer: 5fe477e9-6906-45a7-85da-37edb2fd5f92, server: None, raw: .. }
Reserved ticket 7037 for customer 5fe477e9-6906-45a7-85da-37edb2fd5f92
Server 799bb1b2-bd8f-49e2-81f8-f7237f0eb223 received client-request: Request { kind: ReserveTicket, customer: e35ce4f0-7a09-44f5-98c1-5d89a097ff81, server: None, raw: .. }
Reserved ticket 7036 for customer e35ce4f0-7a09-44f5-98c1-5d89a097ff81
Server 799bb1b2-bd8f-49e2-81f8-f7237f0eb223 received client-request: Request { kind: ReserveTicket, customer: e0d9decf-2a53-4d79-8289-10c50ce1e10e, server: None, raw: .. }
Reserved ticket 7035 for customer e0d9decf-2a53-4d79-8289-10c50ce1e10e
Server 799bb1b2-bd8f-49e2-81f8-f7237f0eb223 received client-request: Request { kind: ReserveTicket, customer: ea546f71-15bc-4f75-8533-27d7a343b0d7, server: None, raw: .. }
Reserved ticket 7034 for customer ea546f71-15bc-4f75-8533-27d7a343b0d7
Server 799bb1b2-bd8f-49e2-81f8-f7237f0eb223 received client-request: Request { kind: ReserveTicket, customer: f6dbfb57-3e90-410e-9741-d774e4067049, server: None, raw: .. }
Reserved ticket 7033 for customer f6dbfb57-3e90-410e-9741-d774e4067049
Server 799bb1b2-bd8f-49e2-81f8-f7237f0eb223 received client-request: Request { kind: ReserveTicket, customer: 2888f721-0168-4b2f-b47a-988d5cc61124, server: None, raw: .. }
Reserved ticket 7032 for customer 2888f721-0168-4b2f-b47a-988d5cc61124
Server 799bb1b2-bd8f-49e2-81f8-f7237f0eb223 received client-request: Request { kind: ReserveTicket, customer: fe0372a4-53cd-439f-8315-abf81d0debd7, server: None, raw: .. }
Reserved ticket 7031 for customer fe0372a4-53cd-439f-8315-abf81d0debd7
Server 799bb1b2-bd8f-49e2-81f8-f7237f0eb223 received client-request: Request { kind: ReserveTicket, customer: c57c09f4-21e7-43a1-b3ca-5f8f1d8e2691, server: None, raw: .. }
Reserved ticket 7030 for customer c57c09f4-21e7-43a1-b3ca-5f8f1d8e2691
Server 65a51e17-fff5-4036-8b94-6db5de4d28d8 received client-request: Request { kind: ReserveTicket, customer: 33fb1c80-69ac-47bf-aae9-3a2e7e29d2cf, server: None, raw: .. }
Reserved ticket 7029 for customer 33fb1c80-69ac-47bf-aae9-3a2e7e29d2cf
Server 799bb1b2-bd8f-49e2-81f8-f7237f0eb223 received client-request: Request { kind: ReserveTicket, customer: 2ca1e254-5347-4d54-8518-af135ab69dc1, server: None, raw: .. }
Reserved ticket 7028 for customer 2ca1e254-5347-4d54-8518-af135ab69dc1
Server 799bb1b2-bd8f-49e2-81f8-f7237f0eb223 received client-request: Request { kind: ReserveTicket, customer: 139cfc46-f4d0-4f2f-ad7b-7a84ed664b72, server: None, raw: .. }
Reserved ticket 7027 for customer 139cfc46-f4d0-4f2f-ad7b-7a84ed664b72
Server 799bb1b2-bd8f-49e2-81f8-f7237f0eb223 received client-request: Request { kind: ReserveTicket, customer: 24cc84a0-87d3-4bca-bd0f-b196c69ede0a, server: None, raw: .. }
Reserved ticket 7026 for customer 24cc84a0-87d3-4bca-bd0f-b196c69ede0a
Server 799bb1b2-bd8f-49e2-81f8-f7237f0eb223 received client-request: Request { kind: ReserveTicket, customer: f22ee16d-b5a5-4107-8328-91c8c351d70f, server: None, raw: .. }
Reserved ticket 7025 for customer f22ee16d-b5a5-4107-8328-91c8c351d70f
Server 799bb1b2-bd8f-49e2-81f8-f7237f0eb223 received client-request: Request { kind: ReserveTicket, customer: 17897ae1-382e-4f05-8bbb-ea275b94da46, server: None, raw: .. }
Reserved ticket 7024 for customer 17897ae1-382e-4f05-8bbb-ea275b94da46
Server 799bb1b2-bd8f-49e2-81f8-f7237f0eb223 received client-request: Request { kind: ReserveTicket, customer: 88214c82-c869-48cc-afee-9bdd72c1cec3, server: None, raw: .. }
Reserved ticket 7023 for customer 88214c82-c869-48cc-afee-9bdd72c1cec3
Server 799bb1b2-bd8f-49e2-81f8-f7237f0eb223 received client-request: Request { kind: ReserveTicket, customer: d03347ca-91e3-4418-8fbc-c28fffb7fe9a, server: None, raw: .. }
Reserved ticket 7022 for customer d03347ca-91e3-4418-8fbc-c28fffb7fe9a
Server 799bb1b2-bd8f-49e2-81f8-f7237f0eb223 received client-request: Request { kind: ReserveTicket, customer: 9a8ee20d-7f96-4076-85c3-9883992f0aa7, server: None, raw: .. }
Reserved ticket 7021 for customer 9a8ee20d-7f96-4076-85c3-9883992f0aa7
Server 799bb1b2-bd8f-49e2-81f8-f7237f0eb223 received client-request: Request { kind: ReserveTicket, customer: 46ff2a1d-8e94-452d-8ae2-19c7c8aadf8c, server: None, raw: .. }
Reserved ticket 7020 for customer 46ff2a1d-8e94-452d-8ae2-19c7c8aadf8c
Server 799bb1b2-bd8f-49e2-81f8-f7237f0eb223 received client-request: Request { kind: ReserveTicket, customer: c03e4c42-cf05-4c83-bfac-08ec00bca4ac, server: None, raw: .. }
Reserved ticket 7019 for customer c03e4c42-cf05-4c83-bfac-08ec00bca4ac
Server 799bb1b2-bd8f-49e2-81f8-f7237f0eb223 received client-request: Request { kind: ReserveTicket, customer: 7c0b2ca5-e5cd-46c7-8caf-54f752a1a13c, server: None, raw: .. }
Reserved ticket 7018 for customer 7c0b2ca5-e5cd-46c7-8caf-54f752a1a13c
Server 799bb1b2-bd8f-49e2-81f8-f7237f0eb223 received client-request: Request { kind: ReserveTicket, customer: cc8fee77-fc31-4b18-8ba7-f33df427e83f, server: None, raw: .. }
Reserved ticket 7017 for customer cc8fee77-fc31-4b18-8ba7-f33df427e83f
Server 799bb1b2-bd8f-49e2-81f8-f7237f0eb223 received client-request: Request { kind: ReserveTicket, customer: 7bca8d09-d1fc-4db3-b9fe-1fc98755ee20, server: None, raw: .. }
Reserved ticket 7016 for customer 7bca8d09-d1fc-4db3-b9fe-1fc98755ee20
Server 799bb1b2-bd8f-49e2-81f8-f7237f0eb223 received client-request: Request { kind: ReserveTicket, customer: 65026572-a437-4b13-9d71-b01f0a2a154c, server: None, raw: .. }
Reserved ticket 7015 for customer 65026572-a437-4b13-9d71-b01f0a2a154c
Server 799bb1b2-bd8f-49e2-81f8-f7237f0eb223 received client-request: Request { kind: ReserveTicket, customer: 2918f7bb-f499-469b-a4f9-03bf0df16600, server: None, raw: .. }
Reserved ticket 7014 for customer 2918f7bb-f499-469b-a4f9-03bf0df16600
Server 799bb1b2-bd8f-49e2-81f8-f7237f0eb223 received client-request: Request { kind: ReserveTicket, customer: c77645a3-5ca0-48b4-85da-3a09e67d56a9, server: None, raw: .. }
Reserved ticket 7013 for customer c77645a3-5ca0-48b4-85da-3a09e67d56a9
Server 799bb1b2-bd8f-49e2-81f8-f7237f0eb223 received client-request: Request { kind: ReserveTicket, customer: d25600fb-f86f-49b9-8782-cea07d8936a7, server: None, raw: .. }
Reserved ticket 7012 for customer d25600fb-f86f-49b9-8782-cea07d8936a7
Server 799bb1b2-bd8f-49e2-81f8-f7237f0eb223 received client-request: Request { kind: ReserveTicket, customer: 482bc80d-f735-4490-86fa-d0b5315dbb94, server: None, raw: .. }
Reserved ticket 7011 for customer 482bc80d-f735-4490-86fa-d0b5315dbb94
Server 799bb1b2-bd8f-49e2-81f8-f7237f0eb223 received client-request: Request { kind: ReserveTicket, customer: fb60be97-ac63-4eaf-ab73-34e7a5b4a1cf, server: None, raw: .. }
Reserved ticket 7010 for customer fb60be97-ac63-4eaf-ab73-34e7a5b4a1cf
Server 65a51e17-fff5-4036-8b94-6db5de4d28d8 received client-request: Request { kind: ReserveTicket, customer: e238ea74-b56f-4cca-a107-5f5d15d7ece4, server: None, raw: .. }
Reserved ticket 7009 for customer e238ea74-b56f-4cca-a107-5f5d15d7ece4
Server 799bb1b2-bd8f-49e2-81f8-f7237f0eb223 received client-request: Request { kind: ReserveTicket, customer: 531d56a0-f237-47b3-bd14-fe080b8153e4, server: None, raw: .. }
Reserved ticket 7008 for customer 531d56a0-f237-47b3-bd14-fe080b8153e4
Server 799bb1b2-bd8f-49e2-81f8-f7237f0eb223 received client-request: Request { kind: ReserveTicket, customer: ad7554e1-0380-4660-8f1b-ae1e30b419de, server: None, raw: .. }
Reserved ticket 7007 for customer ad7554e1-0380-4660-8f1b-ae1e30b419de
Server 799bb1b2-bd8f-49e2-81f8-f7237f0eb223 received client-request: Request { kind: ReserveTicket, customer: 9bfe46ca-8d54-4db0-b9b9-7463977cde90, server: None, raw: .. }
Reserved ticket 7006 for customer 9bfe46ca-8d54-4db0-b9b9-7463977cde90
Server 799bb1b2-bd8f-49e2-81f8-f7237f0eb223 received client-request: Request { kind: ReserveTicket, customer: 951f7397-8a33-4e43-93e9-c7fcec8f21b0, server: None, raw: .. }
Reserved ticket 7005 for customer 951f7397-8a33-4e43-93e9-c7fcec8f21b0
Server 799bb1b2-bd8f-49e2-81f8-f7237f0eb223 received client-request: Request { kind: ReserveTicket, customer: 163f8ae9-52ef-460b-83f7-2ecd8c01df39, server: None, raw: .. }
Reserved ticket 7004 for customer 163f8ae9-52ef-460b-83f7-2ecd8c01df39
Server 799bb1b2-bd8f-49e2-81f8-f7237f0eb223 received client-request: Request { kind: ReserveTicket, customer: fbdd9367-b11c-4fa7-bf55-1d7ed24f84aa, server: None, raw: .. }
Reserved ticket 7003 for customer fbdd9367-b11c-4fa7-bf55-1d7ed24f84aa
Server 799bb1b2-bd8f-49e2-81f8-f7237f0eb223 received client-request: Request { kind: ReserveTicket, customer: 8d2fa283-3c64-4641-9172-b98e6ef8cace, server: None, raw: .. }
Reserved ticket 7002 for customer 8d2fa283-3c64-4641-9172-b98e6ef8cace
Server 799bb1b2-bd8f-49e2-81f8-f7237f0eb223 received client-request: Request { kind: ReserveTicket, customer: 7143afe7-17c9-4ebb-9efd-9bb3fd7e9737, server: None, raw: .. }
Reserved ticket 7001 for customer 7143afe7-17c9-4ebb-9efd-9bb3fd7e9737
Server 799bb1b2-bd8f-49e2-81f8-f7237f0eb223 received client-request: Request { kind: ReserveTicket, customer: fc85ef9e-fd3a-4037-8866-2edc5c00ec20, server: None, raw: .. }
Reserved ticket 7000 for customer fc85ef9e-fd3a-4037-8866-2edc5c00ec20
Server 799bb1b2-bd8f-49e2-81f8-f7237f0eb223 received client-request: Request { kind: ReserveTicket, customer: ea429c98-224a-43ba-825f-cd9bb23b9b0e, server: None, raw: .. }
Reserved ticket 6999 for customer ea429c98-224a-43ba-825f-cd9bb23b9b0e
Server 799bb1b2-bd8f-49e2-81f8-f7237f0eb223 received client-request: Request { kind: ReserveTicket, customer: 7b98941c-fc78-4c9d-9aa3-37d1cdb6f783, server: None, raw: .. }
Reserved ticket 6998 for customer 7b98941c-fc78-4c9d-9aa3-37d1cdb6f783
Server 799bb1b2-bd8f-49e2-81f8-f7237f0eb223 received client-request: Request { kind: ReserveTicket, customer: b849628b-2e63-49de-893a-49f9cb42604a, server: None, raw: .. }
Reserved ticket 6997 for customer b849628b-2e63-49de-893a-49f9cb42604a
Server 799bb1b2-bd8f-49e2-81f8-f7237f0eb223 received client-request: Request { kind: ReserveTicket, customer: 8038608d-86ad-4dbc-a610-b44906d76d0b, server: None, raw: .. }
Reserved ticket 6996 for customer 8038608d-86ad-4dbc-a610-b44906d76d0b
Server 799bb1b2-bd8f-49e2-81f8-f7237f0eb223 received client-request: Request { kind: ReserveTicket, customer: c9463b57-3aa2-40e7-b327-aa1346af6fcb, server: None, raw: .. }
Reserved ticket 6995 for customer c9463b57-3aa2-40e7-b327-aa1346af6fcb
Server 799bb1b2-bd8f-49e2-81f8-f7237f0eb223 received client-request: Request { kind: ReserveTicket, customer: 08cad6f8-ff0b-414d-9399-4d2f50d3f82c, server: None, raw: .. }
Reserved ticket 6994 for customer 08cad6f8-ff0b-414d-9399-4d2f50d3f82c
Server 799bb1b2-bd8f-49e2-81f8-f7237f0eb223 received client-request: Request { kind: ReserveTicket, customer: 6d1d9a31-643f-4e76-a266-aadf813f0226, server: None, raw: .. }
Reserved ticket 6993 for customer 6d1d9a31-643f-4e76-a266-aadf813f0226
Server 799bb1b2-bd8f-49e2-81f8-f7237f0eb223 received client-request: Request { kind: ReserveTicket, customer: ad0c17fa-cf73-466d-bf9e-4e237e28bfac, server: None, raw: .. }
Reserved ticket 6992 for customer ad0c17fa-cf73-466d-bf9e-4e237e28bfac
Server 799bb1b2-bd8f-49e2-81f8-f7237f0eb223 received client-request: Request { kind: ReserveTicket, customer: 9e957f66-d580-4da1-9119-9804c7641dd9, server: None, raw: .. }
Reserved ticket 6991 for customer 9e957f66-d580-4da1-9119-9804c7641dd9
Server 799bb1b2-bd8f-49e2-81f8-f7237f0eb223 received client-request: Request { kind: ReserveTicket, customer: a30b6fd9-fda3-4d19-9d8a-88a0fc120d07, server: None, raw: .. }
Reserved ticket 6990 for customer a30b6fd9-fda3-4d19-9d8a-88a0fc120d07
Server 65a51e17-fff5-4036-8b94-6db5de4d28d8 received client-request: Request { kind: ReserveTicket, customer: b51dc90e-d33c-4232-95a1-59d9ab770b80, server: None, raw: .. }
Reserved ticket 6989 for customer b51dc90e-d33c-4232-95a1-59d9ab770b80
Server 799bb1b2-bd8f-49e2-81f8-f7237f0eb223 received client-request: Request { kind: ReserveTicket, customer: 121bcd90-f366-4aba-94e0-dd908ee9e2dd, server: None, raw: .. }
Reserved ticket 6988 for customer 121bcd90-f366-4aba-94e0-dd908ee9e2dd
Server 799bb1b2-bd8f-49e2-81f8-f7237f0eb223 received client-request: Request { kind: ReserveTicket, customer: 834d9676-2551-49a8-92f5-af7d489cd4b8, server: None, raw: .. }
Reserved ticket 6987 for customer 834d9676-2551-49a8-92f5-af7d489cd4b8
Server 799bb1b2-bd8f-49e2-81f8-f7237f0eb223 received client-request: Request { kind: ReserveTicket, customer: 95147723-f670-4f5b-9137-bddda2b62f05, server: None, raw: .. }
Reserved ticket 6986 for customer 95147723-f670-4f5b-9137-bddda2b62f05
Server 799bb1b2-bd8f-49e2-81f8-f7237f0eb223 received client-request: Request { kind: ReserveTicket, customer: a04d3e4f-2b74-4e5d-b9cc-96e1970cee35, server: None, raw: .. }
Reserved ticket 6985 for customer a04d3e4f-2b74-4e5d-b9cc-96e1970cee35
Server 799bb1b2-bd8f-49e2-81f8-f7237f0eb223 received client-request: Request { kind: ReserveTicket, customer: ee3b77ee-85c3-4d33-ad96-0f02b491bdda, server: None, raw: .. }
Reserved ticket 6984 for customer ee3b77ee-85c3-4d33-ad96-0f02b491bdda
Server 799bb1b2-bd8f-49e2-81f8-f7237f0eb223 received client-request: Request { kind: ReserveTicket, customer: 8be125cb-2a60-4dc3-a747-c36348e3913d, server: None, raw: .. }
Reserved ticket 6983 for customer 8be125cb-2a60-4dc3-a747-c36348e3913d
Server 799bb1b2-bd8f-49e2-81f8-f7237f0eb223 received client-request: Request { kind: ReserveTicket, customer: 2e1d6d76-f96d-4887-8a55-43130b509fe8, server: None, raw: .. }
Reserved ticket 6982 for customer 2e1d6d76-f96d-4887-8a55-43130b509fe8
Server 799bb1b2-bd8f-49e2-81f8-f7237f0eb223 received client-request: Request { kind: ReserveTicket, customer: e0db5842-12e1-49bb-9fbb-075cfcf20139, server: None, raw: .. }
Reserved ticket 6981 for customer e0db5842-12e1-49bb-9fbb-075cfcf20139
Server 799bb1b2-bd8f-49e2-81f8-f7237f0eb223 received client-request: Request { kind: ReserveTicket, customer: 63e48740-4ee6-4cc0-a7a7-e6bc4498d0e3, server: None, raw: .. }
Reserved ticket 6980 for customer 63e48740-4ee6-4cc0-a7a7-e6bc4498d0e3
Server 799bb1b2-bd8f-49e2-81f8-f7237f0eb223 received client-request: Request { kind: ReserveTicket, customer: 8287f2bc-cb73-46a8-a043-bcd9400b63a0, server: None, raw: .. }
Reserved ticket 6979 for customer 8287f2bc-cb73-46a8-a043-bcd9400b63a0
Server 799bb1b2-bd8f-49e2-81f8-f7237f0eb223 received client-request: Request { kind: ReserveTicket, customer: 5133f0be-3646-4982-b048-cc7c339b353e, server: None, raw: .. }
Reserved ticket 6978 for customer 5133f0be-3646-4982-b048-cc7c339b353e
Server 799bb1b2-bd8f-49e2-81f8-f7237f0eb223 received client-request: Request { kind: ReserveTicket, customer: e83f2762-3c61-49d8-9ba1-c963251e1405, server: None, raw: .. }
Reserved ticket 6977 for customer e83f2762-3c61-49d8-9ba1-c963251e1405
Server 799bb1b2-bd8f-49e2-81f8-f7237f0eb223 received client-request: Request { kind: ReserveTicket, customer: 60315d64-dd4f-4126-81a6-968a6ce31ce1, server: None, raw: .. }
Reserved ticket 6976 for customer 60315d64-dd4f-4126-81a6-968a6ce31ce1
Server 799bb1b2-bd8f-49e2-81f8-f7237f0eb223 received client-request: Request { kind: ReserveTicket, customer: 823d0f6a-5782-4c00-b5c7-a31a703f2ed9, server: None, raw: .. }
Reserved ticket 6975 for customer 823d0f6a-5782-4c00-b5c7-a31a703f2ed9
Server 799bb1b2-bd8f-49e2-81f8-f7237f0eb223 received client-request: Request { kind: ReserveTicket, customer: 86a62214-35af-48dd-8169-1cc1a0c4c046, server: None, raw: .. }
Reserved ticket 6974 for customer 86a62214-35af-48dd-8169-1cc1a0c4c046
Server 799bb1b2-bd8f-49e2-81f8-f7237f0eb223 received client-request: Request { kind: ReserveTicket, customer: 3e620554-bd9b-42cb-b1c3-805c2f023738, server: None, raw: .. }
Reserved ticket 6973 for customer 3e620554-bd9b-42cb-b1c3-805c2f023738
Server 799bb1b2-bd8f-49e2-81f8-f7237f0eb223 received client-request: Request { kind: ReserveTicket, customer: 1c755a0d-3162-4ed4-9246-affc7b7ec93a, server: None, raw: .. }
Reserved ticket 6972 for customer 1c755a0d-3162-4ed4-9246-affc7b7ec93a
Server 799bb1b2-bd8f-49e2-81f8-f7237f0eb223 received client-request: Request { kind: ReserveTicket, customer: f45a94bc-b9db-47a5-87f9-e1b2de81a457, server: None, raw: .. }
Reserved ticket 6971 for customer f45a94bc-b9db-47a5-87f9-e1b2de81a457
Server 799bb1b2-bd8f-49e2-81f8-f7237f0eb223 received client-request: Request { kind: ReserveTicket, customer: 1e837c4d-0b8f-48ab-9d47-aca3344d9b76, server: None, raw: .. }
Reserved ticket 6970 for customer 1e837c4d-0b8f-48ab-9d47-aca3344d9b76
Server 65a51e17-fff5-4036-8b94-6db5de4d28d8 received client-request: Request { kind: ReserveTicket, customer: 4c4ed29c-91c7-433a-9265-f5f3295311a1, server: None, raw: .. }
Reserved ticket 6969 for customer 4c4ed29c-91c7-433a-9265-f5f3295311a1
Server 799bb1b2-bd8f-49e2-81f8-f7237f0eb223 received client-request: Request { kind: ReserveTicket, customer: 25a1d127-2021-4820-9bec-542a09796b0b, server: None, raw: .. }
Reserved ticket 6968 for customer 25a1d127-2021-4820-9bec-542a09796b0b
Server 799bb1b2-bd8f-49e2-81f8-f7237f0eb223 received client-request: Request { kind: ReserveTicket, customer: c11a8352-4410-466b-a77a-e68cabbf6f98, server: None, raw: .. }
Reserved ticket 6967 for customer c11a8352-4410-466b-a77a-e68cabbf6f98
Server 799bb1b2-bd8f-49e2-81f8-f7237f0eb223 received client-request: Request { kind: ReserveTicket, customer: 59a7105c-52c7-4858-acca-9a37ef24254f, server: None, raw: .. }
Reserved ticket 6966 for customer 59a7105c-52c7-4858-acca-9a37ef24254f
Server 799bb1b2-bd8f-49e2-81f8-f7237f0eb223 received client-request: Request { kind: ReserveTicket, customer: 1e5e62a6-32d1-486f-8088-c3cc198ee27f, server: None, raw: .. }
Reserved ticket 6965 for customer 1e5e62a6-32d1-486f-8088-c3cc198ee27f
Server 799bb1b2-bd8f-49e2-81f8-f7237f0eb223 received client-request: Request { kind: ReserveTicket, customer: d5009efc-d891-42a6-94d8-df8114a2cded, server: None, raw: .. }
Reserved ticket 6964 for customer d5009efc-d891-42a6-94d8-df8114a2cded
Server 799bb1b2-bd8f-49e2-81f8-f7237f0eb223 received client-request: Request { kind: ReserveTicket, customer: b6bdfcbf-1fd0-4d21-ae97-84e44e4b3fb9, server: None, raw: .. }
Reserved ticket 6963 for customer b6bdfcbf-1fd0-4d21-ae97-84e44e4b3fb9
Server 799bb1b2-bd8f-49e2-81f8-f7237f0eb223 received client-request: Request { kind: ReserveTicket, customer: 959654f7-7ae6-4bb8-8c61-87dedb7157ff, server: None, raw: .. }
Reserved ticket 6962 for customer 959654f7-7ae6-4bb8-8c61-87dedb7157ff
Server 799bb1b2-bd8f-49e2-81f8-f7237f0eb223 received client-request: Request { kind: ReserveTicket, customer: 81bbeddd-d007-4c73-ac13-2386f1eb84ed, server: None, raw: .. }
Reserved ticket 6961 for customer 81bbeddd-d007-4c73-ac13-2386f1eb84ed
Server 799bb1b2-bd8f-49e2-81f8-f7237f0eb223 received client-request: Request { kind: ReserveTicket, customer: 5565a476-9cdb-40ea-985e-abeee4f9ab6d, server: None, raw: .. }
Reserved ticket 6960 for customer 5565a476-9cdb-40ea-985e-abeee4f9ab6d
Server 799bb1b2-bd8f-49e2-81f8-f7237f0eb223 received client-request: Request { kind: ReserveTicket, customer: 62714f5a-909b-4946-96c0-e83942ac7b09, server: None, raw: .. }
Reserved ticket 6959 for customer 62714f5a-909b-4946-96c0-e83942ac7b09
Server 799bb1b2-bd8f-49e2-81f8-f7237f0eb223 received client-request: Request { kind: ReserveTicket, customer: 07f30290-2cb0-4632-9747-6bbc077833e3, server: None, raw: .. }
Reserved ticket 6958 for customer 07f30290-2cb0-4632-9747-6bbc077833e3
Server 799bb1b2-bd8f-49e2-81f8-f7237f0eb223 received client-request: Request { kind: ReserveTicket, customer: be13bcbb-580b-43d5-a3c6-c48fbcaf7a7d, server: None, raw: .. }
Reserved ticket 6957 for customer be13bcbb-580b-43d5-a3c6-c48fbcaf7a7d
Server 799bb1b2-bd8f-49e2-81f8-f7237f0eb223 received client-request: Request { kind: ReserveTicket, customer: 438b4e37-5e2f-42fa-a4f5-79f1102f6ab5, server: None, raw: .. }
Reserved ticket 6956 for customer 438b4e37-5e2f-42fa-a4f5-79f1102f6ab5
Server 799bb1b2-bd8f-49e2-81f8-f7237f0eb223 received client-request: Request { kind: ReserveTicket, customer: 54bf5b91-3e01-49c6-a8f7-2aad66489120, server: None, raw: .. }
Reserved ticket 6955 for customer 54bf5b91-3e01-49c6-a8f7-2aad66489120
Server 799bb1b2-bd8f-49e2-81f8-f7237f0eb223 received client-request: Request { kind: ReserveTicket, customer: f2e61668-f350-4a66-a377-24b80076a4b7, server: None, raw: .. }
Reserved ticket 6954 for customer f2e61668-f350-4a66-a377-24b80076a4b7
Server 799bb1b2-bd8f-49e2-81f8-f7237f0eb223 received client-request: Request { kind: ReserveTicket, customer: b9e61f99-e0ad-424a-86d6-263ece15a9d3, server: None, raw: .. }
Reserved ticket 6953 for customer b9e61f99-e0ad-424a-86d6-263ece15a9d3
Server 799bb1b2-bd8f-49e2-81f8-f7237f0eb223 received client-request: Request { kind: ReserveTicket, customer: 317cf834-21a1-4228-8faf-b02a3af2989a, server: None, raw: .. }
Reserved ticket 6952 for customer 317cf834-21a1-4228-8faf-b02a3af2989a
Server 799bb1b2-bd8f-49e2-81f8-f7237f0eb223 received client-request: Request { kind: ReserveTicket, customer: 596909d3-1018-4c7c-a1e0-50bf82525e47, server: None, raw: .. }
Reserved ticket 6951 for customer 596909d3-1018-4c7c-a1e0-50bf82525e47
Server 799bb1b2-bd8f-49e2-81f8-f7237f0eb223 received client-request: Request { kind: ReserveTicket, customer: f7103c1d-1620-43b0-9195-010a3a712bf5, server: None, raw: .. }
Reserved ticket 6950 for customer f7103c1d-1620-43b0-9195-010a3a712bf5
Server 65a51e17-fff5-4036-8b94-6db5de4d28d8 received client-request: Request { kind: ReserveTicket, customer: 4563682b-e1e2-45b0-8ba4-d12b9c62b3c0, server: None, raw: .. }
Reserved ticket 6949 for customer 4563682b-e1e2-45b0-8ba4-d12b9c62b3c0
Server 799bb1b2-bd8f-49e2-81f8-f7237f0eb223 received client-request: Request { kind: ReserveTicket, customer: a5aab1a1-2a89-4478-b900-a471d21adf0f, server: None, raw: .. }
Reserved ticket 6948 for customer a5aab1a1-2a89-4478-b900-a471d21adf0f
Server 799bb1b2-bd8f-49e2-81f8-f7237f0eb223 received client-request: Request { kind: ReserveTicket, customer: b58d3f5d-ece9-4752-93eb-cbbcc5306868, server: None, raw: .. }
Reserved ticket 6947 for customer b58d3f5d-ece9-4752-93eb-cbbcc5306868
Server 799bb1b2-bd8f-49e2-81f8-f7237f0eb223 received client-request: Request { kind: ReserveTicket, customer: 2f7bcf36-a394-4b21-ae6e-f6d2355dd99d, server: None, raw: .. }
Reserved ticket 6946 for customer 2f7bcf36-a394-4b21-ae6e-f6d2355dd99d
Server 799bb1b2-bd8f-49e2-81f8-f7237f0eb223 received client-request: Request { kind: ReserveTicket, customer: cbe95126-d5fc-4fae-a74e-3c3475221161, server: None, raw: .. }
Reserved ticket 6945 for customer cbe95126-d5fc-4fae-a74e-3c3475221161
Server 799bb1b2-bd8f-49e2-81f8-f7237f0eb223 received client-request: Request { kind: ReserveTicket, customer: e7633085-40dd-46d9-8d84-9396b22642c9, server: None, raw: .. }
Reserved ticket 6944 for customer e7633085-40dd-46d9-8d84-9396b22642c9
Server 799bb1b2-bd8f-49e2-81f8-f7237f0eb223 received client-request: Request { kind: ReserveTicket, customer: 561879d6-b84f-48a4-a62f-e455a2812844, server: None, raw: .. }
Reserved ticket 6943 for customer 561879d6-b84f-48a4-a62f-e455a2812844
Server 799bb1b2-bd8f-49e2-81f8-f7237f0eb223 received client-request: Request { kind: ReserveTicket, customer: 8166d75c-563f-45d6-8835-ba236277946a, server: None, raw: .. }
Reserved ticket 6942 for customer 8166d75c-563f-45d6-8835-ba236277946a
Server 799bb1b2-bd8f-49e2-81f8-f7237f0eb223 received client-request: Request { kind: ReserveTicket, customer: e018087c-d5f5-4b8c-8024-bc3d5b940885, server: None, raw: .. }
Reserved ticket 6941 for customer e018087c-d5f5-4b8c-8024-bc3d5b940885
Server 799bb1b2-bd8f-49e2-81f8-f7237f0eb223 received client-request: Request { kind: ReserveTicket, customer: 82025e64-b833-43c9-a9a3-c649214e25f3, server: None, raw: .. }
Reserved ticket 6940 for customer 82025e64-b833-43c9-a9a3-c649214e25f3
Server 799bb1b2-bd8f-49e2-81f8-f7237f0eb223 received client-request: Request { kind: ReserveTicket, customer: e4b6d7ce-c578-47f2-8e71-6bef7d78eca3, server: None, raw: .. }
Reserved ticket 6939 for customer e4b6d7ce-c578-47f2-8e71-6bef7d78eca3
Server 799bb1b2-bd8f-49e2-81f8-f7237f0eb223 received client-request: Request { kind: ReserveTicket, customer: f0482ebe-b039-408b-a8d0-f766de1a91ce, server: None, raw: .. }
Reserved ticket 6938 for customer f0482ebe-b039-408b-a8d0-f766de1a91ce
Server 799bb1b2-bd8f-49e2-81f8-f7237f0eb223 received client-request: Request { kind: ReserveTicket, customer: 1a064dc8-4fac-4f58-887e-adef66973846, server: None, raw: .. }
Reserved ticket 6937 for customer 1a064dc8-4fac-4f58-887e-adef66973846
Server 799bb1b2-bd8f-49e2-81f8-f7237f0eb223 received client-request: Request { kind: ReserveTicket, customer: d1dd10df-fdab-4956-9a04-7acfde243e59, server: None, raw: .. }
Reserved ticket 6936 for customer d1dd10df-fdab-4956-9a04-7acfde243e59
Server 799bb1b2-bd8f-49e2-81f8-f7237f0eb223 received client-request: Request { kind: ReserveTicket, customer: 28dff85e-6aa7-4e2d-9a58-737a76d69e24, server: None, raw: .. }
Reserved ticket 6935 for customer 28dff85e-6aa7-4e2d-9a58-737a76d69e24
Server 799bb1b2-bd8f-49e2-81f8-f7237f0eb223 received client-request: Request { kind: ReserveTicket, customer: d4089ecf-571b-47c6-a33c-89b3feb6745a, server: None, raw: .. }
Reserved ticket 6934 for customer d4089ecf-571b-47c6-a33c-89b3feb6745a
Server 799bb1b2-bd8f-49e2-81f8-f7237f0eb223 received client-request: Request { kind: ReserveTicket, customer: 5db2f91c-2706-4dbe-9d51-f59d69047ea3, server: None, raw: .. }
Reserved ticket 6933 for customer 5db2f91c-2706-4dbe-9d51-f59d69047ea3
Server 799bb1b2-bd8f-49e2-81f8-f7237f0eb223 received client-request: Request { kind: ReserveTicket, customer: d9a87ba3-ff99-4ae1-9b96-05a76d219baa, server: None, raw: .. }
Reserved ticket 6932 for customer d9a87ba3-ff99-4ae1-9b96-05a76d219baa
Server 799bb1b2-bd8f-49e2-81f8-f7237f0eb223 received client-request: Request { kind: ReserveTicket, customer: f72545b7-2d3d-487b-a072-8371a6723338, server: None, raw: .. }
Reserved ticket 6931 for customer f72545b7-2d3d-487b-a072-8371a6723338
Server 799bb1b2-bd8f-49e2-81f8-f7237f0eb223 received client-request: Request { kind: ReserveTicket, customer: 3a668989-8ac6-4890-a058-de506cfb9b1d, server: None, raw: .. }
Reserved ticket 6930 for customer 3a668989-8ac6-4890-a058-de506cfb9b1d
Server 65a51e17-fff5-4036-8b94-6db5de4d28d8 received client-request: Request { kind: ReserveTicket, customer: 32a38434-de50-4a8c-96cb-870234c4a6ba, server: None, raw: .. }
Reserved ticket 6929 for customer 32a38434-de50-4a8c-96cb-870234c4a6ba
Server 799bb1b2-bd8f-49e2-81f8-f7237f0eb223 received client-request: Request { kind: ReserveTicket, customer: 91383282-935d-4fa4-aaf9-b7e99e46ec39, server: None, raw: .. }
Reserved ticket 6928 for customer 91383282-935d-4fa4-aaf9-b7e99e46ec39
Server 799bb1b2-bd8f-49e2-81f8-f7237f0eb223 received client-request: Request { kind: ReserveTicket, customer: 8cbbe3f5-54f6-4b6e-9184-94eaa565c196, server: None, raw: .. }
Reserved ticket 6927 for customer 8cbbe3f5-54f6-4b6e-9184-94eaa565c196
Server 799bb1b2-bd8f-49e2-81f8-f7237f0eb223 received client-request: Request { kind: ReserveTicket, customer: a3e37b99-3fc1-4f36-a8e6-9b5569d9934f, server: None, raw: .. }
Reserved ticket 6926 for customer a3e37b99-3fc1-4f36-a8e6-9b5569d9934f
Server 799bb1b2-bd8f-49e2-81f8-f7237f0eb223 received client-request: Request { kind: ReserveTicket, customer: d7ce2bf3-86f6-43b0-a1cc-ec2f8d6fb85e, server: None, raw: .. }
Reserved ticket 6925 for customer d7ce2bf3-86f6-43b0-a1cc-ec2f8d6fb85e
Server 799bb1b2-bd8f-49e2-81f8-f7237f0eb223 received client-request: Request { kind: ReserveTicket, customer: ebdea1ab-b80e-42b8-8106-eabaa7598cc7, server: None, raw: .. }
Reserved ticket 6924 for customer ebdea1ab-b80e-42b8-8106-eabaa7598cc7
Server 799bb1b2-bd8f-49e2-81f8-f7237f0eb223 received client-request: Request { kind: ReserveTicket, customer: b036b1b2-13f2-431f-b79b-16cc1ccaabea, server: None, raw: .. }
Reserved ticket 6923 for customer b036b1b2-13f2-431f-b79b-16cc1ccaabea
Server 799bb1b2-bd8f-49e2-81f8-f7237f0eb223 received client-request: Request { kind: ReserveTicket, customer: 9f89c37b-16fe-49e8-b3a0-37282f320bb1, server: None, raw: .. }
Reserved ticket 6922 for customer 9f89c37b-16fe-49e8-b3a0-37282f320bb1
Server 799bb1b2-bd8f-49e2-81f8-f7237f0eb223 received client-request: Request { kind: ReserveTicket, customer: 8b75581b-a87f-4b96-825a-e883f9abc9c0, server: None, raw: .. }
Reserved ticket 6921 for customer 8b75581b-a87f-4b96-825a-e883f9abc9c0
Server 799bb1b2-bd8f-49e2-81f8-f7237f0eb223 received client-request: Request { kind: ReserveTicket, customer: ac923914-1434-44a5-b2cf-8c8fed226b3d, server: None, raw: .. }
Reserved ticket 6920 for customer ac923914-1434-44a5-b2cf-8c8fed226b3d
Server 799bb1b2-bd8f-49e2-81f8-f7237f0eb223 received client-request: Request { kind: ReserveTicket, customer: 96593cdd-ca1f-42b6-92bc-bb1d7666cf15, server: None, raw: .. }
Reserved ticket 6919 for customer 96593cdd-ca1f-42b6-92bc-bb1d7666cf15
Server 799bb1b2-bd8f-49e2-81f8-f7237f0eb223 received client-request: Request { kind: ReserveTicket, customer: ff9dbb2f-8612-4608-8e97-df1c37c5f3e4, server: None, raw: .. }
Reserved ticket 6918 for customer ff9dbb2f-8612-4608-8e97-df1c37c5f3e4
Server 799bb1b2-bd8f-49e2-81f8-f7237f0eb223 received client-request: Request { kind: ReserveTicket, customer: 0f182f3f-950c-4729-8c9b-527c0d06e4dd, server: None, raw: .. }
Reserved ticket 6917 for customer 0f182f3f-950c-4729-8c9b-527c0d06e4dd
Server 799bb1b2-bd8f-49e2-81f8-f7237f0eb223 received client-request: Request { kind: ReserveTicket, customer: dd05247c-a4c5-432c-8115-fa16592cbfa9, server: None, raw: .. }
Reserved ticket 6916 for customer dd05247c-a4c5-432c-8115-fa16592cbfa9
Server 799bb1b2-bd8f-49e2-81f8-f7237f0eb223 received client-request: Request { kind: ReserveTicket, customer: c4a460ab-948d-44e4-b710-957cccc7e3d3, server: None, raw: .. }
Reserved ticket 6915 for customer c4a460ab-948d-44e4-b710-957cccc7e3d3
Server 799bb1b2-bd8f-49e2-81f8-f7237f0eb223 received client-request: Request { kind: ReserveTicket, customer: a84bfd6b-13da-4be9-aa73-a56594c18a98, server: None, raw: .. }
Reserved ticket 6914 for customer a84bfd6b-13da-4be9-aa73-a56594c18a98
Server 799bb1b2-bd8f-49e2-81f8-f7237f0eb223 received client-request: Request { kind: ReserveTicket, customer: ff2d7f7d-50db-490f-b8e7-46939572ad9d, server: None, raw: .. }
Reserved ticket 6913 for customer ff2d7f7d-50db-490f-b8e7-46939572ad9d
Server 799bb1b2-bd8f-49e2-81f8-f7237f0eb223 received client-request: Request { kind: ReserveTicket, customer: dda769e0-d8eb-4cfc-bc74-92e80b6f5dda, server: None, raw: .. }
Reserved ticket 6912 for customer dda769e0-d8eb-4cfc-bc74-92e80b6f5dda
Server 799bb1b2-bd8f-49e2-81f8-f7237f0eb223 received client-request: Request { kind: ReserveTicket, customer: ea840f30-b9ee-473c-8f2e-32db307bce46, server: None, raw: .. }
Reserved ticket 6911 for customer ea840f30-b9ee-473c-8f2e-32db307bce46
Server 799bb1b2-bd8f-49e2-81f8-f7237f0eb223 received client-request: Request { kind: ReserveTicket, customer: 1812cf65-bfbb-4776-9534-129d98a1c4e0, server: None, raw: .. }
Reserved ticket 6910 for customer 1812cf65-bfbb-4776-9534-129d98a1c4e0
Server 65a51e17-fff5-4036-8b94-6db5de4d28d8 received client-request: Request { kind: ReserveTicket, customer: b61d6837-f411-4e16-b324-b03c3407d04d, server: None, raw: .. }
Reserved ticket 6909 for customer b61d6837-f411-4e16-b324-b03c3407d04d
Server 799bb1b2-bd8f-49e2-81f8-f7237f0eb223 received client-request: Request { kind: ReserveTicket, customer: d1c1c41e-9b90-4c4b-994b-ee1fcf6aff5a, server: None, raw: .. }
Reserved ticket 6908 for customer d1c1c41e-9b90-4c4b-994b-ee1fcf6aff5a
Server 799bb1b2-bd8f-49e2-81f8-f7237f0eb223 received client-request: Request { kind: ReserveTicket, customer: 5188a19c-3c9a-4749-8bca-d8aec19dd268, server: None, raw: .. }
Reserved ticket 6907 for customer 5188a19c-3c9a-4749-8bca-d8aec19dd268
Server 799bb1b2-bd8f-49e2-81f8-f7237f0eb223 received client-request: Request { kind: ReserveTicket, customer: 7e7739ab-1199-435e-8fbf-e7847cce2535, server: None, raw: .. }
Reserved ticket 6906 for customer 7e7739ab-1199-435e-8fbf-e7847cce2535
Server 799bb1b2-bd8f-49e2-81f8-f7237f0eb223 received client-request: Request { kind: ReserveTicket, customer: efa0d472-936e-4e02-b7e9-5027ad194bac, server: None, raw: .. }
Reserved ticket 6905 for customer efa0d472-936e-4e02-b7e9-5027ad194bac
Server 799bb1b2-bd8f-49e2-81f8-f7237f0eb223 received client-request: Request { kind: ReserveTicket, customer: 15e8f9d4-01b8-47c9-8da2-5acb70178ffd, server: None, raw: .. }
Reserved ticket 6904 for customer 15e8f9d4-01b8-47c9-8da2-5acb70178ffd
Server 799bb1b2-bd8f-49e2-81f8-f7237f0eb223 received client-request: Request { kind: ReserveTicket, customer: 4a3cedea-9a29-4526-bc53-9e9a1e6cd005, server: None, raw: .. }
Reserved ticket 6903 for customer 4a3cedea-9a29-4526-bc53-9e9a1e6cd005
Server 799bb1b2-bd8f-49e2-81f8-f7237f0eb223 received client-request: Request { kind: ReserveTicket, customer: 11e6e0cb-ebf5-404e-accd-047eb7f9e0cf, server: None, raw: .. }
Reserved ticket 6902 for customer 11e6e0cb-ebf5-404e-accd-047eb7f9e0cf
Server 799bb1b2-bd8f-49e2-81f8-f7237f0eb223 received client-request: Request { kind: ReserveTicket, customer: 251e9655-fb40-4926-aea9-3ccdcff8367f, server: None, raw: .. }
Reserved ticket 6901 for customer 251e9655-fb40-4926-aea9-3ccdcff8367f
Server 799bb1b2-bd8f-49e2-81f8-f7237f0eb223 received client-request: Request { kind: ReserveTicket, customer: e87690cb-e7d8-49eb-ac47-d4ad4caf3588, server: None, raw: .. }
Reserved ticket 6900 for customer e87690cb-e7d8-49eb-ac47-d4ad4caf3588
Server 799bb1b2-bd8f-49e2-81f8-f7237f0eb223 received client-request: Request { kind: ReserveTicket, customer: 8a7f93a9-72f2-49b7-9441-31b18654d64e, server: None, raw: .. }
Reserved ticket 6899 for customer 8a7f93a9-72f2-49b7-9441-31b18654d64e
Server 799bb1b2-bd8f-49e2-81f8-f7237f0eb223 received client-request: Request { kind: ReserveTicket, customer: 52d9f832-d508-4eb9-9c0f-16f62118738b, server: None, raw: .. }
Reserved ticket 6898 for customer 52d9f832-d508-4eb9-9c0f-16f62118738b
Server 799bb1b2-bd8f-49e2-81f8-f7237f0eb223 received client-request: Request { kind: ReserveTicket, customer: ae58ac0c-1e5c-43d4-b0c3-1f7ce307a88d, server: None, raw: .. }
Reserved ticket 6897 for customer ae58ac0c-1e5c-43d4-b0c3-1f7ce307a88d
Server 799bb1b2-bd8f-49e2-81f8-f7237f0eb223 received client-request: Request { kind: ReserveTicket, customer: 78838854-7495-42ce-ba00-b27bddf76f4c, server: None, raw: .. }
Reserved ticket 6896 for customer 78838854-7495-42ce-ba00-b27bddf76f4c
Server 799bb1b2-bd8f-49e2-81f8-f7237f0eb223 received client-request: Request { kind: ReserveTicket, customer: 58008492-faac-4131-b9b3-8aa53a071fa7, server: None, raw: .. }
Reserved ticket 6895 for customer 58008492-faac-4131-b9b3-8aa53a071fa7
Server 799bb1b2-bd8f-49e2-81f8-f7237f0eb223 received client-request: Request { kind: ReserveTicket, customer: 5bf331dd-0dc0-42f6-ae7e-800041f965eb, server: None, raw: .. }
Reserved ticket 6894 for customer 5bf331dd-0dc0-42f6-ae7e-800041f965eb
Server 799bb1b2-bd8f-49e2-81f8-f7237f0eb223 received client-request: Request { kind: ReserveTicket, customer: 694acf69-39c7-4cab-8357-f688fec81e5f, server: None, raw: .. }
Reserved ticket 6893 for customer 694acf69-39c7-4cab-8357-f688fec81e5f
Server 799bb1b2-bd8f-49e2-81f8-f7237f0eb223 received client-request: Request { kind: ReserveTicket, customer: eb11eed7-c82d-4f98-8a2b-ab72628c17ec, server: None, raw: .. }
Reserved ticket 6892 for customer eb11eed7-c82d-4f98-8a2b-ab72628c17ec
Server 799bb1b2-bd8f-49e2-81f8-f7237f0eb223 received client-request: Request { kind: ReserveTicket, customer: 89861f71-cfb9-45f1-8980-26e6adbcfe9a, server: None, raw: .. }
Reserved ticket 6891 for customer 89861f71-cfb9-45f1-8980-26e6adbcfe9a
Server 799bb1b2-bd8f-49e2-81f8-f7237f0eb223 received client-request: Request { kind: ReserveTicket, customer: 806fead3-73eb-4530-a0ce-d363f815cdeb, server: None, raw: .. }
Reserved ticket 6890 for customer 806fead3-73eb-4530-a0ce-d363f815cdeb
Server 65a51e17-fff5-4036-8b94-6db5de4d28d8 received client-request: Request { kind: ReserveTicket, customer: 92732458-4814-4d78-8824-3f921f86adcc, server: None, raw: .. }
Reserved ticket 6889 for customer 92732458-4814-4d78-8824-3f921f86adcc
Server 799bb1b2-bd8f-49e2-81f8-f7237f0eb223 received client-request: Request { kind: ReserveTicket, customer: 81f8a117-da8f-4e6c-bb0a-af0ab9592064, server: None, raw: .. }
Reserved ticket 6888 for customer 81f8a117-da8f-4e6c-bb0a-af0ab9592064
Server 799bb1b2-bd8f-49e2-81f8-f7237f0eb223 received client-request: Request { kind: ReserveTicket, customer: d1f96f9d-8e5a-4549-bb72-73051fd71876, server: None, raw: .. }
Reserved ticket 6887 for customer d1f96f9d-8e5a-4549-bb72-73051fd71876
Server 799bb1b2-bd8f-49e2-81f8-f7237f0eb223 received client-request: Request { kind: ReserveTicket, customer: 7f625a26-2e71-4480-8a6f-e70863adaa2d, server: None, raw: .. }
Reserved ticket 6886 for customer 7f625a26-2e71-4480-8a6f-e70863adaa2d
Server 799bb1b2-bd8f-49e2-81f8-f7237f0eb223 received client-request: Request { kind: ReserveTicket, customer: c19c82cb-5317-421e-bfbb-24bd42ce4a42, server: None, raw: .. }
Reserved ticket 6885 for customer c19c82cb-5317-421e-bfbb-24bd42ce4a42
Server 799bb1b2-bd8f-49e2-81f8-f7237f0eb223 received client-request: Request { kind: ReserveTicket, customer: fc43e9d1-e4ab-4ac4-853f-d47322c74a53, server: None, raw: .. }
Reserved ticket 6884 for customer fc43e9d1-e4ab-4ac4-853f-d47322c74a53
Server 799bb1b2-bd8f-49e2-81f8-f7237f0eb223 received client-request: Request { kind: ReserveTicket, customer: 62b97691-227d-4e10-92c2-217ca1b89255, server: None, raw: .. }
Reserved ticket 6883 for customer 62b97691-227d-4e10-92c2-217ca1b89255
Server 799bb1b2-bd8f-49e2-81f8-f7237f0eb223 received client-request: Request { kind: ReserveTicket, customer: e843e87a-5036-4f8b-943e-ca98cfd9bdb9, server: None, raw: .. }
Reserved ticket 6882 for customer e843e87a-5036-4f8b-943e-ca98cfd9bdb9
Server 799bb1b2-bd8f-49e2-81f8-f7237f0eb223 received client-request: Request { kind: ReserveTicket, customer: d44a90c2-0b61-4506-adff-5cfce9091e7d, server: None, raw: .. }
Reserved ticket 6881 for customer d44a90c2-0b61-4506-adff-5cfce9091e7d
Server 799bb1b2-bd8f-49e2-81f8-f7237f0eb223 received client-request: Request { kind: ReserveTicket, customer: dbfc89cb-ca1a-4861-920f-2e6e1f4b4b16, server: None, raw: .. }
Reserved ticket 6880 for customer dbfc89cb-ca1a-4861-920f-2e6e1f4b4b16
Server 799bb1b2-bd8f-49e2-81f8-f7237f0eb223 received client-request: Request { kind: ReserveTicket, customer: 382c998b-0517-4af2-9c1f-e2249d03c6fc, server: None, raw: .. }
Reserved ticket 6879 for customer 382c998b-0517-4af2-9c1f-e2249d03c6fc
Server 799bb1b2-bd8f-49e2-81f8-f7237f0eb223 received client-request: Request { kind: ReserveTicket, customer: 958cb7cb-7fd9-4106-b397-a0e9b97912ed, server: None, raw: .. }
Reserved ticket 6878 for customer 958cb7cb-7fd9-4106-b397-a0e9b97912ed
Server 799bb1b2-bd8f-49e2-81f8-f7237f0eb223 received client-request: Request { kind: ReserveTicket, customer: 4c817433-c7ea-4624-bde5-092b4808a057, server: None, raw: .. }
Reserved ticket 6877 for customer 4c817433-c7ea-4624-bde5-092b4808a057
Server 799bb1b2-bd8f-49e2-81f8-f7237f0eb223 received client-request: Request { kind: ReserveTicket, customer: 814dc338-c5e8-4c23-9bc9-90c9667fcfaa, server: None, raw: .. }
Reserved ticket 6876 for customer 814dc338-c5e8-4c23-9bc9-90c9667fcfaa
Server 799bb1b2-bd8f-49e2-81f8-f7237f0eb223 received client-request: Request { kind: ReserveTicket, customer: 9a9f4ffd-7e7b-4850-9823-3d57d8be1362, server: None, raw: .. }
Reserved ticket 6875 for customer 9a9f4ffd-7e7b-4850-9823-3d57d8be1362
Server 799bb1b2-bd8f-49e2-81f8-f7237f0eb223 received client-request: Request { kind: ReserveTicket, customer: c831f945-68a4-4762-9401-eb015c09f968, server: None, raw: .. }
Reserved ticket 6874 for customer c831f945-68a4-4762-9401-eb015c09f968
Server 799bb1b2-bd8f-49e2-81f8-f7237f0eb223 received client-request: Request { kind: ReserveTicket, customer: 81ea8b4c-4d89-4746-8d1d-eeb4b3b9c9a0, server: None, raw: .. }
Reserved ticket 6873 for customer 81ea8b4c-4d89-4746-8d1d-eeb4b3b9c9a0
Server 799bb1b2-bd8f-49e2-81f8-f7237f0eb223 received client-request: Request { kind: ReserveTicket, customer: 779a8090-4c1b-4f92-8dcb-f22fa9852a55, server: None, raw: .. }
Reserved ticket 6872 for customer 779a8090-4c1b-4f92-8dcb-f22fa9852a55
Server 799bb1b2-bd8f-49e2-81f8-f7237f0eb223 received client-request: Request { kind: ReserveTicket, customer: a3313932-c098-4f3e-b8e0-213a24619803, server: None, raw: .. }
Reserved ticket 6871 for customer a3313932-c098-4f3e-b8e0-213a24619803
Server 799bb1b2-bd8f-49e2-81f8-f7237f0eb223 received client-request: Request { kind: ReserveTicket, customer: af65201b-1d24-4d0c-81c8-276110896aad, server: None, raw: .. }
Reserved ticket 6870 for customer af65201b-1d24-4d0c-81c8-276110896aad
Server 65a51e17-fff5-4036-8b94-6db5de4d28d8 received client-request: Request { kind: ReserveTicket, customer: 73635204-8489-4bcc-b119-e5a55db1f39d, server: None, raw: .. }
Reserved ticket 6869 for customer 73635204-8489-4bcc-b119-e5a55db1f39d
Server 799bb1b2-bd8f-49e2-81f8-f7237f0eb223 received client-request: Request { kind: ReserveTicket, customer: bc110cc4-c9a7-4322-9a0a-3c2122048b0e, server: None, raw: .. }
Reserved ticket 6868 for customer bc110cc4-c9a7-4322-9a0a-3c2122048b0e
Server 799bb1b2-bd8f-49e2-81f8-f7237f0eb223 received client-request: Request { kind: ReserveTicket, customer: 4fa043f1-4f40-45a3-8697-da6ffbda3835, server: None, raw: .. }
Reserved ticket 6867 for customer 4fa043f1-4f40-45a3-8697-da6ffbda3835
Server 799bb1b2-bd8f-49e2-81f8-f7237f0eb223 received client-request: Request { kind: ReserveTicket, customer: 6eff7e77-c4d0-4f51-87e9-f86ff3e39e17, server: None, raw: .. }
Reserved ticket 6866 for customer 6eff7e77-c4d0-4f51-87e9-f86ff3e39e17
Server 799bb1b2-bd8f-49e2-81f8-f7237f0eb223 received client-request: Request { kind: ReserveTicket, customer: 4e80faa7-1a38-4a98-b8cb-34a0cd1ba1bd, server: None, raw: .. }
Reserved ticket 6865 for customer 4e80faa7-1a38-4a98-b8cb-34a0cd1ba1bd
Server 799bb1b2-bd8f-49e2-81f8-f7237f0eb223 received client-request: Request { kind: ReserveTicket, customer: 10045c99-6d76-4c6c-b8fe-0fa5efe27527, server: None, raw: .. }
Reserved ticket 6864 for customer 10045c99-6d76-4c6c-b8fe-0fa5efe27527
Server 799bb1b2-bd8f-49e2-81f8-f7237f0eb223 received client-request: Request { kind: ReserveTicket, customer: 25d594f7-75f6-4883-b617-8a929e651e1a, server: None, raw: .. }
Reserved ticket 6863 for customer 25d594f7-75f6-4883-b617-8a929e651e1a
Server 799bb1b2-bd8f-49e2-81f8-f7237f0eb223 received client-request: Request { kind: ReserveTicket, customer: a2b35d0f-73f3-4a9a-a44d-bf805a69c030, server: None, raw: .. }
Reserved ticket 6862 for customer a2b35d0f-73f3-4a9a-a44d-bf805a69c030
Server 799bb1b2-bd8f-49e2-81f8-f7237f0eb223 received client-request: Request { kind: ReserveTicket, customer: db781674-d2b4-44e2-a558-2c1640b22e5d, server: None, raw: .. }
Reserved ticket 6861 for customer db781674-d2b4-44e2-a558-2c1640b22e5d
Server 799bb1b2-bd8f-49e2-81f8-f7237f0eb223 received client-request: Request { kind: ReserveTicket, customer: 72f7986c-d487-4886-a471-9c423e194479, server: None, raw: .. }
Reserved ticket 6860 for customer 72f7986c-d487-4886-a471-9c423e194479
Server 799bb1b2-bd8f-49e2-81f8-f7237f0eb223 received client-request: Request { kind: ReserveTicket, customer: f9335db1-71f9-4007-b2ca-792cc75e7661, server: None, raw: .. }
Reserved ticket 6859 for customer f9335db1-71f9-4007-b2ca-792cc75e7661
Server 799bb1b2-bd8f-49e2-81f8-f7237f0eb223 received client-request: Request { kind: ReserveTicket, customer: 3ff26845-ff0c-415c-a323-0d6261cb7b28, server: None, raw: .. }
Reserved ticket 6858 for customer 3ff26845-ff0c-415c-a323-0d6261cb7b28
Server 799bb1b2-bd8f-49e2-81f8-f7237f0eb223 received client-request: Request { kind: ReserveTicket, customer: 9cde2d2e-d8af-470b-bc90-6418bc44c437, server: None, raw: .. }
Reserved ticket 6857 for customer 9cde2d2e-d8af-470b-bc90-6418bc44c437
Server 799bb1b2-bd8f-49e2-81f8-f7237f0eb223 received client-request: Request { kind: ReserveTicket, customer: a8b20aa2-1457-4819-98c0-fd1bf7f57d61, server: None, raw: .. }
Reserved ticket 6856 for customer a8b20aa2-1457-4819-98c0-fd1bf7f57d61
Server 799bb1b2-bd8f-49e2-81f8-f7237f0eb223 received client-request: Request { kind: ReserveTicket, customer: 3e363741-c9fc-454a-b715-b3f060fc433c, server: None, raw: .. }
Reserved ticket 6855 for customer 3e363741-c9fc-454a-b715-b3f060fc433c
Server 799bb1b2-bd8f-49e2-81f8-f7237f0eb223 received client-request: Request { kind: ReserveTicket, customer: c8c44b02-8af0-4863-bc14-4997c4e9ef55, server: None, raw: .. }
Reserved ticket 6854 for customer c8c44b02-8af0-4863-bc14-4997c4e9ef55
Server 799bb1b2-bd8f-49e2-81f8-f7237f0eb223 received client-request: Request { kind: ReserveTicket, customer: 13e8f231-21b6-4580-b969-5fab5402bff0, server: None, raw: .. }
Reserved ticket 6853 for customer 13e8f231-21b6-4580-b969-5fab5402bff0
Server 799bb1b2-bd8f-49e2-81f8-f7237f0eb223 received client-request: Request { kind: ReserveTicket, customer: eaf2836f-b764-44c1-85cc-bc5e07b76ea6, server: None, raw: .. }
Reserved ticket 6852 for customer eaf2836f-b764-44c1-85cc-bc5e07b76ea6
Server 799bb1b2-bd8f-49e2-81f8-f7237f0eb223 received client-request: Request { kind: ReserveTicket, customer: 734a0ed8-f752-4b39-a9b0-ccd9acb0d646, server: None, raw: .. }
Reserved ticket 6851 for customer 734a0ed8-f752-4b39-a9b0-ccd9acb0d646
Server 799bb1b2-bd8f-49e2-81f8-f7237f0eb223 received client-request: Request { kind: ReserveTicket, customer: fe30b561-6e5a-4a49-8870-28f9fc219d09, server: None, raw: .. }
Reserved ticket 6850 for customer fe30b561-6e5a-4a49-8870-28f9fc219d09
Server 65a51e17-fff5-4036-8b94-6db5de4d28d8 received client-request: Request { kind: ReserveTicket, customer: 5a1321fb-c8e5-4a7d-8db8-aa6ac45db87f, server: None, raw: .. }
Reserved ticket 6849 for customer 5a1321fb-c8e5-4a7d-8db8-aa6ac45db87f
Server 799bb1b2-bd8f-49e2-81f8-f7237f0eb223 received client-request: Request { kind: ReserveTicket, customer: 0951c138-87e5-44ea-800d-420586a72ef6, server: None, raw: .. }
Reserved ticket 6848 for customer 0951c138-87e5-44ea-800d-420586a72ef6
Server 799bb1b2-bd8f-49e2-81f8-f7237f0eb223 received client-request: Request { kind: ReserveTicket, customer: 12e4fc37-e231-47ba-bb10-efe92fae2a64, server: None, raw: .. }
Reserved ticket 6847 for customer 12e4fc37-e231-47ba-bb10-efe92fae2a64
Server 799bb1b2-bd8f-49e2-81f8-f7237f0eb223 received client-request: Request { kind: ReserveTicket, customer: 3c9a59cf-481e-4876-a174-b027cd317ae0, server: None, raw: .. }
Reserved ticket 6846 for customer 3c9a59cf-481e-4876-a174-b027cd317ae0
Server 799bb1b2-bd8f-49e2-81f8-f7237f0eb223 received client-request: Request { kind: ReserveTicket, customer: ba95510e-1d3b-4469-8ba3-b49ed5d1d305, server: None, raw: .. }
Reserved ticket 6845 for customer ba95510e-1d3b-4469-8ba3-b49ed5d1d305
Server 799bb1b2-bd8f-49e2-81f8-f7237f0eb223 received client-request: Request { kind: ReserveTicket, customer: 09b394b5-a039-4a4a-ae51-36ff60315fd4, server: None, raw: .. }
Reserved ticket 6844 for customer 09b394b5-a039-4a4a-ae51-36ff60315fd4
Server 799bb1b2-bd8f-49e2-81f8-f7237f0eb223 received client-request: Request { kind: ReserveTicket, customer: 744a546d-cf44-4328-a652-aa5e1d10f5b9, server: None, raw: .. }
Reserved ticket 6843 for customer 744a546d-cf44-4328-a652-aa5e1d10f5b9
Server 799bb1b2-bd8f-49e2-81f8-f7237f0eb223 received client-request: Request { kind: ReserveTicket, customer: f9f98ab3-1d57-40b8-904d-6f3dbe11112e, server: None, raw: .. }
Reserved ticket 6842 for customer f9f98ab3-1d57-40b8-904d-6f3dbe11112e
Server 799bb1b2-bd8f-49e2-81f8-f7237f0eb223 received client-request: Request { kind: ReserveTicket, customer: 0b27a161-652d-4ab8-9f4a-f60dd653bf9c, server: None, raw: .. }
Reserved ticket 6841 for customer 0b27a161-652d-4ab8-9f4a-f60dd653bf9c
Server 799bb1b2-bd8f-49e2-81f8-f7237f0eb223 received client-request: Request { kind: ReserveTicket, customer: 688fd42f-de59-4d54-8c06-234bbcdd3991, server: None, raw: .. }
Reserved ticket 6840 for customer 688fd42f-de59-4d54-8c06-234bbcdd3991
Server 799bb1b2-bd8f-49e2-81f8-f7237f0eb223 received client-request: Request { kind: ReserveTicket, customer: e4313568-9dbc-4f49-ad01-943581d5a976, server: None, raw: .. }
Reserved ticket 6839 for customer e4313568-9dbc-4f49-ad01-943581d5a976
Server 799bb1b2-bd8f-49e2-81f8-f7237f0eb223 received client-request: Request { kind: ReserveTicket, customer: 33a48507-d017-436c-a07a-32f617d9fa96, server: None, raw: .. }
Reserved ticket 6838 for customer 33a48507-d017-436c-a07a-32f617d9fa96
Server 799bb1b2-bd8f-49e2-81f8-f7237f0eb223 received client-request: Request { kind: ReserveTicket, customer: b68a3460-37fd-4619-981e-8f318bc0d6f5, server: None, raw: .. }
Reserved ticket 6837 for customer b68a3460-37fd-4619-981e-8f318bc0d6f5
Server 799bb1b2-bd8f-49e2-81f8-f7237f0eb223 received client-request: Request { kind: ReserveTicket, customer: ed2ead69-c5ab-4e25-ae3f-ed7341eb6e14, server: None, raw: .. }
Reserved ticket 6836 for customer ed2ead69-c5ab-4e25-ae3f-ed7341eb6e14
Server 799bb1b2-bd8f-49e2-81f8-f7237f0eb223 received client-request: Request { kind: ReserveTicket, customer: 86fd3437-3cfe-4686-bbcc-dbd547a5101a, server: None, raw: .. }
Reserved ticket 6835 for customer 86fd3437-3cfe-4686-bbcc-dbd547a5101a
Server 799bb1b2-bd8f-49e2-81f8-f7237f0eb223 received client-request: Request { kind: ReserveTicket, customer: 16e61bd4-d636-4132-af0d-44ab1b896f9e, server: None, raw: .. }
Reserved ticket 6834 for customer 16e61bd4-d636-4132-af0d-44ab1b896f9e
Server 799bb1b2-bd8f-49e2-81f8-f7237f0eb223 received client-request: Request { kind: ReserveTicket, customer: 4d005cbf-9bee-4b33-9506-ff05c454d3d7, server: None, raw: .. }
Reserved ticket 6833 for customer 4d005cbf-9bee-4b33-9506-ff05c454d3d7
Server 799bb1b2-bd8f-49e2-81f8-f7237f0eb223 received client-request: Request { kind: ReserveTicket, customer: 53ab54a0-c27e-4fbb-b213-53a5823e93fd, server: None, raw: .. }
Reserved ticket 6832 for customer 53ab54a0-c27e-4fbb-b213-53a5823e93fd
Server 799bb1b2-bd8f-49e2-81f8-f7237f0eb223 received client-request: Request { kind: ReserveTicket, customer: e3435572-7505-47be-8f32-81a22e332e37, server: None, raw: .. }
Reserved ticket 6831 for customer e3435572-7505-47be-8f32-81a22e332e37
Server 799bb1b2-bd8f-49e2-81f8-f7237f0eb223 received client-request: Request { kind: ReserveTicket, customer: 3ee49c77-3da0-41de-96fe-65c24a8dee88, server: None, raw: .. }
Reserved ticket 6830 for customer 3ee49c77-3da0-41de-96fe-65c24a8dee88
Server 65a51e17-fff5-4036-8b94-6db5de4d28d8 received client-request: Request { kind: ReserveTicket, customer: 7c724ede-62ce-4166-ac0a-f6cd5c0adcb0, server: None, raw: .. }
Reserved ticket 6829 for customer 7c724ede-62ce-4166-ac0a-f6cd5c0adcb0
Server 799bb1b2-bd8f-49e2-81f8-f7237f0eb223 received client-request: Request { kind: ReserveTicket, customer: 71f91f16-4218-4167-a2f0-c6701d304b7f, server: None, raw: .. }
Reserved ticket 6828 for customer 71f91f16-4218-4167-a2f0-c6701d304b7f
Server 799bb1b2-bd8f-49e2-81f8-f7237f0eb223 received client-request: Request { kind: ReserveTicket, customer: 6eaffc7e-ce40-48c5-99fa-064d39d495fd, server: None, raw: .. }
Reserved ticket 6827 for customer 6eaffc7e-ce40-48c5-99fa-064d39d495fd
Server 799bb1b2-bd8f-49e2-81f8-f7237f0eb223 received client-request: Request { kind: ReserveTicket, customer: 29eaadf3-cadf-4237-b60d-f3342abf8308, server: None, raw: .. }
Reserved ticket 6826 for customer 29eaadf3-cadf-4237-b60d-f3342abf8308
Server 799bb1b2-bd8f-49e2-81f8-f7237f0eb223 received client-request: Request { kind: ReserveTicket, customer: d9096dcc-5e74-42d6-8b2f-54217e47d838, server: None, raw: .. }
Reserved ticket 6825 for customer d9096dcc-5e74-42d6-8b2f-54217e47d838
Server 799bb1b2-bd8f-49e2-81f8-f7237f0eb223 received client-request: Request { kind: ReserveTicket, customer: 60d40d57-ff82-4294-8d65-17f1cc5dabf0, server: None, raw: .. }
Reserved ticket 6824 for customer 60d40d57-ff82-4294-8d65-17f1cc5dabf0
Server 799bb1b2-bd8f-49e2-81f8-f7237f0eb223 received client-request: Request { kind: ReserveTicket, customer: a18f69d2-ae88-4a9e-8ded-b8115ccdb88c, server: None, raw: .. }
Reserved ticket 6823 for customer a18f69d2-ae88-4a9e-8ded-b8115ccdb88c
Server 799bb1b2-bd8f-49e2-81f8-f7237f0eb223 received client-request: Request { kind: ReserveTicket, customer: 5068c6b7-2448-4aba-8e4f-4b3391d21f34, server: None, raw: .. }
Reserved ticket 6822 for customer 5068c6b7-2448-4aba-8e4f-4b3391d21f34
Server 799bb1b2-bd8f-49e2-81f8-f7237f0eb223 received client-request: Request { kind: ReserveTicket, customer: 9c25ba0d-bc9a-4807-9be8-877f1f1497a2, server: None, raw: .. }
Reserved ticket 6821 for customer 9c25ba0d-bc9a-4807-9be8-877f1f1497a2
Server 799bb1b2-bd8f-49e2-81f8-f7237f0eb223 received client-request: Request { kind: ReserveTicket, customer: 45defbec-f765-4ca4-a710-17848b6fb9f1, server: None, raw: .. }
Reserved ticket 6820 for customer 45defbec-f765-4ca4-a710-17848b6fb9f1
Server 799bb1b2-bd8f-49e2-81f8-f7237f0eb223 received client-request: Request { kind: ReserveTicket, customer: 721c08da-cb12-4647-835e-d21404f638f4, server: None, raw: .. }
Reserved ticket 6819 for customer 721c08da-cb12-4647-835e-d21404f638f4
Server 799bb1b2-bd8f-49e2-81f8-f7237f0eb223 received client-request: Request { kind: ReserveTicket, customer: ccd2540e-eaf7-447e-af7a-e86c99a40457, server: None, raw: .. }
Reserved ticket 6818 for customer ccd2540e-eaf7-447e-af7a-e86c99a40457
Server 799bb1b2-bd8f-49e2-81f8-f7237f0eb223 received client-request: Request { kind: ReserveTicket, customer: e1ec7969-558a-457b-9f26-48dc93785a57, server: None, raw: .. }
Reserved ticket 6817 for customer e1ec7969-558a-457b-9f26-48dc93785a57
Server 799bb1b2-bd8f-49e2-81f8-f7237f0eb223 received client-request: Request { kind: ReserveTicket, customer: 851bc444-e6cf-4d0c-bbe4-deb2719a251a, server: None, raw: .. }
Reserved ticket 6816 for customer 851bc444-e6cf-4d0c-bbe4-deb2719a251a
Server 799bb1b2-bd8f-49e2-81f8-f7237f0eb223 received client-request: Request { kind: ReserveTicket, customer: deb88cdc-1e28-4b52-8f34-92e1ed5e3856, server: None, raw: .. }
Reserved ticket 6815 for customer deb88cdc-1e28-4b52-8f34-92e1ed5e3856
Server 799bb1b2-bd8f-49e2-81f8-f7237f0eb223 received client-request: Request { kind: ReserveTicket, customer: 56fea54d-25b5-4780-83a7-17e80ff63f74, server: None, raw: .. }
Reserved ticket 6814 for customer 56fea54d-25b5-4780-83a7-17e80ff63f74
Server 799bb1b2-bd8f-49e2-81f8-f7237f0eb223 received client-request: Request { kind: ReserveTicket, customer: 9f856f30-7f9f-42d8-9dcf-f4595b3ec269, server: None, raw: .. }
Reserved ticket 6813 for customer 9f856f30-7f9f-42d8-9dcf-f4595b3ec269
Server 799bb1b2-bd8f-49e2-81f8-f7237f0eb223 received client-request: Request { kind: ReserveTicket, customer: cb880d5c-04a1-4647-b89a-64c34777c3d9, server: None, raw: .. }
Reserved ticket 6812 for customer cb880d5c-04a1-4647-b89a-64c34777c3d9
Server 799bb1b2-bd8f-49e2-81f8-f7237f0eb223 received client-request: Request { kind: ReserveTicket, customer: 96c21a3b-20f7-4174-a735-b37a252e3618, server: None, raw: .. }
Reserved ticket 6811 for customer 96c21a3b-20f7-4174-a735-b37a252e3618
Server 799bb1b2-bd8f-49e2-81f8-f7237f0eb223 received client-request: Request { kind: ReserveTicket, customer: e91dace1-39fa-45b7-9954-cb1941708c9a, server: None, raw: .. }
Reserved ticket 6810 for customer e91dace1-39fa-45b7-9954-cb1941708c9a
Server 65a51e17-fff5-4036-8b94-6db5de4d28d8 received client-request: Request { kind: ReserveTicket, customer: 400051a0-61ad-42bc-89b2-25877da5d040, server: None, raw: .. }
Reserved ticket 6809 for customer 400051a0-61ad-42bc-89b2-25877da5d040
Server 799bb1b2-bd8f-49e2-81f8-f7237f0eb223 received client-request: Request { kind: ReserveTicket, customer: 79f10be0-b1fd-406b-92b8-6e0ffcf151be, server: None, raw: .. }
Reserved ticket 6808 for customer 79f10be0-b1fd-406b-92b8-6e0ffcf151be
Server 799bb1b2-bd8f-49e2-81f8-f7237f0eb223 received client-request: Request { kind: ReserveTicket, customer: 51ed30f8-0d90-4afd-bb99-417e0112b92d, server: None, raw: .. }
Reserved ticket 6807 for customer 51ed30f8-0d90-4afd-bb99-417e0112b92d
Server 799bb1b2-bd8f-49e2-81f8-f7237f0eb223 received client-request: Request { kind: ReserveTicket, customer: 1e9dd162-4e11-4737-bd2e-65d5226139bf, server: None, raw: .. }
Reserved ticket 6806 for customer 1e9dd162-4e11-4737-bd2e-65d5226139bf
Server 799bb1b2-bd8f-49e2-81f8-f7237f0eb223 received client-request: Request { kind: ReserveTicket, customer: 56b564ed-41d9-41c0-ba19-69640051c8b5, server: None, raw: .. }
Reserved ticket 6805 for customer 56b564ed-41d9-41c0-ba19-69640051c8b5
Server 799bb1b2-bd8f-49e2-81f8-f7237f0eb223 received client-request: Request { kind: ReserveTicket, customer: 9008d8b4-8dd6-4e5f-8abc-15ecfc8eadff, server: None, raw: .. }
Reserved ticket 6804 for customer 9008d8b4-8dd6-4e5f-8abc-15ecfc8eadff
Server 799bb1b2-bd8f-49e2-81f8-f7237f0eb223 received client-request: Request { kind: ReserveTicket, customer: 7f44aa51-c1e1-431f-8b5a-21b76a7ba32b, server: None, raw: .. }
Reserved ticket 6803 for customer 7f44aa51-c1e1-431f-8b5a-21b76a7ba32b
Server 799bb1b2-bd8f-49e2-81f8-f7237f0eb223 received client-request: Request { kind: ReserveTicket, customer: dabc55b9-880d-4227-9561-db0f0b5590a8, server: None, raw: .. }
Reserved ticket 6802 for customer dabc55b9-880d-4227-9561-db0f0b5590a8
Server 799bb1b2-bd8f-49e2-81f8-f7237f0eb223 received client-request: Request { kind: ReserveTicket, customer: 612494b0-fb61-451a-a23d-d1263ed40382, server: None, raw: .. }
Reserved ticket 6801 for customer 612494b0-fb61-451a-a23d-d1263ed40382
Server 799bb1b2-bd8f-49e2-81f8-f7237f0eb223 received client-request: Request { kind: ReserveTicket, customer: f3c332dc-bef5-486b-8a94-81834a1b9ff1, server: None, raw: .. }
Reserved ticket 6800 for customer f3c332dc-bef5-486b-8a94-81834a1b9ff1
Server 799bb1b2-bd8f-49e2-81f8-f7237f0eb223 received client-request: Request { kind: ReserveTicket, customer: 7a2c746e-61e1-4dbd-bc4c-760653d090f2, server: None, raw: .. }
Reserved ticket 6799 for customer 7a2c746e-61e1-4dbd-bc4c-760653d090f2
Server 799bb1b2-bd8f-49e2-81f8-f7237f0eb223 received client-request: Request { kind: ReserveTicket, customer: 5dbaa0f1-0489-4d9a-8300-01869531dc0d, server: None, raw: .. }
Reserved ticket 6798 for customer 5dbaa0f1-0489-4d9a-8300-01869531dc0d
Server 799bb1b2-bd8f-49e2-81f8-f7237f0eb223 received client-request: Request { kind: ReserveTicket, customer: 89d85670-0de5-44d9-b68e-01c9ac4eb2d0, server: None, raw: .. }
Reserved ticket 6797 for customer 89d85670-0de5-44d9-b68e-01c9ac4eb2d0
Server 799bb1b2-bd8f-49e2-81f8-f7237f0eb223 received client-request: Request { kind: ReserveTicket, customer: 2598e87a-ffb7-4649-b589-8714b15bebe5, server: None, raw: .. }
Reserved ticket 6796 for customer 2598e87a-ffb7-4649-b589-8714b15bebe5
Server 799bb1b2-bd8f-49e2-81f8-f7237f0eb223 received client-request: Request { kind: ReserveTicket, customer: 9b1b4719-03e2-4378-8e5a-22c309ebb582, server: None, raw: .. }
Reserved ticket 6795 for customer 9b1b4719-03e2-4378-8e5a-22c309ebb582
Server 799bb1b2-bd8f-49e2-81f8-f7237f0eb223 received client-request: Request { kind: ReserveTicket, customer: 7e3b6f5f-2e4d-4eab-ad45-c6e36e729651, server: None, raw: .. }
Reserved ticket 6794 for customer 7e3b6f5f-2e4d-4eab-ad45-c6e36e729651
Server 799bb1b2-bd8f-49e2-81f8-f7237f0eb223 received client-request: Request { kind: ReserveTicket, customer: 152c71e2-cb18-4cb9-a779-42b0393197cc, server: None, raw: .. }
Reserved ticket 6793 for customer 152c71e2-cb18-4cb9-a779-42b0393197cc
Server 799bb1b2-bd8f-49e2-81f8-f7237f0eb223 received client-request: Request { kind: ReserveTicket, customer: 373ec22c-86cb-4b60-956f-15b628bf045b, server: None, raw: .. }
Reserved ticket 6792 for customer 373ec22c-86cb-4b60-956f-15b628bf045b
Server 799bb1b2-bd8f-49e2-81f8-f7237f0eb223 received client-request: Request { kind: ReserveTicket, customer: ba5bb249-1260-4fcf-b47b-a0259a319e13, server: None, raw: .. }
Reserved ticket 6791 for customer ba5bb249-1260-4fcf-b47b-a0259a319e13
Server 799bb1b2-bd8f-49e2-81f8-f7237f0eb223 received client-request: Request { kind: ReserveTicket, customer: 9eaef1b3-b8f0-4f74-81ae-15b0c7541077, server: None, raw: .. }
Reserved ticket 6790 for customer 9eaef1b3-b8f0-4f74-81ae-15b0c7541077
Server 65a51e17-fff5-4036-8b94-6db5de4d28d8 received client-request: Request { kind: ReserveTicket, customer: b4c3cd71-c5dd-49eb-8b41-ec3ba2c500b7, server: None, raw: .. }
Reserved ticket 6789 for customer b4c3cd71-c5dd-49eb-8b41-ec3ba2c500b7
Server 799bb1b2-bd8f-49e2-81f8-f7237f0eb223 received client-request: Request { kind: ReserveTicket, customer: f444cd28-8a68-42f7-9159-15177d9aac13, server: None, raw: .. }
Reserved ticket 6788 for customer f444cd28-8a68-42f7-9159-15177d9aac13
Server 799bb1b2-bd8f-49e2-81f8-f7237f0eb223 received client-request: Request { kind: ReserveTicket, customer: 67308263-e563-429e-9c52-d0ca0047ecbb, server: None, raw: .. }
Reserved ticket 6787 for customer 67308263-e563-429e-9c52-d0ca0047ecbb
Server 799bb1b2-bd8f-49e2-81f8-f7237f0eb223 received client-request: Request { kind: ReserveTicket, customer: 57f6df7d-8a5a-431b-baa7-956818be20e3, server: None, raw: .. }
Reserved ticket 6786 for customer 57f6df7d-8a5a-431b-baa7-956818be20e3
Server 799bb1b2-bd8f-49e2-81f8-f7237f0eb223 received client-request: Request { kind: ReserveTicket, customer: a230cf01-3dfa-4ae7-9868-e9b255ab6bec, server: None, raw: .. }
Reserved ticket 6785 for customer a230cf01-3dfa-4ae7-9868-e9b255ab6bec
Server 799bb1b2-bd8f-49e2-81f8-f7237f0eb223 received client-request: Request { kind: ReserveTicket, customer: 9b228715-aaad-455c-8a2e-53ffb0101b79, server: None, raw: .. }
Reserved ticket 6784 for customer 9b228715-aaad-455c-8a2e-53ffb0101b79
Server 799bb1b2-bd8f-49e2-81f8-f7237f0eb223 received client-request: Request { kind: ReserveTicket, customer: 477cf10a-f942-4f53-8cfd-24753564aea4, server: None, raw: .. }
Reserved ticket 6783 for customer 477cf10a-f942-4f53-8cfd-24753564aea4
Server 799bb1b2-bd8f-49e2-81f8-f7237f0eb223 received client-request: Request { kind: ReserveTicket, customer: 1cee5662-7781-44b6-908c-997d12fba06c, server: None, raw: .. }
Reserved ticket 6782 for customer 1cee5662-7781-44b6-908c-997d12fba06c
Server 799bb1b2-bd8f-49e2-81f8-f7237f0eb223 received client-request: Request { kind: ReserveTicket, customer: bf912fec-9982-4cc4-81f6-a8452175cb4f, server: None, raw: .. }
Reserved ticket 6781 for customer bf912fec-9982-4cc4-81f6-a8452175cb4f
Server 799bb1b2-bd8f-49e2-81f8-f7237f0eb223 received client-request: Request { kind: ReserveTicket, customer: 14f35af3-be2a-4804-80ea-04b633c8c2fb, server: None, raw: .. }
Reserved ticket 6780 for customer 14f35af3-be2a-4804-80ea-04b633c8c2fb
Server 799bb1b2-bd8f-49e2-81f8-f7237f0eb223 received client-request: Request { kind: ReserveTicket, customer: 51c1c2df-7ed9-4133-82c8-6dcd87a5fede, server: None, raw: .. }
Reserved ticket 6779 for customer 51c1c2df-7ed9-4133-82c8-6dcd87a5fede
Server 799bb1b2-bd8f-49e2-81f8-f7237f0eb223 received client-request: Request { kind: ReserveTicket, customer: e4101452-4698-46e9-b53c-26170d82425b, server: None, raw: .. }
Reserved ticket 6778 for customer e4101452-4698-46e9-b53c-26170d82425b
Server 799bb1b2-bd8f-49e2-81f8-f7237f0eb223 received client-request: Request { kind: ReserveTicket, customer: 4e5991d4-b01d-443d-8281-d4e16e71cb06, server: None, raw: .. }
Reserved ticket 6777 for customer 4e5991d4-b01d-443d-8281-d4e16e71cb06
Server 799bb1b2-bd8f-49e2-81f8-f7237f0eb223 received client-request: Request { kind: ReserveTicket, customer: 14d3c355-7914-41a0-aaf3-1b55cb39930f, server: None, raw: .. }
Reserved ticket 6776 for customer 14d3c355-7914-41a0-aaf3-1b55cb39930f
Server 799bb1b2-bd8f-49e2-81f8-f7237f0eb223 received client-request: Request { kind: ReserveTicket, customer: b05caaf9-1892-4f14-b6c7-086c18e0ac8d, server: None, raw: .. }
Reserved ticket 6775 for customer b05caaf9-1892-4f14-b6c7-086c18e0ac8d
Server 799bb1b2-bd8f-49e2-81f8-f7237f0eb223 received client-request: Request { kind: ReserveTicket, customer: 03e44f1b-a417-42ca-b066-14679568860f, server: None, raw: .. }
Reserved ticket 6774 for customer 03e44f1b-a417-42ca-b066-14679568860f
Server 799bb1b2-bd8f-49e2-81f8-f7237f0eb223 received client-request: Request { kind: ReserveTicket, customer: 71f40b5c-8854-4eb7-b0e9-5236c0d6d7ce, server: None, raw: .. }
Reserved ticket 6773 for customer 71f40b5c-8854-4eb7-b0e9-5236c0d6d7ce
Server 799bb1b2-bd8f-49e2-81f8-f7237f0eb223 received client-request: Request { kind: ReserveTicket, customer: b756ed3d-63e2-4e2d-b380-1755dffeb39d, server: None, raw: .. }
Reserved ticket 6772 for customer b756ed3d-63e2-4e2d-b380-1755dffeb39d
Server 799bb1b2-bd8f-49e2-81f8-f7237f0eb223 received client-request: Request { kind: ReserveTicket, customer: 01168b52-2b47-4291-ae34-cd7df257bf4d, server: None, raw: .. }
Reserved ticket 6771 for customer 01168b52-2b47-4291-ae34-cd7df257bf4d
Server 799bb1b2-bd8f-49e2-81f8-f7237f0eb223 received client-request: Request { kind: ReserveTicket, customer: 08dff470-e80f-40e5-8745-e45e42eaea8a, server: None, raw: .. }
Reserved ticket 6770 for customer 08dff470-e80f-40e5-8745-e45e42eaea8a
Server 65a51e17-fff5-4036-8b94-6db5de4d28d8 received client-request: Request { kind: ReserveTicket, customer: c0ff8d1a-5c6a-4800-8a89-2bcbb6f690b5, server: None, raw: .. }
Reserved ticket 6769 for customer c0ff8d1a-5c6a-4800-8a89-2bcbb6f690b5
Server 799bb1b2-bd8f-49e2-81f8-f7237f0eb223 received client-request: Request { kind: ReserveTicket, customer: f04a05d0-ba5a-4284-8f62-47455a2ec044, server: None, raw: .. }
Reserved ticket 6768 for customer f04a05d0-ba5a-4284-8f62-47455a2ec044
Server 799bb1b2-bd8f-49e2-81f8-f7237f0eb223 received client-request: Request { kind: ReserveTicket, customer: c64cf765-5588-43d5-9931-d3992bbba104, server: None, raw: .. }
Reserved ticket 6767 for customer c64cf765-5588-43d5-9931-d3992bbba104
Server 799bb1b2-bd8f-49e2-81f8-f7237f0eb223 received client-request: Request { kind: ReserveTicket, customer: 737f23fd-4c8d-492f-92a7-fb4dab1a673f, server: None, raw: .. }
Reserved ticket 6766 for customer 737f23fd-4c8d-492f-92a7-fb4dab1a673f
Server 799bb1b2-bd8f-49e2-81f8-f7237f0eb223 received client-request: Request { kind: ReserveTicket, customer: bed351f9-f329-4491-aec5-2f7459aae6bd, server: None, raw: .. }
Reserved ticket 6765 for customer bed351f9-f329-4491-aec5-2f7459aae6bd
Server 799bb1b2-bd8f-49e2-81f8-f7237f0eb223 received client-request: Request { kind: ReserveTicket, customer: 9db8ff27-68e8-473f-a4c4-7516e0027991, server: None, raw: .. }
Reserved ticket 6764 for customer 9db8ff27-68e8-473f-a4c4-7516e0027991
Server 799bb1b2-bd8f-49e2-81f8-f7237f0eb223 received client-request: Request { kind: ReserveTicket, customer: 94afb196-8ef0-4272-bea9-57c94950d7c7, server: None, raw: .. }
Reserved ticket 6763 for customer 94afb196-8ef0-4272-bea9-57c94950d7c7
Server 799bb1b2-bd8f-49e2-81f8-f7237f0eb223 received client-request: Request { kind: ReserveTicket, customer: d068719f-c9f4-4540-baf5-f706723335b8, server: None, raw: .. }
Reserved ticket 6762 for customer d068719f-c9f4-4540-baf5-f706723335b8
Server 799bb1b2-bd8f-49e2-81f8-f7237f0eb223 received client-request: Request { kind: ReserveTicket, customer: e4db5ead-4515-49bb-aa43-5a250c5538de, server: None, raw: .. }
Reserved ticket 6761 for customer e4db5ead-4515-49bb-aa43-5a250c5538de
Server 799bb1b2-bd8f-49e2-81f8-f7237f0eb223 received client-request: Request { kind: ReserveTicket, customer: cee952e3-ae6e-4707-9010-48e21f192d81, server: None, raw: .. }
Reserved ticket 6760 for customer cee952e3-ae6e-4707-9010-48e21f192d81
Server 799bb1b2-bd8f-49e2-81f8-f7237f0eb223 received client-request: Request { kind: ReserveTicket, customer: f5f5b8b8-eff4-4731-b183-1ba424015357, server: None, raw: .. }
Reserved ticket 6759 for customer f5f5b8b8-eff4-4731-b183-1ba424015357
Server 799bb1b2-bd8f-49e2-81f8-f7237f0eb223 received client-request: Request { kind: ReserveTicket, customer: 50f9e1c8-ca31-416b-b65e-7297d6c2e08f, server: None, raw: .. }
Reserved ticket 6758 for customer 50f9e1c8-ca31-416b-b65e-7297d6c2e08f
Server 799bb1b2-bd8f-49e2-81f8-f7237f0eb223 received client-request: Request { kind: ReserveTicket, customer: c2be6bba-5f68-4e2e-b8a4-90fb60b97f25, server: None, raw: .. }
Reserved ticket 6757 for customer c2be6bba-5f68-4e2e-b8a4-90fb60b97f25
Server 799bb1b2-bd8f-49e2-81f8-f7237f0eb223 received client-request: Request { kind: ReserveTicket, customer: 0aee0ab2-b71e-4e28-92d2-647b6d853e62, server: None, raw: .. }
Reserved ticket 6756 for customer 0aee0ab2-b71e-4e28-92d2-647b6d853e62
Server 799bb1b2-bd8f-49e2-81f8-f7237f0eb223 received client-request: Request { kind: ReserveTicket, customer: 61141693-f5be-4fcc-a424-1d090a736ef0, server: None, raw: .. }
Reserved ticket 6755 for customer 61141693-f5be-4fcc-a424-1d090a736ef0
Server 799bb1b2-bd8f-49e2-81f8-f7237f0eb223 received client-request: Request { kind: ReserveTicket, customer: 4f72d942-f90f-4c29-bdd5-673d98ac1e7f, server: None, raw: .. }
Reserved ticket 6754 for customer 4f72d942-f90f-4c29-bdd5-673d98ac1e7f
Server 799bb1b2-bd8f-49e2-81f8-f7237f0eb223 received client-request: Request { kind: ReserveTicket, customer: b6127883-630a-42c8-9ccd-daca377440e1, server: None, raw: .. }
Reserved ticket 6753 for customer b6127883-630a-42c8-9ccd-daca377440e1
Server 799bb1b2-bd8f-49e2-81f8-f7237f0eb223 received client-request: Request { kind: ReserveTicket, customer: d9d8883f-faf6-4281-962d-27f1eb3994aa, server: None, raw: .. }
Reserved ticket 6752 for customer d9d8883f-faf6-4281-962d-27f1eb3994aa
Server 799bb1b2-bd8f-49e2-81f8-f7237f0eb223 received client-request: Request { kind: ReserveTicket, customer: c7aaa153-5581-4627-ac5a-8b9562241928, server: None, raw: .. }
Reserved ticket 6751 for customer c7aaa153-5581-4627-ac5a-8b9562241928
Server 799bb1b2-bd8f-49e2-81f8-f7237f0eb223 received client-request: Request { kind: ReserveTicket, customer: b390bc67-e3b8-4159-81fd-e0ff0c13e7b9, server: None, raw: .. }
Reserved ticket 6750 for customer b390bc67-e3b8-4159-81fd-e0ff0c13e7b9
Server 65a51e17-fff5-4036-8b94-6db5de4d28d8 received client-request: Request { kind: ReserveTicket, customer: 41f519cf-eda7-434c-b202-e8932f103ddc, server: None, raw: .. }
Reserved ticket 6749 for customer 41f519cf-eda7-434c-b202-e8932f103ddc
Server 799bb1b2-bd8f-49e2-81f8-f7237f0eb223 received client-request: Request { kind: ReserveTicket, customer: 25c4a670-d379-46e6-8c53-d750d042f973, server: None, raw: .. }
Reserved ticket 6748 for customer 25c4a670-d379-46e6-8c53-d750d042f973
Server 799bb1b2-bd8f-49e2-81f8-f7237f0eb223 received client-request: Request { kind: ReserveTicket, customer: 975f2e2d-c1b5-4a36-b77d-d307fa9006c1, server: None, raw: .. }
Reserved ticket 6747 for customer 975f2e2d-c1b5-4a36-b77d-d307fa9006c1
Server 799bb1b2-bd8f-49e2-81f8-f7237f0eb223 received client-request: Request { kind: ReserveTicket, customer: d35c9d52-ba08-4780-9101-f016d4e9b1d7, server: None, raw: .. }
Reserved ticket 6746 for customer d35c9d52-ba08-4780-9101-f016d4e9b1d7
Server 799bb1b2-bd8f-49e2-81f8-f7237f0eb223 received client-request: Request { kind: ReserveTicket, customer: abe58129-1d27-40bc-97c3-5869a834e80d, server: None, raw: .. }
Reserved ticket 6745 for customer abe58129-1d27-40bc-97c3-5869a834e80d
Server 799bb1b2-bd8f-49e2-81f8-f7237f0eb223 received client-request: Request { kind: ReserveTicket, customer: 24f7aec0-38fa-4a2c-8825-3359d7363991, server: None, raw: .. }
Reserved ticket 6744 for customer 24f7aec0-38fa-4a2c-8825-3359d7363991
Server 799bb1b2-bd8f-49e2-81f8-f7237f0eb223 received client-request: Request { kind: ReserveTicket, customer: bbe141c7-f309-4a67-9ac6-5c2f0b334370, server: None, raw: .. }
Reserved ticket 6743 for customer bbe141c7-f309-4a67-9ac6-5c2f0b334370
Server 799bb1b2-bd8f-49e2-81f8-f7237f0eb223 received client-request: Request { kind: ReserveTicket, customer: 314436df-eb12-4253-abf3-8b9146b379f1, server: None, raw: .. }
Reserved ticket 6742 for customer 314436df-eb12-4253-abf3-8b9146b379f1
Server 799bb1b2-bd8f-49e2-81f8-f7237f0eb223 received client-request: Request { kind: ReserveTicket, customer: cbbcfad2-1401-4d1a-bad6-faffa0a1efb7, server: None, raw: .. }
Reserved ticket 6741 for customer cbbcfad2-1401-4d1a-bad6-faffa0a1efb7
Server 799bb1b2-bd8f-49e2-81f8-f7237f0eb223 received client-request: Request { kind: ReserveTicket, customer: 427eb00d-0a44-41be-a148-5b05d95b4d02, server: None, raw: .. }
Reserved ticket 6740 for customer 427eb00d-0a44-41be-a148-5b05d95b4d02
Server 799bb1b2-bd8f-49e2-81f8-f7237f0eb223 received client-request: Request { kind: ReserveTicket, customer: 219fbfd6-55d7-4951-b117-769d0f1594b5, server: None, raw: .. }
Reserved ticket 6739 for customer 219fbfd6-55d7-4951-b117-769d0f1594b5
Server 799bb1b2-bd8f-49e2-81f8-f7237f0eb223 received client-request: Request { kind: ReserveTicket, customer: a12e3f58-b6a8-4374-8295-4661e8b3d8a1, server: None, raw: .. }
Reserved ticket 6738 for customer a12e3f58-b6a8-4374-8295-4661e8b3d8a1
Server 799bb1b2-bd8f-49e2-81f8-f7237f0eb223 received client-request: Request { kind: ReserveTicket, customer: 2a203fd8-c588-4017-aa4f-6330adf328d4, server: None, raw: .. }
Reserved ticket 6737 for customer 2a203fd8-c588-4017-aa4f-6330adf328d4
Server 799bb1b2-bd8f-49e2-81f8-f7237f0eb223 received client-request: Request { kind: ReserveTicket, customer: b4e8f583-a6c1-4dbe-a52b-3535100da7bd, server: None, raw: .. }
Reserved ticket 6736 for customer b4e8f583-a6c1-4dbe-a52b-3535100da7bd
Server 799bb1b2-bd8f-49e2-81f8-f7237f0eb223 received client-request: Request { kind: ReserveTicket, customer: 36c6cc98-8999-4c05-943d-10febd771e02, server: None, raw: .. }
Reserved ticket 6735 for customer 36c6cc98-8999-4c05-943d-10febd771e02
Server 799bb1b2-bd8f-49e2-81f8-f7237f0eb223 received client-request: Request { kind: ReserveTicket, customer: e8fa5562-210c-49cf-a345-13c8cef67132, server: None, raw: .. }
Reserved ticket 6734 for customer e8fa5562-210c-49cf-a345-13c8cef67132
Server 799bb1b2-bd8f-49e2-81f8-f7237f0eb223 received client-request: Request { kind: ReserveTicket, customer: 6c5e968c-d087-48bd-b7c6-97b056eca15a, server: None, raw: .. }
Reserved ticket 6733 for customer 6c5e968c-d087-48bd-b7c6-97b056eca15a
Server 799bb1b2-bd8f-49e2-81f8-f7237f0eb223 received client-request: Request { kind: ReserveTicket, customer: 99be2fac-871b-4b91-801e-8baf8601ba28, server: None, raw: .. }
Reserved ticket 6732 for customer 99be2fac-871b-4b91-801e-8baf8601ba28
Server 799bb1b2-bd8f-49e2-81f8-f7237f0eb223 received client-request: Request { kind: ReserveTicket, customer: 72488a60-b4ed-4f38-8ece-edbb15fa878f, server: None, raw: .. }
Reserved ticket 6731 for customer 72488a60-b4ed-4f38-8ece-edbb15fa878f
Server 799bb1b2-bd8f-49e2-81f8-f7237f0eb223 received client-request: Request { kind: ReserveTicket, customer: 4c6ec2b9-e42e-49ca-9127-4237e7fb8239, server: None, raw: .. }
Reserved ticket 6730 for customer 4c6ec2b9-e42e-49ca-9127-4237e7fb8239
Server 65a51e17-fff5-4036-8b94-6db5de4d28d8 received client-request: Request { kind: ReserveTicket, customer: 2db82259-406a-4cad-ae9e-c719574ce156, server: None, raw: .. }
Reserved ticket 6729 for customer 2db82259-406a-4cad-ae9e-c719574ce156
Server 799bb1b2-bd8f-49e2-81f8-f7237f0eb223 received client-request: Request { kind: ReserveTicket, customer: e0a887ed-29c8-4824-b9d8-74527201c209, server: None, raw: .. }
Reserved ticket 6728 for customer e0a887ed-29c8-4824-b9d8-74527201c209
Server 799bb1b2-bd8f-49e2-81f8-f7237f0eb223 received client-request: Request { kind: ReserveTicket, customer: 02573940-dbdb-45c9-a38d-e3a86d62623b, server: None, raw: .. }
Reserved ticket 6727 for customer 02573940-dbdb-45c9-a38d-e3a86d62623b
Server 799bb1b2-bd8f-49e2-81f8-f7237f0eb223 received client-request: Request { kind: ReserveTicket, customer: 8932dc71-96c6-40c0-942b-4af870c3460a, server: None, raw: .. }
Reserved ticket 6726 for customer 8932dc71-96c6-40c0-942b-4af870c3460a
Server 799bb1b2-bd8f-49e2-81f8-f7237f0eb223 received client-request: Request { kind: ReserveTicket, customer: 60a118f2-55ae-422a-9dd3-48538a52b1dd, server: None, raw: .. }
Reserved ticket 6725 for customer 60a118f2-55ae-422a-9dd3-48538a52b1dd
Server 799bb1b2-bd8f-49e2-81f8-f7237f0eb223 received client-request: Request { kind: ReserveTicket, customer: 02045391-38f1-4a03-9e9d-6fb982c4b782, server: None, raw: .. }
Reserved ticket 6724 for customer 02045391-38f1-4a03-9e9d-6fb982c4b782
Server 799bb1b2-bd8f-49e2-81f8-f7237f0eb223 received client-request: Request { kind: ReserveTicket, customer: e3db75de-2dc1-4861-84c2-319308247d7b, server: None, raw: .. }
Reserved ticket 6723 for customer e3db75de-2dc1-4861-84c2-319308247d7b
Server 799bb1b2-bd8f-49e2-81f8-f7237f0eb223 received client-request: Request { kind: ReserveTicket, customer: 2083954d-2217-4577-8b6a-c786909f399a, server: None, raw: .. }
Reserved ticket 6722 for customer 2083954d-2217-4577-8b6a-c786909f399a
Server 799bb1b2-bd8f-49e2-81f8-f7237f0eb223 received client-request: Request { kind: ReserveTicket, customer: f710f445-b6b4-45af-a6dc-ee8ecef10c4b, server: None, raw: .. }
Reserved ticket 6721 for customer f710f445-b6b4-45af-a6dc-ee8ecef10c4b
Server 799bb1b2-bd8f-49e2-81f8-f7237f0eb223 received client-request: Request { kind: ReserveTicket, customer: 1dee8c8e-83ec-44c3-84dd-3efb8c3734b6, server: None, raw: .. }
Reserved ticket 6720 for customer 1dee8c8e-83ec-44c3-84dd-3efb8c3734b6
Server 799bb1b2-bd8f-49e2-81f8-f7237f0eb223 received client-request: Request { kind: ReserveTicket, customer: 79e636cf-6ea1-45a1-969e-15b45ad5baa6, server: None, raw: .. }
Reserved ticket 6719 for customer 79e636cf-6ea1-45a1-969e-15b45ad5baa6
Server 799bb1b2-bd8f-49e2-81f8-f7237f0eb223 received client-request: Request { kind: ReserveTicket, customer: d56eee54-2919-41ad-9c76-98c7839cc5a0, server: None, raw: .. }
Reserved ticket 6718 for customer d56eee54-2919-41ad-9c76-98c7839cc5a0
Server 799bb1b2-bd8f-49e2-81f8-f7237f0eb223 received client-request: Request { kind: ReserveTicket, customer: c3ccb5ce-e740-403b-99b4-cb814a3666b7, server: None, raw: .. }
Reserved ticket 6717 for customer c3ccb5ce-e740-403b-99b4-cb814a3666b7
Server 799bb1b2-bd8f-49e2-81f8-f7237f0eb223 received client-request: Request { kind: ReserveTicket, customer: d514ac4a-4481-4278-8ae6-692c7c61daa9, server: None, raw: .. }
Reserved ticket 6716 for customer d514ac4a-4481-4278-8ae6-692c7c61daa9
Server 799bb1b2-bd8f-49e2-81f8-f7237f0eb223 received client-request: Request { kind: ReserveTicket, customer: ae6d5da2-9c4e-4d6c-8878-ee2b6d13c605, server: None, raw: .. }
Reserved ticket 6715 for customer ae6d5da2-9c4e-4d6c-8878-ee2b6d13c605
Server 799bb1b2-bd8f-49e2-81f8-f7237f0eb223 received client-request: Request { kind: ReserveTicket, customer: 9a086a3e-eac9-4e4e-9e86-1481fe5af26d, server: None, raw: .. }
Reserved ticket 6714 for customer 9a086a3e-eac9-4e4e-9e86-1481fe5af26d
Server 799bb1b2-bd8f-49e2-81f8-f7237f0eb223 received client-request: Request { kind: ReserveTicket, customer: 8f957626-e930-4c95-994c-a37fde365874, server: None, raw: .. }
Reserved ticket 6713 for customer 8f957626-e930-4c95-994c-a37fde365874
Server 799bb1b2-bd8f-49e2-81f8-f7237f0eb223 received client-request: Request { kind: ReserveTicket, customer: 78217c72-d95f-484c-a70d-456672fc5b1e, server: None, raw: .. }
Reserved ticket 6712 for customer 78217c72-d95f-484c-a70d-456672fc5b1e
Server 799bb1b2-bd8f-49e2-81f8-f7237f0eb223 received client-request: Request { kind: ReserveTicket, customer: e32bfbfb-3641-4e8b-a5de-8387f3c5d759, server: None, raw: .. }
Reserved ticket 6711 for customer e32bfbfb-3641-4e8b-a5de-8387f3c5d759
Server 799bb1b2-bd8f-49e2-81f8-f7237f0eb223 received client-request: Request { kind: ReserveTicket, customer: 64d50f80-bf59-4d27-95c4-82fd6f4272e9, server: None, raw: .. }
Reserved ticket 6710 for customer 64d50f80-bf59-4d27-95c4-82fd6f4272e9
Server 65a51e17-fff5-4036-8b94-6db5de4d28d8 received client-request: Request { kind: ReserveTicket, customer: 87810df3-3050-43d7-8da6-e14ea3c5095a, server: None, raw: .. }
Reserved ticket 6709 for customer 87810df3-3050-43d7-8da6-e14ea3c5095a
Server 799bb1b2-bd8f-49e2-81f8-f7237f0eb223 received client-request: Request { kind: ReserveTicket, customer: 616823a5-4cd7-495e-b87a-b10ea17c73cd, server: None, raw: .. }
Reserved ticket 6708 for customer 616823a5-4cd7-495e-b87a-b10ea17c73cd
Server 799bb1b2-bd8f-49e2-81f8-f7237f0eb223 received client-request: Request { kind: ReserveTicket, customer: 0a2fef15-2329-40c2-bba0-1ed9210b5563, server: None, raw: .. }
Reserved ticket 6707 for customer 0a2fef15-2329-40c2-bba0-1ed9210b5563
Server 799bb1b2-bd8f-49e2-81f8-f7237f0eb223 received client-request: Request { kind: ReserveTicket, customer: c83bc29b-47c7-4a79-976d-a071c64437b9, server: None, raw: .. }
Reserved ticket 6706 for customer c83bc29b-47c7-4a79-976d-a071c64437b9
Server 799bb1b2-bd8f-49e2-81f8-f7237f0eb223 received client-request: Request { kind: ReserveTicket, customer: d42f89a0-1a27-460b-97cb-e0038f6a9b14, server: None, raw: .. }
Reserved ticket 6705 for customer d42f89a0-1a27-460b-97cb-e0038f6a9b14
Server 799bb1b2-bd8f-49e2-81f8-f7237f0eb223 received client-request: Request { kind: ReserveTicket, customer: 07ca46b7-9277-4581-a82d-c8733bb46872, server: None, raw: .. }
Reserved ticket 6704 for customer 07ca46b7-9277-4581-a82d-c8733bb46872
Server 799bb1b2-bd8f-49e2-81f8-f7237f0eb223 received client-request: Request { kind: ReserveTicket, customer: 0a614437-f5bd-4bdd-95be-a296b0a85616, server: None, raw: .. }
Reserved ticket 6703 for customer 0a614437-f5bd-4bdd-95be-a296b0a85616
Server 799bb1b2-bd8f-49e2-81f8-f7237f0eb223 received client-request: Request { kind: ReserveTicket, customer: d5ba4f20-e609-4459-88fd-eba8fdf31313, server: None, raw: .. }
Reserved ticket 6702 for customer d5ba4f20-e609-4459-88fd-eba8fdf31313
Server 799bb1b2-bd8f-49e2-81f8-f7237f0eb223 received client-request: Request { kind: ReserveTicket, customer: fba2a020-82d7-452e-b146-b1ed0b863342, server: None, raw: .. }
Reserved ticket 6701 for customer fba2a020-82d7-452e-b146-b1ed0b863342
Server 799bb1b2-bd8f-49e2-81f8-f7237f0eb223 received client-request: Request { kind: ReserveTicket, customer: 5bb24450-1285-4145-bf02-06d121e7807b, server: None, raw: .. }
Reserved ticket 6700 for customer 5bb24450-1285-4145-bf02-06d121e7807b
Server 799bb1b2-bd8f-49e2-81f8-f7237f0eb223 received client-request: Request { kind: ReserveTicket, customer: c566143a-aa4e-41dc-b2c0-98855bf6065d, server: None, raw: .. }
Reserved ticket 6699 for customer c566143a-aa4e-41dc-b2c0-98855bf6065d
Server 799bb1b2-bd8f-49e2-81f8-f7237f0eb223 received client-request: Request { kind: ReserveTicket, customer: 1d429eb2-bc37-4577-988e-deb19d784af7, server: None, raw: .. }
Reserved ticket 6698 for customer 1d429eb2-bc37-4577-988e-deb19d784af7
Server 799bb1b2-bd8f-49e2-81f8-f7237f0eb223 received client-request: Request { kind: ReserveTicket, customer: e6d6acc0-f988-4f58-80c2-962cd9b28cec, server: None, raw: .. }
Reserved ticket 6697 for customer e6d6acc0-f988-4f58-80c2-962cd9b28cec
Server 799bb1b2-bd8f-49e2-81f8-f7237f0eb223 received client-request: Request { kind: ReserveTicket, customer: 9e8e1b30-3bee-4b7c-8e1b-abd74e70b974, server: None, raw: .. }
Reserved ticket 6696 for customer 9e8e1b30-3bee-4b7c-8e1b-abd74e70b974
Server 799bb1b2-bd8f-49e2-81f8-f7237f0eb223 received client-request: Request { kind: ReserveTicket, customer: f16ebf6a-55e5-41c1-811a-f212b32a6978, server: None, raw: .. }
Reserved ticket 6695 for customer f16ebf6a-55e5-41c1-811a-f212b32a6978
Server 799bb1b2-bd8f-49e2-81f8-f7237f0eb223 received client-request: Request { kind: ReserveTicket, customer: 0d101242-e9d3-46b5-9b0b-5903d0b867e3, server: None, raw: .. }
Reserved ticket 6694 for customer 0d101242-e9d3-46b5-9b0b-5903d0b867e3
Server 799bb1b2-bd8f-49e2-81f8-f7237f0eb223 received client-request: Request { kind: ReserveTicket, customer: 7279ab2d-0b65-4f1a-b4b2-ad4cc0b7c2b5, server: None, raw: .. }
Reserved ticket 6693 for customer 7279ab2d-0b65-4f1a-b4b2-ad4cc0b7c2b5
Server 799bb1b2-bd8f-49e2-81f8-f7237f0eb223 received client-request: Request { kind: ReserveTicket, customer: 496727bc-6488-45b9-8357-cb08ec0a4e7e, server: None, raw: .. }
Reserved ticket 6692 for customer 496727bc-6488-45b9-8357-cb08ec0a4e7e
Server 799bb1b2-bd8f-49e2-81f8-f7237f0eb223 received client-request: Request { kind: ReserveTicket, customer: be2e3b2f-ab4d-48a0-8234-7ea41127e8f1, server: None, raw: .. }
Reserved ticket 6691 for customer be2e3b2f-ab4d-48a0-8234-7ea41127e8f1
Server 799bb1b2-bd8f-49e2-81f8-f7237f0eb223 received client-request: Request { kind: ReserveTicket, customer: 8da8e22f-5b43-4b25-a4ac-5f5ac9f798fd, server: None, raw: .. }
Reserved ticket 6690 for customer 8da8e22f-5b43-4b25-a4ac-5f5ac9f798fd
Server 65a51e17-fff5-4036-8b94-6db5de4d28d8 received client-request: Request { kind: ReserveTicket, customer: 0c76492f-96be-44af-8981-9bcd7c3352d2, server: None, raw: .. }
Reserved ticket 6689 for customer 0c76492f-96be-44af-8981-9bcd7c3352d2
Server 799bb1b2-bd8f-49e2-81f8-f7237f0eb223 received client-request: Request { kind: ReserveTicket, customer: f6ac6cc8-b16f-4939-bbd3-297d4c0c6587, server: None, raw: .. }
Reserved ticket 6688 for customer f6ac6cc8-b16f-4939-bbd3-297d4c0c6587
Server 799bb1b2-bd8f-49e2-81f8-f7237f0eb223 received client-request: Request { kind: ReserveTicket, customer: bcdc0280-269e-41e7-9b84-b5858614e628, server: None, raw: .. }
Reserved ticket 6687 for customer bcdc0280-269e-41e7-9b84-b5858614e628
Server 799bb1b2-bd8f-49e2-81f8-f7237f0eb223 received client-request: Request { kind: ReserveTicket, customer: cf1dbc18-2268-408b-9c0e-1b6ae95c217a, server: None, raw: .. }
Reserved ticket 6686 for customer cf1dbc18-2268-408b-9c0e-1b6ae95c217a
Server 799bb1b2-bd8f-49e2-81f8-f7237f0eb223 received client-request: Request { kind: ReserveTicket, customer: d0534ed7-2a0f-4579-ad9c-3113b2047c41, server: None, raw: .. }
Reserved ticket 6685 for customer d0534ed7-2a0f-4579-ad9c-3113b2047c41
Server 799bb1b2-bd8f-49e2-81f8-f7237f0eb223 received client-request: Request { kind: ReserveTicket, customer: d5486bab-7c91-46ca-94d5-e423c29fc393, server: None, raw: .. }
Reserved ticket 6684 for customer d5486bab-7c91-46ca-94d5-e423c29fc393
Server 799bb1b2-bd8f-49e2-81f8-f7237f0eb223 received client-request: Request { kind: ReserveTicket, customer: c6f31b43-16c6-4ec2-98a8-e3f62f366dc7, server: None, raw: .. }
Reserved ticket 6683 for customer c6f31b43-16c6-4ec2-98a8-e3f62f366dc7
Server 799bb1b2-bd8f-49e2-81f8-f7237f0eb223 received client-request: Request { kind: ReserveTicket, customer: b087cce1-eb94-42f3-894f-3007ff211acc, server: None, raw: .. }
Reserved ticket 6682 for customer b087cce1-eb94-42f3-894f-3007ff211acc
Server 799bb1b2-bd8f-49e2-81f8-f7237f0eb223 received client-request: Request { kind: ReserveTicket, customer: f5b1cabc-c1fa-42a3-a927-9e5ef00b9658, server: None, raw: .. }
Reserved ticket 6681 for customer f5b1cabc-c1fa-42a3-a927-9e5ef00b9658
Server 799bb1b2-bd8f-49e2-81f8-f7237f0eb223 received client-request: Request { kind: ReserveTicket, customer: ad6ef9d9-cc63-49ae-81b5-b6163057e62f, server: None, raw: .. }
Reserved ticket 6680 for customer ad6ef9d9-cc63-49ae-81b5-b6163057e62f
Server 799bb1b2-bd8f-49e2-81f8-f7237f0eb223 received client-request: Request { kind: ReserveTicket, customer: ec282043-016c-49ef-a540-97f998c1fd31, server: None, raw: .. }
Reserved ticket 6679 for customer ec282043-016c-49ef-a540-97f998c1fd31
Server 799bb1b2-bd8f-49e2-81f8-f7237f0eb223 received client-request: Request { kind: ReserveTicket, customer: cb579455-a72d-4718-9bf9-005783fef8a1, server: None, raw: .. }
Reserved ticket 6678 for customer cb579455-a72d-4718-9bf9-005783fef8a1
Server 799bb1b2-bd8f-49e2-81f8-f7237f0eb223 received client-request: Request { kind: ReserveTicket, customer: 2b51f717-834b-474c-a024-05fe7016c26a, server: None, raw: .. }
Reserved ticket 6677 for customer 2b51f717-834b-474c-a024-05fe7016c26a
Server 799bb1b2-bd8f-49e2-81f8-f7237f0eb223 received client-request: Request { kind: ReserveTicket, customer: 32943358-55bf-4dd9-b57c-29ef0b9b19af, server: None, raw: .. }
Reserved ticket 6676 for customer 32943358-55bf-4dd9-b57c-29ef0b9b19af
Server 799bb1b2-bd8f-49e2-81f8-f7237f0eb223 received client-request: Request { kind: ReserveTicket, customer: 1f81be5c-e983-4514-8b9c-eb2323c70f28, server: None, raw: .. }
Reserved ticket 6675 for customer 1f81be5c-e983-4514-8b9c-eb2323c70f28
Server 799bb1b2-bd8f-49e2-81f8-f7237f0eb223 received client-request: Request { kind: ReserveTicket, customer: f263e204-e6d2-4901-a65e-a7709f10729c, server: None, raw: .. }
Reserved ticket 6674 for customer f263e204-e6d2-4901-a65e-a7709f10729c
Server 799bb1b2-bd8f-49e2-81f8-f7237f0eb223 received client-request: Request { kind: ReserveTicket, customer: bdbc0d41-7f7f-441c-9e4c-72acba11eb66, server: None, raw: .. }
Reserved ticket 6673 for customer bdbc0d41-7f7f-441c-9e4c-72acba11eb66
Server 799bb1b2-bd8f-49e2-81f8-f7237f0eb223 received client-request: Request { kind: ReserveTicket, customer: ba8bf03a-ba6c-4cf7-b263-52b3bbcdaa44, server: None, raw: .. }
Reserved ticket 6672 for customer ba8bf03a-ba6c-4cf7-b263-52b3bbcdaa44
Server 799bb1b2-bd8f-49e2-81f8-f7237f0eb223 received client-request: Request { kind: ReserveTicket, customer: 463504c9-6fcc-40f3-8e34-7a6131783ad0, server: None, raw: .. }
Reserved ticket 6671 for customer 463504c9-6fcc-40f3-8e34-7a6131783ad0
Server 799bb1b2-bd8f-49e2-81f8-f7237f0eb223 received client-request: Request { kind: ReserveTicket, customer: a28bd2e5-99b0-4189-b695-785d9e48abcb, server: None, raw: .. }
Reserved ticket 6670 for customer a28bd2e5-99b0-4189-b695-785d9e48abcb
Server 65a51e17-fff5-4036-8b94-6db5de4d28d8 received client-request: Request { kind: ReserveTicket, customer: 11ee909d-2f3a-44cc-8867-2e47d63275c0, server: None, raw: .. }
Reserved ticket 6669 for customer 11ee909d-2f3a-44cc-8867-2e47d63275c0
Server 799bb1b2-bd8f-49e2-81f8-f7237f0eb223 received client-request: Request { kind: ReserveTicket, customer: e7e14498-77e3-41eb-932f-2934c07dd70a, server: None, raw: .. }
Reserved ticket 6668 for customer e7e14498-77e3-41eb-932f-2934c07dd70a
Server 799bb1b2-bd8f-49e2-81f8-f7237f0eb223 received client-request: Request { kind: ReserveTicket, customer: d7c5720d-b4e7-400c-b5ef-5a186b08359d, server: None, raw: .. }
Reserved ticket 6667 for customer d7c5720d-b4e7-400c-b5ef-5a186b08359d
Server 799bb1b2-bd8f-49e2-81f8-f7237f0eb223 received client-request: Request { kind: ReserveTicket, customer: 1395e073-3718-4af4-aacb-6f9e649eeaa3, server: None, raw: .. }
Reserved ticket 6666 for customer 1395e073-3718-4af4-aacb-6f9e649eeaa3
Server 799bb1b2-bd8f-49e2-81f8-f7237f0eb223 received client-request: Request { kind: ReserveTicket, customer: adaaa6f6-b602-400c-ba0e-a61727d706fb, server: None, raw: .. }
Reserved ticket 6665 for customer adaaa6f6-b602-400c-ba0e-a61727d706fb
Server 799bb1b2-bd8f-49e2-81f8-f7237f0eb223 received client-request: Request { kind: ReserveTicket, customer: d26c61ef-9ff5-428b-b3f1-5420e65bdd35, server: None, raw: .. }
Reserved ticket 6664 for customer d26c61ef-9ff5-428b-b3f1-5420e65bdd35
Server 799bb1b2-bd8f-49e2-81f8-f7237f0eb223 received client-request: Request { kind: ReserveTicket, customer: a670a290-f5d8-47b0-badf-649d583bf3eb, server: None, raw: .. }
Reserved ticket 6663 for customer a670a290-f5d8-47b0-badf-649d583bf3eb
Server 799bb1b2-bd8f-49e2-81f8-f7237f0eb223 received client-request: Request { kind: ReserveTicket, customer: 2aa577f3-c5e0-4d91-a5ad-d4195ce7c9a6, server: None, raw: .. }
Reserved ticket 6662 for customer 2aa577f3-c5e0-4d91-a5ad-d4195ce7c9a6
Server 799bb1b2-bd8f-49e2-81f8-f7237f0eb223 received client-request: Request { kind: ReserveTicket, customer: decbc2f1-72b8-4978-8cc4-3192d2789158, server: None, raw: .. }
Reserved ticket 6661 for customer decbc2f1-72b8-4978-8cc4-3192d2789158
Server 799bb1b2-bd8f-49e2-81f8-f7237f0eb223 received client-request: Request { kind: ReserveTicket, customer: eded5372-30a2-438e-bd5a-363f96817835, server: None, raw: .. }
Reserved ticket 6660 for customer eded5372-30a2-438e-bd5a-363f96817835
Server 799bb1b2-bd8f-49e2-81f8-f7237f0eb223 received client-request: Request { kind: ReserveTicket, customer: 36a75263-9cef-4743-a6a8-75be327bd333, server: None, raw: .. }
Reserved ticket 6659 for customer 36a75263-9cef-4743-a6a8-75be327bd333
Server 799bb1b2-bd8f-49e2-81f8-f7237f0eb223 received client-request: Request { kind: ReserveTicket, customer: 7adac6ab-1702-479c-aa99-08db129664b2, server: None, raw: .. }
Reserved ticket 6658 for customer 7adac6ab-1702-479c-aa99-08db129664b2
Server 799bb1b2-bd8f-49e2-81f8-f7237f0eb223 received client-request: Request { kind: ReserveTicket, customer: a88dc0e2-2404-487d-b516-4793655641dc, server: None, raw: .. }
Reserved ticket 6657 for customer a88dc0e2-2404-487d-b516-4793655641dc
Server 799bb1b2-bd8f-49e2-81f8-f7237f0eb223 received client-request: Request { kind: ReserveTicket, customer: d731ea8e-60ad-4806-87e2-c602e4e582a4, server: None, raw: .. }
Reserved ticket 6656 for customer d731ea8e-60ad-4806-87e2-c602e4e582a4
Server 799bb1b2-bd8f-49e2-81f8-f7237f0eb223 received client-request: Request { kind: ReserveTicket, customer: 1d80d4a3-4297-486f-9d46-6f21b52bc661, server: None, raw: .. }
Reserved ticket 6655 for customer 1d80d4a3-4297-486f-9d46-6f21b52bc661
Server 799bb1b2-bd8f-49e2-81f8-f7237f0eb223 received client-request: Request { kind: ReserveTicket, customer: ae9c2ecf-a24a-41ef-8a0d-9fbe4ac71686, server: None, raw: .. }
Reserved ticket 6654 for customer ae9c2ecf-a24a-41ef-8a0d-9fbe4ac71686
Server 799bb1b2-bd8f-49e2-81f8-f7237f0eb223 received client-request: Request { kind: ReserveTicket, customer: b30c8e79-9b8f-49e7-afb7-becb64351336, server: None, raw: .. }
Reserved ticket 6653 for customer b30c8e79-9b8f-49e7-afb7-becb64351336
Server 799bb1b2-bd8f-49e2-81f8-f7237f0eb223 received client-request: Request { kind: ReserveTicket, customer: 82945e4f-f799-4ce4-a6b0-7985b61129bb, server: None, raw: .. }
Reserved ticket 6652 for customer 82945e4f-f799-4ce4-a6b0-7985b61129bb
Server 799bb1b2-bd8f-49e2-81f8-f7237f0eb223 received client-request: Request { kind: ReserveTicket, customer: 65bf1300-91e5-40c9-8bb2-1fd37dd58b57, server: None, raw: .. }
Reserved ticket 6651 for customer 65bf1300-91e5-40c9-8bb2-1fd37dd58b57
Server 799bb1b2-bd8f-49e2-81f8-f7237f0eb223 received client-request: Request { kind: ReserveTicket, customer: 2c4c9fad-e4cc-4035-8d82-a88623857810, server: None, raw: .. }
Reserved ticket 6650 for customer 2c4c9fad-e4cc-4035-8d82-a88623857810
Server 65a51e17-fff5-4036-8b94-6db5de4d28d8 received client-request: Request { kind: ReserveTicket, customer: 91f056d4-2e38-4768-a6c0-542c77b0c7ea, server: None, raw: .. }
Reserved ticket 6649 for customer 91f056d4-2e38-4768-a6c0-542c77b0c7ea
Server 799bb1b2-bd8f-49e2-81f8-f7237f0eb223 received client-request: Request { kind: ReserveTicket, customer: 2b8d53dd-333a-4634-8d74-ba53920bdcef, server: None, raw: .. }
Reserved ticket 6648 for customer 2b8d53dd-333a-4634-8d74-ba53920bdcef
Server 799bb1b2-bd8f-49e2-81f8-f7237f0eb223 received client-request: Request { kind: ReserveTicket, customer: 436195e0-632b-402c-9ec8-9e4905ba2385, server: None, raw: .. }
Reserved ticket 6647 for customer 436195e0-632b-402c-9ec8-9e4905ba2385
Server 799bb1b2-bd8f-49e2-81f8-f7237f0eb223 received client-request: Request { kind: ReserveTicket, customer: 48462521-4038-4f62-b322-a21ef7bc41e9, server: None, raw: .. }
Reserved ticket 6646 for customer 48462521-4038-4f62-b322-a21ef7bc41e9
Server 799bb1b2-bd8f-49e2-81f8-f7237f0eb223 received client-request: Request { kind: ReserveTicket, customer: 355aefdf-bdc1-4196-9c92-d0f183c7394e, server: None, raw: .. }
Reserved ticket 6645 for customer 355aefdf-bdc1-4196-9c92-d0f183c7394e
Server 799bb1b2-bd8f-49e2-81f8-f7237f0eb223 received client-request: Request { kind: ReserveTicket, customer: 24da5804-282d-4059-9b8d-bd900d0462da, server: None, raw: .. }
Reserved ticket 6644 for customer 24da5804-282d-4059-9b8d-bd900d0462da
Server 799bb1b2-bd8f-49e2-81f8-f7237f0eb223 received client-request: Request { kind: ReserveTicket, customer: c982a3ca-b0e9-4b90-a925-f54ae8c1bb64, server: None, raw: .. }
Reserved ticket 6643 for customer c982a3ca-b0e9-4b90-a925-f54ae8c1bb64
Server 799bb1b2-bd8f-49e2-81f8-f7237f0eb223 received client-request: Request { kind: ReserveTicket, customer: 7a37541e-4efc-4c9c-a90c-cce4d087ce28, server: None, raw: .. }
Reserved ticket 6642 for customer 7a37541e-4efc-4c9c-a90c-cce4d087ce28
Server 799bb1b2-bd8f-49e2-81f8-f7237f0eb223 received client-request: Request { kind: ReserveTicket, customer: dd225290-0bc7-4fa8-8267-0c53bd1969f7, server: None, raw: .. }
Reserved ticket 6641 for customer dd225290-0bc7-4fa8-8267-0c53bd1969f7
Server 799bb1b2-bd8f-49e2-81f8-f7237f0eb223 received client-request: Request { kind: ReserveTicket, customer: 0935022a-ffd5-4f40-9e68-ed47269af639, server: None, raw: .. }
Reserved ticket 6640 for customer 0935022a-ffd5-4f40-9e68-ed47269af639
Server 799bb1b2-bd8f-49e2-81f8-f7237f0eb223 received client-request: Request { kind: ReserveTicket, customer: a04e1356-3e84-4315-a7d2-7749a851d390, server: None, raw: .. }
Reserved ticket 6639 for customer a04e1356-3e84-4315-a7d2-7749a851d390
Server 799bb1b2-bd8f-49e2-81f8-f7237f0eb223 received client-request: Request { kind: ReserveTicket, customer: a8cc61e2-f650-4baf-8bbb-1f2dc197d450, server: None, raw: .. }
Reserved ticket 6638 for customer a8cc61e2-f650-4baf-8bbb-1f2dc197d450
Server 799bb1b2-bd8f-49e2-81f8-f7237f0eb223 received client-request: Request { kind: ReserveTicket, customer: 3a0eca52-48f1-4566-82cd-d256fb4fc898, server: None, raw: .. }
Reserved ticket 6637 for customer 3a0eca52-48f1-4566-82cd-d256fb4fc898
Server 799bb1b2-bd8f-49e2-81f8-f7237f0eb223 received client-request: Request { kind: ReserveTicket, customer: 10a6458f-46b1-4a5a-9946-17476155beba, server: None, raw: .. }
Reserved ticket 6636 for customer 10a6458f-46b1-4a5a-9946-17476155beba
Server 799bb1b2-bd8f-49e2-81f8-f7237f0eb223 received client-request: Request { kind: ReserveTicket, customer: e176aab7-4a38-41e6-8c9f-0230d15a28a8, server: None, raw: .. }
Reserved ticket 6635 for customer e176aab7-4a38-41e6-8c9f-0230d15a28a8
Server 799bb1b2-bd8f-49e2-81f8-f7237f0eb223 received client-request: Request { kind: ReserveTicket, customer: 1ca7f9d6-02b8-472c-a8b9-95b0f374b15e, server: None, raw: .. }
Reserved ticket 6634 for customer 1ca7f9d6-02b8-472c-a8b9-95b0f374b15e
Server 799bb1b2-bd8f-49e2-81f8-f7237f0eb223 received client-request: Request { kind: ReserveTicket, customer: 60d66876-bbd6-4a1c-b40a-94d3537dfbfe, server: None, raw: .. }
Reserved ticket 6633 for customer 60d66876-bbd6-4a1c-b40a-94d3537dfbfe
Server 799bb1b2-bd8f-49e2-81f8-f7237f0eb223 received client-request: Request { kind: ReserveTicket, customer: eefda34b-dc41-4c0e-8de2-948a045c0933, server: None, raw: .. }
Reserved ticket 6632 for customer eefda34b-dc41-4c0e-8de2-948a045c0933
Server 799bb1b2-bd8f-49e2-81f8-f7237f0eb223 received client-request: Request { kind: ReserveTicket, customer: f65804c5-224d-4306-893f-68f43a196253, server: None, raw: .. }
Reserved ticket 6631 for customer f65804c5-224d-4306-893f-68f43a196253
Server 799bb1b2-bd8f-49e2-81f8-f7237f0eb223 received client-request: Request { kind: ReserveTicket, customer: 9bfe9780-ddd1-4dd4-a2a2-0ee28fde5221, server: None, raw: .. }
Reserved ticket 6630 for customer 9bfe9780-ddd1-4dd4-a2a2-0ee28fde5221
Server 65a51e17-fff5-4036-8b94-6db5de4d28d8 received client-request: Request { kind: ReserveTicket, customer: ee157276-254e-4f6b-b888-d3508df588ec, server: None, raw: .. }
Reserved ticket 6629 for customer ee157276-254e-4f6b-b888-d3508df588ec
Server 799bb1b2-bd8f-49e2-81f8-f7237f0eb223 received client-request: Request { kind: ReserveTicket, customer: ce3db341-3a70-4f27-b4b1-a61540fee844, server: None, raw: .. }
Reserved ticket 6628 for customer ce3db341-3a70-4f27-b4b1-a61540fee844
Server 799bb1b2-bd8f-49e2-81f8-f7237f0eb223 received client-request: Request { kind: ReserveTicket, customer: 9e7e1942-9bca-48be-974a-be93a9d4fa57, server: None, raw: .. }
Reserved ticket 6627 for customer 9e7e1942-9bca-48be-974a-be93a9d4fa57
Server 799bb1b2-bd8f-49e2-81f8-f7237f0eb223 received client-request: Request { kind: ReserveTicket, customer: c38a5b04-e126-442a-bc5f-d32aed54eaa8, server: None, raw: .. }
Reserved ticket 6626 for customer c38a5b04-e126-442a-bc5f-d32aed54eaa8
Server 799bb1b2-bd8f-49e2-81f8-f7237f0eb223 received client-request: Request { kind: ReserveTicket, customer: 33fe43b8-811f-44c7-843b-6cc381a686ab, server: None, raw: .. }
Reserved ticket 6625 for customer 33fe43b8-811f-44c7-843b-6cc381a686ab
Server 799bb1b2-bd8f-49e2-81f8-f7237f0eb223 received client-request: Request { kind: ReserveTicket, customer: 038f2d41-b4b1-4a26-9755-f9a36d9114da, server: None, raw: .. }
Reserved ticket 6624 for customer 038f2d41-b4b1-4a26-9755-f9a36d9114da
Server 799bb1b2-bd8f-49e2-81f8-f7237f0eb223 received client-request: Request { kind: ReserveTicket, customer: f7942a62-b738-417b-bbdc-9a03f90a10c5, server: None, raw: .. }
Reserved ticket 6623 for customer f7942a62-b738-417b-bbdc-9a03f90a10c5
Server 799bb1b2-bd8f-49e2-81f8-f7237f0eb223 received client-request: Request { kind: ReserveTicket, customer: 6982a2ca-df38-4327-89a2-84e6b3731ed7, server: None, raw: .. }
Reserved ticket 6622 for customer 6982a2ca-df38-4327-89a2-84e6b3731ed7
Server 799bb1b2-bd8f-49e2-81f8-f7237f0eb223 received client-request: Request { kind: ReserveTicket, customer: f47001b5-13c0-467e-901a-b7db92967fca, server: None, raw: .. }
Reserved ticket 6621 for customer f47001b5-13c0-467e-901a-b7db92967fca
Server 799bb1b2-bd8f-49e2-81f8-f7237f0eb223 received client-request: Request { kind: ReserveTicket, customer: a75c679e-e729-48fe-b1b6-52b7534bf38a, server: None, raw: .. }
Reserved ticket 6620 for customer a75c679e-e729-48fe-b1b6-52b7534bf38a
Server 799bb1b2-bd8f-49e2-81f8-f7237f0eb223 received client-request: Request { kind: ReserveTicket, customer: 321dd805-b0b3-4cef-b702-c5e7fd695116, server: None, raw: .. }
Reserved ticket 6619 for customer 321dd805-b0b3-4cef-b702-c5e7fd695116
Server 799bb1b2-bd8f-49e2-81f8-f7237f0eb223 received client-request: Request { kind: ReserveTicket, customer: 1080bad4-eb2c-4f70-b719-d4d834965512, server: None, raw: .. }
Reserved ticket 6618 for customer 1080bad4-eb2c-4f70-b719-d4d834965512
Server 799bb1b2-bd8f-49e2-81f8-f7237f0eb223 received client-request: Request { kind: ReserveTicket, customer: 58495659-1395-4915-8629-e2180faf4115, server: None, raw: .. }
Reserved ticket 6617 for customer 58495659-1395-4915-8629-e2180faf4115
Server 799bb1b2-bd8f-49e2-81f8-f7237f0eb223 received client-request: Request { kind: ReserveTicket, customer: ac245379-b93a-4194-b060-3269f88969bf, server: None, raw: .. }
Reserved ticket 6616 for customer ac245379-b93a-4194-b060-3269f88969bf
Server 799bb1b2-bd8f-49e2-81f8-f7237f0eb223 received client-request: Request { kind: ReserveTicket, customer: 353f2ee3-7c6a-466b-93fc-0e2545087bf6, server: None, raw: .. }
Reserved ticket 6615 for customer 353f2ee3-7c6a-466b-93fc-0e2545087bf6
Server 799bb1b2-bd8f-49e2-81f8-f7237f0eb223 received client-request: Request { kind: ReserveTicket, customer: 2757f326-426e-46f2-8751-44206ada4b3e, server: None, raw: .. }
Reserved ticket 6614 for customer 2757f326-426e-46f2-8751-44206ada4b3e
Server 799bb1b2-bd8f-49e2-81f8-f7237f0eb223 received client-request: Request { kind: ReserveTicket, customer: b75ca179-289d-4695-979d-14e269d8654f, server: None, raw: .. }
Reserved ticket 6613 for customer b75ca179-289d-4695-979d-14e269d8654f
Server 799bb1b2-bd8f-49e2-81f8-f7237f0eb223 received client-request: Request { kind: ReserveTicket, customer: 8ec54cc8-0f14-4127-a705-148831abac3c, server: None, raw: .. }
Reserved ticket 6612 for customer 8ec54cc8-0f14-4127-a705-148831abac3c
Server 799bb1b2-bd8f-49e2-81f8-f7237f0eb223 received client-request: Request { kind: ReserveTicket, customer: 5075bcd9-4ee4-48de-8e48-7970f8dd816d, server: None, raw: .. }
Reserved ticket 6611 for customer 5075bcd9-4ee4-48de-8e48-7970f8dd816d
Server 799bb1b2-bd8f-49e2-81f8-f7237f0eb223 received client-request: Request { kind: ReserveTicket, customer: 6350014a-51f2-4bc3-a9d1-324f0e952f58, server: None, raw: .. }
Reserved ticket 6610 for customer 6350014a-51f2-4bc3-a9d1-324f0e952f58
Server 65a51e17-fff5-4036-8b94-6db5de4d28d8 received client-request: Request { kind: ReserveTicket, customer: 5be96162-f7b2-4ba9-b5ae-2e52532a0c1f, server: None, raw: .. }
Reserved ticket 6609 for customer 5be96162-f7b2-4ba9-b5ae-2e52532a0c1f
Server 799bb1b2-bd8f-49e2-81f8-f7237f0eb223 received client-request: Request { kind: ReserveTicket, customer: 0fcd1e48-566d-4d28-a22d-d3f297c20d43, server: None, raw: .. }
Reserved ticket 6608 for customer 0fcd1e48-566d-4d28-a22d-d3f297c20d43
Server 799bb1b2-bd8f-49e2-81f8-f7237f0eb223 received client-request: Request { kind: ReserveTicket, customer: 5fd6e22b-9d23-4228-9d38-af32ed231717, server: None, raw: .. }
Reserved ticket 6607 for customer 5fd6e22b-9d23-4228-9d38-af32ed231717
Server 799bb1b2-bd8f-49e2-81f8-f7237f0eb223 received client-request: Request { kind: ReserveTicket, customer: b68be961-bfdd-4836-946c-766db1be203b, server: None, raw: .. }
Reserved ticket 6606 for customer b68be961-bfdd-4836-946c-766db1be203b
Server 799bb1b2-bd8f-49e2-81f8-f7237f0eb223 received client-request: Request { kind: ReserveTicket, customer: 232ce4e2-9dd8-4889-886b-b7a78abd0862, server: None, raw: .. }
Reserved ticket 6605 for customer 232ce4e2-9dd8-4889-886b-b7a78abd0862
Server 799bb1b2-bd8f-49e2-81f8-f7237f0eb223 received client-request: Request { kind: ReserveTicket, customer: 87941253-8f4f-4332-b4f0-3341ec0dee44, server: None, raw: .. }
Reserved ticket 6604 for customer 87941253-8f4f-4332-b4f0-3341ec0dee44
Server 799bb1b2-bd8f-49e2-81f8-f7237f0eb223 received client-request: Request { kind: ReserveTicket, customer: 06dd2669-e5d1-4a80-9fd2-00b7adcbcf0b, server: None, raw: .. }
Reserved ticket 6603 for customer 06dd2669-e5d1-4a80-9fd2-00b7adcbcf0b
Server 799bb1b2-bd8f-49e2-81f8-f7237f0eb223 received client-request: Request { kind: ReserveTicket, customer: c64dc1f9-008f-4a34-8b5b-56735faa3f13, server: None, raw: .. }
Reserved ticket 6602 for customer c64dc1f9-008f-4a34-8b5b-56735faa3f13
Server 799bb1b2-bd8f-49e2-81f8-f7237f0eb223 received client-request: Request { kind: ReserveTicket, customer: df405a01-15ba-4496-9d80-b4b07d91ff41, server: None, raw: .. }
Reserved ticket 6601 for customer df405a01-15ba-4496-9d80-b4b07d91ff41
Server 799bb1b2-bd8f-49e2-81f8-f7237f0eb223 received client-request: Request { kind: ReserveTicket, customer: 9856803b-e197-4504-b4d5-5e1115e4d6ea, server: None, raw: .. }
Reserved ticket 6600 for customer 9856803b-e197-4504-b4d5-5e1115e4d6ea
Server 799bb1b2-bd8f-49e2-81f8-f7237f0eb223 received client-request: Request { kind: ReserveTicket, customer: 735e3f90-81ce-49aa-8d66-ad71909996c2, server: None, raw: .. }
Reserved ticket 6599 for customer 735e3f90-81ce-49aa-8d66-ad71909996c2
Server 799bb1b2-bd8f-49e2-81f8-f7237f0eb223 received client-request: Request { kind: ReserveTicket, customer: eaf5a26a-ef30-4972-8286-af9ce0cc5304, server: None, raw: .. }
Reserved ticket 6598 for customer eaf5a26a-ef30-4972-8286-af9ce0cc5304
Server 799bb1b2-bd8f-49e2-81f8-f7237f0eb223 received client-request: Request { kind: ReserveTicket, customer: 009a6314-a417-4c4e-8a45-d9393a936aeb, server: None, raw: .. }
Reserved ticket 6597 for customer 009a6314-a417-4c4e-8a45-d9393a936aeb
Server 799bb1b2-bd8f-49e2-81f8-f7237f0eb223 received client-request: Request { kind: ReserveTicket, customer: ed59cbb8-29bb-4361-a471-3b17343f39cb, server: None, raw: .. }
Reserved ticket 6596 for customer ed59cbb8-29bb-4361-a471-3b17343f39cb
Server 799bb1b2-bd8f-49e2-81f8-f7237f0eb223 received client-request: Request { kind: ReserveTicket, customer: bbe616be-bb5b-4025-8541-9dee9e979b93, server: None, raw: .. }
Reserved ticket 6595 for customer bbe616be-bb5b-4025-8541-9dee9e979b93
Server 799bb1b2-bd8f-49e2-81f8-f7237f0eb223 received client-request: Request { kind: ReserveTicket, customer: 2b7b4eb6-265f-416d-96dd-839676a7514a, server: None, raw: .. }
Reserved ticket 6594 for customer 2b7b4eb6-265f-416d-96dd-839676a7514a
Server 799bb1b2-bd8f-49e2-81f8-f7237f0eb223 received client-request: Request { kind: ReserveTicket, customer: cf8f9501-8eb5-4490-9d79-1cf785704a71, server: None, raw: .. }
Reserved ticket 6593 for customer cf8f9501-8eb5-4490-9d79-1cf785704a71
Server 799bb1b2-bd8f-49e2-81f8-f7237f0eb223 received client-request: Request { kind: ReserveTicket, customer: 5d4b933d-245c-4104-b6b6-35d8f8f9ad51, server: None, raw: .. }
Reserved ticket 6592 for customer 5d4b933d-245c-4104-b6b6-35d8f8f9ad51
Server 799bb1b2-bd8f-49e2-81f8-f7237f0eb223 received client-request: Request { kind: ReserveTicket, customer: a92ec495-2306-460e-903b-3ed131ac24c2, server: None, raw: .. }
Reserved ticket 6591 for customer a92ec495-2306-460e-903b-3ed131ac24c2
Server 799bb1b2-bd8f-49e2-81f8-f7237f0eb223 received client-request: Request { kind: ReserveTicket, customer: c48ce7ab-9c55-4a0c-8f66-ed034e02646c, server: None, raw: .. }
Reserved ticket 6590 for customer c48ce7ab-9c55-4a0c-8f66-ed034e02646c
Server 65a51e17-fff5-4036-8b94-6db5de4d28d8 received client-request: Request { kind: ReserveTicket, customer: 6e92a378-2a6e-4898-8079-8678ad978fcc, server: None, raw: .. }
Reserved ticket 6589 for customer 6e92a378-2a6e-4898-8079-8678ad978fcc
Server 799bb1b2-bd8f-49e2-81f8-f7237f0eb223 received client-request: Request { kind: ReserveTicket, customer: 756747e5-32f1-4185-843a-7399cc1a3496, server: None, raw: .. }
Reserved ticket 6588 for customer 756747e5-32f1-4185-843a-7399cc1a3496
Server 799bb1b2-bd8f-49e2-81f8-f7237f0eb223 received client-request: Request { kind: ReserveTicket, customer: 1c04527c-e9d8-4807-8b2d-74fe703a4d61, server: None, raw: .. }
Reserved ticket 6587 for customer 1c04527c-e9d8-4807-8b2d-74fe703a4d61
Server 799bb1b2-bd8f-49e2-81f8-f7237f0eb223 received client-request: Request { kind: ReserveTicket, customer: 0c9626da-dc0c-46ec-be4f-0fb74f82e0f2, server: None, raw: .. }
Reserved ticket 6586 for customer 0c9626da-dc0c-46ec-be4f-0fb74f82e0f2
Server 799bb1b2-bd8f-49e2-81f8-f7237f0eb223 received client-request: Request { kind: ReserveTicket, customer: dd231112-49e8-4059-ba19-24da99d05cba, server: None, raw: .. }
Reserved ticket 6585 for customer dd231112-49e8-4059-ba19-24da99d05cba
Server 799bb1b2-bd8f-49e2-81f8-f7237f0eb223 received client-request: Request { kind: ReserveTicket, customer: 756303b9-f509-402a-ba69-c6578750f24c, server: None, raw: .. }
Reserved ticket 6584 for customer 756303b9-f509-402a-ba69-c6578750f24c
Server 799bb1b2-bd8f-49e2-81f8-f7237f0eb223 received client-request: Request { kind: ReserveTicket, customer: 7db545ba-0b2f-4807-b576-8beb27efc017, server: None, raw: .. }
Reserved ticket 6583 for customer 7db545ba-0b2f-4807-b576-8beb27efc017
Server 799bb1b2-bd8f-49e2-81f8-f7237f0eb223 received client-request: Request { kind: ReserveTicket, customer: 2d62acf0-fd07-4e3c-919b-e40ef2ab2068, server: None, raw: .. }
Reserved ticket 6582 for customer 2d62acf0-fd07-4e3c-919b-e40ef2ab2068
Server 799bb1b2-bd8f-49e2-81f8-f7237f0eb223 received client-request: Request { kind: ReserveTicket, customer: 95d3ad56-5c74-4ccb-bdff-113797a74f29, server: None, raw: .. }
Reserved ticket 6581 for customer 95d3ad56-5c74-4ccb-bdff-113797a74f29
Server 799bb1b2-bd8f-49e2-81f8-f7237f0eb223 received client-request: Request { kind: ReserveTicket, customer: 1800549e-cf75-4a93-b031-c4417d426f29, server: None, raw: .. }
Reserved ticket 6580 for customer 1800549e-cf75-4a93-b031-c4417d426f29
Server 799bb1b2-bd8f-49e2-81f8-f7237f0eb223 received client-request: Request { kind: ReserveTicket, customer: 4383fb6b-c533-419b-b693-a39dcfaa8676, server: None, raw: .. }
Reserved ticket 6579 for customer 4383fb6b-c533-419b-b693-a39dcfaa8676
Server 799bb1b2-bd8f-49e2-81f8-f7237f0eb223 received client-request: Request { kind: ReserveTicket, customer: a439394a-f050-411b-a9b8-9d36f2fdd786, server: None, raw: .. }
Reserved ticket 6578 for customer a439394a-f050-411b-a9b8-9d36f2fdd786
Server 799bb1b2-bd8f-49e2-81f8-f7237f0eb223 received client-request: Request { kind: ReserveTicket, customer: efc1093d-8532-4be8-900b-9f2d4199b2d8, server: None, raw: .. }
Reserved ticket 6577 for customer efc1093d-8532-4be8-900b-9f2d4199b2d8
Server 799bb1b2-bd8f-49e2-81f8-f7237f0eb223 received client-request: Request { kind: ReserveTicket, customer: 37089bcf-e52b-4e15-8334-593099a639b1, server: None, raw: .. }
Reserved ticket 6576 for customer 37089bcf-e52b-4e15-8334-593099a639b1
Server 799bb1b2-bd8f-49e2-81f8-f7237f0eb223 received client-request: Request { kind: ReserveTicket, customer: bb0953e8-9322-49f3-a083-88e3e57cfbc8, server: None, raw: .. }
Reserved ticket 6575 for customer bb0953e8-9322-49f3-a083-88e3e57cfbc8
Server 799bb1b2-bd8f-49e2-81f8-f7237f0eb223 received client-request: Request { kind: ReserveTicket, customer: f39cfca1-6998-4a7b-842f-fd14fd39f611, server: None, raw: .. }
Reserved ticket 6574 for customer f39cfca1-6998-4a7b-842f-fd14fd39f611
Server 799bb1b2-bd8f-49e2-81f8-f7237f0eb223 received client-request: Request { kind: ReserveTicket, customer: 2b3d8fb8-abae-49ab-8009-79c13c488ff5, server: None, raw: .. }
Reserved ticket 6573 for customer 2b3d8fb8-abae-49ab-8009-79c13c488ff5
Server 799bb1b2-bd8f-49e2-81f8-f7237f0eb223 received client-request: Request { kind: ReserveTicket, customer: 2255b9bf-f880-4129-b138-2cb4d93eef65, server: None, raw: .. }
Reserved ticket 6572 for customer 2255b9bf-f880-4129-b138-2cb4d93eef65
Server 799bb1b2-bd8f-49e2-81f8-f7237f0eb223 received client-request: Request { kind: ReserveTicket, customer: 5a13df78-2593-4942-aeca-22ae5d5035b6, server: None, raw: .. }
Reserved ticket 6571 for customer 5a13df78-2593-4942-aeca-22ae5d5035b6
Server 799bb1b2-bd8f-49e2-81f8-f7237f0eb223 received client-request: Request { kind: ReserveTicket, customer: bcc2a774-7c52-4093-96b8-c4239791884f, server: None, raw: .. }
Reserved ticket 6570 for customer bcc2a774-7c52-4093-96b8-c4239791884f
Server 65a51e17-fff5-4036-8b94-6db5de4d28d8 received client-request: Request { kind: ReserveTicket, customer: e9ad7f24-e078-4818-a830-2346b3a77bd0, server: None, raw: .. }
Reserved ticket 6569 for customer e9ad7f24-e078-4818-a830-2346b3a77bd0
Server 799bb1b2-bd8f-49e2-81f8-f7237f0eb223 received client-request: Request { kind: ReserveTicket, customer: 76407297-381a-4f8d-9ee6-d2173792d22c, server: None, raw: .. }
Reserved ticket 6568 for customer 76407297-381a-4f8d-9ee6-d2173792d22c
Server 799bb1b2-bd8f-49e2-81f8-f7237f0eb223 received client-request: Request { kind: ReserveTicket, customer: d3e10f5a-2d3c-4825-b949-fe30131cf2da, server: None, raw: .. }
Reserved ticket 6567 for customer d3e10f5a-2d3c-4825-b949-fe30131cf2da
Server 799bb1b2-bd8f-49e2-81f8-f7237f0eb223 received client-request: Request { kind: ReserveTicket, customer: eb220578-0ec3-4f5c-b848-0da2679556a9, server: None, raw: .. }
Reserved ticket 6566 for customer eb220578-0ec3-4f5c-b848-0da2679556a9
Server 799bb1b2-bd8f-49e2-81f8-f7237f0eb223 received client-request: Request { kind: ReserveTicket, customer: 811cfab2-0562-41bf-b964-3b0cec6e880f, server: None, raw: .. }
Reserved ticket 6565 for customer 811cfab2-0562-41bf-b964-3b0cec6e880f
Server 799bb1b2-bd8f-49e2-81f8-f7237f0eb223 received client-request: Request { kind: ReserveTicket, customer: 5409f504-b944-48dc-a1e2-ef9039d35862, server: None, raw: .. }
Reserved ticket 6564 for customer 5409f504-b944-48dc-a1e2-ef9039d35862
Server 799bb1b2-bd8f-49e2-81f8-f7237f0eb223 received client-request: Request { kind: ReserveTicket, customer: fe8a5f93-70d7-4846-a282-850be2dc46b3, server: None, raw: .. }
Reserved ticket 6563 for customer fe8a5f93-70d7-4846-a282-850be2dc46b3
Server 799bb1b2-bd8f-49e2-81f8-f7237f0eb223 received client-request: Request { kind: ReserveTicket, customer: b9ba9737-40f8-4fa1-b185-8b507f0688b1, server: None, raw: .. }
Reserved ticket 6562 for customer b9ba9737-40f8-4fa1-b185-8b507f0688b1
Server 799bb1b2-bd8f-49e2-81f8-f7237f0eb223 received client-request: Request { kind: ReserveTicket, customer: fc448486-489c-4a7e-b07b-bd489357b48e, server: None, raw: .. }
Reserved ticket 6561 for customer fc448486-489c-4a7e-b07b-bd489357b48e
Server 799bb1b2-bd8f-49e2-81f8-f7237f0eb223 received client-request: Request { kind: ReserveTicket, customer: 937125b3-772d-4373-987b-5ebaae3ff11d, server: None, raw: .. }
Reserved ticket 6560 for customer 937125b3-772d-4373-987b-5ebaae3ff11d
Server 799bb1b2-bd8f-49e2-81f8-f7237f0eb223 received client-request: Request { kind: ReserveTicket, customer: 240023d1-af2c-47c6-9af3-ba1ec541e781, server: None, raw: .. }
Reserved ticket 6559 for customer 240023d1-af2c-47c6-9af3-ba1ec541e781
Server 799bb1b2-bd8f-49e2-81f8-f7237f0eb223 received client-request: Request { kind: ReserveTicket, customer: 502b46b6-da24-41fb-9c9b-93e652b23ee6, server: None, raw: .. }
Reserved ticket 6558 for customer 502b46b6-da24-41fb-9c9b-93e652b23ee6
Server 799bb1b2-bd8f-49e2-81f8-f7237f0eb223 received client-request: Request { kind: ReserveTicket, customer: ea479fbe-ed03-4a9f-8d28-404670fe133a, server: None, raw: .. }
Reserved ticket 6557 for customer ea479fbe-ed03-4a9f-8d28-404670fe133a
Server 799bb1b2-bd8f-49e2-81f8-f7237f0eb223 received client-request: Request { kind: ReserveTicket, customer: 6b4a1f58-de34-4ba8-bdc5-d8ea998f3f21, server: None, raw: .. }
Reserved ticket 6556 for customer 6b4a1f58-de34-4ba8-bdc5-d8ea998f3f21
Server 799bb1b2-bd8f-49e2-81f8-f7237f0eb223 received client-request: Request { kind: ReserveTicket, customer: 23b8ea32-a94f-4bcb-81e7-8c50c2fa76b9, server: None, raw: .. }
Reserved ticket 6555 for customer 23b8ea32-a94f-4bcb-81e7-8c50c2fa76b9
Server 799bb1b2-bd8f-49e2-81f8-f7237f0eb223 received client-request: Request { kind: ReserveTicket, customer: 32db7ecd-2a94-416e-aa0b-894a8496d063, server: None, raw: .. }
Reserved ticket 6554 for customer 32db7ecd-2a94-416e-aa0b-894a8496d063
Server 799bb1b2-bd8f-49e2-81f8-f7237f0eb223 received client-request: Request { kind: ReserveTicket, customer: 6443976b-1867-48b5-81b2-ff63ba6c4b60, server: None, raw: .. }
Reserved ticket 6553 for customer 6443976b-1867-48b5-81b2-ff63ba6c4b60
Server 799bb1b2-bd8f-49e2-81f8-f7237f0eb223 received client-request: Request { kind: ReserveTicket, customer: 9d669312-3d55-460e-9cbf-8232203f51e6, server: None, raw: .. }
Reserved ticket 6552 for customer 9d669312-3d55-460e-9cbf-8232203f51e6
Server 799bb1b2-bd8f-49e2-81f8-f7237f0eb223 received client-request: Request { kind: ReserveTicket, customer: 9436a158-a304-44d6-af71-49d18fe29e67, server: None, raw: .. }
Reserved ticket 6551 for customer 9436a158-a304-44d6-af71-49d18fe29e67
Server 799bb1b2-bd8f-49e2-81f8-f7237f0eb223 received client-request: Request { kind: ReserveTicket, customer: 932964a1-4f06-49ad-b46c-b4a031480a0c, server: None, raw: .. }
Reserved ticket 6550 for customer 932964a1-4f06-49ad-b46c-b4a031480a0c
Server 65a51e17-fff5-4036-8b94-6db5de4d28d8 received client-request: Request { kind: ReserveTicket, customer: f691d3c2-e3cc-41e7-bfbc-d2d88ac0fb2a, server: None, raw: .. }
Reserved ticket 6549 for customer f691d3c2-e3cc-41e7-bfbc-d2d88ac0fb2a
Server 799bb1b2-bd8f-49e2-81f8-f7237f0eb223 received client-request: Request { kind: ReserveTicket, customer: 59af935c-9b7d-4d7c-978c-bdd39266e4c8, server: None, raw: .. }
Reserved ticket 6548 for customer 59af935c-9b7d-4d7c-978c-bdd39266e4c8
Server 799bb1b2-bd8f-49e2-81f8-f7237f0eb223 received client-request: Request { kind: ReserveTicket, customer: 723b6771-4853-4be6-a732-3b0eed21387e, server: None, raw: .. }
Reserved ticket 6547 for customer 723b6771-4853-4be6-a732-3b0eed21387e
Server 799bb1b2-bd8f-49e2-81f8-f7237f0eb223 received client-request: Request { kind: ReserveTicket, customer: b16e59ad-f7dd-441e-9b72-5cdfc682c598, server: None, raw: .. }
Reserved ticket 6546 for customer b16e59ad-f7dd-441e-9b72-5cdfc682c598
Server 799bb1b2-bd8f-49e2-81f8-f7237f0eb223 received client-request: Request { kind: ReserveTicket, customer: ceeadf85-d3ad-48b0-bb5f-1e78f22bf769, server: None, raw: .. }
Reserved ticket 6545 for customer ceeadf85-d3ad-48b0-bb5f-1e78f22bf769
Server 799bb1b2-bd8f-49e2-81f8-f7237f0eb223 received client-request: Request { kind: ReserveTicket, customer: e1f7616d-51ea-43a9-b0a9-9f53531ca8b6, server: None, raw: .. }
Reserved ticket 6544 for customer e1f7616d-51ea-43a9-b0a9-9f53531ca8b6
Server 799bb1b2-bd8f-49e2-81f8-f7237f0eb223 received client-request: Request { kind: ReserveTicket, customer: 9b965078-2a10-4e91-918d-55a9aebbadaa, server: None, raw: .. }
Reserved ticket 6543 for customer 9b965078-2a10-4e91-918d-55a9aebbadaa
Server 799bb1b2-bd8f-49e2-81f8-f7237f0eb223 received client-request: Request { kind: ReserveTicket, customer: 89064735-6401-44e3-968a-637f7e05608e, server: None, raw: .. }
Reserved ticket 6542 for customer 89064735-6401-44e3-968a-637f7e05608e
Server 799bb1b2-bd8f-49e2-81f8-f7237f0eb223 received client-request: Request { kind: ReserveTicket, customer: 186c51a4-a4f5-459d-8b9c-851f605b0047, server: None, raw: .. }
Reserved ticket 6541 for customer 186c51a4-a4f5-459d-8b9c-851f605b0047
Server 799bb1b2-bd8f-49e2-81f8-f7237f0eb223 received client-request: Request { kind: ReserveTicket, customer: 68d740ab-5bd7-4da6-89e8-13d2bc4200f8, server: None, raw: .. }
Reserved ticket 6540 for customer 68d740ab-5bd7-4da6-89e8-13d2bc4200f8
Server 799bb1b2-bd8f-49e2-81f8-f7237f0eb223 received client-request: Request { kind: ReserveTicket, customer: 9bf48d5a-8fac-4f8c-8f10-44fa338a14f2, server: None, raw: .. }
Reserved ticket 6539 for customer 9bf48d5a-8fac-4f8c-8f10-44fa338a14f2
Server 799bb1b2-bd8f-49e2-81f8-f7237f0eb223 received client-request: Request { kind: ReserveTicket, customer: 382b3f61-6615-4787-bd2e-89c876d5d59e, server: None, raw: .. }
Reserved ticket 6538 for customer 382b3f61-6615-4787-bd2e-89c876d5d59e
Server 799bb1b2-bd8f-49e2-81f8-f7237f0eb223 received client-request: Request { kind: ReserveTicket, customer: 2c125ec4-e41f-4e43-af63-e643e4c9ada5, server: None, raw: .. }
Reserved ticket 6537 for customer 2c125ec4-e41f-4e43-af63-e643e4c9ada5
Server 799bb1b2-bd8f-49e2-81f8-f7237f0eb223 received client-request: Request { kind: ReserveTicket, customer: 337952e5-3d90-4a76-83b1-c1b0adb46e52, server: None, raw: .. }
Reserved ticket 6536 for customer 337952e5-3d90-4a76-83b1-c1b0adb46e52
Server 799bb1b2-bd8f-49e2-81f8-f7237f0eb223 received client-request: Request { kind: ReserveTicket, customer: 6976b1eb-06e5-49e3-b6cc-66f2ef66f30b, server: None, raw: .. }
Reserved ticket 6535 for customer 6976b1eb-06e5-49e3-b6cc-66f2ef66f30b
Server 799bb1b2-bd8f-49e2-81f8-f7237f0eb223 received client-request: Request { kind: ReserveTicket, customer: 524303d8-9d49-40f9-800f-e116591f20b2, server: None, raw: .. }
Reserved ticket 6534 for customer 524303d8-9d49-40f9-800f-e116591f20b2
Server 799bb1b2-bd8f-49e2-81f8-f7237f0eb223 received client-request: Request { kind: ReserveTicket, customer: 5409c437-e6cc-495a-8099-b55f2fa0cd10, server: None, raw: .. }
Reserved ticket 6533 for customer 5409c437-e6cc-495a-8099-b55f2fa0cd10
Server 799bb1b2-bd8f-49e2-81f8-f7237f0eb223 received client-request: Request { kind: ReserveTicket, customer: f1795475-3e68-4ec1-923f-d79b1eb2ef22, server: None, raw: .. }
Reserved ticket 6532 for customer f1795475-3e68-4ec1-923f-d79b1eb2ef22
Server 799bb1b2-bd8f-49e2-81f8-f7237f0eb223 received client-request: Request { kind: ReserveTicket, customer: c2068a50-55ae-43cc-b27d-9bd46148682b, server: None, raw: .. }
Reserved ticket 6531 for customer c2068a50-55ae-43cc-b27d-9bd46148682b
Server 799bb1b2-bd8f-49e2-81f8-f7237f0eb223 received client-request: Request { kind: ReserveTicket, customer: 836bb6aa-ee6e-4ea5-bb7e-3de2d0f449c0, server: None, raw: .. }
Reserved ticket 6530 for customer 836bb6aa-ee6e-4ea5-bb7e-3de2d0f449c0
Server 65a51e17-fff5-4036-8b94-6db5de4d28d8 received client-request: Request { kind: ReserveTicket, customer: af8146af-e3a1-41e0-9883-b47e3e18f27f, server: None, raw: .. }
Reserved ticket 6529 for customer af8146af-e3a1-41e0-9883-b47e3e18f27f
Server 799bb1b2-bd8f-49e2-81f8-f7237f0eb223 received client-request: Request { kind: ReserveTicket, customer: 7b5e25c0-47c8-478c-a539-1f33731f208d, server: None, raw: .. }
Reserved ticket 6528 for customer 7b5e25c0-47c8-478c-a539-1f33731f208d
Server 799bb1b2-bd8f-49e2-81f8-f7237f0eb223 received client-request: Request { kind: ReserveTicket, customer: 4908f2ae-a1fc-47c6-8acd-485ed0b3e64f, server: None, raw: .. }
Reserved ticket 6527 for customer 4908f2ae-a1fc-47c6-8acd-485ed0b3e64f
Server 799bb1b2-bd8f-49e2-81f8-f7237f0eb223 received client-request: Request { kind: ReserveTicket, customer: 53945c9e-f1fa-41f2-8c46-1eca8b63c909, server: None, raw: .. }
Reserved ticket 6526 for customer 53945c9e-f1fa-41f2-8c46-1eca8b63c909
Server 799bb1b2-bd8f-49e2-81f8-f7237f0eb223 received client-request: Request { kind: ReserveTicket, customer: 64a1d8c1-f771-43d5-b926-21104d6af1bb, server: None, raw: .. }
Reserved ticket 6525 for customer 64a1d8c1-f771-43d5-b926-21104d6af1bb
Server 799bb1b2-bd8f-49e2-81f8-f7237f0eb223 received client-request: Request { kind: ReserveTicket, customer: 05bc75e5-eced-4bb4-b4cb-faa651efd654, server: None, raw: .. }
Reserved ticket 6524 for customer 05bc75e5-eced-4bb4-b4cb-faa651efd654
Server 799bb1b2-bd8f-49e2-81f8-f7237f0eb223 received client-request: Request { kind: ReserveTicket, customer: cb27d254-4e93-4591-9c27-135a668f43db, server: None, raw: .. }
Reserved ticket 6523 for customer cb27d254-4e93-4591-9c27-135a668f43db
Server 799bb1b2-bd8f-49e2-81f8-f7237f0eb223 received client-request: Request { kind: ReserveTicket, customer: 350c4cd0-30fd-40ba-8ca9-218a070ab94d, server: None, raw: .. }
Reserved ticket 6522 for customer 350c4cd0-30fd-40ba-8ca9-218a070ab94d
Server 799bb1b2-bd8f-49e2-81f8-f7237f0eb223 received client-request: Request { kind: ReserveTicket, customer: 0cb29021-f971-44e9-b2b4-e5eb4fedc1b1, server: None, raw: .. }
Reserved ticket 6521 for customer 0cb29021-f971-44e9-b2b4-e5eb4fedc1b1
Server 799bb1b2-bd8f-49e2-81f8-f7237f0eb223 received client-request: Request { kind: ReserveTicket, customer: 1fece83e-7680-4fdd-a313-b0536df87475, server: None, raw: .. }
Reserved ticket 6520 for customer 1fece83e-7680-4fdd-a313-b0536df87475
Server 799bb1b2-bd8f-49e2-81f8-f7237f0eb223 received client-request: Request { kind: ReserveTicket, customer: eb7f17ea-9ebc-42e9-acbb-e969f8e4462c, server: None, raw: .. }
Reserved ticket 6519 for customer eb7f17ea-9ebc-42e9-acbb-e969f8e4462c
Server 799bb1b2-bd8f-49e2-81f8-f7237f0eb223 received client-request: Request { kind: ReserveTicket, customer: 2aba3048-c76e-44a6-ba2d-33804b723ab0, server: None, raw: .. }
Reserved ticket 6518 for customer 2aba3048-c76e-44a6-ba2d-33804b723ab0
Server 799bb1b2-bd8f-49e2-81f8-f7237f0eb223 received client-request: Request { kind: ReserveTicket, customer: 8ce65e3f-12d2-481b-aee6-d5939b22bfb0, server: None, raw: .. }
Reserved ticket 6517 for customer 8ce65e3f-12d2-481b-aee6-d5939b22bfb0
Server 799bb1b2-bd8f-49e2-81f8-f7237f0eb223 received client-request: Request { kind: ReserveTicket, customer: dacff5c3-98e3-492d-89ed-5cf4dcc59bd5, server: None, raw: .. }
Reserved ticket 6516 for customer dacff5c3-98e3-492d-89ed-5cf4dcc59bd5
Server 799bb1b2-bd8f-49e2-81f8-f7237f0eb223 received client-request: Request { kind: ReserveTicket, customer: ae7c522e-e0e8-4ab1-8698-378f58d2b8d4, server: None, raw: .. }
Reserved ticket 6515 for customer ae7c522e-e0e8-4ab1-8698-378f58d2b8d4
Server 799bb1b2-bd8f-49e2-81f8-f7237f0eb223 received client-request: Request { kind: ReserveTicket, customer: ed7ec4ea-3644-4ab3-a344-4c24aea3bb4a, server: None, raw: .. }
Reserved ticket 6514 for customer ed7ec4ea-3644-4ab3-a344-4c24aea3bb4a
Server 799bb1b2-bd8f-49e2-81f8-f7237f0eb223 received client-request: Request { kind: ReserveTicket, customer: 3a6fe9a1-f2f6-40a9-8c18-7d843717d3ec, server: None, raw: .. }
Reserved ticket 6513 for customer 3a6fe9a1-f2f6-40a9-8c18-7d843717d3ec
Server 799bb1b2-bd8f-49e2-81f8-f7237f0eb223 received client-request: Request { kind: ReserveTicket, customer: caca054b-4ca7-4a1c-b155-9320631198a1, server: None, raw: .. }
Reserved ticket 6512 for customer caca054b-4ca7-4a1c-b155-9320631198a1
Server 799bb1b2-bd8f-49e2-81f8-f7237f0eb223 received client-request: Request { kind: ReserveTicket, customer: 41bb17cb-b6b8-4289-af1e-a7ee15afc2d7, server: None, raw: .. }
Reserved ticket 6511 for customer 41bb17cb-b6b8-4289-af1e-a7ee15afc2d7
Server 799bb1b2-bd8f-49e2-81f8-f7237f0eb223 received client-request: Request { kind: ReserveTicket, customer: e63eccb0-cefa-4481-af0e-0579cbc9c0b6, server: None, raw: .. }
Reserved ticket 6510 for customer e63eccb0-cefa-4481-af0e-0579cbc9c0b6
Server 65a51e17-fff5-4036-8b94-6db5de4d28d8 received client-request: Request { kind: ReserveTicket, customer: 9da58592-d325-464f-b373-ad7fe74ca5b0, server: None, raw: .. }
Reserved ticket 6509 for customer 9da58592-d325-464f-b373-ad7fe74ca5b0
Server 799bb1b2-bd8f-49e2-81f8-f7237f0eb223 received client-request: Request { kind: ReserveTicket, customer: 36bb2819-3739-45f0-a048-ae84331bc082, server: None, raw: .. }
Reserved ticket 6508 for customer 36bb2819-3739-45f0-a048-ae84331bc082
Server 799bb1b2-bd8f-49e2-81f8-f7237f0eb223 received client-request: Request { kind: ReserveTicket, customer: 78acf9c9-715a-4aa6-b3eb-ed23c40be55d, server: None, raw: .. }
Reserved ticket 6507 for customer 78acf9c9-715a-4aa6-b3eb-ed23c40be55d
Server 799bb1b2-bd8f-49e2-81f8-f7237f0eb223 received client-request: Request { kind: ReserveTicket, customer: 39088c94-1cc8-4866-af9c-7b3919c0b0d9, server: None, raw: .. }
Reserved ticket 6506 for customer 39088c94-1cc8-4866-af9c-7b3919c0b0d9
Server 799bb1b2-bd8f-49e2-81f8-f7237f0eb223 received client-request: Request { kind: ReserveTicket, customer: dba0c2fc-557e-441f-a4b7-d15fc03b1f5c, server: None, raw: .. }
Reserved ticket 6505 for customer dba0c2fc-557e-441f-a4b7-d15fc03b1f5c
Server 799bb1b2-bd8f-49e2-81f8-f7237f0eb223 received client-request: Request { kind: ReserveTicket, customer: 3f684e71-3255-4e6d-aa84-881dc6e45614, server: None, raw: .. }
Reserved ticket 6504 for customer 3f684e71-3255-4e6d-aa84-881dc6e45614
Server 799bb1b2-bd8f-49e2-81f8-f7237f0eb223 received client-request: Request { kind: ReserveTicket, customer: 076b3d1d-5de8-4d42-b688-49af61fd3b50, server: None, raw: .. }
Reserved ticket 6503 for customer 076b3d1d-5de8-4d42-b688-49af61fd3b50
Server 799bb1b2-bd8f-49e2-81f8-f7237f0eb223 received client-request: Request { kind: ReserveTicket, customer: 82ba9e43-c8fa-42bf-aa56-9447d5de4f9f, server: None, raw: .. }
Reserved ticket 6502 for customer 82ba9e43-c8fa-42bf-aa56-9447d5de4f9f
Server 799bb1b2-bd8f-49e2-81f8-f7237f0eb223 received client-request: Request { kind: ReserveTicket, customer: 061e5cda-cb57-4aa8-b2a4-3e7b19eb9058, server: None, raw: .. }
Reserved ticket 6501 for customer 061e5cda-cb57-4aa8-b2a4-3e7b19eb9058
Server 799bb1b2-bd8f-49e2-81f8-f7237f0eb223 received client-request: Request { kind: ReserveTicket, customer: 5a10125d-de1b-44f2-be00-36ddeb94e3d2, server: None, raw: .. }
Reserved ticket 6500 for customer 5a10125d-de1b-44f2-be00-36ddeb94e3d2
Server 799bb1b2-bd8f-49e2-81f8-f7237f0eb223 received client-request: Request { kind: ReserveTicket, customer: 44c617f0-0cf3-4829-b079-71c875bf5256, server: None, raw: .. }
Reserved ticket 6499 for customer 44c617f0-0cf3-4829-b079-71c875bf5256
Server 799bb1b2-bd8f-49e2-81f8-f7237f0eb223 received client-request: Request { kind: ReserveTicket, customer: e8db858f-a42f-4176-b117-473e6a34de6e, server: None, raw: .. }
Reserved ticket 6498 for customer e8db858f-a42f-4176-b117-473e6a34de6e
Server 799bb1b2-bd8f-49e2-81f8-f7237f0eb223 received client-request: Request { kind: ReserveTicket, customer: bc169f4c-0bc4-4b75-86cb-e4aab3f7f59a, server: None, raw: .. }
Reserved ticket 6497 for customer bc169f4c-0bc4-4b75-86cb-e4aab3f7f59a
Server 799bb1b2-bd8f-49e2-81f8-f7237f0eb223 received client-request: Request { kind: ReserveTicket, customer: e91a163d-9ee7-463a-9f59-7a6943f9e3b7, server: None, raw: .. }
Reserved ticket 6496 for customer e91a163d-9ee7-463a-9f59-7a6943f9e3b7
Server 799bb1b2-bd8f-49e2-81f8-f7237f0eb223 received client-request: Request { kind: ReserveTicket, customer: db6815f5-32e8-4936-b402-11d27d4778bd, server: None, raw: .. }
Reserved ticket 6495 for customer db6815f5-32e8-4936-b402-11d27d4778bd
Server 799bb1b2-bd8f-49e2-81f8-f7237f0eb223 received client-request: Request { kind: ReserveTicket, customer: 7bb6285d-856c-438e-952a-2a5d383a6f13, server: None, raw: .. }
Reserved ticket 6494 for customer 7bb6285d-856c-438e-952a-2a5d383a6f13
Server 799bb1b2-bd8f-49e2-81f8-f7237f0eb223 received client-request: Request { kind: ReserveTicket, customer: 22afb3d4-1fef-45d3-b2e6-3ae78fe1b0dd, server: None, raw: .. }
Reserved ticket 6493 for customer 22afb3d4-1fef-45d3-b2e6-3ae78fe1b0dd
Server 799bb1b2-bd8f-49e2-81f8-f7237f0eb223 received client-request: Request { kind: ReserveTicket, customer: 39376328-37dc-4dd4-9fe6-c2c462cc54cc, server: None, raw: .. }
Reserved ticket 6492 for customer 39376328-37dc-4dd4-9fe6-c2c462cc54cc
Server 799bb1b2-bd8f-49e2-81f8-f7237f0eb223 received client-request: Request { kind: ReserveTicket, customer: 0fbf26c7-760a-4982-8979-c74ff50f194e, server: None, raw: .. }
Reserved ticket 6491 for customer 0fbf26c7-760a-4982-8979-c74ff50f194e
Server 799bb1b2-bd8f-49e2-81f8-f7237f0eb223 received client-request: Request { kind: ReserveTicket, customer: edec6ae1-adb0-40aa-9f31-fd5139709474, server: None, raw: .. }
Reserved ticket 6490 for customer edec6ae1-adb0-40aa-9f31-fd5139709474
Server 65a51e17-fff5-4036-8b94-6db5de4d28d8 received client-request: Request { kind: ReserveTicket, customer: a7125eb4-a1cc-401c-af1d-6aa1a5fa759e, server: None, raw: .. }
Reserved ticket 6489 for customer a7125eb4-a1cc-401c-af1d-6aa1a5fa759e
Server 799bb1b2-bd8f-49e2-81f8-f7237f0eb223 received client-request: Request { kind: ReserveTicket, customer: 5a7029a9-86ab-4fe9-b66b-57741f71d220, server: None, raw: .. }
Reserved ticket 6488 for customer 5a7029a9-86ab-4fe9-b66b-57741f71d220
Server 799bb1b2-bd8f-49e2-81f8-f7237f0eb223 received client-request: Request { kind: ReserveTicket, customer: 1910668e-ead8-41a2-9631-7af2dce3e6b6, server: None, raw: .. }
Reserved ticket 6487 for customer 1910668e-ead8-41a2-9631-7af2dce3e6b6
Server 799bb1b2-bd8f-49e2-81f8-f7237f0eb223 received client-request: Request { kind: ReserveTicket, customer: a3c9ae2e-e33b-43dd-ba79-ce1d0245b88a, server: None, raw: .. }
Reserved ticket 6486 for customer a3c9ae2e-e33b-43dd-ba79-ce1d0245b88a
Server 799bb1b2-bd8f-49e2-81f8-f7237f0eb223 received client-request: Request { kind: ReserveTicket, customer: fb3099f0-b898-4295-9335-167579f88863, server: None, raw: .. }
Reserved ticket 6485 for customer fb3099f0-b898-4295-9335-167579f88863
Server 799bb1b2-bd8f-49e2-81f8-f7237f0eb223 received client-request: Request { kind: ReserveTicket, customer: f89e9167-9bb2-46ee-94aa-ae9d167f638e, server: None, raw: .. }
Reserved ticket 6484 for customer f89e9167-9bb2-46ee-94aa-ae9d167f638e
Server 799bb1b2-bd8f-49e2-81f8-f7237f0eb223 received client-request: Request { kind: ReserveTicket, customer: b002ace1-2023-42c2-b2b6-776d84b8e87b, server: None, raw: .. }
Reserved ticket 6483 for customer b002ace1-2023-42c2-b2b6-776d84b8e87b
Server 799bb1b2-bd8f-49e2-81f8-f7237f0eb223 received client-request: Request { kind: ReserveTicket, customer: 3f01f7b6-b783-473c-920a-fad698470289, server: None, raw: .. }
Reserved ticket 6482 for customer 3f01f7b6-b783-473c-920a-fad698470289
Server 799bb1b2-bd8f-49e2-81f8-f7237f0eb223 received client-request: Request { kind: ReserveTicket, customer: 2ffd131e-7769-4545-8c47-2d1f6d3e1069, server: None, raw: .. }
Reserved ticket 6481 for customer 2ffd131e-7769-4545-8c47-2d1f6d3e1069
Server 799bb1b2-bd8f-49e2-81f8-f7237f0eb223 received client-request: Request { kind: ReserveTicket, customer: 84aeb2d4-1e7f-4dc0-b0b3-e8864afd7c6a, server: None, raw: .. }
Reserved ticket 6480 for customer 84aeb2d4-1e7f-4dc0-b0b3-e8864afd7c6a
Server 799bb1b2-bd8f-49e2-81f8-f7237f0eb223 received client-request: Request { kind: ReserveTicket, customer: 03f32641-f1ef-4125-a6bf-c2e612dd497f, server: None, raw: .. }
Reserved ticket 6479 for customer 03f32641-f1ef-4125-a6bf-c2e612dd497f
Server 799bb1b2-bd8f-49e2-81f8-f7237f0eb223 received client-request: Request { kind: ReserveTicket, customer: 3f0ca1a9-bace-422d-873c-082204e6df01, server: None, raw: .. }
Reserved ticket 6478 for customer 3f0ca1a9-bace-422d-873c-082204e6df01
Server 799bb1b2-bd8f-49e2-81f8-f7237f0eb223 received client-request: Request { kind: ReserveTicket, customer: 52fdbba7-bdcf-499e-87d4-8869e3a63fc1, server: None, raw: .. }
Reserved ticket 6477 for customer 52fdbba7-bdcf-499e-87d4-8869e3a63fc1
Server 799bb1b2-bd8f-49e2-81f8-f7237f0eb223 received client-request: Request { kind: ReserveTicket, customer: 76c99d08-f261-4fd7-a447-ab9cb1a63c3d, server: None, raw: .. }
Reserved ticket 6476 for customer 76c99d08-f261-4fd7-a447-ab9cb1a63c3d
Server 799bb1b2-bd8f-49e2-81f8-f7237f0eb223 received client-request: Request { kind: ReserveTicket, customer: 8a407b96-901f-41a3-8d68-900851dd0da3, server: None, raw: .. }
Reserved ticket 6475 for customer 8a407b96-901f-41a3-8d68-900851dd0da3
Server 799bb1b2-bd8f-49e2-81f8-f7237f0eb223 received client-request: Request { kind: ReserveTicket, customer: 92f94f58-a36f-49ad-9ff1-cd967cd214eb, server: None, raw: .. }
Reserved ticket 6474 for customer 92f94f58-a36f-49ad-9ff1-cd967cd214eb
Server 799bb1b2-bd8f-49e2-81f8-f7237f0eb223 received client-request: Request { kind: ReserveTicket, customer: d02a8675-b5df-4470-a396-047817d0e7c9, server: None, raw: .. }
Reserved ticket 6473 for customer d02a8675-b5df-4470-a396-047817d0e7c9
Server 799bb1b2-bd8f-49e2-81f8-f7237f0eb223 received client-request: Request { kind: ReserveTicket, customer: df2018fb-d3b0-4a18-8899-be68562b70c3, server: None, raw: .. }
Reserved ticket 6472 for customer df2018fb-d3b0-4a18-8899-be68562b70c3
Server 799bb1b2-bd8f-49e2-81f8-f7237f0eb223 received client-request: Request { kind: ReserveTicket, customer: d4e6c7a0-5366-4626-b8de-2fb65288f9ce, server: None, raw: .. }
Reserved ticket 6471 for customer d4e6c7a0-5366-4626-b8de-2fb65288f9ce
Server 799bb1b2-bd8f-49e2-81f8-f7237f0eb223 received client-request: Request { kind: ReserveTicket, customer: 6c86c910-c363-4e91-9347-26c8b00f50ea, server: None, raw: .. }
Reserved ticket 6470 for customer 6c86c910-c363-4e91-9347-26c8b00f50ea
Server 65a51e17-fff5-4036-8b94-6db5de4d28d8 received client-request: Request { kind: ReserveTicket, customer: 83946514-4f8e-4094-8d21-21f13401a030, server: None, raw: .. }
Reserved ticket 6469 for customer 83946514-4f8e-4094-8d21-21f13401a030
Server 799bb1b2-bd8f-49e2-81f8-f7237f0eb223 received client-request: Request { kind: ReserveTicket, customer: e7daa0b0-ef57-41b7-9a30-ef91fbab9055, server: None, raw: .. }
Reserved ticket 6468 for customer e7daa0b0-ef57-41b7-9a30-ef91fbab9055
Server 799bb1b2-bd8f-49e2-81f8-f7237f0eb223 received client-request: Request { kind: ReserveTicket, customer: 61afdf0f-7ef3-442f-bb2f-eab019e15379, server: None, raw: .. }
Reserved ticket 6467 for customer 61afdf0f-7ef3-442f-bb2f-eab019e15379
Server 799bb1b2-bd8f-49e2-81f8-f7237f0eb223 received client-request: Request { kind: ReserveTicket, customer: c2cb48c6-3adb-40ef-9e5d-99e117713649, server: None, raw: .. }
Reserved ticket 6466 for customer c2cb48c6-3adb-40ef-9e5d-99e117713649
Server 799bb1b2-bd8f-49e2-81f8-f7237f0eb223 received client-request: Request { kind: ReserveTicket, customer: 76303f0a-45de-49ee-88fa-fbb700dc08cb, server: None, raw: .. }
Reserved ticket 6465 for customer 76303f0a-45de-49ee-88fa-fbb700dc08cb
Server 799bb1b2-bd8f-49e2-81f8-f7237f0eb223 received client-request: Request { kind: ReserveTicket, customer: a6426695-25df-443b-8251-78e1c1e0ecc1, server: None, raw: .. }
Reserved ticket 6464 for customer a6426695-25df-443b-8251-78e1c1e0ecc1
Server 799bb1b2-bd8f-49e2-81f8-f7237f0eb223 received client-request: Request { kind: ReserveTicket, customer: 4c46eb82-3d41-447e-9831-57f91bd04e00, server: None, raw: .. }
Reserved ticket 6463 for customer 4c46eb82-3d41-447e-9831-57f91bd04e00
Server 799bb1b2-bd8f-49e2-81f8-f7237f0eb223 received client-request: Request { kind: ReserveTicket, customer: a146c36f-13d5-4acf-89f3-4eb7c8188142, server: None, raw: .. }
Reserved ticket 6462 for customer a146c36f-13d5-4acf-89f3-4eb7c8188142
Server 799bb1b2-bd8f-49e2-81f8-f7237f0eb223 received client-request: Request { kind: ReserveTicket, customer: 02050f72-7a30-44f1-9e34-58af94822911, server: None, raw: .. }
Reserved ticket 6461 for customer 02050f72-7a30-44f1-9e34-58af94822911
Server 799bb1b2-bd8f-49e2-81f8-f7237f0eb223 received client-request: Request { kind: ReserveTicket, customer: 12c23b0e-12b6-4e58-92d0-c29d8ffdd9ca, server: None, raw: .. }
Reserved ticket 6460 for customer 12c23b0e-12b6-4e58-92d0-c29d8ffdd9ca
Server 799bb1b2-bd8f-49e2-81f8-f7237f0eb223 received client-request: Request { kind: ReserveTicket, customer: 80e3202c-bb70-40cc-b3f7-befb3e850c3b, server: None, raw: .. }
Reserved ticket 6459 for customer 80e3202c-bb70-40cc-b3f7-befb3e850c3b
Server 799bb1b2-bd8f-49e2-81f8-f7237f0eb223 received client-request: Request { kind: ReserveTicket, customer: ecf38be4-8646-4d39-836d-8e7c23d5632a, server: None, raw: .. }
Reserved ticket 6458 for customer ecf38be4-8646-4d39-836d-8e7c23d5632a
Server 799bb1b2-bd8f-49e2-81f8-f7237f0eb223 received client-request: Request { kind: ReserveTicket, customer: 2aa3356f-f5cd-4525-9044-69b829cc1d95, server: None, raw: .. }
Reserved ticket 6457 for customer 2aa3356f-f5cd-4525-9044-69b829cc1d95
Server 799bb1b2-bd8f-49e2-81f8-f7237f0eb223 received client-request: Request { kind: ReserveTicket, customer: da5060fa-9532-4c74-b040-70436c4a69d3, server: None, raw: .. }
Reserved ticket 6456 for customer da5060fa-9532-4c74-b040-70436c4a69d3
Server 799bb1b2-bd8f-49e2-81f8-f7237f0eb223 received client-request: Request { kind: ReserveTicket, customer: 369fd8e9-7d11-4959-9f01-7418022679ca, server: None, raw: .. }
Reserved ticket 6455 for customer 369fd8e9-7d11-4959-9f01-7418022679ca
Server 799bb1b2-bd8f-49e2-81f8-f7237f0eb223 received client-request: Request { kind: ReserveTicket, customer: 087d867c-70e7-4ad9-b48c-66f1ae2781e9, server: None, raw: .. }
Reserved ticket 6454 for customer 087d867c-70e7-4ad9-b48c-66f1ae2781e9
Server 799bb1b2-bd8f-49e2-81f8-f7237f0eb223 received client-request: Request { kind: ReserveTicket, customer: f24c18cd-5f8a-4aa6-9c6a-ea3fcadc36f1, server: None, raw: .. }
Reserved ticket 6453 for customer f24c18cd-5f8a-4aa6-9c6a-ea3fcadc36f1
Server 799bb1b2-bd8f-49e2-81f8-f7237f0eb223 received client-request: Request { kind: ReserveTicket, customer: 7a54ac45-58a3-4062-85e5-147fbd6da949, server: None, raw: .. }
Reserved ticket 6452 for customer 7a54ac45-58a3-4062-85e5-147fbd6da949
Server 799bb1b2-bd8f-49e2-81f8-f7237f0eb223 received client-request: Request { kind: ReserveTicket, customer: 0591e2e8-f221-4611-80fe-f74272e4fca8, server: None, raw: .. }
Reserved ticket 6451 for customer 0591e2e8-f221-4611-80fe-f74272e4fca8
Server 799bb1b2-bd8f-49e2-81f8-f7237f0eb223 received client-request: Request { kind: ReserveTicket, customer: 3cf90f45-eef2-48a9-be30-e28da492b046, server: None, raw: .. }
Reserved ticket 6450 for customer 3cf90f45-eef2-48a9-be30-e28da492b046
Server 65a51e17-fff5-4036-8b94-6db5de4d28d8 received client-request: Request { kind: ReserveTicket, customer: 4426c6ad-8179-4d3d-8615-207709c89b6e, server: None, raw: .. }
Reserved ticket 6449 for customer 4426c6ad-8179-4d3d-8615-207709c89b6e
Server 799bb1b2-bd8f-49e2-81f8-f7237f0eb223 received client-request: Request { kind: ReserveTicket, customer: 3f7b4dfe-df67-451f-80b9-8e86b7256f7b, server: None, raw: .. }
Reserved ticket 6448 for customer 3f7b4dfe-df67-451f-80b9-8e86b7256f7b
Server 799bb1b2-bd8f-49e2-81f8-f7237f0eb223 received client-request: Request { kind: ReserveTicket, customer: f2459c4e-5406-4e48-a856-2cbff52ecd0c, server: None, raw: .. }
Reserved ticket 6447 for customer f2459c4e-5406-4e48-a856-2cbff52ecd0c
Server 799bb1b2-bd8f-49e2-81f8-f7237f0eb223 received client-request: Request { kind: ReserveTicket, customer: 8e75c45b-d4a8-4479-ad31-4b68eea98d67, server: None, raw: .. }
Reserved ticket 6446 for customer 8e75c45b-d4a8-4479-ad31-4b68eea98d67
Server 799bb1b2-bd8f-49e2-81f8-f7237f0eb223 received client-request: Request { kind: ReserveTicket, customer: 2b0cb299-a984-4047-8bca-add18b74bca0, server: None, raw: .. }
Reserved ticket 6445 for customer 2b0cb299-a984-4047-8bca-add18b74bca0
Server 799bb1b2-bd8f-49e2-81f8-f7237f0eb223 received client-request: Request { kind: ReserveTicket, customer: f5da5239-a812-4057-ac00-1216a84c48af, server: None, raw: .. }
Reserved ticket 6444 for customer f5da5239-a812-4057-ac00-1216a84c48af
Server 799bb1b2-bd8f-49e2-81f8-f7237f0eb223 received client-request: Request { kind: ReserveTicket, customer: 06402a09-c3cf-4ce1-8a6a-6f617b90d2ab, server: None, raw: .. }
Reserved ticket 6443 for customer 06402a09-c3cf-4ce1-8a6a-6f617b90d2ab
Server 799bb1b2-bd8f-49e2-81f8-f7237f0eb223 received client-request: Request { kind: ReserveTicket, customer: ed1ecab1-805f-4b1e-ba3c-80e420e37e57, server: None, raw: .. }
Reserved ticket 6442 for customer ed1ecab1-805f-4b1e-ba3c-80e420e37e57
Server 799bb1b2-bd8f-49e2-81f8-f7237f0eb223 received client-request: Request { kind: ReserveTicket, customer: bfbb9cff-b4a6-4989-87a6-edbc18ac22cc, server: None, raw: .. }
Reserved ticket 6441 for customer bfbb9cff-b4a6-4989-87a6-edbc18ac22cc
Server 799bb1b2-bd8f-49e2-81f8-f7237f0eb223 received client-request: Request { kind: ReserveTicket, customer: 0c8777a2-1234-4267-b773-bc8c9542ab14, server: None, raw: .. }
Reserved ticket 6440 for customer 0c8777a2-1234-4267-b773-bc8c9542ab14
Server 799bb1b2-bd8f-49e2-81f8-f7237f0eb223 received client-request: Request { kind: ReserveTicket, customer: 26590468-86d8-4609-97c8-0fe008d2aaf4, server: None, raw: .. }
Reserved ticket 6439 for customer 26590468-86d8-4609-97c8-0fe008d2aaf4
Server 799bb1b2-bd8f-49e2-81f8-f7237f0eb223 received client-request: Request { kind: ReserveTicket, customer: 6b41dcbd-f85c-401f-82dd-06b260dc2807, server: None, raw: .. }
Reserved ticket 6438 for customer 6b41dcbd-f85c-401f-82dd-06b260dc2807
Server 799bb1b2-bd8f-49e2-81f8-f7237f0eb223 received client-request: Request { kind: ReserveTicket, customer: 53ea4569-cef3-4385-9ab7-62462b1fa282, server: None, raw: .. }
Reserved ticket 6437 for customer 53ea4569-cef3-4385-9ab7-62462b1fa282
Server 799bb1b2-bd8f-49e2-81f8-f7237f0eb223 received client-request: Request { kind: ReserveTicket, customer: c99d8eb6-1730-4131-9f67-2f35cfef3105, server: None, raw: .. }
Reserved ticket 6436 for customer c99d8eb6-1730-4131-9f67-2f35cfef3105
Server 799bb1b2-bd8f-49e2-81f8-f7237f0eb223 received client-request: Request { kind: ReserveTicket, customer: 92e55130-81e7-4405-824d-2a16a191c2bf, server: None, raw: .. }
Reserved ticket 6435 for customer 92e55130-81e7-4405-824d-2a16a191c2bf
Server 799bb1b2-bd8f-49e2-81f8-f7237f0eb223 received client-request: Request { kind: ReserveTicket, customer: 98634938-e643-4aa4-ab56-53f6a8600a10, server: None, raw: .. }
Reserved ticket 6434 for customer 98634938-e643-4aa4-ab56-53f6a8600a10
Server 799bb1b2-bd8f-49e2-81f8-f7237f0eb223 received client-request: Request { kind: ReserveTicket, customer: 03a9fb6c-4119-4c0c-bbce-d0401872237b, server: None, raw: .. }
Reserved ticket 6433 for customer 03a9fb6c-4119-4c0c-bbce-d0401872237b
Server 799bb1b2-bd8f-49e2-81f8-f7237f0eb223 received client-request: Request { kind: ReserveTicket, customer: 6faf1af0-f2a5-4d69-b0f6-1a2a9a98ef93, server: None, raw: .. }
Reserved ticket 6432 for customer 6faf1af0-f2a5-4d69-b0f6-1a2a9a98ef93
Server 799bb1b2-bd8f-49e2-81f8-f7237f0eb223 received client-request: Request { kind: ReserveTicket, customer: 6dafa5a5-cdb6-43de-a5a4-41f1b03d94e8, server: None, raw: .. }
Reserved ticket 6431 for customer 6dafa5a5-cdb6-43de-a5a4-41f1b03d94e8
Server 799bb1b2-bd8f-49e2-81f8-f7237f0eb223 received client-request: Request { kind: ReserveTicket, customer: c5c9a95e-cf9b-411c-8ae3-ecb6225d5e19, server: None, raw: .. }
Reserved ticket 6430 for customer c5c9a95e-cf9b-411c-8ae3-ecb6225d5e19
Server 65a51e17-fff5-4036-8b94-6db5de4d28d8 received client-request: Request { kind: ReserveTicket, customer: f9918d9f-e014-4870-8416-60914e314919, server: None, raw: .. }
Reserved ticket 6429 for customer f9918d9f-e014-4870-8416-60914e314919
Server 799bb1b2-bd8f-49e2-81f8-f7237f0eb223 received client-request: Request { kind: ReserveTicket, customer: 47bfd7af-865a-489b-baad-94ebdd6b93ea, server: None, raw: .. }
Reserved ticket 6428 for customer 47bfd7af-865a-489b-baad-94ebdd6b93ea
Server 799bb1b2-bd8f-49e2-81f8-f7237f0eb223 received client-request: Request { kind: ReserveTicket, customer: 8831e480-6897-40bd-bfdd-597e4354f8aa, server: None, raw: .. }
Reserved ticket 6427 for customer 8831e480-6897-40bd-bfdd-597e4354f8aa
Server 799bb1b2-bd8f-49e2-81f8-f7237f0eb223 received client-request: Request { kind: ReserveTicket, customer: 066da6f8-416b-497c-9406-00ba78266c02, server: None, raw: .. }
Reserved ticket 6426 for customer 066da6f8-416b-497c-9406-00ba78266c02
Server 799bb1b2-bd8f-49e2-81f8-f7237f0eb223 received client-request: Request { kind: ReserveTicket, customer: ff91e8a8-9edb-4e3d-b8ab-a08bf8549aeb, server: None, raw: .. }
Reserved ticket 6425 for customer ff91e8a8-9edb-4e3d-b8ab-a08bf8549aeb
Server 799bb1b2-bd8f-49e2-81f8-f7237f0eb223 received client-request: Request { kind: ReserveTicket, customer: 7ac6df2f-0ee4-4d62-9ba6-8b94488d8764, server: None, raw: .. }
Reserved ticket 6424 for customer 7ac6df2f-0ee4-4d62-9ba6-8b94488d8764
Server 799bb1b2-bd8f-49e2-81f8-f7237f0eb223 received client-request: Request { kind: ReserveTicket, customer: e7157ec9-1f26-4622-9c0d-c6dfdd0538ac, server: None, raw: .. }
Reserved ticket 6423 for customer e7157ec9-1f26-4622-9c0d-c6dfdd0538ac
Server 799bb1b2-bd8f-49e2-81f8-f7237f0eb223 received client-request: Request { kind: ReserveTicket, customer: 0b5597e6-97ee-4ac9-8e76-4fa9509cabf6, server: None, raw: .. }
Reserved ticket 6422 for customer 0b5597e6-97ee-4ac9-8e76-4fa9509cabf6
Server 799bb1b2-bd8f-49e2-81f8-f7237f0eb223 received client-request: Request { kind: ReserveTicket, customer: 54e56432-3407-44c3-b927-989d5982cb5e, server: None, raw: .. }
Reserved ticket 6421 for customer 54e56432-3407-44c3-b927-989d5982cb5e
Server 799bb1b2-bd8f-49e2-81f8-f7237f0eb223 received client-request: Request { kind: ReserveTicket, customer: d0d4b461-e0f1-4a64-9b2c-f730186c2c2a, server: None, raw: .. }
Reserved ticket 6420 for customer d0d4b461-e0f1-4a64-9b2c-f730186c2c2a
Server 799bb1b2-bd8f-49e2-81f8-f7237f0eb223 received client-request: Request { kind: ReserveTicket, customer: c5ceb0cb-648f-446c-96a7-d82a7fda7b10, server: None, raw: .. }
Reserved ticket 6419 for customer c5ceb0cb-648f-446c-96a7-d82a7fda7b10
Server 799bb1b2-bd8f-49e2-81f8-f7237f0eb223 received client-request: Request { kind: ReserveTicket, customer: f5c37cb2-709c-4da9-a190-dc9d28279b58, server: None, raw: .. }
Reserved ticket 6418 for customer f5c37cb2-709c-4da9-a190-dc9d28279b58
Server 799bb1b2-bd8f-49e2-81f8-f7237f0eb223 received client-request: Request { kind: ReserveTicket, customer: b98f2b5b-85b2-4691-8b0c-f94478cb1406, server: None, raw: .. }
Reserved ticket 6417 for customer b98f2b5b-85b2-4691-8b0c-f94478cb1406
Server 799bb1b2-bd8f-49e2-81f8-f7237f0eb223 received client-request: Request { kind: ReserveTicket, customer: b9c81541-052d-4291-b486-3dede56fb2cd, server: None, raw: .. }
Reserved ticket 6416 for customer b9c81541-052d-4291-b486-3dede56fb2cd
Server 799bb1b2-bd8f-49e2-81f8-f7237f0eb223 received client-request: Request { kind: ReserveTicket, customer: 03508111-1cdd-4829-857d-4f8ed9495e61, server: None, raw: .. }
Reserved ticket 6415 for customer 03508111-1cdd-4829-857d-4f8ed9495e61
Server 799bb1b2-bd8f-49e2-81f8-f7237f0eb223 received client-request: Request { kind: ReserveTicket, customer: ed9061ab-89e3-446a-8743-b2a6e908083a, server: None, raw: .. }
Reserved ticket 6414 for customer ed9061ab-89e3-446a-8743-b2a6e908083a
Server 799bb1b2-bd8f-49e2-81f8-f7237f0eb223 received client-request: Request { kind: ReserveTicket, customer: a4548c63-d31c-4d09-b6e1-0dc9835c34f9, server: None, raw: .. }
Reserved ticket 6413 for customer a4548c63-d31c-4d09-b6e1-0dc9835c34f9
Server 799bb1b2-bd8f-49e2-81f8-f7237f0eb223 received client-request: Request { kind: ReserveTicket, customer: 453a4685-839f-4a95-8185-852387109fc8, server: None, raw: .. }
Reserved ticket 6412 for customer 453a4685-839f-4a95-8185-852387109fc8
Server 799bb1b2-bd8f-49e2-81f8-f7237f0eb223 received client-request: Request { kind: ReserveTicket, customer: 12e55f71-8e5f-41d5-bff1-e3e8c1144ecd, server: None, raw: .. }
Reserved ticket 6411 for customer 12e55f71-8e5f-41d5-bff1-e3e8c1144ecd
Server 799bb1b2-bd8f-49e2-81f8-f7237f0eb223 received client-request: Request { kind: ReserveTicket, customer: 1da5c1f5-d70d-495a-90b7-c7e8c5d1a241, server: None, raw: .. }
Reserved ticket 6410 for customer 1da5c1f5-d70d-495a-90b7-c7e8c5d1a241
Server 65a51e17-fff5-4036-8b94-6db5de4d28d8 received client-request: Request { kind: ReserveTicket, customer: b7fc15f9-add7-42d2-adbd-8c57039337c5, server: None, raw: .. }
Reserved ticket 6409 for customer b7fc15f9-add7-42d2-adbd-8c57039337c5
Server 799bb1b2-bd8f-49e2-81f8-f7237f0eb223 received client-request: Request { kind: ReserveTicket, customer: 9e5d24da-7077-4e33-bc10-504c8cfb5823, server: None, raw: .. }
Reserved ticket 6408 for customer 9e5d24da-7077-4e33-bc10-504c8cfb5823
Server 799bb1b2-bd8f-49e2-81f8-f7237f0eb223 received client-request: Request { kind: ReserveTicket, customer: 6c9cb51a-3f8c-41af-84cf-421f681f6959, server: None, raw: .. }
Reserved ticket 6407 for customer 6c9cb51a-3f8c-41af-84cf-421f681f6959
Server 799bb1b2-bd8f-49e2-81f8-f7237f0eb223 received client-request: Request { kind: ReserveTicket, customer: cd6f53cb-51a2-4057-ae75-12daea339547, server: None, raw: .. }
Reserved ticket 6406 for customer cd6f53cb-51a2-4057-ae75-12daea339547
Server 799bb1b2-bd8f-49e2-81f8-f7237f0eb223 received client-request: Request { kind: ReserveTicket, customer: 82627ecd-65a7-49e5-bcff-55f9f6822fe1, server: None, raw: .. }
Reserved ticket 6405 for customer 82627ecd-65a7-49e5-bcff-55f9f6822fe1
Server 799bb1b2-bd8f-49e2-81f8-f7237f0eb223 received client-request: Request { kind: ReserveTicket, customer: d49d3d37-fe99-4611-bfdd-84d9bbe0b034, server: None, raw: .. }
Reserved ticket 6404 for customer d49d3d37-fe99-4611-bfdd-84d9bbe0b034
Server 799bb1b2-bd8f-49e2-81f8-f7237f0eb223 received client-request: Request { kind: ReserveTicket, customer: 205a766a-fcb3-443f-b78f-f7af9a7e8673, server: None, raw: .. }
Reserved ticket 6403 for customer 205a766a-fcb3-443f-b78f-f7af9a7e8673
Server 799bb1b2-bd8f-49e2-81f8-f7237f0eb223 received client-request: Request { kind: ReserveTicket, customer: d6f19a28-a4d5-40fc-aa47-54685d170e6b, server: None, raw: .. }
Reserved ticket 6402 for customer d6f19a28-a4d5-40fc-aa47-54685d170e6b
Server 799bb1b2-bd8f-49e2-81f8-f7237f0eb223 received client-request: Request { kind: ReserveTicket, customer: 5dca6ba1-7095-41e5-8d35-cc43ddd75f35, server: None, raw: .. }
Reserved ticket 6401 for customer 5dca6ba1-7095-41e5-8d35-cc43ddd75f35
Server 799bb1b2-bd8f-49e2-81f8-f7237f0eb223 received client-request: Request { kind: ReserveTicket, customer: 0b386d07-d375-4b7e-bfbe-291214da6b53, server: None, raw: .. }
Reserved ticket 6400 for customer 0b386d07-d375-4b7e-bfbe-291214da6b53
Server 799bb1b2-bd8f-49e2-81f8-f7237f0eb223 received client-request: Request { kind: ReserveTicket, customer: 090b3233-951c-4a3c-a490-64bd0ad45676, server: None, raw: .. }
Reserved ticket 6399 for customer 090b3233-951c-4a3c-a490-64bd0ad45676
Server 799bb1b2-bd8f-49e2-81f8-f7237f0eb223 received client-request: Request { kind: ReserveTicket, customer: 9fd806c4-e07b-46fc-b7a5-4a8e1782b95b, server: None, raw: .. }
Reserved ticket 6398 for customer 9fd806c4-e07b-46fc-b7a5-4a8e1782b95b
Server 799bb1b2-bd8f-49e2-81f8-f7237f0eb223 received client-request: Request { kind: ReserveTicket, customer: 24e37704-da8a-4975-a38e-9307fec704c1, server: None, raw: .. }
Reserved ticket 6397 for customer 24e37704-da8a-4975-a38e-9307fec704c1
Server 799bb1b2-bd8f-49e2-81f8-f7237f0eb223 received client-request: Request { kind: ReserveTicket, customer: 17006328-d759-4bed-8333-981260d1fe37, server: None, raw: .. }
Reserved ticket 6396 for customer 17006328-d759-4bed-8333-981260d1fe37
Server 799bb1b2-bd8f-49e2-81f8-f7237f0eb223 received client-request: Request { kind: ReserveTicket, customer: bfd61869-2dc5-4eb5-9557-7b6b87f61a34, server: None, raw: .. }
Reserved ticket 6395 for customer bfd61869-2dc5-4eb5-9557-7b6b87f61a34
Server 799bb1b2-bd8f-49e2-81f8-f7237f0eb223 received client-request: Request { kind: ReserveTicket, customer: 058f40a8-b304-4078-a881-65b40b557d6b, server: None, raw: .. }
Reserved ticket 6394 for customer 058f40a8-b304-4078-a881-65b40b557d6b
Server 799bb1b2-bd8f-49e2-81f8-f7237f0eb223 received client-request: Request { kind: ReserveTicket, customer: eaec7025-eca6-4fcb-b3f1-38f0334f2725, server: None, raw: .. }
Reserved ticket 6393 for customer eaec7025-eca6-4fcb-b3f1-38f0334f2725
Server 799bb1b2-bd8f-49e2-81f8-f7237f0eb223 received client-request: Request { kind: ReserveTicket, customer: febd8bcf-4d0d-44e9-b90d-1f50e5f347ad, server: None, raw: .. }
Reserved ticket 6392 for customer febd8bcf-4d0d-44e9-b90d-1f50e5f347ad
Server 799bb1b2-bd8f-49e2-81f8-f7237f0eb223 received client-request: Request { kind: ReserveTicket, customer: 971e509f-da08-42ed-9208-55eccaaead6a, server: None, raw: .. }
Reserved ticket 6391 for customer 971e509f-da08-42ed-9208-55eccaaead6a
Server 799bb1b2-bd8f-49e2-81f8-f7237f0eb223 received client-request: Request { kind: ReserveTicket, customer: 6202f48c-6bb1-4f82-bdae-04bee41fc47c, server: None, raw: .. }
Reserved ticket 6390 for customer 6202f48c-6bb1-4f82-bdae-04bee41fc47c
Server 65a51e17-fff5-4036-8b94-6db5de4d28d8 received client-request: Request { kind: ReserveTicket, customer: ee8a3a16-3fc9-4acc-9ac9-f56edfa495a2, server: None, raw: .. }
Reserved ticket 6389 for customer ee8a3a16-3fc9-4acc-9ac9-f56edfa495a2
Server 799bb1b2-bd8f-49e2-81f8-f7237f0eb223 received client-request: Request { kind: ReserveTicket, customer: 4bd35355-e9a5-4f94-b40c-65fdaeca4d67, server: None, raw: .. }
Reserved ticket 6388 for customer 4bd35355-e9a5-4f94-b40c-65fdaeca4d67
Server 799bb1b2-bd8f-49e2-81f8-f7237f0eb223 received client-request: Request { kind: ReserveTicket, customer: 3773478b-a3f0-4a9e-8a53-9e34aef0b348, server: None, raw: .. }
Reserved ticket 6387 for customer 3773478b-a3f0-4a9e-8a53-9e34aef0b348
Server 799bb1b2-bd8f-49e2-81f8-f7237f0eb223 received client-request: Request { kind: ReserveTicket, customer: 1d55a159-acfa-4927-a4d5-39ff65be94bd, server: None, raw: .. }
Reserved ticket 6386 for customer 1d55a159-acfa-4927-a4d5-39ff65be94bd
Server 799bb1b2-bd8f-49e2-81f8-f7237f0eb223 received client-request: Request { kind: ReserveTicket, customer: d67a0b94-b088-4c63-a8af-83e182148726, server: None, raw: .. }
Reserved ticket 6385 for customer d67a0b94-b088-4c63-a8af-83e182148726
Server 799bb1b2-bd8f-49e2-81f8-f7237f0eb223 received client-request: Request { kind: ReserveTicket, customer: 65d4a44c-e586-4f81-b4f4-856d99acfbb0, server: None, raw: .. }
Reserved ticket 6384 for customer 65d4a44c-e586-4f81-b4f4-856d99acfbb0
Server 799bb1b2-bd8f-49e2-81f8-f7237f0eb223 received client-request: Request { kind: ReserveTicket, customer: 1889352b-874b-4957-ba57-18cd6e23abed, server: None, raw: .. }
Reserved ticket 6383 for customer 1889352b-874b-4957-ba57-18cd6e23abed
Server 799bb1b2-bd8f-49e2-81f8-f7237f0eb223 received client-request: Request { kind: ReserveTicket, customer: f9dac656-0f1e-4183-b76d-ed42a0c04472, server: None, raw: .. }
Reserved ticket 6382 for customer f9dac656-0f1e-4183-b76d-ed42a0c04472
Server 799bb1b2-bd8f-49e2-81f8-f7237f0eb223 received client-request: Request { kind: ReserveTicket, customer: 0938789b-8cd7-4496-b6e5-ac87d82dfd81, server: None, raw: .. }
Reserved ticket 6381 for customer 0938789b-8cd7-4496-b6e5-ac87d82dfd81
Server 799bb1b2-bd8f-49e2-81f8-f7237f0eb223 received client-request: Request { kind: ReserveTicket, customer: c2c5e2a9-8c35-4eab-9193-4ca09806b96d, server: None, raw: .. }
Reserved ticket 6380 for customer c2c5e2a9-8c35-4eab-9193-4ca09806b96d
Server 799bb1b2-bd8f-49e2-81f8-f7237f0eb223 received client-request: Request { kind: ReserveTicket, customer: f7ba0a39-6d9f-4793-84d0-cbc67377bf58, server: None, raw: .. }
Reserved ticket 6379 for customer f7ba0a39-6d9f-4793-84d0-cbc67377bf58
Server 799bb1b2-bd8f-49e2-81f8-f7237f0eb223 received client-request: Request { kind: ReserveTicket, customer: 5d462cd9-2922-4120-983d-11815c36be7b, server: None, raw: .. }
Reserved ticket 6378 for customer 5d462cd9-2922-4120-983d-11815c36be7b
Server 799bb1b2-bd8f-49e2-81f8-f7237f0eb223 received client-request: Request { kind: ReserveTicket, customer: 8a9d3eca-25a9-43ea-9119-e8e2ff8a8ecf, server: None, raw: .. }
Reserved ticket 6377 for customer 8a9d3eca-25a9-43ea-9119-e8e2ff8a8ecf
Server 799bb1b2-bd8f-49e2-81f8-f7237f0eb223 received client-request: Request { kind: ReserveTicket, customer: 2ff66fe9-abf3-4070-89b9-a5bcb57b8c50, server: None, raw: .. }
Reserved ticket 6376 for customer 2ff66fe9-abf3-4070-89b9-a5bcb57b8c50
Server 799bb1b2-bd8f-49e2-81f8-f7237f0eb223 received client-request: Request { kind: ReserveTicket, customer: c78bba24-2d16-478e-89a4-4bb9e453abf1, server: None, raw: .. }
Reserved ticket 6375 for customer c78bba24-2d16-478e-89a4-4bb9e453abf1
Server 799bb1b2-bd8f-49e2-81f8-f7237f0eb223 received client-request: Request { kind: ReserveTicket, customer: c070f23d-e12b-4331-9e67-70b0fee1447f, server: None, raw: .. }
Reserved ticket 6374 for customer c070f23d-e12b-4331-9e67-70b0fee1447f
Server 799bb1b2-bd8f-49e2-81f8-f7237f0eb223 received client-request: Request { kind: ReserveTicket, customer: 304b1322-5af9-4046-837e-844c913e1545, server: None, raw: .. }
Reserved ticket 6373 for customer 304b1322-5af9-4046-837e-844c913e1545
Server 799bb1b2-bd8f-49e2-81f8-f7237f0eb223 received client-request: Request { kind: ReserveTicket, customer: 2873c79d-4b96-425c-9085-91e8ac416f18, server: None, raw: .. }
Reserved ticket 6372 for customer 2873c79d-4b96-425c-9085-91e8ac416f18
Server 799bb1b2-bd8f-49e2-81f8-f7237f0eb223 received client-request: Request { kind: ReserveTicket, customer: 5393d007-6f95-4c55-8127-8cd1fc2bd39a, server: None, raw: .. }
Reserved ticket 6371 for customer 5393d007-6f95-4c55-8127-8cd1fc2bd39a
Server 799bb1b2-bd8f-49e2-81f8-f7237f0eb223 received client-request: Request { kind: ReserveTicket, customer: 12bc049b-1ad7-44ac-a437-e424b7e61b5a, server: None, raw: .. }
Reserved ticket 6370 for customer 12bc049b-1ad7-44ac-a437-e424b7e61b5a
Server 65a51e17-fff5-4036-8b94-6db5de4d28d8 received client-request: Request { kind: ReserveTicket, customer: 30b4a8ff-4c68-4b7d-86c4-b620d74f979f, server: None, raw: .. }
Reserved ticket 6369 for customer 30b4a8ff-4c68-4b7d-86c4-b620d74f979f
Server 799bb1b2-bd8f-49e2-81f8-f7237f0eb223 received client-request: Request { kind: ReserveTicket, customer: 31f7a3eb-a2ff-4e35-81dc-48ed4fbf7ce2, server: None, raw: .. }
Reserved ticket 6368 for customer 31f7a3eb-a2ff-4e35-81dc-48ed4fbf7ce2
Server 799bb1b2-bd8f-49e2-81f8-f7237f0eb223 received client-request: Request { kind: ReserveTicket, customer: 1e516571-8e75-4b22-ba34-380eb5deac3a, server: None, raw: .. }
Reserved ticket 6367 for customer 1e516571-8e75-4b22-ba34-380eb5deac3a
Server 799bb1b2-bd8f-49e2-81f8-f7237f0eb223 received client-request: Request { kind: ReserveTicket, customer: d2cb1bd4-fcbf-4cd4-a03d-bcad62ae7738, server: None, raw: .. }
Reserved ticket 6366 for customer d2cb1bd4-fcbf-4cd4-a03d-bcad62ae7738
Server 799bb1b2-bd8f-49e2-81f8-f7237f0eb223 received client-request: Request { kind: ReserveTicket, customer: 46507617-285b-41e8-bcf6-6a289be4297f, server: None, raw: .. }
Reserved ticket 6365 for customer 46507617-285b-41e8-bcf6-6a289be4297f
Server 799bb1b2-bd8f-49e2-81f8-f7237f0eb223 received client-request: Request { kind: ReserveTicket, customer: 8506f83b-8999-4765-8394-33944085f9ad, server: None, raw: .. }
Reserved ticket 6364 for customer 8506f83b-8999-4765-8394-33944085f9ad
Server 799bb1b2-bd8f-49e2-81f8-f7237f0eb223 received client-request: Request { kind: ReserveTicket, customer: 4b1e23f8-f034-42d6-b482-c304e6c134bb, server: None, raw: .. }
Reserved ticket 6363 for customer 4b1e23f8-f034-42d6-b482-c304e6c134bb
Server 799bb1b2-bd8f-49e2-81f8-f7237f0eb223 received client-request: Request { kind: ReserveTicket, customer: 18006d5f-ccba-404a-a0d8-750ad4b20466, server: None, raw: .. }
Reserved ticket 6362 for customer 18006d5f-ccba-404a-a0d8-750ad4b20466
Server 799bb1b2-bd8f-49e2-81f8-f7237f0eb223 received client-request: Request { kind: ReserveTicket, customer: b1d5d23e-dea9-477c-bb6e-bca43c29d055, server: None, raw: .. }
Reserved ticket 6361 for customer b1d5d23e-dea9-477c-bb6e-bca43c29d055
Server 799bb1b2-bd8f-49e2-81f8-f7237f0eb223 received client-request: Request { kind: ReserveTicket, customer: cb8a9ff6-4543-4bd2-9c18-d2aca8f2e573, server: None, raw: .. }
Reserved ticket 6360 for customer cb8a9ff6-4543-4bd2-9c18-d2aca8f2e573
Server 799bb1b2-bd8f-49e2-81f8-f7237f0eb223 received client-request: Request { kind: ReserveTicket, customer: 7665e681-0891-40bc-86a5-df3f9fd97d43, server: None, raw: .. }
Reserved ticket 6359 for customer 7665e681-0891-40bc-86a5-df3f9fd97d43
Server 799bb1b2-bd8f-49e2-81f8-f7237f0eb223 received client-request: Request { kind: ReserveTicket, customer: d17d5a3f-cfb7-4d53-8088-9ab9ad020027, server: None, raw: .. }
Reserved ticket 6358 for customer d17d5a3f-cfb7-4d53-8088-9ab9ad020027
Server 799bb1b2-bd8f-49e2-81f8-f7237f0eb223 received client-request: Request { kind: ReserveTicket, customer: e3fc2c13-f7c9-4928-9787-3473d9739ed2, server: None, raw: .. }
Reserved ticket 6357 for customer e3fc2c13-f7c9-4928-9787-3473d9739ed2
Server 799bb1b2-bd8f-49e2-81f8-f7237f0eb223 received client-request: Request { kind: ReserveTicket, customer: cbee3b53-ad7e-49a9-b5ce-e9fee47a7723, server: None, raw: .. }
Reserved ticket 6356 for customer cbee3b53-ad7e-49a9-b5ce-e9fee47a7723
Server 799bb1b2-bd8f-49e2-81f8-f7237f0eb223 received client-request: Request { kind: ReserveTicket, customer: be0334ef-a923-4bcc-a89d-3da297d9e5ef, server: None, raw: .. }
Reserved ticket 6355 for customer be0334ef-a923-4bcc-a89d-3da297d9e5ef
Server 799bb1b2-bd8f-49e2-81f8-f7237f0eb223 received client-request: Request { kind: ReserveTicket, customer: d4f6b368-6959-4d43-a029-e4d75c44f51f, server: None, raw: .. }
Reserved ticket 6354 for customer d4f6b368-6959-4d43-a029-e4d75c44f51f
Server 799bb1b2-bd8f-49e2-81f8-f7237f0eb223 received client-request: Request { kind: ReserveTicket, customer: a6afc0cf-3b74-453a-86a0-687cfdfeae5c, server: None, raw: .. }
Reserved ticket 6353 for customer a6afc0cf-3b74-453a-86a0-687cfdfeae5c
Server 799bb1b2-bd8f-49e2-81f8-f7237f0eb223 received client-request: Request { kind: ReserveTicket, customer: dcaea62c-d93a-4cc8-8545-4f89b61bca9c, server: None, raw: .. }
Reserved ticket 6352 for customer dcaea62c-d93a-4cc8-8545-4f89b61bca9c
Server 799bb1b2-bd8f-49e2-81f8-f7237f0eb223 received client-request: Request { kind: ReserveTicket, customer: 09c48a0b-b958-481b-a230-2813476670a0, server: None, raw: .. }
Reserved ticket 6351 for customer 09c48a0b-b958-481b-a230-2813476670a0
Server 799bb1b2-bd8f-49e2-81f8-f7237f0eb223 received client-request: Request { kind: ReserveTicket, customer: 8556d5d1-a322-45a8-a737-b85a527f88bf, server: None, raw: .. }
Reserved ticket 6350 for customer 8556d5d1-a322-45a8-a737-b85a527f88bf
Server 65a51e17-fff5-4036-8b94-6db5de4d28d8 received client-request: Request { kind: ReserveTicket, customer: 666e5b88-c39a-43ab-89c9-3a2dc5a531ca, server: None, raw: .. }
Reserved ticket 6349 for customer 666e5b88-c39a-43ab-89c9-3a2dc5a531ca
Server 799bb1b2-bd8f-49e2-81f8-f7237f0eb223 received client-request: Request { kind: ReserveTicket, customer: 4cc2e402-824a-447f-9fd4-ffb40dfb7c91, server: None, raw: .. }
Reserved ticket 6348 for customer 4cc2e402-824a-447f-9fd4-ffb40dfb7c91
Server 799bb1b2-bd8f-49e2-81f8-f7237f0eb223 received client-request: Request { kind: ReserveTicket, customer: 959865f7-5a07-4a49-973b-598c860ed8d1, server: None, raw: .. }
Reserved ticket 6347 for customer 959865f7-5a07-4a49-973b-598c860ed8d1
Server 799bb1b2-bd8f-49e2-81f8-f7237f0eb223 received client-request: Request { kind: ReserveTicket, customer: 798ae637-c872-4b2e-acdf-acceca99c77e, server: None, raw: .. }
Reserved ticket 6346 for customer 798ae637-c872-4b2e-acdf-acceca99c77e
Server 799bb1b2-bd8f-49e2-81f8-f7237f0eb223 received client-request: Request { kind: ReserveTicket, customer: 07323372-7f45-4ef1-bdb4-b4a1cab2e5e9, server: None, raw: .. }
Reserved ticket 6345 for customer 07323372-7f45-4ef1-bdb4-b4a1cab2e5e9
Server 799bb1b2-bd8f-49e2-81f8-f7237f0eb223 received client-request: Request { kind: ReserveTicket, customer: 16f65aa7-f65a-4d06-aa57-e618d8f1f864, server: None, raw: .. }
Reserved ticket 6344 for customer 16f65aa7-f65a-4d06-aa57-e618d8f1f864
Server 799bb1b2-bd8f-49e2-81f8-f7237f0eb223 received client-request: Request { kind: ReserveTicket, customer: af6af3b3-f850-4205-ac72-6802d5fc2caa, server: None, raw: .. }
Reserved ticket 6343 for customer af6af3b3-f850-4205-ac72-6802d5fc2caa
Server 799bb1b2-bd8f-49e2-81f8-f7237f0eb223 received client-request: Request { kind: ReserveTicket, customer: 69af66c9-76a2-4c9d-80d8-fb73ff6a721a, server: None, raw: .. }
Reserved ticket 6342 for customer 69af66c9-76a2-4c9d-80d8-fb73ff6a721a
Server 799bb1b2-bd8f-49e2-81f8-f7237f0eb223 received client-request: Request { kind: ReserveTicket, customer: 23f8bb65-e2df-489a-9530-8114b8aa8f53, server: None, raw: .. }
Reserved ticket 6341 for customer 23f8bb65-e2df-489a-9530-8114b8aa8f53
Server 799bb1b2-bd8f-49e2-81f8-f7237f0eb223 received client-request: Request { kind: ReserveTicket, customer: 86bc8745-c548-4c46-8ff4-ee9f61c926f5, server: None, raw: .. }
Reserved ticket 6340 for customer 86bc8745-c548-4c46-8ff4-ee9f61c926f5
Server 799bb1b2-bd8f-49e2-81f8-f7237f0eb223 received client-request: Request { kind: ReserveTicket, customer: c033de6b-e219-4c07-9623-4ac0c6137496, server: None, raw: .. }
Reserved ticket 6339 for customer c033de6b-e219-4c07-9623-4ac0c6137496
Server 799bb1b2-bd8f-49e2-81f8-f7237f0eb223 received client-request: Request { kind: ReserveTicket, customer: 5ff3c0c3-b40f-43c7-87d3-e12589a041bc, server: None, raw: .. }
Reserved ticket 6338 for customer 5ff3c0c3-b40f-43c7-87d3-e12589a041bc
Server 799bb1b2-bd8f-49e2-81f8-f7237f0eb223 received client-request: Request { kind: ReserveTicket, customer: 5b08dfda-2d77-45cd-9b66-6eb28baa2f4e, server: None, raw: .. }
Reserved ticket 6337 for customer 5b08dfda-2d77-45cd-9b66-6eb28baa2f4e
Server 799bb1b2-bd8f-49e2-81f8-f7237f0eb223 received client-request: Request { kind: ReserveTicket, customer: 45caaa36-a5b1-4270-8bb7-247c5333955f, server: None, raw: .. }
Reserved ticket 6336 for customer 45caaa36-a5b1-4270-8bb7-247c5333955f
Server 799bb1b2-bd8f-49e2-81f8-f7237f0eb223 received client-request: Request { kind: ReserveTicket, customer: b1e7cf00-d0d6-4955-885e-96181241af2b, server: None, raw: .. }
Reserved ticket 6335 for customer b1e7cf00-d0d6-4955-885e-96181241af2b
Server 799bb1b2-bd8f-49e2-81f8-f7237f0eb223 received client-request: Request { kind: ReserveTicket, customer: 88d3533e-2698-4dac-9df0-df16c7edaa72, server: None, raw: .. }
Reserved ticket 6334 for customer 88d3533e-2698-4dac-9df0-df16c7edaa72
Server 799bb1b2-bd8f-49e2-81f8-f7237f0eb223 received client-request: Request { kind: ReserveTicket, customer: 54325c78-0810-49b9-9ee4-72f08f7ce00e, server: None, raw: .. }
Reserved ticket 6333 for customer 54325c78-0810-49b9-9ee4-72f08f7ce00e
Server 799bb1b2-bd8f-49e2-81f8-f7237f0eb223 received client-request: Request { kind: ReserveTicket, customer: 3bdfd2e3-27fd-4f50-9989-b7335d05af95, server: None, raw: .. }
Reserved ticket 6332 for customer 3bdfd2e3-27fd-4f50-9989-b7335d05af95
Server 799bb1b2-bd8f-49e2-81f8-f7237f0eb223 received client-request: Request { kind: ReserveTicket, customer: e6977f14-27eb-4dcc-bc0a-757ddb251939, server: None, raw: .. }
Reserved ticket 6331 for customer e6977f14-27eb-4dcc-bc0a-757ddb251939
Server 799bb1b2-bd8f-49e2-81f8-f7237f0eb223 received client-request: Request { kind: ReserveTicket, customer: 35f401c7-2303-47eb-946a-552c6a27c9eb, server: None, raw: .. }
Reserved ticket 6330 for customer 35f401c7-2303-47eb-946a-552c6a27c9eb
Server 65a51e17-fff5-4036-8b94-6db5de4d28d8 received client-request: Request { kind: ReserveTicket, customer: c6556eba-ee96-4c4b-81de-e062a396e879, server: None, raw: .. }
Reserved ticket 6329 for customer c6556eba-ee96-4c4b-81de-e062a396e879
Server 799bb1b2-bd8f-49e2-81f8-f7237f0eb223 received client-request: Request { kind: ReserveTicket, customer: a4a40d19-1908-4759-a746-1feafa656f7c, server: None, raw: .. }
Reserved ticket 6328 for customer a4a40d19-1908-4759-a746-1feafa656f7c
Server 799bb1b2-bd8f-49e2-81f8-f7237f0eb223 received client-request: Request { kind: ReserveTicket, customer: aff8340b-0a7f-4973-ae39-8223f544813a, server: None, raw: .. }
Reserved ticket 6327 for customer aff8340b-0a7f-4973-ae39-8223f544813a
Server 799bb1b2-bd8f-49e2-81f8-f7237f0eb223 received client-request: Request { kind: ReserveTicket, customer: 22a80c77-6770-403b-bc34-b32d0d568b53, server: None, raw: .. }
Reserved ticket 6326 for customer 22a80c77-6770-403b-bc34-b32d0d568b53
Server 799bb1b2-bd8f-49e2-81f8-f7237f0eb223 received client-request: Request { kind: ReserveTicket, customer: d166b131-273b-43d7-b247-dcede3d6e5df, server: None, raw: .. }
Reserved ticket 6325 for customer d166b131-273b-43d7-b247-dcede3d6e5df
Server 799bb1b2-bd8f-49e2-81f8-f7237f0eb223 received client-request: Request { kind: ReserveTicket, customer: 39305ead-16d4-4e69-9838-6e58f53e68e4, server: None, raw: .. }
Reserved ticket 6324 for customer 39305ead-16d4-4e69-9838-6e58f53e68e4
Server 799bb1b2-bd8f-49e2-81f8-f7237f0eb223 received client-request: Request { kind: ReserveTicket, customer: 47af0d74-f7f3-4df5-81d6-97cb8e88d773, server: None, raw: .. }
Reserved ticket 6323 for customer 47af0d74-f7f3-4df5-81d6-97cb8e88d773
Server 799bb1b2-bd8f-49e2-81f8-f7237f0eb223 received client-request: Request { kind: ReserveTicket, customer: 6e39b931-5fe0-459d-9a46-d2d49848c460, server: None, raw: .. }
Reserved ticket 6322 for customer 6e39b931-5fe0-459d-9a46-d2d49848c460
Server 799bb1b2-bd8f-49e2-81f8-f7237f0eb223 received client-request: Request { kind: ReserveTicket, customer: 76eb6978-c32a-4104-aa29-c034f3bd3bfa, server: None, raw: .. }
Reserved ticket 6321 for customer 76eb6978-c32a-4104-aa29-c034f3bd3bfa
Server 799bb1b2-bd8f-49e2-81f8-f7237f0eb223 received client-request: Request { kind: ReserveTicket, customer: b3192d52-5d56-42f3-8759-44d86294ee38, server: None, raw: .. }
Reserved ticket 6320 for customer b3192d52-5d56-42f3-8759-44d86294ee38
Server 799bb1b2-bd8f-49e2-81f8-f7237f0eb223 received client-request: Request { kind: ReserveTicket, customer: 294633b4-6ca6-43b4-a5c5-d0f003fc157a, server: None, raw: .. }
Reserved ticket 6319 for customer 294633b4-6ca6-43b4-a5c5-d0f003fc157a
Server 799bb1b2-bd8f-49e2-81f8-f7237f0eb223 received client-request: Request { kind: ReserveTicket, customer: 752a1529-9d22-4784-8ea7-a254ed2f9842, server: None, raw: .. }
Reserved ticket 6318 for customer 752a1529-9d22-4784-8ea7-a254ed2f9842
Server 799bb1b2-bd8f-49e2-81f8-f7237f0eb223 received client-request: Request { kind: ReserveTicket, customer: 278ce415-fcb5-4244-9e2a-a0cd7d39c395, server: None, raw: .. }
Reserved ticket 6317 for customer 278ce415-fcb5-4244-9e2a-a0cd7d39c395
Server 799bb1b2-bd8f-49e2-81f8-f7237f0eb223 received client-request: Request { kind: ReserveTicket, customer: d9ebb98b-160e-4ea1-90ea-c6d820fd86f2, server: None, raw: .. }
Reserved ticket 6316 for customer d9ebb98b-160e-4ea1-90ea-c6d820fd86f2
Server 799bb1b2-bd8f-49e2-81f8-f7237f0eb223 received client-request: Request { kind: ReserveTicket, customer: 445ebef7-7e6a-48a1-b23f-764463e7cf36, server: None, raw: .. }
Reserved ticket 6315 for customer 445ebef7-7e6a-48a1-b23f-764463e7cf36
Server 799bb1b2-bd8f-49e2-81f8-f7237f0eb223 received client-request: Request { kind: ReserveTicket, customer: ad81a757-94b4-4374-902f-2e34f264fc66, server: None, raw: .. }
Reserved ticket 6314 for customer ad81a757-94b4-4374-902f-2e34f264fc66
Server 799bb1b2-bd8f-49e2-81f8-f7237f0eb223 received client-request: Request { kind: ReserveTicket, customer: 95e0da3c-69fa-4315-b169-fe2dcd1d1563, server: None, raw: .. }
Reserved ticket 6313 for customer 95e0da3c-69fa-4315-b169-fe2dcd1d1563
Server 799bb1b2-bd8f-49e2-81f8-f7237f0eb223 received client-request: Request { kind: ReserveTicket, customer: 7cef035b-a657-4a58-aceb-40b96b26fd10, server: None, raw: .. }
Reserved ticket 6312 for customer 7cef035b-a657-4a58-aceb-40b96b26fd10
Server 799bb1b2-bd8f-49e2-81f8-f7237f0eb223 received client-request: Request { kind: ReserveTicket, customer: 8e86197a-78b8-4041-a074-50809ea9694e, server: None, raw: .. }
Reserved ticket 6311 for customer 8e86197a-78b8-4041-a074-50809ea9694e
Server 799bb1b2-bd8f-49e2-81f8-f7237f0eb223 received client-request: Request { kind: ReserveTicket, customer: 88eeaf94-a7d5-471c-b8ed-a6704b4bd0cd, server: None, raw: .. }
Reserved ticket 6310 for customer 88eeaf94-a7d5-471c-b8ed-a6704b4bd0cd
Server 65a51e17-fff5-4036-8b94-6db5de4d28d8 received client-request: Request { kind: ReserveTicket, customer: 1dbe4477-0b65-410a-a6e1-82de58bb67ac, server: None, raw: .. }
Reserved ticket 6309 for customer 1dbe4477-0b65-410a-a6e1-82de58bb67ac
Server 799bb1b2-bd8f-49e2-81f8-f7237f0eb223 received client-request: Request { kind: ReserveTicket, customer: 935889ae-dbcc-4637-895a-1ea09f7f1dd5, server: None, raw: .. }
Reserved ticket 6308 for customer 935889ae-dbcc-4637-895a-1ea09f7f1dd5
Server 799bb1b2-bd8f-49e2-81f8-f7237f0eb223 received client-request: Request { kind: ReserveTicket, customer: 33cd269c-80f3-4ad6-8c6f-b9984cad6dc7, server: None, raw: .. }
Reserved ticket 6307 for customer 33cd269c-80f3-4ad6-8c6f-b9984cad6dc7
Server 799bb1b2-bd8f-49e2-81f8-f7237f0eb223 received client-request: Request { kind: ReserveTicket, customer: f954bca9-4cbe-4a30-b492-ce0c1fea4a1b, server: None, raw: .. }
Reserved ticket 6306 for customer f954bca9-4cbe-4a30-b492-ce0c1fea4a1b
Server 799bb1b2-bd8f-49e2-81f8-f7237f0eb223 received client-request: Request { kind: ReserveTicket, customer: ba3c7603-cf83-46c1-92a4-53f06b876378, server: None, raw: .. }
Reserved ticket 6305 for customer ba3c7603-cf83-46c1-92a4-53f06b876378
Server 799bb1b2-bd8f-49e2-81f8-f7237f0eb223 received client-request: Request { kind: ReserveTicket, customer: c1d3a159-a64b-436d-bcf3-e42cff421c9b, server: None, raw: .. }
Reserved ticket 6304 for customer c1d3a159-a64b-436d-bcf3-e42cff421c9b
Server 799bb1b2-bd8f-49e2-81f8-f7237f0eb223 received client-request: Request { kind: ReserveTicket, customer: e58fc7fb-397e-4f3e-8544-95706e965415, server: None, raw: .. }
Reserved ticket 6303 for customer e58fc7fb-397e-4f3e-8544-95706e965415
Server 799bb1b2-bd8f-49e2-81f8-f7237f0eb223 received client-request: Request { kind: ReserveTicket, customer: 52808934-b14d-458e-964e-67c8b5c10747, server: None, raw: .. }
Reserved ticket 6302 for customer 52808934-b14d-458e-964e-67c8b5c10747
Server 799bb1b2-bd8f-49e2-81f8-f7237f0eb223 received client-request: Request { kind: ReserveTicket, customer: 60add399-1fe1-4c12-b47d-c5f6d2c9dd91, server: None, raw: .. }
Reserved ticket 6301 for customer 60add399-1fe1-4c12-b47d-c5f6d2c9dd91
Server 799bb1b2-bd8f-49e2-81f8-f7237f0eb223 received client-request: Request { kind: ReserveTicket, customer: ccc19aa9-be7e-4d23-bc01-6c1bfd6626ef, server: None, raw: .. }
Reserved ticket 6300 for customer ccc19aa9-be7e-4d23-bc01-6c1bfd6626ef
Server 799bb1b2-bd8f-49e2-81f8-f7237f0eb223 received client-request: Request { kind: ReserveTicket, customer: ceb89d30-e5c7-428e-af98-26e47506c08c, server: None, raw: .. }
Reserved ticket 6299 for customer ceb89d30-e5c7-428e-af98-26e47506c08c
Server 799bb1b2-bd8f-49e2-81f8-f7237f0eb223 received client-request: Request { kind: ReserveTicket, customer: e7c5b7ca-30e7-4404-ab4f-c275d8e5290a, server: None, raw: .. }
Reserved ticket 6298 for customer e7c5b7ca-30e7-4404-ab4f-c275d8e5290a
Server 799bb1b2-bd8f-49e2-81f8-f7237f0eb223 received client-request: Request { kind: ReserveTicket, customer: 88a78d73-d4e2-4f16-bfd2-fd20f3734b2a, server: None, raw: .. }
Reserved ticket 6297 for customer 88a78d73-d4e2-4f16-bfd2-fd20f3734b2a
Server 799bb1b2-bd8f-49e2-81f8-f7237f0eb223 received client-request: Request { kind: ReserveTicket, customer: 661a510e-86ea-4fd0-b8db-d30d64408161, server: None, raw: .. }
Reserved ticket 6296 for customer 661a510e-86ea-4fd0-b8db-d30d64408161
Server 799bb1b2-bd8f-49e2-81f8-f7237f0eb223 received client-request: Request { kind: ReserveTicket, customer: 218d0614-6424-4dad-b76f-e0dea5801289, server: None, raw: .. }
Reserved ticket 6295 for customer 218d0614-6424-4dad-b76f-e0dea5801289
Server 799bb1b2-bd8f-49e2-81f8-f7237f0eb223 received client-request: Request { kind: ReserveTicket, customer: 81e3e338-d165-455c-a956-0d4010aa41cc, server: None, raw: .. }
Reserved ticket 6294 for customer 81e3e338-d165-455c-a956-0d4010aa41cc
Server 799bb1b2-bd8f-49e2-81f8-f7237f0eb223 received client-request: Request { kind: ReserveTicket, customer: 37432138-10f1-4667-8ef7-4fc1a1d9ccdb, server: None, raw: .. }
Reserved ticket 6293 for customer 37432138-10f1-4667-8ef7-4fc1a1d9ccdb
Server 799bb1b2-bd8f-49e2-81f8-f7237f0eb223 received client-request: Request { kind: ReserveTicket, customer: 04df3b4f-7ca5-470f-acdc-07ae31434700, server: None, raw: .. }
Reserved ticket 6292 for customer 04df3b4f-7ca5-470f-acdc-07ae31434700
Server 799bb1b2-bd8f-49e2-81f8-f7237f0eb223 received client-request: Request { kind: ReserveTicket, customer: 6b10ded8-16c1-49dc-9c36-0c6c472eff13, server: None, raw: .. }
Reserved ticket 6291 for customer 6b10ded8-16c1-49dc-9c36-0c6c472eff13
Server 799bb1b2-bd8f-49e2-81f8-f7237f0eb223 received client-request: Request { kind: ReserveTicket, customer: be233fd5-5af5-4856-ad8f-ccc9fea40634, server: None, raw: .. }
Reserved ticket 6290 for customer be233fd5-5af5-4856-ad8f-ccc9fea40634
Server 65a51e17-fff5-4036-8b94-6db5de4d28d8 received client-request: Request { kind: ReserveTicket, customer: df0aa0dc-efb4-4dbe-828b-32cc990482a5, server: None, raw: .. }
Reserved ticket 6289 for customer df0aa0dc-efb4-4dbe-828b-32cc990482a5
Server 799bb1b2-bd8f-49e2-81f8-f7237f0eb223 received client-request: Request { kind: ReserveTicket, customer: b5a3604d-eb0b-43fd-b3dd-f0bac0e49b72, server: None, raw: .. }
Reserved ticket 6288 for customer b5a3604d-eb0b-43fd-b3dd-f0bac0e49b72
Server 799bb1b2-bd8f-49e2-81f8-f7237f0eb223 received client-request: Request { kind: ReserveTicket, customer: 6bf4de32-8dd1-4ed8-8b3c-ccf5c38967c1, server: None, raw: .. }
Reserved ticket 6287 for customer 6bf4de32-8dd1-4ed8-8b3c-ccf5c38967c1
Server 799bb1b2-bd8f-49e2-81f8-f7237f0eb223 received client-request: Request { kind: ReserveTicket, customer: 0c492c32-4c28-49ef-90ed-b743adf69a9e, server: None, raw: .. }
Reserved ticket 6286 for customer 0c492c32-4c28-49ef-90ed-b743adf69a9e
Server 799bb1b2-bd8f-49e2-81f8-f7237f0eb223 received client-request: Request { kind: ReserveTicket, customer: d0d05957-2189-4fcb-89c3-af498db58e37, server: None, raw: .. }
Reserved ticket 6285 for customer d0d05957-2189-4fcb-89c3-af498db58e37
Server 799bb1b2-bd8f-49e2-81f8-f7237f0eb223 received client-request: Request { kind: ReserveTicket, customer: 3823917b-e963-4bdf-9d06-ef6a9ec93a5e, server: None, raw: .. }
Reserved ticket 6284 for customer 3823917b-e963-4bdf-9d06-ef6a9ec93a5e
Server 799bb1b2-bd8f-49e2-81f8-f7237f0eb223 received client-request: Request { kind: ReserveTicket, customer: 5c9f8e80-fe11-481d-a7ad-d9067e287577, server: None, raw: .. }
Reserved ticket 6283 for customer 5c9f8e80-fe11-481d-a7ad-d9067e287577
Server 799bb1b2-bd8f-49e2-81f8-f7237f0eb223 received client-request: Request { kind: ReserveTicket, customer: 8623d567-b7d1-4eb0-82c0-e60ec2fa12ce, server: None, raw: .. }
Reserved ticket 6282 for customer 8623d567-b7d1-4eb0-82c0-e60ec2fa12ce
Server 799bb1b2-bd8f-49e2-81f8-f7237f0eb223 received client-request: Request { kind: ReserveTicket, customer: 71c08625-ef35-4724-92fc-e16b6a13feae, server: None, raw: .. }
Reserved ticket 6281 for customer 71c08625-ef35-4724-92fc-e16b6a13feae
Server 799bb1b2-bd8f-49e2-81f8-f7237f0eb223 received client-request: Request { kind: ReserveTicket, customer: b0def1ff-6bd6-417a-9bb1-6541c33e13a7, server: None, raw: .. }
Reserved ticket 6280 for customer b0def1ff-6bd6-417a-9bb1-6541c33e13a7
Server 799bb1b2-bd8f-49e2-81f8-f7237f0eb223 received client-request: Request { kind: ReserveTicket, customer: 1a2114f4-c950-4b94-b7c5-e43b31590970, server: None, raw: .. }
Reserved ticket 6279 for customer 1a2114f4-c950-4b94-b7c5-e43b31590970
Server 799bb1b2-bd8f-49e2-81f8-f7237f0eb223 received client-request: Request { kind: ReserveTicket, customer: 77a42f0a-6637-4018-8d8c-3c3bd5c57051, server: None, raw: .. }
Reserved ticket 6278 for customer 77a42f0a-6637-4018-8d8c-3c3bd5c57051
Server 799bb1b2-bd8f-49e2-81f8-f7237f0eb223 received client-request: Request { kind: ReserveTicket, customer: fa49be8b-b8d5-4fd2-9c2a-510b9abf46d2, server: None, raw: .. }
Reserved ticket 6277 for customer fa49be8b-b8d5-4fd2-9c2a-510b9abf46d2
Server 799bb1b2-bd8f-49e2-81f8-f7237f0eb223 received client-request: Request { kind: ReserveTicket, customer: 45f4d2c8-0c55-4182-943e-89d376fd8491, server: None, raw: .. }
Reserved ticket 6276 for customer 45f4d2c8-0c55-4182-943e-89d376fd8491
Server 799bb1b2-bd8f-49e2-81f8-f7237f0eb223 received client-request: Request { kind: ReserveTicket, customer: a0a96428-f174-4d45-99aa-9fb0b12697db, server: None, raw: .. }
Reserved ticket 6275 for customer a0a96428-f174-4d45-99aa-9fb0b12697db
Server 799bb1b2-bd8f-49e2-81f8-f7237f0eb223 received client-request: Request { kind: ReserveTicket, customer: bbf10fce-793a-4555-acc0-4ef4eb716030, server: None, raw: .. }
Reserved ticket 6274 for customer bbf10fce-793a-4555-acc0-4ef4eb716030
Server 799bb1b2-bd8f-49e2-81f8-f7237f0eb223 received client-request: Request { kind: ReserveTicket, customer: c39e6979-6583-4fd0-9cd6-661592ff559d, server: None, raw: .. }
Reserved ticket 6273 for customer c39e6979-6583-4fd0-9cd6-661592ff559d
Server 799bb1b2-bd8f-49e2-81f8-f7237f0eb223 received client-request: Request { kind: ReserveTicket, customer: da02bd78-2839-4c08-8c33-f2dee63f4444, server: None, raw: .. }
Reserved ticket 6272 for customer da02bd78-2839-4c08-8c33-f2dee63f4444
Server 799bb1b2-bd8f-49e2-81f8-f7237f0eb223 received client-request: Request { kind: ReserveTicket, customer: f3f9fc23-5693-4443-b744-e279824ba60d, server: None, raw: .. }
Reserved ticket 6271 for customer f3f9fc23-5693-4443-b744-e279824ba60d
Server 799bb1b2-bd8f-49e2-81f8-f7237f0eb223 received client-request: Request { kind: ReserveTicket, customer: 5f9cdbe2-748e-403b-a39b-f35726438a75, server: None, raw: .. }
Reserved ticket 6270 for customer 5f9cdbe2-748e-403b-a39b-f35726438a75
Server 65a51e17-fff5-4036-8b94-6db5de4d28d8 received client-request: Request { kind: ReserveTicket, customer: a171edf2-110f-448d-aec2-b74accb4ab0d, server: None, raw: .. }
Reserved ticket 6269 for customer a171edf2-110f-448d-aec2-b74accb4ab0d
Server 799bb1b2-bd8f-49e2-81f8-f7237f0eb223 received client-request: Request { kind: ReserveTicket, customer: fb192923-0481-40ec-ae2a-3eada81d32e8, server: None, raw: .. }
Reserved ticket 6268 for customer fb192923-0481-40ec-ae2a-3eada81d32e8
Server 799bb1b2-bd8f-49e2-81f8-f7237f0eb223 received client-request: Request { kind: ReserveTicket, customer: ea938a0e-7218-4fb1-b4ee-1de355f6c699, server: None, raw: .. }
Reserved ticket 6267 for customer ea938a0e-7218-4fb1-b4ee-1de355f6c699
Server 799bb1b2-bd8f-49e2-81f8-f7237f0eb223 received client-request: Request { kind: ReserveTicket, customer: 3ce3f347-9d57-4a17-b07f-dfa34eddcd7d, server: None, raw: .. }
Reserved ticket 6266 for customer 3ce3f347-9d57-4a17-b07f-dfa34eddcd7d
Server 799bb1b2-bd8f-49e2-81f8-f7237f0eb223 received client-request: Request { kind: ReserveTicket, customer: a234d63c-2f9b-4bf6-ad77-a15b4f1e9435, server: None, raw: .. }
Reserved ticket 6265 for customer a234d63c-2f9b-4bf6-ad77-a15b4f1e9435
Server 799bb1b2-bd8f-49e2-81f8-f7237f0eb223 received client-request: Request { kind: ReserveTicket, customer: 4a030b1f-6292-4820-b449-a1f10948f0c6, server: None, raw: .. }
Reserved ticket 6264 for customer 4a030b1f-6292-4820-b449-a1f10948f0c6
Server 799bb1b2-bd8f-49e2-81f8-f7237f0eb223 received client-request: Request { kind: ReserveTicket, customer: 69b31aac-5ffe-4288-9b94-34a304400deb, server: None, raw: .. }
Reserved ticket 6263 for customer 69b31aac-5ffe-4288-9b94-34a304400deb
Server 799bb1b2-bd8f-49e2-81f8-f7237f0eb223 received client-request: Request { kind: ReserveTicket, customer: bf379dd1-b3e3-48f0-a992-339acb7baebb, server: None, raw: .. }
Reserved ticket 6262 for customer bf379dd1-b3e3-48f0-a992-339acb7baebb
Server 799bb1b2-bd8f-49e2-81f8-f7237f0eb223 received client-request: Request { kind: ReserveTicket, customer: 8c0b7c57-2aeb-4a4f-bedb-e6543f7c951a, server: None, raw: .. }
Reserved ticket 6261 for customer 8c0b7c57-2aeb-4a4f-bedb-e6543f7c951a
Server 799bb1b2-bd8f-49e2-81f8-f7237f0eb223 received client-request: Request { kind: ReserveTicket, customer: f1b7d2cc-8dd9-45a9-890b-409e4fdc7ef6, server: None, raw: .. }
Reserved ticket 6260 for customer f1b7d2cc-8dd9-45a9-890b-409e4fdc7ef6
Server 799bb1b2-bd8f-49e2-81f8-f7237f0eb223 received client-request: Request { kind: ReserveTicket, customer: c41dd969-c300-4cb2-a496-b124a864a91e, server: None, raw: .. }
Reserved ticket 6259 for customer c41dd969-c300-4cb2-a496-b124a864a91e
Server 799bb1b2-bd8f-49e2-81f8-f7237f0eb223 received client-request: Request { kind: ReserveTicket, customer: 6cd31426-aed6-4f0f-8227-06f2ac961f3c, server: None, raw: .. }
Reserved ticket 6258 for customer 6cd31426-aed6-4f0f-8227-06f2ac961f3c
Server 799bb1b2-bd8f-49e2-81f8-f7237f0eb223 received client-request: Request { kind: ReserveTicket, customer: bbac7bec-503a-4ba7-ae8a-b5064228068f, server: None, raw: .. }
Reserved ticket 6257 for customer bbac7bec-503a-4ba7-ae8a-b5064228068f
Server 799bb1b2-bd8f-49e2-81f8-f7237f0eb223 received client-request: Request { kind: ReserveTicket, customer: c47b712a-d3a6-4f4b-a48b-9281ae6157aa, server: None, raw: .. }
Reserved ticket 6256 for customer c47b712a-d3a6-4f4b-a48b-9281ae6157aa
Server 799bb1b2-bd8f-49e2-81f8-f7237f0eb223 received client-request: Request { kind: ReserveTicket, customer: 4f1fa559-af63-4c78-a227-7d3553bc9e5a, server: None, raw: .. }
Reserved ticket 6255 for customer 4f1fa559-af63-4c78-a227-7d3553bc9e5a
Server 799bb1b2-bd8f-49e2-81f8-f7237f0eb223 received client-request: Request { kind: ReserveTicket, customer: d180e5d0-2899-41c3-9af5-c5402ead4bb7, server: None, raw: .. }
Reserved ticket 6254 for customer d180e5d0-2899-41c3-9af5-c5402ead4bb7
Server 799bb1b2-bd8f-49e2-81f8-f7237f0eb223 received client-request: Request { kind: ReserveTicket, customer: 06b17540-680e-4de6-bc76-41f5a1799860, server: None, raw: .. }
Reserved ticket 6253 for customer 06b17540-680e-4de6-bc76-41f5a1799860
Server 799bb1b2-bd8f-49e2-81f8-f7237f0eb223 received client-request: Request { kind: ReserveTicket, customer: 08371f77-9ff6-410e-bc35-b350eba25561, server: None, raw: .. }
Reserved ticket 6252 for customer 08371f77-9ff6-410e-bc35-b350eba25561
Server 799bb1b2-bd8f-49e2-81f8-f7237f0eb223 received client-request: Request { kind: ReserveTicket, customer: 9615ae50-3db3-4adb-b721-886b1e6dff66, server: None, raw: .. }
Reserved ticket 6251 for customer 9615ae50-3db3-4adb-b721-886b1e6dff66
Server 799bb1b2-bd8f-49e2-81f8-f7237f0eb223 received client-request: Request { kind: ReserveTicket, customer: c8cdc551-e9c1-4cfb-813f-5306aad45398, server: None, raw: .. }
Reserved ticket 6250 for customer c8cdc551-e9c1-4cfb-813f-5306aad45398
Server 65a51e17-fff5-4036-8b94-6db5de4d28d8 received client-request: Request { kind: ReserveTicket, customer: f18f51ec-ea9c-4aa1-a5f6-584234cfd21f, server: None, raw: .. }
Reserved ticket 6249 for customer f18f51ec-ea9c-4aa1-a5f6-584234cfd21f
Server 799bb1b2-bd8f-49e2-81f8-f7237f0eb223 received client-request: Request { kind: ReserveTicket, customer: 8d16eda0-4323-4da8-bf9e-50bdc2fba092, server: None, raw: .. }
Reserved ticket 6248 for customer 8d16eda0-4323-4da8-bf9e-50bdc2fba092
Server 799bb1b2-bd8f-49e2-81f8-f7237f0eb223 received client-request: Request { kind: ReserveTicket, customer: 0e2d051c-1a6a-4a32-a26c-332cb4738d50, server: None, raw: .. }
Reserved ticket 6247 for customer 0e2d051c-1a6a-4a32-a26c-332cb4738d50
Server 799bb1b2-bd8f-49e2-81f8-f7237f0eb223 received client-request: Request { kind: ReserveTicket, customer: d5c0569b-bc45-47c5-88c4-db245b04e8b9, server: None, raw: .. }
Reserved ticket 6246 for customer d5c0569b-bc45-47c5-88c4-db245b04e8b9
Server 799bb1b2-bd8f-49e2-81f8-f7237f0eb223 received client-request: Request { kind: ReserveTicket, customer: d56590af-e7dc-4920-9796-829541f03da7, server: None, raw: .. }
Reserved ticket 6245 for customer d56590af-e7dc-4920-9796-829541f03da7
Server 799bb1b2-bd8f-49e2-81f8-f7237f0eb223 received client-request: Request { kind: ReserveTicket, customer: 9280971a-6930-4ee4-ac49-929832ba53b4, server: None, raw: .. }
Reserved ticket 6244 for customer 9280971a-6930-4ee4-ac49-929832ba53b4
Server 799bb1b2-bd8f-49e2-81f8-f7237f0eb223 received client-request: Request { kind: ReserveTicket, customer: 3dd5426a-d98d-43be-b7c1-b96199078c29, server: None, raw: .. }
Reserved ticket 6243 for customer 3dd5426a-d98d-43be-b7c1-b96199078c29
Server 799bb1b2-bd8f-49e2-81f8-f7237f0eb223 received client-request: Request { kind: ReserveTicket, customer: 0072b383-e416-42b6-869a-7fc5aab530f4, server: None, raw: .. }
Reserved ticket 6242 for customer 0072b383-e416-42b6-869a-7fc5aab530f4
Server 799bb1b2-bd8f-49e2-81f8-f7237f0eb223 received client-request: Request { kind: ReserveTicket, customer: 46dc8da0-5cb5-4c52-b14f-5d3128ac9e73, server: None, raw: .. }
Reserved ticket 6241 for customer 46dc8da0-5cb5-4c52-b14f-5d3128ac9e73
Server 799bb1b2-bd8f-49e2-81f8-f7237f0eb223 received client-request: Request { kind: ReserveTicket, customer: c53d205e-5a9c-4240-8a86-6d2133b86354, server: None, raw: .. }
Reserved ticket 6240 for customer c53d205e-5a9c-4240-8a86-6d2133b86354
Server 799bb1b2-bd8f-49e2-81f8-f7237f0eb223 received client-request: Request { kind: ReserveTicket, customer: 727dfbf9-92a5-49ba-8aee-5021f374edda, server: None, raw: .. }
Reserved ticket 6239 for customer 727dfbf9-92a5-49ba-8aee-5021f374edda
Server 799bb1b2-bd8f-49e2-81f8-f7237f0eb223 received client-request: Request { kind: ReserveTicket, customer: 9bb473f1-8b1b-4a65-a5e1-07057b629733, server: None, raw: .. }
Reserved ticket 6238 for customer 9bb473f1-8b1b-4a65-a5e1-07057b629733
Server 799bb1b2-bd8f-49e2-81f8-f7237f0eb223 received client-request: Request { kind: ReserveTicket, customer: e4f445cd-f68c-44a8-bfab-fb6c39db5a9c, server: None, raw: .. }
Reserved ticket 6237 for customer e4f445cd-f68c-44a8-bfab-fb6c39db5a9c
Server 799bb1b2-bd8f-49e2-81f8-f7237f0eb223 received client-request: Request { kind: ReserveTicket, customer: 33f146bb-82a7-4cea-aa1d-720de93f1328, server: None, raw: .. }
Reserved ticket 6236 for customer 33f146bb-82a7-4cea-aa1d-720de93f1328
Server 799bb1b2-bd8f-49e2-81f8-f7237f0eb223 received client-request: Request { kind: ReserveTicket, customer: e9aa3d1d-78be-4e17-bd2e-83966bb729c1, server: None, raw: .. }
Reserved ticket 6235 for customer e9aa3d1d-78be-4e17-bd2e-83966bb729c1
Server 799bb1b2-bd8f-49e2-81f8-f7237f0eb223 received client-request: Request { kind: ReserveTicket, customer: 439d6d7d-8a13-4f3f-8800-ba3c572896c8, server: None, raw: .. }
Reserved ticket 6234 for customer 439d6d7d-8a13-4f3f-8800-ba3c572896c8
Server 799bb1b2-bd8f-49e2-81f8-f7237f0eb223 received client-request: Request { kind: ReserveTicket, customer: dd793b15-bc9f-4433-bb81-f857aebfaf1b, server: None, raw: .. }
Reserved ticket 6233 for customer dd793b15-bc9f-4433-bb81-f857aebfaf1b
Server 799bb1b2-bd8f-49e2-81f8-f7237f0eb223 received client-request: Request { kind: ReserveTicket, customer: 11c4ae1a-82cf-46df-9b61-a4028c58c0c8, server: None, raw: .. }
Reserved ticket 6232 for customer 11c4ae1a-82cf-46df-9b61-a4028c58c0c8
Server 799bb1b2-bd8f-49e2-81f8-f7237f0eb223 received client-request: Request { kind: ReserveTicket, customer: aa12d402-dcbc-44a1-a710-574cf547d572, server: None, raw: .. }
Reserved ticket 6231 for customer aa12d402-dcbc-44a1-a710-574cf547d572
Server 799bb1b2-bd8f-49e2-81f8-f7237f0eb223 received client-request: Request { kind: ReserveTicket, customer: b6243f58-e433-423c-bf2a-4107ee812de5, server: None, raw: .. }
Reserved ticket 6230 for customer b6243f58-e433-423c-bf2a-4107ee812de5
Server 65a51e17-fff5-4036-8b94-6db5de4d28d8 received client-request: Request { kind: ReserveTicket, customer: 31272799-3aea-45de-bdfb-8d5ed8f51669, server: None, raw: .. }
Reserved ticket 6229 for customer 31272799-3aea-45de-bdfb-8d5ed8f51669
Server 799bb1b2-bd8f-49e2-81f8-f7237f0eb223 received client-request: Request { kind: ReserveTicket, customer: 12425fa6-5767-4c65-a5c3-caef3c19a8ee, server: None, raw: .. }
Reserved ticket 6228 for customer 12425fa6-5767-4c65-a5c3-caef3c19a8ee
Server 799bb1b2-bd8f-49e2-81f8-f7237f0eb223 received client-request: Request { kind: ReserveTicket, customer: 3a7e87bd-abfa-47b5-bb04-73fec58a5817, server: None, raw: .. }
Reserved ticket 6227 for customer 3a7e87bd-abfa-47b5-bb04-73fec58a5817
Server 799bb1b2-bd8f-49e2-81f8-f7237f0eb223 received client-request: Request { kind: ReserveTicket, customer: 9aad2477-8843-4141-ba51-90d69edc3779, server: None, raw: .. }
Reserved ticket 6226 for customer 9aad2477-8843-4141-ba51-90d69edc3779
Server 799bb1b2-bd8f-49e2-81f8-f7237f0eb223 received client-request: Request { kind: ReserveTicket, customer: c7539de4-0d57-4999-b7f5-334396d57bb0, server: None, raw: .. }
Reserved ticket 6225 for customer c7539de4-0d57-4999-b7f5-334396d57bb0
Server 799bb1b2-bd8f-49e2-81f8-f7237f0eb223 received client-request: Request { kind: ReserveTicket, customer: b1fc020f-cd63-44e6-af43-2be34fa8c431, server: None, raw: .. }
Reserved ticket 6224 for customer b1fc020f-cd63-44e6-af43-2be34fa8c431
Server 799bb1b2-bd8f-49e2-81f8-f7237f0eb223 received client-request: Request { kind: ReserveTicket, customer: 5e846fac-6b72-42a8-be50-a591261221ad, server: None, raw: .. }
Reserved ticket 6223 for customer 5e846fac-6b72-42a8-be50-a591261221ad
Server 799bb1b2-bd8f-49e2-81f8-f7237f0eb223 received client-request: Request { kind: ReserveTicket, customer: 16501b2a-85e8-40cc-9974-7e16c3da01ba, server: None, raw: .. }
Reserved ticket 6222 for customer 16501b2a-85e8-40cc-9974-7e16c3da01ba
Server 799bb1b2-bd8f-49e2-81f8-f7237f0eb223 received client-request: Request { kind: ReserveTicket, customer: 3d8d2bb5-952c-4196-a066-748cb0cf5ab5, server: None, raw: .. }
Reserved ticket 6221 for customer 3d8d2bb5-952c-4196-a066-748cb0cf5ab5
Server 799bb1b2-bd8f-49e2-81f8-f7237f0eb223 received client-request: Request { kind: ReserveTicket, customer: bccadd58-fc5d-4c3c-8561-77e2ed42b13b, server: None, raw: .. }
Reserved ticket 6220 for customer bccadd58-fc5d-4c3c-8561-77e2ed42b13b
Server 799bb1b2-bd8f-49e2-81f8-f7237f0eb223 received client-request: Request { kind: ReserveTicket, customer: 6f0b4686-727f-4c2f-8b47-2045ea9a62bc, server: None, raw: .. }
Reserved ticket 6219 for customer 6f0b4686-727f-4c2f-8b47-2045ea9a62bc
Server 799bb1b2-bd8f-49e2-81f8-f7237f0eb223 received client-request: Request { kind: ReserveTicket, customer: 04f478b6-2f6e-4dab-b4b1-7c2434d8812a, server: None, raw: .. }
Reserved ticket 6218 for customer 04f478b6-2f6e-4dab-b4b1-7c2434d8812a
Server 799bb1b2-bd8f-49e2-81f8-f7237f0eb223 received client-request: Request { kind: ReserveTicket, customer: 4abb25e2-3397-492e-817b-333fa0b2f630, server: None, raw: .. }
Reserved ticket 6217 for customer 4abb25e2-3397-492e-817b-333fa0b2f630
Server 799bb1b2-bd8f-49e2-81f8-f7237f0eb223 received client-request: Request { kind: ReserveTicket, customer: be5d8c0b-93b5-4622-b30c-ce7078660dd3, server: None, raw: .. }
Reserved ticket 6216 for customer be5d8c0b-93b5-4622-b30c-ce7078660dd3
Server 799bb1b2-bd8f-49e2-81f8-f7237f0eb223 received client-request: Request { kind: ReserveTicket, customer: 877e657d-9fc7-4bae-922d-f1b386aef49c, server: None, raw: .. }
Reserved ticket 6215 for customer 877e657d-9fc7-4bae-922d-f1b386aef49c
Server 799bb1b2-bd8f-49e2-81f8-f7237f0eb223 received client-request: Request { kind: ReserveTicket, customer: a561b7de-e21c-4bfc-bb4d-862f51c13d4a, server: None, raw: .. }
Reserved ticket 6214 for customer a561b7de-e21c-4bfc-bb4d-862f51c13d4a
Server 799bb1b2-bd8f-49e2-81f8-f7237f0eb223 received client-request: Request { kind: ReserveTicket, customer: cfb21554-38e8-4e8f-8da8-91688a1516fd, server: None, raw: .. }
Reserved ticket 6213 for customer cfb21554-38e8-4e8f-8da8-91688a1516fd
Server 799bb1b2-bd8f-49e2-81f8-f7237f0eb223 received client-request: Request { kind: ReserveTicket, customer: f3c01a1a-517b-42f3-aaef-dc039bbc32e0, server: None, raw: .. }
Reserved ticket 6212 for customer f3c01a1a-517b-42f3-aaef-dc039bbc32e0
Server 799bb1b2-bd8f-49e2-81f8-f7237f0eb223 received client-request: Request { kind: ReserveTicket, customer: 2b47b2e1-bb5f-4f1b-a1c4-958094c89bed, server: None, raw: .. }
Reserved ticket 6211 for customer 2b47b2e1-bb5f-4f1b-a1c4-958094c89bed
Server 799bb1b2-bd8f-49e2-81f8-f7237f0eb223 received client-request: Request { kind: ReserveTicket, customer: 11a3a583-225b-4ed4-b67b-e433dbde6105, server: None, raw: .. }
Reserved ticket 6210 for customer 11a3a583-225b-4ed4-b67b-e433dbde6105
Server 65a51e17-fff5-4036-8b94-6db5de4d28d8 received client-request: Request { kind: ReserveTicket, customer: b11ffb8b-c53e-45ac-93fc-c35664c7a7b4, server: None, raw: .. }
Reserved ticket 6209 for customer b11ffb8b-c53e-45ac-93fc-c35664c7a7b4
Server 799bb1b2-bd8f-49e2-81f8-f7237f0eb223 received client-request: Request { kind: ReserveTicket, customer: 4d6ed508-8130-4600-928e-84cccd5e67dc, server: None, raw: .. }
Reserved ticket 6208 for customer 4d6ed508-8130-4600-928e-84cccd5e67dc
Server 799bb1b2-bd8f-49e2-81f8-f7237f0eb223 received client-request: Request { kind: ReserveTicket, customer: 7e2b1b16-e0fc-401e-81aa-a3ad32a4f5f1, server: None, raw: .. }
Reserved ticket 6207 for customer 7e2b1b16-e0fc-401e-81aa-a3ad32a4f5f1
Server 799bb1b2-bd8f-49e2-81f8-f7237f0eb223 received client-request: Request { kind: ReserveTicket, customer: 94ed0d76-406a-432d-86ca-9deed9a2f613, server: None, raw: .. }
Reserved ticket 6206 for customer 94ed0d76-406a-432d-86ca-9deed9a2f613
Server 799bb1b2-bd8f-49e2-81f8-f7237f0eb223 received client-request: Request { kind: ReserveTicket, customer: e24476c7-c307-4778-9fd4-a3405e3924dd, server: None, raw: .. }
Reserved ticket 6205 for customer e24476c7-c307-4778-9fd4-a3405e3924dd
Server 799bb1b2-bd8f-49e2-81f8-f7237f0eb223 received client-request: Request { kind: ReserveTicket, customer: 33a6451b-028b-47f6-95c9-b3aeef005cb0, server: None, raw: .. }
Reserved ticket 6204 for customer 33a6451b-028b-47f6-95c9-b3aeef005cb0
Server 799bb1b2-bd8f-49e2-81f8-f7237f0eb223 received client-request: Request { kind: ReserveTicket, customer: b8f43f73-b4c3-44b7-ba92-a7b11708edfd, server: None, raw: .. }
Reserved ticket 6203 for customer b8f43f73-b4c3-44b7-ba92-a7b11708edfd
Server 799bb1b2-bd8f-49e2-81f8-f7237f0eb223 received client-request: Request { kind: ReserveTicket, customer: 08763676-e865-4d89-a9b4-1796a69b24e9, server: None, raw: .. }
Reserved ticket 6202 for customer 08763676-e865-4d89-a9b4-1796a69b24e9
Server 799bb1b2-bd8f-49e2-81f8-f7237f0eb223 received client-request: Request { kind: ReserveTicket, customer: 9c318cea-f2af-4528-9666-a042be98635f, server: None, raw: .. }
Reserved ticket 6201 for customer 9c318cea-f2af-4528-9666-a042be98635f
Server 799bb1b2-bd8f-49e2-81f8-f7237f0eb223 received client-request: Request { kind: ReserveTicket, customer: ada3c418-2947-4919-b58b-6b2926d43540, server: None, raw: .. }
Reserved ticket 6200 for customer ada3c418-2947-4919-b58b-6b2926d43540
Server 799bb1b2-bd8f-49e2-81f8-f7237f0eb223 received client-request: Request { kind: ReserveTicket, customer: 0b7bd0c3-a872-4081-94f6-cf6c76bf3d59, server: None, raw: .. }
Reserved ticket 6199 for customer 0b7bd0c3-a872-4081-94f6-cf6c76bf3d59
Server 799bb1b2-bd8f-49e2-81f8-f7237f0eb223 received client-request: Request { kind: ReserveTicket, customer: a288ab27-ea65-47f7-91e9-71f084acba1b, server: None, raw: .. }
Reserved ticket 6198 for customer a288ab27-ea65-47f7-91e9-71f084acba1b
Server 799bb1b2-bd8f-49e2-81f8-f7237f0eb223 received client-request: Request { kind: ReserveTicket, customer: ecdb3ae3-ad36-415d-a0b0-b0f81b54b5b1, server: None, raw: .. }
Reserved ticket 6197 for customer ecdb3ae3-ad36-415d-a0b0-b0f81b54b5b1
Server 799bb1b2-bd8f-49e2-81f8-f7237f0eb223 received client-request: Request { kind: ReserveTicket, customer: 16d3346a-2fbc-4f43-b3b9-109a9f41d3c0, server: None, raw: .. }
Reserved ticket 6196 for customer 16d3346a-2fbc-4f43-b3b9-109a9f41d3c0
Server 799bb1b2-bd8f-49e2-81f8-f7237f0eb223 received client-request: Request { kind: ReserveTicket, customer: eeb3c7bb-9d69-4663-9aae-5628f15447c2, server: None, raw: .. }
Reserved ticket 6195 for customer eeb3c7bb-9d69-4663-9aae-5628f15447c2
Server 799bb1b2-bd8f-49e2-81f8-f7237f0eb223 received client-request: Request { kind: ReserveTicket, customer: 2270537c-a998-4be7-9d90-5bff1b1055dd, server: None, raw: .. }
Reserved ticket 6194 for customer 2270537c-a998-4be7-9d90-5bff1b1055dd
Server 799bb1b2-bd8f-49e2-81f8-f7237f0eb223 received client-request: Request { kind: ReserveTicket, customer: 0c3fa17e-9f78-462f-bc16-47b2ecfd5c93, server: None, raw: .. }
Reserved ticket 6193 for customer 0c3fa17e-9f78-462f-bc16-47b2ecfd5c93
Server 799bb1b2-bd8f-49e2-81f8-f7237f0eb223 received client-request: Request { kind: ReserveTicket, customer: 7a74a9cf-fbb7-4c27-8ef6-283823c07b8f, server: None, raw: .. }
Reserved ticket 6192 for customer 7a74a9cf-fbb7-4c27-8ef6-283823c07b8f
Server 799bb1b2-bd8f-49e2-81f8-f7237f0eb223 received client-request: Request { kind: ReserveTicket, customer: 81440c35-c0db-4d0d-b898-cce862bf13a9, server: None, raw: .. }
Reserved ticket 6191 for customer 81440c35-c0db-4d0d-b898-cce862bf13a9
Server 799bb1b2-bd8f-49e2-81f8-f7237f0eb223 received client-request: Request { kind: ReserveTicket, customer: 30f57adc-bb60-4f27-8588-535dec8ad87f, server: None, raw: .. }
Reserved ticket 6190 for customer 30f57adc-bb60-4f27-8588-535dec8ad87f
Server 65a51e17-fff5-4036-8b94-6db5de4d28d8 received client-request: Request { kind: ReserveTicket, customer: 1c58acaa-49ae-46b6-b34a-4db382babe5a, server: None, raw: .. }
Reserved ticket 6189 for customer 1c58acaa-49ae-46b6-b34a-4db382babe5a
Server 799bb1b2-bd8f-49e2-81f8-f7237f0eb223 received client-request: Request { kind: ReserveTicket, customer: 9f9e8a99-68aa-400f-80c3-2a93c6fd8c25, server: None, raw: .. }
Reserved ticket 6188 for customer 9f9e8a99-68aa-400f-80c3-2a93c6fd8c25
Server 799bb1b2-bd8f-49e2-81f8-f7237f0eb223 received client-request: Request { kind: ReserveTicket, customer: b9e478b7-2ef2-4371-917f-b0572bf94797, server: None, raw: .. }
Reserved ticket 6187 for customer b9e478b7-2ef2-4371-917f-b0572bf94797
Server 799bb1b2-bd8f-49e2-81f8-f7237f0eb223 received client-request: Request { kind: ReserveTicket, customer: 324e3b3a-2f12-4370-ab93-b5aefb79d43c, server: None, raw: .. }
Reserved ticket 6186 for customer 324e3b3a-2f12-4370-ab93-b5aefb79d43c
Server 799bb1b2-bd8f-49e2-81f8-f7237f0eb223 received client-request: Request { kind: ReserveTicket, customer: 08977ec6-8c6c-425d-bc7b-2ffcf5e9368b, server: None, raw: .. }
Reserved ticket 6185 for customer 08977ec6-8c6c-425d-bc7b-2ffcf5e9368b
Server 799bb1b2-bd8f-49e2-81f8-f7237f0eb223 received client-request: Request { kind: ReserveTicket, customer: 24f3cc96-3157-4163-9c63-0370981ea757, server: None, raw: .. }
Reserved ticket 6184 for customer 24f3cc96-3157-4163-9c63-0370981ea757
Server 799bb1b2-bd8f-49e2-81f8-f7237f0eb223 received client-request: Request { kind: ReserveTicket, customer: 2aa1c424-c5b3-4fd6-a9ca-8b980f52a453, server: None, raw: .. }
Reserved ticket 6183 for customer 2aa1c424-c5b3-4fd6-a9ca-8b980f52a453
Server 799bb1b2-bd8f-49e2-81f8-f7237f0eb223 received client-request: Request { kind: ReserveTicket, customer: 95b5872c-f1d5-424b-8970-6d0be48c1daf, server: None, raw: .. }
Reserved ticket 6182 for customer 95b5872c-f1d5-424b-8970-6d0be48c1daf
Server 799bb1b2-bd8f-49e2-81f8-f7237f0eb223 received client-request: Request { kind: ReserveTicket, customer: 48594ecc-b9a4-4886-b027-0ff6fd2fa5af, server: None, raw: .. }
Reserved ticket 6181 for customer 48594ecc-b9a4-4886-b027-0ff6fd2fa5af
Server 799bb1b2-bd8f-49e2-81f8-f7237f0eb223 received client-request: Request { kind: ReserveTicket, customer: a79372e5-f3d0-42b1-be44-8ed28c233690, server: None, raw: .. }
Reserved ticket 6180 for customer a79372e5-f3d0-42b1-be44-8ed28c233690
Server 799bb1b2-bd8f-49e2-81f8-f7237f0eb223 received client-request: Request { kind: ReserveTicket, customer: 2b42079c-691c-4771-8813-47125a11efaf, server: None, raw: .. }
Reserved ticket 6179 for customer 2b42079c-691c-4771-8813-47125a11efaf
Server 799bb1b2-bd8f-49e2-81f8-f7237f0eb223 received client-request: Request { kind: ReserveTicket, customer: d85d2a9d-bf86-4dcf-83ec-d97d02331f5d, server: None, raw: .. }
Reserved ticket 6178 for customer d85d2a9d-bf86-4dcf-83ec-d97d02331f5d
Server 799bb1b2-bd8f-49e2-81f8-f7237f0eb223 received client-request: Request { kind: ReserveTicket, customer: 612c5cbb-7e68-4b85-98ba-3ca906335527, server: None, raw: .. }
Reserved ticket 6177 for customer 612c5cbb-7e68-4b85-98ba-3ca906335527
Server 799bb1b2-bd8f-49e2-81f8-f7237f0eb223 received client-request: Request { kind: ReserveTicket, customer: 90299946-78fb-41e2-94d1-c0c6ee2ab1af, server: None, raw: .. }
Reserved ticket 6176 for customer 90299946-78fb-41e2-94d1-c0c6ee2ab1af
Server 799bb1b2-bd8f-49e2-81f8-f7237f0eb223 received client-request: Request { kind: ReserveTicket, customer: 80195a5e-b361-4648-8f41-238a4ca13f72, server: None, raw: .. }
Reserved ticket 6175 for customer 80195a5e-b361-4648-8f41-238a4ca13f72
Server 799bb1b2-bd8f-49e2-81f8-f7237f0eb223 received client-request: Request { kind: ReserveTicket, customer: 2550c7f1-7369-4402-8144-ff5d72db58de, server: None, raw: .. }
Reserved ticket 6174 for customer 2550c7f1-7369-4402-8144-ff5d72db58de
Server 799bb1b2-bd8f-49e2-81f8-f7237f0eb223 received client-request: Request { kind: ReserveTicket, customer: a9851ed5-01c6-45e8-a1ea-7fd60dd0b492, server: None, raw: .. }
Reserved ticket 6173 for customer a9851ed5-01c6-45e8-a1ea-7fd60dd0b492
Server 799bb1b2-bd8f-49e2-81f8-f7237f0eb223 received client-request: Request { kind: ReserveTicket, customer: 93929393-8cb7-41cf-a74c-499febb2920c, server: None, raw: .. }
Reserved ticket 6172 for customer 93929393-8cb7-41cf-a74c-499febb2920c
Server 799bb1b2-bd8f-49e2-81f8-f7237f0eb223 received client-request: Request { kind: ReserveTicket, customer: 3f07363d-a33c-4fda-b583-5f9f4c3c4992, server: None, raw: .. }
Reserved ticket 6171 for customer 3f07363d-a33c-4fda-b583-5f9f4c3c4992
Server 799bb1b2-bd8f-49e2-81f8-f7237f0eb223 received client-request: Request { kind: ReserveTicket, customer: c9493f8a-f928-4961-a834-a1d28adb4295, server: None, raw: .. }
Reserved ticket 6170 for customer c9493f8a-f928-4961-a834-a1d28adb4295
Server 65a51e17-fff5-4036-8b94-6db5de4d28d8 received client-request: Request { kind: ReserveTicket, customer: 768fde3d-2f92-4d51-8b24-bc9249752b0e, server: None, raw: .. }
Reserved ticket 6169 for customer 768fde3d-2f92-4d51-8b24-bc9249752b0e
Server 799bb1b2-bd8f-49e2-81f8-f7237f0eb223 received client-request: Request { kind: ReserveTicket, customer: e9031e2e-b6c3-4c90-a93a-72f78764cd2f, server: None, raw: .. }
Reserved ticket 6168 for customer e9031e2e-b6c3-4c90-a93a-72f78764cd2f
Server 799bb1b2-bd8f-49e2-81f8-f7237f0eb223 received client-request: Request { kind: ReserveTicket, customer: c9fb797e-2ecc-42f4-a220-a37d6c9d965b, server: None, raw: .. }
Reserved ticket 6167 for customer c9fb797e-2ecc-42f4-a220-a37d6c9d965b
Server 799bb1b2-bd8f-49e2-81f8-f7237f0eb223 received client-request: Request { kind: ReserveTicket, customer: da8be7a9-024c-4355-940b-2569fffba755, server: None, raw: .. }
Reserved ticket 6166 for customer da8be7a9-024c-4355-940b-2569fffba755
Server 799bb1b2-bd8f-49e2-81f8-f7237f0eb223 received client-request: Request { kind: ReserveTicket, customer: 5e25c110-1e26-41ed-92df-87b087d896a8, server: None, raw: .. }
Reserved ticket 6165 for customer 5e25c110-1e26-41ed-92df-87b087d896a8
Server 799bb1b2-bd8f-49e2-81f8-f7237f0eb223 received client-request: Request { kind: ReserveTicket, customer: 3c33f7cc-03f4-48b6-8aa1-8648f8b2e9ac, server: None, raw: .. }
Reserved ticket 6164 for customer 3c33f7cc-03f4-48b6-8aa1-8648f8b2e9ac
Server 799bb1b2-bd8f-49e2-81f8-f7237f0eb223 received client-request: Request { kind: ReserveTicket, customer: 407dd012-cdce-4f37-affb-193983814976, server: None, raw: .. }
Reserved ticket 6163 for customer 407dd012-cdce-4f37-affb-193983814976
Server 799bb1b2-bd8f-49e2-81f8-f7237f0eb223 received client-request: Request { kind: ReserveTicket, customer: 58dcb5bb-b2a3-4049-8635-b3b1eb1ff1d0, server: None, raw: .. }
Reserved ticket 6162 for customer 58dcb5bb-b2a3-4049-8635-b3b1eb1ff1d0
Server 799bb1b2-bd8f-49e2-81f8-f7237f0eb223 received client-request: Request { kind: ReserveTicket, customer: 64237d20-7d74-46a4-947d-256e23010812, server: None, raw: .. }
Reserved ticket 6161 for customer 64237d20-7d74-46a4-947d-256e23010812
Server 799bb1b2-bd8f-49e2-81f8-f7237f0eb223 received client-request: Request { kind: ReserveTicket, customer: 8087e400-f22c-4442-9d7c-10e2612613f3, server: None, raw: .. }
Reserved ticket 6160 for customer 8087e400-f22c-4442-9d7c-10e2612613f3
Server 799bb1b2-bd8f-49e2-81f8-f7237f0eb223 received client-request: Request { kind: ReserveTicket, customer: 517c757e-2284-4485-a95d-3b38fafe111c, server: None, raw: .. }
Reserved ticket 6159 for customer 517c757e-2284-4485-a95d-3b38fafe111c
Server 799bb1b2-bd8f-49e2-81f8-f7237f0eb223 received client-request: Request { kind: ReserveTicket, customer: 2783ed0a-4a92-4341-bbb0-3612858ac9b6, server: None, raw: .. }
Reserved ticket 6158 for customer 2783ed0a-4a92-4341-bbb0-3612858ac9b6
Server 799bb1b2-bd8f-49e2-81f8-f7237f0eb223 received client-request: Request { kind: ReserveTicket, customer: 85b5814d-1a69-4d82-918c-d22f6b652cbf, server: None, raw: .. }
Reserved ticket 6157 for customer 85b5814d-1a69-4d82-918c-d22f6b652cbf
Server 799bb1b2-bd8f-49e2-81f8-f7237f0eb223 received client-request: Request { kind: ReserveTicket, customer: 3ceefa08-ea88-4937-b042-d3ef2c7b8f1a, server: None, raw: .. }
Reserved ticket 6156 for customer 3ceefa08-ea88-4937-b042-d3ef2c7b8f1a
Server 799bb1b2-bd8f-49e2-81f8-f7237f0eb223 received client-request: Request { kind: ReserveTicket, customer: de881298-4a8c-40d1-8a8d-80718804564e, server: None, raw: .. }
Reserved ticket 6155 for customer de881298-4a8c-40d1-8a8d-80718804564e
Server 799bb1b2-bd8f-49e2-81f8-f7237f0eb223 received client-request: Request { kind: ReserveTicket, customer: 4c5e4941-aabc-4821-b125-8e3d0e55f003, server: None, raw: .. }
Reserved ticket 6154 for customer 4c5e4941-aabc-4821-b125-8e3d0e55f003
Server 799bb1b2-bd8f-49e2-81f8-f7237f0eb223 received client-request: Request { kind: ReserveTicket, customer: 56f348d7-95ac-4638-9e82-9d3d7b42f1e2, server: None, raw: .. }
Reserved ticket 6153 for customer 56f348d7-95ac-4638-9e82-9d3d7b42f1e2
Server 799bb1b2-bd8f-49e2-81f8-f7237f0eb223 received client-request: Request { kind: ReserveTicket, customer: 15c62ae4-1616-4ee3-b8e2-ba002fe0cfbc, server: None, raw: .. }
Reserved ticket 6152 for customer 15c62ae4-1616-4ee3-b8e2-ba002fe0cfbc
Server 799bb1b2-bd8f-49e2-81f8-f7237f0eb223 received client-request: Request { kind: ReserveTicket, customer: 86a510eb-7dd0-4eef-a588-d146953b9919, server: None, raw: .. }
Reserved ticket 6151 for customer 86a510eb-7dd0-4eef-a588-d146953b9919
Server 799bb1b2-bd8f-49e2-81f8-f7237f0eb223 received client-request: Request { kind: ReserveTicket, customer: b8509bee-5de2-4335-81dd-bd0a077421fb, server: None, raw: .. }
Reserved ticket 6150 for customer b8509bee-5de2-4335-81dd-bd0a077421fb
Server 65a51e17-fff5-4036-8b94-6db5de4d28d8 received client-request: Request { kind: ReserveTicket, customer: 9dcfc8c6-88c2-42d7-8213-0a7be58a5f87, server: None, raw: .. }
Reserved ticket 6149 for customer 9dcfc8c6-88c2-42d7-8213-0a7be58a5f87
Server 799bb1b2-bd8f-49e2-81f8-f7237f0eb223 received client-request: Request { kind: ReserveTicket, customer: 9a05ee7b-7b54-409a-ab22-56f264b7de6a, server: None, raw: .. }
Reserved ticket 6148 for customer 9a05ee7b-7b54-409a-ab22-56f264b7de6a
Server 799bb1b2-bd8f-49e2-81f8-f7237f0eb223 received client-request: Request { kind: ReserveTicket, customer: 09133e95-ec1f-40df-81fb-1c01eb7a546e, server: None, raw: .. }
Reserved ticket 6147 for customer 09133e95-ec1f-40df-81fb-1c01eb7a546e
Server 799bb1b2-bd8f-49e2-81f8-f7237f0eb223 received client-request: Request { kind: ReserveTicket, customer: 2105f9ac-5612-4f3f-9c88-991b01c2c930, server: None, raw: .. }
Reserved ticket 6146 for customer 2105f9ac-5612-4f3f-9c88-991b01c2c930
Server 799bb1b2-bd8f-49e2-81f8-f7237f0eb223 received client-request: Request { kind: ReserveTicket, customer: e5e1742f-378d-4aff-95b9-9da850e32fda, server: None, raw: .. }
Reserved ticket 6145 for customer e5e1742f-378d-4aff-95b9-9da850e32fda
Server 799bb1b2-bd8f-49e2-81f8-f7237f0eb223 received client-request: Request { kind: ReserveTicket, customer: f09cb0ef-9641-4aa8-bb86-802b7f489a42, server: None, raw: .. }
Reserved ticket 6144 for customer f09cb0ef-9641-4aa8-bb86-802b7f489a42
Server 799bb1b2-bd8f-49e2-81f8-f7237f0eb223 received client-request: Request { kind: ReserveTicket, customer: 761ff63a-18a4-430a-8fd3-f4570942d6b9, server: None, raw: .. }
Reserved ticket 6143 for customer 761ff63a-18a4-430a-8fd3-f4570942d6b9
Server 799bb1b2-bd8f-49e2-81f8-f7237f0eb223 received client-request: Request { kind: ReserveTicket, customer: 50c3c146-929c-4671-a0b9-84ebcbb6e349, server: None, raw: .. }
Reserved ticket 6142 for customer 50c3c146-929c-4671-a0b9-84ebcbb6e349
Server 799bb1b2-bd8f-49e2-81f8-f7237f0eb223 received client-request: Request { kind: ReserveTicket, customer: 40fa4ac9-4031-46b6-a521-cbea647bafac, server: None, raw: .. }
Reserved ticket 6141 for customer 40fa4ac9-4031-46b6-a521-cbea647bafac
Server 799bb1b2-bd8f-49e2-81f8-f7237f0eb223 received client-request: Request { kind: ReserveTicket, customer: 34b1828e-de75-485a-9b07-7149f71e18bf, server: None, raw: .. }
Reserved ticket 6140 for customer 34b1828e-de75-485a-9b07-7149f71e18bf
Server 799bb1b2-bd8f-49e2-81f8-f7237f0eb223 received client-request: Request { kind: ReserveTicket, customer: fa615ca9-179c-4115-b73c-2ab7d5da3c90, server: None, raw: .. }
Reserved ticket 6139 for customer fa615ca9-179c-4115-b73c-2ab7d5da3c90
Server 799bb1b2-bd8f-49e2-81f8-f7237f0eb223 received client-request: Request { kind: ReserveTicket, customer: 47fd6939-2552-49fd-9fc0-3210a8b17e6d, server: None, raw: .. }
Reserved ticket 6138 for customer 47fd6939-2552-49fd-9fc0-3210a8b17e6d
Server 799bb1b2-bd8f-49e2-81f8-f7237f0eb223 received client-request: Request { kind: ReserveTicket, customer: db288473-d785-493e-b374-25cf91298b80, server: None, raw: .. }
Reserved ticket 6137 for customer db288473-d785-493e-b374-25cf91298b80
Server 799bb1b2-bd8f-49e2-81f8-f7237f0eb223 received client-request: Request { kind: ReserveTicket, customer: 515a72f8-6119-474c-847b-33d83c3aaa4c, server: None, raw: .. }
Reserved ticket 6136 for customer 515a72f8-6119-474c-847b-33d83c3aaa4c
Server 799bb1b2-bd8f-49e2-81f8-f7237f0eb223 received client-request: Request { kind: ReserveTicket, customer: 118b49fa-5b7e-4546-ae79-97752c3d3485, server: None, raw: .. }
Reserved ticket 6135 for customer 118b49fa-5b7e-4546-ae79-97752c3d3485
Server 799bb1b2-bd8f-49e2-81f8-f7237f0eb223 received client-request: Request { kind: ReserveTicket, customer: c5d45c63-411a-4c8c-ac6f-d6f35b53cef3, server: None, raw: .. }
Reserved ticket 6134 for customer c5d45c63-411a-4c8c-ac6f-d6f35b53cef3
Server 799bb1b2-bd8f-49e2-81f8-f7237f0eb223 received client-request: Request { kind: ReserveTicket, customer: e20bae0b-9aa5-4dbe-b991-636d3629fe1a, server: None, raw: .. }
Reserved ticket 6133 for customer e20bae0b-9aa5-4dbe-b991-636d3629fe1a
Server 799bb1b2-bd8f-49e2-81f8-f7237f0eb223 received client-request: Request { kind: ReserveTicket, customer: 0c5fed19-d594-4545-a2f6-3ed63f78b45f, server: None, raw: .. }
Reserved ticket 6132 for customer 0c5fed19-d594-4545-a2f6-3ed63f78b45f
Server 799bb1b2-bd8f-49e2-81f8-f7237f0eb223 received client-request: Request { kind: ReserveTicket, customer: 6ea345e0-dd00-4861-848c-e2216e49cde7, server: None, raw: .. }
Reserved ticket 6131 for customer 6ea345e0-dd00-4861-848c-e2216e49cde7
Server 799bb1b2-bd8f-49e2-81f8-f7237f0eb223 received client-request: Request { kind: ReserveTicket, customer: 6e95b930-5718-424a-b546-177211be530c, server: None, raw: .. }
Reserved ticket 6130 for customer 6e95b930-5718-424a-b546-177211be530c
Server 65a51e17-fff5-4036-8b94-6db5de4d28d8 received client-request: Request { kind: ReserveTicket, customer: d27a30db-6d52-48c0-852a-da0d9286ea04, server: None, raw: .. }
Reserved ticket 6129 for customer d27a30db-6d52-48c0-852a-da0d9286ea04
Server 799bb1b2-bd8f-49e2-81f8-f7237f0eb223 received client-request: Request { kind: ReserveTicket, customer: 18406bc3-e78c-4c62-a15b-d7e836bdc8ae, server: None, raw: .. }
Reserved ticket 6128 for customer 18406bc3-e78c-4c62-a15b-d7e836bdc8ae
Server 799bb1b2-bd8f-49e2-81f8-f7237f0eb223 received client-request: Request { kind: ReserveTicket, customer: 59a1263a-6ac5-4f3b-ab33-4b00d556277f, server: None, raw: .. }
Reserved ticket 6127 for customer 59a1263a-6ac5-4f3b-ab33-4b00d556277f
Server 799bb1b2-bd8f-49e2-81f8-f7237f0eb223 received client-request: Request { kind: ReserveTicket, customer: cf7bbbf3-cfe9-4da9-b8d7-51588e7d4c09, server: None, raw: .. }
Reserved ticket 6126 for customer cf7bbbf3-cfe9-4da9-b8d7-51588e7d4c09
Server 799bb1b2-bd8f-49e2-81f8-f7237f0eb223 received client-request: Request { kind: ReserveTicket, customer: 1d9de6ba-afd1-4763-b313-b038747430fd, server: None, raw: .. }
Reserved ticket 6125 for customer 1d9de6ba-afd1-4763-b313-b038747430fd
Server 799bb1b2-bd8f-49e2-81f8-f7237f0eb223 received client-request: Request { kind: ReserveTicket, customer: cd940caf-da90-4f03-a537-68977a8b85cd, server: None, raw: .. }
Reserved ticket 6124 for customer cd940caf-da90-4f03-a537-68977a8b85cd
Server 799bb1b2-bd8f-49e2-81f8-f7237f0eb223 received client-request: Request { kind: ReserveTicket, customer: e8409b70-5ff2-471f-be05-5db13a29ffc9, server: None, raw: .. }
Reserved ticket 6123 for customer e8409b70-5ff2-471f-be05-5db13a29ffc9
Server 799bb1b2-bd8f-49e2-81f8-f7237f0eb223 received client-request: Request { kind: ReserveTicket, customer: e140ace4-a1bd-4d49-a2d6-47c0eefe8152, server: None, raw: .. }
Reserved ticket 6122 for customer e140ace4-a1bd-4d49-a2d6-47c0eefe8152
Server 799bb1b2-bd8f-49e2-81f8-f7237f0eb223 received client-request: Request { kind: ReserveTicket, customer: dc18c7d0-c743-4cb6-9ca6-459a50c9f6c7, server: None, raw: .. }
Reserved ticket 6121 for customer dc18c7d0-c743-4cb6-9ca6-459a50c9f6c7
Server 799bb1b2-bd8f-49e2-81f8-f7237f0eb223 received client-request: Request { kind: ReserveTicket, customer: b2e049f4-c00e-443f-b2e6-86469c408cab, server: None, raw: .. }
Reserved ticket 6120 for customer b2e049f4-c00e-443f-b2e6-86469c408cab
Server 799bb1b2-bd8f-49e2-81f8-f7237f0eb223 received client-request: Request { kind: ReserveTicket, customer: e08c8a55-5373-4727-bbd5-6e689b45a2a8, server: None, raw: .. }
Reserved ticket 6119 for customer e08c8a55-5373-4727-bbd5-6e689b45a2a8
Server 799bb1b2-bd8f-49e2-81f8-f7237f0eb223 received client-request: Request { kind: ReserveTicket, customer: 712714ad-bb13-4ea6-866a-880d15158f64, server: None, raw: .. }
Reserved ticket 6118 for customer 712714ad-bb13-4ea6-866a-880d15158f64
Server 799bb1b2-bd8f-49e2-81f8-f7237f0eb223 received client-request: Request { kind: ReserveTicket, customer: 4b094c4d-95bc-4f04-8032-ea216aa36ecc, server: None, raw: .. }
Reserved ticket 6117 for customer 4b094c4d-95bc-4f04-8032-ea216aa36ecc
Server 799bb1b2-bd8f-49e2-81f8-f7237f0eb223 received client-request: Request { kind: ReserveTicket, customer: f2bdef3c-dc9c-4ccc-ba07-ff2484bce8c3, server: None, raw: .. }
Reserved ticket 6116 for customer f2bdef3c-dc9c-4ccc-ba07-ff2484bce8c3
Server 799bb1b2-bd8f-49e2-81f8-f7237f0eb223 received client-request: Request { kind: ReserveTicket, customer: 76ffc30f-1545-49af-8714-afbecef6174c, server: None, raw: .. }
Reserved ticket 6115 for customer 76ffc30f-1545-49af-8714-afbecef6174c
Server 799bb1b2-bd8f-49e2-81f8-f7237f0eb223 received client-request: Request { kind: ReserveTicket, customer: 3d881e67-9593-4c33-b53a-184f3e247581, server: None, raw: .. }
Reserved ticket 6114 for customer 3d881e67-9593-4c33-b53a-184f3e247581
Server 799bb1b2-bd8f-49e2-81f8-f7237f0eb223 received client-request: Request { kind: ReserveTicket, customer: eb940a2c-1e5c-4b3c-80e2-85db9a8dbd49, server: None, raw: .. }
Reserved ticket 6113 for customer eb940a2c-1e5c-4b3c-80e2-85db9a8dbd49
Server 799bb1b2-bd8f-49e2-81f8-f7237f0eb223 received client-request: Request { kind: ReserveTicket, customer: 3866e37f-c81c-48c6-baf9-5ca3a83dd7c2, server: None, raw: .. }
Reserved ticket 6112 for customer 3866e37f-c81c-48c6-baf9-5ca3a83dd7c2
Server 799bb1b2-bd8f-49e2-81f8-f7237f0eb223 received client-request: Request { kind: ReserveTicket, customer: f616eab6-cf09-40d0-a392-db33816e708a, server: None, raw: .. }
Reserved ticket 6111 for customer f616eab6-cf09-40d0-a392-db33816e708a
Server 799bb1b2-bd8f-49e2-81f8-f7237f0eb223 received client-request: Request { kind: ReserveTicket, customer: 7053d7a2-13f0-4eb5-8ea0-e0449ed6f3da, server: None, raw: .. }
Reserved ticket 6110 for customer 7053d7a2-13f0-4eb5-8ea0-e0449ed6f3da
Server 65a51e17-fff5-4036-8b94-6db5de4d28d8 received client-request: Request { kind: ReserveTicket, customer: 5a224b1c-70fe-42be-899a-05c36fbaa785, server: None, raw: .. }
Reserved ticket 6109 for customer 5a224b1c-70fe-42be-899a-05c36fbaa785
Server 799bb1b2-bd8f-49e2-81f8-f7237f0eb223 received client-request: Request { kind: ReserveTicket, customer: 3d3b9e75-b642-4410-8807-ce57a49ccad8, server: None, raw: .. }
Reserved ticket 6108 for customer 3d3b9e75-b642-4410-8807-ce57a49ccad8
Server 799bb1b2-bd8f-49e2-81f8-f7237f0eb223 received client-request: Request { kind: ReserveTicket, customer: 8011662f-6ccb-4ae8-8a9d-0d03ca96b047, server: None, raw: .. }
Reserved ticket 6107 for customer 8011662f-6ccb-4ae8-8a9d-0d03ca96b047
Server 799bb1b2-bd8f-49e2-81f8-f7237f0eb223 received client-request: Request { kind: ReserveTicket, customer: 5ddc4f54-f256-4cbf-b3b4-74aa502f362f, server: None, raw: .. }
Reserved ticket 6106 for customer 5ddc4f54-f256-4cbf-b3b4-74aa502f362f
Server 799bb1b2-bd8f-49e2-81f8-f7237f0eb223 received client-request: Request { kind: ReserveTicket, customer: e885dcad-2f8c-4bff-906c-263254e1580a, server: None, raw: .. }
Reserved ticket 6105 for customer e885dcad-2f8c-4bff-906c-263254e1580a
Server 799bb1b2-bd8f-49e2-81f8-f7237f0eb223 received client-request: Request { kind: ReserveTicket, customer: 47947f39-e9bb-4ba5-8e3b-39d4ba09a7bf, server: None, raw: .. }
Reserved ticket 6104 for customer 47947f39-e9bb-4ba5-8e3b-39d4ba09a7bf
Server 799bb1b2-bd8f-49e2-81f8-f7237f0eb223 received client-request: Request { kind: ReserveTicket, customer: 5bf24a5f-6b91-441d-8cc4-372fd1ac8eb5, server: None, raw: .. }
Reserved ticket 6103 for customer 5bf24a5f-6b91-441d-8cc4-372fd1ac8eb5
Server 799bb1b2-bd8f-49e2-81f8-f7237f0eb223 received client-request: Request { kind: ReserveTicket, customer: 4dee0184-5719-48a7-896c-c7c9583ac232, server: None, raw: .. }
Reserved ticket 6102 for customer 4dee0184-5719-48a7-896c-c7c9583ac232
Server 799bb1b2-bd8f-49e2-81f8-f7237f0eb223 received client-request: Request { kind: ReserveTicket, customer: c641e0ab-ce5e-4262-b231-cf6858d1d004, server: None, raw: .. }
Reserved ticket 6101 for customer c641e0ab-ce5e-4262-b231-cf6858d1d004
Server 799bb1b2-bd8f-49e2-81f8-f7237f0eb223 received client-request: Request { kind: ReserveTicket, customer: 8921b023-2697-468b-92d7-bc779be65747, server: None, raw: .. }
Reserved ticket 6100 for customer 8921b023-2697-468b-92d7-bc779be65747
Server 799bb1b2-bd8f-49e2-81f8-f7237f0eb223 received client-request: Request { kind: ReserveTicket, customer: 4bf67ad0-2e06-422b-b149-9116ce67870d, server: None, raw: .. }
Reserved ticket 6099 for customer 4bf67ad0-2e06-422b-b149-9116ce67870d
Server 799bb1b2-bd8f-49e2-81f8-f7237f0eb223 received client-request: Request { kind: ReserveTicket, customer: 81af5b5f-4adb-4d32-a273-44b1b3099a11, server: None, raw: .. }
Reserved ticket 6098 for customer 81af5b5f-4adb-4d32-a273-44b1b3099a11
Server 799bb1b2-bd8f-49e2-81f8-f7237f0eb223 received client-request: Request { kind: ReserveTicket, customer: 134c95bc-dbfd-4ad8-9e32-c5036c01b2e8, server: None, raw: .. }
Reserved ticket 6097 for customer 134c95bc-dbfd-4ad8-9e32-c5036c01b2e8
Server 799bb1b2-bd8f-49e2-81f8-f7237f0eb223 received client-request: Request { kind: ReserveTicket, customer: 49126144-3345-4ac7-a5fa-8500150952fc, server: None, raw: .. }
Reserved ticket 6096 for customer 49126144-3345-4ac7-a5fa-8500150952fc
Server 799bb1b2-bd8f-49e2-81f8-f7237f0eb223 received client-request: Request { kind: ReserveTicket, customer: 2527831c-0625-4b03-9c85-b9ec06c255dc, server: None, raw: .. }
Reserved ticket 6095 for customer 2527831c-0625-4b03-9c85-b9ec06c255dc
Server 799bb1b2-bd8f-49e2-81f8-f7237f0eb223 received client-request: Request { kind: ReserveTicket, customer: b87b5b9b-edbb-432c-8ba2-730657dd0fef, server: None, raw: .. }
Reserved ticket 6094 for customer b87b5b9b-edbb-432c-8ba2-730657dd0fef
Server 799bb1b2-bd8f-49e2-81f8-f7237f0eb223 received client-request: Request { kind: ReserveTicket, customer: 6aa03fb4-7820-44f0-84f0-c57ab2f2fa54, server: None, raw: .. }
Reserved ticket 6093 for customer 6aa03fb4-7820-44f0-84f0-c57ab2f2fa54
Server 799bb1b2-bd8f-49e2-81f8-f7237f0eb223 received client-request: Request { kind: ReserveTicket, customer: 4713f2dd-cc44-4c80-a19c-a39a9043b5ba, server: None, raw: .. }
Reserved ticket 6092 for customer 4713f2dd-cc44-4c80-a19c-a39a9043b5ba
Server 799bb1b2-bd8f-49e2-81f8-f7237f0eb223 received client-request: Request { kind: ReserveTicket, customer: 46056acb-c7ef-487d-b15d-7f2936407a27, server: None, raw: .. }
Reserved ticket 6091 for customer 46056acb-c7ef-487d-b15d-7f2936407a27
Server 799bb1b2-bd8f-49e2-81f8-f7237f0eb223 received client-request: Request { kind: ReserveTicket, customer: a8e4beef-d889-4088-9a91-183ae3be52f3, server: None, raw: .. }
Reserved ticket 6090 for customer a8e4beef-d889-4088-9a91-183ae3be52f3
Server 65a51e17-fff5-4036-8b94-6db5de4d28d8 received client-request: Request { kind: ReserveTicket, customer: 526ed66d-3680-42b2-a18a-fd258d535fb5, server: None, raw: .. }
Reserved ticket 6089 for customer 526ed66d-3680-42b2-a18a-fd258d535fb5
Server 799bb1b2-bd8f-49e2-81f8-f7237f0eb223 received client-request: Request { kind: ReserveTicket, customer: 639c4942-2c09-4a86-a683-16ae5619af06, server: None, raw: .. }
Reserved ticket 6088 for customer 639c4942-2c09-4a86-a683-16ae5619af06
Server 799bb1b2-bd8f-49e2-81f8-f7237f0eb223 received client-request: Request { kind: ReserveTicket, customer: f0676cc6-9270-4b19-87f9-888117a54a9f, server: None, raw: .. }
Reserved ticket 6087 for customer f0676cc6-9270-4b19-87f9-888117a54a9f
Server 799bb1b2-bd8f-49e2-81f8-f7237f0eb223 received client-request: Request { kind: ReserveTicket, customer: a870b3f8-a439-4ef3-877e-fb7cefe0ecba, server: None, raw: .. }
Reserved ticket 6086 for customer a870b3f8-a439-4ef3-877e-fb7cefe0ecba
Server 799bb1b2-bd8f-49e2-81f8-f7237f0eb223 received client-request: Request { kind: ReserveTicket, customer: e12102e1-e872-49d1-a19e-3fa361ca8adb, server: None, raw: .. }
Reserved ticket 6085 for customer e12102e1-e872-49d1-a19e-3fa361ca8adb
Server 799bb1b2-bd8f-49e2-81f8-f7237f0eb223 received client-request: Request { kind: ReserveTicket, customer: 46addc94-2d3a-4856-aee1-473abbb6efbd, server: None, raw: .. }
Reserved ticket 6084 for customer 46addc94-2d3a-4856-aee1-473abbb6efbd
Server 799bb1b2-bd8f-49e2-81f8-f7237f0eb223 received client-request: Request { kind: ReserveTicket, customer: d38c09ca-9f9e-4f1d-a3ec-116578ef1004, server: None, raw: .. }
Reserved ticket 6083 for customer d38c09ca-9f9e-4f1d-a3ec-116578ef1004
Server 799bb1b2-bd8f-49e2-81f8-f7237f0eb223 received client-request: Request { kind: ReserveTicket, customer: 97d40f33-54f7-424d-bf6a-173044f359ed, server: None, raw: .. }
Reserved ticket 6082 for customer 97d40f33-54f7-424d-bf6a-173044f359ed
Server 799bb1b2-bd8f-49e2-81f8-f7237f0eb223 received client-request: Request { kind: ReserveTicket, customer: 0db1f930-0907-407d-a009-311aa8de0345, server: None, raw: .. }
Reserved ticket 6081 for customer 0db1f930-0907-407d-a009-311aa8de0345
Server 799bb1b2-bd8f-49e2-81f8-f7237f0eb223 received client-request: Request { kind: ReserveTicket, customer: a19a67be-cb46-44be-ba0c-7076cbf069f5, server: None, raw: .. }
Reserved ticket 6080 for customer a19a67be-cb46-44be-ba0c-7076cbf069f5
Server 799bb1b2-bd8f-49e2-81f8-f7237f0eb223 received client-request: Request { kind: ReserveTicket, customer: 224d1146-75b4-4146-a2df-c8e2b245e107, server: None, raw: .. }
Reserved ticket 6079 for customer 224d1146-75b4-4146-a2df-c8e2b245e107
Server 799bb1b2-bd8f-49e2-81f8-f7237f0eb223 received client-request: Request { kind: ReserveTicket, customer: 8fec1120-0ee7-429f-8501-70acd1d84406, server: None, raw: .. }
Reserved ticket 6078 for customer 8fec1120-0ee7-429f-8501-70acd1d84406
Server 799bb1b2-bd8f-49e2-81f8-f7237f0eb223 received client-request: Request { kind: ReserveTicket, customer: d363ed38-160e-4c52-80fa-5e87588a7fa5, server: None, raw: .. }
Reserved ticket 6077 for customer d363ed38-160e-4c52-80fa-5e87588a7fa5
Server 799bb1b2-bd8f-49e2-81f8-f7237f0eb223 received client-request: Request { kind: ReserveTicket, customer: 4eeb0bd8-d610-427d-ad73-b28f28215138, server: None, raw: .. }
Reserved ticket 6076 for customer 4eeb0bd8-d610-427d-ad73-b28f28215138
Server 799bb1b2-bd8f-49e2-81f8-f7237f0eb223 received client-request: Request { kind: ReserveTicket, customer: 2ef6524d-8710-464e-b93a-c7b661f74362, server: None, raw: .. }
Reserved ticket 6075 for customer 2ef6524d-8710-464e-b93a-c7b661f74362
Server 799bb1b2-bd8f-49e2-81f8-f7237f0eb223 received client-request: Request { kind: ReserveTicket, customer: 6cf95651-0d96-4229-b911-88fef6175c09, server: None, raw: .. }
Reserved ticket 6074 for customer 6cf95651-0d96-4229-b911-88fef6175c09
Server 799bb1b2-bd8f-49e2-81f8-f7237f0eb223 received client-request: Request { kind: ReserveTicket, customer: 71fd7694-e71b-4aab-b724-db27cf6e86d9, server: None, raw: .. }
Reserved ticket 6073 for customer 71fd7694-e71b-4aab-b724-db27cf6e86d9
Server 799bb1b2-bd8f-49e2-81f8-f7237f0eb223 received client-request: Request { kind: ReserveTicket, customer: 5260f4d4-8e47-46df-b13f-cae5c0c0477f, server: None, raw: .. }
Reserved ticket 6072 for customer 5260f4d4-8e47-46df-b13f-cae5c0c0477f
Server 799bb1b2-bd8f-49e2-81f8-f7237f0eb223 received client-request: Request { kind: ReserveTicket, customer: 760e0957-9b17-4790-b9b8-91733f622798, server: None, raw: .. }
Reserved ticket 6071 for customer 760e0957-9b17-4790-b9b8-91733f622798
Server 799bb1b2-bd8f-49e2-81f8-f7237f0eb223 received client-request: Request { kind: ReserveTicket, customer: 2ba7ded5-bc98-4932-9fd9-69ca98f62c85, server: None, raw: .. }
Reserved ticket 6070 for customer 2ba7ded5-bc98-4932-9fd9-69ca98f62c85
Server 65a51e17-fff5-4036-8b94-6db5de4d28d8 received client-request: Request { kind: ReserveTicket, customer: 70daea71-871c-4326-b86c-891287060254, server: None, raw: .. }
Reserved ticket 6069 for customer 70daea71-871c-4326-b86c-891287060254
Server 799bb1b2-bd8f-49e2-81f8-f7237f0eb223 received client-request: Request { kind: ReserveTicket, customer: 2dc51a38-7ab6-4026-a244-4a7ba595547b, server: None, raw: .. }
Reserved ticket 6068 for customer 2dc51a38-7ab6-4026-a244-4a7ba595547b
Server 799bb1b2-bd8f-49e2-81f8-f7237f0eb223 received client-request: Request { kind: ReserveTicket, customer: 5c61fd51-6a4f-4b0a-bd4a-a03e79a527fe, server: None, raw: .. }
Reserved ticket 6067 for customer 5c61fd51-6a4f-4b0a-bd4a-a03e79a527fe
Server 799bb1b2-bd8f-49e2-81f8-f7237f0eb223 received client-request: Request { kind: ReserveTicket, customer: a5d52bb2-c9b5-4516-99e0-defc78b39e71, server: None, raw: .. }
Reserved ticket 6066 for customer a5d52bb2-c9b5-4516-99e0-defc78b39e71
Server 799bb1b2-bd8f-49e2-81f8-f7237f0eb223 received client-request: Request { kind: ReserveTicket, customer: 15787959-c40e-47bd-ba3a-55a3299bf685, server: None, raw: .. }
Reserved ticket 6065 for customer 15787959-c40e-47bd-ba3a-55a3299bf685
Server 799bb1b2-bd8f-49e2-81f8-f7237f0eb223 received client-request: Request { kind: ReserveTicket, customer: bb1cca7a-c278-4ef7-9a8e-f62fcea72b30, server: None, raw: .. }
Reserved ticket 6064 for customer bb1cca7a-c278-4ef7-9a8e-f62fcea72b30
Server 799bb1b2-bd8f-49e2-81f8-f7237f0eb223 received client-request: Request { kind: ReserveTicket, customer: e0c973a6-b367-4d65-837e-f7b15f6ae683, server: None, raw: .. }
Reserved ticket 6063 for customer e0c973a6-b367-4d65-837e-f7b15f6ae683
Server 799bb1b2-bd8f-49e2-81f8-f7237f0eb223 received client-request: Request { kind: ReserveTicket, customer: 2bb0a2df-507d-47f9-90bb-263265e73e4d, server: None, raw: .. }
Reserved ticket 6062 for customer 2bb0a2df-507d-47f9-90bb-263265e73e4d
Server 799bb1b2-bd8f-49e2-81f8-f7237f0eb223 received client-request: Request { kind: ReserveTicket, customer: bafae150-0b01-4aeb-91d4-5151c48675b7, server: None, raw: .. }
Reserved ticket 6061 for customer bafae150-0b01-4aeb-91d4-5151c48675b7
Server 799bb1b2-bd8f-49e2-81f8-f7237f0eb223 received client-request: Request { kind: ReserveTicket, customer: c6be3512-80f6-4010-9fe3-314c92bf74ef, server: None, raw: .. }
Reserved ticket 6060 for customer c6be3512-80f6-4010-9fe3-314c92bf74ef
Server 799bb1b2-bd8f-49e2-81f8-f7237f0eb223 received client-request: Request { kind: ReserveTicket, customer: 073417ff-56e2-4192-8bbf-a897b346c1f7, server: None, raw: .. }
Reserved ticket 6059 for customer 073417ff-56e2-4192-8bbf-a897b346c1f7
Server 799bb1b2-bd8f-49e2-81f8-f7237f0eb223 received client-request: Request { kind: ReserveTicket, customer: 736eb7d6-94ac-45cd-9e3b-c18e38a33c91, server: None, raw: .. }
Reserved ticket 6058 for customer 736eb7d6-94ac-45cd-9e3b-c18e38a33c91
Server 799bb1b2-bd8f-49e2-81f8-f7237f0eb223 received client-request: Request { kind: ReserveTicket, customer: 0ed6520e-9987-4e29-932e-3d846dd2dd73, server: None, raw: .. }
Reserved ticket 6057 for customer 0ed6520e-9987-4e29-932e-3d846dd2dd73
Server 799bb1b2-bd8f-49e2-81f8-f7237f0eb223 received client-request: Request { kind: ReserveTicket, customer: 725f7cd7-cdea-4321-8db8-f7e4b455e49a, server: None, raw: .. }
Reserved ticket 6056 for customer 725f7cd7-cdea-4321-8db8-f7e4b455e49a
Server 799bb1b2-bd8f-49e2-81f8-f7237f0eb223 received client-request: Request { kind: ReserveTicket, customer: 350d7299-28ab-4a81-9b50-373cae430f96, server: None, raw: .. }
Reserved ticket 6055 for customer 350d7299-28ab-4a81-9b50-373cae430f96
Server 799bb1b2-bd8f-49e2-81f8-f7237f0eb223 received client-request: Request { kind: ReserveTicket, customer: 1cb15607-8438-4afb-9d74-deea1740a400, server: None, raw: .. }
Reserved ticket 6054 for customer 1cb15607-8438-4afb-9d74-deea1740a400
Server 799bb1b2-bd8f-49e2-81f8-f7237f0eb223 received client-request: Request { kind: ReserveTicket, customer: 9dda8953-993b-4540-8bf4-3e951ee25c9a, server: None, raw: .. }
Reserved ticket 6053 for customer 9dda8953-993b-4540-8bf4-3e951ee25c9a
Server 799bb1b2-bd8f-49e2-81f8-f7237f0eb223 received client-request: Request { kind: ReserveTicket, customer: 0bd2331b-3dd2-42f6-8f28-0bc9367f8f65, server: None, raw: .. }
Reserved ticket 6052 for customer 0bd2331b-3dd2-42f6-8f28-0bc9367f8f65
Server 799bb1b2-bd8f-49e2-81f8-f7237f0eb223 received client-request: Request { kind: ReserveTicket, customer: 18268d66-c474-4548-8e7f-38be82b47989, server: None, raw: .. }
Reserved ticket 6051 for customer 18268d66-c474-4548-8e7f-38be82b47989
Server 799bb1b2-bd8f-49e2-81f8-f7237f0eb223 received client-request: Request { kind: ReserveTicket, customer: 35bca51d-601c-41cc-8046-6d0141b3e37e, server: None, raw: .. }
Reserved ticket 6050 for customer 35bca51d-601c-41cc-8046-6d0141b3e37e
Server 65a51e17-fff5-4036-8b94-6db5de4d28d8 received client-request: Request { kind: ReserveTicket, customer: 04a32b94-8a37-4d83-b6b5-22ab55a17556, server: None, raw: .. }
Reserved ticket 6049 for customer 04a32b94-8a37-4d83-b6b5-22ab55a17556
Server 799bb1b2-bd8f-49e2-81f8-f7237f0eb223 received client-request: Request { kind: ReserveTicket, customer: 42b6c6ef-5ac5-4cbc-9801-ffa6ff1eee2d, server: None, raw: .. }
Reserved ticket 6048 for customer 42b6c6ef-5ac5-4cbc-9801-ffa6ff1eee2d
Server 799bb1b2-bd8f-49e2-81f8-f7237f0eb223 received client-request: Request { kind: ReserveTicket, customer: d19361df-ac7e-42ed-a8e0-9c06918e2666, server: None, raw: .. }
Reserved ticket 6047 for customer d19361df-ac7e-42ed-a8e0-9c06918e2666
Server 799bb1b2-bd8f-49e2-81f8-f7237f0eb223 received client-request: Request { kind: ReserveTicket, customer: 1788d612-4134-4be9-bfe3-d0a0ad0b8d20, server: None, raw: .. }
Reserved ticket 6046 for customer 1788d612-4134-4be9-bfe3-d0a0ad0b8d20
Server 799bb1b2-bd8f-49e2-81f8-f7237f0eb223 received client-request: Request { kind: ReserveTicket, customer: ccd5308d-e171-46dc-b8d9-e7a519a6bee3, server: None, raw: .. }
Reserved ticket 6045 for customer ccd5308d-e171-46dc-b8d9-e7a519a6bee3
Server 799bb1b2-bd8f-49e2-81f8-f7237f0eb223 received client-request: Request { kind: ReserveTicket, customer: 18d3f618-4511-4f6f-8cbc-f653eec5e1a7, server: None, raw: .. }
Reserved ticket 6044 for customer 18d3f618-4511-4f6f-8cbc-f653eec5e1a7
Server 799bb1b2-bd8f-49e2-81f8-f7237f0eb223 received client-request: Request { kind: ReserveTicket, customer: 730ade67-1089-43d6-838b-a903628c2d17, server: None, raw: .. }
Reserved ticket 6043 for customer 730ade67-1089-43d6-838b-a903628c2d17
Server 799bb1b2-bd8f-49e2-81f8-f7237f0eb223 received client-request: Request { kind: ReserveTicket, customer: dd65f7e2-3236-4fa0-8422-e7f3f2dd5d8d, server: None, raw: .. }
Reserved ticket 6042 for customer dd65f7e2-3236-4fa0-8422-e7f3f2dd5d8d
Server 799bb1b2-bd8f-49e2-81f8-f7237f0eb223 received client-request: Request { kind: ReserveTicket, customer: 62c57c99-74d9-490d-a2f5-6679ba86f4c6, server: None, raw: .. }
Reserved ticket 6041 for customer 62c57c99-74d9-490d-a2f5-6679ba86f4c6
Server 799bb1b2-bd8f-49e2-81f8-f7237f0eb223 received client-request: Request { kind: ReserveTicket, customer: ebebe17b-eae4-4193-b0e2-2473c55e9f32, server: None, raw: .. }
Reserved ticket 6040 for customer ebebe17b-eae4-4193-b0e2-2473c55e9f32
Server 799bb1b2-bd8f-49e2-81f8-f7237f0eb223 received client-request: Request { kind: ReserveTicket, customer: 16e45556-f195-407a-bd6b-a9df18409b9c, server: None, raw: .. }
Reserved ticket 6039 for customer 16e45556-f195-407a-bd6b-a9df18409b9c
Server 799bb1b2-bd8f-49e2-81f8-f7237f0eb223 received client-request: Request { kind: ReserveTicket, customer: 4e78d6db-c177-42c0-a548-9c7b50f3cbbf, server: None, raw: .. }
Reserved ticket 6038 for customer 4e78d6db-c177-42c0-a548-9c7b50f3cbbf
Server 799bb1b2-bd8f-49e2-81f8-f7237f0eb223 received client-request: Request { kind: ReserveTicket, customer: f5eb3511-f8c7-4d47-a6ad-dda4e8afaace, server: None, raw: .. }
Reserved ticket 6037 for customer f5eb3511-f8c7-4d47-a6ad-dda4e8afaace
Server 799bb1b2-bd8f-49e2-81f8-f7237f0eb223 received client-request: Request { kind: ReserveTicket, customer: 1b837398-8c94-4a57-88f6-e6a1aed5d7c6, server: None, raw: .. }
Reserved ticket 6036 for customer 1b837398-8c94-4a57-88f6-e6a1aed5d7c6
Server 799bb1b2-bd8f-49e2-81f8-f7237f0eb223 received client-request: Request { kind: ReserveTicket, customer: d5accc0e-8b25-4258-9de9-b339787bd183, server: None, raw: .. }
Reserved ticket 6035 for customer d5accc0e-8b25-4258-9de9-b339787bd183
Server 799bb1b2-bd8f-49e2-81f8-f7237f0eb223 received client-request: Request { kind: ReserveTicket, customer: 0cd487da-0510-4cf3-bada-0d056e122933, server: None, raw: .. }
Reserved ticket 6034 for customer 0cd487da-0510-4cf3-bada-0d056e122933
Server 799bb1b2-bd8f-49e2-81f8-f7237f0eb223 received client-request: Request { kind: ReserveTicket, customer: 8a7c1815-868a-4a65-af8f-4ee3a9a47640, server: None, raw: .. }
Reserved ticket 6033 for customer 8a7c1815-868a-4a65-af8f-4ee3a9a47640
Server 799bb1b2-bd8f-49e2-81f8-f7237f0eb223 received client-request: Request { kind: ReserveTicket, customer: a774889b-a69d-49aa-93b5-e578d883e599, server: None, raw: .. }
Reserved ticket 6032 for customer a774889b-a69d-49aa-93b5-e578d883e599
Server 799bb1b2-bd8f-49e2-81f8-f7237f0eb223 received client-request: Request { kind: ReserveTicket, customer: 0a515f13-01b1-4622-b758-7ebe82c1f883, server: None, raw: .. }
Reserved ticket 6031 for customer 0a515f13-01b1-4622-b758-7ebe82c1f883
Server 799bb1b2-bd8f-49e2-81f8-f7237f0eb223 received client-request: Request { kind: ReserveTicket, customer: 6338e44b-6539-43cc-9d4e-dc725340fc74, server: None, raw: .. }
Reserved ticket 6030 for customer 6338e44b-6539-43cc-9d4e-dc725340fc74
Server 65a51e17-fff5-4036-8b94-6db5de4d28d8 received client-request: Request { kind: ReserveTicket, customer: 0453c281-d93a-42d3-bc30-410f1023ac2a, server: None, raw: .. }
Reserved ticket 6029 for customer 0453c281-d93a-42d3-bc30-410f1023ac2a
Server 799bb1b2-bd8f-49e2-81f8-f7237f0eb223 received client-request: Request { kind: ReserveTicket, customer: d367bf49-719f-4c92-91a5-6151adcaac3d, server: None, raw: .. }
Reserved ticket 6028 for customer d367bf49-719f-4c92-91a5-6151adcaac3d
Server 799bb1b2-bd8f-49e2-81f8-f7237f0eb223 received client-request: Request { kind: ReserveTicket, customer: 652bf117-7073-4d62-9777-3fcac16b6629, server: None, raw: .. }
Reserved ticket 6027 for customer 652bf117-7073-4d62-9777-3fcac16b6629
Server 799bb1b2-bd8f-49e2-81f8-f7237f0eb223 received client-request: Request { kind: ReserveTicket, customer: e1d28fd2-b01d-4bf0-9bf4-2ee76514771f, server: None, raw: .. }
Reserved ticket 6026 for customer e1d28fd2-b01d-4bf0-9bf4-2ee76514771f
Server 799bb1b2-bd8f-49e2-81f8-f7237f0eb223 received client-request: Request { kind: ReserveTicket, customer: 50434a81-bdb8-4a88-afbd-2ba3b700ba91, server: None, raw: .. }
Reserved ticket 6025 for customer 50434a81-bdb8-4a88-afbd-2ba3b700ba91
Server 799bb1b2-bd8f-49e2-81f8-f7237f0eb223 received client-request: Request { kind: ReserveTicket, customer: 35e77215-e912-4227-b44a-b340a5f80bb2, server: None, raw: .. }
Reserved ticket 6024 for customer 35e77215-e912-4227-b44a-b340a5f80bb2
Server 799bb1b2-bd8f-49e2-81f8-f7237f0eb223 received client-request: Request { kind: ReserveTicket, customer: 548da947-7576-4136-8258-57b671fa0096, server: None, raw: .. }
Reserved ticket 6023 for customer 548da947-7576-4136-8258-57b671fa0096
Server 799bb1b2-bd8f-49e2-81f8-f7237f0eb223 received client-request: Request { kind: ReserveTicket, customer: d7ffdcc4-7cf0-4d10-93fe-d70fec0e8455, server: None, raw: .. }
Reserved ticket 6022 for customer d7ffdcc4-7cf0-4d10-93fe-d70fec0e8455
Server 799bb1b2-bd8f-49e2-81f8-f7237f0eb223 received client-request: Request { kind: ReserveTicket, customer: cc5ea354-222b-40fa-881d-149bbb18b115, server: None, raw: .. }
Reserved ticket 6021 for customer cc5ea354-222b-40fa-881d-149bbb18b115
Server 799bb1b2-bd8f-49e2-81f8-f7237f0eb223 received client-request: Request { kind: ReserveTicket, customer: c9c28bd3-e050-456d-a4f4-3e6f503638b5, server: None, raw: .. }
Reserved ticket 6020 for customer c9c28bd3-e050-456d-a4f4-3e6f503638b5
Server 799bb1b2-bd8f-49e2-81f8-f7237f0eb223 received client-request: Request { kind: ReserveTicket, customer: 4b507449-86c7-402f-9318-066991cd577a, server: None, raw: .. }
Reserved ticket 6019 for customer 4b507449-86c7-402f-9318-066991cd577a
Server 799bb1b2-bd8f-49e2-81f8-f7237f0eb223 received client-request: Request { kind: ReserveTicket, customer: a1e975d7-25a7-4649-9cf4-d999e6b4a295, server: None, raw: .. }
Reserved ticket 6018 for customer a1e975d7-25a7-4649-9cf4-d999e6b4a295
Server 799bb1b2-bd8f-49e2-81f8-f7237f0eb223 received client-request: Request { kind: ReserveTicket, customer: 0e00e24d-a7a3-40a6-a6c5-9a1cf87690b0, server: None, raw: .. }
Reserved ticket 6017 for customer 0e00e24d-a7a3-40a6-a6c5-9a1cf87690b0
Server 799bb1b2-bd8f-49e2-81f8-f7237f0eb223 received client-request: Request { kind: ReserveTicket, customer: b5857611-ebc4-4c09-8626-feffd51254b9, server: None, raw: .. }
Reserved ticket 6016 for customer b5857611-ebc4-4c09-8626-feffd51254b9
Server 799bb1b2-bd8f-49e2-81f8-f7237f0eb223 received client-request: Request { kind: ReserveTicket, customer: fd6b1dca-c1c0-4321-a538-5cb2ab23786d, server: None, raw: .. }
Reserved ticket 6015 for customer fd6b1dca-c1c0-4321-a538-5cb2ab23786d
Server 799bb1b2-bd8f-49e2-81f8-f7237f0eb223 received client-request: Request { kind: ReserveTicket, customer: 4772d763-c40f-4a8a-82c6-4c99484c8bb8, server: None, raw: .. }
Reserved ticket 6014 for customer 4772d763-c40f-4a8a-82c6-4c99484c8bb8
Server 799bb1b2-bd8f-49e2-81f8-f7237f0eb223 received client-request: Request { kind: ReserveTicket, customer: fb6c3e06-57a1-47f0-8308-3948fb2dd08b, server: None, raw: .. }
Reserved ticket 6013 for customer fb6c3e06-57a1-47f0-8308-3948fb2dd08b
Server 799bb1b2-bd8f-49e2-81f8-f7237f0eb223 received client-request: Request { kind: ReserveTicket, customer: ea452b84-b61a-4829-8759-53610bd99946, server: None, raw: .. }
Reserved ticket 6012 for customer ea452b84-b61a-4829-8759-53610bd99946
Server 799bb1b2-bd8f-49e2-81f8-f7237f0eb223 received client-request: Request { kind: ReserveTicket, customer: 224857fa-c9bb-4e3d-b9e9-f3e75bba6f92, server: None, raw: .. }
Reserved ticket 6011 for customer 224857fa-c9bb-4e3d-b9e9-f3e75bba6f92
Server 799bb1b2-bd8f-49e2-81f8-f7237f0eb223 received client-request: Request { kind: ReserveTicket, customer: b2ecf96d-f028-4466-98e7-d206fa1750d5, server: None, raw: .. }
Reserved ticket 6010 for customer b2ecf96d-f028-4466-98e7-d206fa1750d5
Server 65a51e17-fff5-4036-8b94-6db5de4d28d8 received client-request: Request { kind: ReserveTicket, customer: 3c3716e3-f939-485c-b01a-95de8b1e6cb8, server: None, raw: .. }
Reserved ticket 6009 for customer 3c3716e3-f939-485c-b01a-95de8b1e6cb8
Server 799bb1b2-bd8f-49e2-81f8-f7237f0eb223 received client-request: Request { kind: ReserveTicket, customer: 5a23ed96-83ec-4760-9ddd-0a16ab28e2c7, server: None, raw: .. }
Reserved ticket 6008 for customer 5a23ed96-83ec-4760-9ddd-0a16ab28e2c7
Server 799bb1b2-bd8f-49e2-81f8-f7237f0eb223 received client-request: Request { kind: ReserveTicket, customer: 454fca76-3ad2-4c81-b67f-7fbb8e611910, server: None, raw: .. }
Reserved ticket 6007 for customer 454fca76-3ad2-4c81-b67f-7fbb8e611910
Server 799bb1b2-bd8f-49e2-81f8-f7237f0eb223 received client-request: Request { kind: ReserveTicket, customer: de04119d-bb36-4a4f-a902-a533775b04c5, server: None, raw: .. }
Reserved ticket 6006 for customer de04119d-bb36-4a4f-a902-a533775b04c5
Server 799bb1b2-bd8f-49e2-81f8-f7237f0eb223 received client-request: Request { kind: ReserveTicket, customer: 63ca7222-4a71-4e52-9f8a-1c1c501ed1e4, server: None, raw: .. }
Reserved ticket 6005 for customer 63ca7222-4a71-4e52-9f8a-1c1c501ed1e4
Server 799bb1b2-bd8f-49e2-81f8-f7237f0eb223 received client-request: Request { kind: ReserveTicket, customer: 849b2217-0d9d-4654-811e-34402bb29db7, server: None, raw: .. }
Reserved ticket 6004 for customer 849b2217-0d9d-4654-811e-34402bb29db7
Server 799bb1b2-bd8f-49e2-81f8-f7237f0eb223 received client-request: Request { kind: ReserveTicket, customer: 859568a7-5347-4aff-b121-5f742ee5892e, server: None, raw: .. }
Reserved ticket 6003 for customer 859568a7-5347-4aff-b121-5f742ee5892e
Server 799bb1b2-bd8f-49e2-81f8-f7237f0eb223 received client-request: Request { kind: ReserveTicket, customer: 4b928969-5fb5-47cb-9042-9d5d50b9c420, server: None, raw: .. }
Reserved ticket 6002 for customer 4b928969-5fb5-47cb-9042-9d5d50b9c420
Server 799bb1b2-bd8f-49e2-81f8-f7237f0eb223 received client-request: Request { kind: ReserveTicket, customer: 914a048a-3f80-4932-90d1-d9a7b375ec00, server: None, raw: .. }
Reserved ticket 6001 for customer 914a048a-3f80-4932-90d1-d9a7b375ec00
Server 799bb1b2-bd8f-49e2-81f8-f7237f0eb223 received client-request: Request { kind: ReserveTicket, customer: 023be13f-4c01-4a80-b2dd-229b5d658aa3, server: None, raw: .. }
Reserved ticket 6000 for customer 023be13f-4c01-4a80-b2dd-229b5d658aa3
Server 799bb1b2-bd8f-49e2-81f8-f7237f0eb223 received client-request: Request { kind: ReserveTicket, customer: 989d4b5f-dd54-46fd-96e8-2a0a652b8588, server: None, raw: .. }
Reserved ticket 5999 for customer 989d4b5f-dd54-46fd-96e8-2a0a652b8588
Server 799bb1b2-bd8f-49e2-81f8-f7237f0eb223 received client-request: Request { kind: ReserveTicket, customer: acf9228b-c2ef-4224-9352-34a006c56aae, server: None, raw: .. }
Reserved ticket 5998 for customer acf9228b-c2ef-4224-9352-34a006c56aae
Server 799bb1b2-bd8f-49e2-81f8-f7237f0eb223 received client-request: Request { kind: ReserveTicket, customer: e9006356-e00e-4c1a-b5a0-6be32f2794cc, server: None, raw: .. }
Reserved ticket 5997 for customer e9006356-e00e-4c1a-b5a0-6be32f2794cc
Server 799bb1b2-bd8f-49e2-81f8-f7237f0eb223 received client-request: Request { kind: ReserveTicket, customer: 2426febe-50f1-410c-ae68-86de8a73d5b5, server: None, raw: .. }
Reserved ticket 5996 for customer 2426febe-50f1-410c-ae68-86de8a73d5b5
Server 799bb1b2-bd8f-49e2-81f8-f7237f0eb223 received client-request: Request { kind: ReserveTicket, customer: 2f2ee86f-6455-47bc-9f92-372699cbbfbe, server: None, raw: .. }
Reserved ticket 5995 for customer 2f2ee86f-6455-47bc-9f92-372699cbbfbe
Server 799bb1b2-bd8f-49e2-81f8-f7237f0eb223 received client-request: Request { kind: ReserveTicket, customer: 33c30cad-ebfb-4d51-9e69-64d02cfb3aba, server: None, raw: .. }
Reserved ticket 5994 for customer 33c30cad-ebfb-4d51-9e69-64d02cfb3aba
Server 799bb1b2-bd8f-49e2-81f8-f7237f0eb223 received client-request: Request { kind: ReserveTicket, customer: f608a23d-8c36-4169-9936-dd72149fd405, server: None, raw: .. }
Reserved ticket 5993 for customer f608a23d-8c36-4169-9936-dd72149fd405
Server 799bb1b2-bd8f-49e2-81f8-f7237f0eb223 received client-request: Request { kind: ReserveTicket, customer: 6b8ec7ca-437e-4327-98e3-627020a585a2, server: None, raw: .. }
Reserved ticket 5992 for customer 6b8ec7ca-437e-4327-98e3-627020a585a2
Server 799bb1b2-bd8f-49e2-81f8-f7237f0eb223 received client-request: Request { kind: ReserveTicket, customer: e79d7409-a4f5-4fa1-b4f8-868dad6f9102, server: None, raw: .. }
Reserved ticket 5991 for customer e79d7409-a4f5-4fa1-b4f8-868dad6f9102
Server 799bb1b2-bd8f-49e2-81f8-f7237f0eb223 received client-request: Request { kind: ReserveTicket, customer: 5865cd3e-6797-4524-abd6-69021d75e98b, server: None, raw: .. }
Reserved ticket 5990 for customer 5865cd3e-6797-4524-abd6-69021d75e98b
Server 65a51e17-fff5-4036-8b94-6db5de4d28d8 received client-request: Request { kind: ReserveTicket, customer: 88febbc6-9abc-4143-b31b-e15b0bf6a55a, server: None, raw: .. }
Reserved ticket 5989 for customer 88febbc6-9abc-4143-b31b-e15b0bf6a55a
Server 799bb1b2-bd8f-49e2-81f8-f7237f0eb223 received client-request: Request { kind: ReserveTicket, customer: 4d723d11-10b2-45c4-b013-2505a0b4e69e, server: None, raw: .. }
Reserved ticket 5988 for customer 4d723d11-10b2-45c4-b013-2505a0b4e69e
Server 799bb1b2-bd8f-49e2-81f8-f7237f0eb223 received client-request: Request { kind: ReserveTicket, customer: 9ccaac1c-cac6-45be-9f42-5dbc2d0c47df, server: None, raw: .. }
Reserved ticket 5987 for customer 9ccaac1c-cac6-45be-9f42-5dbc2d0c47df
Server 799bb1b2-bd8f-49e2-81f8-f7237f0eb223 received client-request: Request { kind: ReserveTicket, customer: 92921bec-3293-429c-b2b3-2fa1e15c35d7, server: None, raw: .. }
Reserved ticket 5986 for customer 92921bec-3293-429c-b2b3-2fa1e15c35d7
Server 799bb1b2-bd8f-49e2-81f8-f7237f0eb223 received client-request: Request { kind: ReserveTicket, customer: b5ce92b1-a3f1-4efa-aaf3-075d803a8d63, server: None, raw: .. }
Reserved ticket 5985 for customer b5ce92b1-a3f1-4efa-aaf3-075d803a8d63
Server 799bb1b2-bd8f-49e2-81f8-f7237f0eb223 received client-request: Request { kind: ReserveTicket, customer: 1fffa158-d415-42de-b104-ff8547339ebd, server: None, raw: .. }
Reserved ticket 5984 for customer 1fffa158-d415-42de-b104-ff8547339ebd
Server 799bb1b2-bd8f-49e2-81f8-f7237f0eb223 received client-request: Request { kind: ReserveTicket, customer: 90a48c12-65b9-49ef-8980-5aee165ba54f, server: None, raw: .. }
Reserved ticket 5983 for customer 90a48c12-65b9-49ef-8980-5aee165ba54f
Server 799bb1b2-bd8f-49e2-81f8-f7237f0eb223 received client-request: Request { kind: ReserveTicket, customer: 14e387d8-cac5-444e-a996-a0e18ebd6ce5, server: None, raw: .. }
Reserved ticket 5982 for customer 14e387d8-cac5-444e-a996-a0e18ebd6ce5
Server 799bb1b2-bd8f-49e2-81f8-f7237f0eb223 received client-request: Request { kind: ReserveTicket, customer: 7ef51c33-d67e-46fe-9aef-2d9b53654788, server: None, raw: .. }
Reserved ticket 5981 for customer 7ef51c33-d67e-46fe-9aef-2d9b53654788
Server 799bb1b2-bd8f-49e2-81f8-f7237f0eb223 received client-request: Request { kind: ReserveTicket, customer: d8f2cf04-738b-4197-941f-22eb88540543, server: None, raw: .. }
Reserved ticket 5980 for customer d8f2cf04-738b-4197-941f-22eb88540543
Server 799bb1b2-bd8f-49e2-81f8-f7237f0eb223 received client-request: Request { kind: ReserveTicket, customer: b75696df-ca0e-4c19-a275-0546932b13dc, server: None, raw: .. }
Reserved ticket 5979 for customer b75696df-ca0e-4c19-a275-0546932b13dc
Server 799bb1b2-bd8f-49e2-81f8-f7237f0eb223 received client-request: Request { kind: ReserveTicket, customer: e6459dc7-0464-4eef-8cf3-adf45fc6375e, server: None, raw: .. }
Reserved ticket 5978 for customer e6459dc7-0464-4eef-8cf3-adf45fc6375e
Server 799bb1b2-bd8f-49e2-81f8-f7237f0eb223 received client-request: Request { kind: ReserveTicket, customer: ce75d4d6-39f6-4601-9950-167d27d6d6be, server: None, raw: .. }
Reserved ticket 5977 for customer ce75d4d6-39f6-4601-9950-167d27d6d6be
Server 799bb1b2-bd8f-49e2-81f8-f7237f0eb223 received client-request: Request { kind: ReserveTicket, customer: ca28c27f-c554-47f4-b544-4001056fce19, server: None, raw: .. }
Reserved ticket 5976 for customer ca28c27f-c554-47f4-b544-4001056fce19
Server 799bb1b2-bd8f-49e2-81f8-f7237f0eb223 received client-request: Request { kind: ReserveTicket, customer: 70eadec2-ed05-432e-a88e-e316ebed83be, server: None, raw: .. }
Reserved ticket 5975 for customer 70eadec2-ed05-432e-a88e-e316ebed83be
Server 799bb1b2-bd8f-49e2-81f8-f7237f0eb223 received client-request: Request { kind: ReserveTicket, customer: dedbef9a-cd16-477a-a594-95e395a22a6d, server: None, raw: .. }
Reserved ticket 5974 for customer dedbef9a-cd16-477a-a594-95e395a22a6d
Server 799bb1b2-bd8f-49e2-81f8-f7237f0eb223 received client-request: Request { kind: ReserveTicket, customer: 96f288c7-e2d3-47d0-91f4-9e1f4b532419, server: None, raw: .. }
Reserved ticket 5973 for customer 96f288c7-e2d3-47d0-91f4-9e1f4b532419
Server 799bb1b2-bd8f-49e2-81f8-f7237f0eb223 received client-request: Request { kind: ReserveTicket, customer: 62789c4f-0893-4d3f-a033-4c2ed050178f, server: None, raw: .. }
Reserved ticket 5972 for customer 62789c4f-0893-4d3f-a033-4c2ed050178f
Server 799bb1b2-bd8f-49e2-81f8-f7237f0eb223 received client-request: Request { kind: ReserveTicket, customer: 8d788ecd-c738-4733-a2e9-794d79df247a, server: None, raw: .. }
Reserved ticket 5971 for customer 8d788ecd-c738-4733-a2e9-794d79df247a
Server 799bb1b2-bd8f-49e2-81f8-f7237f0eb223 received client-request: Request { kind: ReserveTicket, customer: 1cb717d0-c85d-4056-a095-4355d8e2e455, server: None, raw: .. }
Reserved ticket 5970 for customer 1cb717d0-c85d-4056-a095-4355d8e2e455
Server 65a51e17-fff5-4036-8b94-6db5de4d28d8 received client-request: Request { kind: ReserveTicket, customer: 369a38f4-d8b8-428e-a2e9-b43a9463e11a, server: None, raw: .. }
Reserved ticket 5969 for customer 369a38f4-d8b8-428e-a2e9-b43a9463e11a
Server 799bb1b2-bd8f-49e2-81f8-f7237f0eb223 received client-request: Request { kind: ReserveTicket, customer: 1e192ff0-5ed3-4fb2-ab01-452f39c67435, server: None, raw: .. }
Reserved ticket 5968 for customer 1e192ff0-5ed3-4fb2-ab01-452f39c67435
Server 799bb1b2-bd8f-49e2-81f8-f7237f0eb223 received client-request: Request { kind: ReserveTicket, customer: 8fb73c00-1d79-4887-9647-7e0d2f79897d, server: None, raw: .. }
Reserved ticket 5967 for customer 8fb73c00-1d79-4887-9647-7e0d2f79897d
Server 799bb1b2-bd8f-49e2-81f8-f7237f0eb223 received client-request: Request { kind: ReserveTicket, customer: e3bbe08c-fd65-4269-8ced-26daced777f7, server: None, raw: .. }
Reserved ticket 5966 for customer e3bbe08c-fd65-4269-8ced-26daced777f7
Server 799bb1b2-bd8f-49e2-81f8-f7237f0eb223 received client-request: Request { kind: ReserveTicket, customer: 9a349a4b-7806-4642-b291-eadfeaa02be7, server: None, raw: .. }
Reserved ticket 5965 for customer 9a349a4b-7806-4642-b291-eadfeaa02be7
Server 799bb1b2-bd8f-49e2-81f8-f7237f0eb223 received client-request: Request { kind: ReserveTicket, customer: e5e851cd-c8a8-48c0-ad5e-cec57a3cfea6, server: None, raw: .. }
Reserved ticket 5964 for customer e5e851cd-c8a8-48c0-ad5e-cec57a3cfea6
Server 799bb1b2-bd8f-49e2-81f8-f7237f0eb223 received client-request: Request { kind: ReserveTicket, customer: de733037-5aae-4b77-af58-e89ad4b4a302, server: None, raw: .. }
Reserved ticket 5963 for customer de733037-5aae-4b77-af58-e89ad4b4a302
Server 799bb1b2-bd8f-49e2-81f8-f7237f0eb223 received client-request: Request { kind: ReserveTicket, customer: 3a07eb30-7e34-4805-b193-e400f0d84574, server: None, raw: .. }
Reserved ticket 5962 for customer 3a07eb30-7e34-4805-b193-e400f0d84574
Server 799bb1b2-bd8f-49e2-81f8-f7237f0eb223 received client-request: Request { kind: ReserveTicket, customer: aee9538f-c069-43f9-a7a3-6c2f32b9dac5, server: None, raw: .. }
Reserved ticket 5961 for customer aee9538f-c069-43f9-a7a3-6c2f32b9dac5
Server 799bb1b2-bd8f-49e2-81f8-f7237f0eb223 received client-request: Request { kind: ReserveTicket, customer: a46c6d37-71e0-480a-ae2c-7657c3e14bfa, server: None, raw: .. }
Reserved ticket 5960 for customer a46c6d37-71e0-480a-ae2c-7657c3e14bfa
Server 799bb1b2-bd8f-49e2-81f8-f7237f0eb223 received client-request: Request { kind: ReserveTicket, customer: a5c26279-1dd9-469d-a59a-e3691fd0b049, server: None, raw: .. }
Reserved ticket 5959 for customer a5c26279-1dd9-469d-a59a-e3691fd0b049
Server 799bb1b2-bd8f-49e2-81f8-f7237f0eb223 received client-request: Request { kind: ReserveTicket, customer: e80f6ce0-c0a9-4920-a900-75b9cef019e3, server: None, raw: .. }
Reserved ticket 5958 for customer e80f6ce0-c0a9-4920-a900-75b9cef019e3
Server 799bb1b2-bd8f-49e2-81f8-f7237f0eb223 received client-request: Request { kind: ReserveTicket, customer: f32913c2-45f3-4649-9597-9c03e8123030, server: None, raw: .. }
Reserved ticket 5957 for customer f32913c2-45f3-4649-9597-9c03e8123030
Server 799bb1b2-bd8f-49e2-81f8-f7237f0eb223 received client-request: Request { kind: ReserveTicket, customer: f7718039-1e17-470a-9687-ce6c9fd7420c, server: None, raw: .. }
Reserved ticket 5956 for customer f7718039-1e17-470a-9687-ce6c9fd7420c
Server 799bb1b2-bd8f-49e2-81f8-f7237f0eb223 received client-request: Request { kind: ReserveTicket, customer: b78739f2-e45b-4e91-83de-eb0c36f0b810, server: None, raw: .. }
Reserved ticket 5955 for customer b78739f2-e45b-4e91-83de-eb0c36f0b810
Server 799bb1b2-bd8f-49e2-81f8-f7237f0eb223 received client-request: Request { kind: ReserveTicket, customer: b6315fcb-632e-469e-b11f-c08ae0c636f0, server: None, raw: .. }
Reserved ticket 5954 for customer b6315fcb-632e-469e-b11f-c08ae0c636f0
Server 799bb1b2-bd8f-49e2-81f8-f7237f0eb223 received client-request: Request { kind: ReserveTicket, customer: 06c4c2f3-531f-409f-9eab-43f4155cf3a3, server: None, raw: .. }
Reserved ticket 5953 for customer 06c4c2f3-531f-409f-9eab-43f4155cf3a3
Server 799bb1b2-bd8f-49e2-81f8-f7237f0eb223 received client-request: Request { kind: ReserveTicket, customer: 26442ba3-2553-4147-8af2-cc4f68ee017a, server: None, raw: .. }
Reserved ticket 5952 for customer 26442ba3-2553-4147-8af2-cc4f68ee017a
Server 799bb1b2-bd8f-49e2-81f8-f7237f0eb223 received client-request: Request { kind: ReserveTicket, customer: 3fe70fec-a12f-4e6d-9ad5-0e9a7ecc9f37, server: None, raw: .. }
Reserved ticket 5951 for customer 3fe70fec-a12f-4e6d-9ad5-0e9a7ecc9f37
Server 799bb1b2-bd8f-49e2-81f8-f7237f0eb223 received client-request: Request { kind: ReserveTicket, customer: 4d0fdb51-bdaa-424f-8c25-1d8eaae5dc16, server: None, raw: .. }
Reserved ticket 5950 for customer 4d0fdb51-bdaa-424f-8c25-1d8eaae5dc16
Server 65a51e17-fff5-4036-8b94-6db5de4d28d8 received client-request: Request { kind: ReserveTicket, customer: f1ec7bd6-6ad4-44a1-80e3-22d897756cd6, server: None, raw: .. }
Reserved ticket 5949 for customer f1ec7bd6-6ad4-44a1-80e3-22d897756cd6
Server 799bb1b2-bd8f-49e2-81f8-f7237f0eb223 received client-request: Request { kind: ReserveTicket, customer: 2a68c688-5112-4f5f-acb0-ec0592fb26e1, server: None, raw: .. }
Reserved ticket 5948 for customer 2a68c688-5112-4f5f-acb0-ec0592fb26e1
Server 799bb1b2-bd8f-49e2-81f8-f7237f0eb223 received client-request: Request { kind: ReserveTicket, customer: 22af0f85-9225-4bc8-8f21-6d266715f774, server: None, raw: .. }
Reserved ticket 5947 for customer 22af0f85-9225-4bc8-8f21-6d266715f774
Server 799bb1b2-bd8f-49e2-81f8-f7237f0eb223 received client-request: Request { kind: ReserveTicket, customer: 0a701f6a-ea81-4714-af64-e2b37606db7a, server: None, raw: .. }
Reserved ticket 5946 for customer 0a701f6a-ea81-4714-af64-e2b37606db7a
Server 799bb1b2-bd8f-49e2-81f8-f7237f0eb223 received client-request: Request { kind: ReserveTicket, customer: 45dcb160-a1a2-4907-805e-593629fb4f36, server: None, raw: .. }
Reserved ticket 5945 for customer 45dcb160-a1a2-4907-805e-593629fb4f36
Server 799bb1b2-bd8f-49e2-81f8-f7237f0eb223 received client-request: Request { kind: ReserveTicket, customer: f68d1814-34c4-4966-a89c-9dfd243fbc2d, server: None, raw: .. }
Reserved ticket 5944 for customer f68d1814-34c4-4966-a89c-9dfd243fbc2d
Server 799bb1b2-bd8f-49e2-81f8-f7237f0eb223 received client-request: Request { kind: ReserveTicket, customer: f8874851-9096-4efa-87cc-09f5545af8ce, server: None, raw: .. }
Reserved ticket 5943 for customer f8874851-9096-4efa-87cc-09f5545af8ce
Server 799bb1b2-bd8f-49e2-81f8-f7237f0eb223 received client-request: Request { kind: ReserveTicket, customer: b6751b4c-1602-46ac-bfe2-66d79aad1c62, server: None, raw: .. }
Reserved ticket 5942 for customer b6751b4c-1602-46ac-bfe2-66d79aad1c62
Server 799bb1b2-bd8f-49e2-81f8-f7237f0eb223 received client-request: Request { kind: ReserveTicket, customer: 032b8c88-dec4-4ac7-b529-7fb7f80ef6fc, server: None, raw: .. }
Reserved ticket 5941 for customer 032b8c88-dec4-4ac7-b529-7fb7f80ef6fc
Server 799bb1b2-bd8f-49e2-81f8-f7237f0eb223 received client-request: Request { kind: ReserveTicket, customer: 9a97f22f-d72b-44ef-8705-6b30c220166f, server: None, raw: .. }
Reserved ticket 5940 for customer 9a97f22f-d72b-44ef-8705-6b30c220166f
Server 799bb1b2-bd8f-49e2-81f8-f7237f0eb223 received client-request: Request { kind: ReserveTicket, customer: c39949e9-1984-460a-b993-bac474bfb440, server: None, raw: .. }
Reserved ticket 5939 for customer c39949e9-1984-460a-b993-bac474bfb440
Server 799bb1b2-bd8f-49e2-81f8-f7237f0eb223 received client-request: Request { kind: ReserveTicket, customer: f87d7ef1-5215-40d5-b540-37eabed4501e, server: None, raw: .. }
Reserved ticket 5938 for customer f87d7ef1-5215-40d5-b540-37eabed4501e
Server 799bb1b2-bd8f-49e2-81f8-f7237f0eb223 received client-request: Request { kind: ReserveTicket, customer: 1b98da73-321e-4f81-8a21-438871a76627, server: None, raw: .. }
Reserved ticket 5937 for customer 1b98da73-321e-4f81-8a21-438871a76627
Server 799bb1b2-bd8f-49e2-81f8-f7237f0eb223 received client-request: Request { kind: ReserveTicket, customer: afdd5d47-96cc-4747-bae9-f124d6c75c5a, server: None, raw: .. }
Reserved ticket 5936 for customer afdd5d47-96cc-4747-bae9-f124d6c75c5a
Server 799bb1b2-bd8f-49e2-81f8-f7237f0eb223 received client-request: Request { kind: ReserveTicket, customer: 68030b13-dfc1-4256-864b-65505e5e2620, server: None, raw: .. }
Reserved ticket 5935 for customer 68030b13-dfc1-4256-864b-65505e5e2620
Server 799bb1b2-bd8f-49e2-81f8-f7237f0eb223 received client-request: Request { kind: ReserveTicket, customer: c6767adf-ae07-4f92-b937-610fdaa2de97, server: None, raw: .. }
Reserved ticket 5934 for customer c6767adf-ae07-4f92-b937-610fdaa2de97
Server 799bb1b2-bd8f-49e2-81f8-f7237f0eb223 received client-request: Request { kind: ReserveTicket, customer: 8b755b8f-05ea-46a2-8f21-4d8ff8b518b7, server: None, raw: .. }
Reserved ticket 5933 for customer 8b755b8f-05ea-46a2-8f21-4d8ff8b518b7
Server 799bb1b2-bd8f-49e2-81f8-f7237f0eb223 received client-request: Request { kind: ReserveTicket, customer: a05f07ff-665f-43bb-b0b1-3bb4bfd15df1, server: None, raw: .. }
Reserved ticket 5932 for customer a05f07ff-665f-43bb-b0b1-3bb4bfd15df1
Server 799bb1b2-bd8f-49e2-81f8-f7237f0eb223 received client-request: Request { kind: ReserveTicket, customer: 44502e98-8528-4fba-b02c-f3ea641b28b5, server: None, raw: .. }
Reserved ticket 5931 for customer 44502e98-8528-4fba-b02c-f3ea641b28b5
Server 799bb1b2-bd8f-49e2-81f8-f7237f0eb223 received client-request: Request { kind: ReserveTicket, customer: 282a63b9-bd12-4ad2-bd7c-98071891759f, server: None, raw: .. }
Reserved ticket 5930 for customer 282a63b9-bd12-4ad2-bd7c-98071891759f
Server 65a51e17-fff5-4036-8b94-6db5de4d28d8 received client-request: Request { kind: ReserveTicket, customer: 934e2ede-57e2-4286-b1ac-c98b3782cdcc, server: None, raw: .. }
Reserved ticket 5929 for customer 934e2ede-57e2-4286-b1ac-c98b3782cdcc
Server 799bb1b2-bd8f-49e2-81f8-f7237f0eb223 received client-request: Request { kind: ReserveTicket, customer: b06e90d4-15d8-4d21-974d-a88d1c902f08, server: None, raw: .. }
Reserved ticket 5928 for customer b06e90d4-15d8-4d21-974d-a88d1c902f08
Server 799bb1b2-bd8f-49e2-81f8-f7237f0eb223 received client-request: Request { kind: ReserveTicket, customer: b766a08d-63a7-48f7-a7e7-ac4298c436a8, server: None, raw: .. }
Reserved ticket 5927 for customer b766a08d-63a7-48f7-a7e7-ac4298c436a8
Server 799bb1b2-bd8f-49e2-81f8-f7237f0eb223 received client-request: Request { kind: ReserveTicket, customer: abe481a0-49d8-44b8-83e5-f19f592cad32, server: None, raw: .. }
Reserved ticket 5926 for customer abe481a0-49d8-44b8-83e5-f19f592cad32
Server 799bb1b2-bd8f-49e2-81f8-f7237f0eb223 received client-request: Request { kind: ReserveTicket, customer: 49d5945a-f1f2-42a7-9424-a530160c88ed, server: None, raw: .. }
Reserved ticket 5925 for customer 49d5945a-f1f2-42a7-9424-a530160c88ed
Server 799bb1b2-bd8f-49e2-81f8-f7237f0eb223 received client-request: Request { kind: ReserveTicket, customer: b027d88a-9d48-496e-9112-471d7829955e, server: None, raw: .. }
Reserved ticket 5924 for customer b027d88a-9d48-496e-9112-471d7829955e
Server 799bb1b2-bd8f-49e2-81f8-f7237f0eb223 received client-request: Request { kind: ReserveTicket, customer: 7e2e8285-fde4-4100-a5c1-8c1156a2f9bc, server: None, raw: .. }
Reserved ticket 5923 for customer 7e2e8285-fde4-4100-a5c1-8c1156a2f9bc
Server 799bb1b2-bd8f-49e2-81f8-f7237f0eb223 received client-request: Request { kind: ReserveTicket, customer: b41710a5-3a3d-4018-a872-0f57009df70e, server: None, raw: .. }
Reserved ticket 5922 for customer b41710a5-3a3d-4018-a872-0f57009df70e
Server 799bb1b2-bd8f-49e2-81f8-f7237f0eb223 received client-request: Request { kind: ReserveTicket, customer: a53d1f66-d120-4eb5-a7bc-462042252711, server: None, raw: .. }
Reserved ticket 5921 for customer a53d1f66-d120-4eb5-a7bc-462042252711
Server 799bb1b2-bd8f-49e2-81f8-f7237f0eb223 received client-request: Request { kind: ReserveTicket, customer: fdd05d5b-a8f0-400e-aaac-9719e3a6ee23, server: None, raw: .. }
Reserved ticket 5920 for customer fdd05d5b-a8f0-400e-aaac-9719e3a6ee23
Server 799bb1b2-bd8f-49e2-81f8-f7237f0eb223 received client-request: Request { kind: ReserveTicket, customer: fbc2c272-0096-49b5-b79e-9b27e100e0dc, server: None, raw: .. }
Reserved ticket 5919 for customer fbc2c272-0096-49b5-b79e-9b27e100e0dc
Server 799bb1b2-bd8f-49e2-81f8-f7237f0eb223 received client-request: Request { kind: ReserveTicket, customer: 00a0c671-5b5c-423d-a69a-817e39468b79, server: None, raw: .. }
Reserved ticket 5918 for customer 00a0c671-5b5c-423d-a69a-817e39468b79
Server 799bb1b2-bd8f-49e2-81f8-f7237f0eb223 received client-request: Request { kind: ReserveTicket, customer: e520b97d-f1e9-477c-8d05-4a16112a0242, server: None, raw: .. }
Reserved ticket 5917 for customer e520b97d-f1e9-477c-8d05-4a16112a0242
Server 799bb1b2-bd8f-49e2-81f8-f7237f0eb223 received client-request: Request { kind: ReserveTicket, customer: 2fd67c49-99c3-489a-b42f-63ee0ac67abf, server: None, raw: .. }
Reserved ticket 5916 for customer 2fd67c49-99c3-489a-b42f-63ee0ac67abf
Server 799bb1b2-bd8f-49e2-81f8-f7237f0eb223 received client-request: Request { kind: ReserveTicket, customer: 7e2f5111-a806-4970-9b36-1732964e1326, server: None, raw: .. }
Reserved ticket 5915 for customer 7e2f5111-a806-4970-9b36-1732964e1326
Server 799bb1b2-bd8f-49e2-81f8-f7237f0eb223 received client-request: Request { kind: ReserveTicket, customer: 9fa85172-4aa7-453c-aa6f-b3e235b32a01, server: None, raw: .. }
Reserved ticket 5914 for customer 9fa85172-4aa7-453c-aa6f-b3e235b32a01
Server 799bb1b2-bd8f-49e2-81f8-f7237f0eb223 received client-request: Request { kind: ReserveTicket, customer: 68f06994-0f66-48b0-8851-f0087bd38235, server: None, raw: .. }
Reserved ticket 5913 for customer 68f06994-0f66-48b0-8851-f0087bd38235
Server 799bb1b2-bd8f-49e2-81f8-f7237f0eb223 received client-request: Request { kind: ReserveTicket, customer: 1832da7a-c735-4b41-9c9c-860adf5e40d3, server: None, raw: .. }
Reserved ticket 5912 for customer 1832da7a-c735-4b41-9c9c-860adf5e40d3
Server 799bb1b2-bd8f-49e2-81f8-f7237f0eb223 received client-request: Request { kind: ReserveTicket, customer: d2efa73b-3d84-46aa-8009-7b39459b05a3, server: None, raw: .. }
Reserved ticket 5911 for customer d2efa73b-3d84-46aa-8009-7b39459b05a3
Server 799bb1b2-bd8f-49e2-81f8-f7237f0eb223 received client-request: Request { kind: ReserveTicket, customer: fdba1f88-0956-4c06-95af-8a1f30651a5a, server: None, raw: .. }
Reserved ticket 5910 for customer fdba1f88-0956-4c06-95af-8a1f30651a5a
Server 65a51e17-fff5-4036-8b94-6db5de4d28d8 received client-request: Request { kind: ReserveTicket, customer: 9707dcd7-3c47-411a-8be4-693bc1d83473, server: None, raw: .. }
Reserved ticket 5909 for customer 9707dcd7-3c47-411a-8be4-693bc1d83473
Server 799bb1b2-bd8f-49e2-81f8-f7237f0eb223 received client-request: Request { kind: ReserveTicket, customer: 9c256e26-e03a-460c-b27a-170667769713, server: None, raw: .. }
Reserved ticket 5908 for customer 9c256e26-e03a-460c-b27a-170667769713
Server 799bb1b2-bd8f-49e2-81f8-f7237f0eb223 received client-request: Request { kind: ReserveTicket, customer: f2e7c35e-31b0-4c56-9fc5-13d59d058b87, server: None, raw: .. }
Reserved ticket 5907 for customer f2e7c35e-31b0-4c56-9fc5-13d59d058b87
Server 799bb1b2-bd8f-49e2-81f8-f7237f0eb223 received client-request: Request { kind: ReserveTicket, customer: a2872e73-3581-4a8e-b8c0-7803b1f37085, server: None, raw: .. }
Reserved ticket 5906 for customer a2872e73-3581-4a8e-b8c0-7803b1f37085
Server 799bb1b2-bd8f-49e2-81f8-f7237f0eb223 received client-request: Request { kind: ReserveTicket, customer: 10c17561-a253-493d-8a57-f67a29b0aa1b, server: None, raw: .. }
Reserved ticket 5905 for customer 10c17561-a253-493d-8a57-f67a29b0aa1b
Server 799bb1b2-bd8f-49e2-81f8-f7237f0eb223 received client-request: Request { kind: ReserveTicket, customer: 0e9a42ab-18c6-406d-bb42-2ae4a17539d6, server: None, raw: .. }
Reserved ticket 5904 for customer 0e9a42ab-18c6-406d-bb42-2ae4a17539d6
Server 799bb1b2-bd8f-49e2-81f8-f7237f0eb223 received client-request: Request { kind: ReserveTicket, customer: d0761306-52b2-4ef1-8954-9629050e3225, server: None, raw: .. }
Reserved ticket 5903 for customer d0761306-52b2-4ef1-8954-9629050e3225
Server 799bb1b2-bd8f-49e2-81f8-f7237f0eb223 received client-request: Request { kind: ReserveTicket, customer: a14e4e85-1b1f-4302-94ca-a930b577e5fe, server: None, raw: .. }
Reserved ticket 5902 for customer a14e4e85-1b1f-4302-94ca-a930b577e5fe
Server 799bb1b2-bd8f-49e2-81f8-f7237f0eb223 received client-request: Request { kind: ReserveTicket, customer: 2cfb4f92-6dad-4a28-a02e-30aa12e0fb16, server: None, raw: .. }
Reserved ticket 5901 for customer 2cfb4f92-6dad-4a28-a02e-30aa12e0fb16
Server 799bb1b2-bd8f-49e2-81f8-f7237f0eb223 received client-request: Request { kind: ReserveTicket, customer: 1b0c8ffd-cb99-4b0d-aafb-e72065490e1b, server: None, raw: .. }
Reserved ticket 5900 for customer 1b0c8ffd-cb99-4b0d-aafb-e72065490e1b
Server 799bb1b2-bd8f-49e2-81f8-f7237f0eb223 received client-request: Request { kind: ReserveTicket, customer: b9db8069-0871-4c19-9474-6ebef0f99798, server: None, raw: .. }
Reserved ticket 5899 for customer b9db8069-0871-4c19-9474-6ebef0f99798
Server 799bb1b2-bd8f-49e2-81f8-f7237f0eb223 received client-request: Request { kind: ReserveTicket, customer: 0d72be54-33ec-4f61-b327-0c7a9f518fa0, server: None, raw: .. }
Reserved ticket 5898 for customer 0d72be54-33ec-4f61-b327-0c7a9f518fa0
Server 799bb1b2-bd8f-49e2-81f8-f7237f0eb223 received client-request: Request { kind: ReserveTicket, customer: 8d04fc33-635e-423c-8be2-738d04f44bf3, server: None, raw: .. }
Reserved ticket 5897 for customer 8d04fc33-635e-423c-8be2-738d04f44bf3
Server 799bb1b2-bd8f-49e2-81f8-f7237f0eb223 received client-request: Request { kind: ReserveTicket, customer: 2b6d6902-0990-43f1-b935-f06b2d50beba, server: None, raw: .. }
Reserved ticket 5896 for customer 2b6d6902-0990-43f1-b935-f06b2d50beba
Server 799bb1b2-bd8f-49e2-81f8-f7237f0eb223 received client-request: Request { kind: ReserveTicket, customer: 359ee5fb-286e-449d-b693-d0641cdf8724, server: None, raw: .. }
Reserved ticket 5895 for customer 359ee5fb-286e-449d-b693-d0641cdf8724
Server 799bb1b2-bd8f-49e2-81f8-f7237f0eb223 received client-request: Request { kind: ReserveTicket, customer: 2aa267fb-82af-4639-8d3c-f9835aff9d27, server: None, raw: .. }
Reserved ticket 5894 for customer 2aa267fb-82af-4639-8d3c-f9835aff9d27
Server 799bb1b2-bd8f-49e2-81f8-f7237f0eb223 received client-request: Request { kind: ReserveTicket, customer: 27bb28e3-ae09-4c34-a73e-577f9694c746, server: None, raw: .. }
Reserved ticket 5893 for customer 27bb28e3-ae09-4c34-a73e-577f9694c746
Server 799bb1b2-bd8f-49e2-81f8-f7237f0eb223 received client-request: Request { kind: ReserveTicket, customer: 807542c2-5ed6-4347-9a08-9231eb6d2a49, server: None, raw: .. }
Reserved ticket 5892 for customer 807542c2-5ed6-4347-9a08-9231eb6d2a49
Server 799bb1b2-bd8f-49e2-81f8-f7237f0eb223 received client-request: Request { kind: ReserveTicket, customer: af23b0cc-04fa-492c-9789-9ab9c3885e4b, server: None, raw: .. }
Reserved ticket 5891 for customer af23b0cc-04fa-492c-9789-9ab9c3885e4b
Server 799bb1b2-bd8f-49e2-81f8-f7237f0eb223 received client-request: Request { kind: ReserveTicket, customer: eafd0d67-5b44-46d5-a141-4b066c7f4cbe, server: None, raw: .. }
Reserved ticket 5890 for customer eafd0d67-5b44-46d5-a141-4b066c7f4cbe
Server 65a51e17-fff5-4036-8b94-6db5de4d28d8 received client-request: Request { kind: ReserveTicket, customer: 9d8a2883-29bb-4c1a-a5f5-9734f5927ab4, server: None, raw: .. }
Reserved ticket 5889 for customer 9d8a2883-29bb-4c1a-a5f5-9734f5927ab4
Server 799bb1b2-bd8f-49e2-81f8-f7237f0eb223 received client-request: Request { kind: ReserveTicket, customer: 19abe566-7321-4fce-b2cc-70f551bd3329, server: None, raw: .. }
Reserved ticket 5888 for customer 19abe566-7321-4fce-b2cc-70f551bd3329
Server 799bb1b2-bd8f-49e2-81f8-f7237f0eb223 received client-request: Request { kind: ReserveTicket, customer: 22a7abbf-6ede-48f1-8425-b622ed249bb1, server: None, raw: .. }
Reserved ticket 5887 for customer 22a7abbf-6ede-48f1-8425-b622ed249bb1
Server 799bb1b2-bd8f-49e2-81f8-f7237f0eb223 received client-request: Request { kind: ReserveTicket, customer: 40be0077-41dc-4c79-97c5-366a79f82c8f, server: None, raw: .. }
Reserved ticket 5886 for customer 40be0077-41dc-4c79-97c5-366a79f82c8f
Server 799bb1b2-bd8f-49e2-81f8-f7237f0eb223 received client-request: Request { kind: ReserveTicket, customer: eb28705f-1fc0-4474-b522-248bd6cf563c, server: None, raw: .. }
Reserved ticket 5885 for customer eb28705f-1fc0-4474-b522-248bd6cf563c
Server 799bb1b2-bd8f-49e2-81f8-f7237f0eb223 received client-request: Request { kind: ReserveTicket, customer: 0b58d6d8-9a93-4146-99c0-822152734fcf, server: None, raw: .. }
Reserved ticket 5884 for customer 0b58d6d8-9a93-4146-99c0-822152734fcf
Server 799bb1b2-bd8f-49e2-81f8-f7237f0eb223 received client-request: Request { kind: ReserveTicket, customer: 90321d44-3ce5-4970-b104-ebbdc671540b, server: None, raw: .. }
Reserved ticket 5883 for customer 90321d44-3ce5-4970-b104-ebbdc671540b
Server 799bb1b2-bd8f-49e2-81f8-f7237f0eb223 received client-request: Request { kind: ReserveTicket, customer: ff685cf3-65b5-4fde-a7bf-60d0a7e3199f, server: None, raw: .. }
Reserved ticket 5882 for customer ff685cf3-65b5-4fde-a7bf-60d0a7e3199f
Server 799bb1b2-bd8f-49e2-81f8-f7237f0eb223 received client-request: Request { kind: ReserveTicket, customer: 544f328f-4016-4a66-998a-08d2101503d7, server: None, raw: .. }
Reserved ticket 5881 for customer 544f328f-4016-4a66-998a-08d2101503d7
Server 799bb1b2-bd8f-49e2-81f8-f7237f0eb223 received client-request: Request { kind: ReserveTicket, customer: b341c277-c336-4386-8538-4a93ea425767, server: None, raw: .. }
Reserved ticket 5880 for customer b341c277-c336-4386-8538-4a93ea425767
Server 799bb1b2-bd8f-49e2-81f8-f7237f0eb223 received client-request: Request { kind: ReserveTicket, customer: 0fbc0b30-871a-47f6-9d86-659c641147f1, server: None, raw: .. }
Reserved ticket 5879 for customer 0fbc0b30-871a-47f6-9d86-659c641147f1
Server 799bb1b2-bd8f-49e2-81f8-f7237f0eb223 received client-request: Request { kind: ReserveTicket, customer: fc4ddb22-cc63-4d26-956d-d49a93e630a7, server: None, raw: .. }
Reserved ticket 5878 for customer fc4ddb22-cc63-4d26-956d-d49a93e630a7
Server 799bb1b2-bd8f-49e2-81f8-f7237f0eb223 received client-request: Request { kind: ReserveTicket, customer: dc1870f8-d37c-4879-b097-eb9b71f00a7e, server: None, raw: .. }
Reserved ticket 5877 for customer dc1870f8-d37c-4879-b097-eb9b71f00a7e
Server 799bb1b2-bd8f-49e2-81f8-f7237f0eb223 received client-request: Request { kind: ReserveTicket, customer: 5236e4c2-73fd-4cef-91ed-db0033f42490, server: None, raw: .. }
Reserved ticket 5876 for customer 5236e4c2-73fd-4cef-91ed-db0033f42490
Server 799bb1b2-bd8f-49e2-81f8-f7237f0eb223 received client-request: Request { kind: ReserveTicket, customer: 1991a850-a11d-47b6-8be4-fd69f570c9d5, server: None, raw: .. }
Reserved ticket 5875 for customer 1991a850-a11d-47b6-8be4-fd69f570c9d5
Server 799bb1b2-bd8f-49e2-81f8-f7237f0eb223 received client-request: Request { kind: ReserveTicket, customer: 9e60167e-7602-4f7b-93d1-0eebdb169d93, server: None, raw: .. }
Reserved ticket 5874 for customer 9e60167e-7602-4f7b-93d1-0eebdb169d93
Server 799bb1b2-bd8f-49e2-81f8-f7237f0eb223 received client-request: Request { kind: ReserveTicket, customer: e3109d46-ee33-47bd-afe0-e4519b698d10, server: None, raw: .. }
Reserved ticket 5873 for customer e3109d46-ee33-47bd-afe0-e4519b698d10
Server 799bb1b2-bd8f-49e2-81f8-f7237f0eb223 received client-request: Request { kind: ReserveTicket, customer: 29c40ac5-1753-4104-b3ee-454f7cd03528, server: None, raw: .. }
Reserved ticket 5872 for customer 29c40ac5-1753-4104-b3ee-454f7cd03528
Server 799bb1b2-bd8f-49e2-81f8-f7237f0eb223 received client-request: Request { kind: ReserveTicket, customer: d53283bf-4e42-4085-b5d7-24dfb49e319e, server: None, raw: .. }
Reserved ticket 5871 for customer d53283bf-4e42-4085-b5d7-24dfb49e319e
Server 799bb1b2-bd8f-49e2-81f8-f7237f0eb223 received client-request: Request { kind: ReserveTicket, customer: 92c6c05e-371a-487e-800d-d95575b13dc6, server: None, raw: .. }
Reserved ticket 5870 for customer 92c6c05e-371a-487e-800d-d95575b13dc6
Server 65a51e17-fff5-4036-8b94-6db5de4d28d8 received client-request: Request { kind: ReserveTicket, customer: ddcd86fb-7ac9-4a0c-962b-15ad61d67a97, server: None, raw: .. }
Reserved ticket 5869 for customer ddcd86fb-7ac9-4a0c-962b-15ad61d67a97
Server 799bb1b2-bd8f-49e2-81f8-f7237f0eb223 received client-request: Request { kind: ReserveTicket, customer: 5041c68a-2956-4ebe-96e0-5165ea6ff1d1, server: None, raw: .. }
Reserved ticket 5868 for customer 5041c68a-2956-4ebe-96e0-5165ea6ff1d1
Server 799bb1b2-bd8f-49e2-81f8-f7237f0eb223 received client-request: Request { kind: ReserveTicket, customer: 85024399-1d2a-4ebc-a460-18433894699e, server: None, raw: .. }
Reserved ticket 5867 for customer 85024399-1d2a-4ebc-a460-18433894699e
Server 799bb1b2-bd8f-49e2-81f8-f7237f0eb223 received client-request: Request { kind: ReserveTicket, customer: 5964cfac-ffe9-4986-886d-6f8b9c96b9e3, server: None, raw: .. }
Reserved ticket 5866 for customer 5964cfac-ffe9-4986-886d-6f8b9c96b9e3
Server 799bb1b2-bd8f-49e2-81f8-f7237f0eb223 received client-request: Request { kind: ReserveTicket, customer: b987038f-f5aa-438d-8dfb-d4ee9f91926a, server: None, raw: .. }
Reserved ticket 5865 for customer b987038f-f5aa-438d-8dfb-d4ee9f91926a
Server 799bb1b2-bd8f-49e2-81f8-f7237f0eb223 received client-request: Request { kind: ReserveTicket, customer: abacb1f9-a871-4338-a5c4-e736df346c17, server: None, raw: .. }
Reserved ticket 5864 for customer abacb1f9-a871-4338-a5c4-e736df346c17
Server 799bb1b2-bd8f-49e2-81f8-f7237f0eb223 received client-request: Request { kind: ReserveTicket, customer: 103c75b8-0e88-4bde-82bb-3c677c3d6cd8, server: None, raw: .. }
Reserved ticket 5863 for customer 103c75b8-0e88-4bde-82bb-3c677c3d6cd8
Server 799bb1b2-bd8f-49e2-81f8-f7237f0eb223 received client-request: Request { kind: ReserveTicket, customer: ce4bb0b6-6564-4d9a-bd20-e789e44aa2cc, server: None, raw: .. }
Reserved ticket 5862 for customer ce4bb0b6-6564-4d9a-bd20-e789e44aa2cc
Server 799bb1b2-bd8f-49e2-81f8-f7237f0eb223 received client-request: Request { kind: ReserveTicket, customer: 7bf0ec95-b2fd-4ef7-b2e9-3c64d28bc4a1, server: None, raw: .. }
Reserved ticket 5861 for customer 7bf0ec95-b2fd-4ef7-b2e9-3c64d28bc4a1
Server 799bb1b2-bd8f-49e2-81f8-f7237f0eb223 received client-request: Request { kind: ReserveTicket, customer: e1391f2d-d73e-45f9-89dc-c5238e63c288, server: None, raw: .. }
Reserved ticket 5860 for customer e1391f2d-d73e-45f9-89dc-c5238e63c288
Server 799bb1b2-bd8f-49e2-81f8-f7237f0eb223 received client-request: Request { kind: ReserveTicket, customer: 5bba2713-62d8-407f-b963-d9a9c0bc20ac, server: None, raw: .. }
Reserved ticket 5859 for customer 5bba2713-62d8-407f-b963-d9a9c0bc20ac
Server 799bb1b2-bd8f-49e2-81f8-f7237f0eb223 received client-request: Request { kind: ReserveTicket, customer: 01bddfb7-715e-453d-b8b1-1df3142b7449, server: None, raw: .. }
Reserved ticket 5858 for customer 01bddfb7-715e-453d-b8b1-1df3142b7449
Server 799bb1b2-bd8f-49e2-81f8-f7237f0eb223 received client-request: Request { kind: ReserveTicket, customer: a2926166-2c64-463c-917d-ada208e73231, server: None, raw: .. }
Reserved ticket 5857 for customer a2926166-2c64-463c-917d-ada208e73231
Server 799bb1b2-bd8f-49e2-81f8-f7237f0eb223 received client-request: Request { kind: ReserveTicket, customer: be07110a-f588-4f43-8c94-113377881d43, server: None, raw: .. }
Reserved ticket 5856 for customer be07110a-f588-4f43-8c94-113377881d43
Server 799bb1b2-bd8f-49e2-81f8-f7237f0eb223 received client-request: Request { kind: ReserveTicket, customer: c4ff20e8-a757-4768-a717-ced7ec3944ee, server: None, raw: .. }
Reserved ticket 5855 for customer c4ff20e8-a757-4768-a717-ced7ec3944ee
Server 799bb1b2-bd8f-49e2-81f8-f7237f0eb223 received client-request: Request { kind: ReserveTicket, customer: b1896e4b-2662-427f-a7bf-79b50c46eaf0, server: None, raw: .. }
Reserved ticket 5854 for customer b1896e4b-2662-427f-a7bf-79b50c46eaf0
Server 799bb1b2-bd8f-49e2-81f8-f7237f0eb223 received client-request: Request { kind: ReserveTicket, customer: 2cb2295d-2e2a-4c8f-959d-2939975bd253, server: None, raw: .. }
Reserved ticket 5853 for customer 2cb2295d-2e2a-4c8f-959d-2939975bd253
Server 799bb1b2-bd8f-49e2-81f8-f7237f0eb223 received client-request: Request { kind: ReserveTicket, customer: 4d75606c-8ad6-4220-94f4-a45d94fef968, server: None, raw: .. }
Reserved ticket 5852 for customer 4d75606c-8ad6-4220-94f4-a45d94fef968
Server 799bb1b2-bd8f-49e2-81f8-f7237f0eb223 received client-request: Request { kind: ReserveTicket, customer: e620220a-3fbd-4ff5-80da-657e23908e5c, server: None, raw: .. }
Reserved ticket 5851 for customer e620220a-3fbd-4ff5-80da-657e23908e5c
Server 799bb1b2-bd8f-49e2-81f8-f7237f0eb223 received client-request: Request { kind: ReserveTicket, customer: 3b058ea0-046d-488b-9b0b-d046b23bebf1, server: None, raw: .. }
Reserved ticket 5850 for customer 3b058ea0-046d-488b-9b0b-d046b23bebf1
Server 65a51e17-fff5-4036-8b94-6db5de4d28d8 received client-request: Request { kind: ReserveTicket, customer: f3e320ad-6e22-4791-90a0-12db5f5cefa8, server: None, raw: .. }
Reserved ticket 5849 for customer f3e320ad-6e22-4791-90a0-12db5f5cefa8
Server 799bb1b2-bd8f-49e2-81f8-f7237f0eb223 received client-request: Request { kind: ReserveTicket, customer: 3b599b34-5988-4f0a-a33e-cccf4b8332b2, server: None, raw: .. }
Reserved ticket 5848 for customer 3b599b34-5988-4f0a-a33e-cccf4b8332b2
Server 799bb1b2-bd8f-49e2-81f8-f7237f0eb223 received client-request: Request { kind: ReserveTicket, customer: 35cacc59-a950-4a42-b71a-83bd6f0864ea, server: None, raw: .. }
Reserved ticket 5847 for customer 35cacc59-a950-4a42-b71a-83bd6f0864ea
Server 799bb1b2-bd8f-49e2-81f8-f7237f0eb223 received client-request: Request { kind: ReserveTicket, customer: 3d03d591-83d0-4af4-8c3c-a261b6159b16, server: None, raw: .. }
Reserved ticket 5846 for customer 3d03d591-83d0-4af4-8c3c-a261b6159b16
Server 799bb1b2-bd8f-49e2-81f8-f7237f0eb223 received client-request: Request { kind: ReserveTicket, customer: 09f942a0-1987-473e-a060-b0b02cd8170c, server: None, raw: .. }
Reserved ticket 5845 for customer 09f942a0-1987-473e-a060-b0b02cd8170c
Server 799bb1b2-bd8f-49e2-81f8-f7237f0eb223 received client-request: Request { kind: ReserveTicket, customer: d57226b6-51be-461a-a231-162d52711629, server: None, raw: .. }
Reserved ticket 5844 for customer d57226b6-51be-461a-a231-162d52711629
Server 799bb1b2-bd8f-49e2-81f8-f7237f0eb223 received client-request: Request { kind: ReserveTicket, customer: 33ea7b8c-4591-42f7-9f30-165cb2e7ff24, server: None, raw: .. }
Reserved ticket 5843 for customer 33ea7b8c-4591-42f7-9f30-165cb2e7ff24
Server 799bb1b2-bd8f-49e2-81f8-f7237f0eb223 received client-request: Request { kind: ReserveTicket, customer: 85ab16ed-f600-4165-8ad4-27281050499e, server: None, raw: .. }
Reserved ticket 5842 for customer 85ab16ed-f600-4165-8ad4-27281050499e
Server 799bb1b2-bd8f-49e2-81f8-f7237f0eb223 received client-request: Request { kind: ReserveTicket, customer: bb14deef-4764-4c13-82cf-2f54ae888fae, server: None, raw: .. }
Reserved ticket 5841 for customer bb14deef-4764-4c13-82cf-2f54ae888fae
Server 799bb1b2-bd8f-49e2-81f8-f7237f0eb223 received client-request: Request { kind: ReserveTicket, customer: 110dd81b-86a2-46d4-a402-2112c926acc7, server: None, raw: .. }
Reserved ticket 5840 for customer 110dd81b-86a2-46d4-a402-2112c926acc7
Server 799bb1b2-bd8f-49e2-81f8-f7237f0eb223 received client-request: Request { kind: ReserveTicket, customer: 0bd7201f-3602-4150-acf8-104fdfc4d0c8, server: None, raw: .. }
Reserved ticket 5839 for customer 0bd7201f-3602-4150-acf8-104fdfc4d0c8
Server 799bb1b2-bd8f-49e2-81f8-f7237f0eb223 received client-request: Request { kind: ReserveTicket, customer: 2e4a7e13-8a9b-450c-aae2-6b222e7880e7, server: None, raw: .. }
Reserved ticket 5838 for customer 2e4a7e13-8a9b-450c-aae2-6b222e7880e7
Server 799bb1b2-bd8f-49e2-81f8-f7237f0eb223 received client-request: Request { kind: ReserveTicket, customer: b9ff26b0-505e-4abf-b740-2108752ff494, server: None, raw: .. }
Reserved ticket 5837 for customer b9ff26b0-505e-4abf-b740-2108752ff494
Server 799bb1b2-bd8f-49e2-81f8-f7237f0eb223 received client-request: Request { kind: ReserveTicket, customer: b0c29541-623f-47c1-b40a-a2dd05a898fb, server: None, raw: .. }
Reserved ticket 5836 for customer b0c29541-623f-47c1-b40a-a2dd05a898fb
Server 799bb1b2-bd8f-49e2-81f8-f7237f0eb223 received client-request: Request { kind: ReserveTicket, customer: bcd96295-6e01-4eb8-9e31-11af776d7e5a, server: None, raw: .. }
Reserved ticket 5835 for customer bcd96295-6e01-4eb8-9e31-11af776d7e5a
Server 799bb1b2-bd8f-49e2-81f8-f7237f0eb223 received client-request: Request { kind: ReserveTicket, customer: 43774b29-ec2f-48a1-8664-79c1d02ad141, server: None, raw: .. }
Reserved ticket 5834 for customer 43774b29-ec2f-48a1-8664-79c1d02ad141
Server 799bb1b2-bd8f-49e2-81f8-f7237f0eb223 received client-request: Request { kind: ReserveTicket, customer: 8ee09d87-e829-4465-9217-28ede26acbd5, server: None, raw: .. }
Reserved ticket 5833 for customer 8ee09d87-e829-4465-9217-28ede26acbd5
Server 799bb1b2-bd8f-49e2-81f8-f7237f0eb223 received client-request: Request { kind: ReserveTicket, customer: c85cebb4-a46a-4d63-8051-99f943505b8f, server: None, raw: .. }
Reserved ticket 5832 for customer c85cebb4-a46a-4d63-8051-99f943505b8f
Server 799bb1b2-bd8f-49e2-81f8-f7237f0eb223 received client-request: Request { kind: ReserveTicket, customer: 60aa3b06-569d-4a73-84cc-c3677a1d4e59, server: None, raw: .. }
Reserved ticket 5831 for customer 60aa3b06-569d-4a73-84cc-c3677a1d4e59
Server 799bb1b2-bd8f-49e2-81f8-f7237f0eb223 received client-request: Request { kind: ReserveTicket, customer: 71c76f25-5de1-4920-af0c-1d9e5ffda9fe, server: None, raw: .. }
Reserved ticket 5830 for customer 71c76f25-5de1-4920-af0c-1d9e5ffda9fe
Server 65a51e17-fff5-4036-8b94-6db5de4d28d8 received client-request: Request { kind: ReserveTicket, customer: 390d0d34-3413-4d1e-bb83-7a9b30f8450e, server: None, raw: .. }
Reserved ticket 5829 for customer 390d0d34-3413-4d1e-bb83-7a9b30f8450e
Server 799bb1b2-bd8f-49e2-81f8-f7237f0eb223 received client-request: Request { kind: ReserveTicket, customer: a230effc-194e-4575-8bee-0b5465b52482, server: None, raw: .. }
Reserved ticket 5828 for customer a230effc-194e-4575-8bee-0b5465b52482
Server 799bb1b2-bd8f-49e2-81f8-f7237f0eb223 received client-request: Request { kind: ReserveTicket, customer: 8ddfe436-3ee0-478a-bcaf-ba0632dc1a71, server: None, raw: .. }
Reserved ticket 5827 for customer 8ddfe436-3ee0-478a-bcaf-ba0632dc1a71
Server 799bb1b2-bd8f-49e2-81f8-f7237f0eb223 received client-request: Request { kind: ReserveTicket, customer: 9be742b5-d939-4dda-9be9-9054d372e23d, server: None, raw: .. }
Reserved ticket 5826 for customer 9be742b5-d939-4dda-9be9-9054d372e23d
Server 799bb1b2-bd8f-49e2-81f8-f7237f0eb223 received client-request: Request { kind: ReserveTicket, customer: 12666014-2099-42cb-aaf5-5cd3481f75da, server: None, raw: .. }
Reserved ticket 5825 for customer 12666014-2099-42cb-aaf5-5cd3481f75da
Server 799bb1b2-bd8f-49e2-81f8-f7237f0eb223 received client-request: Request { kind: ReserveTicket, customer: a105f1f5-77d7-4ebd-9dbf-caef508ffa82, server: None, raw: .. }
Reserved ticket 5824 for customer a105f1f5-77d7-4ebd-9dbf-caef508ffa82
Server 799bb1b2-bd8f-49e2-81f8-f7237f0eb223 received client-request: Request { kind: ReserveTicket, customer: 5db6fefb-5c85-456d-8c77-9038dc4b7261, server: None, raw: .. }
Reserved ticket 5823 for customer 5db6fefb-5c85-456d-8c77-9038dc4b7261
Server 799bb1b2-bd8f-49e2-81f8-f7237f0eb223 received client-request: Request { kind: ReserveTicket, customer: d70ae1a9-3aed-4604-9f69-f646f456035f, server: None, raw: .. }
Reserved ticket 5822 for customer d70ae1a9-3aed-4604-9f69-f646f456035f
Server 799bb1b2-bd8f-49e2-81f8-f7237f0eb223 received client-request: Request { kind: ReserveTicket, customer: 674a2818-cc99-4d37-90d5-8aaada7cb90b, server: None, raw: .. }
Reserved ticket 5821 for customer 674a2818-cc99-4d37-90d5-8aaada7cb90b
Server 799bb1b2-bd8f-49e2-81f8-f7237f0eb223 received client-request: Request { kind: ReserveTicket, customer: 329f3593-3adc-41fe-8d2f-108032194b05, server: None, raw: .. }
Reserved ticket 5820 for customer 329f3593-3adc-41fe-8d2f-108032194b05
Server 799bb1b2-bd8f-49e2-81f8-f7237f0eb223 received client-request: Request { kind: ReserveTicket, customer: c7ef4b94-7940-4324-b399-2a93791d31a8, server: None, raw: .. }
Reserved ticket 5819 for customer c7ef4b94-7940-4324-b399-2a93791d31a8
Server 799bb1b2-bd8f-49e2-81f8-f7237f0eb223 received client-request: Request { kind: ReserveTicket, customer: b91bfb84-1c85-4472-93aa-f75091dcd184, server: None, raw: .. }
Reserved ticket 5818 for customer b91bfb84-1c85-4472-93aa-f75091dcd184
Server 799bb1b2-bd8f-49e2-81f8-f7237f0eb223 received client-request: Request { kind: ReserveTicket, customer: 2921ec68-4c46-4127-9720-f726e13db7a3, server: None, raw: .. }
Reserved ticket 5817 for customer 2921ec68-4c46-4127-9720-f726e13db7a3
Server 799bb1b2-bd8f-49e2-81f8-f7237f0eb223 received client-request: Request { kind: ReserveTicket, customer: 8d3a7aaf-43d7-48a4-a7d8-12da2f85928e, server: None, raw: .. }
Reserved ticket 5816 for customer 8d3a7aaf-43d7-48a4-a7d8-12da2f85928e
Server 799bb1b2-bd8f-49e2-81f8-f7237f0eb223 received client-request: Request { kind: ReserveTicket, customer: f0c61ef0-dd42-4a90-93a4-77d6bb476f3d, server: None, raw: .. }
Reserved ticket 5815 for customer f0c61ef0-dd42-4a90-93a4-77d6bb476f3d
Server 799bb1b2-bd8f-49e2-81f8-f7237f0eb223 received client-request: Request { kind: ReserveTicket, customer: 588b61eb-3fba-4200-8dd9-a81089a89cc4, server: None, raw: .. }
Reserved ticket 5814 for customer 588b61eb-3fba-4200-8dd9-a81089a89cc4
Server 799bb1b2-bd8f-49e2-81f8-f7237f0eb223 received client-request: Request { kind: ReserveTicket, customer: 1e0a5a53-ee9a-41d5-aa72-5e79b56f9f31, server: None, raw: .. }
Reserved ticket 5813 for customer 1e0a5a53-ee9a-41d5-aa72-5e79b56f9f31
Server 799bb1b2-bd8f-49e2-81f8-f7237f0eb223 received client-request: Request { kind: ReserveTicket, customer: 1081a7df-975f-4ac6-a946-1e7831ac08a7, server: None, raw: .. }
Reserved ticket 5812 for customer 1081a7df-975f-4ac6-a946-1e7831ac08a7
Server 799bb1b2-bd8f-49e2-81f8-f7237f0eb223 received client-request: Request { kind: ReserveTicket, customer: 1269afbf-705f-4587-93d2-3e50bc5258fc, server: None, raw: .. }
Reserved ticket 5811 for customer 1269afbf-705f-4587-93d2-3e50bc5258fc
Server 799bb1b2-bd8f-49e2-81f8-f7237f0eb223 received client-request: Request { kind: ReserveTicket, customer: fa0690a0-6ab0-4363-b062-de0c25e73e21, server: None, raw: .. }
Reserved ticket 5810 for customer fa0690a0-6ab0-4363-b062-de0c25e73e21
Server 65a51e17-fff5-4036-8b94-6db5de4d28d8 received client-request: Request { kind: ReserveTicket, customer: 377c3a9a-8967-436f-89d3-57ec25019307, server: None, raw: .. }
Reserved ticket 5809 for customer 377c3a9a-8967-436f-89d3-57ec25019307
Server 799bb1b2-bd8f-49e2-81f8-f7237f0eb223 received client-request: Request { kind: ReserveTicket, customer: e521a42d-f435-4a07-ab63-b7bd3a653e1a, server: None, raw: .. }
Reserved ticket 5808 for customer e521a42d-f435-4a07-ab63-b7bd3a653e1a
Server 799bb1b2-bd8f-49e2-81f8-f7237f0eb223 received client-request: Request { kind: ReserveTicket, customer: 5c89357d-9f5c-45ed-9d6e-df5e29ad84de, server: None, raw: .. }
Reserved ticket 5807 for customer 5c89357d-9f5c-45ed-9d6e-df5e29ad84de
Server 799bb1b2-bd8f-49e2-81f8-f7237f0eb223 received client-request: Request { kind: ReserveTicket, customer: 71959bca-8909-4e82-a14d-29dbc1cb3aa8, server: None, raw: .. }
Reserved ticket 5806 for customer 71959bca-8909-4e82-a14d-29dbc1cb3aa8
Server 799bb1b2-bd8f-49e2-81f8-f7237f0eb223 received client-request: Request { kind: ReserveTicket, customer: dc509905-6a25-4f0e-9539-0520b05023d6, server: None, raw: .. }
Reserved ticket 5805 for customer dc509905-6a25-4f0e-9539-0520b05023d6
Server 799bb1b2-bd8f-49e2-81f8-f7237f0eb223 received client-request: Request { kind: ReserveTicket, customer: ff177b0d-2748-42de-ac4c-cb98c69c395e, server: None, raw: .. }
Reserved ticket 5804 for customer ff177b0d-2748-42de-ac4c-cb98c69c395e
Server 799bb1b2-bd8f-49e2-81f8-f7237f0eb223 received client-request: Request { kind: ReserveTicket, customer: 969385d2-70bb-468b-bab2-57f7582bb749, server: None, raw: .. }
Reserved ticket 5803 for customer 969385d2-70bb-468b-bab2-57f7582bb749
Server 799bb1b2-bd8f-49e2-81f8-f7237f0eb223 received client-request: Request { kind: ReserveTicket, customer: f9ad7a87-222c-41bf-9b49-a7a6c6107396, server: None, raw: .. }
Reserved ticket 5802 for customer f9ad7a87-222c-41bf-9b49-a7a6c6107396
Server 799bb1b2-bd8f-49e2-81f8-f7237f0eb223 received client-request: Request { kind: ReserveTicket, customer: ea216e5e-e211-417a-a34f-34cfa32ac650, server: None, raw: .. }
Reserved ticket 5801 for customer ea216e5e-e211-417a-a34f-34cfa32ac650
Server 799bb1b2-bd8f-49e2-81f8-f7237f0eb223 received client-request: Request { kind: ReserveTicket, customer: 351ce15d-5d35-4688-a7c2-e71fc5f34da6, server: None, raw: .. }
Reserved ticket 5800 for customer 351ce15d-5d35-4688-a7c2-e71fc5f34da6
Server 799bb1b2-bd8f-49e2-81f8-f7237f0eb223 received client-request: Request { kind: ReserveTicket, customer: 1bed9afa-c172-48b5-8dd6-799f7405200d, server: None, raw: .. }
Reserved ticket 5799 for customer 1bed9afa-c172-48b5-8dd6-799f7405200d
Server 799bb1b2-bd8f-49e2-81f8-f7237f0eb223 received client-request: Request { kind: ReserveTicket, customer: 9a274bb4-27bd-41a8-879b-5e0b8396f14d, server: None, raw: .. }
Reserved ticket 5798 for customer 9a274bb4-27bd-41a8-879b-5e0b8396f14d
Server 799bb1b2-bd8f-49e2-81f8-f7237f0eb223 received client-request: Request { kind: ReserveTicket, customer: fb58027d-4c90-4cc7-9ae9-2ccc1b2005fe, server: None, raw: .. }
Reserved ticket 5797 for customer fb58027d-4c90-4cc7-9ae9-2ccc1b2005fe
Server 799bb1b2-bd8f-49e2-81f8-f7237f0eb223 received client-request: Request { kind: ReserveTicket, customer: 84df55bc-241d-4b33-acac-e8234c805e5e, server: None, raw: .. }
Reserved ticket 5796 for customer 84df55bc-241d-4b33-acac-e8234c805e5e
Server 799bb1b2-bd8f-49e2-81f8-f7237f0eb223 received client-request: Request { kind: ReserveTicket, customer: 11ac5f03-5d2e-46c2-a628-4d63cb890f3d, server: None, raw: .. }
Reserved ticket 5795 for customer 11ac5f03-5d2e-46c2-a628-4d63cb890f3d
Server 799bb1b2-bd8f-49e2-81f8-f7237f0eb223 received client-request: Request { kind: ReserveTicket, customer: 741bc203-8bbe-4478-a49a-d9b9a1d4603a, server: None, raw: .. }
Reserved ticket 5794 for customer 741bc203-8bbe-4478-a49a-d9b9a1d4603a
Server 799bb1b2-bd8f-49e2-81f8-f7237f0eb223 received client-request: Request { kind: ReserveTicket, customer: 291bd4f0-d0c2-4271-a90b-e347df8a809e, server: None, raw: .. }
Reserved ticket 5793 for customer 291bd4f0-d0c2-4271-a90b-e347df8a809e
Server 799bb1b2-bd8f-49e2-81f8-f7237f0eb223 received client-request: Request { kind: ReserveTicket, customer: 24c2342d-c842-49cf-8372-0666cf0af0d7, server: None, raw: .. }
Reserved ticket 5792 for customer 24c2342d-c842-49cf-8372-0666cf0af0d7
Server 799bb1b2-bd8f-49e2-81f8-f7237f0eb223 received client-request: Request { kind: ReserveTicket, customer: 2d78de2c-1ab6-40f1-9019-681faafeaf2b, server: None, raw: .. }
Reserved ticket 5791 for customer 2d78de2c-1ab6-40f1-9019-681faafeaf2b
Server 799bb1b2-bd8f-49e2-81f8-f7237f0eb223 received client-request: Request { kind: ReserveTicket, customer: 16345958-a458-4510-8400-8626fd8d9525, server: None, raw: .. }
Reserved ticket 5790 for customer 16345958-a458-4510-8400-8626fd8d9525
Server 65a51e17-fff5-4036-8b94-6db5de4d28d8 received client-request: Request { kind: ReserveTicket, customer: bf182ff7-fdeb-44d0-8c55-4841ae97e11a, server: None, raw: .. }
Reserved ticket 5789 for customer bf182ff7-fdeb-44d0-8c55-4841ae97e11a
Server 799bb1b2-bd8f-49e2-81f8-f7237f0eb223 received client-request: Request { kind: ReserveTicket, customer: 6550d41a-a3e6-4d49-aa50-2d5ed7069e0f, server: None, raw: .. }
Reserved ticket 5788 for customer 6550d41a-a3e6-4d49-aa50-2d5ed7069e0f
Server 799bb1b2-bd8f-49e2-81f8-f7237f0eb223 received client-request: Request { kind: ReserveTicket, customer: cd2c33c9-a281-4ee7-9b7c-15347769109d, server: None, raw: .. }
Reserved ticket 5787 for customer cd2c33c9-a281-4ee7-9b7c-15347769109d
Server 799bb1b2-bd8f-49e2-81f8-f7237f0eb223 received client-request: Request { kind: ReserveTicket, customer: c2a228e4-c00e-4583-ae6a-539b7d469e16, server: None, raw: .. }
Reserved ticket 5786 for customer c2a228e4-c00e-4583-ae6a-539b7d469e16
Server 799bb1b2-bd8f-49e2-81f8-f7237f0eb223 received client-request: Request { kind: ReserveTicket, customer: 1b0ee1fc-5939-4fd4-b15b-f02409b526e7, server: None, raw: .. }
Reserved ticket 5785 for customer 1b0ee1fc-5939-4fd4-b15b-f02409b526e7
Server 799bb1b2-bd8f-49e2-81f8-f7237f0eb223 received client-request: Request { kind: ReserveTicket, customer: e990ff22-832a-4719-8108-56e0c4b72ccf, server: None, raw: .. }
Reserved ticket 5784 for customer e990ff22-832a-4719-8108-56e0c4b72ccf
Server 799bb1b2-bd8f-49e2-81f8-f7237f0eb223 received client-request: Request { kind: ReserveTicket, customer: 1f60eafc-1a7c-45fa-b3a2-615cee7941f4, server: None, raw: .. }
Reserved ticket 5783 for customer 1f60eafc-1a7c-45fa-b3a2-615cee7941f4
Server 799bb1b2-bd8f-49e2-81f8-f7237f0eb223 received client-request: Request { kind: ReserveTicket, customer: 7a1150bb-2f1d-4aa1-a4b3-5d8861e038d0, server: None, raw: .. }
Reserved ticket 5782 for customer 7a1150bb-2f1d-4aa1-a4b3-5d8861e038d0
Server 799bb1b2-bd8f-49e2-81f8-f7237f0eb223 received client-request: Request { kind: ReserveTicket, customer: 0cc4f88f-8377-4514-9de1-a9a9aa85e7c4, server: None, raw: .. }
Reserved ticket 5781 for customer 0cc4f88f-8377-4514-9de1-a9a9aa85e7c4
Server 799bb1b2-bd8f-49e2-81f8-f7237f0eb223 received client-request: Request { kind: ReserveTicket, customer: 1f493ca3-f634-4ff7-b08b-588506051249, server: None, raw: .. }
Reserved ticket 5780 for customer 1f493ca3-f634-4ff7-b08b-588506051249
Server 799bb1b2-bd8f-49e2-81f8-f7237f0eb223 received client-request: Request { kind: ReserveTicket, customer: e8c17471-eb5e-4251-aff1-1d705406271f, server: None, raw: .. }
Reserved ticket 5779 for customer e8c17471-eb5e-4251-aff1-1d705406271f
Server 799bb1b2-bd8f-49e2-81f8-f7237f0eb223 received client-request: Request { kind: ReserveTicket, customer: a346341f-afce-41f2-800d-63a649fe40f1, server: None, raw: .. }
Reserved ticket 5778 for customer a346341f-afce-41f2-800d-63a649fe40f1
Server 799bb1b2-bd8f-49e2-81f8-f7237f0eb223 received client-request: Request { kind: ReserveTicket, customer: 06099678-be1b-48b1-bb5c-f9881d1b4847, server: None, raw: .. }
Reserved ticket 5777 for customer 06099678-be1b-48b1-bb5c-f9881d1b4847
Server 799bb1b2-bd8f-49e2-81f8-f7237f0eb223 received client-request: Request { kind: ReserveTicket, customer: ec0de4b7-65a5-4af9-b1ae-057c22fba87a, server: None, raw: .. }
Reserved ticket 5776 for customer ec0de4b7-65a5-4af9-b1ae-057c22fba87a
Server 799bb1b2-bd8f-49e2-81f8-f7237f0eb223 received client-request: Request { kind: ReserveTicket, customer: 18aca6d3-0a0a-4e2d-8337-5b629aabf943, server: None, raw: .. }
Reserved ticket 5775 for customer 18aca6d3-0a0a-4e2d-8337-5b629aabf943
Server 799bb1b2-bd8f-49e2-81f8-f7237f0eb223 received client-request: Request { kind: ReserveTicket, customer: 8155ddaf-51cd-4470-bb21-fecb02c098e0, server: None, raw: .. }
Reserved ticket 5774 for customer 8155ddaf-51cd-4470-bb21-fecb02c098e0
Server 799bb1b2-bd8f-49e2-81f8-f7237f0eb223 received client-request: Request { kind: ReserveTicket, customer: e6958408-58e3-4294-b52b-7b4742c65355, server: None, raw: .. }
Reserved ticket 5773 for customer e6958408-58e3-4294-b52b-7b4742c65355
Server 799bb1b2-bd8f-49e2-81f8-f7237f0eb223 received client-request: Request { kind: ReserveTicket, customer: 0f257bd4-2c8f-40e6-9d59-afa64b0e3110, server: None, raw: .. }
Reserved ticket 5772 for customer 0f257bd4-2c8f-40e6-9d59-afa64b0e3110
Server 799bb1b2-bd8f-49e2-81f8-f7237f0eb223 received client-request: Request { kind: ReserveTicket, customer: 1ee1ef49-64ab-4b3e-9fe8-3b0648ea9fad, server: None, raw: .. }
Reserved ticket 5771 for customer 1ee1ef49-64ab-4b3e-9fe8-3b0648ea9fad
Server 799bb1b2-bd8f-49e2-81f8-f7237f0eb223 received client-request: Request { kind: ReserveTicket, customer: 14676ca1-628f-4c57-9860-dccd304d068a, server: None, raw: .. }
Reserved ticket 5770 for customer 14676ca1-628f-4c57-9860-dccd304d068a
Server 65a51e17-fff5-4036-8b94-6db5de4d28d8 received client-request: Request { kind: ReserveTicket, customer: 30c5e032-bad3-45b7-a6a7-4bdae8579177, server: None, raw: .. }
Reserved ticket 5769 for customer 30c5e032-bad3-45b7-a6a7-4bdae8579177
Server 799bb1b2-bd8f-49e2-81f8-f7237f0eb223 received client-request: Request { kind: ReserveTicket, customer: 38011fb5-df16-4509-a518-d98099582a55, server: None, raw: .. }
Reserved ticket 5768 for customer 38011fb5-df16-4509-a518-d98099582a55
Server 799bb1b2-bd8f-49e2-81f8-f7237f0eb223 received client-request: Request { kind: ReserveTicket, customer: 147982f9-dd36-4b7e-8ccb-e984c042df8a, server: None, raw: .. }
Reserved ticket 5767 for customer 147982f9-dd36-4b7e-8ccb-e984c042df8a
Server 799bb1b2-bd8f-49e2-81f8-f7237f0eb223 received client-request: Request { kind: ReserveTicket, customer: 33c2e21a-cbba-4154-9304-b604274433d7, server: None, raw: .. }
Reserved ticket 5766 for customer 33c2e21a-cbba-4154-9304-b604274433d7
Server 799bb1b2-bd8f-49e2-81f8-f7237f0eb223 received client-request: Request { kind: ReserveTicket, customer: 7f68b2a5-e060-47be-afeb-40512a5f0772, server: None, raw: .. }
Reserved ticket 5765 for customer 7f68b2a5-e060-47be-afeb-40512a5f0772
Server 799bb1b2-bd8f-49e2-81f8-f7237f0eb223 received client-request: Request { kind: ReserveTicket, customer: 3d1e5a71-e45b-49f2-bf7e-0da8dd4ad245, server: None, raw: .. }
Reserved ticket 5764 for customer 3d1e5a71-e45b-49f2-bf7e-0da8dd4ad245
Server 799bb1b2-bd8f-49e2-81f8-f7237f0eb223 received client-request: Request { kind: ReserveTicket, customer: 48ec9fcb-04e4-4dbf-8c45-2e6c9a734f79, server: None, raw: .. }
Reserved ticket 5763 for customer 48ec9fcb-04e4-4dbf-8c45-2e6c9a734f79
Server 799bb1b2-bd8f-49e2-81f8-f7237f0eb223 received client-request: Request { kind: ReserveTicket, customer: 23665fc4-33b6-4a7b-bfce-108bf91a4b9a, server: None, raw: .. }
Reserved ticket 5762 for customer 23665fc4-33b6-4a7b-bfce-108bf91a4b9a
Server 799bb1b2-bd8f-49e2-81f8-f7237f0eb223 received client-request: Request { kind: ReserveTicket, customer: 147ea787-86da-409f-9248-5eec3c06b708, server: None, raw: .. }
Reserved ticket 5761 for customer 147ea787-86da-409f-9248-5eec3c06b708
Server 799bb1b2-bd8f-49e2-81f8-f7237f0eb223 received client-request: Request { kind: ReserveTicket, customer: bda4d338-cf46-41ea-b465-2e90224084e4, server: None, raw: .. }
Reserved ticket 5760 for customer bda4d338-cf46-41ea-b465-2e90224084e4
Server 799bb1b2-bd8f-49e2-81f8-f7237f0eb223 received client-request: Request { kind: ReserveTicket, customer: eafc5dbc-de4e-46df-afed-59e16b6b334b, server: None, raw: .. }
Reserved ticket 5759 for customer eafc5dbc-de4e-46df-afed-59e16b6b334b
Server 799bb1b2-bd8f-49e2-81f8-f7237f0eb223 received client-request: Request { kind: ReserveTicket, customer: 384bb560-170e-414d-a7b8-ba94eac39d29, server: None, raw: .. }
Reserved ticket 5758 for customer 384bb560-170e-414d-a7b8-ba94eac39d29
Server 799bb1b2-bd8f-49e2-81f8-f7237f0eb223 received client-request: Request { kind: ReserveTicket, customer: 9bfa9b0f-afd2-4b0a-bed4-1c069cac9117, server: None, raw: .. }
Reserved ticket 5757 for customer 9bfa9b0f-afd2-4b0a-bed4-1c069cac9117
Server 799bb1b2-bd8f-49e2-81f8-f7237f0eb223 received client-request: Request { kind: ReserveTicket, customer: 7ca5001c-1a07-4a8f-8bae-91bc90cd6279, server: None, raw: .. }
Reserved ticket 5756 for customer 7ca5001c-1a07-4a8f-8bae-91bc90cd6279
Server 799bb1b2-bd8f-49e2-81f8-f7237f0eb223 received client-request: Request { kind: ReserveTicket, customer: 6c0d87f8-8786-47a1-93c8-e30d20c5dd21, server: None, raw: .. }
Reserved ticket 5755 for customer 6c0d87f8-8786-47a1-93c8-e30d20c5dd21
Server 799bb1b2-bd8f-49e2-81f8-f7237f0eb223 received client-request: Request { kind: ReserveTicket, customer: 4be0a8e2-f28a-4cf5-b129-97d8aa1c7d50, server: None, raw: .. }
Reserved ticket 5754 for customer 4be0a8e2-f28a-4cf5-b129-97d8aa1c7d50
Server 799bb1b2-bd8f-49e2-81f8-f7237f0eb223 received client-request: Request { kind: ReserveTicket, customer: ac402386-a8ce-45b7-8610-35821bcb4fa7, server: None, raw: .. }
Reserved ticket 5753 for customer ac402386-a8ce-45b7-8610-35821bcb4fa7
Server 799bb1b2-bd8f-49e2-81f8-f7237f0eb223 received client-request: Request { kind: ReserveTicket, customer: 55082cc0-80af-4786-a44d-896703cbe37a, server: None, raw: .. }
Reserved ticket 5752 for customer 55082cc0-80af-4786-a44d-896703cbe37a
Server 799bb1b2-bd8f-49e2-81f8-f7237f0eb223 received client-request: Request { kind: ReserveTicket, customer: 8fc3fa3d-e751-4bde-9ffe-aef2fc9b8e8e, server: None, raw: .. }
Reserved ticket 5751 for customer 8fc3fa3d-e751-4bde-9ffe-aef2fc9b8e8e
Server 799bb1b2-bd8f-49e2-81f8-f7237f0eb223 received client-request: Request { kind: ReserveTicket, customer: 31079bd1-aedd-4087-a494-01cacb07ccd2, server: None, raw: .. }
Reserved ticket 5750 for customer 31079bd1-aedd-4087-a494-01cacb07ccd2
Server 65a51e17-fff5-4036-8b94-6db5de4d28d8 received client-request: Request { kind: ReserveTicket, customer: 60aa39d1-c010-4553-9b8d-41ca32e03c45, server: None, raw: .. }
Reserved ticket 5749 for customer 60aa39d1-c010-4553-9b8d-41ca32e03c45
Server 799bb1b2-bd8f-49e2-81f8-f7237f0eb223 received client-request: Request { kind: ReserveTicket, customer: 1a0a5e5f-0d51-45ae-a502-a430e7580466, server: None, raw: .. }
Reserved ticket 5748 for customer 1a0a5e5f-0d51-45ae-a502-a430e7580466
Server 799bb1b2-bd8f-49e2-81f8-f7237f0eb223 received client-request: Request { kind: ReserveTicket, customer: 7317947e-a3aa-45e2-965b-e18662ef1cc2, server: None, raw: .. }
Reserved ticket 5747 for customer 7317947e-a3aa-45e2-965b-e18662ef1cc2
Server 799bb1b2-bd8f-49e2-81f8-f7237f0eb223 received client-request: Request { kind: ReserveTicket, customer: b59d43d8-48ef-4666-a920-92fc1f4a9b3e, server: None, raw: .. }
Reserved ticket 5746 for customer b59d43d8-48ef-4666-a920-92fc1f4a9b3e
Server 799bb1b2-bd8f-49e2-81f8-f7237f0eb223 received client-request: Request { kind: ReserveTicket, customer: a15ff790-c348-4660-9bb0-1158bf35db7e, server: None, raw: .. }
Reserved ticket 5745 for customer a15ff790-c348-4660-9bb0-1158bf35db7e
Server 799bb1b2-bd8f-49e2-81f8-f7237f0eb223 received client-request: Request { kind: ReserveTicket, customer: 00385aff-4258-4edb-8630-777f0fc749df, server: None, raw: .. }
Reserved ticket 5744 for customer 00385aff-4258-4edb-8630-777f0fc749df
Server 799bb1b2-bd8f-49e2-81f8-f7237f0eb223 received client-request: Request { kind: ReserveTicket, customer: eb77939e-5484-4919-9856-17e6d4d97982, server: None, raw: .. }
Reserved ticket 5743 for customer eb77939e-5484-4919-9856-17e6d4d97982
Server 799bb1b2-bd8f-49e2-81f8-f7237f0eb223 received client-request: Request { kind: ReserveTicket, customer: 94eaf6be-856e-48c4-b05c-d965f2d471ef, server: None, raw: .. }
Reserved ticket 5742 for customer 94eaf6be-856e-48c4-b05c-d965f2d471ef
Server 799bb1b2-bd8f-49e2-81f8-f7237f0eb223 received client-request: Request { kind: ReserveTicket, customer: 7216fc5c-5fb1-47c3-b736-f02aeba17b84, server: None, raw: .. }
Reserved ticket 5741 for customer 7216fc5c-5fb1-47c3-b736-f02aeba17b84
Server 799bb1b2-bd8f-49e2-81f8-f7237f0eb223 received client-request: Request { kind: ReserveTicket, customer: e5fce7c5-fb7d-46d0-91f5-d173cd70d134, server: None, raw: .. }
Reserved ticket 5740 for customer e5fce7c5-fb7d-46d0-91f5-d173cd70d134
Server 799bb1b2-bd8f-49e2-81f8-f7237f0eb223 received client-request: Request { kind: ReserveTicket, customer: e700ef03-9916-455d-89fc-7890f7bce164, server: None, raw: .. }
Reserved ticket 5739 for customer e700ef03-9916-455d-89fc-7890f7bce164
Server 799bb1b2-bd8f-49e2-81f8-f7237f0eb223 received client-request: Request { kind: ReserveTicket, customer: ec566d21-6eda-4126-abdd-c1ef9d310a58, server: None, raw: .. }
Reserved ticket 5738 for customer ec566d21-6eda-4126-abdd-c1ef9d310a58
Server 799bb1b2-bd8f-49e2-81f8-f7237f0eb223 received client-request: Request { kind: ReserveTicket, customer: ce5612f3-6bdf-44c6-8738-39f716569cb1, server: None, raw: .. }
Reserved ticket 5737 for customer ce5612f3-6bdf-44c6-8738-39f716569cb1
Server 799bb1b2-bd8f-49e2-81f8-f7237f0eb223 received client-request: Request { kind: ReserveTicket, customer: ddae8619-8e1b-4a5e-9900-b5ee6dd95f78, server: None, raw: .. }
Reserved ticket 5736 for customer ddae8619-8e1b-4a5e-9900-b5ee6dd95f78
Server 799bb1b2-bd8f-49e2-81f8-f7237f0eb223 received client-request: Request { kind: ReserveTicket, customer: ce2b5647-c5a1-4449-923d-d0e54c3c7b55, server: None, raw: .. }
Reserved ticket 5735 for customer ce2b5647-c5a1-4449-923d-d0e54c3c7b55
Server 799bb1b2-bd8f-49e2-81f8-f7237f0eb223 received client-request: Request { kind: ReserveTicket, customer: 0a7c175f-f4f3-4aa2-9014-eedf25ece7fb, server: None, raw: .. }
Reserved ticket 5734 for customer 0a7c175f-f4f3-4aa2-9014-eedf25ece7fb
Server 799bb1b2-bd8f-49e2-81f8-f7237f0eb223 received client-request: Request { kind: ReserveTicket, customer: 973136f6-ae9d-47a4-a6a2-4a10f9caa0a6, server: None, raw: .. }
Reserved ticket 5733 for customer 973136f6-ae9d-47a4-a6a2-4a10f9caa0a6
Server 799bb1b2-bd8f-49e2-81f8-f7237f0eb223 received client-request: Request { kind: ReserveTicket, customer: 4f8be077-5693-4660-8897-29300de15b4a, server: None, raw: .. }
Reserved ticket 5732 for customer 4f8be077-5693-4660-8897-29300de15b4a
Server 799bb1b2-bd8f-49e2-81f8-f7237f0eb223 received client-request: Request { kind: ReserveTicket, customer: b2df66dd-c5df-4f5d-bad9-80bea09fdf62, server: None, raw: .. }
Reserved ticket 5731 for customer b2df66dd-c5df-4f5d-bad9-80bea09fdf62
Server 799bb1b2-bd8f-49e2-81f8-f7237f0eb223 received client-request: Request { kind: ReserveTicket, customer: 50aa596f-5a79-4db9-a8ef-0390b6727d7a, server: None, raw: .. }
Reserved ticket 5730 for customer 50aa596f-5a79-4db9-a8ef-0390b6727d7a
Server 65a51e17-fff5-4036-8b94-6db5de4d28d8 received client-request: Request { kind: ReserveTicket, customer: 695e04b4-f19d-43b6-beee-6eef6045bcb5, server: None, raw: .. }
Reserved ticket 5729 for customer 695e04b4-f19d-43b6-beee-6eef6045bcb5
Server 799bb1b2-bd8f-49e2-81f8-f7237f0eb223 received client-request: Request { kind: ReserveTicket, customer: 7fbc206d-ff7f-4e58-bb09-19deb6b9a5c6, server: None, raw: .. }
Reserved ticket 5728 for customer 7fbc206d-ff7f-4e58-bb09-19deb6b9a5c6
Server 799bb1b2-bd8f-49e2-81f8-f7237f0eb223 received client-request: Request { kind: ReserveTicket, customer: e612883e-a9d6-4f46-8103-843e5a059b59, server: None, raw: .. }
Reserved ticket 5727 for customer e612883e-a9d6-4f46-8103-843e5a059b59
Server 799bb1b2-bd8f-49e2-81f8-f7237f0eb223 received client-request: Request { kind: ReserveTicket, customer: a1a3f41f-4a1c-4c8f-a17d-079c8da3a768, server: None, raw: .. }
Reserved ticket 5726 for customer a1a3f41f-4a1c-4c8f-a17d-079c8da3a768
Server 799bb1b2-bd8f-49e2-81f8-f7237f0eb223 received client-request: Request { kind: ReserveTicket, customer: 57066ee7-9ca3-4ca3-8aed-d445c550d998, server: None, raw: .. }
Reserved ticket 5725 for customer 57066ee7-9ca3-4ca3-8aed-d445c550d998
Server 799bb1b2-bd8f-49e2-81f8-f7237f0eb223 received client-request: Request { kind: ReserveTicket, customer: 963ed8f8-8971-4075-846e-c0d505ec3a1a, server: None, raw: .. }
Reserved ticket 5724 for customer 963ed8f8-8971-4075-846e-c0d505ec3a1a
Server 799bb1b2-bd8f-49e2-81f8-f7237f0eb223 received client-request: Request { kind: ReserveTicket, customer: 0b228074-f7cd-4843-a303-6088830e7ad3, server: None, raw: .. }
Reserved ticket 5723 for customer 0b228074-f7cd-4843-a303-6088830e7ad3
Server 799bb1b2-bd8f-49e2-81f8-f7237f0eb223 received client-request: Request { kind: ReserveTicket, customer: 80a0669a-bee4-48af-a65c-c62dc50f3035, server: None, raw: .. }
Reserved ticket 5722 for customer 80a0669a-bee4-48af-a65c-c62dc50f3035
Server 799bb1b2-bd8f-49e2-81f8-f7237f0eb223 received client-request: Request { kind: ReserveTicket, customer: 50072570-4ea6-4e4d-b02c-29ab64b2ef5c, server: None, raw: .. }
Reserved ticket 5721 for customer 50072570-4ea6-4e4d-b02c-29ab64b2ef5c
Server 799bb1b2-bd8f-49e2-81f8-f7237f0eb223 received client-request: Request { kind: ReserveTicket, customer: 3926667b-36f7-4bdd-a4fe-a69b8afd4634, server: None, raw: .. }
Reserved ticket 5720 for customer 3926667b-36f7-4bdd-a4fe-a69b8afd4634
Server 799bb1b2-bd8f-49e2-81f8-f7237f0eb223 received client-request: Request { kind: ReserveTicket, customer: 3f4eca62-c441-4171-b693-0674bcdd2c03, server: None, raw: .. }
Reserved ticket 5719 for customer 3f4eca62-c441-4171-b693-0674bcdd2c03
Server 799bb1b2-bd8f-49e2-81f8-f7237f0eb223 received client-request: Request { kind: ReserveTicket, customer: 9fb6a046-3b3e-423c-8ce4-b9486f1cc2be, server: None, raw: .. }
Reserved ticket 5718 for customer 9fb6a046-3b3e-423c-8ce4-b9486f1cc2be
Server 799bb1b2-bd8f-49e2-81f8-f7237f0eb223 received client-request: Request { kind: ReserveTicket, customer: 494922bb-79eb-48a8-b53c-30d8691ccb5a, server: None, raw: .. }
Reserved ticket 5717 for customer 494922bb-79eb-48a8-b53c-30d8691ccb5a
Server 799bb1b2-bd8f-49e2-81f8-f7237f0eb223 received client-request: Request { kind: ReserveTicket, customer: 0010d52c-a330-4b9d-b80b-edd5be0266f9, server: None, raw: .. }
Reserved ticket 5716 for customer 0010d52c-a330-4b9d-b80b-edd5be0266f9
Server 799bb1b2-bd8f-49e2-81f8-f7237f0eb223 received client-request: Request { kind: ReserveTicket, customer: 7f0caaf7-d7f0-4583-b0fa-5bbbfc6b5c14, server: None, raw: .. }
Reserved ticket 5715 for customer 7f0caaf7-d7f0-4583-b0fa-5bbbfc6b5c14
Server 799bb1b2-bd8f-49e2-81f8-f7237f0eb223 received client-request: Request { kind: ReserveTicket, customer: 571eae9d-21e1-4df3-a24b-16e5c2f04f64, server: None, raw: .. }
Reserved ticket 5714 for customer 571eae9d-21e1-4df3-a24b-16e5c2f04f64
Server 799bb1b2-bd8f-49e2-81f8-f7237f0eb223 received client-request: Request { kind: ReserveTicket, customer: d93a3fdc-3183-4703-b870-34a4f45883c9, server: None, raw: .. }
Reserved ticket 5713 for customer d93a3fdc-3183-4703-b870-34a4f45883c9
Server 799bb1b2-bd8f-49e2-81f8-f7237f0eb223 received client-request: Request { kind: ReserveTicket, customer: 7f8f36d8-eebd-40cc-9854-2fad38ad0764, server: None, raw: .. }
Reserved ticket 5712 for customer 7f8f36d8-eebd-40cc-9854-2fad38ad0764
Server 799bb1b2-bd8f-49e2-81f8-f7237f0eb223 received client-request: Request { kind: ReserveTicket, customer: ac5dc5f9-679c-4c42-b69a-d4b01e824a9c, server: None, raw: .. }
Reserved ticket 5711 for customer ac5dc5f9-679c-4c42-b69a-d4b01e824a9c
Server 799bb1b2-bd8f-49e2-81f8-f7237f0eb223 received client-request: Request { kind: ReserveTicket, customer: fd0e2ad1-c68e-4df6-9348-fb8e39e37b25, server: None, raw: .. }
Reserved ticket 5710 for customer fd0e2ad1-c68e-4df6-9348-fb8e39e37b25
Server 65a51e17-fff5-4036-8b94-6db5de4d28d8 received client-request: Request { kind: ReserveTicket, customer: 4e9ceb34-a2dd-4803-92b7-9d70b01d7848, server: None, raw: .. }
Reserved ticket 5709 for customer 4e9ceb34-a2dd-4803-92b7-9d70b01d7848
Server 799bb1b2-bd8f-49e2-81f8-f7237f0eb223 received client-request: Request { kind: ReserveTicket, customer: 24acba27-2441-4d21-ad39-c18e79daede5, server: None, raw: .. }
Reserved ticket 5708 for customer 24acba27-2441-4d21-ad39-c18e79daede5
Server 799bb1b2-bd8f-49e2-81f8-f7237f0eb223 received client-request: Request { kind: ReserveTicket, customer: 2116c61d-908e-4d23-82b0-672d19a528d6, server: None, raw: .. }
Reserved ticket 5707 for customer 2116c61d-908e-4d23-82b0-672d19a528d6
Server 799bb1b2-bd8f-49e2-81f8-f7237f0eb223 received client-request: Request { kind: ReserveTicket, customer: 07c5afe6-9ea6-4401-a232-f963d7994503, server: None, raw: .. }
Reserved ticket 5706 for customer 07c5afe6-9ea6-4401-a232-f963d7994503
Server 799bb1b2-bd8f-49e2-81f8-f7237f0eb223 received client-request: Request { kind: ReserveTicket, customer: b60330eb-6a1a-47e7-91a6-4da61afd8a2e, server: None, raw: .. }
Reserved ticket 5705 for customer b60330eb-6a1a-47e7-91a6-4da61afd8a2e
Server 799bb1b2-bd8f-49e2-81f8-f7237f0eb223 received client-request: Request { kind: ReserveTicket, customer: 6d104070-a778-4085-9bc5-72a3f9114b5f, server: None, raw: .. }
Reserved ticket 5704 for customer 6d104070-a778-4085-9bc5-72a3f9114b5f
Server 799bb1b2-bd8f-49e2-81f8-f7237f0eb223 received client-request: Request { kind: ReserveTicket, customer: bc85bc0d-e3bb-4410-86c9-71dc440e51ac, server: None, raw: .. }
Reserved ticket 5703 for customer bc85bc0d-e3bb-4410-86c9-71dc440e51ac
Server 799bb1b2-bd8f-49e2-81f8-f7237f0eb223 received client-request: Request { kind: ReserveTicket, customer: afaf6475-5147-44e0-ad4f-7dd0fad7407e, server: None, raw: .. }
Reserved ticket 5702 for customer afaf6475-5147-44e0-ad4f-7dd0fad7407e
Server 799bb1b2-bd8f-49e2-81f8-f7237f0eb223 received client-request: Request { kind: ReserveTicket, customer: 3f2251ab-2716-4979-a13b-bc58e6d7f258, server: None, raw: .. }
Reserved ticket 5701 for customer 3f2251ab-2716-4979-a13b-bc58e6d7f258
Server 799bb1b2-bd8f-49e2-81f8-f7237f0eb223 received client-request: Request { kind: ReserveTicket, customer: 26fc3fce-d163-4351-9e7e-9a3a2a931c0c, server: None, raw: .. }
Reserved ticket 5700 for customer 26fc3fce-d163-4351-9e7e-9a3a2a931c0c
Server 799bb1b2-bd8f-49e2-81f8-f7237f0eb223 received client-request: Request { kind: ReserveTicket, customer: aa4b2058-be96-4aad-a78e-680d1e1e73bd, server: None, raw: .. }
Reserved ticket 5699 for customer aa4b2058-be96-4aad-a78e-680d1e1e73bd
Server 799bb1b2-bd8f-49e2-81f8-f7237f0eb223 received client-request: Request { kind: ReserveTicket, customer: c0476e46-abef-4c1e-86fd-5e8eedbacfd4, server: None, raw: .. }
Reserved ticket 5698 for customer c0476e46-abef-4c1e-86fd-5e8eedbacfd4
Server 799bb1b2-bd8f-49e2-81f8-f7237f0eb223 received client-request: Request { kind: ReserveTicket, customer: b6f0dfc3-916a-41fe-ac7a-b2993f28e4a3, server: None, raw: .. }
Reserved ticket 5697 for customer b6f0dfc3-916a-41fe-ac7a-b2993f28e4a3
Server 799bb1b2-bd8f-49e2-81f8-f7237f0eb223 received client-request: Request { kind: ReserveTicket, customer: 157a5999-6b34-4c3b-971f-08204c9a2f84, server: None, raw: .. }
Reserved ticket 5696 for customer 157a5999-6b34-4c3b-971f-08204c9a2f84
Server 799bb1b2-bd8f-49e2-81f8-f7237f0eb223 received client-request: Request { kind: ReserveTicket, customer: e6506d55-fc72-445f-9d23-e154cfb336ee, server: None, raw: .. }
Reserved ticket 5695 for customer e6506d55-fc72-445f-9d23-e154cfb336ee
Server 799bb1b2-bd8f-49e2-81f8-f7237f0eb223 received client-request: Request { kind: ReserveTicket, customer: 52fe69b6-984c-4331-9506-de3ab18b136e, server: None, raw: .. }
Reserved ticket 5694 for customer 52fe69b6-984c-4331-9506-de3ab18b136e
Server 799bb1b2-bd8f-49e2-81f8-f7237f0eb223 received client-request: Request { kind: ReserveTicket, customer: 28b69a49-60a4-406c-90e4-b4012ac279e6, server: None, raw: .. }
Reserved ticket 5693 for customer 28b69a49-60a4-406c-90e4-b4012ac279e6
Server 799bb1b2-bd8f-49e2-81f8-f7237f0eb223 received client-request: Request { kind: ReserveTicket, customer: 95d21e14-7407-4ae7-8279-c43fa2c24a69, server: None, raw: .. }
Reserved ticket 5692 for customer 95d21e14-7407-4ae7-8279-c43fa2c24a69
Server 799bb1b2-bd8f-49e2-81f8-f7237f0eb223 received client-request: Request { kind: ReserveTicket, customer: 71575222-b796-4028-849e-1a98ca3f8734, server: None, raw: .. }
Reserved ticket 5691 for customer 71575222-b796-4028-849e-1a98ca3f8734
Server 799bb1b2-bd8f-49e2-81f8-f7237f0eb223 received client-request: Request { kind: ReserveTicket, customer: 7ba5c8cd-7e9b-4027-a0e8-d9433895f36d, server: None, raw: .. }
Reserved ticket 5690 for customer 7ba5c8cd-7e9b-4027-a0e8-d9433895f36d
Server 65a51e17-fff5-4036-8b94-6db5de4d28d8 received client-request: Request { kind: ReserveTicket, customer: 1d991dca-da60-4028-b2d8-03babca799e6, server: None, raw: .. }
Reserved ticket 5689 for customer 1d991dca-da60-4028-b2d8-03babca799e6
Server 799bb1b2-bd8f-49e2-81f8-f7237f0eb223 received client-request: Request { kind: ReserveTicket, customer: d2bf7b81-c0b6-4733-8a57-314bef892dea, server: None, raw: .. }
Reserved ticket 5688 for customer d2bf7b81-c0b6-4733-8a57-314bef892dea
Server 799bb1b2-bd8f-49e2-81f8-f7237f0eb223 received client-request: Request { kind: ReserveTicket, customer: 646d9b4e-5ec0-4f73-b586-c93317bfde1f, server: None, raw: .. }
Reserved ticket 5687 for customer 646d9b4e-5ec0-4f73-b586-c93317bfde1f
Server 799bb1b2-bd8f-49e2-81f8-f7237f0eb223 received client-request: Request { kind: ReserveTicket, customer: 8ebe2919-e517-4944-a8d5-62cc1a5e86be, server: None, raw: .. }
Reserved ticket 5686 for customer 8ebe2919-e517-4944-a8d5-62cc1a5e86be
Server 799bb1b2-bd8f-49e2-81f8-f7237f0eb223 received client-request: Request { kind: ReserveTicket, customer: 13cf7781-df3e-46eb-8108-55335dceef6b, server: None, raw: .. }
Reserved ticket 5685 for customer 13cf7781-df3e-46eb-8108-55335dceef6b
Server 799bb1b2-bd8f-49e2-81f8-f7237f0eb223 received client-request: Request { kind: ReserveTicket, customer: d1071b10-ae66-4e21-854d-b43913f49c97, server: None, raw: .. }
Reserved ticket 5684 for customer d1071b10-ae66-4e21-854d-b43913f49c97
Server 799bb1b2-bd8f-49e2-81f8-f7237f0eb223 received client-request: Request { kind: ReserveTicket, customer: 9bd9116d-0539-474e-abc8-7b8bc4e113da, server: None, raw: .. }
Reserved ticket 5683 for customer 9bd9116d-0539-474e-abc8-7b8bc4e113da
Server 799bb1b2-bd8f-49e2-81f8-f7237f0eb223 received client-request: Request { kind: ReserveTicket, customer: 38ffdf4c-708d-4ab4-b787-3b03537fc275, server: None, raw: .. }
Reserved ticket 5682 for customer 38ffdf4c-708d-4ab4-b787-3b03537fc275
Server 799bb1b2-bd8f-49e2-81f8-f7237f0eb223 received client-request: Request { kind: ReserveTicket, customer: b0836ba3-63f3-4502-980c-5ad78f26bd69, server: None, raw: .. }
Reserved ticket 5681 for customer b0836ba3-63f3-4502-980c-5ad78f26bd69
Server 799bb1b2-bd8f-49e2-81f8-f7237f0eb223 received client-request: Request { kind: ReserveTicket, customer: 6735ce52-1124-4b09-8fbe-d3ff1a35e444, server: None, raw: .. }
Reserved ticket 5680 for customer 6735ce52-1124-4b09-8fbe-d3ff1a35e444
Server 799bb1b2-bd8f-49e2-81f8-f7237f0eb223 received client-request: Request { kind: ReserveTicket, customer: bd419479-347a-4e63-95e7-0b6ed6c48b3e, server: None, raw: .. }
Reserved ticket 5679 for customer bd419479-347a-4e63-95e7-0b6ed6c48b3e
Server 799bb1b2-bd8f-49e2-81f8-f7237f0eb223 received client-request: Request { kind: ReserveTicket, customer: a5652a0a-5546-4dd1-a05f-f0f1b70defcc, server: None, raw: .. }
Reserved ticket 5678 for customer a5652a0a-5546-4dd1-a05f-f0f1b70defcc
Server 799bb1b2-bd8f-49e2-81f8-f7237f0eb223 received client-request: Request { kind: ReserveTicket, customer: 5cc576b4-81c2-46de-b988-936b6a3029af, server: None, raw: .. }
Reserved ticket 5677 for customer 5cc576b4-81c2-46de-b988-936b6a3029af
Server 799bb1b2-bd8f-49e2-81f8-f7237f0eb223 received client-request: Request { kind: ReserveTicket, customer: c0df51a9-1b67-495d-8b80-5626d1fcbcfd, server: None, raw: .. }
Reserved ticket 5676 for customer c0df51a9-1b67-495d-8b80-5626d1fcbcfd
Server 799bb1b2-bd8f-49e2-81f8-f7237f0eb223 received client-request: Request { kind: ReserveTicket, customer: 8a113bb9-f83a-43fe-a65e-d4ecbc71b6ee, server: None, raw: .. }
Reserved ticket 5675 for customer 8a113bb9-f83a-43fe-a65e-d4ecbc71b6ee
Server 799bb1b2-bd8f-49e2-81f8-f7237f0eb223 received client-request: Request { kind: ReserveTicket, customer: c8cda9e4-d8f5-4310-8d83-f61f17168fcb, server: None, raw: .. }
Reserved ticket 5674 for customer c8cda9e4-d8f5-4310-8d83-f61f17168fcb
Server 799bb1b2-bd8f-49e2-81f8-f7237f0eb223 received client-request: Request { kind: ReserveTicket, customer: 49fcd957-77b1-414d-876d-4eee24a79c0f, server: None, raw: .. }
Reserved ticket 5673 for customer 49fcd957-77b1-414d-876d-4eee24a79c0f
Server 799bb1b2-bd8f-49e2-81f8-f7237f0eb223 received client-request: Request { kind: ReserveTicket, customer: ac4be0a3-9740-4a27-9a64-b9277f02f177, server: None, raw: .. }
Reserved ticket 5672 for customer ac4be0a3-9740-4a27-9a64-b9277f02f177
Server 799bb1b2-bd8f-49e2-81f8-f7237f0eb223 received client-request: Request { kind: ReserveTicket, customer: 4f2fbe52-6f86-4920-bcbe-7812397ae66c, server: None, raw: .. }
Reserved ticket 5671 for customer 4f2fbe52-6f86-4920-bcbe-7812397ae66c
Server 799bb1b2-bd8f-49e2-81f8-f7237f0eb223 received client-request: Request { kind: ReserveTicket, customer: 27daa2bb-624c-4bca-86b6-12f75f6efa9b, server: None, raw: .. }
Reserved ticket 5670 for customer 27daa2bb-624c-4bca-86b6-12f75f6efa9b
Server 65a51e17-fff5-4036-8b94-6db5de4d28d8 received client-request: Request { kind: ReserveTicket, customer: 54d3c3d6-c1ca-465f-8d5d-9c4b994f2f34, server: None, raw: .. }
Reserved ticket 5669 for customer 54d3c3d6-c1ca-465f-8d5d-9c4b994f2f34
Server 799bb1b2-bd8f-49e2-81f8-f7237f0eb223 received client-request: Request { kind: ReserveTicket, customer: d864dd53-b4f6-48e9-bd37-151221052ece, server: None, raw: .. }
Reserved ticket 5668 for customer d864dd53-b4f6-48e9-bd37-151221052ece
Server 799bb1b2-bd8f-49e2-81f8-f7237f0eb223 received client-request: Request { kind: ReserveTicket, customer: 2ccaac90-6825-483c-8124-f696ca0f6af7, server: None, raw: .. }
Reserved ticket 5667 for customer 2ccaac90-6825-483c-8124-f696ca0f6af7
Server 799bb1b2-bd8f-49e2-81f8-f7237f0eb223 received client-request: Request { kind: ReserveTicket, customer: 10b07795-d8c2-4a16-ac78-963cf0a3347b, server: None, raw: .. }
Reserved ticket 5666 for customer 10b07795-d8c2-4a16-ac78-963cf0a3347b
Server 799bb1b2-bd8f-49e2-81f8-f7237f0eb223 received client-request: Request { kind: ReserveTicket, customer: 8ac7ee4d-aa9b-400a-9406-1f3c9bcf99ab, server: None, raw: .. }
Reserved ticket 5665 for customer 8ac7ee4d-aa9b-400a-9406-1f3c9bcf99ab
Server 799bb1b2-bd8f-49e2-81f8-f7237f0eb223 received client-request: Request { kind: ReserveTicket, customer: c0d7e363-d521-4f96-80a5-005186af449d, server: None, raw: .. }
Reserved ticket 5664 for customer c0d7e363-d521-4f96-80a5-005186af449d
Server 799bb1b2-bd8f-49e2-81f8-f7237f0eb223 received client-request: Request { kind: ReserveTicket, customer: 5cf15f44-609b-4e21-81a0-f593a4cbe857, server: None, raw: .. }
Reserved ticket 5663 for customer 5cf15f44-609b-4e21-81a0-f593a4cbe857
Server 799bb1b2-bd8f-49e2-81f8-f7237f0eb223 received client-request: Request { kind: ReserveTicket, customer: e633c7f3-f4d6-4761-a0dd-febd26b7627b, server: None, raw: .. }
Reserved ticket 5662 for customer e633c7f3-f4d6-4761-a0dd-febd26b7627b
Server 799bb1b2-bd8f-49e2-81f8-f7237f0eb223 received client-request: Request { kind: ReserveTicket, customer: d42cbb6a-dad6-42ff-837f-7086a7f93632, server: None, raw: .. }
Reserved ticket 5661 for customer d42cbb6a-dad6-42ff-837f-7086a7f93632
Server 799bb1b2-bd8f-49e2-81f8-f7237f0eb223 received client-request: Request { kind: ReserveTicket, customer: 65c9993f-e873-4ec9-87f2-f01c03199aff, server: None, raw: .. }
Reserved ticket 5660 for customer 65c9993f-e873-4ec9-87f2-f01c03199aff
Server 799bb1b2-bd8f-49e2-81f8-f7237f0eb223 received client-request: Request { kind: ReserveTicket, customer: ed546738-2ef6-4fac-a923-059749635deb, server: None, raw: .. }
Reserved ticket 5659 for customer ed546738-2ef6-4fac-a923-059749635deb
Server 799bb1b2-bd8f-49e2-81f8-f7237f0eb223 received client-request: Request { kind: ReserveTicket, customer: 8f8464c0-fb36-4ec0-afc6-e5e01571b639, server: None, raw: .. }
Reserved ticket 5658 for customer 8f8464c0-fb36-4ec0-afc6-e5e01571b639
Server 799bb1b2-bd8f-49e2-81f8-f7237f0eb223 received client-request: Request { kind: ReserveTicket, customer: 117d7e2e-021e-4ce7-bb63-86ad3de91c50, server: None, raw: .. }
Reserved ticket 5657 for customer 117d7e2e-021e-4ce7-bb63-86ad3de91c50
Server 799bb1b2-bd8f-49e2-81f8-f7237f0eb223 received client-request: Request { kind: ReserveTicket, customer: bbf66ed1-3d29-477e-8ed3-b7671a6bee48, server: None, raw: .. }
Reserved ticket 5656 for customer bbf66ed1-3d29-477e-8ed3-b7671a6bee48
Server 799bb1b2-bd8f-49e2-81f8-f7237f0eb223 received client-request: Request { kind: ReserveTicket, customer: f95e1044-c0f8-4cbe-b7d2-74184b0cc9a2, server: None, raw: .. }
Reserved ticket 5655 for customer f95e1044-c0f8-4cbe-b7d2-74184b0cc9a2
Server 799bb1b2-bd8f-49e2-81f8-f7237f0eb223 received client-request: Request { kind: ReserveTicket, customer: a23889f1-0e50-45ef-802e-050ebcee0a8f, server: None, raw: .. }
Reserved ticket 5654 for customer a23889f1-0e50-45ef-802e-050ebcee0a8f
Server 799bb1b2-bd8f-49e2-81f8-f7237f0eb223 received client-request: Request { kind: ReserveTicket, customer: 5282f123-71cb-4577-96c8-0a8d13c900e6, server: None, raw: .. }
Reserved ticket 5653 for customer 5282f123-71cb-4577-96c8-0a8d13c900e6
Server 799bb1b2-bd8f-49e2-81f8-f7237f0eb223 received client-request: Request { kind: ReserveTicket, customer: 539c92f5-c63a-4bc7-9a58-746b49cd807f, server: None, raw: .. }
Reserved ticket 5652 for customer 539c92f5-c63a-4bc7-9a58-746b49cd807f
Server 799bb1b2-bd8f-49e2-81f8-f7237f0eb223 received client-request: Request { kind: ReserveTicket, customer: 68fc733c-90e4-47be-bdc7-8b0b924bdbc7, server: None, raw: .. }
Reserved ticket 5651 for customer 68fc733c-90e4-47be-bdc7-8b0b924bdbc7
Server 799bb1b2-bd8f-49e2-81f8-f7237f0eb223 received client-request: Request { kind: ReserveTicket, customer: 8e0ae354-04b4-46fa-b519-17173998becb, server: None, raw: .. }
Reserved ticket 5650 for customer 8e0ae354-04b4-46fa-b519-17173998becb
Server 65a51e17-fff5-4036-8b94-6db5de4d28d8 received client-request: Request { kind: ReserveTicket, customer: 9e16db9d-96b6-409a-a3ef-8c33ee14e48b, server: None, raw: .. }
Reserved ticket 5649 for customer 9e16db9d-96b6-409a-a3ef-8c33ee14e48b
Server 799bb1b2-bd8f-49e2-81f8-f7237f0eb223 received client-request: Request { kind: ReserveTicket, customer: b966239f-f6bc-4d63-bfb7-26eb990ea84f, server: None, raw: .. }
Reserved ticket 5648 for customer b966239f-f6bc-4d63-bfb7-26eb990ea84f
Server 799bb1b2-bd8f-49e2-81f8-f7237f0eb223 received client-request: Request { kind: ReserveTicket, customer: 62c91331-d46c-4cad-afcd-7d63f9d96ba8, server: None, raw: .. }
Reserved ticket 5647 for customer 62c91331-d46c-4cad-afcd-7d63f9d96ba8
Server 799bb1b2-bd8f-49e2-81f8-f7237f0eb223 received client-request: Request { kind: ReserveTicket, customer: 07a95373-e8ec-4067-a06b-75e12d46efcf, server: None, raw: .. }
Reserved ticket 5646 for customer 07a95373-e8ec-4067-a06b-75e12d46efcf
Server 799bb1b2-bd8f-49e2-81f8-f7237f0eb223 received client-request: Request { kind: ReserveTicket, customer: 1e151570-ae74-4e31-a80a-4c22c2d81c84, server: None, raw: .. }
Reserved ticket 5645 for customer 1e151570-ae74-4e31-a80a-4c22c2d81c84
Server 799bb1b2-bd8f-49e2-81f8-f7237f0eb223 received client-request: Request { kind: ReserveTicket, customer: 72dfb5d2-9a51-4102-9c8d-b340dff60fdc, server: None, raw: .. }
Reserved ticket 5644 for customer 72dfb5d2-9a51-4102-9c8d-b340dff60fdc
Server 799bb1b2-bd8f-49e2-81f8-f7237f0eb223 received client-request: Request { kind: ReserveTicket, customer: adca3b9c-bb78-4aa5-95c3-8502af867bc5, server: None, raw: .. }
Reserved ticket 5643 for customer adca3b9c-bb78-4aa5-95c3-8502af867bc5
Server 799bb1b2-bd8f-49e2-81f8-f7237f0eb223 received client-request: Request { kind: ReserveTicket, customer: 33c0b39c-c239-40cc-b03d-5941a28b8586, server: None, raw: .. }
Reserved ticket 5642 for customer 33c0b39c-c239-40cc-b03d-5941a28b8586
Server 799bb1b2-bd8f-49e2-81f8-f7237f0eb223 received client-request: Request { kind: ReserveTicket, customer: 2569bfbe-6ce3-4094-9c5a-fd134fdb2954, server: None, raw: .. }
Reserved ticket 5641 for customer 2569bfbe-6ce3-4094-9c5a-fd134fdb2954
Server 799bb1b2-bd8f-49e2-81f8-f7237f0eb223 received client-request: Request { kind: ReserveTicket, customer: b027c7d2-7d03-4f01-b8fc-e7fc706dad59, server: None, raw: .. }
Reserved ticket 5640 for customer b027c7d2-7d03-4f01-b8fc-e7fc706dad59
Server 799bb1b2-bd8f-49e2-81f8-f7237f0eb223 received client-request: Request { kind: ReserveTicket, customer: a8304c00-f023-468e-bff6-d4156ab9d3b8, server: None, raw: .. }
Reserved ticket 5639 for customer a8304c00-f023-468e-bff6-d4156ab9d3b8
Server 799bb1b2-bd8f-49e2-81f8-f7237f0eb223 received client-request: Request { kind: ReserveTicket, customer: c5da9762-b75e-40ca-83ee-36b81a1e03c2, server: None, raw: .. }
Reserved ticket 5638 for customer c5da9762-b75e-40ca-83ee-36b81a1e03c2
Server 799bb1b2-bd8f-49e2-81f8-f7237f0eb223 received client-request: Request { kind: ReserveTicket, customer: 06322a47-4f63-47de-b816-69d32543c230, server: None, raw: .. }
Reserved ticket 5637 for customer 06322a47-4f63-47de-b816-69d32543c230
Server 799bb1b2-bd8f-49e2-81f8-f7237f0eb223 received client-request: Request { kind: ReserveTicket, customer: 15f012f3-0a3a-42f0-babb-9022bce950aa, server: None, raw: .. }
Reserved ticket 5636 for customer 15f012f3-0a3a-42f0-babb-9022bce950aa
Server 799bb1b2-bd8f-49e2-81f8-f7237f0eb223 received client-request: Request { kind: ReserveTicket, customer: 1fdcac6f-d800-4388-b692-cd55f4dc98fa, server: None, raw: .. }
Reserved ticket 5635 for customer 1fdcac6f-d800-4388-b692-cd55f4dc98fa
Server 799bb1b2-bd8f-49e2-81f8-f7237f0eb223 received client-request: Request { kind: ReserveTicket, customer: 44c59dce-5b4c-4cab-9d37-b185820cc509, server: None, raw: .. }
Reserved ticket 5634 for customer 44c59dce-5b4c-4cab-9d37-b185820cc509
Server 799bb1b2-bd8f-49e2-81f8-f7237f0eb223 received client-request: Request { kind: ReserveTicket, customer: 65eb5a16-bb33-4a6a-a070-bdf1ec5f70a1, server: None, raw: .. }
Reserved ticket 5633 for customer 65eb5a16-bb33-4a6a-a070-bdf1ec5f70a1
Server 799bb1b2-bd8f-49e2-81f8-f7237f0eb223 received client-request: Request { kind: ReserveTicket, customer: 527049cc-f591-4d89-adef-f6f9ad666af7, server: None, raw: .. }
Reserved ticket 5632 for customer 527049cc-f591-4d89-adef-f6f9ad666af7
Server 799bb1b2-bd8f-49e2-81f8-f7237f0eb223 received client-request: Request { kind: ReserveTicket, customer: 81d450cb-24a6-4dfc-804f-5aaf8b30e675, server: None, raw: .. }
Reserved ticket 5631 for customer 81d450cb-24a6-4dfc-804f-5aaf8b30e675
Server 799bb1b2-bd8f-49e2-81f8-f7237f0eb223 received client-request: Request { kind: ReserveTicket, customer: 96baee79-55ad-4c72-b130-f9eccbdfd577, server: None, raw: .. }
Reserved ticket 5630 for customer 96baee79-55ad-4c72-b130-f9eccbdfd577
Server 65a51e17-fff5-4036-8b94-6db5de4d28d8 received client-request: Request { kind: ReserveTicket, customer: ce2d0e23-b84e-4ba0-adec-87d2a7d65006, server: None, raw: .. }
Reserved ticket 5629 for customer ce2d0e23-b84e-4ba0-adec-87d2a7d65006
Server 799bb1b2-bd8f-49e2-81f8-f7237f0eb223 received client-request: Request { kind: ReserveTicket, customer: cadb8261-414f-4af9-9de5-11664a5f60f4, server: None, raw: .. }
Reserved ticket 5628 for customer cadb8261-414f-4af9-9de5-11664a5f60f4
Server 799bb1b2-bd8f-49e2-81f8-f7237f0eb223 received client-request: Request { kind: ReserveTicket, customer: 1e2455c9-abaa-43af-a719-78ae3a41891e, server: None, raw: .. }
Reserved ticket 5627 for customer 1e2455c9-abaa-43af-a719-78ae3a41891e
Server 799bb1b2-bd8f-49e2-81f8-f7237f0eb223 received client-request: Request { kind: ReserveTicket, customer: e3deccec-30ee-42fe-a545-d7987da7184e, server: None, raw: .. }
Reserved ticket 5626 for customer e3deccec-30ee-42fe-a545-d7987da7184e
Server 799bb1b2-bd8f-49e2-81f8-f7237f0eb223 received client-request: Request { kind: ReserveTicket, customer: b28af85b-5f29-4d3d-894b-5d58fcda3bce, server: None, raw: .. }
Reserved ticket 5625 for customer b28af85b-5f29-4d3d-894b-5d58fcda3bce
Server 799bb1b2-bd8f-49e2-81f8-f7237f0eb223 received client-request: Request { kind: ReserveTicket, customer: 0c21ce51-4a63-48fd-b425-5dd2b9c06e29, server: None, raw: .. }
Reserved ticket 5624 for customer 0c21ce51-4a63-48fd-b425-5dd2b9c06e29
Server 799bb1b2-bd8f-49e2-81f8-f7237f0eb223 received client-request: Request { kind: ReserveTicket, customer: 6bdf965d-19a4-4e90-b0d1-1bdefdf959bf, server: None, raw: .. }
Reserved ticket 5623 for customer 6bdf965d-19a4-4e90-b0d1-1bdefdf959bf
Server 799bb1b2-bd8f-49e2-81f8-f7237f0eb223 received client-request: Request { kind: ReserveTicket, customer: 232903ac-0720-4067-b7f0-12046cae9f0e, server: None, raw: .. }
Reserved ticket 5622 for customer 232903ac-0720-4067-b7f0-12046cae9f0e
Server 799bb1b2-bd8f-49e2-81f8-f7237f0eb223 received client-request: Request { kind: ReserveTicket, customer: 4bba1cff-9a3f-4564-82fa-d217e51d93f5, server: None, raw: .. }
Reserved ticket 5621 for customer 4bba1cff-9a3f-4564-82fa-d217e51d93f5
Server 799bb1b2-bd8f-49e2-81f8-f7237f0eb223 received client-request: Request { kind: ReserveTicket, customer: da27da3d-25fb-4814-a445-ca76d47794dd, server: None, raw: .. }
Reserved ticket 5620 for customer da27da3d-25fb-4814-a445-ca76d47794dd
Server 799bb1b2-bd8f-49e2-81f8-f7237f0eb223 received client-request: Request { kind: ReserveTicket, customer: 1995fbc7-18de-43b8-b75f-2b7a82271fbc, server: None, raw: .. }
Reserved ticket 5619 for customer 1995fbc7-18de-43b8-b75f-2b7a82271fbc
Server 799bb1b2-bd8f-49e2-81f8-f7237f0eb223 received client-request: Request { kind: ReserveTicket, customer: c433f694-9bbc-4838-814e-99139161d581, server: None, raw: .. }
Reserved ticket 5618 for customer c433f694-9bbc-4838-814e-99139161d581
Server 799bb1b2-bd8f-49e2-81f8-f7237f0eb223 received client-request: Request { kind: ReserveTicket, customer: 842eae27-c3ca-46ee-af66-a26d4dc281ce, server: None, raw: .. }
Reserved ticket 5617 for customer 842eae27-c3ca-46ee-af66-a26d4dc281ce
Server 799bb1b2-bd8f-49e2-81f8-f7237f0eb223 received client-request: Request { kind: ReserveTicket, customer: ce25fb1a-0429-471b-b611-5aade2f935a2, server: None, raw: .. }
Reserved ticket 5616 for customer ce25fb1a-0429-471b-b611-5aade2f935a2
Server 799bb1b2-bd8f-49e2-81f8-f7237f0eb223 received client-request: Request { kind: ReserveTicket, customer: fcbf0719-cc37-46a9-a83d-57c3740aae5c, server: None, raw: .. }
Reserved ticket 5615 for customer fcbf0719-cc37-46a9-a83d-57c3740aae5c
Server 799bb1b2-bd8f-49e2-81f8-f7237f0eb223 received client-request: Request { kind: ReserveTicket, customer: da2271d9-7091-48b0-81dd-42ac3c8fab09, server: None, raw: .. }
Reserved ticket 5614 for customer da2271d9-7091-48b0-81dd-42ac3c8fab09
Server 799bb1b2-bd8f-49e2-81f8-f7237f0eb223 received client-request: Request { kind: ReserveTicket, customer: d8a459ac-2463-4591-b67b-28b96fcbc7d9, server: None, raw: .. }
Reserved ticket 5613 for customer d8a459ac-2463-4591-b67b-28b96fcbc7d9
Server 799bb1b2-bd8f-49e2-81f8-f7237f0eb223 received client-request: Request { kind: ReserveTicket, customer: f78f4bf9-282e-4a3c-aea6-655b66915e6c, server: None, raw: .. }
Reserved ticket 5612 for customer f78f4bf9-282e-4a3c-aea6-655b66915e6c
Server 799bb1b2-bd8f-49e2-81f8-f7237f0eb223 received client-request: Request { kind: ReserveTicket, customer: 72210e90-91e3-4ce3-948a-e44ed87cd6bc, server: None, raw: .. }
Reserved ticket 5611 for customer 72210e90-91e3-4ce3-948a-e44ed87cd6bc
Server 799bb1b2-bd8f-49e2-81f8-f7237f0eb223 received client-request: Request { kind: ReserveTicket, customer: a7ad5e7e-8729-46d8-8d87-2b36f44d249c, server: None, raw: .. }
Reserved ticket 5610 for customer a7ad5e7e-8729-46d8-8d87-2b36f44d249c
Server 65a51e17-fff5-4036-8b94-6db5de4d28d8 received client-request: Request { kind: ReserveTicket, customer: 1cdb5082-3da5-459c-99ee-7e9be7e6b164, server: None, raw: .. }
Reserved ticket 5609 for customer 1cdb5082-3da5-459c-99ee-7e9be7e6b164
Server 799bb1b2-bd8f-49e2-81f8-f7237f0eb223 received client-request: Request { kind: ReserveTicket, customer: f6e051ae-1868-4c48-a457-cc52950e8cec, server: None, raw: .. }
Reserved ticket 5608 for customer f6e051ae-1868-4c48-a457-cc52950e8cec
Server 799bb1b2-bd8f-49e2-81f8-f7237f0eb223 received client-request: Request { kind: ReserveTicket, customer: 896729e5-628c-4ca4-a0d2-fda439f5e42e, server: None, raw: .. }
Reserved ticket 5607 for customer 896729e5-628c-4ca4-a0d2-fda439f5e42e
Server 799bb1b2-bd8f-49e2-81f8-f7237f0eb223 received client-request: Request { kind: ReserveTicket, customer: c26de9c5-2d5b-4129-a93c-f7ed8767ecda, server: None, raw: .. }
Reserved ticket 5606 for customer c26de9c5-2d5b-4129-a93c-f7ed8767ecda
Server 799bb1b2-bd8f-49e2-81f8-f7237f0eb223 received client-request: Request { kind: ReserveTicket, customer: 3c8f2ae3-6a0a-4aaf-852c-3c759e6ecb90, server: None, raw: .. }
Reserved ticket 5605 for customer 3c8f2ae3-6a0a-4aaf-852c-3c759e6ecb90
Server 799bb1b2-bd8f-49e2-81f8-f7237f0eb223 received client-request: Request { kind: ReserveTicket, customer: f89987b3-13c8-47c9-aa50-246291738cf8, server: None, raw: .. }
Reserved ticket 5604 for customer f89987b3-13c8-47c9-aa50-246291738cf8
Server 799bb1b2-bd8f-49e2-81f8-f7237f0eb223 received client-request: Request { kind: ReserveTicket, customer: c80d1426-520c-4d9a-b5b8-07ca32177003, server: None, raw: .. }
Reserved ticket 5603 for customer c80d1426-520c-4d9a-b5b8-07ca32177003
Server 799bb1b2-bd8f-49e2-81f8-f7237f0eb223 received client-request: Request { kind: ReserveTicket, customer: 0d2a678d-3db0-4dd5-a033-cc5f6cd7aa34, server: None, raw: .. }
Reserved ticket 5602 for customer 0d2a678d-3db0-4dd5-a033-cc5f6cd7aa34
Server 799bb1b2-bd8f-49e2-81f8-f7237f0eb223 received client-request: Request { kind: ReserveTicket, customer: 11a555b1-06b9-4cd7-b1a5-b81a784b0878, server: None, raw: .. }
Reserved ticket 5601 for customer 11a555b1-06b9-4cd7-b1a5-b81a784b0878
Server 799bb1b2-bd8f-49e2-81f8-f7237f0eb223 received client-request: Request { kind: ReserveTicket, customer: 877657fa-51da-4fbc-8f8e-36e4dbbbdb0b, server: None, raw: .. }
Reserved ticket 5600 for customer 877657fa-51da-4fbc-8f8e-36e4dbbbdb0b
Server 799bb1b2-bd8f-49e2-81f8-f7237f0eb223 received client-request: Request { kind: ReserveTicket, customer: 1ab7eed4-3324-4fab-93cb-821a8fec2b84, server: None, raw: .. }
Reserved ticket 5599 for customer 1ab7eed4-3324-4fab-93cb-821a8fec2b84
Server 799bb1b2-bd8f-49e2-81f8-f7237f0eb223 received client-request: Request { kind: ReserveTicket, customer: 5754157b-1021-4550-81d7-547e2413b597, server: None, raw: .. }
Reserved ticket 5598 for customer 5754157b-1021-4550-81d7-547e2413b597
Server 799bb1b2-bd8f-49e2-81f8-f7237f0eb223 received client-request: Request { kind: ReserveTicket, customer: 69367949-f802-403c-bc97-123957415edc, server: None, raw: .. }
Reserved ticket 5597 for customer 69367949-f802-403c-bc97-123957415edc
Server 799bb1b2-bd8f-49e2-81f8-f7237f0eb223 received client-request: Request { kind: ReserveTicket, customer: d973b070-1ddf-414f-8e82-b72b928beac7, server: None, raw: .. }
Reserved ticket 5596 for customer d973b070-1ddf-414f-8e82-b72b928beac7
Server 799bb1b2-bd8f-49e2-81f8-f7237f0eb223 received client-request: Request { kind: ReserveTicket, customer: 45babd11-33b4-4deb-9971-ca363543a21c, server: None, raw: .. }
Reserved ticket 5595 for customer 45babd11-33b4-4deb-9971-ca363543a21c
Server 799bb1b2-bd8f-49e2-81f8-f7237f0eb223 received client-request: Request { kind: ReserveTicket, customer: 577bc274-f4a8-46f1-a076-db601786295b, server: None, raw: .. }
Reserved ticket 5594 for customer 577bc274-f4a8-46f1-a076-db601786295b
Server 799bb1b2-bd8f-49e2-81f8-f7237f0eb223 received client-request: Request { kind: ReserveTicket, customer: ccddd315-e698-41b9-b916-8a798e397ae8, server: None, raw: .. }
Reserved ticket 5593 for customer ccddd315-e698-41b9-b916-8a798e397ae8
Server 799bb1b2-bd8f-49e2-81f8-f7237f0eb223 received client-request: Request { kind: ReserveTicket, customer: b7952fc2-f274-4eae-9141-e27bd7bfc90f, server: None, raw: .. }
Reserved ticket 5592 for customer b7952fc2-f274-4eae-9141-e27bd7bfc90f
Server 799bb1b2-bd8f-49e2-81f8-f7237f0eb223 received client-request: Request { kind: ReserveTicket, customer: 037d1753-d74f-4115-a1a8-47a7a5fddcfb, server: None, raw: .. }
Reserved ticket 5591 for customer 037d1753-d74f-4115-a1a8-47a7a5fddcfb
Server 799bb1b2-bd8f-49e2-81f8-f7237f0eb223 received client-request: Request { kind: ReserveTicket, customer: 99f39786-4a3a-4281-9038-4673a2789d8b, server: None, raw: .. }
Reserved ticket 5590 for customer 99f39786-4a3a-4281-9038-4673a2789d8b
Server 65a51e17-fff5-4036-8b94-6db5de4d28d8 received client-request: Request { kind: ReserveTicket, customer: d3214d38-c5cb-47bd-9575-0fde6af93cb0, server: None, raw: .. }
Reserved ticket 5589 for customer d3214d38-c5cb-47bd-9575-0fde6af93cb0
Server 799bb1b2-bd8f-49e2-81f8-f7237f0eb223 received client-request: Request { kind: ReserveTicket, customer: b00a24b2-6b77-4018-a132-1caa785a5f0e, server: None, raw: .. }
Reserved ticket 5588 for customer b00a24b2-6b77-4018-a132-1caa785a5f0e
Server 799bb1b2-bd8f-49e2-81f8-f7237f0eb223 received client-request: Request { kind: ReserveTicket, customer: 0fc292a9-84c1-4937-b0e7-92f07bc1a2f4, server: None, raw: .. }
Reserved ticket 5587 for customer 0fc292a9-84c1-4937-b0e7-92f07bc1a2f4
Server 799bb1b2-bd8f-49e2-81f8-f7237f0eb223 received client-request: Request { kind: ReserveTicket, customer: 114ad8d0-f823-40d6-b06d-0bdd614c44c3, server: None, raw: .. }
Reserved ticket 5586 for customer 114ad8d0-f823-40d6-b06d-0bdd614c44c3
Server 799bb1b2-bd8f-49e2-81f8-f7237f0eb223 received client-request: Request { kind: ReserveTicket, customer: 428893e2-8bf7-45d1-818d-954952687d7e, server: None, raw: .. }
Reserved ticket 5585 for customer 428893e2-8bf7-45d1-818d-954952687d7e
Server 799bb1b2-bd8f-49e2-81f8-f7237f0eb223 received client-request: Request { kind: ReserveTicket, customer: 5a075b22-ab58-49dd-bbe1-8d2e0e1c643b, server: None, raw: .. }
Reserved ticket 5584 for customer 5a075b22-ab58-49dd-bbe1-8d2e0e1c643b
Server 799bb1b2-bd8f-49e2-81f8-f7237f0eb223 received client-request: Request { kind: ReserveTicket, customer: e673b8df-6b6b-4594-9167-92f695f0754b, server: None, raw: .. }
Reserved ticket 5583 for customer e673b8df-6b6b-4594-9167-92f695f0754b
Server 799bb1b2-bd8f-49e2-81f8-f7237f0eb223 received client-request: Request { kind: ReserveTicket, customer: 6cef4ef5-a982-47a2-a8b6-affa45913da2, server: None, raw: .. }
Reserved ticket 5582 for customer 6cef4ef5-a982-47a2-a8b6-affa45913da2
Server 799bb1b2-bd8f-49e2-81f8-f7237f0eb223 received client-request: Request { kind: ReserveTicket, customer: 1e6abbe1-932d-4bac-8a7a-73cbde82c446, server: None, raw: .. }
Reserved ticket 5581 for customer 1e6abbe1-932d-4bac-8a7a-73cbde82c446
Server 799bb1b2-bd8f-49e2-81f8-f7237f0eb223 received client-request: Request { kind: ReserveTicket, customer: b1deb5e6-f66d-4564-9f80-106a47464263, server: None, raw: .. }
Reserved ticket 5580 for customer b1deb5e6-f66d-4564-9f80-106a47464263
Server 799bb1b2-bd8f-49e2-81f8-f7237f0eb223 received client-request: Request { kind: ReserveTicket, customer: 46fd98f3-35ea-4f9b-96b0-586aa44d32ae, server: None, raw: .. }
Reserved ticket 5579 for customer 46fd98f3-35ea-4f9b-96b0-586aa44d32ae
Server 799bb1b2-bd8f-49e2-81f8-f7237f0eb223 received client-request: Request { kind: ReserveTicket, customer: b16090e4-ced3-4205-971e-b0125b16b47d, server: None, raw: .. }
Reserved ticket 5578 for customer b16090e4-ced3-4205-971e-b0125b16b47d
Server 799bb1b2-bd8f-49e2-81f8-f7237f0eb223 received client-request: Request { kind: ReserveTicket, customer: a20babbf-9dbb-4de4-b043-fdcc534db3c7, server: None, raw: .. }
Reserved ticket 5577 for customer a20babbf-9dbb-4de4-b043-fdcc534db3c7
Server 799bb1b2-bd8f-49e2-81f8-f7237f0eb223 received client-request: Request { kind: ReserveTicket, customer: 6f26540c-8c04-4b07-94b0-eebebefcd2af, server: None, raw: .. }
Reserved ticket 5576 for customer 6f26540c-8c04-4b07-94b0-eebebefcd2af
Server 799bb1b2-bd8f-49e2-81f8-f7237f0eb223 received client-request: Request { kind: ReserveTicket, customer: 9fae7ee1-b23a-4ed7-a9b6-26c65a91ce7b, server: None, raw: .. }
Reserved ticket 5575 for customer 9fae7ee1-b23a-4ed7-a9b6-26c65a91ce7b
Server 799bb1b2-bd8f-49e2-81f8-f7237f0eb223 received client-request: Request { kind: ReserveTicket, customer: d44005a9-98e3-469a-8054-5e3b93c5a9e2, server: None, raw: .. }
Reserved ticket 5574 for customer d44005a9-98e3-469a-8054-5e3b93c5a9e2
Server 799bb1b2-bd8f-49e2-81f8-f7237f0eb223 received client-request: Request { kind: ReserveTicket, customer: f1fb919c-252d-4da9-8e36-38d85991b05a, server: None, raw: .. }
Reserved ticket 5573 for customer f1fb919c-252d-4da9-8e36-38d85991b05a
Server 799bb1b2-bd8f-49e2-81f8-f7237f0eb223 received client-request: Request { kind: ReserveTicket, customer: 605fb713-3ff1-4ac4-b704-2a2653f25131, server: None, raw: .. }
Reserved ticket 5572 for customer 605fb713-3ff1-4ac4-b704-2a2653f25131
Server 799bb1b2-bd8f-49e2-81f8-f7237f0eb223 received client-request: Request { kind: ReserveTicket, customer: dbf664db-3f6a-4608-9e00-961a77d23ac6, server: None, raw: .. }
Reserved ticket 5571 for customer dbf664db-3f6a-4608-9e00-961a77d23ac6
Server 799bb1b2-bd8f-49e2-81f8-f7237f0eb223 received client-request: Request { kind: ReserveTicket, customer: 7df71a80-c90a-42a0-991e-46e6007c1f54, server: None, raw: .. }
Reserved ticket 5570 for customer 7df71a80-c90a-42a0-991e-46e6007c1f54
Server 65a51e17-fff5-4036-8b94-6db5de4d28d8 received client-request: Request { kind: ReserveTicket, customer: 398d5345-b73e-40ca-be1b-d165fbc90c90, server: None, raw: .. }
Reserved ticket 5569 for customer 398d5345-b73e-40ca-be1b-d165fbc90c90
Server 799bb1b2-bd8f-49e2-81f8-f7237f0eb223 received client-request: Request { kind: ReserveTicket, customer: 19838619-17a9-42c4-8936-3f75d2502950, server: None, raw: .. }
Reserved ticket 5568 for customer 19838619-17a9-42c4-8936-3f75d2502950
Server 799bb1b2-bd8f-49e2-81f8-f7237f0eb223 received client-request: Request { kind: ReserveTicket, customer: c514bb56-eae6-4d8d-bad7-d5863ec3326e, server: None, raw: .. }
Reserved ticket 5567 for customer c514bb56-eae6-4d8d-bad7-d5863ec3326e
Server 799bb1b2-bd8f-49e2-81f8-f7237f0eb223 received client-request: Request { kind: ReserveTicket, customer: afe94e78-520e-4012-ac00-8dafc541b835, server: None, raw: .. }
Reserved ticket 5566 for customer afe94e78-520e-4012-ac00-8dafc541b835
Server 799bb1b2-bd8f-49e2-81f8-f7237f0eb223 received client-request: Request { kind: ReserveTicket, customer: c8a0f535-f029-4ab7-8fd9-20ce899b8952, server: None, raw: .. }
Reserved ticket 5565 for customer c8a0f535-f029-4ab7-8fd9-20ce899b8952
Server 799bb1b2-bd8f-49e2-81f8-f7237f0eb223 received client-request: Request { kind: ReserveTicket, customer: d25c384c-c078-4805-88a0-10768075334a, server: None, raw: .. }
Reserved ticket 5564 for customer d25c384c-c078-4805-88a0-10768075334a
Server 799bb1b2-bd8f-49e2-81f8-f7237f0eb223 received client-request: Request { kind: ReserveTicket, customer: 453a1f22-88ca-430a-87a0-d988a7981af5, server: None, raw: .. }
Reserved ticket 5563 for customer 453a1f22-88ca-430a-87a0-d988a7981af5
Server 799bb1b2-bd8f-49e2-81f8-f7237f0eb223 received client-request: Request { kind: ReserveTicket, customer: 9559e041-81a7-4f85-88b1-8e973c9c1e33, server: None, raw: .. }
Reserved ticket 5562 for customer 9559e041-81a7-4f85-88b1-8e973c9c1e33
Server 799bb1b2-bd8f-49e2-81f8-f7237f0eb223 received client-request: Request { kind: ReserveTicket, customer: cff5c381-f707-415a-99dd-c44657af6c7f, server: None, raw: .. }
Reserved ticket 5561 for customer cff5c381-f707-415a-99dd-c44657af6c7f
Server 799bb1b2-bd8f-49e2-81f8-f7237f0eb223 received client-request: Request { kind: ReserveTicket, customer: c5d6994d-9edc-4d75-ae5e-7019c662675f, server: None, raw: .. }
Reserved ticket 5560 for customer c5d6994d-9edc-4d75-ae5e-7019c662675f
Server 799bb1b2-bd8f-49e2-81f8-f7237f0eb223 received client-request: Request { kind: ReserveTicket, customer: e95da956-5cbb-4e0e-a2b9-c0a7f4a79809, server: None, raw: .. }
Reserved ticket 5559 for customer e95da956-5cbb-4e0e-a2b9-c0a7f4a79809
Server 799bb1b2-bd8f-49e2-81f8-f7237f0eb223 received client-request: Request { kind: ReserveTicket, customer: 4dc60ad8-f17f-4643-a689-532885b3f3a9, server: None, raw: .. }
Reserved ticket 5558 for customer 4dc60ad8-f17f-4643-a689-532885b3f3a9
Server 799bb1b2-bd8f-49e2-81f8-f7237f0eb223 received client-request: Request { kind: ReserveTicket, customer: 62978f72-b998-46dd-97a5-ef8af2c9bc10, server: None, raw: .. }
Reserved ticket 5557 for customer 62978f72-b998-46dd-97a5-ef8af2c9bc10
Server 799bb1b2-bd8f-49e2-81f8-f7237f0eb223 received client-request: Request { kind: ReserveTicket, customer: fadf5486-240d-4f47-bc3b-d4120402cbd4, server: None, raw: .. }
Reserved ticket 5556 for customer fadf5486-240d-4f47-bc3b-d4120402cbd4
Server 799bb1b2-bd8f-49e2-81f8-f7237f0eb223 received client-request: Request { kind: ReserveTicket, customer: 853dfa87-6531-47c1-b008-93c929c072f9, server: None, raw: .. }
Reserved ticket 5555 for customer 853dfa87-6531-47c1-b008-93c929c072f9
Server 799bb1b2-bd8f-49e2-81f8-f7237f0eb223 received client-request: Request { kind: ReserveTicket, customer: 012e5a7a-c963-4854-ae9e-c8add25db0d1, server: None, raw: .. }
Reserved ticket 5554 for customer 012e5a7a-c963-4854-ae9e-c8add25db0d1
Server 799bb1b2-bd8f-49e2-81f8-f7237f0eb223 received client-request: Request { kind: ReserveTicket, customer: d26759cb-a0e1-4fa9-8259-7a88c7b068e4, server: None, raw: .. }
Reserved ticket 5553 for customer d26759cb-a0e1-4fa9-8259-7a88c7b068e4
Server 799bb1b2-bd8f-49e2-81f8-f7237f0eb223 received client-request: Request { kind: ReserveTicket, customer: 92695007-aa8f-48c7-ac70-6f77adbd1dbd, server: None, raw: .. }
Reserved ticket 5552 for customer 92695007-aa8f-48c7-ac70-6f77adbd1dbd
Server 799bb1b2-bd8f-49e2-81f8-f7237f0eb223 received client-request: Request { kind: ReserveTicket, customer: 1f9ba837-cc6a-4826-9982-ec64d71ec0ac, server: None, raw: .. }
Reserved ticket 5551 for customer 1f9ba837-cc6a-4826-9982-ec64d71ec0ac
Server 799bb1b2-bd8f-49e2-81f8-f7237f0eb223 received client-request: Request { kind: ReserveTicket, customer: 9043e90d-d8e9-4df9-bef8-3b1e48661fac, server: None, raw: .. }
Reserved ticket 5550 for customer 9043e90d-d8e9-4df9-bef8-3b1e48661fac
Server 65a51e17-fff5-4036-8b94-6db5de4d28d8 received client-request: Request { kind: ReserveTicket, customer: 231b8777-54c9-46a0-bad7-4f5d9adf4af3, server: None, raw: .. }
Reserved ticket 5549 for customer 231b8777-54c9-46a0-bad7-4f5d9adf4af3
Server 799bb1b2-bd8f-49e2-81f8-f7237f0eb223 received client-request: Request { kind: ReserveTicket, customer: d507c524-5be4-4487-889f-55bab43b08a9, server: None, raw: .. }
Reserved ticket 5548 for customer d507c524-5be4-4487-889f-55bab43b08a9
Server 799bb1b2-bd8f-49e2-81f8-f7237f0eb223 received client-request: Request { kind: ReserveTicket, customer: eec49326-3733-4d13-8976-37f8bf771b48, server: None, raw: .. }
Reserved ticket 5547 for customer eec49326-3733-4d13-8976-37f8bf771b48
Server 799bb1b2-bd8f-49e2-81f8-f7237f0eb223 received client-request: Request { kind: ReserveTicket, customer: bae6a26d-5fef-4dc3-9e2c-e3bd79a561f4, server: None, raw: .. }
Reserved ticket 5546 for customer bae6a26d-5fef-4dc3-9e2c-e3bd79a561f4
Server 799bb1b2-bd8f-49e2-81f8-f7237f0eb223 received client-request: Request { kind: ReserveTicket, customer: 251952b3-7b4c-416a-a1c6-6ed65a2f93ed, server: None, raw: .. }
Reserved ticket 5545 for customer 251952b3-7b4c-416a-a1c6-6ed65a2f93ed
Server 799bb1b2-bd8f-49e2-81f8-f7237f0eb223 received client-request: Request { kind: ReserveTicket, customer: 84b2942d-1357-42a5-ae6a-d6ce4052fa93, server: None, raw: .. }
Reserved ticket 5544 for customer 84b2942d-1357-42a5-ae6a-d6ce4052fa93
Server 799bb1b2-bd8f-49e2-81f8-f7237f0eb223 received client-request: Request { kind: ReserveTicket, customer: a44c168a-cb1a-47db-98c5-c370dc12de2e, server: None, raw: .. }
Reserved ticket 5543 for customer a44c168a-cb1a-47db-98c5-c370dc12de2e
Server 799bb1b2-bd8f-49e2-81f8-f7237f0eb223 received client-request: Request { kind: ReserveTicket, customer: 7384c0b8-cf62-42dc-a8d1-40145421cd83, server: None, raw: .. }
Reserved ticket 5542 for customer 7384c0b8-cf62-42dc-a8d1-40145421cd83
Server 799bb1b2-bd8f-49e2-81f8-f7237f0eb223 received client-request: Request { kind: ReserveTicket, customer: 5e877b77-fda7-40a8-93a9-65c0ddde591f, server: None, raw: .. }
Reserved ticket 5541 for customer 5e877b77-fda7-40a8-93a9-65c0ddde591f
Server 799bb1b2-bd8f-49e2-81f8-f7237f0eb223 received client-request: Request { kind: ReserveTicket, customer: 551734ba-7c39-4e8b-9e83-ac49095d819f, server: None, raw: .. }
Reserved ticket 5540 for customer 551734ba-7c39-4e8b-9e83-ac49095d819f
Server 799bb1b2-bd8f-49e2-81f8-f7237f0eb223 received client-request: Request { kind: ReserveTicket, customer: e25f2c38-1e14-48b8-9690-cabf51030bf5, server: None, raw: .. }
Reserved ticket 5539 for customer e25f2c38-1e14-48b8-9690-cabf51030bf5
Server 799bb1b2-bd8f-49e2-81f8-f7237f0eb223 received client-request: Request { kind: ReserveTicket, customer: f9ba617c-facc-4272-bd47-3759dcce6a4a, server: None, raw: .. }
Reserved ticket 5538 for customer f9ba617c-facc-4272-bd47-3759dcce6a4a
Server 799bb1b2-bd8f-49e2-81f8-f7237f0eb223 received client-request: Request { kind: ReserveTicket, customer: d83cee09-16b0-46f8-8536-abde0125ffd4, server: None, raw: .. }
Reserved ticket 5537 for customer d83cee09-16b0-46f8-8536-abde0125ffd4
Server 799bb1b2-bd8f-49e2-81f8-f7237f0eb223 received client-request: Request { kind: ReserveTicket, customer: d59e9131-4d0f-459b-a128-c0acafbaccde, server: None, raw: .. }
Reserved ticket 5536 for customer d59e9131-4d0f-459b-a128-c0acafbaccde
Server 799bb1b2-bd8f-49e2-81f8-f7237f0eb223 received client-request: Request { kind: ReserveTicket, customer: 47760bca-4ce6-4fda-8d7a-85f0befd690c, server: None, raw: .. }
Reserved ticket 5535 for customer 47760bca-4ce6-4fda-8d7a-85f0befd690c
Server 799bb1b2-bd8f-49e2-81f8-f7237f0eb223 received client-request: Request { kind: ReserveTicket, customer: 3d6b430d-430f-4f02-a547-a3189f35aaae, server: None, raw: .. }
Reserved ticket 5534 for customer 3d6b430d-430f-4f02-a547-a3189f35aaae
Server 799bb1b2-bd8f-49e2-81f8-f7237f0eb223 received client-request: Request { kind: ReserveTicket, customer: 51ca69d5-91ef-4781-8497-53a282793c53, server: None, raw: .. }
Reserved ticket 5533 for customer 51ca69d5-91ef-4781-8497-53a282793c53
Server 799bb1b2-bd8f-49e2-81f8-f7237f0eb223 received client-request: Request { kind: ReserveTicket, customer: 0422ab60-6290-4027-b574-3b5faa460506, server: None, raw: .. }
Reserved ticket 5532 for customer 0422ab60-6290-4027-b574-3b5faa460506
Server 799bb1b2-bd8f-49e2-81f8-f7237f0eb223 received client-request: Request { kind: ReserveTicket, customer: b1af362a-5b08-48b8-b553-521411d158b5, server: None, raw: .. }
Reserved ticket 5531 for customer b1af362a-5b08-48b8-b553-521411d158b5
Server 799bb1b2-bd8f-49e2-81f8-f7237f0eb223 received client-request: Request { kind: ReserveTicket, customer: fd757380-c8a3-4d40-9195-45c2c77b3c52, server: None, raw: .. }
Reserved ticket 5530 for customer fd757380-c8a3-4d40-9195-45c2c77b3c52
Server 65a51e17-fff5-4036-8b94-6db5de4d28d8 received client-request: Request { kind: ReserveTicket, customer: 41a09533-188d-48b4-8f7d-81b2917ede96, server: None, raw: .. }
Reserved ticket 5529 for customer 41a09533-188d-48b4-8f7d-81b2917ede96
Server 799bb1b2-bd8f-49e2-81f8-f7237f0eb223 received client-request: Request { kind: ReserveTicket, customer: 6c243d06-c31b-4565-9d0c-6ffda9ba84d7, server: None, raw: .. }
Reserved ticket 5528 for customer 6c243d06-c31b-4565-9d0c-6ffda9ba84d7
Server 799bb1b2-bd8f-49e2-81f8-f7237f0eb223 received client-request: Request { kind: ReserveTicket, customer: b1db89a2-3959-44ae-b2e3-9030f771c66e, server: None, raw: .. }
Reserved ticket 5527 for customer b1db89a2-3959-44ae-b2e3-9030f771c66e
Server 799bb1b2-bd8f-49e2-81f8-f7237f0eb223 received client-request: Request { kind: ReserveTicket, customer: aafb634f-2cfe-408b-b047-95cb0f0cf986, server: None, raw: .. }
Reserved ticket 5526 for customer aafb634f-2cfe-408b-b047-95cb0f0cf986
Server 799bb1b2-bd8f-49e2-81f8-f7237f0eb223 received client-request: Request { kind: ReserveTicket, customer: b75ab3fb-ca49-432d-912a-45b7bff4a97d, server: None, raw: .. }
Reserved ticket 5525 for customer b75ab3fb-ca49-432d-912a-45b7bff4a97d
Server 799bb1b2-bd8f-49e2-81f8-f7237f0eb223 received client-request: Request { kind: ReserveTicket, customer: 05899bb2-0b0a-422f-ad19-d74f98748ef6, server: None, raw: .. }
Reserved ticket 5524 for customer 05899bb2-0b0a-422f-ad19-d74f98748ef6
Server 799bb1b2-bd8f-49e2-81f8-f7237f0eb223 received client-request: Request { kind: ReserveTicket, customer: 3f9b3204-8de8-43f6-8c2c-691f59696461, server: None, raw: .. }
Reserved ticket 5523 for customer 3f9b3204-8de8-43f6-8c2c-691f59696461
Server 799bb1b2-bd8f-49e2-81f8-f7237f0eb223 received client-request: Request { kind: ReserveTicket, customer: 07839a99-6940-4394-94f6-7d18bba8fe14, server: None, raw: .. }
Reserved ticket 5522 for customer 07839a99-6940-4394-94f6-7d18bba8fe14
Server 799bb1b2-bd8f-49e2-81f8-f7237f0eb223 received client-request: Request { kind: ReserveTicket, customer: 65180f63-1a6e-49ce-803d-393ed3b0db17, server: None, raw: .. }
Reserved ticket 5521 for customer 65180f63-1a6e-49ce-803d-393ed3b0db17
Server 799bb1b2-bd8f-49e2-81f8-f7237f0eb223 received client-request: Request { kind: ReserveTicket, customer: d902ea1b-046f-49dc-b8c9-fe6cf34a812c, server: None, raw: .. }
Reserved ticket 5520 for customer d902ea1b-046f-49dc-b8c9-fe6cf34a812c
Server 799bb1b2-bd8f-49e2-81f8-f7237f0eb223 received client-request: Request { kind: ReserveTicket, customer: 0ffdc976-e91e-4113-a71a-8d73973d7da3, server: None, raw: .. }
Reserved ticket 5519 for customer 0ffdc976-e91e-4113-a71a-8d73973d7da3
Server 799bb1b2-bd8f-49e2-81f8-f7237f0eb223 received client-request: Request { kind: ReserveTicket, customer: cfcfa9d9-fc1a-488f-a92a-66d9983b97f8, server: None, raw: .. }
Reserved ticket 5518 for customer cfcfa9d9-fc1a-488f-a92a-66d9983b97f8
Server 799bb1b2-bd8f-49e2-81f8-f7237f0eb223 received client-request: Request { kind: ReserveTicket, customer: e101342d-429b-4e4a-a206-beb74b245f2d, server: None, raw: .. }
Reserved ticket 5517 for customer e101342d-429b-4e4a-a206-beb74b245f2d
Server 799bb1b2-bd8f-49e2-81f8-f7237f0eb223 received client-request: Request { kind: ReserveTicket, customer: 5ddc1577-b821-4e1a-b33d-fe4189ced0dd, server: None, raw: .. }
Reserved ticket 5516 for customer 5ddc1577-b821-4e1a-b33d-fe4189ced0dd
Server 799bb1b2-bd8f-49e2-81f8-f7237f0eb223 received client-request: Request { kind: ReserveTicket, customer: b0acaca1-5c13-4528-8dd2-d40a6fd9f077, server: None, raw: .. }
Reserved ticket 5515 for customer b0acaca1-5c13-4528-8dd2-d40a6fd9f077
Server 799bb1b2-bd8f-49e2-81f8-f7237f0eb223 received client-request: Request { kind: ReserveTicket, customer: 8d5a766a-14ad-4dcb-a1e6-b86aee77c9b6, server: None, raw: .. }
Reserved ticket 5514 for customer 8d5a766a-14ad-4dcb-a1e6-b86aee77c9b6
Server 799bb1b2-bd8f-49e2-81f8-f7237f0eb223 received client-request: Request { kind: ReserveTicket, customer: 6cbd6f5e-02e4-42f9-a2fb-728a47bc15be, server: None, raw: .. }
Reserved ticket 5513 for customer 6cbd6f5e-02e4-42f9-a2fb-728a47bc15be
Server 799bb1b2-bd8f-49e2-81f8-f7237f0eb223 received client-request: Request { kind: ReserveTicket, customer: 37ec1f9a-ca2e-4f6d-8016-a0194c89cdb8, server: None, raw: .. }
Reserved ticket 5512 for customer 37ec1f9a-ca2e-4f6d-8016-a0194c89cdb8
Server 799bb1b2-bd8f-49e2-81f8-f7237f0eb223 received client-request: Request { kind: ReserveTicket, customer: 3e361ead-5aa5-435f-bc6a-0b6107e21452, server: None, raw: .. }
Reserved ticket 5511 for customer 3e361ead-5aa5-435f-bc6a-0b6107e21452
Server 799bb1b2-bd8f-49e2-81f8-f7237f0eb223 received client-request: Request { kind: ReserveTicket, customer: f12b8613-ff8d-4cde-9f74-f415f3b5f74b, server: None, raw: .. }
Reserved ticket 5510 for customer f12b8613-ff8d-4cde-9f74-f415f3b5f74b
Server 65a51e17-fff5-4036-8b94-6db5de4d28d8 received client-request: Request { kind: ReserveTicket, customer: 3bd86410-1b1a-4ced-8c44-539ae9d3f505, server: None, raw: .. }
Reserved ticket 5509 for customer 3bd86410-1b1a-4ced-8c44-539ae9d3f505
Server 799bb1b2-bd8f-49e2-81f8-f7237f0eb223 received client-request: Request { kind: ReserveTicket, customer: a7808ba5-a28d-41e4-96a5-d153e41da9a8, server: None, raw: .. }
Reserved ticket 5508 for customer a7808ba5-a28d-41e4-96a5-d153e41da9a8
Server 799bb1b2-bd8f-49e2-81f8-f7237f0eb223 received client-request: Request { kind: ReserveTicket, customer: 12072879-1add-477d-af21-b9e50bb09a0c, server: None, raw: .. }
Reserved ticket 5507 for customer 12072879-1add-477d-af21-b9e50bb09a0c
Server 799bb1b2-bd8f-49e2-81f8-f7237f0eb223 received client-request: Request { kind: ReserveTicket, customer: fd10513a-21fd-4dbc-9cea-d48a9b62501d, server: None, raw: .. }
Reserved ticket 5506 for customer fd10513a-21fd-4dbc-9cea-d48a9b62501d
Server 799bb1b2-bd8f-49e2-81f8-f7237f0eb223 received client-request: Request { kind: ReserveTicket, customer: 117638f7-5ac6-4905-94cf-cf50959ccc3b, server: None, raw: .. }
Reserved ticket 5505 for customer 117638f7-5ac6-4905-94cf-cf50959ccc3b
Server 799bb1b2-bd8f-49e2-81f8-f7237f0eb223 received client-request: Request { kind: ReserveTicket, customer: 7b8e97be-04af-411a-ad22-a69019f01949, server: None, raw: .. }
Reserved ticket 5504 for customer 7b8e97be-04af-411a-ad22-a69019f01949
Server 799bb1b2-bd8f-49e2-81f8-f7237f0eb223 received client-request: Request { kind: ReserveTicket, customer: 922be1f0-6133-4967-a072-c14b5fbe5e0b, server: None, raw: .. }
Reserved ticket 5503 for customer 922be1f0-6133-4967-a072-c14b5fbe5e0b
Server 799bb1b2-bd8f-49e2-81f8-f7237f0eb223 received client-request: Request { kind: ReserveTicket, customer: 555e90aa-135e-4844-9172-45c8e4d543cb, server: None, raw: .. }
Reserved ticket 5502 for customer 555e90aa-135e-4844-9172-45c8e4d543cb
Server 799bb1b2-bd8f-49e2-81f8-f7237f0eb223 received client-request: Request { kind: ReserveTicket, customer: 8d5a252e-d01c-4baa-aacc-a3afe684595a, server: None, raw: .. }
Reserved ticket 5501 for customer 8d5a252e-d01c-4baa-aacc-a3afe684595a
Server 799bb1b2-bd8f-49e2-81f8-f7237f0eb223 received client-request: Request { kind: ReserveTicket, customer: e83a20e7-ee47-45e0-927c-929e4b5d4ce8, server: None, raw: .. }
Reserved ticket 5500 for customer e83a20e7-ee47-45e0-927c-929e4b5d4ce8
Server 799bb1b2-bd8f-49e2-81f8-f7237f0eb223 received client-request: Request { kind: ReserveTicket, customer: 4e727380-2e2b-4e73-b359-5133387feed6, server: None, raw: .. }
Reserved ticket 5499 for customer 4e727380-2e2b-4e73-b359-5133387feed6
Server 799bb1b2-bd8f-49e2-81f8-f7237f0eb223 received client-request: Request { kind: ReserveTicket, customer: 12882d23-303e-4eeb-824a-564741d738d8, server: None, raw: .. }
Reserved ticket 5498 for customer 12882d23-303e-4eeb-824a-564741d738d8
Server 799bb1b2-bd8f-49e2-81f8-f7237f0eb223 received client-request: Request { kind: ReserveTicket, customer: c453f768-026e-42e3-a539-35f51d8b94b4, server: None, raw: .. }
Reserved ticket 5497 for customer c453f768-026e-42e3-a539-35f51d8b94b4
Server 799bb1b2-bd8f-49e2-81f8-f7237f0eb223 received client-request: Request { kind: ReserveTicket, customer: 11a8dd53-c6c4-4e22-b6c4-6468a1b6dd0c, server: None, raw: .. }
Reserved ticket 5496 for customer 11a8dd53-c6c4-4e22-b6c4-6468a1b6dd0c
Server 799bb1b2-bd8f-49e2-81f8-f7237f0eb223 received client-request: Request { kind: ReserveTicket, customer: 8cfca265-80eb-4669-93e8-c53ad1974518, server: None, raw: .. }
Reserved ticket 5495 for customer 8cfca265-80eb-4669-93e8-c53ad1974518
Server 799bb1b2-bd8f-49e2-81f8-f7237f0eb223 received client-request: Request { kind: ReserveTicket, customer: c4523a28-adfa-4c73-82a0-984e08e4d326, server: None, raw: .. }
Reserved ticket 5494 for customer c4523a28-adfa-4c73-82a0-984e08e4d326
Server 799bb1b2-bd8f-49e2-81f8-f7237f0eb223 received client-request: Request { kind: ReserveTicket, customer: cf04a0ae-ae20-4e45-bd5c-41f902a2bfca, server: None, raw: .. }
Reserved ticket 5493 for customer cf04a0ae-ae20-4e45-bd5c-41f902a2bfca
Server 799bb1b2-bd8f-49e2-81f8-f7237f0eb223 received client-request: Request { kind: ReserveTicket, customer: 8692e2c4-41e2-48f7-9000-7bac481a30d0, server: None, raw: .. }
Reserved ticket 5492 for customer 8692e2c4-41e2-48f7-9000-7bac481a30d0
Server 799bb1b2-bd8f-49e2-81f8-f7237f0eb223 received client-request: Request { kind: ReserveTicket, customer: 8a811f6b-6620-4bbc-ae0a-7d734d841cc4, server: None, raw: .. }
Reserved ticket 5491 for customer 8a811f6b-6620-4bbc-ae0a-7d734d841cc4
Server 799bb1b2-bd8f-49e2-81f8-f7237f0eb223 received client-request: Request { kind: ReserveTicket, customer: 55af730f-5e5d-4537-ae85-74257584a616, server: None, raw: .. }
Reserved ticket 5490 for customer 55af730f-5e5d-4537-ae85-74257584a616
Server 65a51e17-fff5-4036-8b94-6db5de4d28d8 received client-request: Request { kind: ReserveTicket, customer: 5024619b-c20a-4921-93ed-ba470221fc42, server: None, raw: .. }
Reserved ticket 5489 for customer 5024619b-c20a-4921-93ed-ba470221fc42
Server 799bb1b2-bd8f-49e2-81f8-f7237f0eb223 received client-request: Request { kind: ReserveTicket, customer: 673c198e-cbcc-4df4-b2a0-2f43f212e86f, server: None, raw: .. }
Reserved ticket 5488 for customer 673c198e-cbcc-4df4-b2a0-2f43f212e86f
Server 799bb1b2-bd8f-49e2-81f8-f7237f0eb223 received client-request: Request { kind: ReserveTicket, customer: 164d037f-4d1e-463b-a22f-c02d60774ac9, server: None, raw: .. }
Reserved ticket 5487 for customer 164d037f-4d1e-463b-a22f-c02d60774ac9
Server 799bb1b2-bd8f-49e2-81f8-f7237f0eb223 received client-request: Request { kind: ReserveTicket, customer: 02a4f1bd-16a2-4ca8-9ddc-084fc61194f2, server: None, raw: .. }
Reserved ticket 5486 for customer 02a4f1bd-16a2-4ca8-9ddc-084fc61194f2
Server 799bb1b2-bd8f-49e2-81f8-f7237f0eb223 received client-request: Request { kind: ReserveTicket, customer: dfaa7726-bfe5-454b-ac4b-ca720b127d97, server: None, raw: .. }
Reserved ticket 5485 for customer dfaa7726-bfe5-454b-ac4b-ca720b127d97
Server 799bb1b2-bd8f-49e2-81f8-f7237f0eb223 received client-request: Request { kind: ReserveTicket, customer: 55cf6a4a-5192-4398-be7d-cd1373f14017, server: None, raw: .. }
Reserved ticket 5484 for customer 55cf6a4a-5192-4398-be7d-cd1373f14017
Server 799bb1b2-bd8f-49e2-81f8-f7237f0eb223 received client-request: Request { kind: ReserveTicket, customer: 3ee36a57-b246-435c-bd4a-53566ce63f88, server: None, raw: .. }
Reserved ticket 5483 for customer 3ee36a57-b246-435c-bd4a-53566ce63f88
Server 799bb1b2-bd8f-49e2-81f8-f7237f0eb223 received client-request: Request { kind: ReserveTicket, customer: ee9169c3-2780-48e9-b47d-f0dd2c7b4775, server: None, raw: .. }
Reserved ticket 5482 for customer ee9169c3-2780-48e9-b47d-f0dd2c7b4775
Server 799bb1b2-bd8f-49e2-81f8-f7237f0eb223 received client-request: Request { kind: ReserveTicket, customer: aa1d5e55-6a09-4545-a77a-01e7c285a430, server: None, raw: .. }
Reserved ticket 5481 for customer aa1d5e55-6a09-4545-a77a-01e7c285a430
Server 799bb1b2-bd8f-49e2-81f8-f7237f0eb223 received client-request: Request { kind: ReserveTicket, customer: 4d34369b-2d92-4d06-b4cf-7c4f291768cf, server: None, raw: .. }
Reserved ticket 5480 for customer 4d34369b-2d92-4d06-b4cf-7c4f291768cf
Server 799bb1b2-bd8f-49e2-81f8-f7237f0eb223 received client-request: Request { kind: ReserveTicket, customer: 4c492ccd-d380-4bb4-9e0e-741d9904074f, server: None, raw: .. }
Reserved ticket 5479 for customer 4c492ccd-d380-4bb4-9e0e-741d9904074f
Server 799bb1b2-bd8f-49e2-81f8-f7237f0eb223 received client-request: Request { kind: ReserveTicket, customer: 53b57430-163f-41d3-b40b-d72b2f278a6d, server: None, raw: .. }
Reserved ticket 5478 for customer 53b57430-163f-41d3-b40b-d72b2f278a6d
Server 799bb1b2-bd8f-49e2-81f8-f7237f0eb223 received client-request: Request { kind: ReserveTicket, customer: 33b95ce3-a0ad-4239-951a-507f009fa495, server: None, raw: .. }
Reserved ticket 5477 for customer 33b95ce3-a0ad-4239-951a-507f009fa495
Server 799bb1b2-bd8f-49e2-81f8-f7237f0eb223 received client-request: Request { kind: ReserveTicket, customer: bcae8846-fe21-4f3a-96f7-a630a23b6483, server: None, raw: .. }
Reserved ticket 5476 for customer bcae8846-fe21-4f3a-96f7-a630a23b6483
Server 799bb1b2-bd8f-49e2-81f8-f7237f0eb223 received client-request: Request { kind: ReserveTicket, customer: ac5660bd-85d3-4e6a-a46b-4189fe81c344, server: None, raw: .. }
Reserved ticket 5475 for customer ac5660bd-85d3-4e6a-a46b-4189fe81c344
Server 799bb1b2-bd8f-49e2-81f8-f7237f0eb223 received client-request: Request { kind: ReserveTicket, customer: 2b5e5498-7324-4860-a16b-69786ddb4ab1, server: None, raw: .. }
Reserved ticket 5474 for customer 2b5e5498-7324-4860-a16b-69786ddb4ab1
Server 799bb1b2-bd8f-49e2-81f8-f7237f0eb223 received client-request: Request { kind: ReserveTicket, customer: b10f6077-4970-46e4-968c-4c6f04536812, server: None, raw: .. }
Reserved ticket 5473 for customer b10f6077-4970-46e4-968c-4c6f04536812
Server 799bb1b2-bd8f-49e2-81f8-f7237f0eb223 received client-request: Request { kind: ReserveTicket, customer: d51c6fde-d07e-46f4-bbb3-8a5efbf0c90c, server: None, raw: .. }
Reserved ticket 5472 for customer d51c6fde-d07e-46f4-bbb3-8a5efbf0c90c
Server 799bb1b2-bd8f-49e2-81f8-f7237f0eb223 received client-request: Request { kind: ReserveTicket, customer: 895493ea-9ca7-4ed1-97fb-3cb449faefd2, server: None, raw: .. }
Reserved ticket 5471 for customer 895493ea-9ca7-4ed1-97fb-3cb449faefd2
Server 799bb1b2-bd8f-49e2-81f8-f7237f0eb223 received client-request: Request { kind: ReserveTicket, customer: 4a2931c6-aaa0-4eba-af2a-5872efd89d2d, server: None, raw: .. }
Reserved ticket 5470 for customer 4a2931c6-aaa0-4eba-af2a-5872efd89d2d
Server 65a51e17-fff5-4036-8b94-6db5de4d28d8 received client-request: Request { kind: ReserveTicket, customer: f9c8f0ad-2ab7-40cd-b126-246878b92031, server: None, raw: .. }
Reserved ticket 5469 for customer f9c8f0ad-2ab7-40cd-b126-246878b92031
Server 799bb1b2-bd8f-49e2-81f8-f7237f0eb223 received client-request: Request { kind: ReserveTicket, customer: e93a4654-f8b4-4753-8a1b-fa4c9d576c1a, server: None, raw: .. }
Reserved ticket 5468 for customer e93a4654-f8b4-4753-8a1b-fa4c9d576c1a
Server 799bb1b2-bd8f-49e2-81f8-f7237f0eb223 received client-request: Request { kind: ReserveTicket, customer: 2cbbf888-8ec5-4a23-8057-9de6903230a4, server: None, raw: .. }
Reserved ticket 5467 for customer 2cbbf888-8ec5-4a23-8057-9de6903230a4
Server 799bb1b2-bd8f-49e2-81f8-f7237f0eb223 received client-request: Request { kind: ReserveTicket, customer: 75ebd8d4-29b8-417e-8ced-069fcce67736, server: None, raw: .. }
Reserved ticket 5466 for customer 75ebd8d4-29b8-417e-8ced-069fcce67736
Server 799bb1b2-bd8f-49e2-81f8-f7237f0eb223 received client-request: Request { kind: ReserveTicket, customer: fa69be4d-ecc1-4e24-8db5-272469a7d484, server: None, raw: .. }
Reserved ticket 5465 for customer fa69be4d-ecc1-4e24-8db5-272469a7d484
Server 799bb1b2-bd8f-49e2-81f8-f7237f0eb223 received client-request: Request { kind: ReserveTicket, customer: 32f49ac5-d83d-42e2-9c5f-1a0df0d9b3ba, server: None, raw: .. }
Reserved ticket 5464 for customer 32f49ac5-d83d-42e2-9c5f-1a0df0d9b3ba
Server 799bb1b2-bd8f-49e2-81f8-f7237f0eb223 received client-request: Request { kind: ReserveTicket, customer: 5f72d7a2-bee3-4a82-8f27-573522d27c1f, server: None, raw: .. }
Reserved ticket 5463 for customer 5f72d7a2-bee3-4a82-8f27-573522d27c1f
Server 799bb1b2-bd8f-49e2-81f8-f7237f0eb223 received client-request: Request { kind: ReserveTicket, customer: 9ced03fb-a62f-4ab9-af23-fd140c26ab7f, server: None, raw: .. }
Reserved ticket 5462 for customer 9ced03fb-a62f-4ab9-af23-fd140c26ab7f
Server 799bb1b2-bd8f-49e2-81f8-f7237f0eb223 received client-request: Request { kind: ReserveTicket, customer: 219ad5d9-fb37-4c73-91b9-16eb2dafb9ae, server: None, raw: .. }
Reserved ticket 5461 for customer 219ad5d9-fb37-4c73-91b9-16eb2dafb9ae
Server 799bb1b2-bd8f-49e2-81f8-f7237f0eb223 received client-request: Request { kind: ReserveTicket, customer: ca0a946d-1a1f-435b-a071-feb2e49287c2, server: None, raw: .. }
Reserved ticket 5460 for customer ca0a946d-1a1f-435b-a071-feb2e49287c2
Server 799bb1b2-bd8f-49e2-81f8-f7237f0eb223 received client-request: Request { kind: ReserveTicket, customer: 25126b3b-c88a-47a5-9962-7f44785456a2, server: None, raw: .. }
Reserved ticket 5459 for customer 25126b3b-c88a-47a5-9962-7f44785456a2
Server 799bb1b2-bd8f-49e2-81f8-f7237f0eb223 received client-request: Request { kind: ReserveTicket, customer: 6c901bd2-ee94-40ef-b2d1-9ba5a8ebfeea, server: None, raw: .. }
Reserved ticket 5458 for customer 6c901bd2-ee94-40ef-b2d1-9ba5a8ebfeea
Server 799bb1b2-bd8f-49e2-81f8-f7237f0eb223 received client-request: Request { kind: ReserveTicket, customer: 795e8d7e-0d6e-4f42-9ad3-d6494a714309, server: None, raw: .. }
Reserved ticket 5457 for customer 795e8d7e-0d6e-4f42-9ad3-d6494a714309
Server 799bb1b2-bd8f-49e2-81f8-f7237f0eb223 received client-request: Request { kind: ReserveTicket, customer: 6a520602-7c6d-43fb-9084-ce363d195d65, server: None, raw: .. }
Reserved ticket 5456 for customer 6a520602-7c6d-43fb-9084-ce363d195d65
Server 799bb1b2-bd8f-49e2-81f8-f7237f0eb223 received client-request: Request { kind: ReserveTicket, customer: 8e07b1de-3405-468c-909d-1ac5abacded7, server: None, raw: .. }
Reserved ticket 5455 for customer 8e07b1de-3405-468c-909d-1ac5abacded7
Server 799bb1b2-bd8f-49e2-81f8-f7237f0eb223 received client-request: Request { kind: ReserveTicket, customer: 7bc07f6e-4e2a-447e-9946-5a2678c91593, server: None, raw: .. }
Reserved ticket 5454 for customer 7bc07f6e-4e2a-447e-9946-5a2678c91593
Server 799bb1b2-bd8f-49e2-81f8-f7237f0eb223 received client-request: Request { kind: ReserveTicket, customer: 3d7d7a95-8462-41db-adb6-0ac090ab17fa, server: None, raw: .. }
Reserved ticket 5453 for customer 3d7d7a95-8462-41db-adb6-0ac090ab17fa
Server 799bb1b2-bd8f-49e2-81f8-f7237f0eb223 received client-request: Request { kind: ReserveTicket, customer: 64a54948-786f-4d73-8fdb-29e3f7e0b645, server: None, raw: .. }
Reserved ticket 5452 for customer 64a54948-786f-4d73-8fdb-29e3f7e0b645
Server 799bb1b2-bd8f-49e2-81f8-f7237f0eb223 received client-request: Request { kind: ReserveTicket, customer: b647d3b1-9f84-497b-a252-7ec3d4098e78, server: None, raw: .. }
Reserved ticket 5451 for customer b647d3b1-9f84-497b-a252-7ec3d4098e78
Server 799bb1b2-bd8f-49e2-81f8-f7237f0eb223 received client-request: Request { kind: ReserveTicket, customer: c8817be9-e824-45c7-a57b-79744008b4ac, server: None, raw: .. }
Reserved ticket 5450 for customer c8817be9-e824-45c7-a57b-79744008b4ac
Server 65a51e17-fff5-4036-8b94-6db5de4d28d8 received client-request: Request { kind: ReserveTicket, customer: 81d15c85-8258-479d-a69b-e8c50de2a8bd, server: None, raw: .. }
Reserved ticket 5449 for customer 81d15c85-8258-479d-a69b-e8c50de2a8bd
Server 799bb1b2-bd8f-49e2-81f8-f7237f0eb223 received client-request: Request { kind: ReserveTicket, customer: 8c21b1ed-8a0c-48e6-abd2-6100fb15ad24, server: None, raw: .. }
Reserved ticket 5448 for customer 8c21b1ed-8a0c-48e6-abd2-6100fb15ad24
Server 799bb1b2-bd8f-49e2-81f8-f7237f0eb223 received client-request: Request { kind: ReserveTicket, customer: 53228caf-c5c6-4172-b365-f5c6349c4ec3, server: None, raw: .. }
Reserved ticket 5447 for customer 53228caf-c5c6-4172-b365-f5c6349c4ec3
Server 799bb1b2-bd8f-49e2-81f8-f7237f0eb223 received client-request: Request { kind: ReserveTicket, customer: 67bc27eb-a540-4051-937d-bfca2ae8c34c, server: None, raw: .. }
Reserved ticket 5446 for customer 67bc27eb-a540-4051-937d-bfca2ae8c34c
Server 799bb1b2-bd8f-49e2-81f8-f7237f0eb223 received client-request: Request { kind: ReserveTicket, customer: 71958a7a-f404-460e-a361-9ed07d04a36a, server: None, raw: .. }
Reserved ticket 5445 for customer 71958a7a-f404-460e-a361-9ed07d04a36a
Server 799bb1b2-bd8f-49e2-81f8-f7237f0eb223 received client-request: Request { kind: ReserveTicket, customer: 006fdf1f-237e-4f08-b007-4367485c0a00, server: None, raw: .. }
Reserved ticket 5444 for customer 006fdf1f-237e-4f08-b007-4367485c0a00
Server 799bb1b2-bd8f-49e2-81f8-f7237f0eb223 received client-request: Request { kind: ReserveTicket, customer: b9ca6574-7dfb-457b-be12-fc364ad9c8d0, server: None, raw: .. }
Reserved ticket 5443 for customer b9ca6574-7dfb-457b-be12-fc364ad9c8d0
Server 799bb1b2-bd8f-49e2-81f8-f7237f0eb223 received client-request: Request { kind: ReserveTicket, customer: 90af62fd-b348-4f06-9794-79882bf7ae5d, server: None, raw: .. }
Reserved ticket 5442 for customer 90af62fd-b348-4f06-9794-79882bf7ae5d
Server 799bb1b2-bd8f-49e2-81f8-f7237f0eb223 received client-request: Request { kind: ReserveTicket, customer: feee3dea-91c7-4e5a-b13e-1e87181515f7, server: None, raw: .. }
Reserved ticket 5441 for customer feee3dea-91c7-4e5a-b13e-1e87181515f7
Server 799bb1b2-bd8f-49e2-81f8-f7237f0eb223 received client-request: Request { kind: ReserveTicket, customer: a243b5b5-92f5-48ef-9504-b3d37a20bac8, server: None, raw: .. }
Reserved ticket 5440 for customer a243b5b5-92f5-48ef-9504-b3d37a20bac8
Server 799bb1b2-bd8f-49e2-81f8-f7237f0eb223 received client-request: Request { kind: ReserveTicket, customer: 3df801ba-10bc-432b-b2f0-78f7009d055f, server: None, raw: .. }
Reserved ticket 5439 for customer 3df801ba-10bc-432b-b2f0-78f7009d055f
Server 799bb1b2-bd8f-49e2-81f8-f7237f0eb223 received client-request: Request { kind: ReserveTicket, customer: 36b2102e-25ab-4c04-8179-02c1bbcd957f, server: None, raw: .. }
Reserved ticket 5438 for customer 36b2102e-25ab-4c04-8179-02c1bbcd957f
Server 799bb1b2-bd8f-49e2-81f8-f7237f0eb223 received client-request: Request { kind: ReserveTicket, customer: a205dd77-5b6a-4432-865d-84683c5dbe02, server: None, raw: .. }
Reserved ticket 5437 for customer a205dd77-5b6a-4432-865d-84683c5dbe02
Server 799bb1b2-bd8f-49e2-81f8-f7237f0eb223 received client-request: Request { kind: ReserveTicket, customer: 53e1e9ad-4b21-4904-97ca-03335cf2ec9f, server: None, raw: .. }
Reserved ticket 5436 for customer 53e1e9ad-4b21-4904-97ca-03335cf2ec9f
Server 799bb1b2-bd8f-49e2-81f8-f7237f0eb223 received client-request: Request { kind: ReserveTicket, customer: 32d3ec5c-9b04-42ee-b312-d669b108d993, server: None, raw: .. }
Reserved ticket 5435 for customer 32d3ec5c-9b04-42ee-b312-d669b108d993
Server 799bb1b2-bd8f-49e2-81f8-f7237f0eb223 received client-request: Request { kind: ReserveTicket, customer: 6129bb8f-11bd-4b05-b22c-88fc8d7cbec7, server: None, raw: .. }
Reserved ticket 5434 for customer 6129bb8f-11bd-4b05-b22c-88fc8d7cbec7
Server 799bb1b2-bd8f-49e2-81f8-f7237f0eb223 received client-request: Request { kind: ReserveTicket, customer: 6f18f432-70d1-44fd-b7c0-0bc4815b7eac, server: None, raw: .. }
Reserved ticket 5433 for customer 6f18f432-70d1-44fd-b7c0-0bc4815b7eac
Server 799bb1b2-bd8f-49e2-81f8-f7237f0eb223 received client-request: Request { kind: ReserveTicket, customer: 7aa46b30-7d25-4851-b78f-51ec9422f9d6, server: None, raw: .. }
Reserved ticket 5432 for customer 7aa46b30-7d25-4851-b78f-51ec9422f9d6
Server 799bb1b2-bd8f-49e2-81f8-f7237f0eb223 received client-request: Request { kind: ReserveTicket, customer: d5504186-5c44-4b89-a0cd-fec0faa6a9e6, server: None, raw: .. }
Reserved ticket 5431 for customer d5504186-5c44-4b89-a0cd-fec0faa6a9e6
Server 799bb1b2-bd8f-49e2-81f8-f7237f0eb223 received client-request: Request { kind: ReserveTicket, customer: 6ee9fb17-1ed1-4aa8-b41c-f016f3fca78a, server: None, raw: .. }
Reserved ticket 5430 for customer 6ee9fb17-1ed1-4aa8-b41c-f016f3fca78a
Server 65a51e17-fff5-4036-8b94-6db5de4d28d8 received client-request: Request { kind: ReserveTicket, customer: 5ee9e8ca-c3cb-44c2-9dd2-8e9994ac6f55, server: None, raw: .. }
Reserved ticket 5429 for customer 5ee9e8ca-c3cb-44c2-9dd2-8e9994ac6f55
Server 799bb1b2-bd8f-49e2-81f8-f7237f0eb223 received client-request: Request { kind: ReserveTicket, customer: cae99cd2-5072-4b21-a278-6df2d895b00d, server: None, raw: .. }
Reserved ticket 5428 for customer cae99cd2-5072-4b21-a278-6df2d895b00d
Server 799bb1b2-bd8f-49e2-81f8-f7237f0eb223 received client-request: Request { kind: ReserveTicket, customer: ed6ddf78-f024-4a9e-be30-b771cd240a21, server: None, raw: .. }
Reserved ticket 5427 for customer ed6ddf78-f024-4a9e-be30-b771cd240a21
Server 799bb1b2-bd8f-49e2-81f8-f7237f0eb223 received client-request: Request { kind: ReserveTicket, customer: 9a10f930-90cf-436b-9103-821c5369ce70, server: None, raw: .. }
Reserved ticket 5426 for customer 9a10f930-90cf-436b-9103-821c5369ce70
Server 799bb1b2-bd8f-49e2-81f8-f7237f0eb223 received client-request: Request { kind: ReserveTicket, customer: 47ab0217-ad87-4c2a-b0a6-c2c85ad3ec48, server: None, raw: .. }
Reserved ticket 5425 for customer 47ab0217-ad87-4c2a-b0a6-c2c85ad3ec48
Server 799bb1b2-bd8f-49e2-81f8-f7237f0eb223 received client-request: Request { kind: ReserveTicket, customer: 81e317b8-0924-4cf2-bf15-2106c6cfef09, server: None, raw: .. }
Reserved ticket 5424 for customer 81e317b8-0924-4cf2-bf15-2106c6cfef09
Server 799bb1b2-bd8f-49e2-81f8-f7237f0eb223 received client-request: Request { kind: ReserveTicket, customer: 80d98972-d672-43af-ba89-d98ee21ab21a, server: None, raw: .. }
Reserved ticket 5423 for customer 80d98972-d672-43af-ba89-d98ee21ab21a
Server 799bb1b2-bd8f-49e2-81f8-f7237f0eb223 received client-request: Request { kind: ReserveTicket, customer: 0609dc23-0720-4007-97cb-4f09b054b5d7, server: None, raw: .. }
Reserved ticket 5422 for customer 0609dc23-0720-4007-97cb-4f09b054b5d7
Server 799bb1b2-bd8f-49e2-81f8-f7237f0eb223 received client-request: Request { kind: ReserveTicket, customer: c6817077-617f-4398-af5f-0241a30f871b, server: None, raw: .. }
Reserved ticket 5421 for customer c6817077-617f-4398-af5f-0241a30f871b
Server 799bb1b2-bd8f-49e2-81f8-f7237f0eb223 received client-request: Request { kind: ReserveTicket, customer: e16efdbf-494c-4d08-bfad-9fdea9c1467c, server: None, raw: .. }
Reserved ticket 5420 for customer e16efdbf-494c-4d08-bfad-9fdea9c1467c
Server 799bb1b2-bd8f-49e2-81f8-f7237f0eb223 received client-request: Request { kind: ReserveTicket, customer: dcc98910-ce51-49c7-b635-fe0fb664954e, server: None, raw: .. }
Reserved ticket 5419 for customer dcc98910-ce51-49c7-b635-fe0fb664954e
Server 799bb1b2-bd8f-49e2-81f8-f7237f0eb223 received client-request: Request { kind: ReserveTicket, customer: f3934197-f84c-4038-91a1-dc0dfd85cf44, server: None, raw: .. }
Reserved ticket 5418 for customer f3934197-f84c-4038-91a1-dc0dfd85cf44
Server 799bb1b2-bd8f-49e2-81f8-f7237f0eb223 received client-request: Request { kind: ReserveTicket, customer: 813bae6d-5c71-402f-b596-3c8dfb457c00, server: None, raw: .. }
Reserved ticket 5417 for customer 813bae6d-5c71-402f-b596-3c8dfb457c00
Server 799bb1b2-bd8f-49e2-81f8-f7237f0eb223 received client-request: Request { kind: ReserveTicket, customer: 044fb36e-51a7-4bfc-8ca9-cd1c6c5f7be9, server: None, raw: .. }
Reserved ticket 5416 for customer 044fb36e-51a7-4bfc-8ca9-cd1c6c5f7be9
Server 799bb1b2-bd8f-49e2-81f8-f7237f0eb223 received client-request: Request { kind: ReserveTicket, customer: d0c362ad-beb2-486d-bd90-1c167c20ac63, server: None, raw: .. }
Reserved ticket 5415 for customer d0c362ad-beb2-486d-bd90-1c167c20ac63
Server 799bb1b2-bd8f-49e2-81f8-f7237f0eb223 received client-request: Request { kind: ReserveTicket, customer: dc3a7d33-fbe0-4b40-b83d-79d51a0186d5, server: None, raw: .. }
Reserved ticket 5414 for customer dc3a7d33-fbe0-4b40-b83d-79d51a0186d5
Server 799bb1b2-bd8f-49e2-81f8-f7237f0eb223 received client-request: Request { kind: ReserveTicket, customer: 746fbb6b-336d-407a-ae75-832ae9c7e15f, server: None, raw: .. }
Reserved ticket 5413 for customer 746fbb6b-336d-407a-ae75-832ae9c7e15f
Server 799bb1b2-bd8f-49e2-81f8-f7237f0eb223 received client-request: Request { kind: ReserveTicket, customer: 1a70df24-6a1d-4677-bedf-6ebc838175b4, server: None, raw: .. }
Reserved ticket 5412 for customer 1a70df24-6a1d-4677-bedf-6ebc838175b4
Server 799bb1b2-bd8f-49e2-81f8-f7237f0eb223 received client-request: Request { kind: ReserveTicket, customer: c4f96734-1c72-41a4-92a3-9ec56215b861, server: None, raw: .. }
Reserved ticket 5411 for customer c4f96734-1c72-41a4-92a3-9ec56215b861
Server 799bb1b2-bd8f-49e2-81f8-f7237f0eb223 received client-request: Request { kind: ReserveTicket, customer: f7c7cea3-f45f-4688-aef1-bddd04f2a3b6, server: None, raw: .. }
Reserved ticket 5410 for customer f7c7cea3-f45f-4688-aef1-bddd04f2a3b6
Server 65a51e17-fff5-4036-8b94-6db5de4d28d8 received client-request: Request { kind: ReserveTicket, customer: 08eb2d44-16ad-48b2-a333-dfdb7766fa45, server: None, raw: .. }
Reserved ticket 5409 for customer 08eb2d44-16ad-48b2-a333-dfdb7766fa45
Server 799bb1b2-bd8f-49e2-81f8-f7237f0eb223 received client-request: Request { kind: ReserveTicket, customer: a87b7da4-5eff-4903-81e9-e4653161d476, server: None, raw: .. }
Reserved ticket 5408 for customer a87b7da4-5eff-4903-81e9-e4653161d476
Server 799bb1b2-bd8f-49e2-81f8-f7237f0eb223 received client-request: Request { kind: ReserveTicket, customer: 68e6ed5a-bda8-4e25-92af-e0b0190c959e, server: None, raw: .. }
Reserved ticket 5407 for customer 68e6ed5a-bda8-4e25-92af-e0b0190c959e
Server 799bb1b2-bd8f-49e2-81f8-f7237f0eb223 received client-request: Request { kind: ReserveTicket, customer: 204e18f0-f7cb-431c-ba2f-f6b594d97687, server: None, raw: .. }
Reserved ticket 5406 for customer 204e18f0-f7cb-431c-ba2f-f6b594d97687
Server 799bb1b2-bd8f-49e2-81f8-f7237f0eb223 received client-request: Request { kind: ReserveTicket, customer: 3aff1184-48b6-4d55-b883-30269e5b83ae, server: None, raw: .. }
Reserved ticket 5405 for customer 3aff1184-48b6-4d55-b883-30269e5b83ae
Server 799bb1b2-bd8f-49e2-81f8-f7237f0eb223 received client-request: Request { kind: ReserveTicket, customer: 6c73926a-2ec7-4a12-90bc-f746872b8e64, server: None, raw: .. }
Reserved ticket 5404 for customer 6c73926a-2ec7-4a12-90bc-f746872b8e64
Server 799bb1b2-bd8f-49e2-81f8-f7237f0eb223 received client-request: Request { kind: ReserveTicket, customer: 0be733b3-7e92-4f10-ad73-fdf197bb624b, server: None, raw: .. }
Reserved ticket 5403 for customer 0be733b3-7e92-4f10-ad73-fdf197bb624b
Server 799bb1b2-bd8f-49e2-81f8-f7237f0eb223 received client-request: Request { kind: ReserveTicket, customer: 373986b8-8e97-40c0-a727-73de21e705c8, server: None, raw: .. }
Reserved ticket 5402 for customer 373986b8-8e97-40c0-a727-73de21e705c8
Server 799bb1b2-bd8f-49e2-81f8-f7237f0eb223 received client-request: Request { kind: ReserveTicket, customer: a8910565-9ae5-408a-a9c2-dfbeead44582, server: None, raw: .. }
Reserved ticket 5401 for customer a8910565-9ae5-408a-a9c2-dfbeead44582
Server 799bb1b2-bd8f-49e2-81f8-f7237f0eb223 received client-request: Request { kind: ReserveTicket, customer: 83af7883-ffa1-433f-b313-2080634b43ac, server: None, raw: .. }
Reserved ticket 5400 for customer 83af7883-ffa1-433f-b313-2080634b43ac
Server 799bb1b2-bd8f-49e2-81f8-f7237f0eb223 received client-request: Request { kind: ReserveTicket, customer: 61122163-7370-4168-8fe2-5ce3daa9f07b, server: None, raw: .. }
Reserved ticket 5399 for customer 61122163-7370-4168-8fe2-5ce3daa9f07b
Server 799bb1b2-bd8f-49e2-81f8-f7237f0eb223 received client-request: Request { kind: ReserveTicket, customer: 0aa4a082-9443-4923-91ed-aa3a30124d53, server: None, raw: .. }
Reserved ticket 5398 for customer 0aa4a082-9443-4923-91ed-aa3a30124d53
Server 799bb1b2-bd8f-49e2-81f8-f7237f0eb223 received client-request: Request { kind: ReserveTicket, customer: e55ab4e0-1e2e-4ad5-923c-1346f8216428, server: None, raw: .. }
Reserved ticket 5397 for customer e55ab4e0-1e2e-4ad5-923c-1346f8216428
Server 799bb1b2-bd8f-49e2-81f8-f7237f0eb223 received client-request: Request { kind: ReserveTicket, customer: 43c88716-0a8f-40e9-bec5-0df791f4697a, server: None, raw: .. }
Reserved ticket 5396 for customer 43c88716-0a8f-40e9-bec5-0df791f4697a
Server 799bb1b2-bd8f-49e2-81f8-f7237f0eb223 received client-request: Request { kind: ReserveTicket, customer: e8520df8-e3dc-4dbd-956f-7810c38e8ede, server: None, raw: .. }
Reserved ticket 5395 for customer e8520df8-e3dc-4dbd-956f-7810c38e8ede
Server 799bb1b2-bd8f-49e2-81f8-f7237f0eb223 received client-request: Request { kind: ReserveTicket, customer: 1a2e6a86-a9ad-4c40-9164-15741d02c5c2, server: None, raw: .. }
Reserved ticket 5394 for customer 1a2e6a86-a9ad-4c40-9164-15741d02c5c2
Server 799bb1b2-bd8f-49e2-81f8-f7237f0eb223 received client-request: Request { kind: ReserveTicket, customer: 74513201-f2c9-4260-a367-e6001394f15e, server: None, raw: .. }
Reserved ticket 5393 for customer 74513201-f2c9-4260-a367-e6001394f15e
Server 799bb1b2-bd8f-49e2-81f8-f7237f0eb223 received client-request: Request { kind: ReserveTicket, customer: 8c376481-c34a-4efa-9c98-bc7b27d1da05, server: None, raw: .. }
Reserved ticket 5392 for customer 8c376481-c34a-4efa-9c98-bc7b27d1da05
Server 799bb1b2-bd8f-49e2-81f8-f7237f0eb223 received client-request: Request { kind: ReserveTicket, customer: 2330b241-f833-4afd-92fd-6b8ae395d027, server: None, raw: .. }
Reserved ticket 5391 for customer 2330b241-f833-4afd-92fd-6b8ae395d027
Server 799bb1b2-bd8f-49e2-81f8-f7237f0eb223 received client-request: Request { kind: ReserveTicket, customer: a8a3ce72-b8bb-420d-a1ff-0f8613060db4, server: None, raw: .. }
Reserved ticket 5390 for customer a8a3ce72-b8bb-420d-a1ff-0f8613060db4
Server 65a51e17-fff5-4036-8b94-6db5de4d28d8 received client-request: Request { kind: ReserveTicket, customer: e99c70f9-f966-4774-9214-d131648896c9, server: None, raw: .. }
Reserved ticket 5389 for customer e99c70f9-f966-4774-9214-d131648896c9
Server 799bb1b2-bd8f-49e2-81f8-f7237f0eb223 received client-request: Request { kind: ReserveTicket, customer: 64b938ed-b506-427a-a504-8720b6516b69, server: None, raw: .. }
Reserved ticket 5388 for customer 64b938ed-b506-427a-a504-8720b6516b69
Server 799bb1b2-bd8f-49e2-81f8-f7237f0eb223 received client-request: Request { kind: ReserveTicket, customer: 433d10cd-5e4b-422c-8136-b66d3c45ea92, server: None, raw: .. }
Reserved ticket 5387 for customer 433d10cd-5e4b-422c-8136-b66d3c45ea92
Server 799bb1b2-bd8f-49e2-81f8-f7237f0eb223 received client-request: Request { kind: ReserveTicket, customer: 0312b38f-4c65-4c0a-b853-256fed275943, server: None, raw: .. }
Reserved ticket 5386 for customer 0312b38f-4c65-4c0a-b853-256fed275943
Server 799bb1b2-bd8f-49e2-81f8-f7237f0eb223 received client-request: Request { kind: ReserveTicket, customer: 320021e8-0304-4580-ba82-7cb7b2a3c4f6, server: None, raw: .. }
Reserved ticket 5385 for customer 320021e8-0304-4580-ba82-7cb7b2a3c4f6
Server 799bb1b2-bd8f-49e2-81f8-f7237f0eb223 received client-request: Request { kind: ReserveTicket, customer: 005f16da-9318-4dd2-995a-ed5b4c7bbe99, server: None, raw: .. }
Reserved ticket 5384 for customer 005f16da-9318-4dd2-995a-ed5b4c7bbe99
Server 799bb1b2-bd8f-49e2-81f8-f7237f0eb223 received client-request: Request { kind: ReserveTicket, customer: c3ab01bd-476f-4912-ae2b-81167455ef14, server: None, raw: .. }
Reserved ticket 5383 for customer c3ab01bd-476f-4912-ae2b-81167455ef14
Server 799bb1b2-bd8f-49e2-81f8-f7237f0eb223 received client-request: Request { kind: ReserveTicket, customer: df75c69f-bd0f-491a-9050-c42f3153a31e, server: None, raw: .. }
Reserved ticket 5382 for customer df75c69f-bd0f-491a-9050-c42f3153a31e
Server 799bb1b2-bd8f-49e2-81f8-f7237f0eb223 received client-request: Request { kind: ReserveTicket, customer: 89ae829e-f536-4e13-acb1-c9187ffca035, server: None, raw: .. }
Reserved ticket 5381 for customer 89ae829e-f536-4e13-acb1-c9187ffca035
Server 799bb1b2-bd8f-49e2-81f8-f7237f0eb223 received client-request: Request { kind: ReserveTicket, customer: 8f7a39b5-0cc2-4628-995f-1292c5b08365, server: None, raw: .. }
Reserved ticket 5380 for customer 8f7a39b5-0cc2-4628-995f-1292c5b08365
Server 799bb1b2-bd8f-49e2-81f8-f7237f0eb223 received client-request: Request { kind: ReserveTicket, customer: 0bf89a5c-28a2-4e7b-99c8-8c635fbd08f4, server: None, raw: .. }
Reserved ticket 5379 for customer 0bf89a5c-28a2-4e7b-99c8-8c635fbd08f4
Server 799bb1b2-bd8f-49e2-81f8-f7237f0eb223 received client-request: Request { kind: ReserveTicket, customer: 81d235e0-5626-4ba8-a59c-08a434b55e75, server: None, raw: .. }
Reserved ticket 5378 for customer 81d235e0-5626-4ba8-a59c-08a434b55e75
Server 799bb1b2-bd8f-49e2-81f8-f7237f0eb223 received client-request: Request { kind: ReserveTicket, customer: 5a87d67d-af65-4fc9-ab53-110abf6c0e33, server: None, raw: .. }
Reserved ticket 5377 for customer 5a87d67d-af65-4fc9-ab53-110abf6c0e33
Server 799bb1b2-bd8f-49e2-81f8-f7237f0eb223 received client-request: Request { kind: ReserveTicket, customer: cb972538-925e-473f-953d-c9f4843e3ccb, server: None, raw: .. }
Reserved ticket 5376 for customer cb972538-925e-473f-953d-c9f4843e3ccb
Server 799bb1b2-bd8f-49e2-81f8-f7237f0eb223 received client-request: Request { kind: ReserveTicket, customer: 299428e3-fbcf-48d9-8207-02efd2a990db, server: None, raw: .. }
Reserved ticket 5375 for customer 299428e3-fbcf-48d9-8207-02efd2a990db
Server 799bb1b2-bd8f-49e2-81f8-f7237f0eb223 received client-request: Request { kind: ReserveTicket, customer: 3d7900a8-f7af-4e48-9933-0c1086eff1f0, server: None, raw: .. }
Reserved ticket 5374 for customer 3d7900a8-f7af-4e48-9933-0c1086eff1f0
Server 799bb1b2-bd8f-49e2-81f8-f7237f0eb223 received client-request: Request { kind: ReserveTicket, customer: 52492a6a-863f-47e2-8832-4365d8994b16, server: None, raw: .. }
Reserved ticket 5373 for customer 52492a6a-863f-47e2-8832-4365d8994b16
Server 799bb1b2-bd8f-49e2-81f8-f7237f0eb223 received client-request: Request { kind: ReserveTicket, customer: e0d5da7e-5fd7-412f-b7a0-9ca835c8dd01, server: None, raw: .. }
Reserved ticket 5372 for customer e0d5da7e-5fd7-412f-b7a0-9ca835c8dd01
Server 799bb1b2-bd8f-49e2-81f8-f7237f0eb223 received client-request: Request { kind: ReserveTicket, customer: 45309e2b-4e6c-4e4f-a71d-0cc14bd3764a, server: None, raw: .. }
Reserved ticket 5371 for customer 45309e2b-4e6c-4e4f-a71d-0cc14bd3764a
Server 799bb1b2-bd8f-49e2-81f8-f7237f0eb223 received client-request: Request { kind: ReserveTicket, customer: d7c546af-d10b-4903-8a05-dd649ffb07f7, server: None, raw: .. }
Reserved ticket 5370 for customer d7c546af-d10b-4903-8a05-dd649ffb07f7
Server 65a51e17-fff5-4036-8b94-6db5de4d28d8 received client-request: Request { kind: ReserveTicket, customer: e2957279-e3ac-45a6-8293-bd3121ae8484, server: None, raw: .. }
Reserved ticket 5369 for customer e2957279-e3ac-45a6-8293-bd3121ae8484
Server 799bb1b2-bd8f-49e2-81f8-f7237f0eb223 received client-request: Request { kind: ReserveTicket, customer: fce9b8ce-507e-41e3-876d-62eb9c8ce6a8, server: None, raw: .. }
Reserved ticket 5368 for customer fce9b8ce-507e-41e3-876d-62eb9c8ce6a8
Server 799bb1b2-bd8f-49e2-81f8-f7237f0eb223 received client-request: Request { kind: ReserveTicket, customer: 67410ce5-8642-40ee-b6ea-8441eb77dfb9, server: None, raw: .. }
Reserved ticket 5367 for customer 67410ce5-8642-40ee-b6ea-8441eb77dfb9
Server 799bb1b2-bd8f-49e2-81f8-f7237f0eb223 received client-request: Request { kind: ReserveTicket, customer: 57aa553f-7b2e-41bd-a878-371e81636aaf, server: None, raw: .. }
Reserved ticket 5366 for customer 57aa553f-7b2e-41bd-a878-371e81636aaf
Server 799bb1b2-bd8f-49e2-81f8-f7237f0eb223 received client-request: Request { kind: ReserveTicket, customer: 19a35b1e-d65b-4ad2-8842-ab1182924e38, server: None, raw: .. }
Reserved ticket 5365 for customer 19a35b1e-d65b-4ad2-8842-ab1182924e38
Server 799bb1b2-bd8f-49e2-81f8-f7237f0eb223 received client-request: Request { kind: ReserveTicket, customer: 6df40d7d-2617-426c-8727-b3f5c4e70639, server: None, raw: .. }
Reserved ticket 5364 for customer 6df40d7d-2617-426c-8727-b3f5c4e70639
Server 799bb1b2-bd8f-49e2-81f8-f7237f0eb223 received client-request: Request { kind: ReserveTicket, customer: 537ce326-ebaf-4480-a10d-8f83e80f2d92, server: None, raw: .. }
Reserved ticket 5363 for customer 537ce326-ebaf-4480-a10d-8f83e80f2d92
Server 799bb1b2-bd8f-49e2-81f8-f7237f0eb223 received client-request: Request { kind: ReserveTicket, customer: ccabcb44-39f8-4328-a7ea-b43b43f7d00a, server: None, raw: .. }
Reserved ticket 5362 for customer ccabcb44-39f8-4328-a7ea-b43b43f7d00a
Server 799bb1b2-bd8f-49e2-81f8-f7237f0eb223 received client-request: Request { kind: ReserveTicket, customer: d3ba60d6-2b47-4b19-8098-a017e4171615, server: None, raw: .. }
Reserved ticket 5361 for customer d3ba60d6-2b47-4b19-8098-a017e4171615
Server 799bb1b2-bd8f-49e2-81f8-f7237f0eb223 received client-request: Request { kind: ReserveTicket, customer: f116806f-0678-4ba3-b4ba-4a100012ac59, server: None, raw: .. }
Reserved ticket 5360 for customer f116806f-0678-4ba3-b4ba-4a100012ac59
Server 799bb1b2-bd8f-49e2-81f8-f7237f0eb223 received client-request: Request { kind: ReserveTicket, customer: 1a3e76ca-a6f2-4828-89cc-4c651f856dc3, server: None, raw: .. }
Reserved ticket 5359 for customer 1a3e76ca-a6f2-4828-89cc-4c651f856dc3
Server 799bb1b2-bd8f-49e2-81f8-f7237f0eb223 received client-request: Request { kind: ReserveTicket, customer: 87482550-210a-4b21-9abe-1dae607a4e4d, server: None, raw: .. }
Reserved ticket 5358 for customer 87482550-210a-4b21-9abe-1dae607a4e4d
Server 799bb1b2-bd8f-49e2-81f8-f7237f0eb223 received client-request: Request { kind: ReserveTicket, customer: a9c8d0b0-1ad9-4594-b1a5-ecdf5eb3e31f, server: None, raw: .. }
Reserved ticket 5357 for customer a9c8d0b0-1ad9-4594-b1a5-ecdf5eb3e31f
Server 799bb1b2-bd8f-49e2-81f8-f7237f0eb223 received client-request: Request { kind: ReserveTicket, customer: 24ef4975-c42e-40a4-a3a0-9d04d47a582f, server: None, raw: .. }
Reserved ticket 5356 for customer 24ef4975-c42e-40a4-a3a0-9d04d47a582f
Server 799bb1b2-bd8f-49e2-81f8-f7237f0eb223 received client-request: Request { kind: ReserveTicket, customer: e9388db6-bcdf-4b60-9da7-bbd9b567b29f, server: None, raw: .. }
Reserved ticket 5355 for customer e9388db6-bcdf-4b60-9da7-bbd9b567b29f
Server 799bb1b2-bd8f-49e2-81f8-f7237f0eb223 received client-request: Request { kind: ReserveTicket, customer: 15046330-289d-4de9-a786-e520cbc43a2e, server: None, raw: .. }
Reserved ticket 5354 for customer 15046330-289d-4de9-a786-e520cbc43a2e
Server 799bb1b2-bd8f-49e2-81f8-f7237f0eb223 received client-request: Request { kind: ReserveTicket, customer: 360319a0-d3c5-40d8-ba37-d3fc4b5ec774, server: None, raw: .. }
Reserved ticket 5353 for customer 360319a0-d3c5-40d8-ba37-d3fc4b5ec774
Server 799bb1b2-bd8f-49e2-81f8-f7237f0eb223 received client-request: Request { kind: ReserveTicket, customer: 8c784a72-cb8b-4b9a-9dd3-025e61a5da7f, server: None, raw: .. }
Reserved ticket 5352 for customer 8c784a72-cb8b-4b9a-9dd3-025e61a5da7f
Server 799bb1b2-bd8f-49e2-81f8-f7237f0eb223 received client-request: Request { kind: ReserveTicket, customer: 20cdf337-66fa-4889-a496-8cf173c04bd1, server: None, raw: .. }
Reserved ticket 5351 for customer 20cdf337-66fa-4889-a496-8cf173c04bd1
Server 799bb1b2-bd8f-49e2-81f8-f7237f0eb223 received client-request: Request { kind: ReserveTicket, customer: 4f93fc3d-67fc-4afa-8a70-d569e9e70f8a, server: None, raw: .. }
Reserved ticket 5350 for customer 4f93fc3d-67fc-4afa-8a70-d569e9e70f8a
Server 65a51e17-fff5-4036-8b94-6db5de4d28d8 received client-request: Request { kind: ReserveTicket, customer: f360c64f-674d-4595-abbd-fd858922ca1d, server: None, raw: .. }
Reserved ticket 5349 for customer f360c64f-674d-4595-abbd-fd858922ca1d
Server 799bb1b2-bd8f-49e2-81f8-f7237f0eb223 received client-request: Request { kind: ReserveTicket, customer: 1bbbfc39-223e-4b9d-bf54-183894e6fa5a, server: None, raw: .. }
Reserved ticket 5348 for customer 1bbbfc39-223e-4b9d-bf54-183894e6fa5a
Server 799bb1b2-bd8f-49e2-81f8-f7237f0eb223 received client-request: Request { kind: ReserveTicket, customer: 35271296-fe42-4857-98f3-0091c301df77, server: None, raw: .. }
Reserved ticket 5347 for customer 35271296-fe42-4857-98f3-0091c301df77
Server 799bb1b2-bd8f-49e2-81f8-f7237f0eb223 received client-request: Request { kind: ReserveTicket, customer: 8526e283-0e63-47db-acf1-a9f0af32389a, server: None, raw: .. }
Reserved ticket 5346 for customer 8526e283-0e63-47db-acf1-a9f0af32389a
Server 799bb1b2-bd8f-49e2-81f8-f7237f0eb223 received client-request: Request { kind: ReserveTicket, customer: 9819ca9f-aafa-4d7b-863f-eebb3743b134, server: None, raw: .. }
Reserved ticket 5345 for customer 9819ca9f-aafa-4d7b-863f-eebb3743b134
Server 799bb1b2-bd8f-49e2-81f8-f7237f0eb223 received client-request: Request { kind: ReserveTicket, customer: 7c56b3fc-a834-4bbf-bc5b-a5de510541a0, server: None, raw: .. }
Reserved ticket 5344 for customer 7c56b3fc-a834-4bbf-bc5b-a5de510541a0
Server 799bb1b2-bd8f-49e2-81f8-f7237f0eb223 received client-request: Request { kind: ReserveTicket, customer: 071f7cc0-90c0-48d0-9a58-fdd874c1a801, server: None, raw: .. }
Reserved ticket 5343 for customer 071f7cc0-90c0-48d0-9a58-fdd874c1a801
Server 799bb1b2-bd8f-49e2-81f8-f7237f0eb223 received client-request: Request { kind: ReserveTicket, customer: 5cf22e21-21b4-4183-a771-f5907a57bd1d, server: None, raw: .. }
Reserved ticket 5342 for customer 5cf22e21-21b4-4183-a771-f5907a57bd1d
Server 799bb1b2-bd8f-49e2-81f8-f7237f0eb223 received client-request: Request { kind: ReserveTicket, customer: a5031a9c-2250-4beb-a8b4-e191355e0e5e, server: None, raw: .. }
Reserved ticket 5341 for customer a5031a9c-2250-4beb-a8b4-e191355e0e5e
Server 799bb1b2-bd8f-49e2-81f8-f7237f0eb223 received client-request: Request { kind: ReserveTicket, customer: e4b5a987-af8f-4d67-940f-32b020704ff2, server: None, raw: .. }
Reserved ticket 5340 for customer e4b5a987-af8f-4d67-940f-32b020704ff2
Server 799bb1b2-bd8f-49e2-81f8-f7237f0eb223 received client-request: Request { kind: ReserveTicket, customer: 5b5bb9a8-f8ed-484d-b660-01b578a6d1c7, server: None, raw: .. }
Reserved ticket 5339 for customer 5b5bb9a8-f8ed-484d-b660-01b578a6d1c7
Server 799bb1b2-bd8f-49e2-81f8-f7237f0eb223 received client-request: Request { kind: ReserveTicket, customer: 22dcbd85-0ee5-484e-ba65-a90841333a27, server: None, raw: .. }
Reserved ticket 5338 for customer 22dcbd85-0ee5-484e-ba65-a90841333a27
Server 799bb1b2-bd8f-49e2-81f8-f7237f0eb223 received client-request: Request { kind: ReserveTicket, customer: c6c1c8a6-0186-4dcf-aeec-b64f3c1422d5, server: None, raw: .. }
Reserved ticket 5337 for customer c6c1c8a6-0186-4dcf-aeec-b64f3c1422d5
Server 799bb1b2-bd8f-49e2-81f8-f7237f0eb223 received client-request: Request { kind: ReserveTicket, customer: ba461d24-8fb5-4c10-a380-8daa295f121f, server: None, raw: .. }
Reserved ticket 5336 for customer ba461d24-8fb5-4c10-a380-8daa295f121f
Server 799bb1b2-bd8f-49e2-81f8-f7237f0eb223 received client-request: Request { kind: ReserveTicket, customer: 4bc87045-cb79-4e30-adbf-04bdb4621558, server: None, raw: .. }
Reserved ticket 5335 for customer 4bc87045-cb79-4e30-adbf-04bdb4621558
Server 799bb1b2-bd8f-49e2-81f8-f7237f0eb223 received client-request: Request { kind: ReserveTicket, customer: fc6e91c0-2d2a-47a1-afcc-d2b7509cd497, server: None, raw: .. }
Reserved ticket 5334 for customer fc6e91c0-2d2a-47a1-afcc-d2b7509cd497
Server 799bb1b2-bd8f-49e2-81f8-f7237f0eb223 received client-request: Request { kind: ReserveTicket, customer: 6e2d69c7-33e6-40d5-8e49-2c10be697d82, server: None, raw: .. }
Reserved ticket 5333 for customer 6e2d69c7-33e6-40d5-8e49-2c10be697d82
Server 799bb1b2-bd8f-49e2-81f8-f7237f0eb223 received client-request: Request { kind: ReserveTicket, customer: 5e2212f9-00c6-4a8d-8652-a6245acd73c0, server: None, raw: .. }
Reserved ticket 5332 for customer 5e2212f9-00c6-4a8d-8652-a6245acd73c0
Server 799bb1b2-bd8f-49e2-81f8-f7237f0eb223 received client-request: Request { kind: ReserveTicket, customer: 4382553e-5a7d-45f4-a653-87bd60d5799e, server: None, raw: .. }
Reserved ticket 5331 for customer 4382553e-5a7d-45f4-a653-87bd60d5799e
Server 799bb1b2-bd8f-49e2-81f8-f7237f0eb223 received client-request: Request { kind: ReserveTicket, customer: 6c4f4c11-b67e-4286-a469-83b4cc28f09e, server: None, raw: .. }
Reserved ticket 5330 for customer 6c4f4c11-b67e-4286-a469-83b4cc28f09e
Server 65a51e17-fff5-4036-8b94-6db5de4d28d8 received client-request: Request { kind: ReserveTicket, customer: 92e90e61-93a2-41de-b864-461dd064d795, server: None, raw: .. }
Reserved ticket 5329 for customer 92e90e61-93a2-41de-b864-461dd064d795
Server 799bb1b2-bd8f-49e2-81f8-f7237f0eb223 received client-request: Request { kind: ReserveTicket, customer: 65280466-1bdf-4bf1-9516-843980b0c5b5, server: None, raw: .. }
Reserved ticket 5328 for customer 65280466-1bdf-4bf1-9516-843980b0c5b5
Server 799bb1b2-bd8f-49e2-81f8-f7237f0eb223 received client-request: Request { kind: ReserveTicket, customer: 973c2457-dc19-4531-845d-41d53f5dc17f, server: None, raw: .. }
Reserved ticket 5327 for customer 973c2457-dc19-4531-845d-41d53f5dc17f
Server 799bb1b2-bd8f-49e2-81f8-f7237f0eb223 received client-request: Request { kind: ReserveTicket, customer: 840e6b67-5ff4-4e9c-9d31-7aede20dae11, server: None, raw: .. }
Reserved ticket 5326 for customer 840e6b67-5ff4-4e9c-9d31-7aede20dae11
Server 799bb1b2-bd8f-49e2-81f8-f7237f0eb223 received client-request: Request { kind: ReserveTicket, customer: 424462d2-0a36-4d0a-a80a-ae3969e39774, server: None, raw: .. }
Reserved ticket 5325 for customer 424462d2-0a36-4d0a-a80a-ae3969e39774
Server 799bb1b2-bd8f-49e2-81f8-f7237f0eb223 received client-request: Request { kind: ReserveTicket, customer: 1d99c2a3-5d62-43a6-a651-37a8f55a9b39, server: None, raw: .. }
Reserved ticket 5324 for customer 1d99c2a3-5d62-43a6-a651-37a8f55a9b39
Server 799bb1b2-bd8f-49e2-81f8-f7237f0eb223 received client-request: Request { kind: ReserveTicket, customer: 2668a61a-568a-46fd-aebe-bed21f7229de, server: None, raw: .. }
Reserved ticket 5323 for customer 2668a61a-568a-46fd-aebe-bed21f7229de
Server 799bb1b2-bd8f-49e2-81f8-f7237f0eb223 received client-request: Request { kind: ReserveTicket, customer: 9b45bae5-e5f7-4cc4-90de-a6b683fe06af, server: None, raw: .. }
Reserved ticket 5322 for customer 9b45bae5-e5f7-4cc4-90de-a6b683fe06af
Server 799bb1b2-bd8f-49e2-81f8-f7237f0eb223 received client-request: Request { kind: ReserveTicket, customer: 86234f2a-0770-414f-a118-94b59c1f8f8d, server: None, raw: .. }
Reserved ticket 5321 for customer 86234f2a-0770-414f-a118-94b59c1f8f8d
Server 799bb1b2-bd8f-49e2-81f8-f7237f0eb223 received client-request: Request { kind: ReserveTicket, customer: c251ca16-f925-4c85-a71d-a647169f8d53, server: None, raw: .. }
Reserved ticket 5320 for customer c251ca16-f925-4c85-a71d-a647169f8d53
Server 799bb1b2-bd8f-49e2-81f8-f7237f0eb223 received client-request: Request { kind: ReserveTicket, customer: b3f5ddf2-3200-4767-9620-295287bfd490, server: None, raw: .. }
Reserved ticket 5319 for customer b3f5ddf2-3200-4767-9620-295287bfd490
Server 799bb1b2-bd8f-49e2-81f8-f7237f0eb223 received client-request: Request { kind: ReserveTicket, customer: 4a078f9c-8133-4587-ac9a-38e6f58fbeee, server: None, raw: .. }
Reserved ticket 5318 for customer 4a078f9c-8133-4587-ac9a-38e6f58fbeee
Server 799bb1b2-bd8f-49e2-81f8-f7237f0eb223 received client-request: Request { kind: ReserveTicket, customer: 35c381c8-3a04-4cf3-8882-5b5931259671, server: None, raw: .. }
Reserved ticket 5317 for customer 35c381c8-3a04-4cf3-8882-5b5931259671
Server 799bb1b2-bd8f-49e2-81f8-f7237f0eb223 received client-request: Request { kind: ReserveTicket, customer: 8ba3238a-b14b-410f-8d6a-b49eacac8514, server: None, raw: .. }
Reserved ticket 5316 for customer 8ba3238a-b14b-410f-8d6a-b49eacac8514
Server 799bb1b2-bd8f-49e2-81f8-f7237f0eb223 received client-request: Request { kind: ReserveTicket, customer: 6611d6ac-4d86-48a2-8903-5668e54adde8, server: None, raw: .. }
Reserved ticket 5315 for customer 6611d6ac-4d86-48a2-8903-5668e54adde8
Server 799bb1b2-bd8f-49e2-81f8-f7237f0eb223 received client-request: Request { kind: ReserveTicket, customer: c022120e-4cad-46a9-9045-a4ea3846d176, server: None, raw: .. }
Reserved ticket 5314 for customer c022120e-4cad-46a9-9045-a4ea3846d176
Server 799bb1b2-bd8f-49e2-81f8-f7237f0eb223 received client-request: Request { kind: ReserveTicket, customer: efe57679-7d81-432e-850b-5afd14e4591a, server: None, raw: .. }
Reserved ticket 5313 for customer efe57679-7d81-432e-850b-5afd14e4591a
Server 799bb1b2-bd8f-49e2-81f8-f7237f0eb223 received client-request: Request { kind: ReserveTicket, customer: 62580f91-543f-47af-b523-c27d3f3d821c, server: None, raw: .. }
Reserved ticket 5312 for customer 62580f91-543f-47af-b523-c27d3f3d821c
Server 799bb1b2-bd8f-49e2-81f8-f7237f0eb223 received client-request: Request { kind: ReserveTicket, customer: ee67aabc-affc-4e8e-8463-305337539b5c, server: None, raw: .. }
Reserved ticket 5311 for customer ee67aabc-affc-4e8e-8463-305337539b5c
Server 799bb1b2-bd8f-49e2-81f8-f7237f0eb223 received client-request: Request { kind: ReserveTicket, customer: 48fc966e-68cd-4a5e-a9c9-537a83d5a74a, server: None, raw: .. }
Reserved ticket 5310 for customer 48fc966e-68cd-4a5e-a9c9-537a83d5a74a
Server 65a51e17-fff5-4036-8b94-6db5de4d28d8 received client-request: Request { kind: ReserveTicket, customer: 1f237a1d-4c33-40b3-8017-225f6153c823, server: None, raw: .. }
Reserved ticket 5309 for customer 1f237a1d-4c33-40b3-8017-225f6153c823
Server 799bb1b2-bd8f-49e2-81f8-f7237f0eb223 received client-request: Request { kind: ReserveTicket, customer: 81767d7a-88b1-42dc-b4ac-cfad9881f93a, server: None, raw: .. }
Reserved ticket 5308 for customer 81767d7a-88b1-42dc-b4ac-cfad9881f93a
Server 799bb1b2-bd8f-49e2-81f8-f7237f0eb223 received client-request: Request { kind: ReserveTicket, customer: 62bf17fb-9420-4700-bd36-f5da04330310, server: None, raw: .. }
Reserved ticket 5307 for customer 62bf17fb-9420-4700-bd36-f5da04330310
Server 799bb1b2-bd8f-49e2-81f8-f7237f0eb223 received client-request: Request { kind: ReserveTicket, customer: 67e3dbad-5cb2-439f-b01a-728b3cb4f7fb, server: None, raw: .. }
Reserved ticket 5306 for customer 67e3dbad-5cb2-439f-b01a-728b3cb4f7fb
Server 799bb1b2-bd8f-49e2-81f8-f7237f0eb223 received client-request: Request { kind: ReserveTicket, customer: 5f0e1818-e803-4621-aca9-a9181122f092, server: None, raw: .. }
Reserved ticket 5305 for customer 5f0e1818-e803-4621-aca9-a9181122f092
Server 799bb1b2-bd8f-49e2-81f8-f7237f0eb223 received client-request: Request { kind: ReserveTicket, customer: f562edee-d06d-425d-846e-6d1e6102c977, server: None, raw: .. }
Reserved ticket 5304 for customer f562edee-d06d-425d-846e-6d1e6102c977
Server 799bb1b2-bd8f-49e2-81f8-f7237f0eb223 received client-request: Request { kind: ReserveTicket, customer: 249346f8-4ef1-4ba7-999f-456a8d2e90f1, server: None, raw: .. }
Reserved ticket 5303 for customer 249346f8-4ef1-4ba7-999f-456a8d2e90f1
Server 799bb1b2-bd8f-49e2-81f8-f7237f0eb223 received client-request: Request { kind: ReserveTicket, customer: 374f97e3-dd79-4da4-882a-84e881fe67e6, server: None, raw: .. }
Reserved ticket 5302 for customer 374f97e3-dd79-4da4-882a-84e881fe67e6
Server 799bb1b2-bd8f-49e2-81f8-f7237f0eb223 received client-request: Request { kind: ReserveTicket, customer: f5df8fd6-4f63-49d4-b8ee-6c8c68eeb5b9, server: None, raw: .. }
Reserved ticket 5301 for customer f5df8fd6-4f63-49d4-b8ee-6c8c68eeb5b9
Server 799bb1b2-bd8f-49e2-81f8-f7237f0eb223 received client-request: Request { kind: ReserveTicket, customer: fcdff733-45fb-41eb-bbf0-f298fee3f8b5, server: None, raw: .. }
Reserved ticket 5300 for customer fcdff733-45fb-41eb-bbf0-f298fee3f8b5
Server 799bb1b2-bd8f-49e2-81f8-f7237f0eb223 received client-request: Request { kind: ReserveTicket, customer: 1326004a-2d7f-486b-8f3a-99e29945f95d, server: None, raw: .. }
Reserved ticket 5299 for customer 1326004a-2d7f-486b-8f3a-99e29945f95d
Server 799bb1b2-bd8f-49e2-81f8-f7237f0eb223 received client-request: Request { kind: ReserveTicket, customer: 853c9b2d-f5d9-4908-bb38-b8572e18db18, server: None, raw: .. }
Reserved ticket 5298 for customer 853c9b2d-f5d9-4908-bb38-b8572e18db18
Server 799bb1b2-bd8f-49e2-81f8-f7237f0eb223 received client-request: Request { kind: ReserveTicket, customer: 11edd1a6-3afd-4b63-84d1-a4ede08ac691, server: None, raw: .. }
Reserved ticket 5297 for customer 11edd1a6-3afd-4b63-84d1-a4ede08ac691
Server 799bb1b2-bd8f-49e2-81f8-f7237f0eb223 received client-request: Request { kind: ReserveTicket, customer: ee17b2ec-b7ee-4d71-8bba-d830fbe1526f, server: None, raw: .. }
Reserved ticket 5296 for customer ee17b2ec-b7ee-4d71-8bba-d830fbe1526f
Server 799bb1b2-bd8f-49e2-81f8-f7237f0eb223 received client-request: Request { kind: ReserveTicket, customer: eeaef746-2b38-4813-9ec4-39660837c417, server: None, raw: .. }
Reserved ticket 5295 for customer eeaef746-2b38-4813-9ec4-39660837c417
Server 799bb1b2-bd8f-49e2-81f8-f7237f0eb223 received client-request: Request { kind: ReserveTicket, customer: aa009f8d-0777-419e-881b-9bb55f8b8e43, server: None, raw: .. }
Reserved ticket 5294 for customer aa009f8d-0777-419e-881b-9bb55f8b8e43
Server 799bb1b2-bd8f-49e2-81f8-f7237f0eb223 received client-request: Request { kind: ReserveTicket, customer: 0cebf99d-b4fe-4aea-a014-283add912d13, server: None, raw: .. }
Reserved ticket 5293 for customer 0cebf99d-b4fe-4aea-a014-283add912d13
Server 799bb1b2-bd8f-49e2-81f8-f7237f0eb223 received client-request: Request { kind: ReserveTicket, customer: ebe1f8a7-b414-44f5-b6da-3dffc8677b9d, server: None, raw: .. }
Reserved ticket 5292 for customer ebe1f8a7-b414-44f5-b6da-3dffc8677b9d
Server 799bb1b2-bd8f-49e2-81f8-f7237f0eb223 received client-request: Request { kind: ReserveTicket, customer: 166d2356-fdff-4b91-9673-2a6b48cc4c88, server: None, raw: .. }
Reserved ticket 5291 for customer 166d2356-fdff-4b91-9673-2a6b48cc4c88
Server 799bb1b2-bd8f-49e2-81f8-f7237f0eb223 received client-request: Request { kind: ReserveTicket, customer: daf21830-9cb8-4196-9351-93c1763a6b52, server: None, raw: .. }
Reserved ticket 5290 for customer daf21830-9cb8-4196-9351-93c1763a6b52
Server 65a51e17-fff5-4036-8b94-6db5de4d28d8 received client-request: Request { kind: ReserveTicket, customer: c606f0fc-1c82-450e-9c1c-d20ca244ab88, server: None, raw: .. }
Reserved ticket 5289 for customer c606f0fc-1c82-450e-9c1c-d20ca244ab88
Server 799bb1b2-bd8f-49e2-81f8-f7237f0eb223 received client-request: Request { kind: ReserveTicket, customer: a8abf88e-c093-466c-b13d-33c95b653acc, server: None, raw: .. }
Reserved ticket 5288 for customer a8abf88e-c093-466c-b13d-33c95b653acc
Server 799bb1b2-bd8f-49e2-81f8-f7237f0eb223 received client-request: Request { kind: ReserveTicket, customer: fe9ed8e1-ec6d-4276-acb0-35e5ec33d658, server: None, raw: .. }
Reserved ticket 5287 for customer fe9ed8e1-ec6d-4276-acb0-35e5ec33d658
Server 799bb1b2-bd8f-49e2-81f8-f7237f0eb223 received client-request: Request { kind: ReserveTicket, customer: f723d7e8-c585-4275-a247-6955758c817f, server: None, raw: .. }
Reserved ticket 5286 for customer f723d7e8-c585-4275-a247-6955758c817f
Server 799bb1b2-bd8f-49e2-81f8-f7237f0eb223 received client-request: Request { kind: ReserveTicket, customer: 84cd6a22-afb3-4858-a64e-7d786311159f, server: None, raw: .. }
Reserved ticket 5285 for customer 84cd6a22-afb3-4858-a64e-7d786311159f
Server 799bb1b2-bd8f-49e2-81f8-f7237f0eb223 received client-request: Request { kind: ReserveTicket, customer: 001b4ede-6d91-4fda-8934-50bbeb87f0d7, server: None, raw: .. }
Reserved ticket 5284 for customer 001b4ede-6d91-4fda-8934-50bbeb87f0d7
Server 799bb1b2-bd8f-49e2-81f8-f7237f0eb223 received client-request: Request { kind: ReserveTicket, customer: b1ea14b0-4987-4604-9001-6d140348d8ce, server: None, raw: .. }
Reserved ticket 5283 for customer b1ea14b0-4987-4604-9001-6d140348d8ce
Server 799bb1b2-bd8f-49e2-81f8-f7237f0eb223 received client-request: Request { kind: ReserveTicket, customer: 44d3973c-2c49-4bbc-a8c3-5fdce0fcba2a, server: None, raw: .. }
Reserved ticket 5282 for customer 44d3973c-2c49-4bbc-a8c3-5fdce0fcba2a
Server 799bb1b2-bd8f-49e2-81f8-f7237f0eb223 received client-request: Request { kind: ReserveTicket, customer: 0a0506f7-43d0-424f-ac2b-f4a196d99828, server: None, raw: .. }
Reserved ticket 5281 for customer 0a0506f7-43d0-424f-ac2b-f4a196d99828
Server 799bb1b2-bd8f-49e2-81f8-f7237f0eb223 received client-request: Request { kind: ReserveTicket, customer: ca24ff7b-21b1-4510-a0c3-7fed18ff5165, server: None, raw: .. }
Reserved ticket 5280 for customer ca24ff7b-21b1-4510-a0c3-7fed18ff5165
Server 799bb1b2-bd8f-49e2-81f8-f7237f0eb223 received client-request: Request { kind: ReserveTicket, customer: 919fbe70-a004-4625-9ae9-876cfeba96af, server: None, raw: .. }
Reserved ticket 5279 for customer 919fbe70-a004-4625-9ae9-876cfeba96af
Server 799bb1b2-bd8f-49e2-81f8-f7237f0eb223 received client-request: Request { kind: ReserveTicket, customer: a3a0a19d-7189-471f-93fc-04bff1fd7374, server: None, raw: .. }
Reserved ticket 5278 for customer a3a0a19d-7189-471f-93fc-04bff1fd7374
Server 799bb1b2-bd8f-49e2-81f8-f7237f0eb223 received client-request: Request { kind: ReserveTicket, customer: 160fbee7-88ce-40aa-b74a-a2c1a15a5c6d, server: None, raw: .. }
Reserved ticket 5277 for customer 160fbee7-88ce-40aa-b74a-a2c1a15a5c6d
Server 799bb1b2-bd8f-49e2-81f8-f7237f0eb223 received client-request: Request { kind: ReserveTicket, customer: d61b0c1a-029b-4aac-ab32-5d8d5330f603, server: None, raw: .. }
Reserved ticket 5276 for customer d61b0c1a-029b-4aac-ab32-5d8d5330f603
Server 799bb1b2-bd8f-49e2-81f8-f7237f0eb223 received client-request: Request { kind: ReserveTicket, customer: e330c638-5019-4e69-a92e-d5e5ddb18140, server: None, raw: .. }
Reserved ticket 5275 for customer e330c638-5019-4e69-a92e-d5e5ddb18140
Server 799bb1b2-bd8f-49e2-81f8-f7237f0eb223 received client-request: Request { kind: ReserveTicket, customer: cb0a6384-0c20-4439-928d-deb558fa0d31, server: None, raw: .. }
Reserved ticket 5274 for customer cb0a6384-0c20-4439-928d-deb558fa0d31
Server 799bb1b2-bd8f-49e2-81f8-f7237f0eb223 received client-request: Request { kind: ReserveTicket, customer: 9305ce53-b5b3-4273-bfac-b0fce3be11f0, server: None, raw: .. }
Reserved ticket 5273 for customer 9305ce53-b5b3-4273-bfac-b0fce3be11f0
Server 799bb1b2-bd8f-49e2-81f8-f7237f0eb223 received client-request: Request { kind: ReserveTicket, customer: 6e068f04-cfbf-4c46-8a61-d2d1ccebe1b6, server: None, raw: .. }
Reserved ticket 5272 for customer 6e068f04-cfbf-4c46-8a61-d2d1ccebe1b6
Server 799bb1b2-bd8f-49e2-81f8-f7237f0eb223 received client-request: Request { kind: ReserveTicket, customer: 5db2e591-a0e1-401f-a2aa-392f44564b5d, server: None, raw: .. }
Reserved ticket 5271 for customer 5db2e591-a0e1-401f-a2aa-392f44564b5d
Server 799bb1b2-bd8f-49e2-81f8-f7237f0eb223 received client-request: Request { kind: ReserveTicket, customer: 13fe62cd-1cef-4947-82c2-1a673249f2e3, server: None, raw: .. }
Reserved ticket 5270 for customer 13fe62cd-1cef-4947-82c2-1a673249f2e3
Server 65a51e17-fff5-4036-8b94-6db5de4d28d8 received client-request: Request { kind: ReserveTicket, customer: 9606b442-82df-42ac-bb7a-0dde65361f05, server: None, raw: .. }
Reserved ticket 5269 for customer 9606b442-82df-42ac-bb7a-0dde65361f05
Server 799bb1b2-bd8f-49e2-81f8-f7237f0eb223 received client-request: Request { kind: ReserveTicket, customer: a5265be9-f989-4ffd-81cc-3f09b9b51e4b, server: None, raw: .. }
Reserved ticket 5268 for customer a5265be9-f989-4ffd-81cc-3f09b9b51e4b
Server 799bb1b2-bd8f-49e2-81f8-f7237f0eb223 received client-request: Request { kind: ReserveTicket, customer: 850f28d6-3f51-44f4-8e70-9a6c5dbbd1fa, server: None, raw: .. }
Reserved ticket 5267 for customer 850f28d6-3f51-44f4-8e70-9a6c5dbbd1fa
Server 799bb1b2-bd8f-49e2-81f8-f7237f0eb223 received client-request: Request { kind: ReserveTicket, customer: 1bc66ec7-97db-4741-ab87-8af0dd2a9d8b, server: None, raw: .. }
Reserved ticket 5266 for customer 1bc66ec7-97db-4741-ab87-8af0dd2a9d8b
Server 799bb1b2-bd8f-49e2-81f8-f7237f0eb223 received client-request: Request { kind: ReserveTicket, customer: 01c9c076-1e58-4462-8a48-6031630339a9, server: None, raw: .. }
Reserved ticket 5265 for customer 01c9c076-1e58-4462-8a48-6031630339a9
Server 799bb1b2-bd8f-49e2-81f8-f7237f0eb223 received client-request: Request { kind: ReserveTicket, customer: 7af5cb9c-716f-4cce-afde-d19f07709af0, server: None, raw: .. }
Reserved ticket 5264 for customer 7af5cb9c-716f-4cce-afde-d19f07709af0
Server 799bb1b2-bd8f-49e2-81f8-f7237f0eb223 received client-request: Request { kind: ReserveTicket, customer: dc8818c2-9a2c-45ed-8d2c-e9b455e9a3b4, server: None, raw: .. }
Reserved ticket 5263 for customer dc8818c2-9a2c-45ed-8d2c-e9b455e9a3b4
Server 799bb1b2-bd8f-49e2-81f8-f7237f0eb223 received client-request: Request { kind: ReserveTicket, customer: e882a32d-ad65-4f09-9986-c309be20a0bf, server: None, raw: .. }
Reserved ticket 5262 for customer e882a32d-ad65-4f09-9986-c309be20a0bf
Server 799bb1b2-bd8f-49e2-81f8-f7237f0eb223 received client-request: Request { kind: ReserveTicket, customer: a2913c0a-dd50-4f61-8c15-2e25f9740aa2, server: None, raw: .. }
Reserved ticket 5261 for customer a2913c0a-dd50-4f61-8c15-2e25f9740aa2
Server 799bb1b2-bd8f-49e2-81f8-f7237f0eb223 received client-request: Request { kind: ReserveTicket, customer: 999cdf3b-efd9-4b55-b1b1-66e30360b154, server: None, raw: .. }
Reserved ticket 5260 for customer 999cdf3b-efd9-4b55-b1b1-66e30360b154
Server 799bb1b2-bd8f-49e2-81f8-f7237f0eb223 received client-request: Request { kind: ReserveTicket, customer: 506109ef-3a10-4259-a99c-30726287bc05, server: None, raw: .. }
Reserved ticket 5259 for customer 506109ef-3a10-4259-a99c-30726287bc05
Server 799bb1b2-bd8f-49e2-81f8-f7237f0eb223 received client-request: Request { kind: ReserveTicket, customer: 03d0e853-69d0-49c5-95db-86ba3c3fabde, server: None, raw: .. }
Reserved ticket 5258 for customer 03d0e853-69d0-49c5-95db-86ba3c3fabde
Server 799bb1b2-bd8f-49e2-81f8-f7237f0eb223 received client-request: Request { kind: ReserveTicket, customer: ec6aae22-f9ee-47d8-ad7f-c92e11427e66, server: None, raw: .. }
Reserved ticket 5257 for customer ec6aae22-f9ee-47d8-ad7f-c92e11427e66
Server 799bb1b2-bd8f-49e2-81f8-f7237f0eb223 received client-request: Request { kind: ReserveTicket, customer: 85659086-90ec-4b8f-b0a8-bd2130f27f42, server: None, raw: .. }
Reserved ticket 5256 for customer 85659086-90ec-4b8f-b0a8-bd2130f27f42
Server 799bb1b2-bd8f-49e2-81f8-f7237f0eb223 received client-request: Request { kind: ReserveTicket, customer: 7f90077f-00fd-4c3a-bb15-c915aac934db, server: None, raw: .. }
Reserved ticket 5255 for customer 7f90077f-00fd-4c3a-bb15-c915aac934db
Server 799bb1b2-bd8f-49e2-81f8-f7237f0eb223 received client-request: Request { kind: ReserveTicket, customer: 343579b5-b934-4658-98bb-258ab9d44e64, server: None, raw: .. }
Reserved ticket 5254 for customer 343579b5-b934-4658-98bb-258ab9d44e64
Server 799bb1b2-bd8f-49e2-81f8-f7237f0eb223 received client-request: Request { kind: ReserveTicket, customer: 560a9999-6d7b-4e32-bcf5-1f0d81dd8ea0, server: None, raw: .. }
Reserved ticket 5253 for customer 560a9999-6d7b-4e32-bcf5-1f0d81dd8ea0
Server 799bb1b2-bd8f-49e2-81f8-f7237f0eb223 received client-request: Request { kind: ReserveTicket, customer: 87e81303-7c65-4f66-b4b6-95f869fb1ec3, server: None, raw: .. }
Reserved ticket 5252 for customer 87e81303-7c65-4f66-b4b6-95f869fb1ec3
Server 799bb1b2-bd8f-49e2-81f8-f7237f0eb223 received client-request: Request { kind: ReserveTicket, customer: 0c0f182c-cece-4e80-96ad-54851eeaf2fe, server: None, raw: .. }
Reserved ticket 5251 for customer 0c0f182c-cece-4e80-96ad-54851eeaf2fe
Server 799bb1b2-bd8f-49e2-81f8-f7237f0eb223 received client-request: Request { kind: ReserveTicket, customer: f19cbd85-a819-49d4-9cf2-fa7c39275b3d, server: None, raw: .. }
Reserved ticket 5250 for customer f19cbd85-a819-49d4-9cf2-fa7c39275b3d
Server 65a51e17-fff5-4036-8b94-6db5de4d28d8 received client-request: Request { kind: ReserveTicket, customer: 217d937c-8555-4139-94c9-5722ee6aaa88, server: None, raw: .. }
Reserved ticket 5249 for customer 217d937c-8555-4139-94c9-5722ee6aaa88
Server 799bb1b2-bd8f-49e2-81f8-f7237f0eb223 received client-request: Request { kind: ReserveTicket, customer: f8889054-9d18-4cbe-a26f-3676d104b67c, server: None, raw: .. }
Reserved ticket 5248 for customer f8889054-9d18-4cbe-a26f-3676d104b67c
Server 799bb1b2-bd8f-49e2-81f8-f7237f0eb223 received client-request: Request { kind: ReserveTicket, customer: 8350062c-9ace-4469-9174-36dfe626edb6, server: None, raw: .. }
Reserved ticket 5247 for customer 8350062c-9ace-4469-9174-36dfe626edb6
Server 799bb1b2-bd8f-49e2-81f8-f7237f0eb223 received client-request: Request { kind: ReserveTicket, customer: 51e827fc-5671-484b-ab5d-f93ad66a28f7, server: None, raw: .. }
Reserved ticket 5246 for customer 51e827fc-5671-484b-ab5d-f93ad66a28f7
Server 799bb1b2-bd8f-49e2-81f8-f7237f0eb223 received client-request: Request { kind: ReserveTicket, customer: ab10c49c-1002-4e5d-9ded-a9e971d74dd5, server: None, raw: .. }
Reserved ticket 5245 for customer ab10c49c-1002-4e5d-9ded-a9e971d74dd5
Server 799bb1b2-bd8f-49e2-81f8-f7237f0eb223 received client-request: Request { kind: ReserveTicket, customer: 679d60a0-44b9-4d0e-b3c6-e349629b43ce, server: None, raw: .. }
Reserved ticket 5244 for customer 679d60a0-44b9-4d0e-b3c6-e349629b43ce
Server 799bb1b2-bd8f-49e2-81f8-f7237f0eb223 received client-request: Request { kind: ReserveTicket, customer: eb3c74ab-38c2-4b53-8f9c-7618b3229e8d, server: None, raw: .. }
Reserved ticket 5243 for customer eb3c74ab-38c2-4b53-8f9c-7618b3229e8d
Server 799bb1b2-bd8f-49e2-81f8-f7237f0eb223 received client-request: Request { kind: ReserveTicket, customer: 1cdf391e-79b7-441c-ad60-0553b8f1e087, server: None, raw: .. }
Reserved ticket 5242 for customer 1cdf391e-79b7-441c-ad60-0553b8f1e087
Server 799bb1b2-bd8f-49e2-81f8-f7237f0eb223 received client-request: Request { kind: ReserveTicket, customer: e946a3c5-0228-498d-9430-04f7fa45a61f, server: None, raw: .. }
Reserved ticket 5241 for customer e946a3c5-0228-498d-9430-04f7fa45a61f
Server 799bb1b2-bd8f-49e2-81f8-f7237f0eb223 received client-request: Request { kind: ReserveTicket, customer: 576d0080-4284-4cc7-9057-566488b32b7a, server: None, raw: .. }
Reserved ticket 5240 for customer 576d0080-4284-4cc7-9057-566488b32b7a
Server 799bb1b2-bd8f-49e2-81f8-f7237f0eb223 received client-request: Request { kind: ReserveTicket, customer: 73f44638-671f-4a4a-a18c-6b173efe35cf, server: None, raw: .. }
Reserved ticket 5239 for customer 73f44638-671f-4a4a-a18c-6b173efe35cf
Server 799bb1b2-bd8f-49e2-81f8-f7237f0eb223 received client-request: Request { kind: ReserveTicket, customer: 0fe4784d-3265-48e6-a794-69511935f2d8, server: None, raw: .. }
Reserved ticket 5238 for customer 0fe4784d-3265-48e6-a794-69511935f2d8
Server 799bb1b2-bd8f-49e2-81f8-f7237f0eb223 received client-request: Request { kind: ReserveTicket, customer: 9ebfc5e2-6e3f-44cc-b39b-092f40798e35, server: None, raw: .. }
Reserved ticket 5237 for customer 9ebfc5e2-6e3f-44cc-b39b-092f40798e35
Server 799bb1b2-bd8f-49e2-81f8-f7237f0eb223 received client-request: Request { kind: ReserveTicket, customer: 5755e935-c65d-460b-8d1f-ccc3384db1ad, server: None, raw: .. }
Reserved ticket 5236 for customer 5755e935-c65d-460b-8d1f-ccc3384db1ad
Server 799bb1b2-bd8f-49e2-81f8-f7237f0eb223 received client-request: Request { kind: ReserveTicket, customer: ea8b1ee3-4229-4edb-96b2-e3ff34f55ad3, server: None, raw: .. }
Reserved ticket 5235 for customer ea8b1ee3-4229-4edb-96b2-e3ff34f55ad3
Server 799bb1b2-bd8f-49e2-81f8-f7237f0eb223 received client-request: Request { kind: ReserveTicket, customer: 355e8ab6-a692-4858-b903-7b320b63077c, server: None, raw: .. }
Reserved ticket 5234 for customer 355e8ab6-a692-4858-b903-7b320b63077c
Server 799bb1b2-bd8f-49e2-81f8-f7237f0eb223 received client-request: Request { kind: ReserveTicket, customer: 1d97acd6-6ee3-4380-9f4a-edea46b31054, server: None, raw: .. }
Reserved ticket 5233 for customer 1d97acd6-6ee3-4380-9f4a-edea46b31054
Server 799bb1b2-bd8f-49e2-81f8-f7237f0eb223 received client-request: Request { kind: ReserveTicket, customer: 121e8ecb-79d7-4154-b68a-4b4b379e09e2, server: None, raw: .. }
Reserved ticket 5232 for customer 121e8ecb-79d7-4154-b68a-4b4b379e09e2
Server 799bb1b2-bd8f-49e2-81f8-f7237f0eb223 received client-request: Request { kind: ReserveTicket, customer: 73b4b33e-3dbd-4274-a6d9-eca5d3cbf5d4, server: None, raw: .. }
Reserved ticket 5231 for customer 73b4b33e-3dbd-4274-a6d9-eca5d3cbf5d4
Server 799bb1b2-bd8f-49e2-81f8-f7237f0eb223 received client-request: Request { kind: ReserveTicket, customer: 343c8ed9-6f11-49c4-8f78-0db256b6f313, server: None, raw: .. }
Reserved ticket 5230 for customer 343c8ed9-6f11-49c4-8f78-0db256b6f313
Server 65a51e17-fff5-4036-8b94-6db5de4d28d8 received client-request: Request { kind: ReserveTicket, customer: e85c9ba2-8634-40ef-9c73-d0856975bc69, server: None, raw: .. }
Reserved ticket 5229 for customer e85c9ba2-8634-40ef-9c73-d0856975bc69
Server 799bb1b2-bd8f-49e2-81f8-f7237f0eb223 received client-request: Request { kind: ReserveTicket, customer: b801f9dc-f826-4ef9-9426-08294e737afa, server: None, raw: .. }
Reserved ticket 5228 for customer b801f9dc-f826-4ef9-9426-08294e737afa
Server 799bb1b2-bd8f-49e2-81f8-f7237f0eb223 received client-request: Request { kind: ReserveTicket, customer: b28477e1-5b40-43f2-88f0-b54ef20b0f1c, server: None, raw: .. }
Reserved ticket 5227 for customer b28477e1-5b40-43f2-88f0-b54ef20b0f1c
Server 799bb1b2-bd8f-49e2-81f8-f7237f0eb223 received client-request: Request { kind: ReserveTicket, customer: 04efa2ac-0721-4fad-bb65-c4205fb2f416, server: None, raw: .. }
Reserved ticket 5226 for customer 04efa2ac-0721-4fad-bb65-c4205fb2f416
Server 799bb1b2-bd8f-49e2-81f8-f7237f0eb223 received client-request: Request { kind: ReserveTicket, customer: b0acef0b-556e-4565-a501-ae9245896899, server: None, raw: .. }
Reserved ticket 5225 for customer b0acef0b-556e-4565-a501-ae9245896899
Server 799bb1b2-bd8f-49e2-81f8-f7237f0eb223 received client-request: Request { kind: ReserveTicket, customer: 7586fa52-321b-4958-bb34-b0740698af1a, server: None, raw: .. }
Reserved ticket 5224 for customer 7586fa52-321b-4958-bb34-b0740698af1a
Server 799bb1b2-bd8f-49e2-81f8-f7237f0eb223 received client-request: Request { kind: ReserveTicket, customer: 95f82b78-467f-4db4-8468-4af64c3bba58, server: None, raw: .. }
Reserved ticket 5223 for customer 95f82b78-467f-4db4-8468-4af64c3bba58
Server 799bb1b2-bd8f-49e2-81f8-f7237f0eb223 received client-request: Request { kind: ReserveTicket, customer: fe0da39c-147b-4aaf-abc0-3f5e0f278743, server: None, raw: .. }
Reserved ticket 5222 for customer fe0da39c-147b-4aaf-abc0-3f5e0f278743
Server 799bb1b2-bd8f-49e2-81f8-f7237f0eb223 received client-request: Request { kind: ReserveTicket, customer: 5f317cf7-f906-4500-b6b4-df5531720b65, server: None, raw: .. }
Reserved ticket 5221 for customer 5f317cf7-f906-4500-b6b4-df5531720b65
Server 799bb1b2-bd8f-49e2-81f8-f7237f0eb223 received client-request: Request { kind: ReserveTicket, customer: a26a4883-7e7d-47af-8950-a4caa2b5b1ae, server: None, raw: .. }
Reserved ticket 5220 for customer a26a4883-7e7d-47af-8950-a4caa2b5b1ae
Server 799bb1b2-bd8f-49e2-81f8-f7237f0eb223 received client-request: Request { kind: ReserveTicket, customer: 94ddebf8-a5e9-47be-9e1d-05af3a66024a, server: None, raw: .. }
Reserved ticket 5219 for customer 94ddebf8-a5e9-47be-9e1d-05af3a66024a
Server 799bb1b2-bd8f-49e2-81f8-f7237f0eb223 received client-request: Request { kind: ReserveTicket, customer: af25169d-f319-48e3-8812-b20508b8435e, server: None, raw: .. }
Reserved ticket 5218 for customer af25169d-f319-48e3-8812-b20508b8435e
Server 799bb1b2-bd8f-49e2-81f8-f7237f0eb223 received client-request: Request { kind: ReserveTicket, customer: 2ca6a5e6-272a-4450-98ea-4a6365b931cf, server: None, raw: .. }
Reserved ticket 5217 for customer 2ca6a5e6-272a-4450-98ea-4a6365b931cf
Server 799bb1b2-bd8f-49e2-81f8-f7237f0eb223 received client-request: Request { kind: ReserveTicket, customer: 8ccce60e-a987-4493-b7f3-1f944bb6ad54, server: None, raw: .. }
Reserved ticket 5216 for customer 8ccce60e-a987-4493-b7f3-1f944bb6ad54
Server 799bb1b2-bd8f-49e2-81f8-f7237f0eb223 received client-request: Request { kind: ReserveTicket, customer: 97b50699-40ef-4ba0-978a-3b8bffc9d63b, server: None, raw: .. }
Reserved ticket 5215 for customer 97b50699-40ef-4ba0-978a-3b8bffc9d63b
Server 799bb1b2-bd8f-49e2-81f8-f7237f0eb223 received client-request: Request { kind: ReserveTicket, customer: 8bc7c44c-b046-4240-a247-92616c619612, server: None, raw: .. }
Reserved ticket 5214 for customer 8bc7c44c-b046-4240-a247-92616c619612
Server 799bb1b2-bd8f-49e2-81f8-f7237f0eb223 received client-request: Request { kind: ReserveTicket, customer: 33b471ac-1c0d-47c1-9345-bb53dad14739, server: None, raw: .. }
Reserved ticket 5213 for customer 33b471ac-1c0d-47c1-9345-bb53dad14739
Server 799bb1b2-bd8f-49e2-81f8-f7237f0eb223 received client-request: Request { kind: ReserveTicket, customer: 6981218b-b433-443f-8e86-4236c0247e1a, server: None, raw: .. }
Reserved ticket 5212 for customer 6981218b-b433-443f-8e86-4236c0247e1a
Server 799bb1b2-bd8f-49e2-81f8-f7237f0eb223 received client-request: Request { kind: ReserveTicket, customer: de6dfc53-28c5-4045-959c-1bfedd3fca33, server: None, raw: .. }
Reserved ticket 5211 for customer de6dfc53-28c5-4045-959c-1bfedd3fca33
Server 799bb1b2-bd8f-49e2-81f8-f7237f0eb223 received client-request: Request { kind: ReserveTicket, customer: 4c043c1b-da29-4bfb-983b-fe80cbce91a0, server: None, raw: .. }
Reserved ticket 5210 for customer 4c043c1b-da29-4bfb-983b-fe80cbce91a0
Server 65a51e17-fff5-4036-8b94-6db5de4d28d8 received client-request: Request { kind: ReserveTicket, customer: e9920e61-8e19-47a4-94b6-de7d49e17278, server: None, raw: .. }
Reserved ticket 5209 for customer e9920e61-8e19-47a4-94b6-de7d49e17278
Server 799bb1b2-bd8f-49e2-81f8-f7237f0eb223 received client-request: Request { kind: ReserveTicket, customer: 2f2c7caf-f4cb-4c08-813c-8b6c0ac49f22, server: None, raw: .. }
Reserved ticket 5208 for customer 2f2c7caf-f4cb-4c08-813c-8b6c0ac49f22
Server 799bb1b2-bd8f-49e2-81f8-f7237f0eb223 received client-request: Request { kind: ReserveTicket, customer: afef2cb4-c1b7-47dc-ba4f-701bd5565007, server: None, raw: .. }
Reserved ticket 5207 for customer afef2cb4-c1b7-47dc-ba4f-701bd5565007
Server 799bb1b2-bd8f-49e2-81f8-f7237f0eb223 received client-request: Request { kind: ReserveTicket, customer: 3f99fdbb-7f00-47d9-93c5-9c03f3602dc4, server: None, raw: .. }
Reserved ticket 5206 for customer 3f99fdbb-7f00-47d9-93c5-9c03f3602dc4
Server 799bb1b2-bd8f-49e2-81f8-f7237f0eb223 received client-request: Request { kind: ReserveTicket, customer: e88af487-1fd8-438e-899d-5969d44cd09c, server: None, raw: .. }
Reserved ticket 5205 for customer e88af487-1fd8-438e-899d-5969d44cd09c
Server 799bb1b2-bd8f-49e2-81f8-f7237f0eb223 received client-request: Request { kind: ReserveTicket, customer: 62a3d8b6-8e55-436b-8e0e-3c5621a78fe4, server: None, raw: .. }
Reserved ticket 5204 for customer 62a3d8b6-8e55-436b-8e0e-3c5621a78fe4
Server 799bb1b2-bd8f-49e2-81f8-f7237f0eb223 received client-request: Request { kind: ReserveTicket, customer: fbe3940f-dcf7-4088-8de9-d0d9286614e7, server: None, raw: .. }
Reserved ticket 5203 for customer fbe3940f-dcf7-4088-8de9-d0d9286614e7
Server 799bb1b2-bd8f-49e2-81f8-f7237f0eb223 received client-request: Request { kind: ReserveTicket, customer: 73366dc1-ffbf-4c10-adeb-d11e93451c46, server: None, raw: .. }
Reserved ticket 5202 for customer 73366dc1-ffbf-4c10-adeb-d11e93451c46
Server 799bb1b2-bd8f-49e2-81f8-f7237f0eb223 received client-request: Request { kind: ReserveTicket, customer: 7a166829-d9fc-4be3-8bf5-5cd84df1c230, server: None, raw: .. }
Reserved ticket 5201 for customer 7a166829-d9fc-4be3-8bf5-5cd84df1c230
Server 799bb1b2-bd8f-49e2-81f8-f7237f0eb223 received client-request: Request { kind: ReserveTicket, customer: 362cefa1-0e65-4830-bdb6-2f0f9c7fde50, server: None, raw: .. }
Reserved ticket 5200 for customer 362cefa1-0e65-4830-bdb6-2f0f9c7fde50
Server 799bb1b2-bd8f-49e2-81f8-f7237f0eb223 received client-request: Request { kind: ReserveTicket, customer: 3723d991-7176-4ac6-97d0-f8281c0d2c03, server: None, raw: .. }
Reserved ticket 5199 for customer 3723d991-7176-4ac6-97d0-f8281c0d2c03
Server 799bb1b2-bd8f-49e2-81f8-f7237f0eb223 received client-request: Request { kind: ReserveTicket, customer: e63f17f1-7647-48ae-80ba-e6c0178b83cb, server: None, raw: .. }
Reserved ticket 5198 for customer e63f17f1-7647-48ae-80ba-e6c0178b83cb
Server 799bb1b2-bd8f-49e2-81f8-f7237f0eb223 received client-request: Request { kind: ReserveTicket, customer: 7be06c2d-f585-4c95-a836-07bb39743353, server: None, raw: .. }
Reserved ticket 5197 for customer 7be06c2d-f585-4c95-a836-07bb39743353
Server 799bb1b2-bd8f-49e2-81f8-f7237f0eb223 received client-request: Request { kind: ReserveTicket, customer: bdb64230-29a5-4194-8fb3-cc9530d5a406, server: None, raw: .. }
Reserved ticket 5196 for customer bdb64230-29a5-4194-8fb3-cc9530d5a406
Server 799bb1b2-bd8f-49e2-81f8-f7237f0eb223 received client-request: Request { kind: ReserveTicket, customer: 2a302171-48c8-4b8e-a808-687be5673b81, server: None, raw: .. }
Reserved ticket 5195 for customer 2a302171-48c8-4b8e-a808-687be5673b81
Server 799bb1b2-bd8f-49e2-81f8-f7237f0eb223 received client-request: Request { kind: ReserveTicket, customer: d868f23b-9d81-49b5-ba99-0b18c232e9b9, server: None, raw: .. }
Reserved ticket 5194 for customer d868f23b-9d81-49b5-ba99-0b18c232e9b9
Server 799bb1b2-bd8f-49e2-81f8-f7237f0eb223 received client-request: Request { kind: ReserveTicket, customer: c66e4c5c-b81c-43ef-9dc7-7400af3be720, server: None, raw: .. }
Reserved ticket 5193 for customer c66e4c5c-b81c-43ef-9dc7-7400af3be720
Server 799bb1b2-bd8f-49e2-81f8-f7237f0eb223 received client-request: Request { kind: ReserveTicket, customer: 2f69fad7-bfef-4afb-ac5c-0e07594c8d80, server: None, raw: .. }
Reserved ticket 5192 for customer 2f69fad7-bfef-4afb-ac5c-0e07594c8d80
Server 799bb1b2-bd8f-49e2-81f8-f7237f0eb223 received client-request: Request { kind: ReserveTicket, customer: 7677d099-1ad3-4a6a-bac4-f507d4b03a25, server: None, raw: .. }
Reserved ticket 5191 for customer 7677d099-1ad3-4a6a-bac4-f507d4b03a25
Server 799bb1b2-bd8f-49e2-81f8-f7237f0eb223 received client-request: Request { kind: ReserveTicket, customer: d54bd20b-de94-4aab-91b2-77c266b015ad, server: None, raw: .. }
Reserved ticket 5190 for customer d54bd20b-de94-4aab-91b2-77c266b015ad
Server 65a51e17-fff5-4036-8b94-6db5de4d28d8 received client-request: Request { kind: ReserveTicket, customer: c51c9740-c616-4096-a8a9-c4002a4e85fb, server: None, raw: .. }
Reserved ticket 5189 for customer c51c9740-c616-4096-a8a9-c4002a4e85fb
Server 799bb1b2-bd8f-49e2-81f8-f7237f0eb223 received client-request: Request { kind: ReserveTicket, customer: b1b5ed81-9b09-4e59-96fe-e32e806ee63b, server: None, raw: .. }
Reserved ticket 5188 for customer b1b5ed81-9b09-4e59-96fe-e32e806ee63b
Server 799bb1b2-bd8f-49e2-81f8-f7237f0eb223 received client-request: Request { kind: ReserveTicket, customer: 29fc64d0-681e-419a-a12e-3d7263418c51, server: None, raw: .. }
Reserved ticket 5187 for customer 29fc64d0-681e-419a-a12e-3d7263418c51
Server 799bb1b2-bd8f-49e2-81f8-f7237f0eb223 received client-request: Request { kind: ReserveTicket, customer: 9e196cc8-032e-4a77-9eed-a65413a59036, server: None, raw: .. }
Reserved ticket 5186 for customer 9e196cc8-032e-4a77-9eed-a65413a59036
Server 799bb1b2-bd8f-49e2-81f8-f7237f0eb223 received client-request: Request { kind: ReserveTicket, customer: c8712bbf-be8b-465c-a4f8-d0928060b93e, server: None, raw: .. }
Reserved ticket 5185 for customer c8712bbf-be8b-465c-a4f8-d0928060b93e
Server 799bb1b2-bd8f-49e2-81f8-f7237f0eb223 received client-request: Request { kind: ReserveTicket, customer: 909c405c-cad2-4d99-988c-201c989e6359, server: None, raw: .. }
Reserved ticket 5184 for customer 909c405c-cad2-4d99-988c-201c989e6359
Server 799bb1b2-bd8f-49e2-81f8-f7237f0eb223 received client-request: Request { kind: ReserveTicket, customer: 0ff5ebb0-31ff-4535-93b7-4d8f48f5ae3b, server: None, raw: .. }
Reserved ticket 5183 for customer 0ff5ebb0-31ff-4535-93b7-4d8f48f5ae3b
Server 799bb1b2-bd8f-49e2-81f8-f7237f0eb223 received client-request: Request { kind: ReserveTicket, customer: 4f4db34b-08eb-4aa2-9234-bac4843c99f2, server: None, raw: .. }
Reserved ticket 5182 for customer 4f4db34b-08eb-4aa2-9234-bac4843c99f2
Server 799bb1b2-bd8f-49e2-81f8-f7237f0eb223 received client-request: Request { kind: ReserveTicket, customer: 08539c6a-2156-44c6-8c16-39e1bccf466f, server: None, raw: .. }
Reserved ticket 5181 for customer 08539c6a-2156-44c6-8c16-39e1bccf466f
Server 799bb1b2-bd8f-49e2-81f8-f7237f0eb223 received client-request: Request { kind: ReserveTicket, customer: 18633252-b0fb-4406-ac13-1d6cf9aee314, server: None, raw: .. }
Reserved ticket 5180 for customer 18633252-b0fb-4406-ac13-1d6cf9aee314
Server 799bb1b2-bd8f-49e2-81f8-f7237f0eb223 received client-request: Request { kind: ReserveTicket, customer: 17e457eb-e2a3-4056-b928-e30fb039cacd, server: None, raw: .. }
Reserved ticket 5179 for customer 17e457eb-e2a3-4056-b928-e30fb039cacd
Server 799bb1b2-bd8f-49e2-81f8-f7237f0eb223 received client-request: Request { kind: ReserveTicket, customer: 66de9ba3-0ff3-4e23-950d-2cb20f0c7f03, server: None, raw: .. }
Reserved ticket 5178 for customer 66de9ba3-0ff3-4e23-950d-2cb20f0c7f03
Server 799bb1b2-bd8f-49e2-81f8-f7237f0eb223 received client-request: Request { kind: ReserveTicket, customer: dcce2b50-fb50-4717-b7c9-e34be2e4e185, server: None, raw: .. }
Reserved ticket 5177 for customer dcce2b50-fb50-4717-b7c9-e34be2e4e185
Server 799bb1b2-bd8f-49e2-81f8-f7237f0eb223 received client-request: Request { kind: ReserveTicket, customer: af6e81b3-3841-41d5-b8a7-fdad918d5236, server: None, raw: .. }
Reserved ticket 5176 for customer af6e81b3-3841-41d5-b8a7-fdad918d5236
Server 799bb1b2-bd8f-49e2-81f8-f7237f0eb223 received client-request: Request { kind: ReserveTicket, customer: 5788d255-529f-4a29-bfc6-75df5268f36f, server: None, raw: .. }
Reserved ticket 5175 for customer 5788d255-529f-4a29-bfc6-75df5268f36f
Server 799bb1b2-bd8f-49e2-81f8-f7237f0eb223 received client-request: Request { kind: ReserveTicket, customer: 76e5054c-7936-4cbb-a11a-20aee92b5452, server: None, raw: .. }
Reserved ticket 5174 for customer 76e5054c-7936-4cbb-a11a-20aee92b5452
Server 799bb1b2-bd8f-49e2-81f8-f7237f0eb223 received client-request: Request { kind: ReserveTicket, customer: cb338d65-5e5c-496c-84bb-fc7da1c3a81a, server: None, raw: .. }
Reserved ticket 5173 for customer cb338d65-5e5c-496c-84bb-fc7da1c3a81a
Server 799bb1b2-bd8f-49e2-81f8-f7237f0eb223 received client-request: Request { kind: ReserveTicket, customer: f4a03683-c776-406b-8015-46c79386730d, server: None, raw: .. }
Reserved ticket 5172 for customer f4a03683-c776-406b-8015-46c79386730d
Server 799bb1b2-bd8f-49e2-81f8-f7237f0eb223 received client-request: Request { kind: ReserveTicket, customer: 2251687a-4d96-4f92-b203-0119462cd876, server: None, raw: .. }
Reserved ticket 5171 for customer 2251687a-4d96-4f92-b203-0119462cd876
Server 799bb1b2-bd8f-49e2-81f8-f7237f0eb223 received client-request: Request { kind: ReserveTicket, customer: 12ffc73d-1fe4-4f04-9ffa-516cac439e9e, server: None, raw: .. }
Reserved ticket 5170 for customer 12ffc73d-1fe4-4f04-9ffa-516cac439e9e
Server 65a51e17-fff5-4036-8b94-6db5de4d28d8 received client-request: Request { kind: ReserveTicket, customer: 3474b2a5-4e21-469c-9c1b-2d26d8ff754c, server: None, raw: .. }
Reserved ticket 5169 for customer 3474b2a5-4e21-469c-9c1b-2d26d8ff754c
Server 799bb1b2-bd8f-49e2-81f8-f7237f0eb223 received client-request: Request { kind: ReserveTicket, customer: d851e866-e92e-4cd2-9723-9aff7cf475b1, server: None, raw: .. }
Reserved ticket 5168 for customer d851e866-e92e-4cd2-9723-9aff7cf475b1
Server 799bb1b2-bd8f-49e2-81f8-f7237f0eb223 received client-request: Request { kind: ReserveTicket, customer: 007499a6-8ab4-43aa-9763-9acc0ccdca11, server: None, raw: .. }
Reserved ticket 5167 for customer 007499a6-8ab4-43aa-9763-9acc0ccdca11
Server 799bb1b2-bd8f-49e2-81f8-f7237f0eb223 received client-request: Request { kind: ReserveTicket, customer: ee4c74e3-0e43-4529-ae72-b913aa4fb425, server: None, raw: .. }
Reserved ticket 5166 for customer ee4c74e3-0e43-4529-ae72-b913aa4fb425
Server 799bb1b2-bd8f-49e2-81f8-f7237f0eb223 received client-request: Request { kind: ReserveTicket, customer: d8a9cd81-92fb-4f9b-b0b3-c84fb4484927, server: None, raw: .. }
Reserved ticket 5165 for customer d8a9cd81-92fb-4f9b-b0b3-c84fb4484927
Server 799bb1b2-bd8f-49e2-81f8-f7237f0eb223 received client-request: Request { kind: ReserveTicket, customer: 85e56b2b-9a4e-4b18-ac67-b16cc8a6a078, server: None, raw: .. }
Reserved ticket 5164 for customer 85e56b2b-9a4e-4b18-ac67-b16cc8a6a078
Server 799bb1b2-bd8f-49e2-81f8-f7237f0eb223 received client-request: Request { kind: ReserveTicket, customer: a534862f-f326-479a-880e-d701b134a219, server: None, raw: .. }
Reserved ticket 5163 for customer a534862f-f326-479a-880e-d701b134a219
Server 799bb1b2-bd8f-49e2-81f8-f7237f0eb223 received client-request: Request { kind: ReserveTicket, customer: 692770d1-1a77-4b19-bc99-6dcb788d8dc2, server: None, raw: .. }
Reserved ticket 5162 for customer 692770d1-1a77-4b19-bc99-6dcb788d8dc2
Server 799bb1b2-bd8f-49e2-81f8-f7237f0eb223 received client-request: Request { kind: ReserveTicket, customer: 00271a1f-43a3-41dc-8c0d-922154b9406d, server: None, raw: .. }
Reserved ticket 5161 for customer 00271a1f-43a3-41dc-8c0d-922154b9406d
Server 799bb1b2-bd8f-49e2-81f8-f7237f0eb223 received client-request: Request { kind: ReserveTicket, customer: 11a8c1bc-c1eb-4101-8370-c26ca35de2ae, server: None, raw: .. }
Reserved ticket 5160 for customer 11a8c1bc-c1eb-4101-8370-c26ca35de2ae
Server 799bb1b2-bd8f-49e2-81f8-f7237f0eb223 received client-request: Request { kind: ReserveTicket, customer: c117e8a3-9260-456c-957d-a42b80509d04, server: None, raw: .. }
Reserved ticket 5159 for customer c117e8a3-9260-456c-957d-a42b80509d04
Server 799bb1b2-bd8f-49e2-81f8-f7237f0eb223 received client-request: Request { kind: ReserveTicket, customer: 77ecb846-e7d4-48b3-aab3-ea3032ca7cf1, server: None, raw: .. }
Reserved ticket 5158 for customer 77ecb846-e7d4-48b3-aab3-ea3032ca7cf1
Server 799bb1b2-bd8f-49e2-81f8-f7237f0eb223 received client-request: Request { kind: ReserveTicket, customer: efb98433-e859-4136-a9e2-9a44f79c9890, server: None, raw: .. }
Reserved ticket 5157 for customer efb98433-e859-4136-a9e2-9a44f79c9890
Server 799bb1b2-bd8f-49e2-81f8-f7237f0eb223 received client-request: Request { kind: ReserveTicket, customer: 969bb9aa-82d3-4be4-9088-843d2b0e1dc2, server: None, raw: .. }
Reserved ticket 5156 for customer 969bb9aa-82d3-4be4-9088-843d2b0e1dc2
Server 799bb1b2-bd8f-49e2-81f8-f7237f0eb223 received client-request: Request { kind: ReserveTicket, customer: 032ffddb-c6f9-41e2-9604-2064806cb42e, server: None, raw: .. }
Reserved ticket 5155 for customer 032ffddb-c6f9-41e2-9604-2064806cb42e
Server 799bb1b2-bd8f-49e2-81f8-f7237f0eb223 received client-request: Request { kind: ReserveTicket, customer: 76bd02c1-db0a-4fae-92a9-7bdb1070a67c, server: None, raw: .. }
Reserved ticket 5154 for customer 76bd02c1-db0a-4fae-92a9-7bdb1070a67c
Server 799bb1b2-bd8f-49e2-81f8-f7237f0eb223 received client-request: Request { kind: ReserveTicket, customer: 8ea3e4e3-8c1c-4283-9536-e2fd2231e609, server: None, raw: .. }
Reserved ticket 5153 for customer 8ea3e4e3-8c1c-4283-9536-e2fd2231e609
Server 799bb1b2-bd8f-49e2-81f8-f7237f0eb223 received client-request: Request { kind: ReserveTicket, customer: b90398f2-85f4-4a9c-a576-2de9bcd02670, server: None, raw: .. }
Reserved ticket 5152 for customer b90398f2-85f4-4a9c-a576-2de9bcd02670
Server 799bb1b2-bd8f-49e2-81f8-f7237f0eb223 received client-request: Request { kind: ReserveTicket, customer: e6711a07-6b43-44b4-99c0-c4a39922a9d7, server: None, raw: .. }
Reserved ticket 5151 for customer e6711a07-6b43-44b4-99c0-c4a39922a9d7
Server 799bb1b2-bd8f-49e2-81f8-f7237f0eb223 received client-request: Request { kind: ReserveTicket, customer: 2d30e14a-4b24-49bd-afbf-da7d14d279ae, server: None, raw: .. }
Reserved ticket 5150 for customer 2d30e14a-4b24-49bd-afbf-da7d14d279ae
Server 65a51e17-fff5-4036-8b94-6db5de4d28d8 received client-request: Request { kind: ReserveTicket, customer: 82644d1d-ff1f-4464-9d83-31dfd068bb0f, server: None, raw: .. }
Reserved ticket 5149 for customer 82644d1d-ff1f-4464-9d83-31dfd068bb0f
Server 799bb1b2-bd8f-49e2-81f8-f7237f0eb223 received client-request: Request { kind: ReserveTicket, customer: 83b8e683-8190-4412-92f5-0d6e13674120, server: None, raw: .. }
Reserved ticket 5148 for customer 83b8e683-8190-4412-92f5-0d6e13674120
Server 799bb1b2-bd8f-49e2-81f8-f7237f0eb223 received client-request: Request { kind: ReserveTicket, customer: 4835f899-96a5-499c-a218-4059b54659e7, server: None, raw: .. }
Reserved ticket 5147 for customer 4835f899-96a5-499c-a218-4059b54659e7
Server 799bb1b2-bd8f-49e2-81f8-f7237f0eb223 received client-request: Request { kind: ReserveTicket, customer: af17f8ed-417c-4691-a58c-1883761bbf50, server: None, raw: .. }
Reserved ticket 5146 for customer af17f8ed-417c-4691-a58c-1883761bbf50
Server 799bb1b2-bd8f-49e2-81f8-f7237f0eb223 received client-request: Request { kind: ReserveTicket, customer: 1ede1d94-b98b-4b56-96ed-bb46e26ed653, server: None, raw: .. }
Reserved ticket 5145 for customer 1ede1d94-b98b-4b56-96ed-bb46e26ed653
Server 799bb1b2-bd8f-49e2-81f8-f7237f0eb223 received client-request: Request { kind: ReserveTicket, customer: b43497b0-d80b-4969-810e-00b7f54a672e, server: None, raw: .. }
Reserved ticket 5144 for customer b43497b0-d80b-4969-810e-00b7f54a672e
Server 799bb1b2-bd8f-49e2-81f8-f7237f0eb223 received client-request: Request { kind: ReserveTicket, customer: ec521ba9-ec37-4edd-ae78-821699cbf166, server: None, raw: .. }
Reserved ticket 5143 for customer ec521ba9-ec37-4edd-ae78-821699cbf166
Server 799bb1b2-bd8f-49e2-81f8-f7237f0eb223 received client-request: Request { kind: ReserveTicket, customer: 44d2468c-f936-43a5-ab70-e004d9bcd0c2, server: None, raw: .. }
Reserved ticket 5142 for customer 44d2468c-f936-43a5-ab70-e004d9bcd0c2
Server 799bb1b2-bd8f-49e2-81f8-f7237f0eb223 received client-request: Request { kind: ReserveTicket, customer: 0f562f1b-a8af-48c0-bdc4-0429ebe7ed97, server: None, raw: .. }
Reserved ticket 5141 for customer 0f562f1b-a8af-48c0-bdc4-0429ebe7ed97
Server 799bb1b2-bd8f-49e2-81f8-f7237f0eb223 received client-request: Request { kind: ReserveTicket, customer: 1680deb6-0ee6-4074-b45d-e2a07f7779d1, server: None, raw: .. }
Reserved ticket 5140 for customer 1680deb6-0ee6-4074-b45d-e2a07f7779d1
Server 799bb1b2-bd8f-49e2-81f8-f7237f0eb223 received client-request: Request { kind: ReserveTicket, customer: b44361a1-6f36-4c72-b0a4-23b13b6faf8e, server: None, raw: .. }
Reserved ticket 5139 for customer b44361a1-6f36-4c72-b0a4-23b13b6faf8e
Server 799bb1b2-bd8f-49e2-81f8-f7237f0eb223 received client-request: Request { kind: ReserveTicket, customer: 47d30035-7384-4ff4-9da5-2b104e344c06, server: None, raw: .. }
Reserved ticket 5138 for customer 47d30035-7384-4ff4-9da5-2b104e344c06
Server 799bb1b2-bd8f-49e2-81f8-f7237f0eb223 received client-request: Request { kind: ReserveTicket, customer: 26b15953-f854-439e-9245-8c21bc282c5b, server: None, raw: .. }
Reserved ticket 5137 for customer 26b15953-f854-439e-9245-8c21bc282c5b
Server 799bb1b2-bd8f-49e2-81f8-f7237f0eb223 received client-request: Request { kind: ReserveTicket, customer: c2698f54-462d-4ad3-854b-a28578818857, server: None, raw: .. }
Reserved ticket 5136 for customer c2698f54-462d-4ad3-854b-a28578818857
Server 799bb1b2-bd8f-49e2-81f8-f7237f0eb223 received client-request: Request { kind: ReserveTicket, customer: 4a3c78ba-3816-4973-a06d-062a6e0c23a4, server: None, raw: .. }
Reserved ticket 5135 for customer 4a3c78ba-3816-4973-a06d-062a6e0c23a4
Server 799bb1b2-bd8f-49e2-81f8-f7237f0eb223 received client-request: Request { kind: ReserveTicket, customer: 88e14fd4-585b-404a-a5f3-e072036e83bd, server: None, raw: .. }
Reserved ticket 5134 for customer 88e14fd4-585b-404a-a5f3-e072036e83bd
Server 799bb1b2-bd8f-49e2-81f8-f7237f0eb223 received client-request: Request { kind: ReserveTicket, customer: 2170da2f-fded-40ca-9760-3d24b38e3539, server: None, raw: .. }
Reserved ticket 5133 for customer 2170da2f-fded-40ca-9760-3d24b38e3539
Server 799bb1b2-bd8f-49e2-81f8-f7237f0eb223 received client-request: Request { kind: ReserveTicket, customer: 5ad2eaf9-a395-4980-8871-a4c35cc6bd31, server: None, raw: .. }
Reserved ticket 5132 for customer 5ad2eaf9-a395-4980-8871-a4c35cc6bd31
Server 799bb1b2-bd8f-49e2-81f8-f7237f0eb223 received client-request: Request { kind: ReserveTicket, customer: 2bae9d56-b8dd-46a5-964b-bc0d23981e99, server: None, raw: .. }
Reserved ticket 5131 for customer 2bae9d56-b8dd-46a5-964b-bc0d23981e99
Server 799bb1b2-bd8f-49e2-81f8-f7237f0eb223 received client-request: Request { kind: ReserveTicket, customer: 918edfcf-0e39-4280-94da-f49d617add92, server: None, raw: .. }
Reserved ticket 5130 for customer 918edfcf-0e39-4280-94da-f49d617add92
Server 65a51e17-fff5-4036-8b94-6db5de4d28d8 received client-request: Request { kind: ReserveTicket, customer: 1ccb7e97-bd0b-4427-87b9-3721c9252f79, server: None, raw: .. }
Reserved ticket 5129 for customer 1ccb7e97-bd0b-4427-87b9-3721c9252f79
Server 799bb1b2-bd8f-49e2-81f8-f7237f0eb223 received client-request: Request { kind: ReserveTicket, customer: 3758253e-7b24-4e64-a439-baaca41f5b1a, server: None, raw: .. }
Reserved ticket 5128 for customer 3758253e-7b24-4e64-a439-baaca41f5b1a
Server 799bb1b2-bd8f-49e2-81f8-f7237f0eb223 received client-request: Request { kind: ReserveTicket, customer: c5b99c20-0f4c-423c-b207-8f6ba03372f9, server: None, raw: .. }
Reserved ticket 5127 for customer c5b99c20-0f4c-423c-b207-8f6ba03372f9
Server 799bb1b2-bd8f-49e2-81f8-f7237f0eb223 received client-request: Request { kind: ReserveTicket, customer: 7b191209-f695-46ec-bb98-3c1dad16352c, server: None, raw: .. }
Reserved ticket 5126 for customer 7b191209-f695-46ec-bb98-3c1dad16352c
Server 799bb1b2-bd8f-49e2-81f8-f7237f0eb223 received client-request: Request { kind: ReserveTicket, customer: 6e5fb4eb-0ab4-400d-b8ec-800aab8c151e, server: None, raw: .. }
Reserved ticket 5125 for customer 6e5fb4eb-0ab4-400d-b8ec-800aab8c151e
Server 799bb1b2-bd8f-49e2-81f8-f7237f0eb223 received client-request: Request { kind: ReserveTicket, customer: 661f74d8-13c9-41ed-a129-4f2afb349929, server: None, raw: .. }
Reserved ticket 5124 for customer 661f74d8-13c9-41ed-a129-4f2afb349929
Server 799bb1b2-bd8f-49e2-81f8-f7237f0eb223 received client-request: Request { kind: ReserveTicket, customer: e2987820-ad1b-4aeb-97cd-30127c838e85, server: None, raw: .. }
Reserved ticket 5123 for customer e2987820-ad1b-4aeb-97cd-30127c838e85
Server 799bb1b2-bd8f-49e2-81f8-f7237f0eb223 received client-request: Request { kind: ReserveTicket, customer: 217b558c-eb26-49d4-8df4-13cbd5bf4e95, server: None, raw: .. }
Reserved ticket 5122 for customer 217b558c-eb26-49d4-8df4-13cbd5bf4e95
Server 799bb1b2-bd8f-49e2-81f8-f7237f0eb223 received client-request: Request { kind: ReserveTicket, customer: 3cfab96c-6649-4ae0-a8cb-d612fc3602ed, server: None, raw: .. }
Reserved ticket 5121 for customer 3cfab96c-6649-4ae0-a8cb-d612fc3602ed
Server 799bb1b2-bd8f-49e2-81f8-f7237f0eb223 received client-request: Request { kind: ReserveTicket, customer: ccccbd6e-751b-4543-8b78-ae40f53c2466, server: None, raw: .. }
Reserved ticket 5120 for customer ccccbd6e-751b-4543-8b78-ae40f53c2466
Server 799bb1b2-bd8f-49e2-81f8-f7237f0eb223 received client-request: Request { kind: ReserveTicket, customer: 166be917-8a1c-4992-b4ff-ec5e4ac09414, server: None, raw: .. }
Reserved ticket 5119 for customer 166be917-8a1c-4992-b4ff-ec5e4ac09414
Server 799bb1b2-bd8f-49e2-81f8-f7237f0eb223 received client-request: Request { kind: ReserveTicket, customer: 07498571-8d43-4dc9-ab49-5c61e086a332, server: None, raw: .. }
Reserved ticket 5118 for customer 07498571-8d43-4dc9-ab49-5c61e086a332
Server 799bb1b2-bd8f-49e2-81f8-f7237f0eb223 received client-request: Request { kind: ReserveTicket, customer: 25ea2a80-6bbc-40a5-b6ca-d039a1b49017, server: None, raw: .. }
Reserved ticket 5117 for customer 25ea2a80-6bbc-40a5-b6ca-d039a1b49017
Server 799bb1b2-bd8f-49e2-81f8-f7237f0eb223 received client-request: Request { kind: ReserveTicket, customer: bad23b19-f797-4a17-9958-bf94d3f60eed, server: None, raw: .. }
Reserved ticket 5116 for customer bad23b19-f797-4a17-9958-bf94d3f60eed
Server 799bb1b2-bd8f-49e2-81f8-f7237f0eb223 received client-request: Request { kind: ReserveTicket, customer: efa5ff27-c24d-45fd-9603-c897fae75105, server: None, raw: .. }
Reserved ticket 5115 for customer efa5ff27-c24d-45fd-9603-c897fae75105
Server 799bb1b2-bd8f-49e2-81f8-f7237f0eb223 received client-request: Request { kind: ReserveTicket, customer: 86126aa0-fca4-4baa-ae69-ca1103bc3bf1, server: None, raw: .. }
Reserved ticket 5114 for customer 86126aa0-fca4-4baa-ae69-ca1103bc3bf1
Server 799bb1b2-bd8f-49e2-81f8-f7237f0eb223 received client-request: Request { kind: ReserveTicket, customer: 478b2edc-8ac7-4aa2-8c8d-058e64ff34c5, server: None, raw: .. }
Reserved ticket 5113 for customer 478b2edc-8ac7-4aa2-8c8d-058e64ff34c5
Server 799bb1b2-bd8f-49e2-81f8-f7237f0eb223 received client-request: Request { kind: ReserveTicket, customer: c084233c-8255-40e5-834a-465e73d93dc6, server: None, raw: .. }
Reserved ticket 5112 for customer c084233c-8255-40e5-834a-465e73d93dc6
Server 799bb1b2-bd8f-49e2-81f8-f7237f0eb223 received client-request: Request { kind: ReserveTicket, customer: ee7d520a-ecec-4197-9d7f-93a6a920afb9, server: None, raw: .. }
Reserved ticket 5111 for customer ee7d520a-ecec-4197-9d7f-93a6a920afb9
Server 799bb1b2-bd8f-49e2-81f8-f7237f0eb223 received client-request: Request { kind: ReserveTicket, customer: f214ebc6-6cf8-4991-bca0-8aa081120a8c, server: None, raw: .. }
Reserved ticket 5110 for customer f214ebc6-6cf8-4991-bca0-8aa081120a8c
Server 65a51e17-fff5-4036-8b94-6db5de4d28d8 received client-request: Request { kind: ReserveTicket, customer: fc249a4f-0a39-4e0b-902f-7c19fab46083, server: None, raw: .. }
Reserved ticket 5109 for customer fc249a4f-0a39-4e0b-902f-7c19fab46083
Server 799bb1b2-bd8f-49e2-81f8-f7237f0eb223 received client-request: Request { kind: ReserveTicket, customer: b6b951d2-30bb-4211-a5c3-106cdd3a84e7, server: None, raw: .. }
Reserved ticket 5108 for customer b6b951d2-30bb-4211-a5c3-106cdd3a84e7
Server 799bb1b2-bd8f-49e2-81f8-f7237f0eb223 received client-request: Request { kind: ReserveTicket, customer: 65343b43-3488-409b-809d-f03b34120f8d, server: None, raw: .. }
Reserved ticket 5107 for customer 65343b43-3488-409b-809d-f03b34120f8d
Server 799bb1b2-bd8f-49e2-81f8-f7237f0eb223 received client-request: Request { kind: ReserveTicket, customer: 6e226eef-3ff6-4625-8770-7d6ae75ed477, server: None, raw: .. }
Reserved ticket 5106 for customer 6e226eef-3ff6-4625-8770-7d6ae75ed477
Server 799bb1b2-bd8f-49e2-81f8-f7237f0eb223 received client-request: Request { kind: ReserveTicket, customer: 115361cc-9463-4460-ab12-f9d20d36f0e0, server: None, raw: .. }
Reserved ticket 5105 for customer 115361cc-9463-4460-ab12-f9d20d36f0e0
Server 799bb1b2-bd8f-49e2-81f8-f7237f0eb223 received client-request: Request { kind: ReserveTicket, customer: 3d8809c0-0c0b-488e-9adb-684cb254faf9, server: None, raw: .. }
Reserved ticket 5104 for customer 3d8809c0-0c0b-488e-9adb-684cb254faf9
Server 799bb1b2-bd8f-49e2-81f8-f7237f0eb223 received client-request: Request { kind: ReserveTicket, customer: 597077f4-74ad-4b94-966c-6841714a8d09, server: None, raw: .. }
Reserved ticket 5103 for customer 597077f4-74ad-4b94-966c-6841714a8d09
Server 799bb1b2-bd8f-49e2-81f8-f7237f0eb223 received client-request: Request { kind: ReserveTicket, customer: 0586df20-5ff1-4aab-9e2a-a330ed3f0823, server: None, raw: .. }
Reserved ticket 5102 for customer 0586df20-5ff1-4aab-9e2a-a330ed3f0823
Server 799bb1b2-bd8f-49e2-81f8-f7237f0eb223 received client-request: Request { kind: ReserveTicket, customer: 6e0b2055-56f6-4a5c-8541-1e6c2997589c, server: None, raw: .. }
Reserved ticket 5101 for customer 6e0b2055-56f6-4a5c-8541-1e6c2997589c
Server 799bb1b2-bd8f-49e2-81f8-f7237f0eb223 received client-request: Request { kind: ReserveTicket, customer: ffb8e78f-e617-4df9-9177-49467da4260f, server: None, raw: .. }
Reserved ticket 5100 for customer ffb8e78f-e617-4df9-9177-49467da4260f
Server 799bb1b2-bd8f-49e2-81f8-f7237f0eb223 received client-request: Request { kind: ReserveTicket, customer: e89b5cb5-05d5-4e9b-81c1-ec663c8c2057, server: None, raw: .. }
Reserved ticket 5099 for customer e89b5cb5-05d5-4e9b-81c1-ec663c8c2057
Server 799bb1b2-bd8f-49e2-81f8-f7237f0eb223 received client-request: Request { kind: ReserveTicket, customer: 7f0c12fd-f08a-40d3-9d1f-a35399c7ce82, server: None, raw: .. }
Reserved ticket 5098 for customer 7f0c12fd-f08a-40d3-9d1f-a35399c7ce82
Server 799bb1b2-bd8f-49e2-81f8-f7237f0eb223 received client-request: Request { kind: ReserveTicket, customer: c08df302-bf3d-4922-87d1-6118a5e40a36, server: None, raw: .. }
Reserved ticket 5097 for customer c08df302-bf3d-4922-87d1-6118a5e40a36
Server 799bb1b2-bd8f-49e2-81f8-f7237f0eb223 received client-request: Request { kind: ReserveTicket, customer: cd99c78b-f946-4cce-8c50-ae4c1a583d8e, server: None, raw: .. }
Reserved ticket 5096 for customer cd99c78b-f946-4cce-8c50-ae4c1a583d8e
Server 799bb1b2-bd8f-49e2-81f8-f7237f0eb223 received client-request: Request { kind: ReserveTicket, customer: 8bdbefb7-9543-45ef-9803-0d86cd7dc734, server: None, raw: .. }
Reserved ticket 5095 for customer 8bdbefb7-9543-45ef-9803-0d86cd7dc734
Server 799bb1b2-bd8f-49e2-81f8-f7237f0eb223 received client-request: Request { kind: ReserveTicket, customer: fecd4a13-5e7c-416b-aef6-5905ea4a4dcb, server: None, raw: .. }
Reserved ticket 5094 for customer fecd4a13-5e7c-416b-aef6-5905ea4a4dcb
Server 799bb1b2-bd8f-49e2-81f8-f7237f0eb223 received client-request: Request { kind: ReserveTicket, customer: c80a1b76-895c-4818-91d5-fac3a70294ea, server: None, raw: .. }
Reserved ticket 5093 for customer c80a1b76-895c-4818-91d5-fac3a70294ea
Server 799bb1b2-bd8f-49e2-81f8-f7237f0eb223 received client-request: Request { kind: ReserveTicket, customer: 389372fb-6554-4bef-bb19-6c3fba80ba82, server: None, raw: .. }
Reserved ticket 5092 for customer 389372fb-6554-4bef-bb19-6c3fba80ba82
Server 799bb1b2-bd8f-49e2-81f8-f7237f0eb223 received client-request: Request { kind: ReserveTicket, customer: d8e020a1-f6b8-49f8-b905-3553c358ab5b, server: None, raw: .. }
Reserved ticket 5091 for customer d8e020a1-f6b8-49f8-b905-3553c358ab5b
Server 799bb1b2-bd8f-49e2-81f8-f7237f0eb223 received client-request: Request { kind: ReserveTicket, customer: 4f0472b2-51cc-427d-8e90-9554db98be3d, server: None, raw: .. }
Reserved ticket 5090 for customer 4f0472b2-51cc-427d-8e90-9554db98be3d
Server 65a51e17-fff5-4036-8b94-6db5de4d28d8 received client-request: Request { kind: ReserveTicket, customer: 8d39862e-c297-4ac7-ab11-aaaee41aaa25, server: None, raw: .. }
Reserved ticket 5089 for customer 8d39862e-c297-4ac7-ab11-aaaee41aaa25
Server 799bb1b2-bd8f-49e2-81f8-f7237f0eb223 received client-request: Request { kind: ReserveTicket, customer: 218c377f-604f-4657-9bbc-08fb171e9e79, server: None, raw: .. }
Reserved ticket 5088 for customer 218c377f-604f-4657-9bbc-08fb171e9e79
Server 799bb1b2-bd8f-49e2-81f8-f7237f0eb223 received client-request: Request { kind: ReserveTicket, customer: a6edde22-0c7d-448e-89d4-fccfb6f1b371, server: None, raw: .. }
Reserved ticket 5087 for customer a6edde22-0c7d-448e-89d4-fccfb6f1b371
Server 799bb1b2-bd8f-49e2-81f8-f7237f0eb223 received client-request: Request { kind: ReserveTicket, customer: 60c80e47-b004-4528-99de-539a6e91cefc, server: None, raw: .. }
Reserved ticket 5086 for customer 60c80e47-b004-4528-99de-539a6e91cefc
Server 799bb1b2-bd8f-49e2-81f8-f7237f0eb223 received client-request: Request { kind: ReserveTicket, customer: 32f6f9ed-1268-41aa-b512-20a7f35b9876, server: None, raw: .. }
Reserved ticket 5085 for customer 32f6f9ed-1268-41aa-b512-20a7f35b9876
Server 799bb1b2-bd8f-49e2-81f8-f7237f0eb223 received client-request: Request { kind: ReserveTicket, customer: 762c55cc-432a-4536-a55a-6f31cd86fab6, server: None, raw: .. }
Reserved ticket 5084 for customer 762c55cc-432a-4536-a55a-6f31cd86fab6
Server 799bb1b2-bd8f-49e2-81f8-f7237f0eb223 received client-request: Request { kind: ReserveTicket, customer: 15c0ec7a-7816-4047-b40b-774b3a7a010f, server: None, raw: .. }
Reserved ticket 5083 for customer 15c0ec7a-7816-4047-b40b-774b3a7a010f
Server 799bb1b2-bd8f-49e2-81f8-f7237f0eb223 received client-request: Request { kind: ReserveTicket, customer: c9de0325-9fdb-4dbf-a3d3-04fb085c70a6, server: None, raw: .. }
Reserved ticket 5082 for customer c9de0325-9fdb-4dbf-a3d3-04fb085c70a6
Server 799bb1b2-bd8f-49e2-81f8-f7237f0eb223 received client-request: Request { kind: ReserveTicket, customer: ff1d5ccb-2098-4089-b5a8-20d529e08044, server: None, raw: .. }
Reserved ticket 5081 for customer ff1d5ccb-2098-4089-b5a8-20d529e08044
Server 799bb1b2-bd8f-49e2-81f8-f7237f0eb223 received client-request: Request { kind: ReserveTicket, customer: e25ab832-2d84-459e-a3f9-85512e10d5cd, server: None, raw: .. }
Reserved ticket 5080 for customer e25ab832-2d84-459e-a3f9-85512e10d5cd
Server 799bb1b2-bd8f-49e2-81f8-f7237f0eb223 received client-request: Request { kind: ReserveTicket, customer: a0502e4c-2435-4d1c-b00e-0f0a09226e0f, server: None, raw: .. }
Reserved ticket 5079 for customer a0502e4c-2435-4d1c-b00e-0f0a09226e0f
Server 799bb1b2-bd8f-49e2-81f8-f7237f0eb223 received client-request: Request { kind: ReserveTicket, customer: fc4baa6d-3b90-4ee3-92d9-0a2aba31fb13, server: None, raw: .. }
Reserved ticket 5078 for customer fc4baa6d-3b90-4ee3-92d9-0a2aba31fb13
Server 799bb1b2-bd8f-49e2-81f8-f7237f0eb223 received client-request: Request { kind: ReserveTicket, customer: 6d9b8520-970a-4175-9d8d-d60bd7977618, server: None, raw: .. }
Reserved ticket 5077 for customer 6d9b8520-970a-4175-9d8d-d60bd7977618
Server 799bb1b2-bd8f-49e2-81f8-f7237f0eb223 received client-request: Request { kind: ReserveTicket, customer: 83169744-740a-4f99-978f-5ba62cf1cf3b, server: None, raw: .. }
Reserved ticket 5076 for customer 83169744-740a-4f99-978f-5ba62cf1cf3b
Server 799bb1b2-bd8f-49e2-81f8-f7237f0eb223 received client-request: Request { kind: ReserveTicket, customer: 39c39ece-53cc-4f54-9227-382ee58567a0, server: None, raw: .. }
Reserved ticket 5075 for customer 39c39ece-53cc-4f54-9227-382ee58567a0
Server 799bb1b2-bd8f-49e2-81f8-f7237f0eb223 received client-request: Request { kind: ReserveTicket, customer: e3288dc3-a485-44a3-8103-54329a53df34, server: None, raw: .. }
Reserved ticket 5074 for customer e3288dc3-a485-44a3-8103-54329a53df34
Server 799bb1b2-bd8f-49e2-81f8-f7237f0eb223 received client-request: Request { kind: ReserveTicket, customer: 5de73423-1e74-4980-a648-01922a98f25c, server: None, raw: .. }
Reserved ticket 5073 for customer 5de73423-1e74-4980-a648-01922a98f25c
Server 799bb1b2-bd8f-49e2-81f8-f7237f0eb223 received client-request: Request { kind: ReserveTicket, customer: 1f589919-d650-433b-9ca8-14383aedda46, server: None, raw: .. }
Reserved ticket 5072 for customer 1f589919-d650-433b-9ca8-14383aedda46
Server 799bb1b2-bd8f-49e2-81f8-f7237f0eb223 received client-request: Request { kind: ReserveTicket, customer: 94452d82-a9a1-4e40-9a5c-c7718941f3dc, server: None, raw: .. }
Reserved ticket 5071 for customer 94452d82-a9a1-4e40-9a5c-c7718941f3dc
Server 799bb1b2-bd8f-49e2-81f8-f7237f0eb223 received client-request: Request { kind: ReserveTicket, customer: 33675359-f8d5-4017-944a-d54d7d22a566, server: None, raw: .. }
Reserved ticket 5070 for customer 33675359-f8d5-4017-944a-d54d7d22a566
Server 65a51e17-fff5-4036-8b94-6db5de4d28d8 received client-request: Request { kind: ReserveTicket, customer: 73270e47-054f-47cd-8e64-7eae9e8a329d, server: None, raw: .. }
Reserved ticket 5069 for customer 73270e47-054f-47cd-8e64-7eae9e8a329d
Server 799bb1b2-bd8f-49e2-81f8-f7237f0eb223 received client-request: Request { kind: ReserveTicket, customer: 7327c79a-cbed-4af4-ad02-9b306d9e9a98, server: None, raw: .. }
Reserved ticket 5068 for customer 7327c79a-cbed-4af4-ad02-9b306d9e9a98
Server 799bb1b2-bd8f-49e2-81f8-f7237f0eb223 received client-request: Request { kind: ReserveTicket, customer: ef8b8ef5-cab3-4dc7-83d9-45493f0570a0, server: None, raw: .. }
Reserved ticket 5067 for customer ef8b8ef5-cab3-4dc7-83d9-45493f0570a0
Server 799bb1b2-bd8f-49e2-81f8-f7237f0eb223 received client-request: Request { kind: ReserveTicket, customer: aaf16b81-90c9-49c3-8aa9-155836b43083, server: None, raw: .. }
Reserved ticket 5066 for customer aaf16b81-90c9-49c3-8aa9-155836b43083
Server 799bb1b2-bd8f-49e2-81f8-f7237f0eb223 received client-request: Request { kind: ReserveTicket, customer: de8f4f89-0033-4231-a791-a646eb28b47e, server: None, raw: .. }
Reserved ticket 5065 for customer de8f4f89-0033-4231-a791-a646eb28b47e
Server 799bb1b2-bd8f-49e2-81f8-f7237f0eb223 received client-request: Request { kind: ReserveTicket, customer: 2ea44f9e-4309-432a-9502-fd0d400256c1, server: None, raw: .. }
Reserved ticket 5064 for customer 2ea44f9e-4309-432a-9502-fd0d400256c1
Server 799bb1b2-bd8f-49e2-81f8-f7237f0eb223 received client-request: Request { kind: ReserveTicket, customer: 5f19567c-62de-4c6e-ad8f-323befe97a01, server: None, raw: .. }
Reserved ticket 5063 for customer 5f19567c-62de-4c6e-ad8f-323befe97a01
Server 799bb1b2-bd8f-49e2-81f8-f7237f0eb223 received client-request: Request { kind: ReserveTicket, customer: 499190aa-5399-4fc7-9b63-266fc7a34539, server: None, raw: .. }
Reserved ticket 5062 for customer 499190aa-5399-4fc7-9b63-266fc7a34539
Server 799bb1b2-bd8f-49e2-81f8-f7237f0eb223 received client-request: Request { kind: ReserveTicket, customer: 4c98a0d3-06ce-4852-a2f4-b3ce52214f3d, server: None, raw: .. }
Reserved ticket 5061 for customer 4c98a0d3-06ce-4852-a2f4-b3ce52214f3d
Server 799bb1b2-bd8f-49e2-81f8-f7237f0eb223 received client-request: Request { kind: ReserveTicket, customer: a2486952-4a41-48bb-8e1d-8b320ae42aa2, server: None, raw: .. }
Reserved ticket 5060 for customer a2486952-4a41-48bb-8e1d-8b320ae42aa2
Server 799bb1b2-bd8f-49e2-81f8-f7237f0eb223 received client-request: Request { kind: ReserveTicket, customer: 909a89a8-52ab-41f8-a6bc-7d28ef0e8e7a, server: None, raw: .. }
Reserved ticket 5059 for customer 909a89a8-52ab-41f8-a6bc-7d28ef0e8e7a
Server 799bb1b2-bd8f-49e2-81f8-f7237f0eb223 received client-request: Request { kind: ReserveTicket, customer: d23207a0-0a45-4ac8-a4fd-91f81d9053de, server: None, raw: .. }
Reserved ticket 5058 for customer d23207a0-0a45-4ac8-a4fd-91f81d9053de
Server 799bb1b2-bd8f-49e2-81f8-f7237f0eb223 received client-request: Request { kind: ReserveTicket, customer: 8228cc6b-712f-4c8a-9eda-de8c6276724e, server: None, raw: .. }
Reserved ticket 5057 for customer 8228cc6b-712f-4c8a-9eda-de8c6276724e
Server 799bb1b2-bd8f-49e2-81f8-f7237f0eb223 received client-request: Request { kind: ReserveTicket, customer: af687cb1-9839-4f7e-a99c-ce9185876daf, server: None, raw: .. }
Reserved ticket 5056 for customer af687cb1-9839-4f7e-a99c-ce9185876daf
Server 799bb1b2-bd8f-49e2-81f8-f7237f0eb223 received client-request: Request { kind: ReserveTicket, customer: b7966056-518b-4c25-ab1b-41ea541233d3, server: None, raw: .. }
Reserved ticket 5055 for customer b7966056-518b-4c25-ab1b-41ea541233d3
Server 799bb1b2-bd8f-49e2-81f8-f7237f0eb223 received client-request: Request { kind: ReserveTicket, customer: a0762f7a-1edf-4410-94dd-56ea45fcf046, server: None, raw: .. }
Reserved ticket 5054 for customer a0762f7a-1edf-4410-94dd-56ea45fcf046
Server 799bb1b2-bd8f-49e2-81f8-f7237f0eb223 received client-request: Request { kind: ReserveTicket, customer: 380b44fb-ce97-4ca9-ba20-04926727f515, server: None, raw: .. }
Reserved ticket 5053 for customer 380b44fb-ce97-4ca9-ba20-04926727f515
Server 799bb1b2-bd8f-49e2-81f8-f7237f0eb223 received client-request: Request { kind: ReserveTicket, customer: 5c180e43-3356-4fdf-b8a3-30c8de84ccfc, server: None, raw: .. }
Reserved ticket 5052 for customer 5c180e43-3356-4fdf-b8a3-30c8de84ccfc
Server 799bb1b2-bd8f-49e2-81f8-f7237f0eb223 received client-request: Request { kind: ReserveTicket, customer: b8e6fc22-b7e9-4e45-810b-c105d57cc27d, server: None, raw: .. }
Reserved ticket 5051 for customer b8e6fc22-b7e9-4e45-810b-c105d57cc27d
Server 799bb1b2-bd8f-49e2-81f8-f7237f0eb223 received client-request: Request { kind: ReserveTicket, customer: 6c090e4b-f942-4a49-9de4-1e0b437e52d9, server: None, raw: .. }
Reserved ticket 5050 for customer 6c090e4b-f942-4a49-9de4-1e0b437e52d9
Server 65a51e17-fff5-4036-8b94-6db5de4d28d8 received client-request: Request { kind: ReserveTicket, customer: 6c16eaf4-6940-4e02-9c23-1654e29f8c42, server: None, raw: .. }
Reserved ticket 5049 for customer 6c16eaf4-6940-4e02-9c23-1654e29f8c42
Server 799bb1b2-bd8f-49e2-81f8-f7237f0eb223 received client-request: Request { kind: ReserveTicket, customer: cc446686-3a44-47eb-b070-d42f37efe511, server: None, raw: .. }
Reserved ticket 5048 for customer cc446686-3a44-47eb-b070-d42f37efe511
Server 799bb1b2-bd8f-49e2-81f8-f7237f0eb223 received client-request: Request { kind: ReserveTicket, customer: 509a87e4-9f7a-436a-875b-2bb08b14df3d, server: None, raw: .. }
Reserved ticket 5047 for customer 509a87e4-9f7a-436a-875b-2bb08b14df3d
Server 799bb1b2-bd8f-49e2-81f8-f7237f0eb223 received client-request: Request { kind: ReserveTicket, customer: b77d97c8-df08-4e44-be46-b13a2ad7c588, server: None, raw: .. }
Reserved ticket 5046 for customer b77d97c8-df08-4e44-be46-b13a2ad7c588
Server 799bb1b2-bd8f-49e2-81f8-f7237f0eb223 received client-request: Request { kind: ReserveTicket, customer: 988b2762-30ae-4523-9279-c4fc5a889e42, server: None, raw: .. }
Reserved ticket 5045 for customer 988b2762-30ae-4523-9279-c4fc5a889e42
Server 799bb1b2-bd8f-49e2-81f8-f7237f0eb223 received client-request: Request { kind: ReserveTicket, customer: cadb0b99-b786-49d7-88be-a0bcaf25dc1d, server: None, raw: .. }
Reserved ticket 5044 for customer cadb0b99-b786-49d7-88be-a0bcaf25dc1d
Server 799bb1b2-bd8f-49e2-81f8-f7237f0eb223 received client-request: Request { kind: ReserveTicket, customer: 1bc1d26f-ea96-4189-9a42-530d795c17dc, server: None, raw: .. }
Reserved ticket 5043 for customer 1bc1d26f-ea96-4189-9a42-530d795c17dc
Server 799bb1b2-bd8f-49e2-81f8-f7237f0eb223 received client-request: Request { kind: ReserveTicket, customer: 9b76b417-f51e-4065-be66-0c7305db4be7, server: None, raw: .. }
Reserved ticket 5042 for customer 9b76b417-f51e-4065-be66-0c7305db4be7
Server 799bb1b2-bd8f-49e2-81f8-f7237f0eb223 received client-request: Request { kind: ReserveTicket, customer: 8cf4654a-a8b2-4845-aa14-c24bef9b2dd3, server: None, raw: .. }
Reserved ticket 5041 for customer 8cf4654a-a8b2-4845-aa14-c24bef9b2dd3
Server 799bb1b2-bd8f-49e2-81f8-f7237f0eb223 received client-request: Request { kind: ReserveTicket, customer: 99be0193-ad76-44dd-a894-1b137628582a, server: None, raw: .. }
Reserved ticket 5040 for customer 99be0193-ad76-44dd-a894-1b137628582a
Server 799bb1b2-bd8f-49e2-81f8-f7237f0eb223 received client-request: Request { kind: ReserveTicket, customer: eec904b7-e2a3-4b7d-bc6d-6d8fd377e3d3, server: None, raw: .. }
Reserved ticket 5039 for customer eec904b7-e2a3-4b7d-bc6d-6d8fd377e3d3
Server 799bb1b2-bd8f-49e2-81f8-f7237f0eb223 received client-request: Request { kind: ReserveTicket, customer: a231141b-0a70-4851-bb14-69c1d89e39bc, server: None, raw: .. }
Reserved ticket 5038 for customer a231141b-0a70-4851-bb14-69c1d89e39bc
Server 799bb1b2-bd8f-49e2-81f8-f7237f0eb223 received client-request: Request { kind: ReserveTicket, customer: 36f44457-cba4-4f0e-9a60-556dd257116f, server: None, raw: .. }
Reserved ticket 5037 for customer 36f44457-cba4-4f0e-9a60-556dd257116f
Server 799bb1b2-bd8f-49e2-81f8-f7237f0eb223 received client-request: Request { kind: ReserveTicket, customer: 6b90ad87-6bf8-4e82-b084-21e57f0bf43a, server: None, raw: .. }
Reserved ticket 5036 for customer 6b90ad87-6bf8-4e82-b084-21e57f0bf43a
Server 799bb1b2-bd8f-49e2-81f8-f7237f0eb223 received client-request: Request { kind: ReserveTicket, customer: 5184d0ab-5df7-430a-849a-d924f8a1d730, server: None, raw: .. }
Reserved ticket 5035 for customer 5184d0ab-5df7-430a-849a-d924f8a1d730
Server 799bb1b2-bd8f-49e2-81f8-f7237f0eb223 received client-request: Request { kind: ReserveTicket, customer: b7cfb629-3620-4829-98fe-dd342900fdf3, server: None, raw: .. }
Reserved ticket 5034 for customer b7cfb629-3620-4829-98fe-dd342900fdf3
Server 799bb1b2-bd8f-49e2-81f8-f7237f0eb223 received client-request: Request { kind: ReserveTicket, customer: bd62073e-a592-442f-b384-eeb3451f9915, server: None, raw: .. }
Reserved ticket 5033 for customer bd62073e-a592-442f-b384-eeb3451f9915
Server 799bb1b2-bd8f-49e2-81f8-f7237f0eb223 received client-request: Request { kind: ReserveTicket, customer: f5420677-071d-4424-baf8-c045217fb671, server: None, raw: .. }
Reserved ticket 5032 for customer f5420677-071d-4424-baf8-c045217fb671
Server 799bb1b2-bd8f-49e2-81f8-f7237f0eb223 received client-request: Request { kind: ReserveTicket, customer: 0db6205b-6c72-4706-b74a-e74ef3489b0a, server: None, raw: .. }
Reserved ticket 5031 for customer 0db6205b-6c72-4706-b74a-e74ef3489b0a
Server 799bb1b2-bd8f-49e2-81f8-f7237f0eb223 received client-request: Request { kind: ReserveTicket, customer: a695508b-2913-4713-9fd6-085e58167b70, server: None, raw: .. }
Reserved ticket 5030 for customer a695508b-2913-4713-9fd6-085e58167b70
Server 65a51e17-fff5-4036-8b94-6db5de4d28d8 received client-request: Request { kind: ReserveTicket, customer: d821b2a7-8029-41e8-85bd-a6b632e6aefc, server: None, raw: .. }
Reserved ticket 5029 for customer d821b2a7-8029-41e8-85bd-a6b632e6aefc
Server 799bb1b2-bd8f-49e2-81f8-f7237f0eb223 received client-request: Request { kind: ReserveTicket, customer: 7a3f56a6-2b11-46cd-8ea9-e56f8d90fcdb, server: None, raw: .. }
Reserved ticket 5028 for customer 7a3f56a6-2b11-46cd-8ea9-e56f8d90fcdb
Server 799bb1b2-bd8f-49e2-81f8-f7237f0eb223 received client-request: Request { kind: ReserveTicket, customer: ba9bad16-f9fb-41a9-8e61-d6f3d6d66e29, server: None, raw: .. }
Reserved ticket 5027 for customer ba9bad16-f9fb-41a9-8e61-d6f3d6d66e29
Server 799bb1b2-bd8f-49e2-81f8-f7237f0eb223 received client-request: Request { kind: ReserveTicket, customer: 6bd3eb8a-25a9-4be7-b90a-4b72cf0e4045, server: None, raw: .. }
Reserved ticket 5026 for customer 6bd3eb8a-25a9-4be7-b90a-4b72cf0e4045
Server 799bb1b2-bd8f-49e2-81f8-f7237f0eb223 received client-request: Request { kind: ReserveTicket, customer: 0a89ff79-16a0-41f8-a86b-8f05f128c97b, server: None, raw: .. }
Reserved ticket 5025 for customer 0a89ff79-16a0-41f8-a86b-8f05f128c97b
Server 799bb1b2-bd8f-49e2-81f8-f7237f0eb223 received client-request: Request { kind: ReserveTicket, customer: abfc6f35-f129-4c70-a279-d19ce7382884, server: None, raw: .. }
Reserved ticket 5024 for customer abfc6f35-f129-4c70-a279-d19ce7382884
Server 799bb1b2-bd8f-49e2-81f8-f7237f0eb223 received client-request: Request { kind: ReserveTicket, customer: ca921b5a-faa3-4e7f-8cf2-41614c12e1b0, server: None, raw: .. }
Reserved ticket 5023 for customer ca921b5a-faa3-4e7f-8cf2-41614c12e1b0
Server 799bb1b2-bd8f-49e2-81f8-f7237f0eb223 received client-request: Request { kind: ReserveTicket, customer: 55fd53b9-56d5-4f20-ab1b-4468dc5deab2, server: None, raw: .. }
Reserved ticket 5022 for customer 55fd53b9-56d5-4f20-ab1b-4468dc5deab2
Server 799bb1b2-bd8f-49e2-81f8-f7237f0eb223 received client-request: Request { kind: ReserveTicket, customer: f23161b2-3b28-4bb7-a55e-295f6ebb3570, server: None, raw: .. }
Reserved ticket 5021 for customer f23161b2-3b28-4bb7-a55e-295f6ebb3570
Server 799bb1b2-bd8f-49e2-81f8-f7237f0eb223 received client-request: Request { kind: ReserveTicket, customer: 32aaa46f-14f6-4362-ab4b-27bf8ba4c594, server: None, raw: .. }
Reserved ticket 5020 for customer 32aaa46f-14f6-4362-ab4b-27bf8ba4c594
Server 799bb1b2-bd8f-49e2-81f8-f7237f0eb223 received client-request: Request { kind: ReserveTicket, customer: 26f58716-d6e5-40b9-9207-dea98ed38088, server: None, raw: .. }
Reserved ticket 5019 for customer 26f58716-d6e5-40b9-9207-dea98ed38088
Server 799bb1b2-bd8f-49e2-81f8-f7237f0eb223 received client-request: Request { kind: ReserveTicket, customer: 06da2749-6b46-42bd-bdfb-9e0028c3cf83, server: None, raw: .. }
Reserved ticket 5018 for customer 06da2749-6b46-42bd-bdfb-9e0028c3cf83
Server 799bb1b2-bd8f-49e2-81f8-f7237f0eb223 received client-request: Request { kind: ReserveTicket, customer: a9f7f4ec-ace1-4965-bd3a-fd267d6e3f32, server: None, raw: .. }
Reserved ticket 5017 for customer a9f7f4ec-ace1-4965-bd3a-fd267d6e3f32
Server 799bb1b2-bd8f-49e2-81f8-f7237f0eb223 received client-request: Request { kind: ReserveTicket, customer: f469d821-e84b-4504-ae41-6d97898521f1, server: None, raw: .. }
Reserved ticket 5016 for customer f469d821-e84b-4504-ae41-6d97898521f1
Server 799bb1b2-bd8f-49e2-81f8-f7237f0eb223 received client-request: Request { kind: ReserveTicket, customer: 928dc6f3-3f77-43d2-b25e-8f0956c0f9f7, server: None, raw: .. }
Reserved ticket 5015 for customer 928dc6f3-3f77-43d2-b25e-8f0956c0f9f7
Server 799bb1b2-bd8f-49e2-81f8-f7237f0eb223 received client-request: Request { kind: ReserveTicket, customer: 7e8e40bf-1e98-4d40-ad07-7a40e5730f86, server: None, raw: .. }
Reserved ticket 5014 for customer 7e8e40bf-1e98-4d40-ad07-7a40e5730f86
Server 799bb1b2-bd8f-49e2-81f8-f7237f0eb223 received client-request: Request { kind: ReserveTicket, customer: b53f351f-c9a0-44d0-86b5-53abf53af15e, server: None, raw: .. }
Reserved ticket 5013 for customer b53f351f-c9a0-44d0-86b5-53abf53af15e
Server 799bb1b2-bd8f-49e2-81f8-f7237f0eb223 received client-request: Request { kind: ReserveTicket, customer: b0e8daf2-924a-4c74-8726-b74e571e8c2b, server: None, raw: .. }
Reserved ticket 5012 for customer b0e8daf2-924a-4c74-8726-b74e571e8c2b
Server 799bb1b2-bd8f-49e2-81f8-f7237f0eb223 received client-request: Request { kind: ReserveTicket, customer: 1f07f533-e635-4b3c-bba7-116472893ce3, server: None, raw: .. }
Reserved ticket 5011 for customer 1f07f533-e635-4b3c-bba7-116472893ce3
Server 799bb1b2-bd8f-49e2-81f8-f7237f0eb223 received client-request: Request { kind: ReserveTicket, customer: 6f6e5df4-43ec-4cfc-9de6-0372244533c7, server: None, raw: .. }
Reserved ticket 5010 for customer 6f6e5df4-43ec-4cfc-9de6-0372244533c7
Server 65a51e17-fff5-4036-8b94-6db5de4d28d8 received client-request: Request { kind: ReserveTicket, customer: e3d2e45c-2528-40dc-9b77-a9550be0467c, server: None, raw: .. }
Reserved ticket 5009 for customer e3d2e45c-2528-40dc-9b77-a9550be0467c
Server 799bb1b2-bd8f-49e2-81f8-f7237f0eb223 received client-request: Request { kind: ReserveTicket, customer: b573abe7-1ab8-4454-a873-8a3f0952e22b, server: None, raw: .. }
Reserved ticket 5008 for customer b573abe7-1ab8-4454-a873-8a3f0952e22b
Server 799bb1b2-bd8f-49e2-81f8-f7237f0eb223 received client-request: Request { kind: ReserveTicket, customer: 6f7a4b21-50c4-4b77-b86f-81d3bb2283bf, server: None, raw: .. }
Reserved ticket 5007 for customer 6f7a4b21-50c4-4b77-b86f-81d3bb2283bf
Server 799bb1b2-bd8f-49e2-81f8-f7237f0eb223 received client-request: Request { kind: ReserveTicket, customer: b6fca0b9-620a-4dab-8d7f-8272a08058be, server: None, raw: .. }
Reserved ticket 5006 for customer b6fca0b9-620a-4dab-8d7f-8272a08058be
Server 799bb1b2-bd8f-49e2-81f8-f7237f0eb223 received client-request: Request { kind: ReserveTicket, customer: 56eb3468-6c2a-464f-8dfa-25d169cd9c56, server: None, raw: .. }
Reserved ticket 5005 for customer 56eb3468-6c2a-464f-8dfa-25d169cd9c56
Server 799bb1b2-bd8f-49e2-81f8-f7237f0eb223 received client-request: Request { kind: ReserveTicket, customer: dcc6cdcf-ae08-4742-98e0-d76fa101acbb, server: None, raw: .. }
Reserved ticket 5004 for customer dcc6cdcf-ae08-4742-98e0-d76fa101acbb
Server 799bb1b2-bd8f-49e2-81f8-f7237f0eb223 received client-request: Request { kind: ReserveTicket, customer: 16520498-eaa1-4e17-9f5c-2f4e5d08e907, server: None, raw: .. }
Reserved ticket 5003 for customer 16520498-eaa1-4e17-9f5c-2f4e5d08e907
Server 799bb1b2-bd8f-49e2-81f8-f7237f0eb223 received client-request: Request { kind: ReserveTicket, customer: ba7c95ae-8f85-42a9-af23-793bc3d16142, server: None, raw: .. }
Reserved ticket 5002 for customer ba7c95ae-8f85-42a9-af23-793bc3d16142
Server 799bb1b2-bd8f-49e2-81f8-f7237f0eb223 received client-request: Request { kind: ReserveTicket, customer: 9aad6abd-bed8-4e3f-9ba4-f02da38077b3, server: None, raw: .. }
Reserved ticket 5001 for customer 9aad6abd-bed8-4e3f-9ba4-f02da38077b3
Server 799bb1b2-bd8f-49e2-81f8-f7237f0eb223 received client-request: Request { kind: ReserveTicket, customer: 68d51a53-f67d-4b31-ae09-27fc646701b5, server: None, raw: .. }
Reserved ticket 5000 for customer 68d51a53-f67d-4b31-ae09-27fc646701b5
Server 799bb1b2-bd8f-49e2-81f8-f7237f0eb223 received client-request: Request { kind: ReserveTicket, customer: 0a674e67-551c-4cc0-a39d-afc29468d4ba, server: None, raw: .. }
Reserved ticket 4999 for customer 0a674e67-551c-4cc0-a39d-afc29468d4ba
Server 799bb1b2-bd8f-49e2-81f8-f7237f0eb223 received client-request: Request { kind: ReserveTicket, customer: 87943f05-3d9d-465b-9f0b-c6331f247ab5, server: None, raw: .. }
Reserved ticket 4998 for customer 87943f05-3d9d-465b-9f0b-c6331f247ab5
Server 799bb1b2-bd8f-49e2-81f8-f7237f0eb223 received client-request: Request { kind: ReserveTicket, customer: baf4fbf1-737d-442d-a266-2a7f8d03287f, server: None, raw: .. }
Reserved ticket 4997 for customer baf4fbf1-737d-442d-a266-2a7f8d03287f
Server 799bb1b2-bd8f-49e2-81f8-f7237f0eb223 received client-request: Request { kind: ReserveTicket, customer: d4126c03-420e-4c57-90ec-198c47e69758, server: None, raw: .. }
Reserved ticket 4996 for customer d4126c03-420e-4c57-90ec-198c47e69758
Server 799bb1b2-bd8f-49e2-81f8-f7237f0eb223 received client-request: Request { kind: ReserveTicket, customer: 6ab70a6b-fcc0-49d3-9743-55bc7d2d53ef, server: None, raw: .. }
Reserved ticket 4995 for customer 6ab70a6b-fcc0-49d3-9743-55bc7d2d53ef
Server 799bb1b2-bd8f-49e2-81f8-f7237f0eb223 received client-request: Request { kind: ReserveTicket, customer: 4a5a3ce6-47e7-418f-9323-dfca8d293fa7, server: None, raw: .. }
Reserved ticket 4994 for customer 4a5a3ce6-47e7-418f-9323-dfca8d293fa7
Server 799bb1b2-bd8f-49e2-81f8-f7237f0eb223 received client-request: Request { kind: ReserveTicket, customer: 05d52443-d119-4b84-8bab-df58e3b091fa, server: None, raw: .. }
Reserved ticket 4993 for customer 05d52443-d119-4b84-8bab-df58e3b091fa
Server 799bb1b2-bd8f-49e2-81f8-f7237f0eb223 received client-request: Request { kind: ReserveTicket, customer: 3c68b2df-eae3-4e11-b648-d6623e1beb18, server: None, raw: .. }
Reserved ticket 4992 for customer 3c68b2df-eae3-4e11-b648-d6623e1beb18
Server 799bb1b2-bd8f-49e2-81f8-f7237f0eb223 received client-request: Request { kind: ReserveTicket, customer: 240d2c96-186f-49b6-86da-40f6220b7628, server: None, raw: .. }
Reserved ticket 4991 for customer 240d2c96-186f-49b6-86da-40f6220b7628
Server 799bb1b2-bd8f-49e2-81f8-f7237f0eb223 received client-request: Request { kind: ReserveTicket, customer: 3ae80c24-4f90-4827-879c-22e11a5f6f79, server: None, raw: .. }
Reserved ticket 4990 for customer 3ae80c24-4f90-4827-879c-22e11a5f6f79
Server 65a51e17-fff5-4036-8b94-6db5de4d28d8 received client-request: Request { kind: ReserveTicket, customer: ba2231ff-b95a-4b9a-8c41-ea6fbb2228e6, server: None, raw: .. }
Reserved ticket 4989 for customer ba2231ff-b95a-4b9a-8c41-ea6fbb2228e6
Server 799bb1b2-bd8f-49e2-81f8-f7237f0eb223 received client-request: Request { kind: ReserveTicket, customer: c2349b44-2b42-49c3-9de4-56936ced1352, server: None, raw: .. }
Reserved ticket 4988 for customer c2349b44-2b42-49c3-9de4-56936ced1352
Server 799bb1b2-bd8f-49e2-81f8-f7237f0eb223 received client-request: Request { kind: ReserveTicket, customer: 5857a155-cb25-4bf2-9150-1bc1c02dab32, server: None, raw: .. }
Reserved ticket 4987 for customer 5857a155-cb25-4bf2-9150-1bc1c02dab32
Server 799bb1b2-bd8f-49e2-81f8-f7237f0eb223 received client-request: Request { kind: ReserveTicket, customer: 2469e2c6-64f5-4c29-922b-e5b6f7b796b0, server: None, raw: .. }
Reserved ticket 4986 for customer 2469e2c6-64f5-4c29-922b-e5b6f7b796b0
Server 799bb1b2-bd8f-49e2-81f8-f7237f0eb223 received client-request: Request { kind: ReserveTicket, customer: d2b0759d-4c06-4cb7-b2e9-aeb800f4d8d3, server: None, raw: .. }
Reserved ticket 4985 for customer d2b0759d-4c06-4cb7-b2e9-aeb800f4d8d3
Server 799bb1b2-bd8f-49e2-81f8-f7237f0eb223 received client-request: Request { kind: ReserveTicket, customer: e0ecf275-c125-46d9-9684-8927165d203c, server: None, raw: .. }
Reserved ticket 4984 for customer e0ecf275-c125-46d9-9684-8927165d203c
Server 799bb1b2-bd8f-49e2-81f8-f7237f0eb223 received client-request: Request { kind: ReserveTicket, customer: c1580aed-dab8-4685-a4ff-88a9b89f0d9d, server: None, raw: .. }
Reserved ticket 4983 for customer c1580aed-dab8-4685-a4ff-88a9b89f0d9d
Server 799bb1b2-bd8f-49e2-81f8-f7237f0eb223 received client-request: Request { kind: ReserveTicket, customer: 91ceaf17-3208-46ed-aa59-03cdac3f1fe8, server: None, raw: .. }
Reserved ticket 4982 for customer 91ceaf17-3208-46ed-aa59-03cdac3f1fe8
Server 799bb1b2-bd8f-49e2-81f8-f7237f0eb223 received client-request: Request { kind: ReserveTicket, customer: 511083be-6e21-4e46-b7c7-e52c62db8efb, server: None, raw: .. }
Reserved ticket 4981 for customer 511083be-6e21-4e46-b7c7-e52c62db8efb
Server 799bb1b2-bd8f-49e2-81f8-f7237f0eb223 received client-request: Request { kind: ReserveTicket, customer: bfe220cf-f38d-4296-b33b-aae75a2b1419, server: None, raw: .. }
Reserved ticket 4980 for customer bfe220cf-f38d-4296-b33b-aae75a2b1419
Server 799bb1b2-bd8f-49e2-81f8-f7237f0eb223 received client-request: Request { kind: ReserveTicket, customer: 86ce14e7-9d35-4e63-8451-77c22fabd82c, server: None, raw: .. }
Reserved ticket 4979 for customer 86ce14e7-9d35-4e63-8451-77c22fabd82c
Server 799bb1b2-bd8f-49e2-81f8-f7237f0eb223 received client-request: Request { kind: ReserveTicket, customer: 7b259c56-88ee-4586-b74b-d2369e19c097, server: None, raw: .. }
Reserved ticket 4978 for customer 7b259c56-88ee-4586-b74b-d2369e19c097
Server 799bb1b2-bd8f-49e2-81f8-f7237f0eb223 received client-request: Request { kind: ReserveTicket, customer: 00a50f9a-9db3-4a97-a0b1-169f04c05f74, server: None, raw: .. }
Reserved ticket 4977 for customer 00a50f9a-9db3-4a97-a0b1-169f04c05f74
Server 799bb1b2-bd8f-49e2-81f8-f7237f0eb223 received client-request: Request { kind: ReserveTicket, customer: a7c0bba6-4ec0-400b-95cd-1195f4db59d1, server: None, raw: .. }
Reserved ticket 4976 for customer a7c0bba6-4ec0-400b-95cd-1195f4db59d1
Server 799bb1b2-bd8f-49e2-81f8-f7237f0eb223 received client-request: Request { kind: ReserveTicket, customer: a214b10d-6277-430b-8105-64bac1cd4aea, server: None, raw: .. }
Reserved ticket 4975 for customer a214b10d-6277-430b-8105-64bac1cd4aea
Server 799bb1b2-bd8f-49e2-81f8-f7237f0eb223 received client-request: Request { kind: ReserveTicket, customer: 8a474e02-cc69-43ac-b128-25cbb1e5a681, server: None, raw: .. }
Reserved ticket 4974 for customer 8a474e02-cc69-43ac-b128-25cbb1e5a681
Server 799bb1b2-bd8f-49e2-81f8-f7237f0eb223 received client-request: Request { kind: ReserveTicket, customer: 1774d55d-ac6e-43b9-972c-0e536e5b3895, server: None, raw: .. }
Reserved ticket 4973 for customer 1774d55d-ac6e-43b9-972c-0e536e5b3895
Server 799bb1b2-bd8f-49e2-81f8-f7237f0eb223 received client-request: Request { kind: ReserveTicket, customer: a7bc902a-60c0-40df-b20b-470fa5c02955, server: None, raw: .. }
Reserved ticket 4972 for customer a7bc902a-60c0-40df-b20b-470fa5c02955
Server 799bb1b2-bd8f-49e2-81f8-f7237f0eb223 received client-request: Request { kind: ReserveTicket, customer: aeb0be01-6f5e-4d5e-bdd8-f5dc4704ffa8, server: None, raw: .. }
Reserved ticket 4971 for customer aeb0be01-6f5e-4d5e-bdd8-f5dc4704ffa8
Server 799bb1b2-bd8f-49e2-81f8-f7237f0eb223 received client-request: Request { kind: ReserveTicket, customer: 8def0082-164f-4cba-badb-d5ab5e55c6de, server: None, raw: .. }
Reserved ticket 4970 for customer 8def0082-164f-4cba-badb-d5ab5e55c6de
Server 65a51e17-fff5-4036-8b94-6db5de4d28d8 received client-request: Request { kind: ReserveTicket, customer: 1355ea99-5edc-43ea-b8d0-adb235b0e6e6, server: None, raw: .. }
Reserved ticket 4969 for customer 1355ea99-5edc-43ea-b8d0-adb235b0e6e6
Server 799bb1b2-bd8f-49e2-81f8-f7237f0eb223 received client-request: Request { kind: ReserveTicket, customer: 2d3d0555-9eac-48fb-975f-fa1c0fbc37f7, server: None, raw: .. }
Reserved ticket 4968 for customer 2d3d0555-9eac-48fb-975f-fa1c0fbc37f7
Server 799bb1b2-bd8f-49e2-81f8-f7237f0eb223 received client-request: Request { kind: ReserveTicket, customer: 8ac1ca10-37ae-4707-9837-7213e1d5cabc, server: None, raw: .. }
Reserved ticket 4967 for customer 8ac1ca10-37ae-4707-9837-7213e1d5cabc
Server 799bb1b2-bd8f-49e2-81f8-f7237f0eb223 received client-request: Request { kind: ReserveTicket, customer: 9d5c7f78-2d47-4c2b-818d-b2807b582a66, server: None, raw: .. }
Reserved ticket 4966 for customer 9d5c7f78-2d47-4c2b-818d-b2807b582a66
Server 799bb1b2-bd8f-49e2-81f8-f7237f0eb223 received client-request: Request { kind: ReserveTicket, customer: 647c426c-24fe-4bd6-b998-65965de44600, server: None, raw: .. }
Reserved ticket 4965 for customer 647c426c-24fe-4bd6-b998-65965de44600
Server 799bb1b2-bd8f-49e2-81f8-f7237f0eb223 received client-request: Request { kind: ReserveTicket, customer: eb88287d-b34e-4e68-a88e-ff29f6e6f231, server: None, raw: .. }
Reserved ticket 4964 for customer eb88287d-b34e-4e68-a88e-ff29f6e6f231
Server 799bb1b2-bd8f-49e2-81f8-f7237f0eb223 received client-request: Request { kind: ReserveTicket, customer: f61b4e53-76fb-459e-a89b-fdb68e171a44, server: None, raw: .. }
Reserved ticket 4963 for customer f61b4e53-76fb-459e-a89b-fdb68e171a44
Server 799bb1b2-bd8f-49e2-81f8-f7237f0eb223 received client-request: Request { kind: ReserveTicket, customer: 0585420a-581e-49f2-846d-46a170793b02, server: None, raw: .. }
Reserved ticket 4962 for customer 0585420a-581e-49f2-846d-46a170793b02
Server 799bb1b2-bd8f-49e2-81f8-f7237f0eb223 received client-request: Request { kind: ReserveTicket, customer: 862ac9e8-b0ce-4ec3-a276-0cfad1e4bf67, server: None, raw: .. }
Reserved ticket 4961 for customer 862ac9e8-b0ce-4ec3-a276-0cfad1e4bf67
Server 799bb1b2-bd8f-49e2-81f8-f7237f0eb223 received client-request: Request { kind: ReserveTicket, customer: 216f9fad-9f3a-4d99-8433-5d4a7d4ccdb6, server: None, raw: .. }
Reserved ticket 4960 for customer 216f9fad-9f3a-4d99-8433-5d4a7d4ccdb6
Server 799bb1b2-bd8f-49e2-81f8-f7237f0eb223 received client-request: Request { kind: ReserveTicket, customer: e65926fc-0c02-4830-ac86-74c20cd4a6f8, server: None, raw: .. }
Reserved ticket 4959 for customer e65926fc-0c02-4830-ac86-74c20cd4a6f8
Server 799bb1b2-bd8f-49e2-81f8-f7237f0eb223 received client-request: Request { kind: ReserveTicket, customer: 5f07a509-c09c-45be-9018-bfbaa1bf0b0a, server: None, raw: .. }
Reserved ticket 4958 for customer 5f07a509-c09c-45be-9018-bfbaa1bf0b0a
Server 799bb1b2-bd8f-49e2-81f8-f7237f0eb223 received client-request: Request { kind: ReserveTicket, customer: d6726811-81b5-4c98-a214-7c67af432f77, server: None, raw: .. }
Reserved ticket 4957 for customer d6726811-81b5-4c98-a214-7c67af432f77
Server 799bb1b2-bd8f-49e2-81f8-f7237f0eb223 received client-request: Request { kind: ReserveTicket, customer: a76c3889-8e44-4824-8c94-8f7f71d2148c, server: None, raw: .. }
Reserved ticket 4956 for customer a76c3889-8e44-4824-8c94-8f7f71d2148c
Server 799bb1b2-bd8f-49e2-81f8-f7237f0eb223 received client-request: Request { kind: ReserveTicket, customer: 090e4be0-7c02-4a4e-904a-72efced8adc6, server: None, raw: .. }
Reserved ticket 4955 for customer 090e4be0-7c02-4a4e-904a-72efced8adc6
Server 799bb1b2-bd8f-49e2-81f8-f7237f0eb223 received client-request: Request { kind: ReserveTicket, customer: 1c6dee18-ef83-47a0-ae5e-7c0aeb7c60b1, server: None, raw: .. }
Reserved ticket 4954 for customer 1c6dee18-ef83-47a0-ae5e-7c0aeb7c60b1
Server 799bb1b2-bd8f-49e2-81f8-f7237f0eb223 received client-request: Request { kind: ReserveTicket, customer: 514a0877-03a7-4c81-976a-4fb8e9c3af0a, server: None, raw: .. }
Reserved ticket 4953 for customer 514a0877-03a7-4c81-976a-4fb8e9c3af0a
Server 799bb1b2-bd8f-49e2-81f8-f7237f0eb223 received client-request: Request { kind: ReserveTicket, customer: c6c4e581-1490-4d63-bbc9-6252f52621a9, server: None, raw: .. }
Reserved ticket 4952 for customer c6c4e581-1490-4d63-bbc9-6252f52621a9
Server 799bb1b2-bd8f-49e2-81f8-f7237f0eb223 received client-request: Request { kind: ReserveTicket, customer: 1f8ff0e1-a286-4948-9f43-ab686a4c790d, server: None, raw: .. }
Reserved ticket 4951 for customer 1f8ff0e1-a286-4948-9f43-ab686a4c790d
Server 799bb1b2-bd8f-49e2-81f8-f7237f0eb223 received client-request: Request { kind: ReserveTicket, customer: 44f0fa91-9aef-410b-ba38-7da16e360c00, server: None, raw: .. }
Reserved ticket 4950 for customer 44f0fa91-9aef-410b-ba38-7da16e360c00
Server 65a51e17-fff5-4036-8b94-6db5de4d28d8 received client-request: Request { kind: ReserveTicket, customer: 441aecf8-a8b8-441e-8fd4-fd75edcf4ae9, server: None, raw: .. }
Reserved ticket 4949 for customer 441aecf8-a8b8-441e-8fd4-fd75edcf4ae9
Server 799bb1b2-bd8f-49e2-81f8-f7237f0eb223 received client-request: Request { kind: ReserveTicket, customer: 6e6842a0-d22c-4c53-b45a-00c9b1f42186, server: None, raw: .. }
Reserved ticket 4948 for customer 6e6842a0-d22c-4c53-b45a-00c9b1f42186
Server 799bb1b2-bd8f-49e2-81f8-f7237f0eb223 received client-request: Request { kind: ReserveTicket, customer: 1ad1e5f7-6630-4440-a529-51fc24e0f492, server: None, raw: .. }
Reserved ticket 4947 for customer 1ad1e5f7-6630-4440-a529-51fc24e0f492
Server 799bb1b2-bd8f-49e2-81f8-f7237f0eb223 received client-request: Request { kind: ReserveTicket, customer: a3bddff8-466f-47a6-84e2-d044dde2c812, server: None, raw: .. }
Reserved ticket 4946 for customer a3bddff8-466f-47a6-84e2-d044dde2c812
Server 799bb1b2-bd8f-49e2-81f8-f7237f0eb223 received client-request: Request { kind: ReserveTicket, customer: b1fc3ce2-17b6-44c0-9960-f3ca67c79316, server: None, raw: .. }
Reserved ticket 4945 for customer b1fc3ce2-17b6-44c0-9960-f3ca67c79316
Server 799bb1b2-bd8f-49e2-81f8-f7237f0eb223 received client-request: Request { kind: ReserveTicket, customer: a7c558fb-60c8-4d85-befc-5fb694ba1527, server: None, raw: .. }
Reserved ticket 4944 for customer a7c558fb-60c8-4d85-befc-5fb694ba1527
Server 799bb1b2-bd8f-49e2-81f8-f7237f0eb223 received client-request: Request { kind: ReserveTicket, customer: a6b30594-a9b9-42ae-acfd-fa89390c2765, server: None, raw: .. }
Reserved ticket 4943 for customer a6b30594-a9b9-42ae-acfd-fa89390c2765
Server 799bb1b2-bd8f-49e2-81f8-f7237f0eb223 received client-request: Request { kind: ReserveTicket, customer: 6a77875b-d359-458b-88b5-9896656a76c4, server: None, raw: .. }
Reserved ticket 4942 for customer 6a77875b-d359-458b-88b5-9896656a76c4
Server 799bb1b2-bd8f-49e2-81f8-f7237f0eb223 received client-request: Request { kind: ReserveTicket, customer: ce4f93ff-9719-4fbc-9497-cee64dc5f03f, server: None, raw: .. }
Reserved ticket 4941 for customer ce4f93ff-9719-4fbc-9497-cee64dc5f03f
Server 799bb1b2-bd8f-49e2-81f8-f7237f0eb223 received client-request: Request { kind: ReserveTicket, customer: 8e6f26b0-196b-4a74-b39c-fd47f5d70a28, server: None, raw: .. }
Reserved ticket 4940 for customer 8e6f26b0-196b-4a74-b39c-fd47f5d70a28
Server 799bb1b2-bd8f-49e2-81f8-f7237f0eb223 received client-request: Request { kind: ReserveTicket, customer: 14e89d53-fb9b-42e9-b567-89ffb20a4c77, server: None, raw: .. }
Reserved ticket 4939 for customer 14e89d53-fb9b-42e9-b567-89ffb20a4c77
Server 799bb1b2-bd8f-49e2-81f8-f7237f0eb223 received client-request: Request { kind: ReserveTicket, customer: aa98bb24-8b1c-4a06-b453-a3811b580322, server: None, raw: .. }
Reserved ticket 4938 for customer aa98bb24-8b1c-4a06-b453-a3811b580322
Server 799bb1b2-bd8f-49e2-81f8-f7237f0eb223 received client-request: Request { kind: ReserveTicket, customer: 2dd835b1-8e92-4bb9-8d1d-53b7f11f2f24, server: None, raw: .. }
Reserved ticket 4937 for customer 2dd835b1-8e92-4bb9-8d1d-53b7f11f2f24
Server 799bb1b2-bd8f-49e2-81f8-f7237f0eb223 received client-request: Request { kind: ReserveTicket, customer: 44470a2c-15df-4d5b-98aa-ef548e27bff5, server: None, raw: .. }
Reserved ticket 4936 for customer 44470a2c-15df-4d5b-98aa-ef548e27bff5
Server 799bb1b2-bd8f-49e2-81f8-f7237f0eb223 received client-request: Request { kind: ReserveTicket, customer: edecf878-a3c3-466c-9ece-2154c8f5130b, server: None, raw: .. }
Reserved ticket 4935 for customer edecf878-a3c3-466c-9ece-2154c8f5130b
Server 799bb1b2-bd8f-49e2-81f8-f7237f0eb223 received client-request: Request { kind: ReserveTicket, customer: ff2594d8-1e5e-431d-bf42-c437b5efd8ee, server: None, raw: .. }
Reserved ticket 4934 for customer ff2594d8-1e5e-431d-bf42-c437b5efd8ee
Server 799bb1b2-bd8f-49e2-81f8-f7237f0eb223 received client-request: Request { kind: ReserveTicket, customer: 7a5b064c-6d10-4fc9-afb4-a95fcca88461, server: None, raw: .. }
Reserved ticket 4933 for customer 7a5b064c-6d10-4fc9-afb4-a95fcca88461
Server 799bb1b2-bd8f-49e2-81f8-f7237f0eb223 received client-request: Request { kind: ReserveTicket, customer: 90277ca3-8d22-4b56-99a9-5363325100ff, server: None, raw: .. }
Reserved ticket 4932 for customer 90277ca3-8d22-4b56-99a9-5363325100ff
Server 799bb1b2-bd8f-49e2-81f8-f7237f0eb223 received client-request: Request { kind: ReserveTicket, customer: f3ea5cf3-e49d-4e88-a0b7-7e20536e2949, server: None, raw: .. }
Reserved ticket 4931 for customer f3ea5cf3-e49d-4e88-a0b7-7e20536e2949
Server 799bb1b2-bd8f-49e2-81f8-f7237f0eb223 received client-request: Request { kind: ReserveTicket, customer: fb623a2e-dbe0-4103-ad14-d3055c512746, server: None, raw: .. }
Reserved ticket 4930 for customer fb623a2e-dbe0-4103-ad14-d3055c512746
Server 65a51e17-fff5-4036-8b94-6db5de4d28d8 received client-request: Request { kind: ReserveTicket, customer: 701727c7-7bd1-4f98-9bd0-1d2f0c7c0a69, server: None, raw: .. }
Reserved ticket 4929 for customer 701727c7-7bd1-4f98-9bd0-1d2f0c7c0a69
Server 799bb1b2-bd8f-49e2-81f8-f7237f0eb223 received client-request: Request { kind: ReserveTicket, customer: e75bc848-8a9f-40ca-b96d-28926607076f, server: None, raw: .. }
Reserved ticket 4928 for customer e75bc848-8a9f-40ca-b96d-28926607076f
Server 799bb1b2-bd8f-49e2-81f8-f7237f0eb223 received client-request: Request { kind: ReserveTicket, customer: df131e5f-11ff-4406-bc91-a190480cf76d, server: None, raw: .. }
Reserved ticket 4927 for customer df131e5f-11ff-4406-bc91-a190480cf76d
Server 799bb1b2-bd8f-49e2-81f8-f7237f0eb223 received client-request: Request { kind: ReserveTicket, customer: df701a7b-8912-41b9-977d-80274affa35b, server: None, raw: .. }
Reserved ticket 4926 for customer df701a7b-8912-41b9-977d-80274affa35b
Server 799bb1b2-bd8f-49e2-81f8-f7237f0eb223 received client-request: Request { kind: ReserveTicket, customer: 170b8fb9-ae11-4e96-a2f3-269828c9e0e2, server: None, raw: .. }
Reserved ticket 4925 for customer 170b8fb9-ae11-4e96-a2f3-269828c9e0e2
Server 799bb1b2-bd8f-49e2-81f8-f7237f0eb223 received client-request: Request { kind: ReserveTicket, customer: d4d8c710-bf2b-430c-b0f9-82852628699e, server: None, raw: .. }
Reserved ticket 4924 for customer d4d8c710-bf2b-430c-b0f9-82852628699e
Server 799bb1b2-bd8f-49e2-81f8-f7237f0eb223 received client-request: Request { kind: ReserveTicket, customer: e3024226-0a03-4c99-8ed7-cd7bfe6ea4a4, server: None, raw: .. }
Reserved ticket 4923 for customer e3024226-0a03-4c99-8ed7-cd7bfe6ea4a4
Server 799bb1b2-bd8f-49e2-81f8-f7237f0eb223 received client-request: Request { kind: ReserveTicket, customer: af78906b-f33e-4075-8379-756393d546e9, server: None, raw: .. }
Reserved ticket 4922 for customer af78906b-f33e-4075-8379-756393d546e9
Server 799bb1b2-bd8f-49e2-81f8-f7237f0eb223 received client-request: Request { kind: ReserveTicket, customer: bfafdd64-40d9-4fdf-9861-8cf9a7772460, server: None, raw: .. }
Reserved ticket 4921 for customer bfafdd64-40d9-4fdf-9861-8cf9a7772460
Server 799bb1b2-bd8f-49e2-81f8-f7237f0eb223 received client-request: Request { kind: ReserveTicket, customer: 37d337b4-4542-4b3b-b094-2882c58eaa2a, server: None, raw: .. }
Reserved ticket 4920 for customer 37d337b4-4542-4b3b-b094-2882c58eaa2a
Server 799bb1b2-bd8f-49e2-81f8-f7237f0eb223 received client-request: Request { kind: ReserveTicket, customer: 0e3254a5-f67c-40c0-9672-2034812fc93f, server: None, raw: .. }
Reserved ticket 4919 for customer 0e3254a5-f67c-40c0-9672-2034812fc93f
Server 799bb1b2-bd8f-49e2-81f8-f7237f0eb223 received client-request: Request { kind: ReserveTicket, customer: cbe9f3a6-7ba9-4111-bcc2-79c0c31b10d5, server: None, raw: .. }
Reserved ticket 4918 for customer cbe9f3a6-7ba9-4111-bcc2-79c0c31b10d5
Server 799bb1b2-bd8f-49e2-81f8-f7237f0eb223 received client-request: Request { kind: ReserveTicket, customer: dc6e6725-b4a2-4925-87bd-ecd6d48fb63f, server: None, raw: .. }
Reserved ticket 4917 for customer dc6e6725-b4a2-4925-87bd-ecd6d48fb63f
Server 799bb1b2-bd8f-49e2-81f8-f7237f0eb223 received client-request: Request { kind: ReserveTicket, customer: ad6c8277-ed89-4692-82ad-10b05e411a68, server: None, raw: .. }
Reserved ticket 4916 for customer ad6c8277-ed89-4692-82ad-10b05e411a68
Server 799bb1b2-bd8f-49e2-81f8-f7237f0eb223 received client-request: Request { kind: ReserveTicket, customer: 6c979247-95ab-440e-9977-2d5627553522, server: None, raw: .. }
Reserved ticket 4915 for customer 6c979247-95ab-440e-9977-2d5627553522
Server 799bb1b2-bd8f-49e2-81f8-f7237f0eb223 received client-request: Request { kind: ReserveTicket, customer: 35458adc-d11f-4a0b-a4f4-b9bb56d93d75, server: None, raw: .. }
Reserved ticket 4914 for customer 35458adc-d11f-4a0b-a4f4-b9bb56d93d75
Server 799bb1b2-bd8f-49e2-81f8-f7237f0eb223 received client-request: Request { kind: ReserveTicket, customer: fecb9d8c-08b1-4aa1-aee7-b4d0af6681ce, server: None, raw: .. }
Reserved ticket 4913 for customer fecb9d8c-08b1-4aa1-aee7-b4d0af6681ce
Server 799bb1b2-bd8f-49e2-81f8-f7237f0eb223 received client-request: Request { kind: ReserveTicket, customer: 250ddc04-f5bd-46b8-b04d-ac46fdc540a4, server: None, raw: .. }
Reserved ticket 4912 for customer 250ddc04-f5bd-46b8-b04d-ac46fdc540a4
Server 799bb1b2-bd8f-49e2-81f8-f7237f0eb223 received client-request: Request { kind: ReserveTicket, customer: 15abde39-5f06-4e04-ba0b-362f732797cd, server: None, raw: .. }
Reserved ticket 4911 for customer 15abde39-5f06-4e04-ba0b-362f732797cd
Server 799bb1b2-bd8f-49e2-81f8-f7237f0eb223 received client-request: Request { kind: ReserveTicket, customer: 4b6572e9-2265-4c81-a4f9-83b99490ee3a, server: None, raw: .. }
Reserved ticket 4910 for customer 4b6572e9-2265-4c81-a4f9-83b99490ee3a
Server 65a51e17-fff5-4036-8b94-6db5de4d28d8 received client-request: Request { kind: ReserveTicket, customer: 0f312781-3ac0-4cf2-8a66-c265da12e2ce, server: None, raw: .. }
Reserved ticket 4909 for customer 0f312781-3ac0-4cf2-8a66-c265da12e2ce
Server 799bb1b2-bd8f-49e2-81f8-f7237f0eb223 received client-request: Request { kind: ReserveTicket, customer: de0ed95a-dea4-4d71-9989-a8ff345c1cbb, server: None, raw: .. }
Reserved ticket 4908 for customer de0ed95a-dea4-4d71-9989-a8ff345c1cbb
Server 799bb1b2-bd8f-49e2-81f8-f7237f0eb223 received client-request: Request { kind: ReserveTicket, customer: a503d641-d158-4fe1-bfef-afae4d4176f7, server: None, raw: .. }
Reserved ticket 4907 for customer a503d641-d158-4fe1-bfef-afae4d4176f7
Server 799bb1b2-bd8f-49e2-81f8-f7237f0eb223 received client-request: Request { kind: ReserveTicket, customer: 302385f5-ee47-4e87-ad5c-37ddc29993c8, server: None, raw: .. }
Reserved ticket 4906 for customer 302385f5-ee47-4e87-ad5c-37ddc29993c8
Server 799bb1b2-bd8f-49e2-81f8-f7237f0eb223 received client-request: Request { kind: ReserveTicket, customer: dd8b24ff-f980-4185-94cb-cef2794fe308, server: None, raw: .. }
Reserved ticket 4905 for customer dd8b24ff-f980-4185-94cb-cef2794fe308
Server 799bb1b2-bd8f-49e2-81f8-f7237f0eb223 received client-request: Request { kind: ReserveTicket, customer: 13619abb-74af-4324-b78d-6f7e5364a9d3, server: None, raw: .. }
Reserved ticket 4904 for customer 13619abb-74af-4324-b78d-6f7e5364a9d3
Server 799bb1b2-bd8f-49e2-81f8-f7237f0eb223 received client-request: Request { kind: ReserveTicket, customer: dfb5b019-365b-4f71-8d98-b99dbaa87e00, server: None, raw: .. }
Reserved ticket 4903 for customer dfb5b019-365b-4f71-8d98-b99dbaa87e00
Server 799bb1b2-bd8f-49e2-81f8-f7237f0eb223 received client-request: Request { kind: ReserveTicket, customer: f47921b8-89be-42b1-8fb3-67350942649b, server: None, raw: .. }
Reserved ticket 4902 for customer f47921b8-89be-42b1-8fb3-67350942649b
Server 799bb1b2-bd8f-49e2-81f8-f7237f0eb223 received client-request: Request { kind: ReserveTicket, customer: 8168be33-5a27-4cff-a425-b3cca55bb335, server: None, raw: .. }
Reserved ticket 4901 for customer 8168be33-5a27-4cff-a425-b3cca55bb335
Server 799bb1b2-bd8f-49e2-81f8-f7237f0eb223 received client-request: Request { kind: ReserveTicket, customer: 15d38636-33bf-49cb-898f-0ae524aa503c, server: None, raw: .. }
Reserved ticket 4900 for customer 15d38636-33bf-49cb-898f-0ae524aa503c
Server 799bb1b2-bd8f-49e2-81f8-f7237f0eb223 received client-request: Request { kind: ReserveTicket, customer: 3bbec55b-7f6d-4e41-b34f-d0dc4edaeeb4, server: None, raw: .. }
Reserved ticket 4899 for customer 3bbec55b-7f6d-4e41-b34f-d0dc4edaeeb4
Server 799bb1b2-bd8f-49e2-81f8-f7237f0eb223 received client-request: Request { kind: ReserveTicket, customer: 9fbb565e-9a88-4cf4-88f5-eebd48655336, server: None, raw: .. }
Reserved ticket 4898 for customer 9fbb565e-9a88-4cf4-88f5-eebd48655336
Server 799bb1b2-bd8f-49e2-81f8-f7237f0eb223 received client-request: Request { kind: ReserveTicket, customer: 0ad5e632-288b-435d-bdab-181fcdee488e, server: None, raw: .. }
Reserved ticket 4897 for customer 0ad5e632-288b-435d-bdab-181fcdee488e
Server 799bb1b2-bd8f-49e2-81f8-f7237f0eb223 received client-request: Request { kind: ReserveTicket, customer: 928bd2b5-813b-403e-abd6-75c966670988, server: None, raw: .. }
Reserved ticket 4896 for customer 928bd2b5-813b-403e-abd6-75c966670988
Server 799bb1b2-bd8f-49e2-81f8-f7237f0eb223 received client-request: Request { kind: ReserveTicket, customer: 41755df4-d575-4a49-9b01-a56fed6fc24f, server: None, raw: .. }
Reserved ticket 4895 for customer 41755df4-d575-4a49-9b01-a56fed6fc24f
Server 799bb1b2-bd8f-49e2-81f8-f7237f0eb223 received client-request: Request { kind: ReserveTicket, customer: 5c4333b1-84bf-4df7-8227-d36cfe365e6b, server: None, raw: .. }
Reserved ticket 4894 for customer 5c4333b1-84bf-4df7-8227-d36cfe365e6b
Server 799bb1b2-bd8f-49e2-81f8-f7237f0eb223 received client-request: Request { kind: ReserveTicket, customer: fc6d6fba-3abe-4af9-ad11-c34d8822c7db, server: None, raw: .. }
Reserved ticket 4893 for customer fc6d6fba-3abe-4af9-ad11-c34d8822c7db
Server 799bb1b2-bd8f-49e2-81f8-f7237f0eb223 received client-request: Request { kind: ReserveTicket, customer: 326417ca-2f35-47f5-800c-bd23c046f1d1, server: None, raw: .. }
Reserved ticket 4892 for customer 326417ca-2f35-47f5-800c-bd23c046f1d1
Server 799bb1b2-bd8f-49e2-81f8-f7237f0eb223 received client-request: Request { kind: ReserveTicket, customer: 84883f1f-2ef5-4dd6-b72c-47d072f53041, server: None, raw: .. }
Reserved ticket 4891 for customer 84883f1f-2ef5-4dd6-b72c-47d072f53041
Server 799bb1b2-bd8f-49e2-81f8-f7237f0eb223 received client-request: Request { kind: ReserveTicket, customer: 3254fb49-a33e-4fb9-b499-c044c350aada, server: None, raw: .. }
Reserved ticket 4890 for customer 3254fb49-a33e-4fb9-b499-c044c350aada
Server 65a51e17-fff5-4036-8b94-6db5de4d28d8 received client-request: Request { kind: ReserveTicket, customer: c04c946e-152a-4b47-bd08-3359fcc8d0ce, server: None, raw: .. }
Reserved ticket 4889 for customer c04c946e-152a-4b47-bd08-3359fcc8d0ce
Server 799bb1b2-bd8f-49e2-81f8-f7237f0eb223 received client-request: Request { kind: ReserveTicket, customer: dbf489f2-0929-4d2b-87ed-1746568ad17b, server: None, raw: .. }
Reserved ticket 4888 for customer dbf489f2-0929-4d2b-87ed-1746568ad17b
Server 799bb1b2-bd8f-49e2-81f8-f7237f0eb223 received client-request: Request { kind: ReserveTicket, customer: 34d233eb-3147-4c66-8872-36e4b623c96e, server: None, raw: .. }
Reserved ticket 4887 for customer 34d233eb-3147-4c66-8872-36e4b623c96e
Server 799bb1b2-bd8f-49e2-81f8-f7237f0eb223 received client-request: Request { kind: ReserveTicket, customer: 22f6b15f-d6f4-4170-83db-48e341c2cebd, server: None, raw: .. }
Reserved ticket 4886 for customer 22f6b15f-d6f4-4170-83db-48e341c2cebd
Server 799bb1b2-bd8f-49e2-81f8-f7237f0eb223 received client-request: Request { kind: ReserveTicket, customer: eb4828f0-2ba3-4177-be90-3ffa631a959f, server: None, raw: .. }
Reserved ticket 4885 for customer eb4828f0-2ba3-4177-be90-3ffa631a959f
Server 799bb1b2-bd8f-49e2-81f8-f7237f0eb223 received client-request: Request { kind: ReserveTicket, customer: ffe4adaf-ff1d-4bf0-bd11-0b4e306feaa9, server: None, raw: .. }
Reserved ticket 4884 for customer ffe4adaf-ff1d-4bf0-bd11-0b4e306feaa9
Server 799bb1b2-bd8f-49e2-81f8-f7237f0eb223 received client-request: Request { kind: ReserveTicket, customer: a37da75d-1fb8-4989-b164-72a5ab2eebb3, server: None, raw: .. }
Reserved ticket 4883 for customer a37da75d-1fb8-4989-b164-72a5ab2eebb3
Server 799bb1b2-bd8f-49e2-81f8-f7237f0eb223 received client-request: Request { kind: ReserveTicket, customer: 4788978c-3aaf-42ad-84e8-33af662584d5, server: None, raw: .. }
Reserved ticket 4882 for customer 4788978c-3aaf-42ad-84e8-33af662584d5
Server 799bb1b2-bd8f-49e2-81f8-f7237f0eb223 received client-request: Request { kind: ReserveTicket, customer: 81e66b84-5114-467e-9cd2-236c939e2662, server: None, raw: .. }
Reserved ticket 4881 for customer 81e66b84-5114-467e-9cd2-236c939e2662
Server 799bb1b2-bd8f-49e2-81f8-f7237f0eb223 received client-request: Request { kind: ReserveTicket, customer: 27f8dc5a-37b3-4605-bc55-b9f86d15b9e8, server: None, raw: .. }
Reserved ticket 4880 for customer 27f8dc5a-37b3-4605-bc55-b9f86d15b9e8
Server 799bb1b2-bd8f-49e2-81f8-f7237f0eb223 received client-request: Request { kind: ReserveTicket, customer: a90083e9-841d-41aa-9172-8d80bacfa5d3, server: None, raw: .. }
Reserved ticket 4879 for customer a90083e9-841d-41aa-9172-8d80bacfa5d3
Server 799bb1b2-bd8f-49e2-81f8-f7237f0eb223 received client-request: Request { kind: ReserveTicket, customer: afe401e7-b0f2-4a93-87a7-5ca36f36d183, server: None, raw: .. }
Reserved ticket 4878 for customer afe401e7-b0f2-4a93-87a7-5ca36f36d183
Server 799bb1b2-bd8f-49e2-81f8-f7237f0eb223 received client-request: Request { kind: ReserveTicket, customer: 0d79c2fb-0715-4fde-8569-1f4471c49cf0, server: None, raw: .. }
Reserved ticket 4877 for customer 0d79c2fb-0715-4fde-8569-1f4471c49cf0
Server 799bb1b2-bd8f-49e2-81f8-f7237f0eb223 received client-request: Request { kind: ReserveTicket, customer: 3154c4e6-4282-4d6d-8452-6b46a5da1d15, server: None, raw: .. }
Reserved ticket 4876 for customer 3154c4e6-4282-4d6d-8452-6b46a5da1d15
Server 799bb1b2-bd8f-49e2-81f8-f7237f0eb223 received client-request: Request { kind: ReserveTicket, customer: e2ca0201-1e14-46a2-832f-b52401b81297, server: None, raw: .. }
Reserved ticket 4875 for customer e2ca0201-1e14-46a2-832f-b52401b81297
Server 799bb1b2-bd8f-49e2-81f8-f7237f0eb223 received client-request: Request { kind: ReserveTicket, customer: 8c5d2da3-18cb-4378-a2a3-001b7b488a06, server: None, raw: .. }
Reserved ticket 4874 for customer 8c5d2da3-18cb-4378-a2a3-001b7b488a06
Server 799bb1b2-bd8f-49e2-81f8-f7237f0eb223 received client-request: Request { kind: ReserveTicket, customer: ac0d13b4-7266-462a-a681-0f0474ba4e6e, server: None, raw: .. }
Reserved ticket 4873 for customer ac0d13b4-7266-462a-a681-0f0474ba4e6e
Server 799bb1b2-bd8f-49e2-81f8-f7237f0eb223 received client-request: Request { kind: ReserveTicket, customer: efbbf9bb-8903-4feb-ab64-af7d760f7480, server: None, raw: .. }
Reserved ticket 4872 for customer efbbf9bb-8903-4feb-ab64-af7d760f7480
Server 799bb1b2-bd8f-49e2-81f8-f7237f0eb223 received client-request: Request { kind: ReserveTicket, customer: ea2e0dd6-963a-4767-8698-932a8871438c, server: None, raw: .. }
Reserved ticket 4871 for customer ea2e0dd6-963a-4767-8698-932a8871438c
Server 799bb1b2-bd8f-49e2-81f8-f7237f0eb223 received client-request: Request { kind: ReserveTicket, customer: 08c302d3-7ad4-4368-8ac7-2ebe4026f2ab, server: None, raw: .. }
Reserved ticket 4870 for customer 08c302d3-7ad4-4368-8ac7-2ebe4026f2ab
Server 65a51e17-fff5-4036-8b94-6db5de4d28d8 received client-request: Request { kind: ReserveTicket, customer: 54efdfd3-5a44-4890-9244-50d64c8ac2ca, server: None, raw: .. }
Reserved ticket 4869 for customer 54efdfd3-5a44-4890-9244-50d64c8ac2ca
Server 799bb1b2-bd8f-49e2-81f8-f7237f0eb223 received client-request: Request { kind: ReserveTicket, customer: 06a7c47a-1aff-41b2-a1f1-697d93c97daf, server: None, raw: .. }
Reserved ticket 4868 for customer 06a7c47a-1aff-41b2-a1f1-697d93c97daf
Server 799bb1b2-bd8f-49e2-81f8-f7237f0eb223 received client-request: Request { kind: ReserveTicket, customer: 1c5b277e-b117-47f7-b935-20a728a45991, server: None, raw: .. }
Reserved ticket 4867 for customer 1c5b277e-b117-47f7-b935-20a728a45991
Server 799bb1b2-bd8f-49e2-81f8-f7237f0eb223 received client-request: Request { kind: ReserveTicket, customer: 30321e7a-3b75-4b95-8676-25e784b5582a, server: None, raw: .. }
Reserved ticket 4866 for customer 30321e7a-3b75-4b95-8676-25e784b5582a
Server 799bb1b2-bd8f-49e2-81f8-f7237f0eb223 received client-request: Request { kind: ReserveTicket, customer: a5a58830-d12e-4f5c-b90b-c8168974b5de, server: None, raw: .. }
Reserved ticket 4865 for customer a5a58830-d12e-4f5c-b90b-c8168974b5de
Server 799bb1b2-bd8f-49e2-81f8-f7237f0eb223 received client-request: Request { kind: ReserveTicket, customer: 6c6d987f-a22c-4701-921c-ce19d8455887, server: None, raw: .. }
Reserved ticket 4864 for customer 6c6d987f-a22c-4701-921c-ce19d8455887
Server 799bb1b2-bd8f-49e2-81f8-f7237f0eb223 received client-request: Request { kind: ReserveTicket, customer: 57fc6aa0-f87a-40ef-a8ab-b09cc6f92dcb, server: None, raw: .. }
Reserved ticket 4863 for customer 57fc6aa0-f87a-40ef-a8ab-b09cc6f92dcb
Server 799bb1b2-bd8f-49e2-81f8-f7237f0eb223 received client-request: Request { kind: ReserveTicket, customer: eeaa9bb3-076f-40e3-9ea4-78c0b14dc5a5, server: None, raw: .. }
Reserved ticket 4862 for customer eeaa9bb3-076f-40e3-9ea4-78c0b14dc5a5
Server 799bb1b2-bd8f-49e2-81f8-f7237f0eb223 received client-request: Request { kind: ReserveTicket, customer: 4096f1e0-314d-4202-94e5-5d61c6cbb9e5, server: None, raw: .. }
Reserved ticket 4861 for customer 4096f1e0-314d-4202-94e5-5d61c6cbb9e5
Server 799bb1b2-bd8f-49e2-81f8-f7237f0eb223 received client-request: Request { kind: ReserveTicket, customer: a6e0d932-21d7-4411-9c6c-171b29a03e0f, server: None, raw: .. }
Reserved ticket 4860 for customer a6e0d932-21d7-4411-9c6c-171b29a03e0f
Server 799bb1b2-bd8f-49e2-81f8-f7237f0eb223 received client-request: Request { kind: ReserveTicket, customer: 1840110c-2ac4-45f2-8c3a-e1abe2938567, server: None, raw: .. }
Reserved ticket 4859 for customer 1840110c-2ac4-45f2-8c3a-e1abe2938567
Server 799bb1b2-bd8f-49e2-81f8-f7237f0eb223 received client-request: Request { kind: ReserveTicket, customer: 310778c5-3cd3-4cc8-837a-60b37ae217c7, server: None, raw: .. }
Reserved ticket 4858 for customer 310778c5-3cd3-4cc8-837a-60b37ae217c7
Server 799bb1b2-bd8f-49e2-81f8-f7237f0eb223 received client-request: Request { kind: ReserveTicket, customer: a2e0fa55-6eee-41fe-8f82-231410e499ff, server: None, raw: .. }
Reserved ticket 4857 for customer a2e0fa55-6eee-41fe-8f82-231410e499ff
Server 799bb1b2-bd8f-49e2-81f8-f7237f0eb223 received client-request: Request { kind: ReserveTicket, customer: aa551dca-cb07-437f-97a7-37d74117999e, server: None, raw: .. }
Reserved ticket 4856 for customer aa551dca-cb07-437f-97a7-37d74117999e
Server 799bb1b2-bd8f-49e2-81f8-f7237f0eb223 received client-request: Request { kind: ReserveTicket, customer: 0e1f4979-33ad-4d3d-8c23-c82a5c0d75a9, server: None, raw: .. }
Reserved ticket 4855 for customer 0e1f4979-33ad-4d3d-8c23-c82a5c0d75a9
Server 799bb1b2-bd8f-49e2-81f8-f7237f0eb223 received client-request: Request { kind: ReserveTicket, customer: cdff3829-bdc4-4115-bc39-d2d76fb145e0, server: None, raw: .. }
Reserved ticket 4854 for customer cdff3829-bdc4-4115-bc39-d2d76fb145e0
Server 799bb1b2-bd8f-49e2-81f8-f7237f0eb223 received client-request: Request { kind: ReserveTicket, customer: 1845a876-1ca7-41ad-a574-865a49faeb12, server: None, raw: .. }
Reserved ticket 4853 for customer 1845a876-1ca7-41ad-a574-865a49faeb12
Server 799bb1b2-bd8f-49e2-81f8-f7237f0eb223 received client-request: Request { kind: ReserveTicket, customer: 5830839b-e9c3-4fdb-abd8-4881a52f5603, server: None, raw: .. }
Reserved ticket 4852 for customer 5830839b-e9c3-4fdb-abd8-4881a52f5603
Server 799bb1b2-bd8f-49e2-81f8-f7237f0eb223 received client-request: Request { kind: ReserveTicket, customer: 0706dc62-e2c3-4b5f-bcac-145346127450, server: None, raw: .. }
Reserved ticket 4851 for customer 0706dc62-e2c3-4b5f-bcac-145346127450
Server 799bb1b2-bd8f-49e2-81f8-f7237f0eb223 received client-request: Request { kind: ReserveTicket, customer: 6c9ab1c4-44af-448c-9864-5d675745ca33, server: None, raw: .. }
Reserved ticket 4850 for customer 6c9ab1c4-44af-448c-9864-5d675745ca33
Server 65a51e17-fff5-4036-8b94-6db5de4d28d8 received client-request: Request { kind: ReserveTicket, customer: 066205ab-33cf-4011-b960-17ce91eb5e5b, server: None, raw: .. }
Reserved ticket 4849 for customer 066205ab-33cf-4011-b960-17ce91eb5e5b
Server 799bb1b2-bd8f-49e2-81f8-f7237f0eb223 received client-request: Request { kind: ReserveTicket, customer: ab6de388-d297-4fe0-afe1-21258da3f9b0, server: None, raw: .. }
Reserved ticket 4848 for customer ab6de388-d297-4fe0-afe1-21258da3f9b0
Server 799bb1b2-bd8f-49e2-81f8-f7237f0eb223 received client-request: Request { kind: ReserveTicket, customer: 10311e6d-90b2-4e64-a686-68b8f548cc58, server: None, raw: .. }
Reserved ticket 4847 for customer 10311e6d-90b2-4e64-a686-68b8f548cc58
Server 799bb1b2-bd8f-49e2-81f8-f7237f0eb223 received client-request: Request { kind: ReserveTicket, customer: 68244723-2281-449f-85f1-1478489194e8, server: None, raw: .. }
Reserved ticket 4846 for customer 68244723-2281-449f-85f1-1478489194e8
Server 799bb1b2-bd8f-49e2-81f8-f7237f0eb223 received client-request: Request { kind: ReserveTicket, customer: 81449f00-c607-4b2b-8a1f-17202d36f510, server: None, raw: .. }
Reserved ticket 4845 for customer 81449f00-c607-4b2b-8a1f-17202d36f510
Server 799bb1b2-bd8f-49e2-81f8-f7237f0eb223 received client-request: Request { kind: ReserveTicket, customer: a6de8ce4-4ac6-4859-be32-3ca9d0f458e1, server: None, raw: .. }
Reserved ticket 4844 for customer a6de8ce4-4ac6-4859-be32-3ca9d0f458e1
Server 799bb1b2-bd8f-49e2-81f8-f7237f0eb223 received client-request: Request { kind: ReserveTicket, customer: 8771e86a-f84f-4184-9c26-7263f3def8b0, server: None, raw: .. }
Reserved ticket 4843 for customer 8771e86a-f84f-4184-9c26-7263f3def8b0
Server 799bb1b2-bd8f-49e2-81f8-f7237f0eb223 received client-request: Request { kind: ReserveTicket, customer: 5da3b59e-7ec0-410e-8632-bffc9d51fba2, server: None, raw: .. }
Reserved ticket 4842 for customer 5da3b59e-7ec0-410e-8632-bffc9d51fba2
Server 799bb1b2-bd8f-49e2-81f8-f7237f0eb223 received client-request: Request { kind: ReserveTicket, customer: abd77544-bc09-4a95-a0ad-b4bd68d28328, server: None, raw: .. }
Reserved ticket 4841 for customer abd77544-bc09-4a95-a0ad-b4bd68d28328
Server 799bb1b2-bd8f-49e2-81f8-f7237f0eb223 received client-request: Request { kind: ReserveTicket, customer: 1c32118d-d9d1-4ad5-b1ca-06ea3a4525e4, server: None, raw: .. }
Reserved ticket 4840 for customer 1c32118d-d9d1-4ad5-b1ca-06ea3a4525e4
Server 799bb1b2-bd8f-49e2-81f8-f7237f0eb223 received client-request: Request { kind: ReserveTicket, customer: 638f9484-c8be-4b6f-b83c-55a41ef9e73c, server: None, raw: .. }
Reserved ticket 4839 for customer 638f9484-c8be-4b6f-b83c-55a41ef9e73c
Server 799bb1b2-bd8f-49e2-81f8-f7237f0eb223 received client-request: Request { kind: ReserveTicket, customer: 7ff7ee72-ca37-4c8d-a3b9-eaf288b20cee, server: None, raw: .. }
Reserved ticket 4838 for customer 7ff7ee72-ca37-4c8d-a3b9-eaf288b20cee
Server 799bb1b2-bd8f-49e2-81f8-f7237f0eb223 received client-request: Request { kind: ReserveTicket, customer: 29d4ed97-7fa2-444c-8470-5073db7680ce, server: None, raw: .. }
Reserved ticket 4837 for customer 29d4ed97-7fa2-444c-8470-5073db7680ce
Server 799bb1b2-bd8f-49e2-81f8-f7237f0eb223 received client-request: Request { kind: ReserveTicket, customer: 7d363c49-3b6a-4daf-931e-c96b8f403f0f, server: None, raw: .. }
Reserved ticket 4836 for customer 7d363c49-3b6a-4daf-931e-c96b8f403f0f
Server 799bb1b2-bd8f-49e2-81f8-f7237f0eb223 received client-request: Request { kind: ReserveTicket, customer: 7f3a9d23-bce1-4281-ae45-f55a973cb940, server: None, raw: .. }
Reserved ticket 4835 for customer 7f3a9d23-bce1-4281-ae45-f55a973cb940
Server 799bb1b2-bd8f-49e2-81f8-f7237f0eb223 received client-request: Request { kind: ReserveTicket, customer: 722955f1-3cdf-4d38-9426-ad1b067ea5ac, server: None, raw: .. }
Reserved ticket 4834 for customer 722955f1-3cdf-4d38-9426-ad1b067ea5ac
Server 799bb1b2-bd8f-49e2-81f8-f7237f0eb223 received client-request: Request { kind: ReserveTicket, customer: 221ce362-430c-448e-ad77-cb93fb7c341d, server: None, raw: .. }
Reserved ticket 4833 for customer 221ce362-430c-448e-ad77-cb93fb7c341d
Server 799bb1b2-bd8f-49e2-81f8-f7237f0eb223 received client-request: Request { kind: ReserveTicket, customer: 8654c690-3c61-4a10-abb5-e848e2dced1e, server: None, raw: .. }
Reserved ticket 4832 for customer 8654c690-3c61-4a10-abb5-e848e2dced1e
Server 799bb1b2-bd8f-49e2-81f8-f7237f0eb223 received client-request: Request { kind: ReserveTicket, customer: 3dd8c7b4-1689-4013-a7df-42b7baa9138e, server: None, raw: .. }
Reserved ticket 4831 for customer 3dd8c7b4-1689-4013-a7df-42b7baa9138e
Server 799bb1b2-bd8f-49e2-81f8-f7237f0eb223 received client-request: Request { kind: ReserveTicket, customer: 08016e18-bb11-484e-97da-68a208f9e371, server: None, raw: .. }
Reserved ticket 4830 for customer 08016e18-bb11-484e-97da-68a208f9e371
Server 65a51e17-fff5-4036-8b94-6db5de4d28d8 received client-request: Request { kind: ReserveTicket, customer: d091b482-696a-46d0-8a6f-4c382b3d6775, server: None, raw: .. }
Reserved ticket 4829 for customer d091b482-696a-46d0-8a6f-4c382b3d6775
Server 799bb1b2-bd8f-49e2-81f8-f7237f0eb223 received client-request: Request { kind: ReserveTicket, customer: c223bf14-6a87-44d6-8e42-217a581372d9, server: None, raw: .. }
Reserved ticket 4828 for customer c223bf14-6a87-44d6-8e42-217a581372d9
Server 799bb1b2-bd8f-49e2-81f8-f7237f0eb223 received client-request: Request { kind: ReserveTicket, customer: ca908886-a98e-4a0c-aa19-b7b1cbda1916, server: None, raw: .. }
Reserved ticket 4827 for customer ca908886-a98e-4a0c-aa19-b7b1cbda1916
Server 799bb1b2-bd8f-49e2-81f8-f7237f0eb223 received client-request: Request { kind: ReserveTicket, customer: c8edf7ba-f5bb-4f3b-b5cb-00d7e064d376, server: None, raw: .. }
Reserved ticket 4826 for customer c8edf7ba-f5bb-4f3b-b5cb-00d7e064d376
Server 799bb1b2-bd8f-49e2-81f8-f7237f0eb223 received client-request: Request { kind: ReserveTicket, customer: f4c42e1f-44ba-4f45-b830-c148cf69cfe2, server: None, raw: .. }
Reserved ticket 4825 for customer f4c42e1f-44ba-4f45-b830-c148cf69cfe2
Server 799bb1b2-bd8f-49e2-81f8-f7237f0eb223 received client-request: Request { kind: ReserveTicket, customer: 04daa967-6800-4eec-af75-e18825877ecd, server: None, raw: .. }
Reserved ticket 4824 for customer 04daa967-6800-4eec-af75-e18825877ecd
Server 799bb1b2-bd8f-49e2-81f8-f7237f0eb223 received client-request: Request { kind: ReserveTicket, customer: 890b1a0c-a5ee-419f-a5f1-7250f91ca741, server: None, raw: .. }
Reserved ticket 4823 for customer 890b1a0c-a5ee-419f-a5f1-7250f91ca741
Server 799bb1b2-bd8f-49e2-81f8-f7237f0eb223 received client-request: Request { kind: ReserveTicket, customer: 9c5c94a4-facd-4dfe-b375-c59a3cb1bc19, server: None, raw: .. }
Reserved ticket 4822 for customer 9c5c94a4-facd-4dfe-b375-c59a3cb1bc19
Server 799bb1b2-bd8f-49e2-81f8-f7237f0eb223 received client-request: Request { kind: ReserveTicket, customer: a15dc63d-2f06-49c4-85ef-7bdf07618925, server: None, raw: .. }
Reserved ticket 4821 for customer a15dc63d-2f06-49c4-85ef-7bdf07618925
Server 799bb1b2-bd8f-49e2-81f8-f7237f0eb223 received client-request: Request { kind: ReserveTicket, customer: ec202ac0-404a-4edd-a2fb-f7e983e1bc3f, server: None, raw: .. }
Reserved ticket 4820 for customer ec202ac0-404a-4edd-a2fb-f7e983e1bc3f
Server 799bb1b2-bd8f-49e2-81f8-f7237f0eb223 received client-request: Request { kind: ReserveTicket, customer: 85b07a70-340c-4000-a7da-5a63d3156699, server: None, raw: .. }
Reserved ticket 4819 for customer 85b07a70-340c-4000-a7da-5a63d3156699
Server 799bb1b2-bd8f-49e2-81f8-f7237f0eb223 received client-request: Request { kind: ReserveTicket, customer: b0565352-3f1b-4cd8-808c-cb7bed3ca5a0, server: None, raw: .. }
Reserved ticket 4818 for customer b0565352-3f1b-4cd8-808c-cb7bed3ca5a0
Server 799bb1b2-bd8f-49e2-81f8-f7237f0eb223 received client-request: Request { kind: ReserveTicket, customer: 1b6f6028-5e05-48d9-9fc1-90984d36350d, server: None, raw: .. }
Reserved ticket 4817 for customer 1b6f6028-5e05-48d9-9fc1-90984d36350d
Server 799bb1b2-bd8f-49e2-81f8-f7237f0eb223 received client-request: Request { kind: ReserveTicket, customer: 6978cca2-4b53-4165-a24d-8289a082e674, server: None, raw: .. }
Reserved ticket 4816 for customer 6978cca2-4b53-4165-a24d-8289a082e674
Server 799bb1b2-bd8f-49e2-81f8-f7237f0eb223 received client-request: Request { kind: ReserveTicket, customer: e96e6062-11aa-4703-a06a-868cfffdba0c, server: None, raw: .. }
Reserved ticket 4815 for customer e96e6062-11aa-4703-a06a-868cfffdba0c
Server 799bb1b2-bd8f-49e2-81f8-f7237f0eb223 received client-request: Request { kind: ReserveTicket, customer: 1fda6edd-3e24-4507-98dc-d7e32f57d742, server: None, raw: .. }
Reserved ticket 4814 for customer 1fda6edd-3e24-4507-98dc-d7e32f57d742
Server 799bb1b2-bd8f-49e2-81f8-f7237f0eb223 received client-request: Request { kind: ReserveTicket, customer: 8d4f4561-b9a9-4850-b48b-496edd88f783, server: None, raw: .. }
Reserved ticket 4813 for customer 8d4f4561-b9a9-4850-b48b-496edd88f783
Server 799bb1b2-bd8f-49e2-81f8-f7237f0eb223 received client-request: Request { kind: ReserveTicket, customer: 86f18aed-5140-4eee-bc99-b3c16c2814e6, server: None, raw: .. }
Reserved ticket 4812 for customer 86f18aed-5140-4eee-bc99-b3c16c2814e6
Server 799bb1b2-bd8f-49e2-81f8-f7237f0eb223 received client-request: Request { kind: ReserveTicket, customer: fc9c4064-c4f5-46dd-a144-2d90de057c27, server: None, raw: .. }
Reserved ticket 4811 for customer fc9c4064-c4f5-46dd-a144-2d90de057c27
Server 799bb1b2-bd8f-49e2-81f8-f7237f0eb223 received client-request: Request { kind: ReserveTicket, customer: 20d297ff-bc76-495e-88ca-3564cc3a1b68, server: None, raw: .. }
Reserved ticket 4810 for customer 20d297ff-bc76-495e-88ca-3564cc3a1b68
Server 65a51e17-fff5-4036-8b94-6db5de4d28d8 received client-request: Request { kind: ReserveTicket, customer: 38fac619-81de-4639-8696-a3b2ae2d35c1, server: None, raw: .. }
Reserved ticket 4809 for customer 38fac619-81de-4639-8696-a3b2ae2d35c1
Server 799bb1b2-bd8f-49e2-81f8-f7237f0eb223 received client-request: Request { kind: ReserveTicket, customer: aa228f5f-4e3e-4067-a2b3-cd8b632d25e3, server: None, raw: .. }
Reserved ticket 4808 for customer aa228f5f-4e3e-4067-a2b3-cd8b632d25e3
Server 799bb1b2-bd8f-49e2-81f8-f7237f0eb223 received client-request: Request { kind: ReserveTicket, customer: fcd977fc-a227-4fea-9aab-e633b4ba7d16, server: None, raw: .. }
Reserved ticket 4807 for customer fcd977fc-a227-4fea-9aab-e633b4ba7d16
Server 799bb1b2-bd8f-49e2-81f8-f7237f0eb223 received client-request: Request { kind: ReserveTicket, customer: 03060022-0d98-4429-afcb-239d254b6758, server: None, raw: .. }
Reserved ticket 4806 for customer 03060022-0d98-4429-afcb-239d254b6758
Server 799bb1b2-bd8f-49e2-81f8-f7237f0eb223 received client-request: Request { kind: ReserveTicket, customer: c3e46caa-1d5e-4e8e-b19a-228871e954ac, server: None, raw: .. }
Reserved ticket 4805 for customer c3e46caa-1d5e-4e8e-b19a-228871e954ac
Server 799bb1b2-bd8f-49e2-81f8-f7237f0eb223 received client-request: Request { kind: ReserveTicket, customer: 81ffc4af-93c8-4524-8264-fe4ee759baa2, server: None, raw: .. }
Reserved ticket 4804 for customer 81ffc4af-93c8-4524-8264-fe4ee759baa2
Server 799bb1b2-bd8f-49e2-81f8-f7237f0eb223 received client-request: Request { kind: ReserveTicket, customer: 32b84f53-e2a0-4b32-98d9-55ae742cb5a5, server: None, raw: .. }
Reserved ticket 4803 for customer 32b84f53-e2a0-4b32-98d9-55ae742cb5a5
Server 799bb1b2-bd8f-49e2-81f8-f7237f0eb223 received client-request: Request { kind: ReserveTicket, customer: cd9c9900-23fa-446a-af54-3e8b7d087905, server: None, raw: .. }
Reserved ticket 4802 for customer cd9c9900-23fa-446a-af54-3e8b7d087905
Server 799bb1b2-bd8f-49e2-81f8-f7237f0eb223 received client-request: Request { kind: ReserveTicket, customer: e815410f-5b32-4f0c-a558-60e109652fae, server: None, raw: .. }
Reserved ticket 4801 for customer e815410f-5b32-4f0c-a558-60e109652fae
Server 799bb1b2-bd8f-49e2-81f8-f7237f0eb223 received client-request: Request { kind: ReserveTicket, customer: 1002f9d4-ce94-48a1-a20a-eccc2842eae5, server: None, raw: .. }
Reserved ticket 4800 for customer 1002f9d4-ce94-48a1-a20a-eccc2842eae5
Server 799bb1b2-bd8f-49e2-81f8-f7237f0eb223 received client-request: Request { kind: ReserveTicket, customer: 9ea049b1-210c-4f01-804c-66babe821484, server: None, raw: .. }
Reserved ticket 4799 for customer 9ea049b1-210c-4f01-804c-66babe821484
Server 799bb1b2-bd8f-49e2-81f8-f7237f0eb223 received client-request: Request { kind: ReserveTicket, customer: 604c3089-13aa-4949-b07e-fc802ada51eb, server: None, raw: .. }
Reserved ticket 4798 for customer 604c3089-13aa-4949-b07e-fc802ada51eb
Server 799bb1b2-bd8f-49e2-81f8-f7237f0eb223 received client-request: Request { kind: ReserveTicket, customer: 32fe0169-83b5-4fb5-b3fb-ce21dc867d1a, server: None, raw: .. }
Reserved ticket 4797 for customer 32fe0169-83b5-4fb5-b3fb-ce21dc867d1a
Server 799bb1b2-bd8f-49e2-81f8-f7237f0eb223 received client-request: Request { kind: ReserveTicket, customer: c774f070-16f3-4132-93c8-bd13831851cd, server: None, raw: .. }
Reserved ticket 4796 for customer c774f070-16f3-4132-93c8-bd13831851cd
Server 799bb1b2-bd8f-49e2-81f8-f7237f0eb223 received client-request: Request { kind: ReserveTicket, customer: 3023baed-bcec-4cb4-84f9-58c50fbfa589, server: None, raw: .. }
Reserved ticket 4795 for customer 3023baed-bcec-4cb4-84f9-58c50fbfa589
Server 799bb1b2-bd8f-49e2-81f8-f7237f0eb223 received client-request: Request { kind: ReserveTicket, customer: 0cdffba8-47f2-4d92-bd8b-5c635b8b0aba, server: None, raw: .. }
Reserved ticket 4794 for customer 0cdffba8-47f2-4d92-bd8b-5c635b8b0aba
Server 799bb1b2-bd8f-49e2-81f8-f7237f0eb223 received client-request: Request { kind: ReserveTicket, customer: fe095c6e-5896-40b6-9f31-029b743ffc10, server: None, raw: .. }
Reserved ticket 4793 for customer fe095c6e-5896-40b6-9f31-029b743ffc10
Server 799bb1b2-bd8f-49e2-81f8-f7237f0eb223 received client-request: Request { kind: ReserveTicket, customer: 8ac9b167-da28-4f9e-89d1-f8f506965ec3, server: None, raw: .. }
Reserved ticket 4792 for customer 8ac9b167-da28-4f9e-89d1-f8f506965ec3
Server 799bb1b2-bd8f-49e2-81f8-f7237f0eb223 received client-request: Request { kind: ReserveTicket, customer: b55b0b92-213f-4158-8588-b6e56b1feec3, server: None, raw: .. }
Reserved ticket 4791 for customer b55b0b92-213f-4158-8588-b6e56b1feec3
Server 799bb1b2-bd8f-49e2-81f8-f7237f0eb223 received client-request: Request { kind: ReserveTicket, customer: d895996c-9c73-4525-a95c-76b3aed23d33, server: None, raw: .. }
Reserved ticket 4790 for customer d895996c-9c73-4525-a95c-76b3aed23d33
Server 65a51e17-fff5-4036-8b94-6db5de4d28d8 received client-request: Request { kind: ReserveTicket, customer: 6152b942-6db5-4b22-8ef7-78d83526dd3a, server: None, raw: .. }
Reserved ticket 4789 for customer 6152b942-6db5-4b22-8ef7-78d83526dd3a
Server 799bb1b2-bd8f-49e2-81f8-f7237f0eb223 received client-request: Request { kind: ReserveTicket, customer: 4cb0c1d7-90f3-4b31-9862-a5a4733bc42d, server: None, raw: .. }
Reserved ticket 4788 for customer 4cb0c1d7-90f3-4b31-9862-a5a4733bc42d
Server 799bb1b2-bd8f-49e2-81f8-f7237f0eb223 received client-request: Request { kind: ReserveTicket, customer: afcf82a5-234b-4029-ab4d-2e6b0fd278cf, server: None, raw: .. }
Reserved ticket 4787 for customer afcf82a5-234b-4029-ab4d-2e6b0fd278cf
Server 799bb1b2-bd8f-49e2-81f8-f7237f0eb223 received client-request: Request { kind: ReserveTicket, customer: ed8665fe-5b1d-4364-b034-592d9bb6b9d5, server: None, raw: .. }
Reserved ticket 4786 for customer ed8665fe-5b1d-4364-b034-592d9bb6b9d5
Server 799bb1b2-bd8f-49e2-81f8-f7237f0eb223 received client-request: Request { kind: ReserveTicket, customer: 3f22f248-1c79-4184-85fa-e2e306aa398d, server: None, raw: .. }
Reserved ticket 4785 for customer 3f22f248-1c79-4184-85fa-e2e306aa398d
Server 799bb1b2-bd8f-49e2-81f8-f7237f0eb223 received client-request: Request { kind: ReserveTicket, customer: 087e27f9-4d58-48a0-91bf-0b3a8dbc29a3, server: None, raw: .. }
Reserved ticket 4784 for customer 087e27f9-4d58-48a0-91bf-0b3a8dbc29a3
Server 799bb1b2-bd8f-49e2-81f8-f7237f0eb223 received client-request: Request { kind: ReserveTicket, customer: ac6a3d29-509f-43ea-93b8-764fcbbfc366, server: None, raw: .. }
Reserved ticket 4783 for customer ac6a3d29-509f-43ea-93b8-764fcbbfc366
Server 799bb1b2-bd8f-49e2-81f8-f7237f0eb223 received client-request: Request { kind: ReserveTicket, customer: f6dbe76c-a99f-4a18-b51e-d581bd7542c9, server: None, raw: .. }
Reserved ticket 4782 for customer f6dbe76c-a99f-4a18-b51e-d581bd7542c9
Server 799bb1b2-bd8f-49e2-81f8-f7237f0eb223 received client-request: Request { kind: ReserveTicket, customer: bb173c92-58b7-4b33-9187-7ac13a37c559, server: None, raw: .. }
Reserved ticket 4781 for customer bb173c92-58b7-4b33-9187-7ac13a37c559
Server 799bb1b2-bd8f-49e2-81f8-f7237f0eb223 received client-request: Request { kind: ReserveTicket, customer: 3635dfed-e40e-4e20-9159-d267eefa87f3, server: None, raw: .. }
Reserved ticket 4780 for customer 3635dfed-e40e-4e20-9159-d267eefa87f3
Server 799bb1b2-bd8f-49e2-81f8-f7237f0eb223 received client-request: Request { kind: ReserveTicket, customer: 6759952a-6c6b-442d-986f-7bc69ec980f7, server: None, raw: .. }
Reserved ticket 4779 for customer 6759952a-6c6b-442d-986f-7bc69ec980f7
Server 799bb1b2-bd8f-49e2-81f8-f7237f0eb223 received client-request: Request { kind: ReserveTicket, customer: aaaefc3c-76b7-45ce-8046-d613a53f7e94, server: None, raw: .. }
Reserved ticket 4778 for customer aaaefc3c-76b7-45ce-8046-d613a53f7e94
Server 799bb1b2-bd8f-49e2-81f8-f7237f0eb223 received client-request: Request { kind: ReserveTicket, customer: 70c8dfe9-92a9-45ac-bfe2-de6d8ae1868f, server: None, raw: .. }
Reserved ticket 4777 for customer 70c8dfe9-92a9-45ac-bfe2-de6d8ae1868f
Server 799bb1b2-bd8f-49e2-81f8-f7237f0eb223 received client-request: Request { kind: ReserveTicket, customer: 0b2fc41d-1dcc-4d46-a6fb-0e51eb463353, server: None, raw: .. }
Reserved ticket 4776 for customer 0b2fc41d-1dcc-4d46-a6fb-0e51eb463353
Server 799bb1b2-bd8f-49e2-81f8-f7237f0eb223 received client-request: Request { kind: ReserveTicket, customer: c9caabeb-afcf-4a56-b143-7dadb1d9c0aa, server: None, raw: .. }
Reserved ticket 4775 for customer c9caabeb-afcf-4a56-b143-7dadb1d9c0aa
Server 799bb1b2-bd8f-49e2-81f8-f7237f0eb223 received client-request: Request { kind: ReserveTicket, customer: b7b9dc2a-8677-47a9-a945-57426a74d24f, server: None, raw: .. }
Reserved ticket 4774 for customer b7b9dc2a-8677-47a9-a945-57426a74d24f
Server 799bb1b2-bd8f-49e2-81f8-f7237f0eb223 received client-request: Request { kind: ReserveTicket, customer: 0fd3db0e-660b-4b80-948e-931376f3a7d8, server: None, raw: .. }
Reserved ticket 4773 for customer 0fd3db0e-660b-4b80-948e-931376f3a7d8
Server 799bb1b2-bd8f-49e2-81f8-f7237f0eb223 received client-request: Request { kind: ReserveTicket, customer: 881ac69a-844f-448d-bd9e-b3be6f875814, server: None, raw: .. }
Reserved ticket 4772 for customer 881ac69a-844f-448d-bd9e-b3be6f875814
Server 799bb1b2-bd8f-49e2-81f8-f7237f0eb223 received client-request: Request { kind: ReserveTicket, customer: b972c0bd-586a-4dbb-9b12-966bdf52f799, server: None, raw: .. }
Reserved ticket 4771 for customer b972c0bd-586a-4dbb-9b12-966bdf52f799
Server 799bb1b2-bd8f-49e2-81f8-f7237f0eb223 received client-request: Request { kind: ReserveTicket, customer: 127f2c8e-f228-43e7-ae4a-ec051f673359, server: None, raw: .. }
Reserved ticket 4770 for customer 127f2c8e-f228-43e7-ae4a-ec051f673359
Server 65a51e17-fff5-4036-8b94-6db5de4d28d8 received client-request: Request { kind: ReserveTicket, customer: 8ac636ba-dd9c-480c-9bb9-49d587fdb608, server: None, raw: .. }
Reserved ticket 4769 for customer 8ac636ba-dd9c-480c-9bb9-49d587fdb608
Server 799bb1b2-bd8f-49e2-81f8-f7237f0eb223 received client-request: Request { kind: ReserveTicket, customer: 9d8fe751-ae20-4891-a956-84b15ba7df10, server: None, raw: .. }
Reserved ticket 4768 for customer 9d8fe751-ae20-4891-a956-84b15ba7df10
Server 799bb1b2-bd8f-49e2-81f8-f7237f0eb223 received client-request: Request { kind: ReserveTicket, customer: a68a6304-3947-488f-9552-a3422b41a388, server: None, raw: .. }
Reserved ticket 4767 for customer a68a6304-3947-488f-9552-a3422b41a388
Server 799bb1b2-bd8f-49e2-81f8-f7237f0eb223 received client-request: Request { kind: ReserveTicket, customer: dc46e110-95b8-4315-b70f-2286b1c52e8b, server: None, raw: .. }
Reserved ticket 4766 for customer dc46e110-95b8-4315-b70f-2286b1c52e8b
Server 799bb1b2-bd8f-49e2-81f8-f7237f0eb223 received client-request: Request { kind: ReserveTicket, customer: 3f2ed049-e126-486a-a40e-d3d8b98a1f56, server: None, raw: .. }
Reserved ticket 4765 for customer 3f2ed049-e126-486a-a40e-d3d8b98a1f56
Server 799bb1b2-bd8f-49e2-81f8-f7237f0eb223 received client-request: Request { kind: ReserveTicket, customer: 428827f2-2f8c-4533-8fe9-71278bc84393, server: None, raw: .. }
Reserved ticket 4764 for customer 428827f2-2f8c-4533-8fe9-71278bc84393
Server 799bb1b2-bd8f-49e2-81f8-f7237f0eb223 received client-request: Request { kind: ReserveTicket, customer: 71531d31-8328-459b-b819-e84b76e402c3, server: None, raw: .. }
Reserved ticket 4763 for customer 71531d31-8328-459b-b819-e84b76e402c3
Server 799bb1b2-bd8f-49e2-81f8-f7237f0eb223 received client-request: Request { kind: ReserveTicket, customer: 58d9da45-1ae9-4e94-9a2f-c312dd2bb794, server: None, raw: .. }
Reserved ticket 4762 for customer 58d9da45-1ae9-4e94-9a2f-c312dd2bb794
Server 799bb1b2-bd8f-49e2-81f8-f7237f0eb223 received client-request: Request { kind: ReserveTicket, customer: c0526803-890a-4a11-ab50-b80a81216be1, server: None, raw: .. }
Reserved ticket 4761 for customer c0526803-890a-4a11-ab50-b80a81216be1
Server 799bb1b2-bd8f-49e2-81f8-f7237f0eb223 received client-request: Request { kind: ReserveTicket, customer: 8619e4b5-7442-4d11-a9ea-dcfed810ed0d, server: None, raw: .. }
Reserved ticket 4760 for customer 8619e4b5-7442-4d11-a9ea-dcfed810ed0d
Server 799bb1b2-bd8f-49e2-81f8-f7237f0eb223 received client-request: Request { kind: ReserveTicket, customer: a93a06d6-42e2-4462-b703-27794bba6b68, server: None, raw: .. }
Reserved ticket 4759 for customer a93a06d6-42e2-4462-b703-27794bba6b68
Server 799bb1b2-bd8f-49e2-81f8-f7237f0eb223 received client-request: Request { kind: ReserveTicket, customer: 5d3fbe1a-b476-4f6b-aa2c-3358a5c6410f, server: None, raw: .. }
Reserved ticket 4758 for customer 5d3fbe1a-b476-4f6b-aa2c-3358a5c6410f
Server 799bb1b2-bd8f-49e2-81f8-f7237f0eb223 received client-request: Request { kind: ReserveTicket, customer: 61a1d371-c645-4cf1-b9d1-2bded1752b69, server: None, raw: .. }
Reserved ticket 4757 for customer 61a1d371-c645-4cf1-b9d1-2bded1752b69
Server 799bb1b2-bd8f-49e2-81f8-f7237f0eb223 received client-request: Request { kind: ReserveTicket, customer: 93cb5d4e-adda-4b5a-b1ad-f6d8847df341, server: None, raw: .. }
Reserved ticket 4756 for customer 93cb5d4e-adda-4b5a-b1ad-f6d8847df341
Server 799bb1b2-bd8f-49e2-81f8-f7237f0eb223 received client-request: Request { kind: ReserveTicket, customer: 7223f8bd-e4a4-4e49-9630-765fe918879b, server: None, raw: .. }
Reserved ticket 4755 for customer 7223f8bd-e4a4-4e49-9630-765fe918879b
Server 799bb1b2-bd8f-49e2-81f8-f7237f0eb223 received client-request: Request { kind: ReserveTicket, customer: 2e7b537e-24ee-4336-99eb-b738f56b4fe3, server: None, raw: .. }
Reserved ticket 4754 for customer 2e7b537e-24ee-4336-99eb-b738f56b4fe3
Server 799bb1b2-bd8f-49e2-81f8-f7237f0eb223 received client-request: Request { kind: ReserveTicket, customer: 56078aac-cf3f-4346-8f8c-4a5700602e7a, server: None, raw: .. }
Reserved ticket 4753 for customer 56078aac-cf3f-4346-8f8c-4a5700602e7a
Server 799bb1b2-bd8f-49e2-81f8-f7237f0eb223 received client-request: Request { kind: ReserveTicket, customer: dfaa4ea1-92e8-4e17-a0d5-e47c050acf44, server: None, raw: .. }
Reserved ticket 4752 for customer dfaa4ea1-92e8-4e17-a0d5-e47c050acf44
Server 799bb1b2-bd8f-49e2-81f8-f7237f0eb223 received client-request: Request { kind: ReserveTicket, customer: 6ab80d17-e5e8-4028-b556-af8392221b18, server: None, raw: .. }
Reserved ticket 4751 for customer 6ab80d17-e5e8-4028-b556-af8392221b18
Server 799bb1b2-bd8f-49e2-81f8-f7237f0eb223 received client-request: Request { kind: ReserveTicket, customer: 12da6e52-9b87-4811-912f-138ec5928b81, server: None, raw: .. }
Reserved ticket 4750 for customer 12da6e52-9b87-4811-912f-138ec5928b81
Server 65a51e17-fff5-4036-8b94-6db5de4d28d8 received client-request: Request { kind: ReserveTicket, customer: 42895848-07e7-423e-863d-ee89c66bd411, server: None, raw: .. }
Reserved ticket 4749 for customer 42895848-07e7-423e-863d-ee89c66bd411
Server 799bb1b2-bd8f-49e2-81f8-f7237f0eb223 received client-request: Request { kind: ReserveTicket, customer: 95519719-8478-44b7-9f5f-7c1ec92a2e34, server: None, raw: .. }
Reserved ticket 4748 for customer 95519719-8478-44b7-9f5f-7c1ec92a2e34
Server 799bb1b2-bd8f-49e2-81f8-f7237f0eb223 received client-request: Request { kind: ReserveTicket, customer: da4eb5c5-c9a1-4931-b6d7-42e5a6052e08, server: None, raw: .. }
Reserved ticket 4747 for customer da4eb5c5-c9a1-4931-b6d7-42e5a6052e08
Server 799bb1b2-bd8f-49e2-81f8-f7237f0eb223 received client-request: Request { kind: ReserveTicket, customer: 4405e50d-a1fe-4644-8ed4-03296c063f9d, server: None, raw: .. }
Reserved ticket 4746 for customer 4405e50d-a1fe-4644-8ed4-03296c063f9d
Server 799bb1b2-bd8f-49e2-81f8-f7237f0eb223 received client-request: Request { kind: ReserveTicket, customer: 96117a60-45f3-41c7-b3c7-d29efb68298d, server: None, raw: .. }
Reserved ticket 4745 for customer 96117a60-45f3-41c7-b3c7-d29efb68298d
Server 799bb1b2-bd8f-49e2-81f8-f7237f0eb223 received client-request: Request { kind: ReserveTicket, customer: 93623a49-9398-45ef-9a44-ef120a6db229, server: None, raw: .. }
Reserved ticket 4744 for customer 93623a49-9398-45ef-9a44-ef120a6db229
Server 799bb1b2-bd8f-49e2-81f8-f7237f0eb223 received client-request: Request { kind: ReserveTicket, customer: d18a289f-63c5-4e80-b210-7bdec3c4fdea, server: None, raw: .. }
Reserved ticket 4743 for customer d18a289f-63c5-4e80-b210-7bdec3c4fdea
Server 799bb1b2-bd8f-49e2-81f8-f7237f0eb223 received client-request: Request { kind: ReserveTicket, customer: d424347e-9108-44ff-85fd-07155f1172d3, server: None, raw: .. }
Reserved ticket 4742 for customer d424347e-9108-44ff-85fd-07155f1172d3
Server 799bb1b2-bd8f-49e2-81f8-f7237f0eb223 received client-request: Request { kind: ReserveTicket, customer: 2da1479c-d9e2-44bb-acbd-81066bffcf96, server: None, raw: .. }
Reserved ticket 4741 for customer 2da1479c-d9e2-44bb-acbd-81066bffcf96
Server 799bb1b2-bd8f-49e2-81f8-f7237f0eb223 received client-request: Request { kind: ReserveTicket, customer: 2df06634-60d4-4d9f-87ca-7e9fcd9040d1, server: None, raw: .. }
Reserved ticket 4740 for customer 2df06634-60d4-4d9f-87ca-7e9fcd9040d1
Server 799bb1b2-bd8f-49e2-81f8-f7237f0eb223 received client-request: Request { kind: ReserveTicket, customer: d136ce3f-0a3c-4bfe-a9d6-929d325cd8a1, server: None, raw: .. }
Reserved ticket 4739 for customer d136ce3f-0a3c-4bfe-a9d6-929d325cd8a1
Server 799bb1b2-bd8f-49e2-81f8-f7237f0eb223 received client-request: Request { kind: ReserveTicket, customer: 45937f8b-9654-430e-8e89-c17a5758e141, server: None, raw: .. }
Reserved ticket 4738 for customer 45937f8b-9654-430e-8e89-c17a5758e141
Server 799bb1b2-bd8f-49e2-81f8-f7237f0eb223 received client-request: Request { kind: ReserveTicket, customer: 0005ba8d-dab0-4802-b8a9-a29b55e3767a, server: None, raw: .. }
Reserved ticket 4737 for customer 0005ba8d-dab0-4802-b8a9-a29b55e3767a
Server 799bb1b2-bd8f-49e2-81f8-f7237f0eb223 received client-request: Request { kind: ReserveTicket, customer: 103ac679-f711-43cf-a55d-d6e2f358e0aa, server: None, raw: .. }
Reserved ticket 4736 for customer 103ac679-f711-43cf-a55d-d6e2f358e0aa
Server 799bb1b2-bd8f-49e2-81f8-f7237f0eb223 received client-request: Request { kind: ReserveTicket, customer: 9e91fdd8-6c7e-46ac-90e2-b716439ef27b, server: None, raw: .. }
Reserved ticket 4735 for customer 9e91fdd8-6c7e-46ac-90e2-b716439ef27b
Server 799bb1b2-bd8f-49e2-81f8-f7237f0eb223 received client-request: Request { kind: ReserveTicket, customer: ea44cf81-c76b-4fcd-88e3-0c3696a5623a, server: None, raw: .. }
Reserved ticket 4734 for customer ea44cf81-c76b-4fcd-88e3-0c3696a5623a
Server 799bb1b2-bd8f-49e2-81f8-f7237f0eb223 received client-request: Request { kind: ReserveTicket, customer: 17c09deb-6362-4d8b-bac1-9e909e36c65f, server: None, raw: .. }
Reserved ticket 4733 for customer 17c09deb-6362-4d8b-bac1-9e909e36c65f
Server 799bb1b2-bd8f-49e2-81f8-f7237f0eb223 received client-request: Request { kind: ReserveTicket, customer: 738d30cd-0237-4653-9f35-ccc0142d5f98, server: None, raw: .. }
Reserved ticket 4732 for customer 738d30cd-0237-4653-9f35-ccc0142d5f98
Server 799bb1b2-bd8f-49e2-81f8-f7237f0eb223 received client-request: Request { kind: ReserveTicket, customer: 1000b28a-bfd7-4b8a-8eaa-a1a97b7bd3e9, server: None, raw: .. }
Reserved ticket 4731 for customer 1000b28a-bfd7-4b8a-8eaa-a1a97b7bd3e9
Server 799bb1b2-bd8f-49e2-81f8-f7237f0eb223 received client-request: Request { kind: ReserveTicket, customer: cbc39b12-0e74-4b9a-9590-a8bda9cd9fed, server: None, raw: .. }
Reserved ticket 4730 for customer cbc39b12-0e74-4b9a-9590-a8bda9cd9fed
Server 65a51e17-fff5-4036-8b94-6db5de4d28d8 received client-request: Request { kind: ReserveTicket, customer: 6d6e6f99-42d1-4a4e-93c0-d61341b10608, server: None, raw: .. }
Reserved ticket 4729 for customer 6d6e6f99-42d1-4a4e-93c0-d61341b10608
Server 799bb1b2-bd8f-49e2-81f8-f7237f0eb223 received client-request: Request { kind: ReserveTicket, customer: c288a1e8-9654-4f52-943d-da0495b461c8, server: None, raw: .. }
Reserved ticket 4728 for customer c288a1e8-9654-4f52-943d-da0495b461c8
Server 799bb1b2-bd8f-49e2-81f8-f7237f0eb223 received client-request: Request { kind: ReserveTicket, customer: 9cda5607-b48e-4a8e-aa9b-1eec5ca25728, server: None, raw: .. }
Reserved ticket 4727 for customer 9cda5607-b48e-4a8e-aa9b-1eec5ca25728
Server 799bb1b2-bd8f-49e2-81f8-f7237f0eb223 received client-request: Request { kind: ReserveTicket, customer: 4e1477a1-59ba-4802-a5c8-ef57a33fae11, server: None, raw: .. }
Reserved ticket 4726 for customer 4e1477a1-59ba-4802-a5c8-ef57a33fae11
Server 799bb1b2-bd8f-49e2-81f8-f7237f0eb223 received client-request: Request { kind: ReserveTicket, customer: eb5b2a86-b4dc-47c0-bd30-b09cc94a7b10, server: None, raw: .. }
Reserved ticket 4725 for customer eb5b2a86-b4dc-47c0-bd30-b09cc94a7b10
Server 799bb1b2-bd8f-49e2-81f8-f7237f0eb223 received client-request: Request { kind: ReserveTicket, customer: d414fdd4-8d78-426a-a0e8-19a933ce5e13, server: None, raw: .. }
Reserved ticket 4724 for customer d414fdd4-8d78-426a-a0e8-19a933ce5e13
Server 799bb1b2-bd8f-49e2-81f8-f7237f0eb223 received client-request: Request { kind: ReserveTicket, customer: 2693d320-e38a-407d-83e4-725004875164, server: None, raw: .. }
Reserved ticket 4723 for customer 2693d320-e38a-407d-83e4-725004875164
Server 799bb1b2-bd8f-49e2-81f8-f7237f0eb223 received client-request: Request { kind: ReserveTicket, customer: 2de56599-5fe2-4cd6-8c68-7cfdf6916a83, server: None, raw: .. }
Reserved ticket 4722 for customer 2de56599-5fe2-4cd6-8c68-7cfdf6916a83
Server 799bb1b2-bd8f-49e2-81f8-f7237f0eb223 received client-request: Request { kind: ReserveTicket, customer: c4bc39e0-2c1c-4f2a-8a8b-59cbe4029905, server: None, raw: .. }
Reserved ticket 4721 for customer c4bc39e0-2c1c-4f2a-8a8b-59cbe4029905
Server 799bb1b2-bd8f-49e2-81f8-f7237f0eb223 received client-request: Request { kind: ReserveTicket, customer: 75fef510-d431-4dc4-ac1d-b5f538e17764, server: None, raw: .. }
Reserved ticket 4720 for customer 75fef510-d431-4dc4-ac1d-b5f538e17764
Server 799bb1b2-bd8f-49e2-81f8-f7237f0eb223 received client-request: Request { kind: ReserveTicket, customer: e66ccab6-9682-48d3-a596-3e858bf71807, server: None, raw: .. }
Reserved ticket 4719 for customer e66ccab6-9682-48d3-a596-3e858bf71807
Server 799bb1b2-bd8f-49e2-81f8-f7237f0eb223 received client-request: Request { kind: ReserveTicket, customer: f8683123-eb09-4b89-abf2-db93637cfc07, server: None, raw: .. }
Reserved ticket 4718 for customer f8683123-eb09-4b89-abf2-db93637cfc07
Server 799bb1b2-bd8f-49e2-81f8-f7237f0eb223 received client-request: Request { kind: ReserveTicket, customer: 6a497822-7410-4275-bf45-94bd61d884d5, server: None, raw: .. }
Reserved ticket 4717 for customer 6a497822-7410-4275-bf45-94bd61d884d5
Server 799bb1b2-bd8f-49e2-81f8-f7237f0eb223 received client-request: Request { kind: ReserveTicket, customer: 8a2f9098-9764-437d-b616-1c81053a8a3e, server: None, raw: .. }
Reserved ticket 4716 for customer 8a2f9098-9764-437d-b616-1c81053a8a3e
Server 799bb1b2-bd8f-49e2-81f8-f7237f0eb223 received client-request: Request { kind: ReserveTicket, customer: 479667fc-6ccc-494f-89c0-086de76a8cc2, server: None, raw: .. }
Reserved ticket 4715 for customer 479667fc-6ccc-494f-89c0-086de76a8cc2
Server 799bb1b2-bd8f-49e2-81f8-f7237f0eb223 received client-request: Request { kind: ReserveTicket, customer: 70ee9f3a-d186-42ca-a419-f69839fce24e, server: None, raw: .. }
Reserved ticket 4714 for customer 70ee9f3a-d186-42ca-a419-f69839fce24e
Server 799bb1b2-bd8f-49e2-81f8-f7237f0eb223 received client-request: Request { kind: ReserveTicket, customer: 061474ba-a762-47b0-a47f-7e56c285c7d6, server: None, raw: .. }
Reserved ticket 4713 for customer 061474ba-a762-47b0-a47f-7e56c285c7d6
Server 799bb1b2-bd8f-49e2-81f8-f7237f0eb223 received client-request: Request { kind: ReserveTicket, customer: 5b75c9ea-9b3a-434a-bb06-1d21b0b5fedd, server: None, raw: .. }
Reserved ticket 4712 for customer 5b75c9ea-9b3a-434a-bb06-1d21b0b5fedd
Server 799bb1b2-bd8f-49e2-81f8-f7237f0eb223 received client-request: Request { kind: ReserveTicket, customer: 93fa2ef0-5612-467a-823f-c3a7f5b91512, server: None, raw: .. }
Reserved ticket 4711 for customer 93fa2ef0-5612-467a-823f-c3a7f5b91512
Server 799bb1b2-bd8f-49e2-81f8-f7237f0eb223 received client-request: Request { kind: ReserveTicket, customer: 11b6da13-b3c1-4d1b-832d-8e883e63520e, server: None, raw: .. }
Reserved ticket 4710 for customer 11b6da13-b3c1-4d1b-832d-8e883e63520e
Server 65a51e17-fff5-4036-8b94-6db5de4d28d8 received client-request: Request { kind: ReserveTicket, customer: 83f905e9-de32-42a1-a5d3-ebd3f97d941c, server: None, raw: .. }
Reserved ticket 4709 for customer 83f905e9-de32-42a1-a5d3-ebd3f97d941c
Server 799bb1b2-bd8f-49e2-81f8-f7237f0eb223 received client-request: Request { kind: ReserveTicket, customer: 5bfa2daf-6aec-4224-91a8-3f97c92a1741, server: None, raw: .. }
Reserved ticket 4708 for customer 5bfa2daf-6aec-4224-91a8-3f97c92a1741
Server 799bb1b2-bd8f-49e2-81f8-f7237f0eb223 received client-request: Request { kind: ReserveTicket, customer: aaaeeb95-ceb8-4424-a5fb-aca062257139, server: None, raw: .. }
Reserved ticket 4707 for customer aaaeeb95-ceb8-4424-a5fb-aca062257139
Server 799bb1b2-bd8f-49e2-81f8-f7237f0eb223 received client-request: Request { kind: ReserveTicket, customer: e5f4d6b2-a31a-4389-81de-b4c8d00ed1a3, server: None, raw: .. }
Reserved ticket 4706 for customer e5f4d6b2-a31a-4389-81de-b4c8d00ed1a3
Server 799bb1b2-bd8f-49e2-81f8-f7237f0eb223 received client-request: Request { kind: ReserveTicket, customer: 7e33c547-9df7-4d51-906c-01a9b2b79a93, server: None, raw: .. }
Reserved ticket 4705 for customer 7e33c547-9df7-4d51-906c-01a9b2b79a93
Server 799bb1b2-bd8f-49e2-81f8-f7237f0eb223 received client-request: Request { kind: ReserveTicket, customer: b7cf56ae-81aa-40c9-b276-b1f67c974615, server: None, raw: .. }
Reserved ticket 4704 for customer b7cf56ae-81aa-40c9-b276-b1f67c974615
Server 799bb1b2-bd8f-49e2-81f8-f7237f0eb223 received client-request: Request { kind: ReserveTicket, customer: 79b18408-000f-43e8-8db9-9d875e43dc9d, server: None, raw: .. }
Reserved ticket 4703 for customer 79b18408-000f-43e8-8db9-9d875e43dc9d
Server 799bb1b2-bd8f-49e2-81f8-f7237f0eb223 received client-request: Request { kind: ReserveTicket, customer: 83e71191-9eed-4744-b775-b6adba05e674, server: None, raw: .. }
Reserved ticket 4702 for customer 83e71191-9eed-4744-b775-b6adba05e674
Server 799bb1b2-bd8f-49e2-81f8-f7237f0eb223 received client-request: Request { kind: ReserveTicket, customer: d5b5a321-3f53-46d4-98c1-dc15d70f4aca, server: None, raw: .. }
Reserved ticket 4701 for customer d5b5a321-3f53-46d4-98c1-dc15d70f4aca
Server 799bb1b2-bd8f-49e2-81f8-f7237f0eb223 received client-request: Request { kind: ReserveTicket, customer: e4326b8b-3c05-40a7-93df-1e68ec296bc7, server: None, raw: .. }
Reserved ticket 4700 for customer e4326b8b-3c05-40a7-93df-1e68ec296bc7
Server 799bb1b2-bd8f-49e2-81f8-f7237f0eb223 received client-request: Request { kind: ReserveTicket, customer: 4d86c689-b471-4c98-9b9c-1f8e26da7d29, server: None, raw: .. }
Reserved ticket 4699 for customer 4d86c689-b471-4c98-9b9c-1f8e26da7d29
Server 799bb1b2-bd8f-49e2-81f8-f7237f0eb223 received client-request: Request { kind: ReserveTicket, customer: 1837b3da-fe08-480a-ab32-02958d81839e, server: None, raw: .. }
Reserved ticket 4698 for customer 1837b3da-fe08-480a-ab32-02958d81839e
Server 799bb1b2-bd8f-49e2-81f8-f7237f0eb223 received client-request: Request { kind: ReserveTicket, customer: 7e50198a-919d-42b3-8bb2-4ecda2c40429, server: None, raw: .. }
Reserved ticket 4697 for customer 7e50198a-919d-42b3-8bb2-4ecda2c40429
Server 799bb1b2-bd8f-49e2-81f8-f7237f0eb223 received client-request: Request { kind: ReserveTicket, customer: 90533095-cfb4-45b3-9379-bda2775f304b, server: None, raw: .. }
Reserved ticket 4696 for customer 90533095-cfb4-45b3-9379-bda2775f304b
Server 799bb1b2-bd8f-49e2-81f8-f7237f0eb223 received client-request: Request { kind: ReserveTicket, customer: 7be4452b-6b7f-4878-87a6-e56e223a34c0, server: None, raw: .. }
Reserved ticket 4695 for customer 7be4452b-6b7f-4878-87a6-e56e223a34c0
Server 799bb1b2-bd8f-49e2-81f8-f7237f0eb223 received client-request: Request { kind: ReserveTicket, customer: 398fd507-9086-4cfd-9e62-00ddf75920e4, server: None, raw: .. }
Reserved ticket 4694 for customer 398fd507-9086-4cfd-9e62-00ddf75920e4
Server 799bb1b2-bd8f-49e2-81f8-f7237f0eb223 received client-request: Request { kind: ReserveTicket, customer: 1e94e407-4138-4653-a7d6-90149441c062, server: None, raw: .. }
Reserved ticket 4693 for customer 1e94e407-4138-4653-a7d6-90149441c062
Server 799bb1b2-bd8f-49e2-81f8-f7237f0eb223 received client-request: Request { kind: ReserveTicket, customer: 5f1c01ce-d972-41ac-a3f2-09a7b9ffc235, server: None, raw: .. }
Reserved ticket 4692 for customer 5f1c01ce-d972-41ac-a3f2-09a7b9ffc235
Server 799bb1b2-bd8f-49e2-81f8-f7237f0eb223 received client-request: Request { kind: ReserveTicket, customer: 9c129711-69bd-406b-b3b1-9359a74d88a8, server: None, raw: .. }
Reserved ticket 4691 for customer 9c129711-69bd-406b-b3b1-9359a74d88a8
Server 799bb1b2-bd8f-49e2-81f8-f7237f0eb223 received client-request: Request { kind: ReserveTicket, customer: a9af6e73-aa40-4d0f-989c-7714a210916b, server: None, raw: .. }
Reserved ticket 4690 for customer a9af6e73-aa40-4d0f-989c-7714a210916b
Server 65a51e17-fff5-4036-8b94-6db5de4d28d8 received client-request: Request { kind: ReserveTicket, customer: 925e2d0c-f26a-4f60-9de7-217066720302, server: None, raw: .. }
Reserved ticket 4689 for customer 925e2d0c-f26a-4f60-9de7-217066720302
Server 799bb1b2-bd8f-49e2-81f8-f7237f0eb223 received client-request: Request { kind: ReserveTicket, customer: 1c28302d-07ad-4c22-a6df-c1de0da32398, server: None, raw: .. }
Reserved ticket 4688 for customer 1c28302d-07ad-4c22-a6df-c1de0da32398
Server 799bb1b2-bd8f-49e2-81f8-f7237f0eb223 received client-request: Request { kind: ReserveTicket, customer: 07717b88-9eea-4579-b770-6cc32a53b3ab, server: None, raw: .. }
Reserved ticket 4687 for customer 07717b88-9eea-4579-b770-6cc32a53b3ab
Server 799bb1b2-bd8f-49e2-81f8-f7237f0eb223 received client-request: Request { kind: ReserveTicket, customer: 41cca54b-8278-4168-8e29-73d81843626b, server: None, raw: .. }
Reserved ticket 4686 for customer 41cca54b-8278-4168-8e29-73d81843626b
Server 799bb1b2-bd8f-49e2-81f8-f7237f0eb223 received client-request: Request { kind: ReserveTicket, customer: a0c33f98-0c1d-408d-a026-f40eb0259235, server: None, raw: .. }
Reserved ticket 4685 for customer a0c33f98-0c1d-408d-a026-f40eb0259235
Server 799bb1b2-bd8f-49e2-81f8-f7237f0eb223 received client-request: Request { kind: ReserveTicket, customer: d6284270-f91a-42df-8fb6-f44659b1a2cd, server: None, raw: .. }
Reserved ticket 4684 for customer d6284270-f91a-42df-8fb6-f44659b1a2cd
Server 799bb1b2-bd8f-49e2-81f8-f7237f0eb223 received client-request: Request { kind: ReserveTicket, customer: 39f7786c-4355-417d-acd4-8ec7ab7d93b8, server: None, raw: .. }
Reserved ticket 4683 for customer 39f7786c-4355-417d-acd4-8ec7ab7d93b8
Server 799bb1b2-bd8f-49e2-81f8-f7237f0eb223 received client-request: Request { kind: ReserveTicket, customer: 9574323c-a7ab-4735-b67e-e74a22bdee28, server: None, raw: .. }
Reserved ticket 4682 for customer 9574323c-a7ab-4735-b67e-e74a22bdee28
Server 799bb1b2-bd8f-49e2-81f8-f7237f0eb223 received client-request: Request { kind: ReserveTicket, customer: 9cf0a502-f1db-4e0a-b598-8c8dddbf13c7, server: None, raw: .. }
Reserved ticket 4681 for customer 9cf0a502-f1db-4e0a-b598-8c8dddbf13c7
Server 799bb1b2-bd8f-49e2-81f8-f7237f0eb223 received client-request: Request { kind: ReserveTicket, customer: b94df6d7-3651-4daa-be7c-879ef970c9ef, server: None, raw: .. }
Reserved ticket 4680 for customer b94df6d7-3651-4daa-be7c-879ef970c9ef
Server 799bb1b2-bd8f-49e2-81f8-f7237f0eb223 received client-request: Request { kind: ReserveTicket, customer: 53f515e4-2366-4ee7-8522-57896874ac10, server: None, raw: .. }
Reserved ticket 4679 for customer 53f515e4-2366-4ee7-8522-57896874ac10
Server 799bb1b2-bd8f-49e2-81f8-f7237f0eb223 received client-request: Request { kind: ReserveTicket, customer: 30910d7c-5d01-418d-bcf3-21b4db6f50fc, server: None, raw: .. }
Reserved ticket 4678 for customer 30910d7c-5d01-418d-bcf3-21b4db6f50fc
Server 799bb1b2-bd8f-49e2-81f8-f7237f0eb223 received client-request: Request { kind: ReserveTicket, customer: 6c9ac16b-8833-4090-9df6-6961017f1311, server: None, raw: .. }
Reserved ticket 4677 for customer 6c9ac16b-8833-4090-9df6-6961017f1311
Server 799bb1b2-bd8f-49e2-81f8-f7237f0eb223 received client-request: Request { kind: ReserveTicket, customer: d03cbe53-94b5-4ca1-826b-02b0dedab4c2, server: None, raw: .. }
Reserved ticket 4676 for customer d03cbe53-94b5-4ca1-826b-02b0dedab4c2
Server 799bb1b2-bd8f-49e2-81f8-f7237f0eb223 received client-request: Request { kind: ReserveTicket, customer: f71e0989-d4ef-473f-becb-63687c51ceae, server: None, raw: .. }
Reserved ticket 4675 for customer f71e0989-d4ef-473f-becb-63687c51ceae
Server 799bb1b2-bd8f-49e2-81f8-f7237f0eb223 received client-request: Request { kind: ReserveTicket, customer: 6c4f73ac-f384-4adf-b647-4a4a4f09dcae, server: None, raw: .. }
Reserved ticket 4674 for customer 6c4f73ac-f384-4adf-b647-4a4a4f09dcae
Server 799bb1b2-bd8f-49e2-81f8-f7237f0eb223 received client-request: Request { kind: ReserveTicket, customer: 3270e5a9-b10a-4da9-8473-ce2fa0a65add, server: None, raw: .. }
Reserved ticket 4673 for customer 3270e5a9-b10a-4da9-8473-ce2fa0a65add
Server 799bb1b2-bd8f-49e2-81f8-f7237f0eb223 received client-request: Request { kind: ReserveTicket, customer: 023ea6fc-12cc-476c-a329-dcd0ec58d0e8, server: None, raw: .. }
Reserved ticket 4672 for customer 023ea6fc-12cc-476c-a329-dcd0ec58d0e8
Server 799bb1b2-bd8f-49e2-81f8-f7237f0eb223 received client-request: Request { kind: ReserveTicket, customer: 7b23a559-5079-46a6-8f43-22d482e0da09, server: None, raw: .. }
Reserved ticket 4671 for customer 7b23a559-5079-46a6-8f43-22d482e0da09
Server 799bb1b2-bd8f-49e2-81f8-f7237f0eb223 received client-request: Request { kind: ReserveTicket, customer: da8b97b3-9019-47ca-ab27-d1df50799d48, server: None, raw: .. }
Reserved ticket 4670 for customer da8b97b3-9019-47ca-ab27-d1df50799d48
Server 65a51e17-fff5-4036-8b94-6db5de4d28d8 received client-request: Request { kind: ReserveTicket, customer: 188c1214-683f-4e27-8321-7abd10d256bd, server: None, raw: .. }
Reserved ticket 4669 for customer 188c1214-683f-4e27-8321-7abd10d256bd
Server 799bb1b2-bd8f-49e2-81f8-f7237f0eb223 received client-request: Request { kind: ReserveTicket, customer: 58de2925-9e83-4fae-9ad4-dc75e63c1bfa, server: None, raw: .. }
Reserved ticket 4668 for customer 58de2925-9e83-4fae-9ad4-dc75e63c1bfa
Server 799bb1b2-bd8f-49e2-81f8-f7237f0eb223 received client-request: Request { kind: ReserveTicket, customer: d5c9f0fb-2a21-49e8-8cbc-5a74f8d4379c, server: None, raw: .. }
Reserved ticket 4667 for customer d5c9f0fb-2a21-49e8-8cbc-5a74f8d4379c
Server 799bb1b2-bd8f-49e2-81f8-f7237f0eb223 received client-request: Request { kind: ReserveTicket, customer: 768523d0-4c19-441d-8ea4-97a00edcb359, server: None, raw: .. }
Reserved ticket 4666 for customer 768523d0-4c19-441d-8ea4-97a00edcb359
Server 799bb1b2-bd8f-49e2-81f8-f7237f0eb223 received client-request: Request { kind: ReserveTicket, customer: 7e6e74e3-29f4-4e42-85b2-2db2e9b315b0, server: None, raw: .. }
Reserved ticket 4665 for customer 7e6e74e3-29f4-4e42-85b2-2db2e9b315b0
Server 799bb1b2-bd8f-49e2-81f8-f7237f0eb223 received client-request: Request { kind: ReserveTicket, customer: ec4a5b0b-3635-470e-8b60-a4a5ad036e07, server: None, raw: .. }
Reserved ticket 4664 for customer ec4a5b0b-3635-470e-8b60-a4a5ad036e07
Server 799bb1b2-bd8f-49e2-81f8-f7237f0eb223 received client-request: Request { kind: ReserveTicket, customer: 48e17513-6954-49f3-85a3-f1ac66d630b2, server: None, raw: .. }
Reserved ticket 4663 for customer 48e17513-6954-49f3-85a3-f1ac66d630b2
Server 799bb1b2-bd8f-49e2-81f8-f7237f0eb223 received client-request: Request { kind: ReserveTicket, customer: 4cca658d-597c-4a86-9947-243447cca172, server: None, raw: .. }
Reserved ticket 4662 for customer 4cca658d-597c-4a86-9947-243447cca172
Server 799bb1b2-bd8f-49e2-81f8-f7237f0eb223 received client-request: Request { kind: ReserveTicket, customer: eeea0a52-d168-4325-927a-272872510ebf, server: None, raw: .. }
Reserved ticket 4661 for customer eeea0a52-d168-4325-927a-272872510ebf
Server 799bb1b2-bd8f-49e2-81f8-f7237f0eb223 received client-request: Request { kind: ReserveTicket, customer: 9d7efd39-2b86-4f3e-964a-51585f0c442b, server: None, raw: .. }
Reserved ticket 4660 for customer 9d7efd39-2b86-4f3e-964a-51585f0c442b
Server 799bb1b2-bd8f-49e2-81f8-f7237f0eb223 received client-request: Request { kind: ReserveTicket, customer: cf16dfa0-e24b-4a1a-b8e5-e32038beef7a, server: None, raw: .. }
Reserved ticket 4659 for customer cf16dfa0-e24b-4a1a-b8e5-e32038beef7a
Server 799bb1b2-bd8f-49e2-81f8-f7237f0eb223 received client-request: Request { kind: ReserveTicket, customer: ad199eb6-ec2d-4760-b760-b7b52b0343aa, server: None, raw: .. }
Reserved ticket 4658 for customer ad199eb6-ec2d-4760-b760-b7b52b0343aa
Server 799bb1b2-bd8f-49e2-81f8-f7237f0eb223 received client-request: Request { kind: ReserveTicket, customer: e20714d4-9d5a-4e9c-9936-34a08f45861f, server: None, raw: .. }
Reserved ticket 4657 for customer e20714d4-9d5a-4e9c-9936-34a08f45861f
Server 799bb1b2-bd8f-49e2-81f8-f7237f0eb223 received client-request: Request { kind: ReserveTicket, customer: 3b99c20b-bbd4-49c6-be33-98ea0279c896, server: None, raw: .. }
Reserved ticket 4656 for customer 3b99c20b-bbd4-49c6-be33-98ea0279c896
Server 799bb1b2-bd8f-49e2-81f8-f7237f0eb223 received client-request: Request { kind: ReserveTicket, customer: eaa88ed2-9002-4584-8129-76d591c63831, server: None, raw: .. }
Reserved ticket 4655 for customer eaa88ed2-9002-4584-8129-76d591c63831
Server 799bb1b2-bd8f-49e2-81f8-f7237f0eb223 received client-request: Request { kind: ReserveTicket, customer: b31f6be3-8f00-4159-b135-ae99711baf5a, server: None, raw: .. }
Reserved ticket 4654 for customer b31f6be3-8f00-4159-b135-ae99711baf5a
Server 799bb1b2-bd8f-49e2-81f8-f7237f0eb223 received client-request: Request { kind: ReserveTicket, customer: c0e0942d-f3ca-40fc-9804-abb9b8b5a732, server: None, raw: .. }
Reserved ticket 4653 for customer c0e0942d-f3ca-40fc-9804-abb9b8b5a732
Server 799bb1b2-bd8f-49e2-81f8-f7237f0eb223 received client-request: Request { kind: ReserveTicket, customer: 63abdb23-157b-452f-9218-b42742101f9a, server: None, raw: .. }
Reserved ticket 4652 for customer 63abdb23-157b-452f-9218-b42742101f9a
Server 799bb1b2-bd8f-49e2-81f8-f7237f0eb223 received client-request: Request { kind: ReserveTicket, customer: f5a462bb-8fe5-422b-a311-538f97a04365, server: None, raw: .. }
Reserved ticket 4651 for customer f5a462bb-8fe5-422b-a311-538f97a04365
Server 799bb1b2-bd8f-49e2-81f8-f7237f0eb223 received client-request: Request { kind: ReserveTicket, customer: 637da4a0-939e-41db-9fee-28bf122c0c8a, server: None, raw: .. }
Reserved ticket 4650 for customer 637da4a0-939e-41db-9fee-28bf122c0c8a
Server 65a51e17-fff5-4036-8b94-6db5de4d28d8 received client-request: Request { kind: ReserveTicket, customer: a5f616d7-3e19-4c1a-a884-7ebb43952b1e, server: None, raw: .. }
Reserved ticket 4649 for customer a5f616d7-3e19-4c1a-a884-7ebb43952b1e
Server 799bb1b2-bd8f-49e2-81f8-f7237f0eb223 received client-request: Request { kind: ReserveTicket, customer: 26fca0f7-5fdc-4cb2-b459-9c811a44ecc5, server: None, raw: .. }
Reserved ticket 4648 for customer 26fca0f7-5fdc-4cb2-b459-9c811a44ecc5
Server 799bb1b2-bd8f-49e2-81f8-f7237f0eb223 received client-request: Request { kind: ReserveTicket, customer: 99ee96e3-9447-4885-88c6-213cca266a25, server: None, raw: .. }
Reserved ticket 4647 for customer 99ee96e3-9447-4885-88c6-213cca266a25
Server 799bb1b2-bd8f-49e2-81f8-f7237f0eb223 received client-request: Request { kind: ReserveTicket, customer: 6dd28e72-b413-4f36-9b3f-9fd0f98d54c8, server: None, raw: .. }
Reserved ticket 4646 for customer 6dd28e72-b413-4f36-9b3f-9fd0f98d54c8
Server 799bb1b2-bd8f-49e2-81f8-f7237f0eb223 received client-request: Request { kind: ReserveTicket, customer: 75db4d06-765e-49bc-93ab-fff5036ad3bc, server: None, raw: .. }
Reserved ticket 4645 for customer 75db4d06-765e-49bc-93ab-fff5036ad3bc
Server 799bb1b2-bd8f-49e2-81f8-f7237f0eb223 received client-request: Request { kind: ReserveTicket, customer: c44cfd20-2506-4371-9cb4-c5feca2e0921, server: None, raw: .. }
Reserved ticket 4644 for customer c44cfd20-2506-4371-9cb4-c5feca2e0921
Server 799bb1b2-bd8f-49e2-81f8-f7237f0eb223 received client-request: Request { kind: ReserveTicket, customer: 33b4a94d-10cf-426d-bb6f-05cf1bfc2668, server: None, raw: .. }
Reserved ticket 4643 for customer 33b4a94d-10cf-426d-bb6f-05cf1bfc2668
Server 799bb1b2-bd8f-49e2-81f8-f7237f0eb223 received client-request: Request { kind: ReserveTicket, customer: a827f4fc-17b0-4315-b4bc-e4b7329d92d0, server: None, raw: .. }
Reserved ticket 4642 for customer a827f4fc-17b0-4315-b4bc-e4b7329d92d0
Server 799bb1b2-bd8f-49e2-81f8-f7237f0eb223 received client-request: Request { kind: ReserveTicket, customer: ad175924-2eb5-47b1-9a3f-3cc3c6e2ce02, server: None, raw: .. }
Reserved ticket 4641 for customer ad175924-2eb5-47b1-9a3f-3cc3c6e2ce02
Server 799bb1b2-bd8f-49e2-81f8-f7237f0eb223 received client-request: Request { kind: ReserveTicket, customer: 32dbc11c-dda8-456c-a28c-427d541500fa, server: None, raw: .. }
Reserved ticket 4640 for customer 32dbc11c-dda8-456c-a28c-427d541500fa
Server 799bb1b2-bd8f-49e2-81f8-f7237f0eb223 received client-request: Request { kind: ReserveTicket, customer: 8da1e959-a17c-467d-b944-b5c4ed42d5a6, server: None, raw: .. }
Reserved ticket 4639 for customer 8da1e959-a17c-467d-b944-b5c4ed42d5a6
Server 799bb1b2-bd8f-49e2-81f8-f7237f0eb223 received client-request: Request { kind: ReserveTicket, customer: 7d48d98d-d9eb-4b5e-8d78-bc7f605381e3, server: None, raw: .. }
Reserved ticket 4638 for customer 7d48d98d-d9eb-4b5e-8d78-bc7f605381e3
Server 799bb1b2-bd8f-49e2-81f8-f7237f0eb223 received client-request: Request { kind: ReserveTicket, customer: bc3ac1d7-45a4-43c1-afcf-1bb24e21be5e, server: None, raw: .. }
Reserved ticket 4637 for customer bc3ac1d7-45a4-43c1-afcf-1bb24e21be5e
Server 799bb1b2-bd8f-49e2-81f8-f7237f0eb223 received client-request: Request { kind: ReserveTicket, customer: 49e3af96-42bc-464a-a56d-86959697cbc5, server: None, raw: .. }
Reserved ticket 4636 for customer 49e3af96-42bc-464a-a56d-86959697cbc5
Server 799bb1b2-bd8f-49e2-81f8-f7237f0eb223 received client-request: Request { kind: ReserveTicket, customer: 9024bcc8-5fb8-40a0-a365-446e4e1ea493, server: None, raw: .. }
Reserved ticket 4635 for customer 9024bcc8-5fb8-40a0-a365-446e4e1ea493
Server 799bb1b2-bd8f-49e2-81f8-f7237f0eb223 received client-request: Request { kind: ReserveTicket, customer: e4eaeec2-bd2b-4938-a3ed-519ac21d85a3, server: None, raw: .. }
Reserved ticket 4634 for customer e4eaeec2-bd2b-4938-a3ed-519ac21d85a3
Server 799bb1b2-bd8f-49e2-81f8-f7237f0eb223 received client-request: Request { kind: ReserveTicket, customer: 57391b1c-d892-41bf-8d96-5e084b8c940f, server: None, raw: .. }
Reserved ticket 4633 for customer 57391b1c-d892-41bf-8d96-5e084b8c940f
Server 799bb1b2-bd8f-49e2-81f8-f7237f0eb223 received client-request: Request { kind: ReserveTicket, customer: 268a6f92-d975-48a1-92e8-3e798cd624b2, server: None, raw: .. }
Reserved ticket 4632 for customer 268a6f92-d975-48a1-92e8-3e798cd624b2
Server 799bb1b2-bd8f-49e2-81f8-f7237f0eb223 received client-request: Request { kind: ReserveTicket, customer: b227381a-9567-4cff-b9fe-14ebc4222144, server: None, raw: .. }
Reserved ticket 4631 for customer b227381a-9567-4cff-b9fe-14ebc4222144
Server 799bb1b2-bd8f-49e2-81f8-f7237f0eb223 received client-request: Request { kind: ReserveTicket, customer: c950222c-efeb-4c09-b888-5a039c78cb5b, server: None, raw: .. }
Reserved ticket 4630 for customer c950222c-efeb-4c09-b888-5a039c78cb5b
Server 65a51e17-fff5-4036-8b94-6db5de4d28d8 received client-request: Request { kind: ReserveTicket, customer: fda6af34-7687-48dc-9dd7-3fb6f6ae2007, server: None, raw: .. }
Reserved ticket 4629 for customer fda6af34-7687-48dc-9dd7-3fb6f6ae2007
Server 799bb1b2-bd8f-49e2-81f8-f7237f0eb223 received client-request: Request { kind: ReserveTicket, customer: 0ad87c0d-a39e-41a1-b04f-5192bb01d1d1, server: None, raw: .. }
Reserved ticket 4628 for customer 0ad87c0d-a39e-41a1-b04f-5192bb01d1d1
Server 799bb1b2-bd8f-49e2-81f8-f7237f0eb223 received client-request: Request { kind: ReserveTicket, customer: 2b758ecd-dd93-4aac-9e83-6604153d3471, server: None, raw: .. }
Reserved ticket 4627 for customer 2b758ecd-dd93-4aac-9e83-6604153d3471
Server 799bb1b2-bd8f-49e2-81f8-f7237f0eb223 received client-request: Request { kind: ReserveTicket, customer: e1d16e64-d96a-468b-93bd-ec74373a53a7, server: None, raw: .. }
Reserved ticket 4626 for customer e1d16e64-d96a-468b-93bd-ec74373a53a7
Server 799bb1b2-bd8f-49e2-81f8-f7237f0eb223 received client-request: Request { kind: ReserveTicket, customer: ffed0fda-f825-4327-bf08-f9fd4e06805b, server: None, raw: .. }
Reserved ticket 4625 for customer ffed0fda-f825-4327-bf08-f9fd4e06805b
Server 799bb1b2-bd8f-49e2-81f8-f7237f0eb223 received client-request: Request { kind: ReserveTicket, customer: aeadbf40-5adb-4f6d-abd6-941e2db7b4f5, server: None, raw: .. }
Reserved ticket 4624 for customer aeadbf40-5adb-4f6d-abd6-941e2db7b4f5
Server 799bb1b2-bd8f-49e2-81f8-f7237f0eb223 received client-request: Request { kind: ReserveTicket, customer: ad896bc9-ab7e-4165-9d2d-e80a8a1f9e70, server: None, raw: .. }
Reserved ticket 4623 for customer ad896bc9-ab7e-4165-9d2d-e80a8a1f9e70
Server 799bb1b2-bd8f-49e2-81f8-f7237f0eb223 received client-request: Request { kind: ReserveTicket, customer: 004a8a96-6788-4121-ac34-6de23fea0f53, server: None, raw: .. }
Reserved ticket 4622 for customer 004a8a96-6788-4121-ac34-6de23fea0f53
Server 799bb1b2-bd8f-49e2-81f8-f7237f0eb223 received client-request: Request { kind: ReserveTicket, customer: 38b1d805-b485-49e8-96a7-3048a9c8ac80, server: None, raw: .. }
Reserved ticket 4621 for customer 38b1d805-b485-49e8-96a7-3048a9c8ac80
Server 799bb1b2-bd8f-49e2-81f8-f7237f0eb223 received client-request: Request { kind: ReserveTicket, customer: 6f4d1695-d916-449b-90d8-6bfca63bf55c, server: None, raw: .. }
Reserved ticket 4620 for customer 6f4d1695-d916-449b-90d8-6bfca63bf55c
Server 799bb1b2-bd8f-49e2-81f8-f7237f0eb223 received client-request: Request { kind: ReserveTicket, customer: 2d7ea361-7b7d-4e33-9c9c-1bce441e1d79, server: None, raw: .. }
Reserved ticket 4619 for customer 2d7ea361-7b7d-4e33-9c9c-1bce441e1d79
Server 799bb1b2-bd8f-49e2-81f8-f7237f0eb223 received client-request: Request { kind: ReserveTicket, customer: c8648a87-5082-4f89-9eae-b9bf9e21b0e4, server: None, raw: .. }
Reserved ticket 4618 for customer c8648a87-5082-4f89-9eae-b9bf9e21b0e4
Server 799bb1b2-bd8f-49e2-81f8-f7237f0eb223 received client-request: Request { kind: ReserveTicket, customer: dcc47135-ad9d-4cfe-a72f-f2d3618bbfc7, server: None, raw: .. }
Reserved ticket 4617 for customer dcc47135-ad9d-4cfe-a72f-f2d3618bbfc7
Server 799bb1b2-bd8f-49e2-81f8-f7237f0eb223 received client-request: Request { kind: ReserveTicket, customer: fb252914-9023-47ab-8b09-68cbec1e6c83, server: None, raw: .. }
Reserved ticket 4616 for customer fb252914-9023-47ab-8b09-68cbec1e6c83
Server 799bb1b2-bd8f-49e2-81f8-f7237f0eb223 received client-request: Request { kind: ReserveTicket, customer: 2f859a3e-20be-40d5-881f-acf7ff263f8b, server: None, raw: .. }
Reserved ticket 4615 for customer 2f859a3e-20be-40d5-881f-acf7ff263f8b
Server 799bb1b2-bd8f-49e2-81f8-f7237f0eb223 received client-request: Request { kind: ReserveTicket, customer: f411b2bd-c8b3-4b64-b841-d27916788fe8, server: None, raw: .. }
Reserved ticket 4614 for customer f411b2bd-c8b3-4b64-b841-d27916788fe8
Server 799bb1b2-bd8f-49e2-81f8-f7237f0eb223 received client-request: Request { kind: ReserveTicket, customer: 8f87d5b5-9d23-4f11-8754-13230650f860, server: None, raw: .. }
Reserved ticket 4613 for customer 8f87d5b5-9d23-4f11-8754-13230650f860
Server 799bb1b2-bd8f-49e2-81f8-f7237f0eb223 received client-request: Request { kind: ReserveTicket, customer: 6d8cfc49-fc52-470b-8c20-f962d676cbdb, server: None, raw: .. }
Reserved ticket 4612 for customer 6d8cfc49-fc52-470b-8c20-f962d676cbdb
Server 799bb1b2-bd8f-49e2-81f8-f7237f0eb223 received client-request: Request { kind: ReserveTicket, customer: ad5948eb-08eb-4c1a-91c7-3825eb79964d, server: None, raw: .. }
Reserved ticket 4611 for customer ad5948eb-08eb-4c1a-91c7-3825eb79964d
Server 799bb1b2-bd8f-49e2-81f8-f7237f0eb223 received client-request: Request { kind: ReserveTicket, customer: 97820fe9-c4f4-4d18-af85-4b1d4886cfa4, server: None, raw: .. }
Reserved ticket 4610 for customer 97820fe9-c4f4-4d18-af85-4b1d4886cfa4
Server 65a51e17-fff5-4036-8b94-6db5de4d28d8 received client-request: Request { kind: ReserveTicket, customer: ba403304-b9d9-4320-94c5-dfd9429df999, server: None, raw: .. }
Reserved ticket 4609 for customer ba403304-b9d9-4320-94c5-dfd9429df999
Server 799bb1b2-bd8f-49e2-81f8-f7237f0eb223 received client-request: Request { kind: ReserveTicket, customer: a14582bf-445a-4fe1-9c54-2808cf906cc7, server: None, raw: .. }
Reserved ticket 4608 for customer a14582bf-445a-4fe1-9c54-2808cf906cc7
Server 799bb1b2-bd8f-49e2-81f8-f7237f0eb223 received client-request: Request { kind: ReserveTicket, customer: 72486fad-738b-4fbc-aa9f-e848ebf70910, server: None, raw: .. }
Reserved ticket 4607 for customer 72486fad-738b-4fbc-aa9f-e848ebf70910
Server 799bb1b2-bd8f-49e2-81f8-f7237f0eb223 received client-request: Request { kind: ReserveTicket, customer: 00701327-3073-4c7a-ba3e-10387b7b06d7, server: None, raw: .. }
Reserved ticket 4606 for customer 00701327-3073-4c7a-ba3e-10387b7b06d7
Server 799bb1b2-bd8f-49e2-81f8-f7237f0eb223 received client-request: Request { kind: ReserveTicket, customer: 2b8cf0c0-f519-4c7c-8f78-96f2926c2180, server: None, raw: .. }
Reserved ticket 4605 for customer 2b8cf0c0-f519-4c7c-8f78-96f2926c2180
Server 799bb1b2-bd8f-49e2-81f8-f7237f0eb223 received client-request: Request { kind: ReserveTicket, customer: 1ddaeca8-ac3b-4bcf-a518-433c37688af5, server: None, raw: .. }
Reserved ticket 4604 for customer 1ddaeca8-ac3b-4bcf-a518-433c37688af5
Server 799bb1b2-bd8f-49e2-81f8-f7237f0eb223 received client-request: Request { kind: ReserveTicket, customer: 23b3edb2-fd92-4d23-ad97-c4fcf4f4ec7c, server: None, raw: .. }
Reserved ticket 4603 for customer 23b3edb2-fd92-4d23-ad97-c4fcf4f4ec7c
Server 799bb1b2-bd8f-49e2-81f8-f7237f0eb223 received client-request: Request { kind: ReserveTicket, customer: 98a81dde-6d77-43b4-9e91-e4774fa2c11a, server: None, raw: .. }
Reserved ticket 4602 for customer 98a81dde-6d77-43b4-9e91-e4774fa2c11a
Server 799bb1b2-bd8f-49e2-81f8-f7237f0eb223 received client-request: Request { kind: ReserveTicket, customer: d04736d9-e3b4-4927-be8c-e1dd4dbfb1bf, server: None, raw: .. }
Reserved ticket 4601 for customer d04736d9-e3b4-4927-be8c-e1dd4dbfb1bf
Server 799bb1b2-bd8f-49e2-81f8-f7237f0eb223 received client-request: Request { kind: ReserveTicket, customer: 458a46e2-fd88-435f-942a-68bdb0b38864, server: None, raw: .. }
Reserved ticket 4600 for customer 458a46e2-fd88-435f-942a-68bdb0b38864
Server 799bb1b2-bd8f-49e2-81f8-f7237f0eb223 received client-request: Request { kind: ReserveTicket, customer: a1c754d0-ab9a-49a3-bbc3-aa3a0d968386, server: None, raw: .. }
Reserved ticket 4599 for customer a1c754d0-ab9a-49a3-bbc3-aa3a0d968386
Server 799bb1b2-bd8f-49e2-81f8-f7237f0eb223 received client-request: Request { kind: ReserveTicket, customer: 8769db6e-2eb0-4f5a-a468-e8200def0dc0, server: None, raw: .. }
Reserved ticket 4598 for customer 8769db6e-2eb0-4f5a-a468-e8200def0dc0
Server 799bb1b2-bd8f-49e2-81f8-f7237f0eb223 received client-request: Request { kind: ReserveTicket, customer: de851aa1-373a-4c53-9366-6e9b7623bc4b, server: None, raw: .. }
Reserved ticket 4597 for customer de851aa1-373a-4c53-9366-6e9b7623bc4b
Server 799bb1b2-bd8f-49e2-81f8-f7237f0eb223 received client-request: Request { kind: ReserveTicket, customer: 93e4fd28-4eab-4ddd-897e-292f47dd5305, server: None, raw: .. }
Reserved ticket 4596 for customer 93e4fd28-4eab-4ddd-897e-292f47dd5305
Server 799bb1b2-bd8f-49e2-81f8-f7237f0eb223 received client-request: Request { kind: ReserveTicket, customer: 3055df1d-c9a0-4992-9428-861f5ad5b87c, server: None, raw: .. }
Reserved ticket 4595 for customer 3055df1d-c9a0-4992-9428-861f5ad5b87c
Server 799bb1b2-bd8f-49e2-81f8-f7237f0eb223 received client-request: Request { kind: ReserveTicket, customer: b27d9ecc-2381-467b-a64f-0126718d1395, server: None, raw: .. }
Reserved ticket 4594 for customer b27d9ecc-2381-467b-a64f-0126718d1395
Server 799bb1b2-bd8f-49e2-81f8-f7237f0eb223 received client-request: Request { kind: ReserveTicket, customer: dfe6f79b-484f-44fd-8ce0-c9df4575ab8c, server: None, raw: .. }
Reserved ticket 4593 for customer dfe6f79b-484f-44fd-8ce0-c9df4575ab8c
Server 799bb1b2-bd8f-49e2-81f8-f7237f0eb223 received client-request: Request { kind: ReserveTicket, customer: 92f25428-ad41-4924-a876-b1095b77529f, server: None, raw: .. }
Reserved ticket 4592 for customer 92f25428-ad41-4924-a876-b1095b77529f
Server 799bb1b2-bd8f-49e2-81f8-f7237f0eb223 received client-request: Request { kind: ReserveTicket, customer: 885ba64b-2e1c-40f1-87c6-92068022842d, server: None, raw: .. }
Reserved ticket 4591 for customer 885ba64b-2e1c-40f1-87c6-92068022842d
Server 799bb1b2-bd8f-49e2-81f8-f7237f0eb223 received client-request: Request { kind: ReserveTicket, customer: 64ed5a56-3d28-46d4-b212-71784ef4a1aa, server: None, raw: .. }
Reserved ticket 4590 for customer 64ed5a56-3d28-46d4-b212-71784ef4a1aa
Server 65a51e17-fff5-4036-8b94-6db5de4d28d8 received client-request: Request { kind: ReserveTicket, customer: 1f8176f6-9814-4d96-81cb-439eb54b61c5, server: None, raw: .. }
Reserved ticket 4589 for customer 1f8176f6-9814-4d96-81cb-439eb54b61c5
Server 799bb1b2-bd8f-49e2-81f8-f7237f0eb223 received client-request: Request { kind: ReserveTicket, customer: f6b210cf-05ad-4895-b503-f271348e7f0b, server: None, raw: .. }
Reserved ticket 4588 for customer f6b210cf-05ad-4895-b503-f271348e7f0b
Server 799bb1b2-bd8f-49e2-81f8-f7237f0eb223 received client-request: Request { kind: ReserveTicket, customer: 1d026e01-0b18-4e25-a1b5-73dea3d5db0d, server: None, raw: .. }
Reserved ticket 4587 for customer 1d026e01-0b18-4e25-a1b5-73dea3d5db0d
Server 799bb1b2-bd8f-49e2-81f8-f7237f0eb223 received client-request: Request { kind: ReserveTicket, customer: f065a0ef-0eb0-440a-b8cc-0cdac9fd2436, server: None, raw: .. }
Reserved ticket 4586 for customer f065a0ef-0eb0-440a-b8cc-0cdac9fd2436
Server 799bb1b2-bd8f-49e2-81f8-f7237f0eb223 received client-request: Request { kind: ReserveTicket, customer: d16ac457-f1d5-4e62-abac-78d62fc38c35, server: None, raw: .. }
Reserved ticket 4585 for customer d16ac457-f1d5-4e62-abac-78d62fc38c35
Server 799bb1b2-bd8f-49e2-81f8-f7237f0eb223 received client-request: Request { kind: ReserveTicket, customer: 1c117cf0-0fb8-4673-a0b6-586f83fd46da, server: None, raw: .. }
Reserved ticket 4584 for customer 1c117cf0-0fb8-4673-a0b6-586f83fd46da
Server 799bb1b2-bd8f-49e2-81f8-f7237f0eb223 received client-request: Request { kind: ReserveTicket, customer: 0e3c0514-74dd-4be4-ae6f-aac475231aa4, server: None, raw: .. }
Reserved ticket 4583 for customer 0e3c0514-74dd-4be4-ae6f-aac475231aa4
Server 799bb1b2-bd8f-49e2-81f8-f7237f0eb223 received client-request: Request { kind: ReserveTicket, customer: 41fd2e2e-1da4-46f6-9c7b-2767c8aba2d6, server: None, raw: .. }
Reserved ticket 4582 for customer 41fd2e2e-1da4-46f6-9c7b-2767c8aba2d6
Server 799bb1b2-bd8f-49e2-81f8-f7237f0eb223 received client-request: Request { kind: ReserveTicket, customer: 0228f937-3451-4b53-8b7a-0ff52e1259e8, server: None, raw: .. }
Reserved ticket 4581 for customer 0228f937-3451-4b53-8b7a-0ff52e1259e8
Server 799bb1b2-bd8f-49e2-81f8-f7237f0eb223 received client-request: Request { kind: ReserveTicket, customer: 89e0b660-11c4-483b-b5d4-59aecc8f98f1, server: None, raw: .. }
Reserved ticket 4580 for customer 89e0b660-11c4-483b-b5d4-59aecc8f98f1
Server 799bb1b2-bd8f-49e2-81f8-f7237f0eb223 received client-request: Request { kind: ReserveTicket, customer: ec73dda5-da47-419a-9516-37ccd4dce6c7, server: None, raw: .. }
Reserved ticket 4579 for customer ec73dda5-da47-419a-9516-37ccd4dce6c7
Server 799bb1b2-bd8f-49e2-81f8-f7237f0eb223 received client-request: Request { kind: ReserveTicket, customer: 5ff6a657-59b7-4311-81b8-d878b077e8c1, server: None, raw: .. }
Reserved ticket 4578 for customer 5ff6a657-59b7-4311-81b8-d878b077e8c1
Server 799bb1b2-bd8f-49e2-81f8-f7237f0eb223 received client-request: Request { kind: ReserveTicket, customer: 450f0edb-2725-4bd3-8a77-4c97dc397ce8, server: None, raw: .. }
Reserved ticket 4577 for customer 450f0edb-2725-4bd3-8a77-4c97dc397ce8
Server 799bb1b2-bd8f-49e2-81f8-f7237f0eb223 received client-request: Request { kind: ReserveTicket, customer: a8d4b3b4-7587-4479-b4a5-8ecdff8f29cd, server: None, raw: .. }
Reserved ticket 4576 for customer a8d4b3b4-7587-4479-b4a5-8ecdff8f29cd
Server 799bb1b2-bd8f-49e2-81f8-f7237f0eb223 received client-request: Request { kind: ReserveTicket, customer: f19f4d82-ce8f-4ae1-a88b-861439fd9dd6, server: None, raw: .. }
Reserved ticket 4575 for customer f19f4d82-ce8f-4ae1-a88b-861439fd9dd6
Server 799bb1b2-bd8f-49e2-81f8-f7237f0eb223 received client-request: Request { kind: ReserveTicket, customer: 799f9b7f-796f-44c2-a095-9ad0cb46fc75, server: None, raw: .. }
Reserved ticket 4574 for customer 799f9b7f-796f-44c2-a095-9ad0cb46fc75
Server 799bb1b2-bd8f-49e2-81f8-f7237f0eb223 received client-request: Request { kind: ReserveTicket, customer: 35d3e3dc-c953-4452-9aaa-5543c7665275, server: None, raw: .. }
Reserved ticket 4573 for customer 35d3e3dc-c953-4452-9aaa-5543c7665275
Server 799bb1b2-bd8f-49e2-81f8-f7237f0eb223 received client-request: Request { kind: ReserveTicket, customer: 2c8cad6e-66c5-452b-912e-9cfff8818026, server: None, raw: .. }
Reserved ticket 4572 for customer 2c8cad6e-66c5-452b-912e-9cfff8818026
Server 799bb1b2-bd8f-49e2-81f8-f7237f0eb223 received client-request: Request { kind: ReserveTicket, customer: f59975f8-dfcf-4c0d-910a-596f76a5a27b, server: None, raw: .. }
Reserved ticket 4571 for customer f59975f8-dfcf-4c0d-910a-596f76a5a27b
Server 799bb1b2-bd8f-49e2-81f8-f7237f0eb223 received client-request: Request { kind: ReserveTicket, customer: 3d6e7a52-afb5-4a88-952a-0e2db8a3bd65, server: None, raw: .. }
Reserved ticket 4570 for customer 3d6e7a52-afb5-4a88-952a-0e2db8a3bd65
Server 65a51e17-fff5-4036-8b94-6db5de4d28d8 received client-request: Request { kind: ReserveTicket, customer: 5d6d0b43-f0ad-4506-9738-cdd20a9068a1, server: None, raw: .. }
Reserved ticket 4569 for customer 5d6d0b43-f0ad-4506-9738-cdd20a9068a1
Server 799bb1b2-bd8f-49e2-81f8-f7237f0eb223 received client-request: Request { kind: ReserveTicket, customer: 9c409177-20b8-4af0-b997-ac330497218f, server: None, raw: .. }
Reserved ticket 4568 for customer 9c409177-20b8-4af0-b997-ac330497218f
Server 799bb1b2-bd8f-49e2-81f8-f7237f0eb223 received client-request: Request { kind: ReserveTicket, customer: df88275e-3d9e-4488-a930-63ef5e2a7e12, server: None, raw: .. }
Reserved ticket 4567 for customer df88275e-3d9e-4488-a930-63ef5e2a7e12
Server 799bb1b2-bd8f-49e2-81f8-f7237f0eb223 received client-request: Request { kind: ReserveTicket, customer: 6fc87d0d-3863-484c-a07f-012d26708121, server: None, raw: .. }
Reserved ticket 4566 for customer 6fc87d0d-3863-484c-a07f-012d26708121
Server 799bb1b2-bd8f-49e2-81f8-f7237f0eb223 received client-request: Request { kind: ReserveTicket, customer: b3c61775-3636-4f64-a949-1ecebb22bd7b, server: None, raw: .. }
Reserved ticket 4565 for customer b3c61775-3636-4f64-a949-1ecebb22bd7b
Server 799bb1b2-bd8f-49e2-81f8-f7237f0eb223 received client-request: Request { kind: ReserveTicket, customer: bc4576d3-0bc3-4af2-8a31-87e7173996cc, server: None, raw: .. }
Reserved ticket 4564 for customer bc4576d3-0bc3-4af2-8a31-87e7173996cc
Server 799bb1b2-bd8f-49e2-81f8-f7237f0eb223 received client-request: Request { kind: ReserveTicket, customer: e8c809ee-0356-4c8e-80ec-7934ba2f3868, server: None, raw: .. }
Reserved ticket 4563 for customer e8c809ee-0356-4c8e-80ec-7934ba2f3868
Server 799bb1b2-bd8f-49e2-81f8-f7237f0eb223 received client-request: Request { kind: ReserveTicket, customer: 79e884dd-2dd5-490c-9f93-c17883bbf9d1, server: None, raw: .. }
Reserved ticket 4562 for customer 79e884dd-2dd5-490c-9f93-c17883bbf9d1
Server 799bb1b2-bd8f-49e2-81f8-f7237f0eb223 received client-request: Request { kind: ReserveTicket, customer: b974f003-e952-4524-9c74-83cad83c72c4, server: None, raw: .. }
Reserved ticket 4561 for customer b974f003-e952-4524-9c74-83cad83c72c4
Server 799bb1b2-bd8f-49e2-81f8-f7237f0eb223 received client-request: Request { kind: ReserveTicket, customer: 3adbaee2-3b34-40f3-bab2-e381c2014c67, server: None, raw: .. }
Reserved ticket 4560 for customer 3adbaee2-3b34-40f3-bab2-e381c2014c67
Server 799bb1b2-bd8f-49e2-81f8-f7237f0eb223 received client-request: Request { kind: ReserveTicket, customer: d9c39fd6-8d8e-4d3c-8bf9-ba992bdb457e, server: None, raw: .. }
Reserved ticket 4559 for customer d9c39fd6-8d8e-4d3c-8bf9-ba992bdb457e
Server 799bb1b2-bd8f-49e2-81f8-f7237f0eb223 received client-request: Request { kind: ReserveTicket, customer: 6ed9322e-6c00-4f24-b08a-7b00695a6fe4, server: None, raw: .. }
Reserved ticket 4558 for customer 6ed9322e-6c00-4f24-b08a-7b00695a6fe4
Server 799bb1b2-bd8f-49e2-81f8-f7237f0eb223 received client-request: Request { kind: ReserveTicket, customer: fd40a8b8-84b9-4bb0-bbd4-75208e69c6bb, server: None, raw: .. }
Reserved ticket 4557 for customer fd40a8b8-84b9-4bb0-bbd4-75208e69c6bb
Server 799bb1b2-bd8f-49e2-81f8-f7237f0eb223 received client-request: Request { kind: ReserveTicket, customer: cea54fa2-6c30-4a67-b299-0d3bf6926583, server: None, raw: .. }
Reserved ticket 4556 for customer cea54fa2-6c30-4a67-b299-0d3bf6926583
Server 799bb1b2-bd8f-49e2-81f8-f7237f0eb223 received client-request: Request { kind: ReserveTicket, customer: 5c9657f8-a14c-4742-81f8-c7b8d6112c8b, server: None, raw: .. }
Reserved ticket 4555 for customer 5c9657f8-a14c-4742-81f8-c7b8d6112c8b
Server 799bb1b2-bd8f-49e2-81f8-f7237f0eb223 received client-request: Request { kind: ReserveTicket, customer: 9a094052-a1f4-4c4f-8431-b28fd506f612, server: None, raw: .. }
Reserved ticket 4554 for customer 9a094052-a1f4-4c4f-8431-b28fd506f612
Server 799bb1b2-bd8f-49e2-81f8-f7237f0eb223 received client-request: Request { kind: ReserveTicket, customer: 9cf9b266-87b6-409f-98a6-dd7504f7b9fe, server: None, raw: .. }
Reserved ticket 4553 for customer 9cf9b266-87b6-409f-98a6-dd7504f7b9fe
Server 799bb1b2-bd8f-49e2-81f8-f7237f0eb223 received client-request: Request { kind: ReserveTicket, customer: 723e58f5-1141-4c4c-9e2e-3724c9459936, server: None, raw: .. }
Reserved ticket 4552 for customer 723e58f5-1141-4c4c-9e2e-3724c9459936
Server 799bb1b2-bd8f-49e2-81f8-f7237f0eb223 received client-request: Request { kind: ReserveTicket, customer: 37334220-3e6b-47ad-8515-f733d266e81b, server: None, raw: .. }
Reserved ticket 4551 for customer 37334220-3e6b-47ad-8515-f733d266e81b
Server 799bb1b2-bd8f-49e2-81f8-f7237f0eb223 received client-request: Request { kind: ReserveTicket, customer: 9c726027-1670-4e4b-bc93-f896401b7c5d, server: None, raw: .. }
Reserved ticket 4550 for customer 9c726027-1670-4e4b-bc93-f896401b7c5d
Server 65a51e17-fff5-4036-8b94-6db5de4d28d8 received client-request: Request { kind: ReserveTicket, customer: 3f45e80a-4983-4608-ac9e-79b7430c86ae, server: None, raw: .. }
Reserved ticket 4549 for customer 3f45e80a-4983-4608-ac9e-79b7430c86ae
Server 799bb1b2-bd8f-49e2-81f8-f7237f0eb223 received client-request: Request { kind: ReserveTicket, customer: 250a7765-167d-44f1-94b6-11b882d25c1a, server: None, raw: .. }
Reserved ticket 4548 for customer 250a7765-167d-44f1-94b6-11b882d25c1a
Server 799bb1b2-bd8f-49e2-81f8-f7237f0eb223 received client-request: Request { kind: ReserveTicket, customer: 15529a87-2b6f-444a-91af-64a828ba5d4e, server: None, raw: .. }
Reserved ticket 4547 for customer 15529a87-2b6f-444a-91af-64a828ba5d4e
Server 799bb1b2-bd8f-49e2-81f8-f7237f0eb223 received client-request: Request { kind: ReserveTicket, customer: f26cde20-8d24-4ba2-98ff-74ddf6b592e0, server: None, raw: .. }
Reserved ticket 4546 for customer f26cde20-8d24-4ba2-98ff-74ddf6b592e0
Server 799bb1b2-bd8f-49e2-81f8-f7237f0eb223 received client-request: Request { kind: ReserveTicket, customer: 4372c846-bd59-493d-b950-df2871063dd3, server: None, raw: .. }
Reserved ticket 4545 for customer 4372c846-bd59-493d-b950-df2871063dd3
Server 799bb1b2-bd8f-49e2-81f8-f7237f0eb223 received client-request: Request { kind: ReserveTicket, customer: 693d89ca-c533-4b2d-b533-eee104753ff0, server: None, raw: .. }
Reserved ticket 4544 for customer 693d89ca-c533-4b2d-b533-eee104753ff0
Server 799bb1b2-bd8f-49e2-81f8-f7237f0eb223 received client-request: Request { kind: ReserveTicket, customer: eabacffa-9166-41e2-b4a3-68852efa3777, server: None, raw: .. }
Reserved ticket 4543 for customer eabacffa-9166-41e2-b4a3-68852efa3777
Server 799bb1b2-bd8f-49e2-81f8-f7237f0eb223 received client-request: Request { kind: ReserveTicket, customer: 64f453f7-28b1-4616-98df-9c556e5a6b87, server: None, raw: .. }
Reserved ticket 4542 for customer 64f453f7-28b1-4616-98df-9c556e5a6b87
Server 799bb1b2-bd8f-49e2-81f8-f7237f0eb223 received client-request: Request { kind: ReserveTicket, customer: 5ee2eb14-1ad3-4c7b-9155-043d5c6cc281, server: None, raw: .. }
Reserved ticket 4541 for customer 5ee2eb14-1ad3-4c7b-9155-043d5c6cc281
Server 799bb1b2-bd8f-49e2-81f8-f7237f0eb223 received client-request: Request { kind: ReserveTicket, customer: 6f589b53-563c-4bde-be17-0111ce73c7f7, server: None, raw: .. }
Reserved ticket 4540 for customer 6f589b53-563c-4bde-be17-0111ce73c7f7
Server 799bb1b2-bd8f-49e2-81f8-f7237f0eb223 received client-request: Request { kind: ReserveTicket, customer: a6039f7e-57b3-401a-bea2-75b0b11f9140, server: None, raw: .. }
Reserved ticket 4539 for customer a6039f7e-57b3-401a-bea2-75b0b11f9140
Server 799bb1b2-bd8f-49e2-81f8-f7237f0eb223 received client-request: Request { kind: ReserveTicket, customer: d9fdfe4e-e58e-4f67-a4a3-9bf67189ee5e, server: None, raw: .. }
Reserved ticket 4538 for customer d9fdfe4e-e58e-4f67-a4a3-9bf67189ee5e
Server 799bb1b2-bd8f-49e2-81f8-f7237f0eb223 received client-request: Request { kind: ReserveTicket, customer: b186a5de-8042-460b-8e19-2404bf291dec, server: None, raw: .. }
Reserved ticket 4537 for customer b186a5de-8042-460b-8e19-2404bf291dec
Server 799bb1b2-bd8f-49e2-81f8-f7237f0eb223 received client-request: Request { kind: ReserveTicket, customer: 37ad8e27-b3e6-4f09-b30e-106495675476, server: None, raw: .. }
Reserved ticket 4536 for customer 37ad8e27-b3e6-4f09-b30e-106495675476
Server 799bb1b2-bd8f-49e2-81f8-f7237f0eb223 received client-request: Request { kind: ReserveTicket, customer: 9a8ac722-06c4-4299-b887-5839f8e18e12, server: None, raw: .. }
Reserved ticket 4535 for customer 9a8ac722-06c4-4299-b887-5839f8e18e12
Server 799bb1b2-bd8f-49e2-81f8-f7237f0eb223 received client-request: Request { kind: ReserveTicket, customer: 2585c597-c064-469b-8110-c48cc9a069a3, server: None, raw: .. }
Reserved ticket 4534 for customer 2585c597-c064-469b-8110-c48cc9a069a3
Server 799bb1b2-bd8f-49e2-81f8-f7237f0eb223 received client-request: Request { kind: ReserveTicket, customer: 763e2948-d59a-4175-984d-30d406bb8e26, server: None, raw: .. }
Reserved ticket 4533 for customer 763e2948-d59a-4175-984d-30d406bb8e26
Server 799bb1b2-bd8f-49e2-81f8-f7237f0eb223 received client-request: Request { kind: ReserveTicket, customer: bcb87d13-e7dc-4e92-8566-9f2ad90a46e9, server: None, raw: .. }
Reserved ticket 4532 for customer bcb87d13-e7dc-4e92-8566-9f2ad90a46e9
Server 799bb1b2-bd8f-49e2-81f8-f7237f0eb223 received client-request: Request { kind: ReserveTicket, customer: a2e04e54-1343-4ed0-87ec-85499c017f8a, server: None, raw: .. }
Reserved ticket 4531 for customer a2e04e54-1343-4ed0-87ec-85499c017f8a
Server 799bb1b2-bd8f-49e2-81f8-f7237f0eb223 received client-request: Request { kind: ReserveTicket, customer: 9082e767-d8a2-4651-b16c-32e86bfab345, server: None, raw: .. }
Reserved ticket 4530 for customer 9082e767-d8a2-4651-b16c-32e86bfab345
Server 65a51e17-fff5-4036-8b94-6db5de4d28d8 received client-request: Request { kind: ReserveTicket, customer: 4a0657e2-c7f3-48a5-9400-02496057ae22, server: None, raw: .. }
Reserved ticket 4529 for customer 4a0657e2-c7f3-48a5-9400-02496057ae22
Server 799bb1b2-bd8f-49e2-81f8-f7237f0eb223 received client-request: Request { kind: ReserveTicket, customer: fc73644c-afa2-4f38-82c5-84b27b2bc6d2, server: None, raw: .. }
Reserved ticket 4528 for customer fc73644c-afa2-4f38-82c5-84b27b2bc6d2
Server 799bb1b2-bd8f-49e2-81f8-f7237f0eb223 received client-request: Request { kind: ReserveTicket, customer: f49b280f-12b0-4657-ae7a-a43f76969058, server: None, raw: .. }
Reserved ticket 4527 for customer f49b280f-12b0-4657-ae7a-a43f76969058
Server 799bb1b2-bd8f-49e2-81f8-f7237f0eb223 received client-request: Request { kind: ReserveTicket, customer: e1d57e7e-3920-4a6f-b15b-7c336cd0d124, server: None, raw: .. }
Reserved ticket 4526 for customer e1d57e7e-3920-4a6f-b15b-7c336cd0d124
Server 799bb1b2-bd8f-49e2-81f8-f7237f0eb223 received client-request: Request { kind: ReserveTicket, customer: b5a3ac78-b02a-4c86-8e33-ea6a6c9566c7, server: None, raw: .. }
Reserved ticket 4525 for customer b5a3ac78-b02a-4c86-8e33-ea6a6c9566c7
Server 799bb1b2-bd8f-49e2-81f8-f7237f0eb223 received client-request: Request { kind: ReserveTicket, customer: f038719a-8665-461b-8565-2c4f87eab785, server: None, raw: .. }
Reserved ticket 4524 for customer f038719a-8665-461b-8565-2c4f87eab785
Server 799bb1b2-bd8f-49e2-81f8-f7237f0eb223 received client-request: Request { kind: ReserveTicket, customer: f3df2918-2c41-4807-9486-b80dbdd44690, server: None, raw: .. }
Reserved ticket 4523 for customer f3df2918-2c41-4807-9486-b80dbdd44690
Server 799bb1b2-bd8f-49e2-81f8-f7237f0eb223 received client-request: Request { kind: ReserveTicket, customer: 1a333df1-fbcf-4d1f-94e5-9db6b668e404, server: None, raw: .. }
Reserved ticket 4522 for customer 1a333df1-fbcf-4d1f-94e5-9db6b668e404
Server 799bb1b2-bd8f-49e2-81f8-f7237f0eb223 received client-request: Request { kind: ReserveTicket, customer: 1aeb06b8-924f-4a01-8ae4-59cfd32ec508, server: None, raw: .. }
Reserved ticket 4521 for customer 1aeb06b8-924f-4a01-8ae4-59cfd32ec508
Server 799bb1b2-bd8f-49e2-81f8-f7237f0eb223 received client-request: Request { kind: ReserveTicket, customer: 5f93e051-5e07-45e3-9a28-a0ed00c62569, server: None, raw: .. }
Reserved ticket 4520 for customer 5f93e051-5e07-45e3-9a28-a0ed00c62569
Server 799bb1b2-bd8f-49e2-81f8-f7237f0eb223 received client-request: Request { kind: ReserveTicket, customer: 1b0c2a10-a92d-47f5-9841-7a5043479c25, server: None, raw: .. }
Reserved ticket 4519 for customer 1b0c2a10-a92d-47f5-9841-7a5043479c25
Server 799bb1b2-bd8f-49e2-81f8-f7237f0eb223 received client-request: Request { kind: ReserveTicket, customer: 538e2ecd-8fd9-4f3f-8099-a307fd76f37e, server: None, raw: .. }
Reserved ticket 4518 for customer 538e2ecd-8fd9-4f3f-8099-a307fd76f37e
Server 799bb1b2-bd8f-49e2-81f8-f7237f0eb223 received client-request: Request { kind: ReserveTicket, customer: 0aaaae92-c35a-4551-98c5-e143fb5f62ef, server: None, raw: .. }
Reserved ticket 4517 for customer 0aaaae92-c35a-4551-98c5-e143fb5f62ef
Server 799bb1b2-bd8f-49e2-81f8-f7237f0eb223 received client-request: Request { kind: ReserveTicket, customer: 03d07d9e-5880-4f79-bea2-b948c0db163f, server: None, raw: .. }
Reserved ticket 4516 for customer 03d07d9e-5880-4f79-bea2-b948c0db163f
Server 799bb1b2-bd8f-49e2-81f8-f7237f0eb223 received client-request: Request { kind: ReserveTicket, customer: d32faa3f-65ea-47af-8056-57890f81f7f4, server: None, raw: .. }
Reserved ticket 4515 for customer d32faa3f-65ea-47af-8056-57890f81f7f4
Server 799bb1b2-bd8f-49e2-81f8-f7237f0eb223 received client-request: Request { kind: ReserveTicket, customer: 6018b881-2dc2-4a5d-ab72-dc2aa6c7e1d1, server: None, raw: .. }
Reserved ticket 4514 for customer 6018b881-2dc2-4a5d-ab72-dc2aa6c7e1d1
Server 799bb1b2-bd8f-49e2-81f8-f7237f0eb223 received client-request: Request { kind: ReserveTicket, customer: 4eb9b4e5-e27a-43c7-8854-c40e383a2c50, server: None, raw: .. }
Reserved ticket 4513 for customer 4eb9b4e5-e27a-43c7-8854-c40e383a2c50
Server 799bb1b2-bd8f-49e2-81f8-f7237f0eb223 received client-request: Request { kind: ReserveTicket, customer: 7225171e-e705-4c79-a6d7-436d8c992f1d, server: None, raw: .. }
Reserved ticket 4512 for customer 7225171e-e705-4c79-a6d7-436d8c992f1d
Server 799bb1b2-bd8f-49e2-81f8-f7237f0eb223 received client-request: Request { kind: ReserveTicket, customer: 9b1f21cb-8265-4293-9100-318000748606, server: None, raw: .. }
Reserved ticket 4511 for customer 9b1f21cb-8265-4293-9100-318000748606
Server 799bb1b2-bd8f-49e2-81f8-f7237f0eb223 received client-request: Request { kind: ReserveTicket, customer: 1a057637-a9bc-46c6-a570-492531b2faa6, server: None, raw: .. }
Reserved ticket 4510 for customer 1a057637-a9bc-46c6-a570-492531b2faa6
Server 65a51e17-fff5-4036-8b94-6db5de4d28d8 received client-request: Request { kind: ReserveTicket, customer: 4d73df6d-614b-48d6-affd-53d55b01b002, server: None, raw: .. }
Reserved ticket 4509 for customer 4d73df6d-614b-48d6-affd-53d55b01b002
Server 799bb1b2-bd8f-49e2-81f8-f7237f0eb223 received client-request: Request { kind: ReserveTicket, customer: 4920fd04-ea5a-4e1a-b3ac-6befe0dec0f9, server: None, raw: .. }
Reserved ticket 4508 for customer 4920fd04-ea5a-4e1a-b3ac-6befe0dec0f9
Server 799bb1b2-bd8f-49e2-81f8-f7237f0eb223 received client-request: Request { kind: ReserveTicket, customer: 366061fc-ce11-4adf-854a-d5212c9906ec, server: None, raw: .. }
Reserved ticket 4507 for customer 366061fc-ce11-4adf-854a-d5212c9906ec
Server 799bb1b2-bd8f-49e2-81f8-f7237f0eb223 received client-request: Request { kind: ReserveTicket, customer: 504e8bbf-5650-451a-8f1f-784f2299f53f, server: None, raw: .. }
Reserved ticket 4506 for customer 504e8bbf-5650-451a-8f1f-784f2299f53f
Server 799bb1b2-bd8f-49e2-81f8-f7237f0eb223 received client-request: Request { kind: ReserveTicket, customer: 2867f32c-5e88-4992-a9ad-8701a9abc644, server: None, raw: .. }
Reserved ticket 4505 for customer 2867f32c-5e88-4992-a9ad-8701a9abc644
Server 799bb1b2-bd8f-49e2-81f8-f7237f0eb223 received client-request: Request { kind: ReserveTicket, customer: 9939ae98-7367-4da8-ad80-70bfab8b30ec, server: None, raw: .. }
Reserved ticket 4504 for customer 9939ae98-7367-4da8-ad80-70bfab8b30ec
Server 799bb1b2-bd8f-49e2-81f8-f7237f0eb223 received client-request: Request { kind: ReserveTicket, customer: ae12c480-278c-461f-a342-57dd8082d9bd, server: None, raw: .. }
Reserved ticket 4503 for customer ae12c480-278c-461f-a342-57dd8082d9bd
Server 799bb1b2-bd8f-49e2-81f8-f7237f0eb223 received client-request: Request { kind: ReserveTicket, customer: 21bff118-9406-48aa-913d-4a097fa12013, server: None, raw: .. }
Reserved ticket 4502 for customer 21bff118-9406-48aa-913d-4a097fa12013
Server 799bb1b2-bd8f-49e2-81f8-f7237f0eb223 received client-request: Request { kind: ReserveTicket, customer: 4ec81412-d470-4b40-9dd7-2d8442c8f2fe, server: None, raw: .. }
Reserved ticket 4501 for customer 4ec81412-d470-4b40-9dd7-2d8442c8f2fe
Server 799bb1b2-bd8f-49e2-81f8-f7237f0eb223 received client-request: Request { kind: ReserveTicket, customer: 83f28ce6-0313-4920-ae56-e34e8af08f46, server: None, raw: .. }
Reserved ticket 4500 for customer 83f28ce6-0313-4920-ae56-e34e8af08f46
Server 799bb1b2-bd8f-49e2-81f8-f7237f0eb223 received client-request: Request { kind: ReserveTicket, customer: 5b14e606-527b-4cb6-bdff-eab11d79007e, server: None, raw: .. }
Reserved ticket 4499 for customer 5b14e606-527b-4cb6-bdff-eab11d79007e
Server 799bb1b2-bd8f-49e2-81f8-f7237f0eb223 received client-request: Request { kind: ReserveTicket, customer: db565cc7-5d5d-4e16-b862-9d429fefc4ac, server: None, raw: .. }
Reserved ticket 4498 for customer db565cc7-5d5d-4e16-b862-9d429fefc4ac
Server 799bb1b2-bd8f-49e2-81f8-f7237f0eb223 received client-request: Request { kind: ReserveTicket, customer: cdc081a4-2dd4-49ea-a22e-09e613d47f87, server: None, raw: .. }
Reserved ticket 4497 for customer cdc081a4-2dd4-49ea-a22e-09e613d47f87
Server 799bb1b2-bd8f-49e2-81f8-f7237f0eb223 received client-request: Request { kind: ReserveTicket, customer: a728f0b7-5727-4fca-ab37-e1cff067f849, server: None, raw: .. }
Reserved ticket 4496 for customer a728f0b7-5727-4fca-ab37-e1cff067f849
Server 799bb1b2-bd8f-49e2-81f8-f7237f0eb223 received client-request: Request { kind: ReserveTicket, customer: 404a1569-9d6e-4c0f-ae47-f71c82afff72, server: None, raw: .. }
Reserved ticket 4495 for customer 404a1569-9d6e-4c0f-ae47-f71c82afff72
Server 799bb1b2-bd8f-49e2-81f8-f7237f0eb223 received client-request: Request { kind: ReserveTicket, customer: 716da363-31ac-4394-b581-324b59a7fa4e, server: None, raw: .. }
Reserved ticket 4494 for customer 716da363-31ac-4394-b581-324b59a7fa4e
Server 799bb1b2-bd8f-49e2-81f8-f7237f0eb223 received client-request: Request { kind: ReserveTicket, customer: 52e5a04c-de19-46c6-93e7-984b14f5bf01, server: None, raw: .. }
Reserved ticket 4493 for customer 52e5a04c-de19-46c6-93e7-984b14f5bf01
Server 799bb1b2-bd8f-49e2-81f8-f7237f0eb223 received client-request: Request { kind: ReserveTicket, customer: 3a899e7f-f095-4019-9338-b4f5d456b698, server: None, raw: .. }
Reserved ticket 4492 for customer 3a899e7f-f095-4019-9338-b4f5d456b698
Server 799bb1b2-bd8f-49e2-81f8-f7237f0eb223 received client-request: Request { kind: ReserveTicket, customer: 369c869e-f3db-461d-9a8e-8118114b8505, server: None, raw: .. }
Reserved ticket 4491 for customer 369c869e-f3db-461d-9a8e-8118114b8505
Server 799bb1b2-bd8f-49e2-81f8-f7237f0eb223 received client-request: Request { kind: ReserveTicket, customer: f69e6207-e971-4258-be07-8bd4595af6ff, server: None, raw: .. }
Reserved ticket 4490 for customer f69e6207-e971-4258-be07-8bd4595af6ff
Server 65a51e17-fff5-4036-8b94-6db5de4d28d8 received client-request: Request { kind: ReserveTicket, customer: 16628b14-5dd1-4bbd-aaab-5d71ad894e71, server: None, raw: .. }
Reserved ticket 4489 for customer 16628b14-5dd1-4bbd-aaab-5d71ad894e71
Server 799bb1b2-bd8f-49e2-81f8-f7237f0eb223 received client-request: Request { kind: ReserveTicket, customer: 18e7e32a-1d3d-4aca-ae87-c9f3bec4ad55, server: None, raw: .. }
Reserved ticket 4488 for customer 18e7e32a-1d3d-4aca-ae87-c9f3bec4ad55
Server 799bb1b2-bd8f-49e2-81f8-f7237f0eb223 received client-request: Request { kind: ReserveTicket, customer: 7dee6f49-2b6e-47ab-97fc-572f6644b196, server: None, raw: .. }
Reserved ticket 4487 for customer 7dee6f49-2b6e-47ab-97fc-572f6644b196
Server 799bb1b2-bd8f-49e2-81f8-f7237f0eb223 received client-request: Request { kind: ReserveTicket, customer: f63de0dc-380f-4cee-86e6-75f2b0a9e080, server: None, raw: .. }
Reserved ticket 4486 for customer f63de0dc-380f-4cee-86e6-75f2b0a9e080
Server 799bb1b2-bd8f-49e2-81f8-f7237f0eb223 received client-request: Request { kind: ReserveTicket, customer: 970dc741-ece7-45a6-b803-4727e9c63758, server: None, raw: .. }
Reserved ticket 4485 for customer 970dc741-ece7-45a6-b803-4727e9c63758
Server 799bb1b2-bd8f-49e2-81f8-f7237f0eb223 received client-request: Request { kind: ReserveTicket, customer: 1a01a610-44fd-499d-9e58-59253e01ad5a, server: None, raw: .. }
Reserved ticket 4484 for customer 1a01a610-44fd-499d-9e58-59253e01ad5a
Server 799bb1b2-bd8f-49e2-81f8-f7237f0eb223 received client-request: Request { kind: ReserveTicket, customer: f33e8cd6-9705-4086-93df-d92d05474fa0, server: None, raw: .. }
Reserved ticket 4483 for customer f33e8cd6-9705-4086-93df-d92d05474fa0
Server 799bb1b2-bd8f-49e2-81f8-f7237f0eb223 received client-request: Request { kind: ReserveTicket, customer: 96cb4030-1fb6-499a-ae9f-ae0edc8e32cf, server: None, raw: .. }
Reserved ticket 4482 for customer 96cb4030-1fb6-499a-ae9f-ae0edc8e32cf
Server 799bb1b2-bd8f-49e2-81f8-f7237f0eb223 received client-request: Request { kind: ReserveTicket, customer: 39ef79f4-c7d4-414e-b3a3-9f52e9327cc2, server: None, raw: .. }
Reserved ticket 4481 for customer 39ef79f4-c7d4-414e-b3a3-9f52e9327cc2
Server 799bb1b2-bd8f-49e2-81f8-f7237f0eb223 received client-request: Request { kind: ReserveTicket, customer: 2243dc69-08d1-4929-bb24-ad6b41ba91d6, server: None, raw: .. }
Reserved ticket 4480 for customer 2243dc69-08d1-4929-bb24-ad6b41ba91d6
Server 799bb1b2-bd8f-49e2-81f8-f7237f0eb223 received client-request: Request { kind: ReserveTicket, customer: f086115b-b617-4789-8c48-cf762a4aa7c6, server: None, raw: .. }
Reserved ticket 4479 for customer f086115b-b617-4789-8c48-cf762a4aa7c6
Server 799bb1b2-bd8f-49e2-81f8-f7237f0eb223 received client-request: Request { kind: ReserveTicket, customer: e619aaf6-ce8e-4927-8ad9-9de501310d19, server: None, raw: .. }
Reserved ticket 4478 for customer e619aaf6-ce8e-4927-8ad9-9de501310d19
Server 799bb1b2-bd8f-49e2-81f8-f7237f0eb223 received client-request: Request { kind: ReserveTicket, customer: 6613ab76-aaa9-4853-a857-7723d441323b, server: None, raw: .. }
Reserved ticket 4477 for customer 6613ab76-aaa9-4853-a857-7723d441323b
Server 799bb1b2-bd8f-49e2-81f8-f7237f0eb223 received client-request: Request { kind: ReserveTicket, customer: 0df73553-9d4b-499e-aed1-692ad02a7e22, server: None, raw: .. }
Reserved ticket 4476 for customer 0df73553-9d4b-499e-aed1-692ad02a7e22
Server 799bb1b2-bd8f-49e2-81f8-f7237f0eb223 received client-request: Request { kind: ReserveTicket, customer: d39ea180-0a6b-4990-95a6-9fe9a7f8d342, server: None, raw: .. }
Reserved ticket 4475 for customer d39ea180-0a6b-4990-95a6-9fe9a7f8d342
Server 799bb1b2-bd8f-49e2-81f8-f7237f0eb223 received client-request: Request { kind: ReserveTicket, customer: 2b5a79af-6741-4abc-a3c4-30a773867cbc, server: None, raw: .. }
Reserved ticket 4474 for customer 2b5a79af-6741-4abc-a3c4-30a773867cbc
Server 799bb1b2-bd8f-49e2-81f8-f7237f0eb223 received client-request: Request { kind: ReserveTicket, customer: e0e81ff5-32ee-4b46-a02a-74b88c363269, server: None, raw: .. }
Reserved ticket 4473 for customer e0e81ff5-32ee-4b46-a02a-74b88c363269
Server 799bb1b2-bd8f-49e2-81f8-f7237f0eb223 received client-request: Request { kind: ReserveTicket, customer: 9993f55a-9b9e-4284-b88a-71ef58cfa101, server: None, raw: .. }
Reserved ticket 4472 for customer 9993f55a-9b9e-4284-b88a-71ef58cfa101
Server 799bb1b2-bd8f-49e2-81f8-f7237f0eb223 received client-request: Request { kind: ReserveTicket, customer: ea6ce5ca-45b1-4c06-82cc-db7f9bb605b7, server: None, raw: .. }
Reserved ticket 4471 for customer ea6ce5ca-45b1-4c06-82cc-db7f9bb605b7
Server 799bb1b2-bd8f-49e2-81f8-f7237f0eb223 received client-request: Request { kind: ReserveTicket, customer: 3ec91817-36e1-4385-bfd0-6e4f0904b36b, server: None, raw: .. }
Reserved ticket 4470 for customer 3ec91817-36e1-4385-bfd0-6e4f0904b36b
Server 65a51e17-fff5-4036-8b94-6db5de4d28d8 received client-request: Request { kind: ReserveTicket, customer: 9a00d8f5-2c3a-4380-9753-255c86cfc406, server: None, raw: .. }
Reserved ticket 4469 for customer 9a00d8f5-2c3a-4380-9753-255c86cfc406
Server 799bb1b2-bd8f-49e2-81f8-f7237f0eb223 received client-request: Request { kind: ReserveTicket, customer: 490c3fe3-93e4-4c0e-bc99-d1d32d62ef74, server: None, raw: .. }
Reserved ticket 4468 for customer 490c3fe3-93e4-4c0e-bc99-d1d32d62ef74
Server 799bb1b2-bd8f-49e2-81f8-f7237f0eb223 received client-request: Request { kind: ReserveTicket, customer: 49d275d9-3758-40a6-821c-1aed9eea488a, server: None, raw: .. }
Reserved ticket 4467 for customer 49d275d9-3758-40a6-821c-1aed9eea488a
Server 799bb1b2-bd8f-49e2-81f8-f7237f0eb223 received client-request: Request { kind: ReserveTicket, customer: cb12778d-3a5a-4f2e-b789-a537e8490d8f, server: None, raw: .. }
Reserved ticket 4466 for customer cb12778d-3a5a-4f2e-b789-a537e8490d8f
Server 799bb1b2-bd8f-49e2-81f8-f7237f0eb223 received client-request: Request { kind: ReserveTicket, customer: bb5f069f-ee19-4885-a290-8d1aa3f7508c, server: None, raw: .. }
Reserved ticket 4465 for customer bb5f069f-ee19-4885-a290-8d1aa3f7508c
Server 799bb1b2-bd8f-49e2-81f8-f7237f0eb223 received client-request: Request { kind: ReserveTicket, customer: fa1510b4-aa9c-4790-9a84-2e55c90311bd, server: None, raw: .. }
Reserved ticket 4464 for customer fa1510b4-aa9c-4790-9a84-2e55c90311bd
Server 799bb1b2-bd8f-49e2-81f8-f7237f0eb223 received client-request: Request { kind: ReserveTicket, customer: dae2fd09-bc89-4473-be07-e79e5d7bdea7, server: None, raw: .. }
Reserved ticket 4463 for customer dae2fd09-bc89-4473-be07-e79e5d7bdea7
Server 799bb1b2-bd8f-49e2-81f8-f7237f0eb223 received client-request: Request { kind: ReserveTicket, customer: bc0a7936-bb22-46f8-bf08-c2c8dce063fe, server: None, raw: .. }
Reserved ticket 4462 for customer bc0a7936-bb22-46f8-bf08-c2c8dce063fe
Server 799bb1b2-bd8f-49e2-81f8-f7237f0eb223 received client-request: Request { kind: ReserveTicket, customer: b1c9ac7a-2680-48ee-894a-3fa4dec4c33e, server: None, raw: .. }
Reserved ticket 4461 for customer b1c9ac7a-2680-48ee-894a-3fa4dec4c33e
Server 799bb1b2-bd8f-49e2-81f8-f7237f0eb223 received client-request: Request { kind: ReserveTicket, customer: 1a444c20-a1dd-446c-af3a-3dbddcf3faf5, server: None, raw: .. }
Reserved ticket 4460 for customer 1a444c20-a1dd-446c-af3a-3dbddcf3faf5
Server 799bb1b2-bd8f-49e2-81f8-f7237f0eb223 received client-request: Request { kind: ReserveTicket, customer: 5eebdf98-67c5-4ab7-ba82-17c4f8bdc4bd, server: None, raw: .. }
Reserved ticket 4459 for customer 5eebdf98-67c5-4ab7-ba82-17c4f8bdc4bd
Server 799bb1b2-bd8f-49e2-81f8-f7237f0eb223 received client-request: Request { kind: ReserveTicket, customer: c804945e-2247-4163-b286-54649a1d952e, server: None, raw: .. }
Reserved ticket 4458 for customer c804945e-2247-4163-b286-54649a1d952e
Server 799bb1b2-bd8f-49e2-81f8-f7237f0eb223 received client-request: Request { kind: ReserveTicket, customer: 7eb2dd3f-eacb-41ac-b331-94ed99600ed8, server: None, raw: .. }
Reserved ticket 4457 for customer 7eb2dd3f-eacb-41ac-b331-94ed99600ed8
Server 799bb1b2-bd8f-49e2-81f8-f7237f0eb223 received client-request: Request { kind: ReserveTicket, customer: bec54d04-299e-4679-bf79-242aae3a397a, server: None, raw: .. }
Reserved ticket 4456 for customer bec54d04-299e-4679-bf79-242aae3a397a
Server 799bb1b2-bd8f-49e2-81f8-f7237f0eb223 received client-request: Request { kind: ReserveTicket, customer: 1e224017-cd0c-40d3-88a3-904663cab1a5, server: None, raw: .. }
Reserved ticket 4455 for customer 1e224017-cd0c-40d3-88a3-904663cab1a5
Server 799bb1b2-bd8f-49e2-81f8-f7237f0eb223 received client-request: Request { kind: ReserveTicket, customer: eefb50bc-d496-4791-b665-317a648f160e, server: None, raw: .. }
Reserved ticket 4454 for customer eefb50bc-d496-4791-b665-317a648f160e
Server 799bb1b2-bd8f-49e2-81f8-f7237f0eb223 received client-request: Request { kind: ReserveTicket, customer: 1ddb69f5-7993-473f-a281-ced6d96d7504, server: None, raw: .. }
Reserved ticket 4453 for customer 1ddb69f5-7993-473f-a281-ced6d96d7504
Server 799bb1b2-bd8f-49e2-81f8-f7237f0eb223 received client-request: Request { kind: ReserveTicket, customer: 8951bf9e-042e-4484-853f-e214545d45ac, server: None, raw: .. }
Reserved ticket 4452 for customer 8951bf9e-042e-4484-853f-e214545d45ac
Server 799bb1b2-bd8f-49e2-81f8-f7237f0eb223 received client-request: Request { kind: ReserveTicket, customer: 5f99fa64-8161-4424-bd2a-624ab9c4c7de, server: None, raw: .. }
Reserved ticket 4451 for customer 5f99fa64-8161-4424-bd2a-624ab9c4c7de
Server 799bb1b2-bd8f-49e2-81f8-f7237f0eb223 received client-request: Request { kind: ReserveTicket, customer: c0a89f99-c4bf-4f00-b7ee-e283c6d8abe6, server: None, raw: .. }
Reserved ticket 4450 for customer c0a89f99-c4bf-4f00-b7ee-e283c6d8abe6
Server 65a51e17-fff5-4036-8b94-6db5de4d28d8 received client-request: Request { kind: ReserveTicket, customer: e0c35f3e-f33e-4eef-880f-6bf170b07635, server: None, raw: .. }
Reserved ticket 4449 for customer e0c35f3e-f33e-4eef-880f-6bf170b07635
Server 799bb1b2-bd8f-49e2-81f8-f7237f0eb223 received client-request: Request { kind: ReserveTicket, customer: cea9a5ca-4d21-49ff-bf4f-bd3c77db38be, server: None, raw: .. }
Reserved ticket 4448 for customer cea9a5ca-4d21-49ff-bf4f-bd3c77db38be
Server 799bb1b2-bd8f-49e2-81f8-f7237f0eb223 received client-request: Request { kind: ReserveTicket, customer: ac4a4a85-0eb1-4598-b8d3-46ee23be8727, server: None, raw: .. }
Reserved ticket 4447 for customer ac4a4a85-0eb1-4598-b8d3-46ee23be8727
Server 799bb1b2-bd8f-49e2-81f8-f7237f0eb223 received client-request: Request { kind: ReserveTicket, customer: 6a13fee7-52c4-4b9e-80b5-e69b78dc0794, server: None, raw: .. }
Reserved ticket 4446 for customer 6a13fee7-52c4-4b9e-80b5-e69b78dc0794
Server 799bb1b2-bd8f-49e2-81f8-f7237f0eb223 received client-request: Request { kind: ReserveTicket, customer: 9f27b99d-69fc-48bd-9f8a-ae6db727f45f, server: None, raw: .. }
Reserved ticket 4445 for customer 9f27b99d-69fc-48bd-9f8a-ae6db727f45f
Server 799bb1b2-bd8f-49e2-81f8-f7237f0eb223 received client-request: Request { kind: ReserveTicket, customer: 1aabb7ce-f276-4387-ae5e-eee98ad98998, server: None, raw: .. }
Reserved ticket 4444 for customer 1aabb7ce-f276-4387-ae5e-eee98ad98998
Server 799bb1b2-bd8f-49e2-81f8-f7237f0eb223 received client-request: Request { kind: ReserveTicket, customer: bdfc57ab-8514-43ff-aa2e-9c7fb1a9f49d, server: None, raw: .. }
Reserved ticket 4443 for customer bdfc57ab-8514-43ff-aa2e-9c7fb1a9f49d
Server 799bb1b2-bd8f-49e2-81f8-f7237f0eb223 received client-request: Request { kind: ReserveTicket, customer: 6bc113b0-d961-4b48-b03d-8c651f7a6e9b, server: None, raw: .. }
Reserved ticket 4442 for customer 6bc113b0-d961-4b48-b03d-8c651f7a6e9b
Server 799bb1b2-bd8f-49e2-81f8-f7237f0eb223 received client-request: Request { kind: ReserveTicket, customer: 576a8051-0db6-40fc-920c-17f6259d4553, server: None, raw: .. }
Reserved ticket 4441 for customer 576a8051-0db6-40fc-920c-17f6259d4553
Server 799bb1b2-bd8f-49e2-81f8-f7237f0eb223 received client-request: Request { kind: ReserveTicket, customer: d5b6a48a-c2d9-4b6a-9b93-9cef9c58ae53, server: None, raw: .. }
Reserved ticket 4440 for customer d5b6a48a-c2d9-4b6a-9b93-9cef9c58ae53
Server 799bb1b2-bd8f-49e2-81f8-f7237f0eb223 received client-request: Request { kind: ReserveTicket, customer: 89106371-fdfc-4211-9685-a3e12753dad5, server: None, raw: .. }
Reserved ticket 4439 for customer 89106371-fdfc-4211-9685-a3e12753dad5
Server 799bb1b2-bd8f-49e2-81f8-f7237f0eb223 received client-request: Request { kind: ReserveTicket, customer: f14ae6f2-8ae7-4865-80bf-713c30a01392, server: None, raw: .. }
Reserved ticket 4438 for customer f14ae6f2-8ae7-4865-80bf-713c30a01392
Server 799bb1b2-bd8f-49e2-81f8-f7237f0eb223 received client-request: Request { kind: ReserveTicket, customer: b55ca3b9-0fbb-420e-9536-22db81ad06ef, server: None, raw: .. }
Reserved ticket 4437 for customer b55ca3b9-0fbb-420e-9536-22db81ad06ef
Server 799bb1b2-bd8f-49e2-81f8-f7237f0eb223 received client-request: Request { kind: ReserveTicket, customer: 58816590-d411-48fc-9c51-e769172736e6, server: None, raw: .. }
Reserved ticket 4436 for customer 58816590-d411-48fc-9c51-e769172736e6
Server 799bb1b2-bd8f-49e2-81f8-f7237f0eb223 received client-request: Request { kind: ReserveTicket, customer: fa460f85-29ba-45e9-9dd7-1bd7fe45ed03, server: None, raw: .. }
Reserved ticket 4435 for customer fa460f85-29ba-45e9-9dd7-1bd7fe45ed03
Server 799bb1b2-bd8f-49e2-81f8-f7237f0eb223 received client-request: Request { kind: ReserveTicket, customer: a77f11b7-66e3-4fe5-b680-8309f4ea9e9d, server: None, raw: .. }
Reserved ticket 4434 for customer a77f11b7-66e3-4fe5-b680-8309f4ea9e9d
Server 799bb1b2-bd8f-49e2-81f8-f7237f0eb223 received client-request: Request { kind: ReserveTicket, customer: 4e372c2f-8f9b-42f8-8208-9d929f6d5192, server: None, raw: .. }
Reserved ticket 4433 for customer 4e372c2f-8f9b-42f8-8208-9d929f6d5192
Server 799bb1b2-bd8f-49e2-81f8-f7237f0eb223 received client-request: Request { kind: ReserveTicket, customer: 6570133c-6887-4a5f-88c5-01e008a7f64c, server: None, raw: .. }
Reserved ticket 4432 for customer 6570133c-6887-4a5f-88c5-01e008a7f64c
Server 799bb1b2-bd8f-49e2-81f8-f7237f0eb223 received client-request: Request { kind: ReserveTicket, customer: 7396f108-028d-4449-a377-a4f05aa024a6, server: None, raw: .. }
Reserved ticket 4431 for customer 7396f108-028d-4449-a377-a4f05aa024a6
Server 799bb1b2-bd8f-49e2-81f8-f7237f0eb223 received client-request: Request { kind: ReserveTicket, customer: fdce4dc8-ca7d-44e0-9d61-bf4b54f90390, server: None, raw: .. }
Reserved ticket 4430 for customer fdce4dc8-ca7d-44e0-9d61-bf4b54f90390
Server 65a51e17-fff5-4036-8b94-6db5de4d28d8 received client-request: Request { kind: ReserveTicket, customer: a675b49e-efb6-43b4-b9de-7fde0ee045bd, server: None, raw: .. }
Reserved ticket 4429 for customer a675b49e-efb6-43b4-b9de-7fde0ee045bd
Server 799bb1b2-bd8f-49e2-81f8-f7237f0eb223 received client-request: Request { kind: ReserveTicket, customer: f1296994-e74c-42b4-a348-673ff4dadc6e, server: None, raw: .. }
Reserved ticket 4428 for customer f1296994-e74c-42b4-a348-673ff4dadc6e
Server 799bb1b2-bd8f-49e2-81f8-f7237f0eb223 received client-request: Request { kind: ReserveTicket, customer: 3d835162-7673-487e-965f-38305766fd46, server: None, raw: .. }
Reserved ticket 4427 for customer 3d835162-7673-487e-965f-38305766fd46
Server 799bb1b2-bd8f-49e2-81f8-f7237f0eb223 received client-request: Request { kind: ReserveTicket, customer: 2456651c-878d-415e-9c56-da7b3d977539, server: None, raw: .. }
Reserved ticket 4426 for customer 2456651c-878d-415e-9c56-da7b3d977539
Server 799bb1b2-bd8f-49e2-81f8-f7237f0eb223 received client-request: Request { kind: ReserveTicket, customer: 748a70d1-7248-45fd-8e0b-73689ff9b5b0, server: None, raw: .. }
Reserved ticket 4425 for customer 748a70d1-7248-45fd-8e0b-73689ff9b5b0
Server 799bb1b2-bd8f-49e2-81f8-f7237f0eb223 received client-request: Request { kind: ReserveTicket, customer: df42e259-668e-4b53-9b64-26330b47677a, server: None, raw: .. }
Reserved ticket 4424 for customer df42e259-668e-4b53-9b64-26330b47677a
Server 799bb1b2-bd8f-49e2-81f8-f7237f0eb223 received client-request: Request { kind: ReserveTicket, customer: 4e7e6501-184e-4bbc-b732-8b73a24e7781, server: None, raw: .. }
Reserved ticket 4423 for customer 4e7e6501-184e-4bbc-b732-8b73a24e7781
Server 799bb1b2-bd8f-49e2-81f8-f7237f0eb223 received client-request: Request { kind: ReserveTicket, customer: 1c9855fa-ac03-4bcb-b5c0-28a4fe6a323e, server: None, raw: .. }
Reserved ticket 4422 for customer 1c9855fa-ac03-4bcb-b5c0-28a4fe6a323e
Server 799bb1b2-bd8f-49e2-81f8-f7237f0eb223 received client-request: Request { kind: ReserveTicket, customer: fef2ea74-cd04-4cb8-83ff-7450118dfd81, server: None, raw: .. }
Reserved ticket 4421 for customer fef2ea74-cd04-4cb8-83ff-7450118dfd81
Server 799bb1b2-bd8f-49e2-81f8-f7237f0eb223 received client-request: Request { kind: ReserveTicket, customer: 2b95437d-ff7b-4d2e-b761-bee615db01f0, server: None, raw: .. }
Reserved ticket 4420 for customer 2b95437d-ff7b-4d2e-b761-bee615db01f0
Server 799bb1b2-bd8f-49e2-81f8-f7237f0eb223 received client-request: Request { kind: ReserveTicket, customer: 0899840a-8b81-4530-ab90-ad2bedf3ea55, server: None, raw: .. }
Reserved ticket 4419 for customer 0899840a-8b81-4530-ab90-ad2bedf3ea55
Server 799bb1b2-bd8f-49e2-81f8-f7237f0eb223 received client-request: Request { kind: ReserveTicket, customer: b7eddadc-e6cf-42c7-a09d-131bbb690d82, server: None, raw: .. }
Reserved ticket 4418 for customer b7eddadc-e6cf-42c7-a09d-131bbb690d82
Server 799bb1b2-bd8f-49e2-81f8-f7237f0eb223 received client-request: Request { kind: ReserveTicket, customer: f9a822d9-140f-4938-af6c-492a51e016d3, server: None, raw: .. }
Reserved ticket 4417 for customer f9a822d9-140f-4938-af6c-492a51e016d3
Server 799bb1b2-bd8f-49e2-81f8-f7237f0eb223 received client-request: Request { kind: ReserveTicket, customer: c0c0aa75-7a34-47e0-88f7-8427dc6880ef, server: None, raw: .. }
Reserved ticket 4416 for customer c0c0aa75-7a34-47e0-88f7-8427dc6880ef
Server 799bb1b2-bd8f-49e2-81f8-f7237f0eb223 received client-request: Request { kind: ReserveTicket, customer: 59eba22f-72ea-49f0-bf12-9e2e13a210db, server: None, raw: .. }
Reserved ticket 4415 for customer 59eba22f-72ea-49f0-bf12-9e2e13a210db
Server 799bb1b2-bd8f-49e2-81f8-f7237f0eb223 received client-request: Request { kind: ReserveTicket, customer: 9c7d943b-40be-4e85-9c87-4464ec24e36d, server: None, raw: .. }
Reserved ticket 4414 for customer 9c7d943b-40be-4e85-9c87-4464ec24e36d
Server 799bb1b2-bd8f-49e2-81f8-f7237f0eb223 received client-request: Request { kind: ReserveTicket, customer: afb1908b-25dc-4529-a4f6-2ec3e6443af9, server: None, raw: .. }
Reserved ticket 4413 for customer afb1908b-25dc-4529-a4f6-2ec3e6443af9
Server 799bb1b2-bd8f-49e2-81f8-f7237f0eb223 received client-request: Request { kind: ReserveTicket, customer: 73d7becd-c0fc-4f6b-b5cd-087393d82dec, server: None, raw: .. }
Reserved ticket 4412 for customer 73d7becd-c0fc-4f6b-b5cd-087393d82dec
Server 799bb1b2-bd8f-49e2-81f8-f7237f0eb223 received client-request: Request { kind: ReserveTicket, customer: 51c55a67-615e-44a2-a3a0-dd76c6b6932a, server: None, raw: .. }
Reserved ticket 4411 for customer 51c55a67-615e-44a2-a3a0-dd76c6b6932a
Server 799bb1b2-bd8f-49e2-81f8-f7237f0eb223 received client-request: Request { kind: ReserveTicket, customer: 69da19f5-ddac-4417-8a83-4a343749b8ea, server: None, raw: .. }
Reserved ticket 4410 for customer 69da19f5-ddac-4417-8a83-4a343749b8ea
Server 65a51e17-fff5-4036-8b94-6db5de4d28d8 received client-request: Request { kind: ReserveTicket, customer: 995e36c3-b27f-489b-9468-665fd3c95ac4, server: None, raw: .. }
Reserved ticket 4409 for customer 995e36c3-b27f-489b-9468-665fd3c95ac4
Server 799bb1b2-bd8f-49e2-81f8-f7237f0eb223 received client-request: Request { kind: ReserveTicket, customer: c4d59ab4-77c0-41d3-abb9-1605dead83a8, server: None, raw: .. }
Reserved ticket 4408 for customer c4d59ab4-77c0-41d3-abb9-1605dead83a8
Server 799bb1b2-bd8f-49e2-81f8-f7237f0eb223 received client-request: Request { kind: ReserveTicket, customer: 19707651-8764-4223-b4e1-2e3c9d30b077, server: None, raw: .. }
Reserved ticket 4407 for customer 19707651-8764-4223-b4e1-2e3c9d30b077
Server 799bb1b2-bd8f-49e2-81f8-f7237f0eb223 received client-request: Request { kind: ReserveTicket, customer: c16b8a43-c904-401d-8cf9-aefc5e1cdfe2, server: None, raw: .. }
Reserved ticket 4406 for customer c16b8a43-c904-401d-8cf9-aefc5e1cdfe2
Server 799bb1b2-bd8f-49e2-81f8-f7237f0eb223 received client-request: Request { kind: ReserveTicket, customer: cf8e7342-0853-4965-a826-2f58c5ca4361, server: None, raw: .. }
Reserved ticket 4405 for customer cf8e7342-0853-4965-a826-2f58c5ca4361
Server 799bb1b2-bd8f-49e2-81f8-f7237f0eb223 received client-request: Request { kind: ReserveTicket, customer: 14531ba5-23db-40ca-a30c-edcc79bcfdae, server: None, raw: .. }
Reserved ticket 4404 for customer 14531ba5-23db-40ca-a30c-edcc79bcfdae
Server 799bb1b2-bd8f-49e2-81f8-f7237f0eb223 received client-request: Request { kind: ReserveTicket, customer: 56884442-152c-4783-a00c-4ef4bf60e612, server: None, raw: .. }
Reserved ticket 4403 for customer 56884442-152c-4783-a00c-4ef4bf60e612
Server 799bb1b2-bd8f-49e2-81f8-f7237f0eb223 received client-request: Request { kind: ReserveTicket, customer: 960566ef-1058-4d16-b273-c330a590e9a5, server: None, raw: .. }
Reserved ticket 4402 for customer 960566ef-1058-4d16-b273-c330a590e9a5
Server 799bb1b2-bd8f-49e2-81f8-f7237f0eb223 received client-request: Request { kind: ReserveTicket, customer: 55ee8730-5b35-4ed0-8290-b09bed586faa, server: None, raw: .. }
Reserved ticket 4401 for customer 55ee8730-5b35-4ed0-8290-b09bed586faa
Server 799bb1b2-bd8f-49e2-81f8-f7237f0eb223 received client-request: Request { kind: ReserveTicket, customer: 06ed3e9b-7319-4360-9b1d-9455b31176f4, server: None, raw: .. }
Reserved ticket 4400 for customer 06ed3e9b-7319-4360-9b1d-9455b31176f4
Server 799bb1b2-bd8f-49e2-81f8-f7237f0eb223 received client-request: Request { kind: ReserveTicket, customer: 2b1d8453-03cd-447b-99d3-092281a34d55, server: None, raw: .. }
Reserved ticket 4399 for customer 2b1d8453-03cd-447b-99d3-092281a34d55
Server 799bb1b2-bd8f-49e2-81f8-f7237f0eb223 received client-request: Request { kind: ReserveTicket, customer: 59e288b5-361f-49fc-981c-862ccf320bce, server: None, raw: .. }
Reserved ticket 4398 for customer 59e288b5-361f-49fc-981c-862ccf320bce
Server 799bb1b2-bd8f-49e2-81f8-f7237f0eb223 received client-request: Request { kind: ReserveTicket, customer: 98b41ee6-b6b9-4c76-9309-7b6ec52ae160, server: None, raw: .. }
Reserved ticket 4397 for customer 98b41ee6-b6b9-4c76-9309-7b6ec52ae160
Server 799bb1b2-bd8f-49e2-81f8-f7237f0eb223 received client-request: Request { kind: ReserveTicket, customer: c220a81e-a292-42ae-a26a-e4720f203652, server: None, raw: .. }
Reserved ticket 4396 for customer c220a81e-a292-42ae-a26a-e4720f203652
Server 799bb1b2-bd8f-49e2-81f8-f7237f0eb223 received client-request: Request { kind: ReserveTicket, customer: 394e3327-0ae2-4f96-a150-95598091d401, server: None, raw: .. }
Reserved ticket 4395 for customer 394e3327-0ae2-4f96-a150-95598091d401
Server 799bb1b2-bd8f-49e2-81f8-f7237f0eb223 received client-request: Request { kind: ReserveTicket, customer: 583e722c-11c0-463d-a248-bc1c937a95e3, server: None, raw: .. }
Reserved ticket 4394 for customer 583e722c-11c0-463d-a248-bc1c937a95e3
Server 799bb1b2-bd8f-49e2-81f8-f7237f0eb223 received client-request: Request { kind: ReserveTicket, customer: 85fe3899-a977-4242-b36d-2241767b8e9d, server: None, raw: .. }
Reserved ticket 4393 for customer 85fe3899-a977-4242-b36d-2241767b8e9d
Server 799bb1b2-bd8f-49e2-81f8-f7237f0eb223 received client-request: Request { kind: ReserveTicket, customer: ce1d1e63-0906-4aaf-bc62-e9640ef93210, server: None, raw: .. }
Reserved ticket 4392 for customer ce1d1e63-0906-4aaf-bc62-e9640ef93210
Server 799bb1b2-bd8f-49e2-81f8-f7237f0eb223 received client-request: Request { kind: ReserveTicket, customer: 52f0c674-035a-4203-8954-7da81bad734d, server: None, raw: .. }
Reserved ticket 4391 for customer 52f0c674-035a-4203-8954-7da81bad734d
Server 799bb1b2-bd8f-49e2-81f8-f7237f0eb223 received client-request: Request { kind: ReserveTicket, customer: f68cd6fb-1262-4f19-9d37-4d193548179f, server: None, raw: .. }
Reserved ticket 4390 for customer f68cd6fb-1262-4f19-9d37-4d193548179f
Server 65a51e17-fff5-4036-8b94-6db5de4d28d8 received client-request: Request { kind: ReserveTicket, customer: 030c9f22-8e27-425f-bdd0-d61a76c2bfcc, server: None, raw: .. }
Reserved ticket 4389 for customer 030c9f22-8e27-425f-bdd0-d61a76c2bfcc
Server 799bb1b2-bd8f-49e2-81f8-f7237f0eb223 received client-request: Request { kind: ReserveTicket, customer: a66c3e48-61a6-45ab-b7d2-4c5286734a23, server: None, raw: .. }
Reserved ticket 4388 for customer a66c3e48-61a6-45ab-b7d2-4c5286734a23
Server 799bb1b2-bd8f-49e2-81f8-f7237f0eb223 received client-request: Request { kind: ReserveTicket, customer: cfffd0b3-9582-479e-8d64-08ce48c3358f, server: None, raw: .. }
Reserved ticket 4387 for customer cfffd0b3-9582-479e-8d64-08ce48c3358f
Server 799bb1b2-bd8f-49e2-81f8-f7237f0eb223 received client-request: Request { kind: ReserveTicket, customer: fd4b29eb-69a1-4452-968c-60864f1f42ef, server: None, raw: .. }
Reserved ticket 4386 for customer fd4b29eb-69a1-4452-968c-60864f1f42ef
Server 799bb1b2-bd8f-49e2-81f8-f7237f0eb223 received client-request: Request { kind: ReserveTicket, customer: 9512a9dc-3cb4-4185-9401-35cc97677b6e, server: None, raw: .. }
Reserved ticket 4385 for customer 9512a9dc-3cb4-4185-9401-35cc97677b6e
Server 799bb1b2-bd8f-49e2-81f8-f7237f0eb223 received client-request: Request { kind: ReserveTicket, customer: 0f205c30-3d6f-4517-959a-8b5af72e0aa1, server: None, raw: .. }
Reserved ticket 4384 for customer 0f205c30-3d6f-4517-959a-8b5af72e0aa1
Server 799bb1b2-bd8f-49e2-81f8-f7237f0eb223 received client-request: Request { kind: ReserveTicket, customer: 37b0eddc-e99a-4f40-8d6d-817e0a33d65d, server: None, raw: .. }
Reserved ticket 4383 for customer 37b0eddc-e99a-4f40-8d6d-817e0a33d65d
Server 799bb1b2-bd8f-49e2-81f8-f7237f0eb223 received client-request: Request { kind: ReserveTicket, customer: b17fb718-7290-4429-903d-286ad8d15a98, server: None, raw: .. }
Reserved ticket 4382 for customer b17fb718-7290-4429-903d-286ad8d15a98
Server 799bb1b2-bd8f-49e2-81f8-f7237f0eb223 received client-request: Request { kind: ReserveTicket, customer: 2a07a7a6-0f63-4d5a-97ba-c93f681e9d19, server: None, raw: .. }
Reserved ticket 4381 for customer 2a07a7a6-0f63-4d5a-97ba-c93f681e9d19
Server 799bb1b2-bd8f-49e2-81f8-f7237f0eb223 received client-request: Request { kind: ReserveTicket, customer: cf51a738-53d7-44bb-8da3-b50a525677c6, server: None, raw: .. }
Reserved ticket 4380 for customer cf51a738-53d7-44bb-8da3-b50a525677c6
Server 799bb1b2-bd8f-49e2-81f8-f7237f0eb223 received client-request: Request { kind: ReserveTicket, customer: 7574cacc-4e26-49ec-934d-af844cd00c68, server: None, raw: .. }
Reserved ticket 4379 for customer 7574cacc-4e26-49ec-934d-af844cd00c68
Server 799bb1b2-bd8f-49e2-81f8-f7237f0eb223 received client-request: Request { kind: ReserveTicket, customer: b0addee8-412f-4d08-8729-624a1ccea93e, server: None, raw: .. }
Reserved ticket 4378 for customer b0addee8-412f-4d08-8729-624a1ccea93e
Server 799bb1b2-bd8f-49e2-81f8-f7237f0eb223 received client-request: Request { kind: ReserveTicket, customer: 41139b37-b95d-428b-8c3f-c1a1b072bce2, server: None, raw: .. }
Reserved ticket 4377 for customer 41139b37-b95d-428b-8c3f-c1a1b072bce2
Server 799bb1b2-bd8f-49e2-81f8-f7237f0eb223 received client-request: Request { kind: ReserveTicket, customer: 6fa2f6f6-ddf8-464e-9543-751935716613, server: None, raw: .. }
Reserved ticket 4376 for customer 6fa2f6f6-ddf8-464e-9543-751935716613
Server 799bb1b2-bd8f-49e2-81f8-f7237f0eb223 received client-request: Request { kind: ReserveTicket, customer: 24603556-fe33-4768-9600-99152c1219b2, server: None, raw: .. }
Reserved ticket 4375 for customer 24603556-fe33-4768-9600-99152c1219b2
Server 799bb1b2-bd8f-49e2-81f8-f7237f0eb223 received client-request: Request { kind: ReserveTicket, customer: dc28746c-5117-45ed-94a6-6a0e02ec24af, server: None, raw: .. }
Reserved ticket 4374 for customer dc28746c-5117-45ed-94a6-6a0e02ec24af
Server 799bb1b2-bd8f-49e2-81f8-f7237f0eb223 received client-request: Request { kind: ReserveTicket, customer: 8994bda8-3112-451d-b11e-aa1bc0aafee3, server: None, raw: .. }
Reserved ticket 4373 for customer 8994bda8-3112-451d-b11e-aa1bc0aafee3
Server 799bb1b2-bd8f-49e2-81f8-f7237f0eb223 received client-request: Request { kind: ReserveTicket, customer: e06300db-a31d-4469-ba57-0b542c88c9d5, server: None, raw: .. }
Reserved ticket 4372 for customer e06300db-a31d-4469-ba57-0b542c88c9d5
Server 799bb1b2-bd8f-49e2-81f8-f7237f0eb223 received client-request: Request { kind: ReserveTicket, customer: 7ff50069-c934-42eb-b1b6-f7e50b7801e4, server: None, raw: .. }
Reserved ticket 4371 for customer 7ff50069-c934-42eb-b1b6-f7e50b7801e4
Server 799bb1b2-bd8f-49e2-81f8-f7237f0eb223 received client-request: Request { kind: ReserveTicket, customer: 9eb8b80c-3c88-4c6c-8131-06c70d646ddd, server: None, raw: .. }
Reserved ticket 4370 for customer 9eb8b80c-3c88-4c6c-8131-06c70d646ddd
Server 65a51e17-fff5-4036-8b94-6db5de4d28d8 received client-request: Request { kind: ReserveTicket, customer: 8ea0ee6e-40a2-40cc-b137-3f0b3f567a9f, server: None, raw: .. }
Reserved ticket 4369 for customer 8ea0ee6e-40a2-40cc-b137-3f0b3f567a9f
Server 799bb1b2-bd8f-49e2-81f8-f7237f0eb223 received client-request: Request { kind: ReserveTicket, customer: 2a667adc-1e99-4f20-89a6-44f8db9662a3, server: None, raw: .. }
Reserved ticket 4368 for customer 2a667adc-1e99-4f20-89a6-44f8db9662a3
Server 799bb1b2-bd8f-49e2-81f8-f7237f0eb223 received client-request: Request { kind: ReserveTicket, customer: 978564f7-28f8-4637-905c-110d027a7408, server: None, raw: .. }
Reserved ticket 4367 for customer 978564f7-28f8-4637-905c-110d027a7408
Server 799bb1b2-bd8f-49e2-81f8-f7237f0eb223 received client-request: Request { kind: ReserveTicket, customer: 597f7c9e-e7af-4b1d-89e3-eee8b1b234f2, server: None, raw: .. }
Reserved ticket 4366 for customer 597f7c9e-e7af-4b1d-89e3-eee8b1b234f2
Server 799bb1b2-bd8f-49e2-81f8-f7237f0eb223 received client-request: Request { kind: ReserveTicket, customer: 5e63fe74-969d-442d-90bf-052fe95fb182, server: None, raw: .. }
Reserved ticket 4365 for customer 5e63fe74-969d-442d-90bf-052fe95fb182
Server 799bb1b2-bd8f-49e2-81f8-f7237f0eb223 received client-request: Request { kind: ReserveTicket, customer: 82bd2ef9-95fd-493a-9f72-03f7f83280c7, server: None, raw: .. }
Reserved ticket 4364 for customer 82bd2ef9-95fd-493a-9f72-03f7f83280c7
Server 799bb1b2-bd8f-49e2-81f8-f7237f0eb223 received client-request: Request { kind: ReserveTicket, customer: 6d37ffb1-502e-474b-a3cc-ac819d993230, server: None, raw: .. }
Reserved ticket 4363 for customer 6d37ffb1-502e-474b-a3cc-ac819d993230
Server 799bb1b2-bd8f-49e2-81f8-f7237f0eb223 received client-request: Request { kind: ReserveTicket, customer: 576a681d-951a-47f5-8077-48b474a14f30, server: None, raw: .. }
Reserved ticket 4362 for customer 576a681d-951a-47f5-8077-48b474a14f30
Server 799bb1b2-bd8f-49e2-81f8-f7237f0eb223 received client-request: Request { kind: ReserveTicket, customer: bc7bd002-4d8c-4147-8c6c-0f43d253074d, server: None, raw: .. }
Reserved ticket 4361 for customer bc7bd002-4d8c-4147-8c6c-0f43d253074d
Server 799bb1b2-bd8f-49e2-81f8-f7237f0eb223 received client-request: Request { kind: ReserveTicket, customer: 12bb4663-67b1-470e-8ada-230799bac822, server: None, raw: .. }
Reserved ticket 4360 for customer 12bb4663-67b1-470e-8ada-230799bac822
Server 799bb1b2-bd8f-49e2-81f8-f7237f0eb223 received client-request: Request { kind: ReserveTicket, customer: 45529e53-8771-4727-8a20-5a46c9bc8f79, server: None, raw: .. }
Reserved ticket 4359 for customer 45529e53-8771-4727-8a20-5a46c9bc8f79
Server 799bb1b2-bd8f-49e2-81f8-f7237f0eb223 received client-request: Request { kind: ReserveTicket, customer: 75e81333-120f-4b55-a914-08a1b30102f0, server: None, raw: .. }
Reserved ticket 4358 for customer 75e81333-120f-4b55-a914-08a1b30102f0
Server 799bb1b2-bd8f-49e2-81f8-f7237f0eb223 received client-request: Request { kind: ReserveTicket, customer: 191919d3-b64c-4c5c-bb5e-eb445372db53, server: None, raw: .. }
Reserved ticket 4357 for customer 191919d3-b64c-4c5c-bb5e-eb445372db53
Server 799bb1b2-bd8f-49e2-81f8-f7237f0eb223 received client-request: Request { kind: ReserveTicket, customer: a3f3a5ac-7172-431d-841c-b72847d2867b, server: None, raw: .. }
Reserved ticket 4356 for customer a3f3a5ac-7172-431d-841c-b72847d2867b
Server 799bb1b2-bd8f-49e2-81f8-f7237f0eb223 received client-request: Request { kind: ReserveTicket, customer: 8dc72878-52f4-4368-b9c4-d4136b95cd4c, server: None, raw: .. }
Reserved ticket 4355 for customer 8dc72878-52f4-4368-b9c4-d4136b95cd4c
Server 799bb1b2-bd8f-49e2-81f8-f7237f0eb223 received client-request: Request { kind: ReserveTicket, customer: 0163074d-0f5c-4997-b4f1-792abb8d170f, server: None, raw: .. }
Reserved ticket 4354 for customer 0163074d-0f5c-4997-b4f1-792abb8d170f
Server 799bb1b2-bd8f-49e2-81f8-f7237f0eb223 received client-request: Request { kind: ReserveTicket, customer: 436974f0-a70a-4d2a-be53-2e939904ee34, server: None, raw: .. }
Reserved ticket 4353 for customer 436974f0-a70a-4d2a-be53-2e939904ee34
Server 799bb1b2-bd8f-49e2-81f8-f7237f0eb223 received client-request: Request { kind: ReserveTicket, customer: 02de2a73-0126-43c3-960c-c232a1eab1c1, server: None, raw: .. }
Reserved ticket 4352 for customer 02de2a73-0126-43c3-960c-c232a1eab1c1
Server 799bb1b2-bd8f-49e2-81f8-f7237f0eb223 received client-request: Request { kind: ReserveTicket, customer: 09fc16e1-ae28-4765-abcf-8d7a2e6cfd91, server: None, raw: .. }
Reserved ticket 4351 for customer 09fc16e1-ae28-4765-abcf-8d7a2e6cfd91
Server 799bb1b2-bd8f-49e2-81f8-f7237f0eb223 received client-request: Request { kind: ReserveTicket, customer: 9ac71b94-e15e-41c0-9889-30eef0744dc5, server: None, raw: .. }
Reserved ticket 4350 for customer 9ac71b94-e15e-41c0-9889-30eef0744dc5
Server 65a51e17-fff5-4036-8b94-6db5de4d28d8 received client-request: Request { kind: ReserveTicket, customer: b44b656c-785b-45fd-8e77-7ed5b975d5df, server: None, raw: .. }
Reserved ticket 4349 for customer b44b656c-785b-45fd-8e77-7ed5b975d5df
Server 799bb1b2-bd8f-49e2-81f8-f7237f0eb223 received client-request: Request { kind: ReserveTicket, customer: 3d1e0551-3b42-499d-aef1-0634783937f5, server: None, raw: .. }
Reserved ticket 4348 for customer 3d1e0551-3b42-499d-aef1-0634783937f5
Server 799bb1b2-bd8f-49e2-81f8-f7237f0eb223 received client-request: Request { kind: ReserveTicket, customer: 1d69c2f4-e457-4c6f-94d2-62cee060d5be, server: None, raw: .. }
Reserved ticket 4347 for customer 1d69c2f4-e457-4c6f-94d2-62cee060d5be
Server 799bb1b2-bd8f-49e2-81f8-f7237f0eb223 received client-request: Request { kind: ReserveTicket, customer: 45cff1a0-3945-4d5a-96c7-d3314206729d, server: None, raw: .. }
Reserved ticket 4346 for customer 45cff1a0-3945-4d5a-96c7-d3314206729d
Server 799bb1b2-bd8f-49e2-81f8-f7237f0eb223 received client-request: Request { kind: ReserveTicket, customer: cc7ffd66-35d8-48a1-9ecd-117dff336194, server: None, raw: .. }
Reserved ticket 4345 for customer cc7ffd66-35d8-48a1-9ecd-117dff336194
Server 799bb1b2-bd8f-49e2-81f8-f7237f0eb223 received client-request: Request { kind: ReserveTicket, customer: 278fcbb5-e947-4ce3-9d5e-2c8d1ae01568, server: None, raw: .. }
Reserved ticket 4344 for customer 278fcbb5-e947-4ce3-9d5e-2c8d1ae01568
Server 799bb1b2-bd8f-49e2-81f8-f7237f0eb223 received client-request: Request { kind: ReserveTicket, customer: 7089aaf0-39e4-4a6b-be1c-83e3c447a4d8, server: None, raw: .. }
Reserved ticket 4343 for customer 7089aaf0-39e4-4a6b-be1c-83e3c447a4d8
Server 799bb1b2-bd8f-49e2-81f8-f7237f0eb223 received client-request: Request { kind: ReserveTicket, customer: 1d82418d-dde6-449e-8b0b-7b7ef30f2329, server: None, raw: .. }
Reserved ticket 4342 for customer 1d82418d-dde6-449e-8b0b-7b7ef30f2329
Server 799bb1b2-bd8f-49e2-81f8-f7237f0eb223 received client-request: Request { kind: ReserveTicket, customer: 1e5809af-7b52-4761-841a-0fb932e9c402, server: None, raw: .. }
Reserved ticket 4341 for customer 1e5809af-7b52-4761-841a-0fb932e9c402
Server 799bb1b2-bd8f-49e2-81f8-f7237f0eb223 received client-request: Request { kind: ReserveTicket, customer: 2be600e8-5393-4abc-a46f-b3e0ebae28e9, server: None, raw: .. }
Reserved ticket 4340 for customer 2be600e8-5393-4abc-a46f-b3e0ebae28e9
Server 799bb1b2-bd8f-49e2-81f8-f7237f0eb223 received client-request: Request { kind: ReserveTicket, customer: 2143694b-f1d1-446c-a226-31a7eb650f72, server: None, raw: .. }
Reserved ticket 4339 for customer 2143694b-f1d1-446c-a226-31a7eb650f72
Server 799bb1b2-bd8f-49e2-81f8-f7237f0eb223 received client-request: Request { kind: ReserveTicket, customer: df8c29e3-1ab7-40b0-9046-4f9c8ca375fe, server: None, raw: .. }
Reserved ticket 4338 for customer df8c29e3-1ab7-40b0-9046-4f9c8ca375fe
Server 799bb1b2-bd8f-49e2-81f8-f7237f0eb223 received client-request: Request { kind: ReserveTicket, customer: 33db5716-4263-428b-ba60-2b4db8ed1ae6, server: None, raw: .. }
Reserved ticket 4337 for customer 33db5716-4263-428b-ba60-2b4db8ed1ae6
Server 799bb1b2-bd8f-49e2-81f8-f7237f0eb223 received client-request: Request { kind: ReserveTicket, customer: 5dfbaf52-90a8-4928-ba8d-293433e5d4fe, server: None, raw: .. }
Reserved ticket 4336 for customer 5dfbaf52-90a8-4928-ba8d-293433e5d4fe
Server 799bb1b2-bd8f-49e2-81f8-f7237f0eb223 received client-request: Request { kind: ReserveTicket, customer: cc9b626a-613d-4fbf-8fbe-eb0899dbbcc9, server: None, raw: .. }
Reserved ticket 4335 for customer cc9b626a-613d-4fbf-8fbe-eb0899dbbcc9
Server 799bb1b2-bd8f-49e2-81f8-f7237f0eb223 received client-request: Request { kind: ReserveTicket, customer: d1e9ad4e-3911-4276-a4bc-7337003a27c3, server: None, raw: .. }
Reserved ticket 4334 for customer d1e9ad4e-3911-4276-a4bc-7337003a27c3
Server 799bb1b2-bd8f-49e2-81f8-f7237f0eb223 received client-request: Request { kind: ReserveTicket, customer: 5a6f1a6b-1c55-44f8-8c0f-d9c682eb794e, server: None, raw: .. }
Reserved ticket 4333 for customer 5a6f1a6b-1c55-44f8-8c0f-d9c682eb794e
Server 799bb1b2-bd8f-49e2-81f8-f7237f0eb223 received client-request: Request { kind: ReserveTicket, customer: 8ebb2eba-a025-4bcf-b81a-e3e47922cc0f, server: None, raw: .. }
Reserved ticket 4332 for customer 8ebb2eba-a025-4bcf-b81a-e3e47922cc0f
Server 799bb1b2-bd8f-49e2-81f8-f7237f0eb223 received client-request: Request { kind: ReserveTicket, customer: dd7e3ee1-fea6-4ec2-9789-c52860649112, server: None, raw: .. }
Reserved ticket 4331 for customer dd7e3ee1-fea6-4ec2-9789-c52860649112
Server 799bb1b2-bd8f-49e2-81f8-f7237f0eb223 received client-request: Request { kind: ReserveTicket, customer: e367ecf1-6b9f-40a1-ab49-5963e6ce1ea2, server: None, raw: .. }
Reserved ticket 4330 for customer e367ecf1-6b9f-40a1-ab49-5963e6ce1ea2
Server 65a51e17-fff5-4036-8b94-6db5de4d28d8 received client-request: Request { kind: ReserveTicket, customer: b84ebc18-e67b-436a-b1e4-288acdea8451, server: None, raw: .. }
Reserved ticket 4329 for customer b84ebc18-e67b-436a-b1e4-288acdea8451
Server 799bb1b2-bd8f-49e2-81f8-f7237f0eb223 received client-request: Request { kind: ReserveTicket, customer: 411b5d78-e851-42c5-99b1-c75f05e3ef36, server: None, raw: .. }
Reserved ticket 4328 for customer 411b5d78-e851-42c5-99b1-c75f05e3ef36
Server 799bb1b2-bd8f-49e2-81f8-f7237f0eb223 received client-request: Request { kind: ReserveTicket, customer: a8072066-c94b-480f-ba5d-25034db39dff, server: None, raw: .. }
Reserved ticket 4327 for customer a8072066-c94b-480f-ba5d-25034db39dff
Server 799bb1b2-bd8f-49e2-81f8-f7237f0eb223 received client-request: Request { kind: ReserveTicket, customer: 8210d3ec-96c6-4617-acf7-550853c4cc34, server: None, raw: .. }
Reserved ticket 4326 for customer 8210d3ec-96c6-4617-acf7-550853c4cc34
Server 799bb1b2-bd8f-49e2-81f8-f7237f0eb223 received client-request: Request { kind: ReserveTicket, customer: 0c74e295-6273-4071-ad7b-ab903f0ad8ae, server: None, raw: .. }
Reserved ticket 4325 for customer 0c74e295-6273-4071-ad7b-ab903f0ad8ae
Server 799bb1b2-bd8f-49e2-81f8-f7237f0eb223 received client-request: Request { kind: ReserveTicket, customer: 73db02d7-567f-4e7c-a1ca-023ead9d7b36, server: None, raw: .. }
Reserved ticket 4324 for customer 73db02d7-567f-4e7c-a1ca-023ead9d7b36
Server 799bb1b2-bd8f-49e2-81f8-f7237f0eb223 received client-request: Request { kind: ReserveTicket, customer: 9aec39c8-848d-499b-85d6-9263c3259b4d, server: None, raw: .. }
Reserved ticket 4323 for customer 9aec39c8-848d-499b-85d6-9263c3259b4d
Server 799bb1b2-bd8f-49e2-81f8-f7237f0eb223 received client-request: Request { kind: ReserveTicket, customer: 02681864-648a-4b52-b9db-cd2ea7e6a343, server: None, raw: .. }
Reserved ticket 4322 for customer 02681864-648a-4b52-b9db-cd2ea7e6a343
Server 799bb1b2-bd8f-49e2-81f8-f7237f0eb223 received client-request: Request { kind: ReserveTicket, customer: df1e27d5-9b0f-4ddb-9fd2-d6500d2e6516, server: None, raw: .. }
Reserved ticket 4321 for customer df1e27d5-9b0f-4ddb-9fd2-d6500d2e6516
Server 799bb1b2-bd8f-49e2-81f8-f7237f0eb223 received client-request: Request { kind: ReserveTicket, customer: 9c9f4073-0296-4ef9-9268-e7361767301f, server: None, raw: .. }
Reserved ticket 4320 for customer 9c9f4073-0296-4ef9-9268-e7361767301f
Server 799bb1b2-bd8f-49e2-81f8-f7237f0eb223 received client-request: Request { kind: ReserveTicket, customer: 6d7fc263-059a-4588-9e00-508887af42f2, server: None, raw: .. }
Reserved ticket 4319 for customer 6d7fc263-059a-4588-9e00-508887af42f2
Server 799bb1b2-bd8f-49e2-81f8-f7237f0eb223 received client-request: Request { kind: ReserveTicket, customer: aed81696-ae0c-46e1-a3bd-15c5baf32979, server: None, raw: .. }
Reserved ticket 4318 for customer aed81696-ae0c-46e1-a3bd-15c5baf32979
Server 799bb1b2-bd8f-49e2-81f8-f7237f0eb223 received client-request: Request { kind: ReserveTicket, customer: 0d377484-916e-4fa0-9621-c754850ca29b, server: None, raw: .. }
Reserved ticket 4317 for customer 0d377484-916e-4fa0-9621-c754850ca29b
Server 799bb1b2-bd8f-49e2-81f8-f7237f0eb223 received client-request: Request { kind: ReserveTicket, customer: ff9037e4-c732-4808-9b65-853799b9ece5, server: None, raw: .. }
Reserved ticket 4316 for customer ff9037e4-c732-4808-9b65-853799b9ece5
Server 799bb1b2-bd8f-49e2-81f8-f7237f0eb223 received client-request: Request { kind: ReserveTicket, customer: fe606967-fdf8-47e1-8305-3f5266878d62, server: None, raw: .. }
Reserved ticket 4315 for customer fe606967-fdf8-47e1-8305-3f5266878d62
Server 799bb1b2-bd8f-49e2-81f8-f7237f0eb223 received client-request: Request { kind: ReserveTicket, customer: 41d67190-e00b-4329-92e6-9b8ba8a30245, server: None, raw: .. }
Reserved ticket 4314 for customer 41d67190-e00b-4329-92e6-9b8ba8a30245
Server 799bb1b2-bd8f-49e2-81f8-f7237f0eb223 received client-request: Request { kind: ReserveTicket, customer: 7e511804-b47a-4398-bcaf-dba25f09818f, server: None, raw: .. }
Reserved ticket 4313 for customer 7e511804-b47a-4398-bcaf-dba25f09818f
Server 799bb1b2-bd8f-49e2-81f8-f7237f0eb223 received client-request: Request { kind: ReserveTicket, customer: 8c3674fd-5960-42a6-aea8-f9d754c1fa42, server: None, raw: .. }
Reserved ticket 4312 for customer 8c3674fd-5960-42a6-aea8-f9d754c1fa42
Server 799bb1b2-bd8f-49e2-81f8-f7237f0eb223 received client-request: Request { kind: ReserveTicket, customer: 436e6da7-bf27-4b0e-92da-4f11eaf20773, server: None, raw: .. }
Reserved ticket 4311 for customer 436e6da7-bf27-4b0e-92da-4f11eaf20773
Server 799bb1b2-bd8f-49e2-81f8-f7237f0eb223 received client-request: Request { kind: ReserveTicket, customer: a57dd396-ab82-4892-92ff-0132430e61c3, server: None, raw: .. }
Reserved ticket 4310 for customer a57dd396-ab82-4892-92ff-0132430e61c3
Server 65a51e17-fff5-4036-8b94-6db5de4d28d8 received client-request: Request { kind: ReserveTicket, customer: 28b9d9d7-a7a3-4861-a1c6-d55898c0e9a3, server: None, raw: .. }
Reserved ticket 4309 for customer 28b9d9d7-a7a3-4861-a1c6-d55898c0e9a3
Server 799bb1b2-bd8f-49e2-81f8-f7237f0eb223 received client-request: Request { kind: ReserveTicket, customer: e6735670-599b-4ccb-a596-3f4d8a5fa08b, server: None, raw: .. }
Reserved ticket 4308 for customer e6735670-599b-4ccb-a596-3f4d8a5fa08b
Server 799bb1b2-bd8f-49e2-81f8-f7237f0eb223 received client-request: Request { kind: ReserveTicket, customer: af13c0f6-9369-41c5-8846-197bd80d6bfa, server: None, raw: .. }
Reserved ticket 4307 for customer af13c0f6-9369-41c5-8846-197bd80d6bfa
Server 799bb1b2-bd8f-49e2-81f8-f7237f0eb223 received client-request: Request { kind: ReserveTicket, customer: e8d52c6e-135a-43b1-9914-a26bad9ff050, server: None, raw: .. }
Reserved ticket 4306 for customer e8d52c6e-135a-43b1-9914-a26bad9ff050
Server 799bb1b2-bd8f-49e2-81f8-f7237f0eb223 received client-request: Request { kind: ReserveTicket, customer: 767d1b5b-f65f-490c-95fb-526839732314, server: None, raw: .. }
Reserved ticket 4305 for customer 767d1b5b-f65f-490c-95fb-526839732314
Server 799bb1b2-bd8f-49e2-81f8-f7237f0eb223 received client-request: Request { kind: ReserveTicket, customer: 05478fe0-006a-41ae-a4e5-c8b4b6cac9ad, server: None, raw: .. }
Reserved ticket 4304 for customer 05478fe0-006a-41ae-a4e5-c8b4b6cac9ad
Server 799bb1b2-bd8f-49e2-81f8-f7237f0eb223 received client-request: Request { kind: ReserveTicket, customer: dd1d7db3-a28a-49c6-bf24-d9e27456baad, server: None, raw: .. }
Reserved ticket 4303 for customer dd1d7db3-a28a-49c6-bf24-d9e27456baad
Server 799bb1b2-bd8f-49e2-81f8-f7237f0eb223 received client-request: Request { kind: ReserveTicket, customer: e03dda98-e158-4bf0-9efe-58aea1f4d7f4, server: None, raw: .. }
Reserved ticket 4302 for customer e03dda98-e158-4bf0-9efe-58aea1f4d7f4
Server 799bb1b2-bd8f-49e2-81f8-f7237f0eb223 received client-request: Request { kind: ReserveTicket, customer: 401b65a5-62e4-4ef7-81d8-dff8186150de, server: None, raw: .. }
Reserved ticket 4301 for customer 401b65a5-62e4-4ef7-81d8-dff8186150de
Server 799bb1b2-bd8f-49e2-81f8-f7237f0eb223 received client-request: Request { kind: ReserveTicket, customer: 7c96b187-6307-41d9-ae8d-fe36d49fb877, server: None, raw: .. }
Reserved ticket 4300 for customer 7c96b187-6307-41d9-ae8d-fe36d49fb877
Server 799bb1b2-bd8f-49e2-81f8-f7237f0eb223 received client-request: Request { kind: ReserveTicket, customer: b9bd5f63-f7e4-4b02-8e3e-c30d81c2ba41, server: None, raw: .. }
Reserved ticket 4299 for customer b9bd5f63-f7e4-4b02-8e3e-c30d81c2ba41
Server 799bb1b2-bd8f-49e2-81f8-f7237f0eb223 received client-request: Request { kind: ReserveTicket, customer: 7792dca5-b221-44e2-a76e-234e5e6d82ce, server: None, raw: .. }
Reserved ticket 4298 for customer 7792dca5-b221-44e2-a76e-234e5e6d82ce
Server 799bb1b2-bd8f-49e2-81f8-f7237f0eb223 received client-request: Request { kind: ReserveTicket, customer: f36a24e0-4871-43b7-8b00-44a31d7b9dd6, server: None, raw: .. }
Reserved ticket 4297 for customer f36a24e0-4871-43b7-8b00-44a31d7b9dd6
Server 799bb1b2-bd8f-49e2-81f8-f7237f0eb223 received client-request: Request { kind: ReserveTicket, customer: 8573d3e1-4ef9-462c-a558-41e5a3b6635c, server: None, raw: .. }
Reserved ticket 4296 for customer 8573d3e1-4ef9-462c-a558-41e5a3b6635c
Server 799bb1b2-bd8f-49e2-81f8-f7237f0eb223 received client-request: Request { kind: ReserveTicket, customer: 9d5a79d2-0425-4652-aacb-e905620c7af6, server: None, raw: .. }
Reserved ticket 4295 for customer 9d5a79d2-0425-4652-aacb-e905620c7af6
Server 799bb1b2-bd8f-49e2-81f8-f7237f0eb223 received client-request: Request { kind: ReserveTicket, customer: 84ec2db9-cc49-44a2-bc25-b066a9474b98, server: None, raw: .. }
Reserved ticket 4294 for customer 84ec2db9-cc49-44a2-bc25-b066a9474b98
Server 799bb1b2-bd8f-49e2-81f8-f7237f0eb223 received client-request: Request { kind: ReserveTicket, customer: 858b4147-5f3a-4d6d-a2c4-e125491dca03, server: None, raw: .. }
Reserved ticket 4293 for customer 858b4147-5f3a-4d6d-a2c4-e125491dca03
Server 799bb1b2-bd8f-49e2-81f8-f7237f0eb223 received client-request: Request { kind: ReserveTicket, customer: b43d2970-e42b-411b-b03c-bcfb02b4fade, server: None, raw: .. }
Reserved ticket 4292 for customer b43d2970-e42b-411b-b03c-bcfb02b4fade
Server 799bb1b2-bd8f-49e2-81f8-f7237f0eb223 received client-request: Request { kind: ReserveTicket, customer: 6835f74c-8de7-45a6-baa7-880be27168a3, server: None, raw: .. }
Reserved ticket 4291 for customer 6835f74c-8de7-45a6-baa7-880be27168a3
Server 799bb1b2-bd8f-49e2-81f8-f7237f0eb223 received client-request: Request { kind: ReserveTicket, customer: df5d2a74-ee7a-46e0-9c3e-f0f1317ccdac, server: None, raw: .. }
Reserved ticket 4290 for customer df5d2a74-ee7a-46e0-9c3e-f0f1317ccdac
Server 65a51e17-fff5-4036-8b94-6db5de4d28d8 received client-request: Request { kind: ReserveTicket, customer: 6b48df0e-fc55-41c4-b905-b8735037b425, server: None, raw: .. }
Reserved ticket 4289 for customer 6b48df0e-fc55-41c4-b905-b8735037b425
Server 799bb1b2-bd8f-49e2-81f8-f7237f0eb223 received client-request: Request { kind: ReserveTicket, customer: 3ec3213e-d5fc-41ee-af7c-59c2c885a5e3, server: None, raw: .. }
Reserved ticket 4288 for customer 3ec3213e-d5fc-41ee-af7c-59c2c885a5e3
Server 799bb1b2-bd8f-49e2-81f8-f7237f0eb223 received client-request: Request { kind: ReserveTicket, customer: 021c8c29-1224-438f-b7aa-a599386be202, server: None, raw: .. }
Reserved ticket 4287 for customer 021c8c29-1224-438f-b7aa-a599386be202
Server 799bb1b2-bd8f-49e2-81f8-f7237f0eb223 received client-request: Request { kind: ReserveTicket, customer: 54231ab2-5235-4d17-b701-dd10881d2867, server: None, raw: .. }
Reserved ticket 4286 for customer 54231ab2-5235-4d17-b701-dd10881d2867
Server 799bb1b2-bd8f-49e2-81f8-f7237f0eb223 received client-request: Request { kind: ReserveTicket, customer: 44df44d2-12ca-4155-8765-451ecb32f1ee, server: None, raw: .. }
Reserved ticket 4285 for customer 44df44d2-12ca-4155-8765-451ecb32f1ee
Server 799bb1b2-bd8f-49e2-81f8-f7237f0eb223 received client-request: Request { kind: ReserveTicket, customer: 5e986692-b542-4717-9751-5620b30b278c, server: None, raw: .. }
Reserved ticket 4284 for customer 5e986692-b542-4717-9751-5620b30b278c
Server 799bb1b2-bd8f-49e2-81f8-f7237f0eb223 received client-request: Request { kind: ReserveTicket, customer: ab771d88-a28f-4f61-b3b4-c8621f9a4e82, server: None, raw: .. }
Reserved ticket 4283 for customer ab771d88-a28f-4f61-b3b4-c8621f9a4e82
Server 799bb1b2-bd8f-49e2-81f8-f7237f0eb223 received client-request: Request { kind: ReserveTicket, customer: 0bc19c97-9d18-4e74-9ab5-ae9e325c6a29, server: None, raw: .. }
Reserved ticket 4282 for customer 0bc19c97-9d18-4e74-9ab5-ae9e325c6a29
Server 799bb1b2-bd8f-49e2-81f8-f7237f0eb223 received client-request: Request { kind: ReserveTicket, customer: 44e1fb7a-0ae0-4b3a-b3ec-18df08b1e745, server: None, raw: .. }
Reserved ticket 4281 for customer 44e1fb7a-0ae0-4b3a-b3ec-18df08b1e745
Server 799bb1b2-bd8f-49e2-81f8-f7237f0eb223 received client-request: Request { kind: ReserveTicket, customer: 69d8a62e-06d2-4685-9d57-60f7db309b0b, server: None, raw: .. }
Reserved ticket 4280 for customer 69d8a62e-06d2-4685-9d57-60f7db309b0b
Server 799bb1b2-bd8f-49e2-81f8-f7237f0eb223 received client-request: Request { kind: ReserveTicket, customer: a4c3bb5b-33dd-489d-b4d1-8a8beefd3901, server: None, raw: .. }
Reserved ticket 4279 for customer a4c3bb5b-33dd-489d-b4d1-8a8beefd3901
Server 799bb1b2-bd8f-49e2-81f8-f7237f0eb223 received client-request: Request { kind: ReserveTicket, customer: 4d3cf772-7ce8-4a82-8742-fbb41d980bfd, server: None, raw: .. }
Reserved ticket 4278 for customer 4d3cf772-7ce8-4a82-8742-fbb41d980bfd
Server 799bb1b2-bd8f-49e2-81f8-f7237f0eb223 received client-request: Request { kind: ReserveTicket, customer: 3f01ac3d-3a9e-4ab1-92d1-18438073f402, server: None, raw: .. }
Reserved ticket 4277 for customer 3f01ac3d-3a9e-4ab1-92d1-18438073f402
Server 799bb1b2-bd8f-49e2-81f8-f7237f0eb223 received client-request: Request { kind: ReserveTicket, customer: 69992150-7511-4ca1-940f-ee093a56e1a5, server: None, raw: .. }
Reserved ticket 4276 for customer 69992150-7511-4ca1-940f-ee093a56e1a5
Server 799bb1b2-bd8f-49e2-81f8-f7237f0eb223 received client-request: Request { kind: ReserveTicket, customer: 40bb1907-1d5d-4aaf-84a4-59fcf7e6fb09, server: None, raw: .. }
Reserved ticket 4275 for customer 40bb1907-1d5d-4aaf-84a4-59fcf7e6fb09
Server 799bb1b2-bd8f-49e2-81f8-f7237f0eb223 received client-request: Request { kind: ReserveTicket, customer: 87b61aef-1966-4857-939c-bff4fc4cee55, server: None, raw: .. }
Reserved ticket 4274 for customer 87b61aef-1966-4857-939c-bff4fc4cee55
Server 799bb1b2-bd8f-49e2-81f8-f7237f0eb223 received client-request: Request { kind: ReserveTicket, customer: d5d93e31-3d3a-4677-98c2-89b6a25a4e25, server: None, raw: .. }
Reserved ticket 4273 for customer d5d93e31-3d3a-4677-98c2-89b6a25a4e25
Server 799bb1b2-bd8f-49e2-81f8-f7237f0eb223 received client-request: Request { kind: ReserveTicket, customer: 3e6d7d6b-4f6a-4a50-b487-1c878a9f3825, server: None, raw: .. }
Reserved ticket 4272 for customer 3e6d7d6b-4f6a-4a50-b487-1c878a9f3825
Server 799bb1b2-bd8f-49e2-81f8-f7237f0eb223 received client-request: Request { kind: ReserveTicket, customer: 232fbd8d-7c39-422b-abd8-35336cb1015d, server: None, raw: .. }
Reserved ticket 4271 for customer 232fbd8d-7c39-422b-abd8-35336cb1015d
Server 799bb1b2-bd8f-49e2-81f8-f7237f0eb223 received client-request: Request { kind: ReserveTicket, customer: df5f28c5-88b6-4fb4-979c-6d5f421879a9, server: None, raw: .. }
Reserved ticket 4270 for customer df5f28c5-88b6-4fb4-979c-6d5f421879a9
Server 65a51e17-fff5-4036-8b94-6db5de4d28d8 received client-request: Request { kind: ReserveTicket, customer: 876addc1-30a4-412a-8d84-966f0d28df0c, server: None, raw: .. }
Reserved ticket 4269 for customer 876addc1-30a4-412a-8d84-966f0d28df0c
Server 799bb1b2-bd8f-49e2-81f8-f7237f0eb223 received client-request: Request { kind: ReserveTicket, customer: f0430dbc-5304-41a9-8309-65b508c6e92e, server: None, raw: .. }
Reserved ticket 4268 for customer f0430dbc-5304-41a9-8309-65b508c6e92e
Server 799bb1b2-bd8f-49e2-81f8-f7237f0eb223 received client-request: Request { kind: ReserveTicket, customer: 6a84f718-0a4a-4867-8ca7-82c6efa45de1, server: None, raw: .. }
Reserved ticket 4267 for customer 6a84f718-0a4a-4867-8ca7-82c6efa45de1
Server 799bb1b2-bd8f-49e2-81f8-f7237f0eb223 received client-request: Request { kind: ReserveTicket, customer: a7361697-d53a-40bc-84df-504591a01cba, server: None, raw: .. }
Reserved ticket 4266 for customer a7361697-d53a-40bc-84df-504591a01cba
Server 799bb1b2-bd8f-49e2-81f8-f7237f0eb223 received client-request: Request { kind: ReserveTicket, customer: 7788062e-f5d6-4bb2-8c87-c5b172a18967, server: None, raw: .. }
Reserved ticket 4265 for customer 7788062e-f5d6-4bb2-8c87-c5b172a18967
Server 799bb1b2-bd8f-49e2-81f8-f7237f0eb223 received client-request: Request { kind: ReserveTicket, customer: 15078efe-5d83-4724-9844-d232810ea136, server: None, raw: .. }
Reserved ticket 4264 for customer 15078efe-5d83-4724-9844-d232810ea136
Server 799bb1b2-bd8f-49e2-81f8-f7237f0eb223 received client-request: Request { kind: ReserveTicket, customer: 39f6c201-4bbb-4d6b-9b8d-812aee4d5e81, server: None, raw: .. }
Reserved ticket 4263 for customer 39f6c201-4bbb-4d6b-9b8d-812aee4d5e81
Server 799bb1b2-bd8f-49e2-81f8-f7237f0eb223 received client-request: Request { kind: ReserveTicket, customer: e0c1edc3-a675-4005-b299-efcb6f64c622, server: None, raw: .. }
Reserved ticket 4262 for customer e0c1edc3-a675-4005-b299-efcb6f64c622
Server 799bb1b2-bd8f-49e2-81f8-f7237f0eb223 received client-request: Request { kind: ReserveTicket, customer: 93fbffd3-e246-4150-88f5-d752c836d3ef, server: None, raw: .. }
Reserved ticket 4261 for customer 93fbffd3-e246-4150-88f5-d752c836d3ef
Server 799bb1b2-bd8f-49e2-81f8-f7237f0eb223 received client-request: Request { kind: ReserveTicket, customer: 6d28bfb2-055c-45a8-a28e-155031c48e2e, server: None, raw: .. }
Reserved ticket 4260 for customer 6d28bfb2-055c-45a8-a28e-155031c48e2e
Server 799bb1b2-bd8f-49e2-81f8-f7237f0eb223 received client-request: Request { kind: ReserveTicket, customer: 51dc5e98-8d8b-45f8-91eb-8bd9bb8824d7, server: None, raw: .. }
Reserved ticket 4259 for customer 51dc5e98-8d8b-45f8-91eb-8bd9bb8824d7
Server 799bb1b2-bd8f-49e2-81f8-f7237f0eb223 received client-request: Request { kind: ReserveTicket, customer: 7fc07dd3-902a-42c0-aaf1-e067874a6d37, server: None, raw: .. }
Reserved ticket 4258 for customer 7fc07dd3-902a-42c0-aaf1-e067874a6d37
Server 799bb1b2-bd8f-49e2-81f8-f7237f0eb223 received client-request: Request { kind: ReserveTicket, customer: 61df2181-018a-4160-87cd-03e42752d32f, server: None, raw: .. }
Reserved ticket 4257 for customer 61df2181-018a-4160-87cd-03e42752d32f
Server 799bb1b2-bd8f-49e2-81f8-f7237f0eb223 received client-request: Request { kind: ReserveTicket, customer: cb0c22b8-bc58-4e90-bb43-b01751882475, server: None, raw: .. }
Reserved ticket 4256 for customer cb0c22b8-bc58-4e90-bb43-b01751882475
Server 799bb1b2-bd8f-49e2-81f8-f7237f0eb223 received client-request: Request { kind: ReserveTicket, customer: 199e6e7c-f666-4aa4-905a-7a74281c6395, server: None, raw: .. }
Reserved ticket 4255 for customer 199e6e7c-f666-4aa4-905a-7a74281c6395
Server 799bb1b2-bd8f-49e2-81f8-f7237f0eb223 received client-request: Request { kind: ReserveTicket, customer: 68dd0b63-512f-48a7-b62d-7f49b996e83f, server: None, raw: .. }
Reserved ticket 4254 for customer 68dd0b63-512f-48a7-b62d-7f49b996e83f
Server 799bb1b2-bd8f-49e2-81f8-f7237f0eb223 received client-request: Request { kind: ReserveTicket, customer: 4978becc-bd81-4d35-ba87-77da93f6f149, server: None, raw: .. }
Reserved ticket 4253 for customer 4978becc-bd81-4d35-ba87-77da93f6f149
Server 799bb1b2-bd8f-49e2-81f8-f7237f0eb223 received client-request: Request { kind: ReserveTicket, customer: 0a808259-d5cb-4bb1-96dc-c9751e45123e, server: None, raw: .. }
Reserved ticket 4252 for customer 0a808259-d5cb-4bb1-96dc-c9751e45123e
Server 799bb1b2-bd8f-49e2-81f8-f7237f0eb223 received client-request: Request { kind: ReserveTicket, customer: 62787964-2538-44e9-a8c0-0811abdc201d, server: None, raw: .. }
Reserved ticket 4251 for customer 62787964-2538-44e9-a8c0-0811abdc201d
Server 799bb1b2-bd8f-49e2-81f8-f7237f0eb223 received client-request: Request { kind: ReserveTicket, customer: b5d549d2-4338-4d64-9262-56a4f6d82ee8, server: None, raw: .. }
Reserved ticket 4250 for customer b5d549d2-4338-4d64-9262-56a4f6d82ee8
Server 65a51e17-fff5-4036-8b94-6db5de4d28d8 received client-request: Request { kind: ReserveTicket, customer: d7dc30bf-cf9a-485d-bcf3-ce4ebbfb4afc, server: None, raw: .. }
Reserved ticket 4249 for customer d7dc30bf-cf9a-485d-bcf3-ce4ebbfb4afc
Server 799bb1b2-bd8f-49e2-81f8-f7237f0eb223 received client-request: Request { kind: ReserveTicket, customer: e0ddb243-076c-4d14-8b6f-c332fe71b86c, server: None, raw: .. }
Reserved ticket 4248 for customer e0ddb243-076c-4d14-8b6f-c332fe71b86c
Server 799bb1b2-bd8f-49e2-81f8-f7237f0eb223 received client-request: Request { kind: ReserveTicket, customer: ba51e8f7-fc01-4f5d-b0ec-c31e8bbab4bd, server: None, raw: .. }
Reserved ticket 4247 for customer ba51e8f7-fc01-4f5d-b0ec-c31e8bbab4bd
Server 799bb1b2-bd8f-49e2-81f8-f7237f0eb223 received client-request: Request { kind: ReserveTicket, customer: 25b97ce4-b09e-47f7-9156-f227268e985d, server: None, raw: .. }
Reserved ticket 4246 for customer 25b97ce4-b09e-47f7-9156-f227268e985d
Server 799bb1b2-bd8f-49e2-81f8-f7237f0eb223 received client-request: Request { kind: ReserveTicket, customer: d392b9ec-c8e1-4cb3-b532-a730faef37f0, server: None, raw: .. }
Reserved ticket 4245 for customer d392b9ec-c8e1-4cb3-b532-a730faef37f0
Server 799bb1b2-bd8f-49e2-81f8-f7237f0eb223 received client-request: Request { kind: ReserveTicket, customer: 523e202b-edeb-43a8-976d-b276d9889487, server: None, raw: .. }
Reserved ticket 4244 for customer 523e202b-edeb-43a8-976d-b276d9889487
Server 799bb1b2-bd8f-49e2-81f8-f7237f0eb223 received client-request: Request { kind: ReserveTicket, customer: cc6d5534-663e-486d-9971-3200be52d557, server: None, raw: .. }
Reserved ticket 4243 for customer cc6d5534-663e-486d-9971-3200be52d557
Server 799bb1b2-bd8f-49e2-81f8-f7237f0eb223 received client-request: Request { kind: ReserveTicket, customer: d5c7b5e1-fda8-4e66-92f8-a8d1a5d11bb1, server: None, raw: .. }
Reserved ticket 4242 for customer d5c7b5e1-fda8-4e66-92f8-a8d1a5d11bb1
Server 799bb1b2-bd8f-49e2-81f8-f7237f0eb223 received client-request: Request { kind: ReserveTicket, customer: 6e08ce4e-1770-453f-b877-bba99dd3586d, server: None, raw: .. }
Reserved ticket 4241 for customer 6e08ce4e-1770-453f-b877-bba99dd3586d
Server 799bb1b2-bd8f-49e2-81f8-f7237f0eb223 received client-request: Request { kind: ReserveTicket, customer: 1174b18e-c7c5-428c-9751-3096e93a0c64, server: None, raw: .. }
Reserved ticket 4240 for customer 1174b18e-c7c5-428c-9751-3096e93a0c64
Server 799bb1b2-bd8f-49e2-81f8-f7237f0eb223 received client-request: Request { kind: ReserveTicket, customer: e007aef2-f37a-44fe-a972-227adabb0699, server: None, raw: .. }
Reserved ticket 4239 for customer e007aef2-f37a-44fe-a972-227adabb0699
Server 799bb1b2-bd8f-49e2-81f8-f7237f0eb223 received client-request: Request { kind: ReserveTicket, customer: 56194437-1275-4b56-a281-bc2a04c3c6e9, server: None, raw: .. }
Reserved ticket 4238 for customer 56194437-1275-4b56-a281-bc2a04c3c6e9
Server 799bb1b2-bd8f-49e2-81f8-f7237f0eb223 received client-request: Request { kind: ReserveTicket, customer: 6f5e1776-3d43-402d-a0dd-50494baed026, server: None, raw: .. }
Reserved ticket 4237 for customer 6f5e1776-3d43-402d-a0dd-50494baed026
Server 799bb1b2-bd8f-49e2-81f8-f7237f0eb223 received client-request: Request { kind: ReserveTicket, customer: 90005ec0-3da1-47d7-819d-ecb33d0bd1f8, server: None, raw: .. }
Reserved ticket 4236 for customer 90005ec0-3da1-47d7-819d-ecb33d0bd1f8
Server 799bb1b2-bd8f-49e2-81f8-f7237f0eb223 received client-request: Request { kind: ReserveTicket, customer: 21986796-7992-4d45-a259-959a46010e6a, server: None, raw: .. }
Reserved ticket 4235 for customer 21986796-7992-4d45-a259-959a46010e6a
Server 799bb1b2-bd8f-49e2-81f8-f7237f0eb223 received client-request: Request { kind: ReserveTicket, customer: f117a8bb-531e-42b8-a004-aa20dde499cf, server: None, raw: .. }
Reserved ticket 4234 for customer f117a8bb-531e-42b8-a004-aa20dde499cf
Server 799bb1b2-bd8f-49e2-81f8-f7237f0eb223 received client-request: Request { kind: ReserveTicket, customer: a57ab517-3db5-4456-8eae-5722a50b60b8, server: None, raw: .. }
Reserved ticket 4233 for customer a57ab517-3db5-4456-8eae-5722a50b60b8
Server 799bb1b2-bd8f-49e2-81f8-f7237f0eb223 received client-request: Request { kind: ReserveTicket, customer: 253cbca3-43ad-4983-99a2-0e019c8ef06e, server: None, raw: .. }
Reserved ticket 4232 for customer 253cbca3-43ad-4983-99a2-0e019c8ef06e
Server 799bb1b2-bd8f-49e2-81f8-f7237f0eb223 received client-request: Request { kind: ReserveTicket, customer: 536bbcc2-47dc-4b7c-9013-ea900b3cedcb, server: None, raw: .. }
Reserved ticket 4231 for customer 536bbcc2-47dc-4b7c-9013-ea900b3cedcb
Server 799bb1b2-bd8f-49e2-81f8-f7237f0eb223 received client-request: Request { kind: ReserveTicket, customer: 0180b2a6-ac84-48e1-a04a-ac9fd7683a9f, server: None, raw: .. }
Reserved ticket 4230 for customer 0180b2a6-ac84-48e1-a04a-ac9fd7683a9f
Server 65a51e17-fff5-4036-8b94-6db5de4d28d8 received client-request: Request { kind: ReserveTicket, customer: 4851fb66-3f06-40f8-b8e0-ddd3dd522636, server: None, raw: .. }
Reserved ticket 4229 for customer 4851fb66-3f06-40f8-b8e0-ddd3dd522636
Server 799bb1b2-bd8f-49e2-81f8-f7237f0eb223 received client-request: Request { kind: ReserveTicket, customer: 7445b1a5-33e5-4679-9b20-fd006ded5db5, server: None, raw: .. }
Reserved ticket 4228 for customer 7445b1a5-33e5-4679-9b20-fd006ded5db5
Server 799bb1b2-bd8f-49e2-81f8-f7237f0eb223 received client-request: Request { kind: ReserveTicket, customer: 7bcd05d2-6b78-447f-b7df-abafe207f7c1, server: None, raw: .. }
Reserved ticket 4227 for customer 7bcd05d2-6b78-447f-b7df-abafe207f7c1
Server 799bb1b2-bd8f-49e2-81f8-f7237f0eb223 received client-request: Request { kind: ReserveTicket, customer: 89723a30-c6c3-4333-9e2b-04d2ff3a619e, server: None, raw: .. }
Reserved ticket 4226 for customer 89723a30-c6c3-4333-9e2b-04d2ff3a619e
Server 799bb1b2-bd8f-49e2-81f8-f7237f0eb223 received client-request: Request { kind: ReserveTicket, customer: 1e6dc907-33f9-4db0-8539-c875493d7ab7, server: None, raw: .. }
Reserved ticket 4225 for customer 1e6dc907-33f9-4db0-8539-c875493d7ab7
Server 799bb1b2-bd8f-49e2-81f8-f7237f0eb223 received client-request: Request { kind: ReserveTicket, customer: c031689e-cbb6-40c2-8022-f84bf55e7fa0, server: None, raw: .. }
Reserved ticket 4224 for customer c031689e-cbb6-40c2-8022-f84bf55e7fa0
Server 799bb1b2-bd8f-49e2-81f8-f7237f0eb223 received client-request: Request { kind: ReserveTicket, customer: ec4e09da-d306-4221-85d8-2aa8e830a1c2, server: None, raw: .. }
Reserved ticket 4223 for customer ec4e09da-d306-4221-85d8-2aa8e830a1c2
Server 799bb1b2-bd8f-49e2-81f8-f7237f0eb223 received client-request: Request { kind: ReserveTicket, customer: bc7c13a9-e2f8-4eab-9516-4a9ea9d1f499, server: None, raw: .. }
Reserved ticket 4222 for customer bc7c13a9-e2f8-4eab-9516-4a9ea9d1f499
Server 799bb1b2-bd8f-49e2-81f8-f7237f0eb223 received client-request: Request { kind: ReserveTicket, customer: 7492d2d1-759c-40e1-aaa3-07916571784e, server: None, raw: .. }
Reserved ticket 4221 for customer 7492d2d1-759c-40e1-aaa3-07916571784e
Server 799bb1b2-bd8f-49e2-81f8-f7237f0eb223 received client-request: Request { kind: ReserveTicket, customer: e5353f07-d0c8-44c6-afef-2d63926fce1f, server: None, raw: .. }
Reserved ticket 4220 for customer e5353f07-d0c8-44c6-afef-2d63926fce1f
Server 799bb1b2-bd8f-49e2-81f8-f7237f0eb223 received client-request: Request { kind: ReserveTicket, customer: ac98fdf9-6ca3-4e51-8c8c-fd59b7564a46, server: None, raw: .. }
Reserved ticket 4219 for customer ac98fdf9-6ca3-4e51-8c8c-fd59b7564a46
Server 799bb1b2-bd8f-49e2-81f8-f7237f0eb223 received client-request: Request { kind: ReserveTicket, customer: 7c302dc2-e2b5-44a9-930f-09541bea0fee, server: None, raw: .. }
Reserved ticket 4218 for customer 7c302dc2-e2b5-44a9-930f-09541bea0fee
Server 799bb1b2-bd8f-49e2-81f8-f7237f0eb223 received client-request: Request { kind: ReserveTicket, customer: 60c13f2a-8f94-4b69-9781-8bb2bf160677, server: None, raw: .. }
Reserved ticket 4217 for customer 60c13f2a-8f94-4b69-9781-8bb2bf160677
Server 799bb1b2-bd8f-49e2-81f8-f7237f0eb223 received client-request: Request { kind: ReserveTicket, customer: 4b02a2e7-66ff-48b5-9827-3919c7850abb, server: None, raw: .. }
Reserved ticket 4216 for customer 4b02a2e7-66ff-48b5-9827-3919c7850abb
Server 799bb1b2-bd8f-49e2-81f8-f7237f0eb223 received client-request: Request { kind: ReserveTicket, customer: b07c8db2-c155-4284-a15a-372e1f1e5f5c, server: None, raw: .. }
Reserved ticket 4215 for customer b07c8db2-c155-4284-a15a-372e1f1e5f5c
Server 799bb1b2-bd8f-49e2-81f8-f7237f0eb223 received client-request: Request { kind: ReserveTicket, customer: 1f22ff24-fa67-44fa-8258-78ef510dc265, server: None, raw: .. }
Reserved ticket 4214 for customer 1f22ff24-fa67-44fa-8258-78ef510dc265
Server 799bb1b2-bd8f-49e2-81f8-f7237f0eb223 received client-request: Request { kind: ReserveTicket, customer: dd8a529a-1542-43e4-808d-557e4e821def, server: None, raw: .. }
Reserved ticket 4213 for customer dd8a529a-1542-43e4-808d-557e4e821def
Server 799bb1b2-bd8f-49e2-81f8-f7237f0eb223 received client-request: Request { kind: ReserveTicket, customer: 70390e81-441e-47ac-b8ea-defd148cfbd5, server: None, raw: .. }
Reserved ticket 4212 for customer 70390e81-441e-47ac-b8ea-defd148cfbd5
Server 799bb1b2-bd8f-49e2-81f8-f7237f0eb223 received client-request: Request { kind: ReserveTicket, customer: a2e22df2-bb5c-4e03-937b-cb44c25fe563, server: None, raw: .. }
Reserved ticket 4211 for customer a2e22df2-bb5c-4e03-937b-cb44c25fe563
Server 799bb1b2-bd8f-49e2-81f8-f7237f0eb223 received client-request: Request { kind: ReserveTicket, customer: a85bff27-5945-48f2-99ff-079fb203fab4, server: None, raw: .. }
Reserved ticket 4210 for customer a85bff27-5945-48f2-99ff-079fb203fab4
Server 65a51e17-fff5-4036-8b94-6db5de4d28d8 received client-request: Request { kind: ReserveTicket, customer: 1fb70f8a-269d-4a83-ab19-4b674e03b36b, server: None, raw: .. }
Reserved ticket 4209 for customer 1fb70f8a-269d-4a83-ab19-4b674e03b36b
Server 799bb1b2-bd8f-49e2-81f8-f7237f0eb223 received client-request: Request { kind: ReserveTicket, customer: 7d762a3a-2af6-4b60-b44e-6cc176d2a2e6, server: None, raw: .. }
Reserved ticket 4208 for customer 7d762a3a-2af6-4b60-b44e-6cc176d2a2e6
Server 799bb1b2-bd8f-49e2-81f8-f7237f0eb223 received client-request: Request { kind: ReserveTicket, customer: 76557325-931b-4039-a73a-386d43fcd69b, server: None, raw: .. }
Reserved ticket 4207 for customer 76557325-931b-4039-a73a-386d43fcd69b
Server 799bb1b2-bd8f-49e2-81f8-f7237f0eb223 received client-request: Request { kind: ReserveTicket, customer: c907ff2e-4044-4e19-abf4-6d4f14525ec4, server: None, raw: .. }
Reserved ticket 4206 for customer c907ff2e-4044-4e19-abf4-6d4f14525ec4
Server 799bb1b2-bd8f-49e2-81f8-f7237f0eb223 received client-request: Request { kind: ReserveTicket, customer: d43c7330-5772-473a-93c4-e42fc974b4f4, server: None, raw: .. }
Reserved ticket 4205 for customer d43c7330-5772-473a-93c4-e42fc974b4f4
Server 799bb1b2-bd8f-49e2-81f8-f7237f0eb223 received client-request: Request { kind: ReserveTicket, customer: ebad333f-0c71-4e93-8847-20e919b555c7, server: None, raw: .. }
Reserved ticket 4204 for customer ebad333f-0c71-4e93-8847-20e919b555c7
Server 799bb1b2-bd8f-49e2-81f8-f7237f0eb223 received client-request: Request { kind: ReserveTicket, customer: 8f8ff788-485b-4683-b6f9-cc36f2bfa3ad, server: None, raw: .. }
Reserved ticket 4203 for customer 8f8ff788-485b-4683-b6f9-cc36f2bfa3ad
Server 799bb1b2-bd8f-49e2-81f8-f7237f0eb223 received client-request: Request { kind: ReserveTicket, customer: 85642e7c-ddfa-44e5-a4a2-aecf875559e7, server: None, raw: .. }
Reserved ticket 4202 for customer 85642e7c-ddfa-44e5-a4a2-aecf875559e7
Server 799bb1b2-bd8f-49e2-81f8-f7237f0eb223 received client-request: Request { kind: ReserveTicket, customer: 7fdf12be-05cf-4d71-bd7e-969437d4e477, server: None, raw: .. }
Reserved ticket 4201 for customer 7fdf12be-05cf-4d71-bd7e-969437d4e477
Server 799bb1b2-bd8f-49e2-81f8-f7237f0eb223 received client-request: Request { kind: ReserveTicket, customer: 27e35a73-ebe0-4a86-923f-6ef110cf70a5, server: None, raw: .. }
Reserved ticket 4200 for customer 27e35a73-ebe0-4a86-923f-6ef110cf70a5
Server 799bb1b2-bd8f-49e2-81f8-f7237f0eb223 received client-request: Request { kind: ReserveTicket, customer: ec505099-a5a2-4868-a561-2a8f1e7add14, server: None, raw: .. }
Reserved ticket 4199 for customer ec505099-a5a2-4868-a561-2a8f1e7add14
Server 799bb1b2-bd8f-49e2-81f8-f7237f0eb223 received client-request: Request { kind: ReserveTicket, customer: 6d81ca6f-ae5e-4885-b3cd-c5bca49d201e, server: None, raw: .. }
Reserved ticket 4198 for customer 6d81ca6f-ae5e-4885-b3cd-c5bca49d201e
Server 799bb1b2-bd8f-49e2-81f8-f7237f0eb223 received client-request: Request { kind: ReserveTicket, customer: 90c76989-db2a-4c77-9919-a1f7ccc4d7d0, server: None, raw: .. }
Reserved ticket 4197 for customer 90c76989-db2a-4c77-9919-a1f7ccc4d7d0
Server 799bb1b2-bd8f-49e2-81f8-f7237f0eb223 received client-request: Request { kind: ReserveTicket, customer: 206c6a41-215a-4ede-9731-855708bef80e, server: None, raw: .. }
Reserved ticket 4196 for customer 206c6a41-215a-4ede-9731-855708bef80e
Server 799bb1b2-bd8f-49e2-81f8-f7237f0eb223 received client-request: Request { kind: ReserveTicket, customer: 7c5c706d-3f73-4c6f-8579-289c9c155def, server: None, raw: .. }
Reserved ticket 4195 for customer 7c5c706d-3f73-4c6f-8579-289c9c155def
Server 799bb1b2-bd8f-49e2-81f8-f7237f0eb223 received client-request: Request { kind: ReserveTicket, customer: e09fe71b-6ffc-4749-8603-9c10c7382632, server: None, raw: .. }
Reserved ticket 4194 for customer e09fe71b-6ffc-4749-8603-9c10c7382632
Server 799bb1b2-bd8f-49e2-81f8-f7237f0eb223 received client-request: Request { kind: ReserveTicket, customer: a8eb577c-e6ec-4dbf-b7ce-0dcf92d5299e, server: None, raw: .. }
Reserved ticket 4193 for customer a8eb577c-e6ec-4dbf-b7ce-0dcf92d5299e
Server 799bb1b2-bd8f-49e2-81f8-f7237f0eb223 received client-request: Request { kind: ReserveTicket, customer: 573b1c1d-2db5-4c8f-8127-9aecbb6b0e30, server: None, raw: .. }
Reserved ticket 4192 for customer 573b1c1d-2db5-4c8f-8127-9aecbb6b0e30
Server 799bb1b2-bd8f-49e2-81f8-f7237f0eb223 received client-request: Request { kind: ReserveTicket, customer: 8d9455ac-b58f-46d4-b6a7-0d94f8d9b8c3, server: None, raw: .. }
Reserved ticket 4191 for customer 8d9455ac-b58f-46d4-b6a7-0d94f8d9b8c3
Server 799bb1b2-bd8f-49e2-81f8-f7237f0eb223 received client-request: Request { kind: ReserveTicket, customer: 9bbf2bd5-1385-42f9-a3b8-2e567e5bf726, server: None, raw: .. }
Reserved ticket 4190 for customer 9bbf2bd5-1385-42f9-a3b8-2e567e5bf726
Server 65a51e17-fff5-4036-8b94-6db5de4d28d8 received client-request: Request { kind: ReserveTicket, customer: 464b0b7b-ff89-45d1-ae44-4a886a05ee9c, server: None, raw: .. }
Reserved ticket 4189 for customer 464b0b7b-ff89-45d1-ae44-4a886a05ee9c
Server 799bb1b2-bd8f-49e2-81f8-f7237f0eb223 received client-request: Request { kind: ReserveTicket, customer: 630db7b0-0bd6-4dc9-ad50-6d3ef5e47f53, server: None, raw: .. }
Reserved ticket 4188 for customer 630db7b0-0bd6-4dc9-ad50-6d3ef5e47f53
Server 799bb1b2-bd8f-49e2-81f8-f7237f0eb223 received client-request: Request { kind: ReserveTicket, customer: fddfba5f-6074-4563-a305-9b1537077729, server: None, raw: .. }
Reserved ticket 4187 for customer fddfba5f-6074-4563-a305-9b1537077729
Server 799bb1b2-bd8f-49e2-81f8-f7237f0eb223 received client-request: Request { kind: ReserveTicket, customer: fc9928a0-7b49-4676-a1b5-3115c2918744, server: None, raw: .. }
Reserved ticket 4186 for customer fc9928a0-7b49-4676-a1b5-3115c2918744
Server 799bb1b2-bd8f-49e2-81f8-f7237f0eb223 received client-request: Request { kind: ReserveTicket, customer: a6ff2451-8195-4125-b32b-fcdb1444816c, server: None, raw: .. }
Reserved ticket 4185 for customer a6ff2451-8195-4125-b32b-fcdb1444816c
Server 799bb1b2-bd8f-49e2-81f8-f7237f0eb223 received client-request: Request { kind: ReserveTicket, customer: a68bf816-35c7-49dc-9bb2-abc629d8af5a, server: None, raw: .. }
Reserved ticket 4184 for customer a68bf816-35c7-49dc-9bb2-abc629d8af5a
Server 799bb1b2-bd8f-49e2-81f8-f7237f0eb223 received client-request: Request { kind: ReserveTicket, customer: b725b5b5-993a-4f38-9f8e-121791d46817, server: None, raw: .. }
Reserved ticket 4183 for customer b725b5b5-993a-4f38-9f8e-121791d46817
Server 799bb1b2-bd8f-49e2-81f8-f7237f0eb223 received client-request: Request { kind: ReserveTicket, customer: fcde36bd-b1ed-4c77-a358-c9066193d1ee, server: None, raw: .. }
Reserved ticket 4182 for customer fcde36bd-b1ed-4c77-a358-c9066193d1ee
Server 799bb1b2-bd8f-49e2-81f8-f7237f0eb223 received client-request: Request { kind: ReserveTicket, customer: fe64fd04-25e0-4084-855e-44de50781464, server: None, raw: .. }
Reserved ticket 4181 for customer fe64fd04-25e0-4084-855e-44de50781464
Server 799bb1b2-bd8f-49e2-81f8-f7237f0eb223 received client-request: Request { kind: ReserveTicket, customer: d9bfb67a-b8c7-4e87-9532-36a62ca4259b, server: None, raw: .. }
Reserved ticket 4180 for customer d9bfb67a-b8c7-4e87-9532-36a62ca4259b
Server 799bb1b2-bd8f-49e2-81f8-f7237f0eb223 received client-request: Request { kind: ReserveTicket, customer: 26857246-eda0-45bb-93d8-30568389bf72, server: None, raw: .. }
Reserved ticket 4179 for customer 26857246-eda0-45bb-93d8-30568389bf72
Server 799bb1b2-bd8f-49e2-81f8-f7237f0eb223 received client-request: Request { kind: ReserveTicket, customer: b47818f1-f3f3-4c29-bcb8-c6cd00a17f9b, server: None, raw: .. }
Reserved ticket 4178 for customer b47818f1-f3f3-4c29-bcb8-c6cd00a17f9b
Server 799bb1b2-bd8f-49e2-81f8-f7237f0eb223 received client-request: Request { kind: ReserveTicket, customer: aa29e828-8e41-4a09-a873-898e0f43a6c7, server: None, raw: .. }
Reserved ticket 4177 for customer aa29e828-8e41-4a09-a873-898e0f43a6c7
Server 799bb1b2-bd8f-49e2-81f8-f7237f0eb223 received client-request: Request { kind: ReserveTicket, customer: 2221c17f-ccf0-4ee9-ba38-c3c3ac57b148, server: None, raw: .. }
Reserved ticket 4176 for customer 2221c17f-ccf0-4ee9-ba38-c3c3ac57b148
Server 799bb1b2-bd8f-49e2-81f8-f7237f0eb223 received client-request: Request { kind: ReserveTicket, customer: 16cdf46f-0c0f-48a2-9734-c02c78f6bf75, server: None, raw: .. }
Reserved ticket 4175 for customer 16cdf46f-0c0f-48a2-9734-c02c78f6bf75
Server 799bb1b2-bd8f-49e2-81f8-f7237f0eb223 received client-request: Request { kind: ReserveTicket, customer: 0d8fdd4c-1ba5-4983-88d9-263a037a87b8, server: None, raw: .. }
Reserved ticket 4174 for customer 0d8fdd4c-1ba5-4983-88d9-263a037a87b8
Server 799bb1b2-bd8f-49e2-81f8-f7237f0eb223 received client-request: Request { kind: ReserveTicket, customer: 1e54c573-1593-42e5-bf91-c17e2be09ba1, server: None, raw: .. }
Reserved ticket 4173 for customer 1e54c573-1593-42e5-bf91-c17e2be09ba1
Server 799bb1b2-bd8f-49e2-81f8-f7237f0eb223 received client-request: Request { kind: ReserveTicket, customer: 7c754fb1-4c27-466f-978e-0814c6152880, server: None, raw: .. }
Reserved ticket 4172 for customer 7c754fb1-4c27-466f-978e-0814c6152880
Server 799bb1b2-bd8f-49e2-81f8-f7237f0eb223 received client-request: Request { kind: ReserveTicket, customer: 621a1d39-2c96-4ab6-8653-54802f91ab72, server: None, raw: .. }
Reserved ticket 4171 for customer 621a1d39-2c96-4ab6-8653-54802f91ab72
Server 799bb1b2-bd8f-49e2-81f8-f7237f0eb223 received client-request: Request { kind: ReserveTicket, customer: 746d2453-6e0e-4fa9-aa4d-a50a0278739f, server: None, raw: .. }
Reserved ticket 4170 for customer 746d2453-6e0e-4fa9-aa4d-a50a0278739f
Server 65a51e17-fff5-4036-8b94-6db5de4d28d8 received client-request: Request { kind: ReserveTicket, customer: 71426ae9-61ba-42c8-829c-181b06bafb8e, server: None, raw: .. }
Reserved ticket 4169 for customer 71426ae9-61ba-42c8-829c-181b06bafb8e
Server 799bb1b2-bd8f-49e2-81f8-f7237f0eb223 received client-request: Request { kind: ReserveTicket, customer: ca2d7d00-a4d0-4763-ad00-53f9b42f02a4, server: None, raw: .. }
Reserved ticket 4168 for customer ca2d7d00-a4d0-4763-ad00-53f9b42f02a4
Server 799bb1b2-bd8f-49e2-81f8-f7237f0eb223 received client-request: Request { kind: ReserveTicket, customer: 9c832c6a-c7d1-4a16-8e81-43861691874d, server: None, raw: .. }
Reserved ticket 4167 for customer 9c832c6a-c7d1-4a16-8e81-43861691874d
Server 799bb1b2-bd8f-49e2-81f8-f7237f0eb223 received client-request: Request { kind: ReserveTicket, customer: 248f9dc5-2943-46ca-8525-1a175826ab72, server: None, raw: .. }
Reserved ticket 4166 for customer 248f9dc5-2943-46ca-8525-1a175826ab72
Server 799bb1b2-bd8f-49e2-81f8-f7237f0eb223 received client-request: Request { kind: ReserveTicket, customer: 90524de9-8e06-4816-8fd0-73cbf087dfcb, server: None, raw: .. }
Reserved ticket 4165 for customer 90524de9-8e06-4816-8fd0-73cbf087dfcb
Server 799bb1b2-bd8f-49e2-81f8-f7237f0eb223 received client-request: Request { kind: ReserveTicket, customer: 69157a08-cc3e-4b66-8a18-7792ef05c45e, server: None, raw: .. }
Reserved ticket 4164 for customer 69157a08-cc3e-4b66-8a18-7792ef05c45e
Server 799bb1b2-bd8f-49e2-81f8-f7237f0eb223 received client-request: Request { kind: ReserveTicket, customer: a7b35921-9308-45f7-a4c8-066de4decbfe, server: None, raw: .. }
Reserved ticket 4163 for customer a7b35921-9308-45f7-a4c8-066de4decbfe
Server 799bb1b2-bd8f-49e2-81f8-f7237f0eb223 received client-request: Request { kind: ReserveTicket, customer: 52a61702-56e6-4cc7-88c2-d71cee41ae69, server: None, raw: .. }
Reserved ticket 4162 for customer 52a61702-56e6-4cc7-88c2-d71cee41ae69
Server 799bb1b2-bd8f-49e2-81f8-f7237f0eb223 received client-request: Request { kind: ReserveTicket, customer: ef0c1564-29e1-46f3-a56d-22abf431e67b, server: None, raw: .. }
Reserved ticket 4161 for customer ef0c1564-29e1-46f3-a56d-22abf431e67b
Server 799bb1b2-bd8f-49e2-81f8-f7237f0eb223 received client-request: Request { kind: ReserveTicket, customer: 902b9968-b8fe-4bae-9630-d8d603082bb4, server: None, raw: .. }
Reserved ticket 4160 for customer 902b9968-b8fe-4bae-9630-d8d603082bb4
Server 799bb1b2-bd8f-49e2-81f8-f7237f0eb223 received client-request: Request { kind: ReserveTicket, customer: 5eb14921-80ce-478d-84ce-b9e5910bd3b8, server: None, raw: .. }
Reserved ticket 4159 for customer 5eb14921-80ce-478d-84ce-b9e5910bd3b8
Server 799bb1b2-bd8f-49e2-81f8-f7237f0eb223 received client-request: Request { kind: ReserveTicket, customer: f126cd02-a05c-4940-83f3-16c8a92dcb21, server: None, raw: .. }
Reserved ticket 4158 for customer f126cd02-a05c-4940-83f3-16c8a92dcb21
Server 799bb1b2-bd8f-49e2-81f8-f7237f0eb223 received client-request: Request { kind: ReserveTicket, customer: a84cac78-6ab1-492a-8059-29b37c44828e, server: None, raw: .. }
Reserved ticket 4157 for customer a84cac78-6ab1-492a-8059-29b37c44828e
Server 799bb1b2-bd8f-49e2-81f8-f7237f0eb223 received client-request: Request { kind: ReserveTicket, customer: 3705d4bc-3dba-424c-99d8-147d670c4821, server: None, raw: .. }
Reserved ticket 4156 for customer 3705d4bc-3dba-424c-99d8-147d670c4821
Server 799bb1b2-bd8f-49e2-81f8-f7237f0eb223 received client-request: Request { kind: ReserveTicket, customer: aaed252a-f735-40f5-b1ea-f3eecde2e80e, server: None, raw: .. }
Reserved ticket 4155 for customer aaed252a-f735-40f5-b1ea-f3eecde2e80e
Server 799bb1b2-bd8f-49e2-81f8-f7237f0eb223 received client-request: Request { kind: ReserveTicket, customer: a4db6ceb-c317-4367-992a-ef9a95c27d05, server: None, raw: .. }
Reserved ticket 4154 for customer a4db6ceb-c317-4367-992a-ef9a95c27d05
Server 799bb1b2-bd8f-49e2-81f8-f7237f0eb223 received client-request: Request { kind: ReserveTicket, customer: 24aa19e7-368a-4bdd-ba43-481eac6fb37b, server: None, raw: .. }
Reserved ticket 4153 for customer 24aa19e7-368a-4bdd-ba43-481eac6fb37b
Server 799bb1b2-bd8f-49e2-81f8-f7237f0eb223 received client-request: Request { kind: ReserveTicket, customer: f7dc6394-d232-4258-8e68-726361bf7e23, server: None, raw: .. }
Reserved ticket 4152 for customer f7dc6394-d232-4258-8e68-726361bf7e23
Server 799bb1b2-bd8f-49e2-81f8-f7237f0eb223 received client-request: Request { kind: ReserveTicket, customer: 6d49c688-d3a1-4f4e-af18-6f8c95c917ee, server: None, raw: .. }
Reserved ticket 4151 for customer 6d49c688-d3a1-4f4e-af18-6f8c95c917ee
Server 799bb1b2-bd8f-49e2-81f8-f7237f0eb223 received client-request: Request { kind: ReserveTicket, customer: 846d2066-4bad-4291-81bd-828ea9100a09, server: None, raw: .. }
Reserved ticket 4150 for customer 846d2066-4bad-4291-81bd-828ea9100a09
Server 65a51e17-fff5-4036-8b94-6db5de4d28d8 received client-request: Request { kind: ReserveTicket, customer: 6561d0c6-d09d-448b-98dc-fdaab85efaa0, server: None, raw: .. }
Reserved ticket 4149 for customer 6561d0c6-d09d-448b-98dc-fdaab85efaa0
Server 799bb1b2-bd8f-49e2-81f8-f7237f0eb223 received client-request: Request { kind: ReserveTicket, customer: de795431-b6aa-46d8-b3a1-149c73ff71c1, server: None, raw: .. }
Reserved ticket 4148 for customer de795431-b6aa-46d8-b3a1-149c73ff71c1
Server 799bb1b2-bd8f-49e2-81f8-f7237f0eb223 received client-request: Request { kind: ReserveTicket, customer: c9f18903-b78c-4784-843a-cf66bbc4abf4, server: None, raw: .. }
Reserved ticket 4147 for customer c9f18903-b78c-4784-843a-cf66bbc4abf4
Server 799bb1b2-bd8f-49e2-81f8-f7237f0eb223 received client-request: Request { kind: ReserveTicket, customer: 1ce8e959-e04e-4025-bf42-55f1974e13e1, server: None, raw: .. }
Reserved ticket 4146 for customer 1ce8e959-e04e-4025-bf42-55f1974e13e1
Server 799bb1b2-bd8f-49e2-81f8-f7237f0eb223 received client-request: Request { kind: ReserveTicket, customer: 44f4c205-91b9-4353-9daa-6fec7aa16d5d, server: None, raw: .. }
Reserved ticket 4145 for customer 44f4c205-91b9-4353-9daa-6fec7aa16d5d
Server 799bb1b2-bd8f-49e2-81f8-f7237f0eb223 received client-request: Request { kind: ReserveTicket, customer: 1d597bd3-27ab-4daa-81da-39e01c283177, server: None, raw: .. }
Reserved ticket 4144 for customer 1d597bd3-27ab-4daa-81da-39e01c283177
Server 799bb1b2-bd8f-49e2-81f8-f7237f0eb223 received client-request: Request { kind: ReserveTicket, customer: 38a08f0a-564a-4980-b5e7-11993f39dd2c, server: None, raw: .. }
Reserved ticket 4143 for customer 38a08f0a-564a-4980-b5e7-11993f39dd2c
Server 799bb1b2-bd8f-49e2-81f8-f7237f0eb223 received client-request: Request { kind: ReserveTicket, customer: 20a2aa1c-cbd1-41a8-aef5-839e1b502ed6, server: None, raw: .. }
Reserved ticket 4142 for customer 20a2aa1c-cbd1-41a8-aef5-839e1b502ed6
Server 799bb1b2-bd8f-49e2-81f8-f7237f0eb223 received client-request: Request { kind: ReserveTicket, customer: 41a9b50d-8ad8-47be-9880-69c9b4467212, server: None, raw: .. }
Reserved ticket 4141 for customer 41a9b50d-8ad8-47be-9880-69c9b4467212
Server 799bb1b2-bd8f-49e2-81f8-f7237f0eb223 received client-request: Request { kind: ReserveTicket, customer: 4a466d82-24a1-4a62-ab3b-4f6e752f7a9d, server: None, raw: .. }
Reserved ticket 4140 for customer 4a466d82-24a1-4a62-ab3b-4f6e752f7a9d
Server 799bb1b2-bd8f-49e2-81f8-f7237f0eb223 received client-request: Request { kind: ReserveTicket, customer: 426ec236-a90d-4189-bf76-26918d0c3dbe, server: None, raw: .. }
Reserved ticket 4139 for customer 426ec236-a90d-4189-bf76-26918d0c3dbe
Server 799bb1b2-bd8f-49e2-81f8-f7237f0eb223 received client-request: Request { kind: ReserveTicket, customer: b982d45e-a422-4ff1-8d0f-f2e780d3ed84, server: None, raw: .. }
Reserved ticket 4138 for customer b982d45e-a422-4ff1-8d0f-f2e780d3ed84
Server 799bb1b2-bd8f-49e2-81f8-f7237f0eb223 received client-request: Request { kind: ReserveTicket, customer: d40137a1-3b1e-4fb3-8bc7-a74e54ee9be1, server: None, raw: .. }
Reserved ticket 4137 for customer d40137a1-3b1e-4fb3-8bc7-a74e54ee9be1
Server 799bb1b2-bd8f-49e2-81f8-f7237f0eb223 received client-request: Request { kind: ReserveTicket, customer: c3908d34-bd19-4112-9a55-1ca5660ef2e2, server: None, raw: .. }
Reserved ticket 4136 for customer c3908d34-bd19-4112-9a55-1ca5660ef2e2
Server 799bb1b2-bd8f-49e2-81f8-f7237f0eb223 received client-request: Request { kind: ReserveTicket, customer: 54ad7b79-e541-4b01-801d-e5b618275743, server: None, raw: .. }
Reserved ticket 4135 for customer 54ad7b79-e541-4b01-801d-e5b618275743
Server 799bb1b2-bd8f-49e2-81f8-f7237f0eb223 received client-request: Request { kind: ReserveTicket, customer: 54a588f7-627b-49b0-93c3-707d66ef1549, server: None, raw: .. }
Reserved ticket 4134 for customer 54a588f7-627b-49b0-93c3-707d66ef1549
Server 799bb1b2-bd8f-49e2-81f8-f7237f0eb223 received client-request: Request { kind: ReserveTicket, customer: a647e1ea-6be1-43c4-8124-af35514c4827, server: None, raw: .. }
Reserved ticket 4133 for customer a647e1ea-6be1-43c4-8124-af35514c4827
Server 799bb1b2-bd8f-49e2-81f8-f7237f0eb223 received client-request: Request { kind: ReserveTicket, customer: 77e10fbd-0ab9-4ea0-8dcf-95f2edd12585, server: None, raw: .. }
Reserved ticket 4132 for customer 77e10fbd-0ab9-4ea0-8dcf-95f2edd12585
Server 799bb1b2-bd8f-49e2-81f8-f7237f0eb223 received client-request: Request { kind: ReserveTicket, customer: dc6987d5-e32c-4ceb-bf35-432f94a724b5, server: None, raw: .. }
Reserved ticket 4131 for customer dc6987d5-e32c-4ceb-bf35-432f94a724b5
Server 799bb1b2-bd8f-49e2-81f8-f7237f0eb223 received client-request: Request { kind: ReserveTicket, customer: 1f0ef975-0538-4e9c-9024-83c7c7dbe82e, server: None, raw: .. }
Reserved ticket 4130 for customer 1f0ef975-0538-4e9c-9024-83c7c7dbe82e
Server 65a51e17-fff5-4036-8b94-6db5de4d28d8 received client-request: Request { kind: ReserveTicket, customer: 936102c4-d297-4fd1-b68b-4ca9e45025dc, server: None, raw: .. }
Reserved ticket 4129 for customer 936102c4-d297-4fd1-b68b-4ca9e45025dc
Server 799bb1b2-bd8f-49e2-81f8-f7237f0eb223 received client-request: Request { kind: ReserveTicket, customer: 3ee731f9-52c9-4ac3-b3ea-9f5ad2826e53, server: None, raw: .. }
Reserved ticket 4128 for customer 3ee731f9-52c9-4ac3-b3ea-9f5ad2826e53
Server 799bb1b2-bd8f-49e2-81f8-f7237f0eb223 received client-request: Request { kind: ReserveTicket, customer: 3f821b52-36aa-4d55-8047-6531ce529377, server: None, raw: .. }
Reserved ticket 4127 for customer 3f821b52-36aa-4d55-8047-6531ce529377
Server 799bb1b2-bd8f-49e2-81f8-f7237f0eb223 received client-request: Request { kind: ReserveTicket, customer: 9440d07f-ba7b-4839-99a1-843ff94594e3, server: None, raw: .. }
Reserved ticket 4126 for customer 9440d07f-ba7b-4839-99a1-843ff94594e3
Server 799bb1b2-bd8f-49e2-81f8-f7237f0eb223 received client-request: Request { kind: ReserveTicket, customer: 20df0169-9a1e-4696-b175-2b930edeadd9, server: None, raw: .. }
Reserved ticket 4125 for customer 20df0169-9a1e-4696-b175-2b930edeadd9
Server 799bb1b2-bd8f-49e2-81f8-f7237f0eb223 received client-request: Request { kind: ReserveTicket, customer: 4330691d-d692-4c30-9924-f8bd007a21fe, server: None, raw: .. }
Reserved ticket 4124 for customer 4330691d-d692-4c30-9924-f8bd007a21fe
Server 799bb1b2-bd8f-49e2-81f8-f7237f0eb223 received client-request: Request { kind: ReserveTicket, customer: b48aced1-c936-4480-b38f-97dd5f4ea469, server: None, raw: .. }
Reserved ticket 4123 for customer b48aced1-c936-4480-b38f-97dd5f4ea469
Server 799bb1b2-bd8f-49e2-81f8-f7237f0eb223 received client-request: Request { kind: ReserveTicket, customer: 6d657584-3d3f-4c2b-ae49-c06bde89460d, server: None, raw: .. }
Reserved ticket 4122 for customer 6d657584-3d3f-4c2b-ae49-c06bde89460d
Server 799bb1b2-bd8f-49e2-81f8-f7237f0eb223 received client-request: Request { kind: ReserveTicket, customer: 5e6aaca0-d24c-41d2-a378-5a6455e66f22, server: None, raw: .. }
Reserved ticket 4121 for customer 5e6aaca0-d24c-41d2-a378-5a6455e66f22
Server 799bb1b2-bd8f-49e2-81f8-f7237f0eb223 received client-request: Request { kind: ReserveTicket, customer: c1bc6d06-8d37-4317-b813-e490dd15ab5b, server: None, raw: .. }
Reserved ticket 4120 for customer c1bc6d06-8d37-4317-b813-e490dd15ab5b
Server 799bb1b2-bd8f-49e2-81f8-f7237f0eb223 received client-request: Request { kind: ReserveTicket, customer: d3d203e1-7be9-4f7e-81ac-9b3395f183d6, server: None, raw: .. }
Reserved ticket 4119 for customer d3d203e1-7be9-4f7e-81ac-9b3395f183d6
Server 799bb1b2-bd8f-49e2-81f8-f7237f0eb223 received client-request: Request { kind: ReserveTicket, customer: 1d1c233f-826d-4966-bbfa-e80ecf8fda3a, server: None, raw: .. }
Reserved ticket 4118 for customer 1d1c233f-826d-4966-bbfa-e80ecf8fda3a
Server 799bb1b2-bd8f-49e2-81f8-f7237f0eb223 received client-request: Request { kind: ReserveTicket, customer: 705f32c5-ad5b-43e5-be34-e5ea7c99af49, server: None, raw: .. }
Reserved ticket 4117 for customer 705f32c5-ad5b-43e5-be34-e5ea7c99af49
Server 799bb1b2-bd8f-49e2-81f8-f7237f0eb223 received client-request: Request { kind: ReserveTicket, customer: a180c81a-2ea7-4b1a-a33b-3a6125b00df8, server: None, raw: .. }
Reserved ticket 4116 for customer a180c81a-2ea7-4b1a-a33b-3a6125b00df8
Server 799bb1b2-bd8f-49e2-81f8-f7237f0eb223 received client-request: Request { kind: ReserveTicket, customer: 57056414-daa1-4975-b5e0-0e163f722caf, server: None, raw: .. }
Reserved ticket 4115 for customer 57056414-daa1-4975-b5e0-0e163f722caf
Server 799bb1b2-bd8f-49e2-81f8-f7237f0eb223 received client-request: Request { kind: ReserveTicket, customer: cb170af0-cd9a-43a0-94fb-82519a5dce45, server: None, raw: .. }
Reserved ticket 4114 for customer cb170af0-cd9a-43a0-94fb-82519a5dce45
Server 799bb1b2-bd8f-49e2-81f8-f7237f0eb223 received client-request: Request { kind: ReserveTicket, customer: 321a0877-bcc6-4d63-886a-7c479c52f7d7, server: None, raw: .. }
Reserved ticket 4113 for customer 321a0877-bcc6-4d63-886a-7c479c52f7d7
Server 799bb1b2-bd8f-49e2-81f8-f7237f0eb223 received client-request: Request { kind: ReserveTicket, customer: 3e4ea296-668b-474a-9c9e-c618bae4bc37, server: None, raw: .. }
Reserved ticket 4112 for customer 3e4ea296-668b-474a-9c9e-c618bae4bc37
Server 799bb1b2-bd8f-49e2-81f8-f7237f0eb223 received client-request: Request { kind: ReserveTicket, customer: 9032f93c-3a82-4b93-8cd0-f666662d5b19, server: None, raw: .. }
Reserved ticket 4111 for customer 9032f93c-3a82-4b93-8cd0-f666662d5b19
Server 799bb1b2-bd8f-49e2-81f8-f7237f0eb223 received client-request: Request { kind: ReserveTicket, customer: bbed5801-2084-440b-9127-728587e72280, server: None, raw: .. }
Reserved ticket 4110 for customer bbed5801-2084-440b-9127-728587e72280
Server 65a51e17-fff5-4036-8b94-6db5de4d28d8 received client-request: Request { kind: ReserveTicket, customer: 25acff88-b2a6-4a46-b46f-afb8d17ca64d, server: None, raw: .. }
Reserved ticket 4109 for customer 25acff88-b2a6-4a46-b46f-afb8d17ca64d
Server 799bb1b2-bd8f-49e2-81f8-f7237f0eb223 received client-request: Request { kind: ReserveTicket, customer: 0dc3b9a2-96f7-4c2a-9e87-24739fee72b2, server: None, raw: .. }
Reserved ticket 4108 for customer 0dc3b9a2-96f7-4c2a-9e87-24739fee72b2
Server 799bb1b2-bd8f-49e2-81f8-f7237f0eb223 received client-request: Request { kind: ReserveTicket, customer: d8498abd-3f6b-44eb-a458-1899894997ed, server: None, raw: .. }
Reserved ticket 4107 for customer d8498abd-3f6b-44eb-a458-1899894997ed
Server 799bb1b2-bd8f-49e2-81f8-f7237f0eb223 received client-request: Request { kind: ReserveTicket, customer: 53525f72-bbf3-41ab-9436-546458b43806, server: None, raw: .. }
Reserved ticket 4106 for customer 53525f72-bbf3-41ab-9436-546458b43806
Server 799bb1b2-bd8f-49e2-81f8-f7237f0eb223 received client-request: Request { kind: ReserveTicket, customer: a247d716-1bb3-4fdb-ad50-48948469c1cb, server: None, raw: .. }
Reserved ticket 4105 for customer a247d716-1bb3-4fdb-ad50-48948469c1cb
Server 799bb1b2-bd8f-49e2-81f8-f7237f0eb223 received client-request: Request { kind: ReserveTicket, customer: 242a89e1-daf2-4639-8577-7b140b4b60f1, server: None, raw: .. }
Reserved ticket 4104 for customer 242a89e1-daf2-4639-8577-7b140b4b60f1
Server 799bb1b2-bd8f-49e2-81f8-f7237f0eb223 received client-request: Request { kind: ReserveTicket, customer: 9da76755-4fde-44d1-9cbd-753ff350fdfb, server: None, raw: .. }
Reserved ticket 4103 for customer 9da76755-4fde-44d1-9cbd-753ff350fdfb
Server 799bb1b2-bd8f-49e2-81f8-f7237f0eb223 received client-request: Request { kind: ReserveTicket, customer: 8be30334-eecd-4692-8eb9-d6b3cdaae6c6, server: None, raw: .. }
Reserved ticket 4102 for customer 8be30334-eecd-4692-8eb9-d6b3cdaae6c6
Server 799bb1b2-bd8f-49e2-81f8-f7237f0eb223 received client-request: Request { kind: ReserveTicket, customer: b04f6155-020a-4c53-aa34-d981502da902, server: None, raw: .. }
Reserved ticket 4101 for customer b04f6155-020a-4c53-aa34-d981502da902
Server 799bb1b2-bd8f-49e2-81f8-f7237f0eb223 received client-request: Request { kind: ReserveTicket, customer: 47be173d-a75d-4960-9173-90a40f3a7a96, server: None, raw: .. }
Reserved ticket 4100 for customer 47be173d-a75d-4960-9173-90a40f3a7a96
Server 799bb1b2-bd8f-49e2-81f8-f7237f0eb223 received client-request: Request { kind: ReserveTicket, customer: b54f328b-7aa3-44da-95db-0f2720872ec1, server: None, raw: .. }
Reserved ticket 4099 for customer b54f328b-7aa3-44da-95db-0f2720872ec1
Server 799bb1b2-bd8f-49e2-81f8-f7237f0eb223 received client-request: Request { kind: ReserveTicket, customer: 9cec7863-810d-45c4-822e-a51a7225e2c8, server: None, raw: .. }
Reserved ticket 4098 for customer 9cec7863-810d-45c4-822e-a51a7225e2c8
Server 799bb1b2-bd8f-49e2-81f8-f7237f0eb223 received client-request: Request { kind: ReserveTicket, customer: ce3f90f6-04ee-4ffb-99fd-7001a0fcbbe5, server: None, raw: .. }
Reserved ticket 4097 for customer ce3f90f6-04ee-4ffb-99fd-7001a0fcbbe5
Server 799bb1b2-bd8f-49e2-81f8-f7237f0eb223 received client-request: Request { kind: ReserveTicket, customer: f56d7c11-1e8d-4e92-834d-4092848cbc08, server: None, raw: .. }
Reserved ticket 4096 for customer f56d7c11-1e8d-4e92-834d-4092848cbc08
Server 799bb1b2-bd8f-49e2-81f8-f7237f0eb223 received client-request: Request { kind: ReserveTicket, customer: 73bcd96b-5b33-47ce-b76b-a405bd409155, server: None, raw: .. }
Reserved ticket 4095 for customer 73bcd96b-5b33-47ce-b76b-a405bd409155
Server 799bb1b2-bd8f-49e2-81f8-f7237f0eb223 received client-request: Request { kind: ReserveTicket, customer: e6e27ce0-a51c-49ef-952d-37969e13995e, server: None, raw: .. }
Reserved ticket 4094 for customer e6e27ce0-a51c-49ef-952d-37969e13995e
Server 799bb1b2-bd8f-49e2-81f8-f7237f0eb223 received client-request: Request { kind: ReserveTicket, customer: 40d9a8ac-1dd0-4a97-a119-291446f94106, server: None, raw: .. }
Reserved ticket 4093 for customer 40d9a8ac-1dd0-4a97-a119-291446f94106
Server 799bb1b2-bd8f-49e2-81f8-f7237f0eb223 received client-request: Request { kind: ReserveTicket, customer: 348e0450-2574-43a3-b2bb-98be5b0a92dd, server: None, raw: .. }
Reserved ticket 4092 for customer 348e0450-2574-43a3-b2bb-98be5b0a92dd
Server 799bb1b2-bd8f-49e2-81f8-f7237f0eb223 received client-request: Request { kind: ReserveTicket, customer: a42e292e-76e4-4878-b59e-bbe7dbd66400, server: None, raw: .. }
Reserved ticket 4091 for customer a42e292e-76e4-4878-b59e-bbe7dbd66400
Server 799bb1b2-bd8f-49e2-81f8-f7237f0eb223 received client-request: Request { kind: ReserveTicket, customer: 99ad3500-7fcf-4351-9b5d-a13548607501, server: None, raw: .. }
Reserved ticket 4090 for customer 99ad3500-7fcf-4351-9b5d-a13548607501
Server 65a51e17-fff5-4036-8b94-6db5de4d28d8 received client-request: Request { kind: ReserveTicket, customer: dff52c2d-bfd2-403b-9704-ccc4c7599b5e, server: None, raw: .. }
Reserved ticket 4089 for customer dff52c2d-bfd2-403b-9704-ccc4c7599b5e
Server 799bb1b2-bd8f-49e2-81f8-f7237f0eb223 received client-request: Request { kind: ReserveTicket, customer: 8386f5db-ef1e-42db-b74e-063bcade97c9, server: None, raw: .. }
Reserved ticket 4088 for customer 8386f5db-ef1e-42db-b74e-063bcade97c9
Server 799bb1b2-bd8f-49e2-81f8-f7237f0eb223 received client-request: Request { kind: ReserveTicket, customer: b9b6176e-f33b-46d1-af66-dddea7cc54a2, server: None, raw: .. }
Reserved ticket 4087 for customer b9b6176e-f33b-46d1-af66-dddea7cc54a2
Server 799bb1b2-bd8f-49e2-81f8-f7237f0eb223 received client-request: Request { kind: ReserveTicket, customer: 3a0323df-aba2-4c3a-99a8-cc5bf233703b, server: None, raw: .. }
Reserved ticket 4086 for customer 3a0323df-aba2-4c3a-99a8-cc5bf233703b
Server 799bb1b2-bd8f-49e2-81f8-f7237f0eb223 received client-request: Request { kind: ReserveTicket, customer: e2fbe540-d342-4d32-b4be-5b40776a5750, server: None, raw: .. }
Reserved ticket 4085 for customer e2fbe540-d342-4d32-b4be-5b40776a5750
Server 799bb1b2-bd8f-49e2-81f8-f7237f0eb223 received client-request: Request { kind: ReserveTicket, customer: 03a8b34e-13ea-4e08-a012-a8e93a56122b, server: None, raw: .. }
Reserved ticket 4084 for customer 03a8b34e-13ea-4e08-a012-a8e93a56122b
Server 799bb1b2-bd8f-49e2-81f8-f7237f0eb223 received client-request: Request { kind: ReserveTicket, customer: c0242068-6d0f-435a-a22b-62d3ead8af67, server: None, raw: .. }
Reserved ticket 4083 for customer c0242068-6d0f-435a-a22b-62d3ead8af67
Server 799bb1b2-bd8f-49e2-81f8-f7237f0eb223 received client-request: Request { kind: ReserveTicket, customer: 048b8e53-a962-43f2-99b0-06c155ebd5f5, server: None, raw: .. }
Reserved ticket 4082 for customer 048b8e53-a962-43f2-99b0-06c155ebd5f5
Server 799bb1b2-bd8f-49e2-81f8-f7237f0eb223 received client-request: Request { kind: ReserveTicket, customer: 7b34c84e-ea29-422f-aea8-d49d7f6611f4, server: None, raw: .. }
Reserved ticket 4081 for customer 7b34c84e-ea29-422f-aea8-d49d7f6611f4
Server 799bb1b2-bd8f-49e2-81f8-f7237f0eb223 received client-request: Request { kind: ReserveTicket, customer: 70dadd24-f87a-4421-a82b-41bbf9709899, server: None, raw: .. }
Reserved ticket 4080 for customer 70dadd24-f87a-4421-a82b-41bbf9709899
Server 799bb1b2-bd8f-49e2-81f8-f7237f0eb223 received client-request: Request { kind: ReserveTicket, customer: 62fbf0f0-5a4d-433c-b967-5d33d857fd65, server: None, raw: .. }
Reserved ticket 4079 for customer 62fbf0f0-5a4d-433c-b967-5d33d857fd65
Server 799bb1b2-bd8f-49e2-81f8-f7237f0eb223 received client-request: Request { kind: ReserveTicket, customer: 3b5a9897-2792-4b1b-9a37-1bb31af1ec4e, server: None, raw: .. }
Reserved ticket 4078 for customer 3b5a9897-2792-4b1b-9a37-1bb31af1ec4e
Server 799bb1b2-bd8f-49e2-81f8-f7237f0eb223 received client-request: Request { kind: ReserveTicket, customer: 613ffb0b-1af1-44c3-ada5-5fc8ee67abfc, server: None, raw: .. }
Reserved ticket 4077 for customer 613ffb0b-1af1-44c3-ada5-5fc8ee67abfc
Server 799bb1b2-bd8f-49e2-81f8-f7237f0eb223 received client-request: Request { kind: ReserveTicket, customer: 53dd319a-768a-4103-806c-0cbac4ce60bf, server: None, raw: .. }
Reserved ticket 4076 for customer 53dd319a-768a-4103-806c-0cbac4ce60bf
Server 799bb1b2-bd8f-49e2-81f8-f7237f0eb223 received client-request: Request { kind: ReserveTicket, customer: 92738831-bbbb-491b-af46-94fe355caa82, server: None, raw: .. }
Reserved ticket 4075 for customer 92738831-bbbb-491b-af46-94fe355caa82
Server 799bb1b2-bd8f-49e2-81f8-f7237f0eb223 received client-request: Request { kind: ReserveTicket, customer: f2190c59-7e90-46d4-b723-538babcdf168, server: None, raw: .. }
Reserved ticket 4074 for customer f2190c59-7e90-46d4-b723-538babcdf168
Server 799bb1b2-bd8f-49e2-81f8-f7237f0eb223 received client-request: Request { kind: ReserveTicket, customer: 7bfbed88-5e3b-459b-a83f-347965e9bc30, server: None, raw: .. }
Reserved ticket 4073 for customer 7bfbed88-5e3b-459b-a83f-347965e9bc30
Server 799bb1b2-bd8f-49e2-81f8-f7237f0eb223 received client-request: Request { kind: ReserveTicket, customer: d7c14069-5466-486d-bb89-271412f01125, server: None, raw: .. }
Reserved ticket 4072 for customer d7c14069-5466-486d-bb89-271412f01125
Server 799bb1b2-bd8f-49e2-81f8-f7237f0eb223 received client-request: Request { kind: ReserveTicket, customer: c96c7b95-fcbe-47ec-9403-7a9dfc69ca05, server: None, raw: .. }
Reserved ticket 4071 for customer c96c7b95-fcbe-47ec-9403-7a9dfc69ca05
Server 799bb1b2-bd8f-49e2-81f8-f7237f0eb223 received client-request: Request { kind: ReserveTicket, customer: a8e94d5b-8b88-49c4-8daf-4df58a55a339, server: None, raw: .. }
Reserved ticket 4070 for customer a8e94d5b-8b88-49c4-8daf-4df58a55a339
Server 65a51e17-fff5-4036-8b94-6db5de4d28d8 received client-request: Request { kind: ReserveTicket, customer: 8edccd95-758b-44fa-ba57-b24defe477f7, server: None, raw: .. }
Reserved ticket 4069 for customer 8edccd95-758b-44fa-ba57-b24defe477f7
Server 799bb1b2-bd8f-49e2-81f8-f7237f0eb223 received client-request: Request { kind: ReserveTicket, customer: ea433e6f-689b-4cde-b5d0-d0e06abda414, server: None, raw: .. }
Reserved ticket 4068 for customer ea433e6f-689b-4cde-b5d0-d0e06abda414
Server 799bb1b2-bd8f-49e2-81f8-f7237f0eb223 received client-request: Request { kind: ReserveTicket, customer: c160b3e3-98c0-4494-b156-41ed44b67dd0, server: None, raw: .. }
Reserved ticket 4067 for customer c160b3e3-98c0-4494-b156-41ed44b67dd0
Server 799bb1b2-bd8f-49e2-81f8-f7237f0eb223 received client-request: Request { kind: ReserveTicket, customer: 6c71e3b1-413e-43d5-a462-4a1b5b1b4d5f, server: None, raw: .. }
Reserved ticket 4066 for customer 6c71e3b1-413e-43d5-a462-4a1b5b1b4d5f
Server 799bb1b2-bd8f-49e2-81f8-f7237f0eb223 received client-request: Request { kind: ReserveTicket, customer: d9d38c46-78a4-4cfb-aad8-cc74043ff2b8, server: None, raw: .. }
Reserved ticket 4065 for customer d9d38c46-78a4-4cfb-aad8-cc74043ff2b8
Server 799bb1b2-bd8f-49e2-81f8-f7237f0eb223 received client-request: Request { kind: ReserveTicket, customer: 5c6ce8ac-4e2b-4fb8-a3fc-610cb3082799, server: None, raw: .. }
Reserved ticket 4064 for customer 5c6ce8ac-4e2b-4fb8-a3fc-610cb3082799
Server 799bb1b2-bd8f-49e2-81f8-f7237f0eb223 received client-request: Request { kind: ReserveTicket, customer: 5f231a89-11a9-4c9c-9e58-e5af95be30f1, server: None, raw: .. }
Reserved ticket 4063 for customer 5f231a89-11a9-4c9c-9e58-e5af95be30f1
Server 799bb1b2-bd8f-49e2-81f8-f7237f0eb223 received client-request: Request { kind: ReserveTicket, customer: 9e8e4c7f-834d-467a-853b-71d2c03c992b, server: None, raw: .. }
Reserved ticket 4062 for customer 9e8e4c7f-834d-467a-853b-71d2c03c992b
Server 799bb1b2-bd8f-49e2-81f8-f7237f0eb223 received client-request: Request { kind: ReserveTicket, customer: e0de015b-60cb-475d-a05d-14c2dfc2ecbe, server: None, raw: .. }
Reserved ticket 4061 for customer e0de015b-60cb-475d-a05d-14c2dfc2ecbe
Server 799bb1b2-bd8f-49e2-81f8-f7237f0eb223 received client-request: Request { kind: ReserveTicket, customer: 14293a92-e192-4518-a7ab-b7200381d180, server: None, raw: .. }
Reserved ticket 4060 for customer 14293a92-e192-4518-a7ab-b7200381d180
Server 799bb1b2-bd8f-49e2-81f8-f7237f0eb223 received client-request: Request { kind: ReserveTicket, customer: d1c66e3d-0df7-47bd-8fc9-766d2a007ca5, server: None, raw: .. }
Reserved ticket 4059 for customer d1c66e3d-0df7-47bd-8fc9-766d2a007ca5
Server 799bb1b2-bd8f-49e2-81f8-f7237f0eb223 received client-request: Request { kind: ReserveTicket, customer: 8e5c8cac-dfd4-48e2-a10c-63f1e71c12bd, server: None, raw: .. }
Reserved ticket 4058 for customer 8e5c8cac-dfd4-48e2-a10c-63f1e71c12bd
Server 799bb1b2-bd8f-49e2-81f8-f7237f0eb223 received client-request: Request { kind: ReserveTicket, customer: d4a00a93-3f34-40cd-800d-3d945d6aee56, server: None, raw: .. }
Reserved ticket 4057 for customer d4a00a93-3f34-40cd-800d-3d945d6aee56
Server 799bb1b2-bd8f-49e2-81f8-f7237f0eb223 received client-request: Request { kind: ReserveTicket, customer: aded8929-0aab-49ef-8c97-8000b45d1e46, server: None, raw: .. }
Reserved ticket 4056 for customer aded8929-0aab-49ef-8c97-8000b45d1e46
Server 799bb1b2-bd8f-49e2-81f8-f7237f0eb223 received client-request: Request { kind: ReserveTicket, customer: 44cca0e3-329b-4e2c-b8b5-9d7b68929c51, server: None, raw: .. }
Reserved ticket 4055 for customer 44cca0e3-329b-4e2c-b8b5-9d7b68929c51
Server 799bb1b2-bd8f-49e2-81f8-f7237f0eb223 received client-request: Request { kind: ReserveTicket, customer: 2b42da51-17f5-4c70-9239-a430ed3c864b, server: None, raw: .. }
Reserved ticket 4054 for customer 2b42da51-17f5-4c70-9239-a430ed3c864b
Server 799bb1b2-bd8f-49e2-81f8-f7237f0eb223 received client-request: Request { kind: ReserveTicket, customer: 07a98d5a-f61a-4802-b928-fd8f43ae185a, server: None, raw: .. }
Reserved ticket 4053 for customer 07a98d5a-f61a-4802-b928-fd8f43ae185a
Server 799bb1b2-bd8f-49e2-81f8-f7237f0eb223 received client-request: Request { kind: ReserveTicket, customer: a98eafd6-88c7-4c1f-b119-10d1d0ca37ad, server: None, raw: .. }
Reserved ticket 4052 for customer a98eafd6-88c7-4c1f-b119-10d1d0ca37ad
Server 799bb1b2-bd8f-49e2-81f8-f7237f0eb223 received client-request: Request { kind: ReserveTicket, customer: c8a1d0dc-e8b1-4552-aec0-73fbe4af4b59, server: None, raw: .. }
Reserved ticket 4051 for customer c8a1d0dc-e8b1-4552-aec0-73fbe4af4b59
Server 799bb1b2-bd8f-49e2-81f8-f7237f0eb223 received client-request: Request { kind: ReserveTicket, customer: d4527bd9-f213-434c-b25d-121eb946b405, server: None, raw: .. }
Reserved ticket 4050 for customer d4527bd9-f213-434c-b25d-121eb946b405
Server 65a51e17-fff5-4036-8b94-6db5de4d28d8 received client-request: Request { kind: ReserveTicket, customer: db7a8d76-32cb-47f6-9c86-a2b7dfeefeeb, server: None, raw: .. }
Reserved ticket 4049 for customer db7a8d76-32cb-47f6-9c86-a2b7dfeefeeb
Server 799bb1b2-bd8f-49e2-81f8-f7237f0eb223 received client-request: Request { kind: ReserveTicket, customer: 3790b111-4bff-4c3f-a835-c2215e026956, server: None, raw: .. }
Reserved ticket 4048 for customer 3790b111-4bff-4c3f-a835-c2215e026956
Server 799bb1b2-bd8f-49e2-81f8-f7237f0eb223 received client-request: Request { kind: ReserveTicket, customer: 303af692-9ef2-4182-b8f3-2b4f1ede0961, server: None, raw: .. }
Reserved ticket 4047 for customer 303af692-9ef2-4182-b8f3-2b4f1ede0961
Server 799bb1b2-bd8f-49e2-81f8-f7237f0eb223 received client-request: Request { kind: ReserveTicket, customer: 091ba884-6cee-4f73-b00b-d7274df8b5f1, server: None, raw: .. }
Reserved ticket 4046 for customer 091ba884-6cee-4f73-b00b-d7274df8b5f1
Server 799bb1b2-bd8f-49e2-81f8-f7237f0eb223 received client-request: Request { kind: ReserveTicket, customer: 53b49074-0e68-426f-ba19-b9e7c1fb85a3, server: None, raw: .. }
Reserved ticket 4045 for customer 53b49074-0e68-426f-ba19-b9e7c1fb85a3
Server 799bb1b2-bd8f-49e2-81f8-f7237f0eb223 received client-request: Request { kind: ReserveTicket, customer: 3fd865f3-fa50-405c-866f-6e5a00003f9e, server: None, raw: .. }
Reserved ticket 4044 for customer 3fd865f3-fa50-405c-866f-6e5a00003f9e
Server 799bb1b2-bd8f-49e2-81f8-f7237f0eb223 received client-request: Request { kind: ReserveTicket, customer: 5367345b-179b-4d4e-8ee7-18031a9776a0, server: None, raw: .. }
Reserved ticket 4043 for customer 5367345b-179b-4d4e-8ee7-18031a9776a0
Server 799bb1b2-bd8f-49e2-81f8-f7237f0eb223 received client-request: Request { kind: ReserveTicket, customer: dff1c183-b8a6-459e-bb1c-4c68dcbd0d2b, server: None, raw: .. }
Reserved ticket 4042 for customer dff1c183-b8a6-459e-bb1c-4c68dcbd0d2b
Server 799bb1b2-bd8f-49e2-81f8-f7237f0eb223 received client-request: Request { kind: ReserveTicket, customer: e6450cdb-9440-4f72-9de6-570290d10a3a, server: None, raw: .. }
Reserved ticket 4041 for customer e6450cdb-9440-4f72-9de6-570290d10a3a
Server 799bb1b2-bd8f-49e2-81f8-f7237f0eb223 received client-request: Request { kind: ReserveTicket, customer: 4d390cf9-3f73-4bbb-9c49-4deb86116809, server: None, raw: .. }
Reserved ticket 4040 for customer 4d390cf9-3f73-4bbb-9c49-4deb86116809
Server 799bb1b2-bd8f-49e2-81f8-f7237f0eb223 received client-request: Request { kind: ReserveTicket, customer: 989170ed-e0db-47e7-8561-aa3b5c4ce90a, server: None, raw: .. }
Reserved ticket 4039 for customer 989170ed-e0db-47e7-8561-aa3b5c4ce90a
Server 799bb1b2-bd8f-49e2-81f8-f7237f0eb223 received client-request: Request { kind: ReserveTicket, customer: e0c8ce35-2cdb-41c2-8af8-9cac16b48957, server: None, raw: .. }
Reserved ticket 4038 for customer e0c8ce35-2cdb-41c2-8af8-9cac16b48957
Server 799bb1b2-bd8f-49e2-81f8-f7237f0eb223 received client-request: Request { kind: ReserveTicket, customer: 6c390c35-1b9b-4272-a76d-1cad33df3124, server: None, raw: .. }
Reserved ticket 4037 for customer 6c390c35-1b9b-4272-a76d-1cad33df3124
Server 799bb1b2-bd8f-49e2-81f8-f7237f0eb223 received client-request: Request { kind: ReserveTicket, customer: b521e3d6-821e-464c-ad60-3a63eae7fe27, server: None, raw: .. }
Reserved ticket 4036 for customer b521e3d6-821e-464c-ad60-3a63eae7fe27
Server 799bb1b2-bd8f-49e2-81f8-f7237f0eb223 received client-request: Request { kind: ReserveTicket, customer: b9a9b78c-a984-4c8d-8dc5-505582ff4b7f, server: None, raw: .. }
Reserved ticket 4035 for customer b9a9b78c-a984-4c8d-8dc5-505582ff4b7f
Server 799bb1b2-bd8f-49e2-81f8-f7237f0eb223 received client-request: Request { kind: ReserveTicket, customer: f2b17705-5a27-4b97-958d-16ec550cafae, server: None, raw: .. }
Reserved ticket 4034 for customer f2b17705-5a27-4b97-958d-16ec550cafae
Server 799bb1b2-bd8f-49e2-81f8-f7237f0eb223 received client-request: Request { kind: ReserveTicket, customer: a77f5ba2-3688-4300-b210-6fd6cd99dd38, server: None, raw: .. }
Reserved ticket 4033 for customer a77f5ba2-3688-4300-b210-6fd6cd99dd38
Server 799bb1b2-bd8f-49e2-81f8-f7237f0eb223 received client-request: Request { kind: ReserveTicket, customer: 205289a2-ddf3-4b20-aa13-0302d570863e, server: None, raw: .. }
Reserved ticket 4032 for customer 205289a2-ddf3-4b20-aa13-0302d570863e
Server 799bb1b2-bd8f-49e2-81f8-f7237f0eb223 received client-request: Request { kind: ReserveTicket, customer: 8cc510e3-98c8-4c14-a907-20bb8b653548, server: None, raw: .. }
Reserved ticket 4031 for customer 8cc510e3-98c8-4c14-a907-20bb8b653548
Server 799bb1b2-bd8f-49e2-81f8-f7237f0eb223 received client-request: Request { kind: ReserveTicket, customer: 3a2b829a-4a76-46d2-88cc-274fc10a9c97, server: None, raw: .. }
Reserved ticket 4030 for customer 3a2b829a-4a76-46d2-88cc-274fc10a9c97
Server 65a51e17-fff5-4036-8b94-6db5de4d28d8 received client-request: Request { kind: ReserveTicket, customer: 9aafd81c-5586-4e77-8ab5-a43105379126, server: None, raw: .. }
Reserved ticket 4029 for customer 9aafd81c-5586-4e77-8ab5-a43105379126
Server 799bb1b2-bd8f-49e2-81f8-f7237f0eb223 received client-request: Request { kind: ReserveTicket, customer: b753ebdb-59c3-4f50-b5bf-8f2c8653a382, server: None, raw: .. }
Reserved ticket 4028 for customer b753ebdb-59c3-4f50-b5bf-8f2c8653a382
Server 799bb1b2-bd8f-49e2-81f8-f7237f0eb223 received client-request: Request { kind: ReserveTicket, customer: 9202212d-3e2c-4fdf-9a25-7251ed7869f8, server: None, raw: .. }
Reserved ticket 4027 for customer 9202212d-3e2c-4fdf-9a25-7251ed7869f8
Server 799bb1b2-bd8f-49e2-81f8-f7237f0eb223 received client-request: Request { kind: ReserveTicket, customer: 3269edd9-b3ff-49b0-9916-72e66d788e9b, server: None, raw: .. }
Reserved ticket 4026 for customer 3269edd9-b3ff-49b0-9916-72e66d788e9b
Server 799bb1b2-bd8f-49e2-81f8-f7237f0eb223 received client-request: Request { kind: ReserveTicket, customer: 1a1b88f4-627d-4a5a-b756-a6ea3b26af3d, server: None, raw: .. }
Reserved ticket 4025 for customer 1a1b88f4-627d-4a5a-b756-a6ea3b26af3d
Server 799bb1b2-bd8f-49e2-81f8-f7237f0eb223 received client-request: Request { kind: ReserveTicket, customer: ac1d8624-614c-40f7-94e3-968c3861a137, server: None, raw: .. }
Reserved ticket 4024 for customer ac1d8624-614c-40f7-94e3-968c3861a137
Server 799bb1b2-bd8f-49e2-81f8-f7237f0eb223 received client-request: Request { kind: ReserveTicket, customer: 79e98b18-514f-4850-b3d8-238ca102683f, server: None, raw: .. }
Reserved ticket 4023 for customer 79e98b18-514f-4850-b3d8-238ca102683f
Server 799bb1b2-bd8f-49e2-81f8-f7237f0eb223 received client-request: Request { kind: ReserveTicket, customer: 20d4cd7c-602f-4cac-bc47-4a57243f9a90, server: None, raw: .. }
Reserved ticket 4022 for customer 20d4cd7c-602f-4cac-bc47-4a57243f9a90
Server 799bb1b2-bd8f-49e2-81f8-f7237f0eb223 received client-request: Request { kind: ReserveTicket, customer: 2301b677-c9de-4b0f-9545-0e4de55422ac, server: None, raw: .. }
Reserved ticket 4021 for customer 2301b677-c9de-4b0f-9545-0e4de55422ac
Server 799bb1b2-bd8f-49e2-81f8-f7237f0eb223 received client-request: Request { kind: ReserveTicket, customer: bab227c8-e0db-4c93-a286-27e3c6b0fb27, server: None, raw: .. }
Reserved ticket 4020 for customer bab227c8-e0db-4c93-a286-27e3c6b0fb27
Server 799bb1b2-bd8f-49e2-81f8-f7237f0eb223 received client-request: Request { kind: ReserveTicket, customer: 7da984f8-25a4-411a-bb9e-144a37c7ad16, server: None, raw: .. }
Reserved ticket 4019 for customer 7da984f8-25a4-411a-bb9e-144a37c7ad16
Server 799bb1b2-bd8f-49e2-81f8-f7237f0eb223 received client-request: Request { kind: ReserveTicket, customer: c55f57d1-a7e4-4d20-871d-f346b96986c6, server: None, raw: .. }
Reserved ticket 4018 for customer c55f57d1-a7e4-4d20-871d-f346b96986c6
Server 799bb1b2-bd8f-49e2-81f8-f7237f0eb223 received client-request: Request { kind: ReserveTicket, customer: 0b322b22-6f77-4124-86b7-c3096176ef97, server: None, raw: .. }
Reserved ticket 4017 for customer 0b322b22-6f77-4124-86b7-c3096176ef97
Server 799bb1b2-bd8f-49e2-81f8-f7237f0eb223 received client-request: Request { kind: ReserveTicket, customer: 9d538d3b-356e-44ad-8f60-9ae39abb1439, server: None, raw: .. }
Reserved ticket 4016 for customer 9d538d3b-356e-44ad-8f60-9ae39abb1439
Server 799bb1b2-bd8f-49e2-81f8-f7237f0eb223 received client-request: Request { kind: ReserveTicket, customer: 688240e9-794d-4c66-8805-62713a8be88e, server: None, raw: .. }
Reserved ticket 4015 for customer 688240e9-794d-4c66-8805-62713a8be88e
Server 799bb1b2-bd8f-49e2-81f8-f7237f0eb223 received client-request: Request { kind: ReserveTicket, customer: 0564f89e-79b9-438b-9612-4f119669d6c9, server: None, raw: .. }
Reserved ticket 4014 for customer 0564f89e-79b9-438b-9612-4f119669d6c9
Server 799bb1b2-bd8f-49e2-81f8-f7237f0eb223 received client-request: Request { kind: ReserveTicket, customer: 90dc480e-e38d-4c83-9d75-1cef4e8f1948, server: None, raw: .. }
Reserved ticket 4013 for customer 90dc480e-e38d-4c83-9d75-1cef4e8f1948
Server 799bb1b2-bd8f-49e2-81f8-f7237f0eb223 received client-request: Request { kind: ReserveTicket, customer: 68ab0ca0-03f9-4a56-935d-1220345d69fe, server: None, raw: .. }
Reserved ticket 4012 for customer 68ab0ca0-03f9-4a56-935d-1220345d69fe
Server 799bb1b2-bd8f-49e2-81f8-f7237f0eb223 received client-request: Request { kind: ReserveTicket, customer: c4ee3a10-56ec-457e-89fa-4622e3d6de2b, server: None, raw: .. }
Reserved ticket 4011 for customer c4ee3a10-56ec-457e-89fa-4622e3d6de2b
Server 799bb1b2-bd8f-49e2-81f8-f7237f0eb223 received client-request: Request { kind: ReserveTicket, customer: 7f9c6290-a86b-414b-97d9-d16418f90103, server: None, raw: .. }
Reserved ticket 4010 for customer 7f9c6290-a86b-414b-97d9-d16418f90103
Server 65a51e17-fff5-4036-8b94-6db5de4d28d8 received client-request: Request { kind: ReserveTicket, customer: ff69c337-61f3-45cb-b375-37bdb3bfa85d, server: None, raw: .. }
Reserved ticket 4009 for customer ff69c337-61f3-45cb-b375-37bdb3bfa85d
Server 799bb1b2-bd8f-49e2-81f8-f7237f0eb223 received client-request: Request { kind: ReserveTicket, customer: b93e59c5-d35a-49b9-957d-3caa304d0ba0, server: None, raw: .. }
Reserved ticket 4008 for customer b93e59c5-d35a-49b9-957d-3caa304d0ba0
Server 799bb1b2-bd8f-49e2-81f8-f7237f0eb223 received client-request: Request { kind: ReserveTicket, customer: b856ba28-fc51-43a9-ac10-b814cf85af22, server: None, raw: .. }
Reserved ticket 4007 for customer b856ba28-fc51-43a9-ac10-b814cf85af22
Server 799bb1b2-bd8f-49e2-81f8-f7237f0eb223 received client-request: Request { kind: ReserveTicket, customer: d77d3aac-10a3-48cb-b96c-fa391ee2864d, server: None, raw: .. }
Reserved ticket 4006 for customer d77d3aac-10a3-48cb-b96c-fa391ee2864d
Server 799bb1b2-bd8f-49e2-81f8-f7237f0eb223 received client-request: Request { kind: ReserveTicket, customer: 7afff30e-0a6d-4b72-97e6-1c2cef4eb732, server: None, raw: .. }
Reserved ticket 4005 for customer 7afff30e-0a6d-4b72-97e6-1c2cef4eb732
Server 799bb1b2-bd8f-49e2-81f8-f7237f0eb223 received client-request: Request { kind: ReserveTicket, customer: 5986e20c-390e-47ff-896d-d078876f824e, server: None, raw: .. }
Reserved ticket 4004 for customer 5986e20c-390e-47ff-896d-d078876f824e
Server 799bb1b2-bd8f-49e2-81f8-f7237f0eb223 received client-request: Request { kind: ReserveTicket, customer: f7958012-6091-4f5f-8eaa-a87278851c0e, server: None, raw: .. }
Reserved ticket 4003 for customer f7958012-6091-4f5f-8eaa-a87278851c0e
Server 799bb1b2-bd8f-49e2-81f8-f7237f0eb223 received client-request: Request { kind: ReserveTicket, customer: 28b79fa7-203a-4ea1-869b-7c6428d627b7, server: None, raw: .. }
Reserved ticket 4002 for customer 28b79fa7-203a-4ea1-869b-7c6428d627b7
Server 799bb1b2-bd8f-49e2-81f8-f7237f0eb223 received client-request: Request { kind: ReserveTicket, customer: 2f76487a-6024-4de8-98a0-e225d9a61eb0, server: None, raw: .. }
Reserved ticket 4001 for customer 2f76487a-6024-4de8-98a0-e225d9a61eb0
Server 799bb1b2-bd8f-49e2-81f8-f7237f0eb223 received client-request: Request { kind: ReserveTicket, customer: 738f6c5f-bee0-4cbf-907b-ee60fa047806, server: None, raw: .. }
Reserved ticket 4000 for customer 738f6c5f-bee0-4cbf-907b-ee60fa047806
Server 799bb1b2-bd8f-49e2-81f8-f7237f0eb223 received client-request: Request { kind: ReserveTicket, customer: adc34344-67b1-4c39-99c3-dd3bb042b348, server: None, raw: .. }
Reserved ticket 3999 for customer adc34344-67b1-4c39-99c3-dd3bb042b348
Server 799bb1b2-bd8f-49e2-81f8-f7237f0eb223 received client-request: Request { kind: ReserveTicket, customer: b08c1d5e-7b0e-4655-9460-aaa26ac8c5c6, server: None, raw: .. }
Reserved ticket 3998 for customer b08c1d5e-7b0e-4655-9460-aaa26ac8c5c6
Server 799bb1b2-bd8f-49e2-81f8-f7237f0eb223 received client-request: Request { kind: ReserveTicket, customer: ae87321e-9664-46ff-9942-a43f2b30e8f6, server: None, raw: .. }
Reserved ticket 3997 for customer ae87321e-9664-46ff-9942-a43f2b30e8f6
Server 799bb1b2-bd8f-49e2-81f8-f7237f0eb223 received client-request: Request { kind: ReserveTicket, customer: 23a2ff46-e427-4f20-828c-9e9f4f1d9e5c, server: None, raw: .. }
Reserved ticket 3996 for customer 23a2ff46-e427-4f20-828c-9e9f4f1d9e5c
Server 799bb1b2-bd8f-49e2-81f8-f7237f0eb223 received client-request: Request { kind: ReserveTicket, customer: cba6ded7-be2b-4f34-9c4c-d040c0c4a7d6, server: None, raw: .. }
Reserved ticket 3995 for customer cba6ded7-be2b-4f34-9c4c-d040c0c4a7d6
Server 799bb1b2-bd8f-49e2-81f8-f7237f0eb223 received client-request: Request { kind: ReserveTicket, customer: 64f72584-2386-46fd-9da5-7206bae5339d, server: None, raw: .. }
Reserved ticket 3994 for customer 64f72584-2386-46fd-9da5-7206bae5339d
Server 799bb1b2-bd8f-49e2-81f8-f7237f0eb223 received client-request: Request { kind: ReserveTicket, customer: 6687a991-5cf8-4c71-aaa2-f974c904c857, server: None, raw: .. }
Reserved ticket 3993 for customer 6687a991-5cf8-4c71-aaa2-f974c904c857
Server 799bb1b2-bd8f-49e2-81f8-f7237f0eb223 received client-request: Request { kind: ReserveTicket, customer: 039cc80c-eb24-46e2-bdba-84ea24dcd9ee, server: None, raw: .. }
Reserved ticket 3992 for customer 039cc80c-eb24-46e2-bdba-84ea24dcd9ee
Server 799bb1b2-bd8f-49e2-81f8-f7237f0eb223 received client-request: Request { kind: ReserveTicket, customer: 7fbbf4aa-5da0-4982-8e76-702289f31fb5, server: None, raw: .. }
Reserved ticket 3991 for customer 7fbbf4aa-5da0-4982-8e76-702289f31fb5
Server 799bb1b2-bd8f-49e2-81f8-f7237f0eb223 received client-request: Request { kind: ReserveTicket, customer: 732c887e-6e26-4539-8e91-381e95149c8a, server: None, raw: .. }
Reserved ticket 3990 for customer 732c887e-6e26-4539-8e91-381e95149c8a
Server 65a51e17-fff5-4036-8b94-6db5de4d28d8 received client-request: Request { kind: ReserveTicket, customer: 865bb9fc-35e5-4d30-879f-1ceaa76fc139, server: None, raw: .. }
Reserved ticket 3989 for customer 865bb9fc-35e5-4d30-879f-1ceaa76fc139
Server 799bb1b2-bd8f-49e2-81f8-f7237f0eb223 received client-request: Request { kind: ReserveTicket, customer: 1abc0290-8d4b-46b9-bc40-4de7297f4e1d, server: None, raw: .. }
Reserved ticket 3988 for customer 1abc0290-8d4b-46b9-bc40-4de7297f4e1d
Server 799bb1b2-bd8f-49e2-81f8-f7237f0eb223 received client-request: Request { kind: ReserveTicket, customer: 653975bb-9e2e-40df-a014-ede090fb3603, server: None, raw: .. }
Reserved ticket 3987 for customer 653975bb-9e2e-40df-a014-ede090fb3603
Server 799bb1b2-bd8f-49e2-81f8-f7237f0eb223 received client-request: Request { kind: ReserveTicket, customer: 7ce439b1-ec20-4dba-8860-0c9910d2d670, server: None, raw: .. }
Reserved ticket 3986 for customer 7ce439b1-ec20-4dba-8860-0c9910d2d670
Server 799bb1b2-bd8f-49e2-81f8-f7237f0eb223 received client-request: Request { kind: ReserveTicket, customer: d0313af9-65b0-442c-a832-f86a6b0cccdb, server: None, raw: .. }
Reserved ticket 3985 for customer d0313af9-65b0-442c-a832-f86a6b0cccdb
Server 799bb1b2-bd8f-49e2-81f8-f7237f0eb223 received client-request: Request { kind: ReserveTicket, customer: 1bbdd0a9-18bb-4b60-b5d8-8cbf30fce5c8, server: None, raw: .. }
Reserved ticket 3984 for customer 1bbdd0a9-18bb-4b60-b5d8-8cbf30fce5c8
Server 799bb1b2-bd8f-49e2-81f8-f7237f0eb223 received client-request: Request { kind: ReserveTicket, customer: ef2e1874-b34e-47c4-82a8-60251561c48e, server: None, raw: .. }
Reserved ticket 3983 for customer ef2e1874-b34e-47c4-82a8-60251561c48e
Server 799bb1b2-bd8f-49e2-81f8-f7237f0eb223 received client-request: Request { kind: ReserveTicket, customer: 3bc1a8d0-d05c-447e-b45f-35ecade3cef9, server: None, raw: .. }
Reserved ticket 3982 for customer 3bc1a8d0-d05c-447e-b45f-35ecade3cef9
Server 799bb1b2-bd8f-49e2-81f8-f7237f0eb223 received client-request: Request { kind: ReserveTicket, customer: 62897231-4466-406e-9922-7d3336f29717, server: None, raw: .. }
Reserved ticket 3981 for customer 62897231-4466-406e-9922-7d3336f29717
Server 799bb1b2-bd8f-49e2-81f8-f7237f0eb223 received client-request: Request { kind: ReserveTicket, customer: 3833ac1f-351e-4924-8792-8c8e17ed8713, server: None, raw: .. }
Reserved ticket 3980 for customer 3833ac1f-351e-4924-8792-8c8e17ed8713
Server 799bb1b2-bd8f-49e2-81f8-f7237f0eb223 received client-request: Request { kind: ReserveTicket, customer: 56000de6-8523-4a6a-9dc5-f3fb7695ffc6, server: None, raw: .. }
Reserved ticket 3979 for customer 56000de6-8523-4a6a-9dc5-f3fb7695ffc6
Server 799bb1b2-bd8f-49e2-81f8-f7237f0eb223 received client-request: Request { kind: ReserveTicket, customer: 8614ce2e-936c-4554-bfa9-a112f549c106, server: None, raw: .. }
Reserved ticket 3978 for customer 8614ce2e-936c-4554-bfa9-a112f549c106
Server 799bb1b2-bd8f-49e2-81f8-f7237f0eb223 received client-request: Request { kind: ReserveTicket, customer: cb5f3134-9325-4e99-8896-fc05d138667f, server: None, raw: .. }
Reserved ticket 3977 for customer cb5f3134-9325-4e99-8896-fc05d138667f
Server 799bb1b2-bd8f-49e2-81f8-f7237f0eb223 received client-request: Request { kind: ReserveTicket, customer: ec4d9221-e8af-4d7c-989e-a3ad96834962, server: None, raw: .. }
Reserved ticket 3976 for customer ec4d9221-e8af-4d7c-989e-a3ad96834962
Server 799bb1b2-bd8f-49e2-81f8-f7237f0eb223 received client-request: Request { kind: ReserveTicket, customer: cc661ea0-0f97-459d-ad29-4b5f43b14d32, server: None, raw: .. }
Reserved ticket 3975 for customer cc661ea0-0f97-459d-ad29-4b5f43b14d32
Server 799bb1b2-bd8f-49e2-81f8-f7237f0eb223 received client-request: Request { kind: ReserveTicket, customer: 96be277e-a743-4016-b204-b7c12d5914d0, server: None, raw: .. }
Reserved ticket 3974 for customer 96be277e-a743-4016-b204-b7c12d5914d0
Server 799bb1b2-bd8f-49e2-81f8-f7237f0eb223 received client-request: Request { kind: ReserveTicket, customer: facaac8c-1d4e-4f02-aa97-36ade68ce549, server: None, raw: .. }
Reserved ticket 3973 for customer facaac8c-1d4e-4f02-aa97-36ade68ce549
Server 799bb1b2-bd8f-49e2-81f8-f7237f0eb223 received client-request: Request { kind: ReserveTicket, customer: 6d5e4e63-176d-4585-9201-b9cebeebc75b, server: None, raw: .. }
Reserved ticket 3972 for customer 6d5e4e63-176d-4585-9201-b9cebeebc75b
Server 799bb1b2-bd8f-49e2-81f8-f7237f0eb223 received client-request: Request { kind: ReserveTicket, customer: 49f06296-053e-4f7c-a9e9-4ce1df8a51a4, server: None, raw: .. }
Reserved ticket 3971 for customer 49f06296-053e-4f7c-a9e9-4ce1df8a51a4
Server 799bb1b2-bd8f-49e2-81f8-f7237f0eb223 received client-request: Request { kind: ReserveTicket, customer: cfbd97f6-d735-4011-ba5b-e59be4f355bb, server: None, raw: .. }
Reserved ticket 3970 for customer cfbd97f6-d735-4011-ba5b-e59be4f355bb
Server 65a51e17-fff5-4036-8b94-6db5de4d28d8 received client-request: Request { kind: ReserveTicket, customer: ebfe079e-79bb-44cf-ae80-58aeae99afe6, server: None, raw: .. }
Reserved ticket 3969 for customer ebfe079e-79bb-44cf-ae80-58aeae99afe6
Server 799bb1b2-bd8f-49e2-81f8-f7237f0eb223 received client-request: Request { kind: ReserveTicket, customer: 2523a2f5-c50b-4d9f-a1a7-f7bf2b6a6c05, server: None, raw: .. }
Reserved ticket 3968 for customer 2523a2f5-c50b-4d9f-a1a7-f7bf2b6a6c05
Server 799bb1b2-bd8f-49e2-81f8-f7237f0eb223 received client-request: Request { kind: ReserveTicket, customer: 8fd1cc15-25b8-4bb3-aa2f-58f4165a70a6, server: None, raw: .. }
Reserved ticket 3967 for customer 8fd1cc15-25b8-4bb3-aa2f-58f4165a70a6
Server 799bb1b2-bd8f-49e2-81f8-f7237f0eb223 received client-request: Request { kind: ReserveTicket, customer: c704a4f2-ab5c-4320-955b-1fec7ba0d969, server: None, raw: .. }
Reserved ticket 3966 for customer c704a4f2-ab5c-4320-955b-1fec7ba0d969
Server 799bb1b2-bd8f-49e2-81f8-f7237f0eb223 received client-request: Request { kind: ReserveTicket, customer: b0aa7454-06e8-44f1-8121-762cf893ba60, server: None, raw: .. }
Reserved ticket 3965 for customer b0aa7454-06e8-44f1-8121-762cf893ba60
Server 799bb1b2-bd8f-49e2-81f8-f7237f0eb223 received client-request: Request { kind: ReserveTicket, customer: 9ae0b276-c717-4fd3-9e33-893a7fe4b1f5, server: None, raw: .. }
Reserved ticket 3964 for customer 9ae0b276-c717-4fd3-9e33-893a7fe4b1f5
Server 799bb1b2-bd8f-49e2-81f8-f7237f0eb223 received client-request: Request { kind: ReserveTicket, customer: d31ef78c-55ef-4532-b20b-a661a00dd6d6, server: None, raw: .. }
Reserved ticket 3963 for customer d31ef78c-55ef-4532-b20b-a661a00dd6d6
Server 799bb1b2-bd8f-49e2-81f8-f7237f0eb223 received client-request: Request { kind: ReserveTicket, customer: 6875d11c-119d-4343-ae56-856ee9e7f911, server: None, raw: .. }
Reserved ticket 3962 for customer 6875d11c-119d-4343-ae56-856ee9e7f911
Server 799bb1b2-bd8f-49e2-81f8-f7237f0eb223 received client-request: Request { kind: ReserveTicket, customer: 4c7a9b5d-e70e-447c-bba2-9fbd1564a579, server: None, raw: .. }
Reserved ticket 3961 for customer 4c7a9b5d-e70e-447c-bba2-9fbd1564a579
Server 799bb1b2-bd8f-49e2-81f8-f7237f0eb223 received client-request: Request { kind: ReserveTicket, customer: dfdde9ae-728d-4f26-9f18-fde0ac5a2e69, server: None, raw: .. }
Reserved ticket 3960 for customer dfdde9ae-728d-4f26-9f18-fde0ac5a2e69
Server 799bb1b2-bd8f-49e2-81f8-f7237f0eb223 received client-request: Request { kind: ReserveTicket, customer: a079e4a3-a45e-40d8-a5ab-c518a2631898, server: None, raw: .. }
Reserved ticket 3959 for customer a079e4a3-a45e-40d8-a5ab-c518a2631898
Server 799bb1b2-bd8f-49e2-81f8-f7237f0eb223 received client-request: Request { kind: ReserveTicket, customer: 0bde3d9e-5711-448a-bf97-8dc9ac306f81, server: None, raw: .. }
Reserved ticket 3958 for customer 0bde3d9e-5711-448a-bf97-8dc9ac306f81
Server 799bb1b2-bd8f-49e2-81f8-f7237f0eb223 received client-request: Request { kind: ReserveTicket, customer: ae182fd8-5ee4-4918-bd3f-5e5d442b870c, server: None, raw: .. }
Reserved ticket 3957 for customer ae182fd8-5ee4-4918-bd3f-5e5d442b870c
Server 799bb1b2-bd8f-49e2-81f8-f7237f0eb223 received client-request: Request { kind: ReserveTicket, customer: bf9e6a8c-70c9-4d2c-b6de-4d360043f9df, server: None, raw: .. }
Reserved ticket 3956 for customer bf9e6a8c-70c9-4d2c-b6de-4d360043f9df
Server 799bb1b2-bd8f-49e2-81f8-f7237f0eb223 received client-request: Request { kind: ReserveTicket, customer: 8e37ec6d-8037-404f-a2b8-4ee7a306dde9, server: None, raw: .. }
Reserved ticket 3955 for customer 8e37ec6d-8037-404f-a2b8-4ee7a306dde9
Server 799bb1b2-bd8f-49e2-81f8-f7237f0eb223 received client-request: Request { kind: ReserveTicket, customer: 68a62733-7700-4c02-b737-e7e0e30d0642, server: None, raw: .. }
Reserved ticket 3954 for customer 68a62733-7700-4c02-b737-e7e0e30d0642
Server 799bb1b2-bd8f-49e2-81f8-f7237f0eb223 received client-request: Request { kind: ReserveTicket, customer: 2ae257c2-824a-4957-835e-75cef33f2b1d, server: None, raw: .. }
Reserved ticket 3953 for customer 2ae257c2-824a-4957-835e-75cef33f2b1d
Server 799bb1b2-bd8f-49e2-81f8-f7237f0eb223 received client-request: Request { kind: ReserveTicket, customer: 1c213443-85a3-4e93-8485-4b34d34e0f8f, server: None, raw: .. }
Reserved ticket 3952 for customer 1c213443-85a3-4e93-8485-4b34d34e0f8f
Server 799bb1b2-bd8f-49e2-81f8-f7237f0eb223 received client-request: Request { kind: ReserveTicket, customer: af70c40d-f6a6-4454-a846-47c24fedd0e4, server: None, raw: .. }
Reserved ticket 3951 for customer af70c40d-f6a6-4454-a846-47c24fedd0e4
Server 799bb1b2-bd8f-49e2-81f8-f7237f0eb223 received client-request: Request { kind: ReserveTicket, customer: 72555c47-7898-4ad8-b569-cf38af5522df, server: None, raw: .. }
Reserved ticket 3950 for customer 72555c47-7898-4ad8-b569-cf38af5522df
Server 65a51e17-fff5-4036-8b94-6db5de4d28d8 received client-request: Request { kind: ReserveTicket, customer: f7b8a618-6b1d-457b-902c-cc33cb79700b, server: None, raw: .. }
Reserved ticket 3949 for customer f7b8a618-6b1d-457b-902c-cc33cb79700b
Server 799bb1b2-bd8f-49e2-81f8-f7237f0eb223 received client-request: Request { kind: ReserveTicket, customer: 4f6b0bb1-d3bb-466f-b6dc-ebd78b4b1f36, server: None, raw: .. }
Reserved ticket 3948 for customer 4f6b0bb1-d3bb-466f-b6dc-ebd78b4b1f36
Server 799bb1b2-bd8f-49e2-81f8-f7237f0eb223 received client-request: Request { kind: ReserveTicket, customer: 9c84690b-484a-425d-8e5c-11260f5b85bc, server: None, raw: .. }
Reserved ticket 3947 for customer 9c84690b-484a-425d-8e5c-11260f5b85bc
Server 799bb1b2-bd8f-49e2-81f8-f7237f0eb223 received client-request: Request { kind: ReserveTicket, customer: 6a4e5851-6861-422c-b234-07cbc7e94a45, server: None, raw: .. }
Reserved ticket 3946 for customer 6a4e5851-6861-422c-b234-07cbc7e94a45
Server 799bb1b2-bd8f-49e2-81f8-f7237f0eb223 received client-request: Request { kind: ReserveTicket, customer: 7ff006fd-77d1-4aa0-b75f-608f42638e90, server: None, raw: .. }
Reserved ticket 3945 for customer 7ff006fd-77d1-4aa0-b75f-608f42638e90
Server 799bb1b2-bd8f-49e2-81f8-f7237f0eb223 received client-request: Request { kind: ReserveTicket, customer: ebb2c1b3-aa3c-4b2a-a267-9debf989b38f, server: None, raw: .. }
Reserved ticket 3944 for customer ebb2c1b3-aa3c-4b2a-a267-9debf989b38f
Server 799bb1b2-bd8f-49e2-81f8-f7237f0eb223 received client-request: Request { kind: ReserveTicket, customer: bac6426c-22ec-4660-87c7-4a4d09192418, server: None, raw: .. }
Reserved ticket 3943 for customer bac6426c-22ec-4660-87c7-4a4d09192418
Server 799bb1b2-bd8f-49e2-81f8-f7237f0eb223 received client-request: Request { kind: ReserveTicket, customer: fb549c09-2ad0-48cc-b2d9-7bf69fab25b8, server: None, raw: .. }
Reserved ticket 3942 for customer fb549c09-2ad0-48cc-b2d9-7bf69fab25b8
Server 799bb1b2-bd8f-49e2-81f8-f7237f0eb223 received client-request: Request { kind: ReserveTicket, customer: 8e074bef-5dd1-4622-b2e2-c98d9ec4c7c4, server: None, raw: .. }
Reserved ticket 3941 for customer 8e074bef-5dd1-4622-b2e2-c98d9ec4c7c4
Server 799bb1b2-bd8f-49e2-81f8-f7237f0eb223 received client-request: Request { kind: ReserveTicket, customer: 6c8c7bcb-7599-41b4-a4db-6eef57e118f7, server: None, raw: .. }
Reserved ticket 3940 for customer 6c8c7bcb-7599-41b4-a4db-6eef57e118f7
Server 799bb1b2-bd8f-49e2-81f8-f7237f0eb223 received client-request: Request { kind: ReserveTicket, customer: fd43b695-79f4-40ee-9ade-fdfa4184a3c2, server: None, raw: .. }
Reserved ticket 3939 for customer fd43b695-79f4-40ee-9ade-fdfa4184a3c2
Server 799bb1b2-bd8f-49e2-81f8-f7237f0eb223 received client-request: Request { kind: ReserveTicket, customer: 7f69c600-9966-4d61-b876-888847ae0b7f, server: None, raw: .. }
Reserved ticket 3938 for customer 7f69c600-9966-4d61-b876-888847ae0b7f
Server 799bb1b2-bd8f-49e2-81f8-f7237f0eb223 received client-request: Request { kind: ReserveTicket, customer: 9dd7c8f5-4ad2-4292-a403-ee30eb68bcbc, server: None, raw: .. }
Reserved ticket 3937 for customer 9dd7c8f5-4ad2-4292-a403-ee30eb68bcbc
Server 799bb1b2-bd8f-49e2-81f8-f7237f0eb223 received client-request: Request { kind: ReserveTicket, customer: c1a53fc9-7ce9-4cd3-9997-6e885d31e4e6, server: None, raw: .. }
Reserved ticket 3936 for customer c1a53fc9-7ce9-4cd3-9997-6e885d31e4e6
Server 799bb1b2-bd8f-49e2-81f8-f7237f0eb223 received client-request: Request { kind: ReserveTicket, customer: a10b32e7-5de2-4cea-a692-8e2cb9746da2, server: None, raw: .. }
Reserved ticket 3935 for customer a10b32e7-5de2-4cea-a692-8e2cb9746da2
Server 799bb1b2-bd8f-49e2-81f8-f7237f0eb223 received client-request: Request { kind: ReserveTicket, customer: da01005f-dacf-48c5-bf67-5c10d2ae048c, server: None, raw: .. }
Reserved ticket 3934 for customer da01005f-dacf-48c5-bf67-5c10d2ae048c
Server 799bb1b2-bd8f-49e2-81f8-f7237f0eb223 received client-request: Request { kind: ReserveTicket, customer: a9bab19e-2fc5-4a78-9dfe-62d5d8862dfe, server: None, raw: .. }
Reserved ticket 3933 for customer a9bab19e-2fc5-4a78-9dfe-62d5d8862dfe
Server 799bb1b2-bd8f-49e2-81f8-f7237f0eb223 received client-request: Request { kind: ReserveTicket, customer: ee365a9a-f4e3-422b-b145-e172c0357e18, server: None, raw: .. }
Reserved ticket 3932 for customer ee365a9a-f4e3-422b-b145-e172c0357e18
Server 799bb1b2-bd8f-49e2-81f8-f7237f0eb223 received client-request: Request { kind: ReserveTicket, customer: 6fb64b8d-8f78-4c51-9d5c-3ac96068c747, server: None, raw: .. }
Reserved ticket 3931 for customer 6fb64b8d-8f78-4c51-9d5c-3ac96068c747
Server 799bb1b2-bd8f-49e2-81f8-f7237f0eb223 received client-request: Request { kind: ReserveTicket, customer: f8f68c6c-9b53-4af6-b1b4-5f0c94052fdc, server: None, raw: .. }
Reserved ticket 3930 for customer f8f68c6c-9b53-4af6-b1b4-5f0c94052fdc
Server 65a51e17-fff5-4036-8b94-6db5de4d28d8 received client-request: Request { kind: ReserveTicket, customer: 86c1f374-18b5-4896-8ab3-897b3a94caac, server: None, raw: .. }
Reserved ticket 3929 for customer 86c1f374-18b5-4896-8ab3-897b3a94caac
Server 799bb1b2-bd8f-49e2-81f8-f7237f0eb223 received client-request: Request { kind: ReserveTicket, customer: 8834db18-97d6-4588-bc71-e6ea6aa6713b, server: None, raw: .. }
Reserved ticket 3928 for customer 8834db18-97d6-4588-bc71-e6ea6aa6713b
Server 799bb1b2-bd8f-49e2-81f8-f7237f0eb223 received client-request: Request { kind: ReserveTicket, customer: b9db9bca-817a-4f84-80d9-3799de25e5a0, server: None, raw: .. }
Reserved ticket 3927 for customer b9db9bca-817a-4f84-80d9-3799de25e5a0
Server 799bb1b2-bd8f-49e2-81f8-f7237f0eb223 received client-request: Request { kind: ReserveTicket, customer: 887d26c0-70c3-4ee7-9604-16367921b263, server: None, raw: .. }
Reserved ticket 3926 for customer 887d26c0-70c3-4ee7-9604-16367921b263
Server 799bb1b2-bd8f-49e2-81f8-f7237f0eb223 received client-request: Request { kind: ReserveTicket, customer: f772898c-45be-41f3-80d9-43dea2984d21, server: None, raw: .. }
Reserved ticket 3925 for customer f772898c-45be-41f3-80d9-43dea2984d21
Server 799bb1b2-bd8f-49e2-81f8-f7237f0eb223 received client-request: Request { kind: ReserveTicket, customer: 4dfa7a91-6cf4-4663-b791-914118757758, server: None, raw: .. }
Reserved ticket 3924 for customer 4dfa7a91-6cf4-4663-b791-914118757758
Server 799bb1b2-bd8f-49e2-81f8-f7237f0eb223 received client-request: Request { kind: ReserveTicket, customer: 2be00fd0-96bf-477f-9581-15936bb818c2, server: None, raw: .. }
Reserved ticket 3923 for customer 2be00fd0-96bf-477f-9581-15936bb818c2
Server 799bb1b2-bd8f-49e2-81f8-f7237f0eb223 received client-request: Request { kind: ReserveTicket, customer: cf07e14e-0c70-48b6-9ac6-04f9a0dd632b, server: None, raw: .. }
Reserved ticket 3922 for customer cf07e14e-0c70-48b6-9ac6-04f9a0dd632b
Server 799bb1b2-bd8f-49e2-81f8-f7237f0eb223 received client-request: Request { kind: ReserveTicket, customer: f2710c8b-77ee-47a6-9e1d-90005e5a9f00, server: None, raw: .. }
Reserved ticket 3921 for customer f2710c8b-77ee-47a6-9e1d-90005e5a9f00
Server 799bb1b2-bd8f-49e2-81f8-f7237f0eb223 received client-request: Request { kind: ReserveTicket, customer: 93880e6a-fcbf-4e0f-bc9a-f56db997d669, server: None, raw: .. }
Reserved ticket 3920 for customer 93880e6a-fcbf-4e0f-bc9a-f56db997d669
Server 799bb1b2-bd8f-49e2-81f8-f7237f0eb223 received client-request: Request { kind: ReserveTicket, customer: 34e7d7c4-7852-4314-a21a-f9053c3a6ea1, server: None, raw: .. }
Reserved ticket 3919 for customer 34e7d7c4-7852-4314-a21a-f9053c3a6ea1
Server 799bb1b2-bd8f-49e2-81f8-f7237f0eb223 received client-request: Request { kind: ReserveTicket, customer: 5e77efd8-113f-409d-86c6-5a946ce989c3, server: None, raw: .. }
Reserved ticket 3918 for customer 5e77efd8-113f-409d-86c6-5a946ce989c3
Server 799bb1b2-bd8f-49e2-81f8-f7237f0eb223 received client-request: Request { kind: ReserveTicket, customer: 2d97e55f-9a6c-47fa-b8f5-d5b818ec9ae3, server: None, raw: .. }
Reserved ticket 3917 for customer 2d97e55f-9a6c-47fa-b8f5-d5b818ec9ae3
Server 799bb1b2-bd8f-49e2-81f8-f7237f0eb223 received client-request: Request { kind: ReserveTicket, customer: b15c9b9a-0d5e-4f26-8988-4933114a1887, server: None, raw: .. }
Reserved ticket 3916 for customer b15c9b9a-0d5e-4f26-8988-4933114a1887
Server 799bb1b2-bd8f-49e2-81f8-f7237f0eb223 received client-request: Request { kind: ReserveTicket, customer: 297c4159-1f40-422b-9490-2b0bf08e059e, server: None, raw: .. }
Reserved ticket 3915 for customer 297c4159-1f40-422b-9490-2b0bf08e059e
Server 799bb1b2-bd8f-49e2-81f8-f7237f0eb223 received client-request: Request { kind: ReserveTicket, customer: 222ab624-f684-47a3-a5b8-cb288c1fd7d9, server: None, raw: .. }
Reserved ticket 3914 for customer 222ab624-f684-47a3-a5b8-cb288c1fd7d9
Server 799bb1b2-bd8f-49e2-81f8-f7237f0eb223 received client-request: Request { kind: ReserveTicket, customer: 8193210f-6c43-4bae-b0b8-d756d8ffbced, server: None, raw: .. }
Reserved ticket 3913 for customer 8193210f-6c43-4bae-b0b8-d756d8ffbced
Server 799bb1b2-bd8f-49e2-81f8-f7237f0eb223 received client-request: Request { kind: ReserveTicket, customer: b7697c58-133d-4f62-8295-6727da78cef4, server: None, raw: .. }
Reserved ticket 3912 for customer b7697c58-133d-4f62-8295-6727da78cef4
Server 799bb1b2-bd8f-49e2-81f8-f7237f0eb223 received client-request: Request { kind: ReserveTicket, customer: bd41b364-52c1-4fc5-a3fc-561f452aadc7, server: None, raw: .. }
Reserved ticket 3911 for customer bd41b364-52c1-4fc5-a3fc-561f452aadc7
Server 799bb1b2-bd8f-49e2-81f8-f7237f0eb223 received client-request: Request { kind: ReserveTicket, customer: b01d0848-e19f-4d98-bbf3-1fa3b442836a, server: None, raw: .. }
Reserved ticket 3910 for customer b01d0848-e19f-4d98-bbf3-1fa3b442836a
Server 65a51e17-fff5-4036-8b94-6db5de4d28d8 received client-request: Request { kind: ReserveTicket, customer: 09f4bdad-8ca2-494a-a95d-2af51bb4364b, server: None, raw: .. }
Reserved ticket 3909 for customer 09f4bdad-8ca2-494a-a95d-2af51bb4364b
Server 799bb1b2-bd8f-49e2-81f8-f7237f0eb223 received client-request: Request { kind: ReserveTicket, customer: 412b8929-d6ba-459b-a991-2392222aceb2, server: None, raw: .. }
Reserved ticket 3908 for customer 412b8929-d6ba-459b-a991-2392222aceb2
Server 799bb1b2-bd8f-49e2-81f8-f7237f0eb223 received client-request: Request { kind: ReserveTicket, customer: 651bd421-86af-42ca-95f9-2f0005e32a6b, server: None, raw: .. }
Reserved ticket 3907 for customer 651bd421-86af-42ca-95f9-2f0005e32a6b
Server 799bb1b2-bd8f-49e2-81f8-f7237f0eb223 received client-request: Request { kind: ReserveTicket, customer: d16a0bfa-f954-4d51-9950-86f12bbbef51, server: None, raw: .. }
Reserved ticket 3906 for customer d16a0bfa-f954-4d51-9950-86f12bbbef51
Server 799bb1b2-bd8f-49e2-81f8-f7237f0eb223 received client-request: Request { kind: ReserveTicket, customer: d68b5eed-75e3-4961-b4a8-640d0049931c, server: None, raw: .. }
Reserved ticket 3905 for customer d68b5eed-75e3-4961-b4a8-640d0049931c
Server 799bb1b2-bd8f-49e2-81f8-f7237f0eb223 received client-request: Request { kind: ReserveTicket, customer: a661930a-82d4-4cc8-a45d-f599b8bc69ac, server: None, raw: .. }
Reserved ticket 3904 for customer a661930a-82d4-4cc8-a45d-f599b8bc69ac
Server 799bb1b2-bd8f-49e2-81f8-f7237f0eb223 received client-request: Request { kind: ReserveTicket, customer: 0c089b4c-9460-4e2a-a0c8-acf1b50269ae, server: None, raw: .. }
Reserved ticket 3903 for customer 0c089b4c-9460-4e2a-a0c8-acf1b50269ae
Server 799bb1b2-bd8f-49e2-81f8-f7237f0eb223 received client-request: Request { kind: ReserveTicket, customer: 765e5d6a-89ff-47db-85ee-922679e67073, server: None, raw: .. }
Reserved ticket 3902 for customer 765e5d6a-89ff-47db-85ee-922679e67073
Server 799bb1b2-bd8f-49e2-81f8-f7237f0eb223 received client-request: Request { kind: ReserveTicket, customer: 408fe71e-408b-4145-9e32-f977a3bc5928, server: None, raw: .. }
Reserved ticket 3901 for customer 408fe71e-408b-4145-9e32-f977a3bc5928
Server 799bb1b2-bd8f-49e2-81f8-f7237f0eb223 received client-request: Request { kind: ReserveTicket, customer: 29d45671-6b28-4f72-ad46-7a37d9c2f570, server: None, raw: .. }
Reserved ticket 3900 for customer 29d45671-6b28-4f72-ad46-7a37d9c2f570
Server 799bb1b2-bd8f-49e2-81f8-f7237f0eb223 received client-request: Request { kind: ReserveTicket, customer: e9d13c16-a6a0-4b04-9975-a8914b7ce400, server: None, raw: .. }
Reserved ticket 3899 for customer e9d13c16-a6a0-4b04-9975-a8914b7ce400
Server 799bb1b2-bd8f-49e2-81f8-f7237f0eb223 received client-request: Request { kind: ReserveTicket, customer: 066d613a-3999-4339-bcb5-fc713807814b, server: None, raw: .. }
Reserved ticket 3898 for customer 066d613a-3999-4339-bcb5-fc713807814b
Server 799bb1b2-bd8f-49e2-81f8-f7237f0eb223 received client-request: Request { kind: ReserveTicket, customer: 745008a5-8301-45e5-b43c-f21b87a78cdb, server: None, raw: .. }
Reserved ticket 3897 for customer 745008a5-8301-45e5-b43c-f21b87a78cdb
Server 799bb1b2-bd8f-49e2-81f8-f7237f0eb223 received client-request: Request { kind: ReserveTicket, customer: ae3c2102-e950-4941-acee-e6eb51efd904, server: None, raw: .. }
Reserved ticket 3896 for customer ae3c2102-e950-4941-acee-e6eb51efd904
Server 799bb1b2-bd8f-49e2-81f8-f7237f0eb223 received client-request: Request { kind: ReserveTicket, customer: 1d417bdd-3b7f-4e07-93a0-0ff4610afefa, server: None, raw: .. }
Reserved ticket 3895 for customer 1d417bdd-3b7f-4e07-93a0-0ff4610afefa
Server 799bb1b2-bd8f-49e2-81f8-f7237f0eb223 received client-request: Request { kind: ReserveTicket, customer: 6af268a8-501e-4ca2-bbb7-ca14588e25c0, server: None, raw: .. }
Reserved ticket 3894 for customer 6af268a8-501e-4ca2-bbb7-ca14588e25c0
Server 799bb1b2-bd8f-49e2-81f8-f7237f0eb223 received client-request: Request { kind: ReserveTicket, customer: 9ddd0524-44e0-49c2-abbe-e433e64ab79d, server: None, raw: .. }
Reserved ticket 3893 for customer 9ddd0524-44e0-49c2-abbe-e433e64ab79d
Server 799bb1b2-bd8f-49e2-81f8-f7237f0eb223 received client-request: Request { kind: ReserveTicket, customer: d6b624ff-7af3-4f12-a341-ac0271aaaf8f, server: None, raw: .. }
Reserved ticket 3892 for customer d6b624ff-7af3-4f12-a341-ac0271aaaf8f
Server 799bb1b2-bd8f-49e2-81f8-f7237f0eb223 received client-request: Request { kind: ReserveTicket, customer: 2b1abada-c3cf-4888-9492-a7402d8eb557, server: None, raw: .. }
Reserved ticket 3891 for customer 2b1abada-c3cf-4888-9492-a7402d8eb557
Server 799bb1b2-bd8f-49e2-81f8-f7237f0eb223 received client-request: Request { kind: ReserveTicket, customer: d64b71a4-d7f8-4938-9223-9eced3d24aeb, server: None, raw: .. }
Reserved ticket 3890 for customer d64b71a4-d7f8-4938-9223-9eced3d24aeb
Server 65a51e17-fff5-4036-8b94-6db5de4d28d8 received client-request: Request { kind: ReserveTicket, customer: 038b3102-ea86-497f-b63d-a44386c1245b, server: None, raw: .. }
Reserved ticket 3889 for customer 038b3102-ea86-497f-b63d-a44386c1245b
Server 799bb1b2-bd8f-49e2-81f8-f7237f0eb223 received client-request: Request { kind: ReserveTicket, customer: 4d58a680-2afc-4075-bca6-086d7055ddf8, server: None, raw: .. }
Reserved ticket 3888 for customer 4d58a680-2afc-4075-bca6-086d7055ddf8
Server 799bb1b2-bd8f-49e2-81f8-f7237f0eb223 received client-request: Request { kind: ReserveTicket, customer: 255a571d-2657-47c3-8073-704e81fc10b1, server: None, raw: .. }
Reserved ticket 3887 for customer 255a571d-2657-47c3-8073-704e81fc10b1
Server 799bb1b2-bd8f-49e2-81f8-f7237f0eb223 received client-request: Request { kind: ReserveTicket, customer: 46c34772-62a7-4921-b23c-f7fb91d1b646, server: None, raw: .. }
Reserved ticket 3886 for customer 46c34772-62a7-4921-b23c-f7fb91d1b646
Server 799bb1b2-bd8f-49e2-81f8-f7237f0eb223 received client-request: Request { kind: ReserveTicket, customer: 6174056a-9668-42cd-9375-1b9e940d5df0, server: None, raw: .. }
Reserved ticket 3885 for customer 6174056a-9668-42cd-9375-1b9e940d5df0
Server 799bb1b2-bd8f-49e2-81f8-f7237f0eb223 received client-request: Request { kind: ReserveTicket, customer: 1dc041db-6fcb-4f23-b849-f20f9e050eeb, server: None, raw: .. }
Reserved ticket 3884 for customer 1dc041db-6fcb-4f23-b849-f20f9e050eeb
Server 799bb1b2-bd8f-49e2-81f8-f7237f0eb223 received client-request: Request { kind: ReserveTicket, customer: 3847523d-a503-457e-aec7-96602250ed82, server: None, raw: .. }
Reserved ticket 3883 for customer 3847523d-a503-457e-aec7-96602250ed82
Server 799bb1b2-bd8f-49e2-81f8-f7237f0eb223 received client-request: Request { kind: ReserveTicket, customer: c94eb902-1f44-4d21-a261-3721a8ce5f7d, server: None, raw: .. }
Reserved ticket 3882 for customer c94eb902-1f44-4d21-a261-3721a8ce5f7d
Server 799bb1b2-bd8f-49e2-81f8-f7237f0eb223 received client-request: Request { kind: ReserveTicket, customer: daafa593-7d43-418b-b0e1-c2cb4ee47b56, server: None, raw: .. }
Reserved ticket 3881 for customer daafa593-7d43-418b-b0e1-c2cb4ee47b56
Server 799bb1b2-bd8f-49e2-81f8-f7237f0eb223 received client-request: Request { kind: ReserveTicket, customer: 9e72035d-ac3e-428b-997c-fcee2003cee0, server: None, raw: .. }
Reserved ticket 3880 for customer 9e72035d-ac3e-428b-997c-fcee2003cee0
Server 799bb1b2-bd8f-49e2-81f8-f7237f0eb223 received client-request: Request { kind: ReserveTicket, customer: f250b412-5811-4fca-b032-58c27315ecf0, server: None, raw: .. }
Reserved ticket 3879 for customer f250b412-5811-4fca-b032-58c27315ecf0
Server 799bb1b2-bd8f-49e2-81f8-f7237f0eb223 received client-request: Request { kind: ReserveTicket, customer: f144eff4-0a07-41df-a8ab-68833fbe9d56, server: None, raw: .. }
Reserved ticket 3878 for customer f144eff4-0a07-41df-a8ab-68833fbe9d56
Server 799bb1b2-bd8f-49e2-81f8-f7237f0eb223 received client-request: Request { kind: ReserveTicket, customer: 77c1eccd-b5d9-4062-8efc-e91ca050700b, server: None, raw: .. }
Reserved ticket 3877 for customer 77c1eccd-b5d9-4062-8efc-e91ca050700b
Server 799bb1b2-bd8f-49e2-81f8-f7237f0eb223 received client-request: Request { kind: ReserveTicket, customer: c0f7b2bd-eed8-46de-bdb1-a3686329cd6f, server: None, raw: .. }
Reserved ticket 3876 for customer c0f7b2bd-eed8-46de-bdb1-a3686329cd6f
Server 799bb1b2-bd8f-49e2-81f8-f7237f0eb223 received client-request: Request { kind: ReserveTicket, customer: 1c652c17-9bae-4cc7-9316-90487b24faaa, server: None, raw: .. }
Reserved ticket 3875 for customer 1c652c17-9bae-4cc7-9316-90487b24faaa
Server 799bb1b2-bd8f-49e2-81f8-f7237f0eb223 received client-request: Request { kind: ReserveTicket, customer: 660c9ebe-25e8-424d-b07c-c553a5e5ba5d, server: None, raw: .. }
Reserved ticket 3874 for customer 660c9ebe-25e8-424d-b07c-c553a5e5ba5d
Server 799bb1b2-bd8f-49e2-81f8-f7237f0eb223 received client-request: Request { kind: ReserveTicket, customer: 8a6eb1ad-ce0e-439a-86e0-c0e5b7d786bf, server: None, raw: .. }
Reserved ticket 3873 for customer 8a6eb1ad-ce0e-439a-86e0-c0e5b7d786bf
Server 799bb1b2-bd8f-49e2-81f8-f7237f0eb223 received client-request: Request { kind: ReserveTicket, customer: 6cc4de75-0c7e-445e-b0b4-1a3c56575f8a, server: None, raw: .. }
Reserved ticket 3872 for customer 6cc4de75-0c7e-445e-b0b4-1a3c56575f8a
Server 799bb1b2-bd8f-49e2-81f8-f7237f0eb223 received client-request: Request { kind: ReserveTicket, customer: 8b271925-608a-4d39-9f26-62db2f28f40f, server: None, raw: .. }
Reserved ticket 3871 for customer 8b271925-608a-4d39-9f26-62db2f28f40f
Server 799bb1b2-bd8f-49e2-81f8-f7237f0eb223 received client-request: Request { kind: ReserveTicket, customer: 59ea9231-db66-4dfd-a8af-ca8960fe641d, server: None, raw: .. }
Reserved ticket 3870 for customer 59ea9231-db66-4dfd-a8af-ca8960fe641d
Server 65a51e17-fff5-4036-8b94-6db5de4d28d8 received client-request: Request { kind: ReserveTicket, customer: 40cb8374-d831-4001-8fee-447523b95622, server: None, raw: .. }
Reserved ticket 3869 for customer 40cb8374-d831-4001-8fee-447523b95622
Server 799bb1b2-bd8f-49e2-81f8-f7237f0eb223 received client-request: Request { kind: ReserveTicket, customer: bee48021-7a0b-45c7-b442-c67d29a7c359, server: None, raw: .. }
Reserved ticket 3868 for customer bee48021-7a0b-45c7-b442-c67d29a7c359
Server 799bb1b2-bd8f-49e2-81f8-f7237f0eb223 received client-request: Request { kind: ReserveTicket, customer: b94d3f01-f10b-4a91-b33e-f1b411ee750b, server: None, raw: .. }
Reserved ticket 3867 for customer b94d3f01-f10b-4a91-b33e-f1b411ee750b
Server 799bb1b2-bd8f-49e2-81f8-f7237f0eb223 received client-request: Request { kind: ReserveTicket, customer: db49920a-7eb7-4a5f-84f6-cb8eda2ac275, server: None, raw: .. }
Reserved ticket 3866 for customer db49920a-7eb7-4a5f-84f6-cb8eda2ac275
Server 799bb1b2-bd8f-49e2-81f8-f7237f0eb223 received client-request: Request { kind: ReserveTicket, customer: 14ba41c5-2401-45db-a8fa-e446be09df06, server: None, raw: .. }
Reserved ticket 3865 for customer 14ba41c5-2401-45db-a8fa-e446be09df06
Server 799bb1b2-bd8f-49e2-81f8-f7237f0eb223 received client-request: Request { kind: ReserveTicket, customer: 2a398887-a953-40d3-be5b-c457e7a2a5a9, server: None, raw: .. }
Reserved ticket 3864 for customer 2a398887-a953-40d3-be5b-c457e7a2a5a9
Server 799bb1b2-bd8f-49e2-81f8-f7237f0eb223 received client-request: Request { kind: ReserveTicket, customer: 43415271-37ef-4dea-b3c1-3f9d63f69355, server: None, raw: .. }
Reserved ticket 3863 for customer 43415271-37ef-4dea-b3c1-3f9d63f69355
Server 799bb1b2-bd8f-49e2-81f8-f7237f0eb223 received client-request: Request { kind: ReserveTicket, customer: 4f974449-8d2f-40f5-99f7-d8af9af8f0e0, server: None, raw: .. }
Reserved ticket 3862 for customer 4f974449-8d2f-40f5-99f7-d8af9af8f0e0
Server 799bb1b2-bd8f-49e2-81f8-f7237f0eb223 received client-request: Request { kind: ReserveTicket, customer: 098822af-c05d-4646-b39c-cba94e1ebfc6, server: None, raw: .. }
Reserved ticket 3861 for customer 098822af-c05d-4646-b39c-cba94e1ebfc6
Server 799bb1b2-bd8f-49e2-81f8-f7237f0eb223 received client-request: Request { kind: ReserveTicket, customer: a278a5a3-1d9e-4f5c-bf85-55a3d3ce661a, server: None, raw: .. }
Reserved ticket 3860 for customer a278a5a3-1d9e-4f5c-bf85-55a3d3ce661a
Server 799bb1b2-bd8f-49e2-81f8-f7237f0eb223 received client-request: Request { kind: ReserveTicket, customer: bf36fcd5-c0a3-40a0-b43f-9a7e97e4e318, server: None, raw: .. }
Reserved ticket 3859 for customer bf36fcd5-c0a3-40a0-b43f-9a7e97e4e318
Server 799bb1b2-bd8f-49e2-81f8-f7237f0eb223 received client-request: Request { kind: ReserveTicket, customer: 3a79e380-d698-4925-9040-58db79ab169b, server: None, raw: .. }
Reserved ticket 3858 for customer 3a79e380-d698-4925-9040-58db79ab169b
Server 799bb1b2-bd8f-49e2-81f8-f7237f0eb223 received client-request: Request { kind: ReserveTicket, customer: ff2db46c-7462-4fae-a5bb-af0521ac3ed6, server: None, raw: .. }
Reserved ticket 3857 for customer ff2db46c-7462-4fae-a5bb-af0521ac3ed6
Server 799bb1b2-bd8f-49e2-81f8-f7237f0eb223 received client-request: Request { kind: ReserveTicket, customer: c8f9008b-640f-462e-9f76-a07209a10921, server: None, raw: .. }
Reserved ticket 3856 for customer c8f9008b-640f-462e-9f76-a07209a10921
Server 799bb1b2-bd8f-49e2-81f8-f7237f0eb223 received client-request: Request { kind: ReserveTicket, customer: 8f15e430-b411-4a19-963e-a7641a958235, server: None, raw: .. }
Reserved ticket 3855 for customer 8f15e430-b411-4a19-963e-a7641a958235
Server 799bb1b2-bd8f-49e2-81f8-f7237f0eb223 received client-request: Request { kind: ReserveTicket, customer: 7ed37093-ffc5-409a-8eb1-03b1f84c0ee6, server: None, raw: .. }
Reserved ticket 3854 for customer 7ed37093-ffc5-409a-8eb1-03b1f84c0ee6
Server 799bb1b2-bd8f-49e2-81f8-f7237f0eb223 received client-request: Request { kind: ReserveTicket, customer: a1bf8063-d8da-40be-9f53-be4bdbf0e6a5, server: None, raw: .. }
Reserved ticket 3853 for customer a1bf8063-d8da-40be-9f53-be4bdbf0e6a5
Server 799bb1b2-bd8f-49e2-81f8-f7237f0eb223 received client-request: Request { kind: ReserveTicket, customer: 36d27eb5-0cd9-46ed-9a5e-e0939a90f9ce, server: None, raw: .. }
Reserved ticket 3852 for customer 36d27eb5-0cd9-46ed-9a5e-e0939a90f9ce
Server 799bb1b2-bd8f-49e2-81f8-f7237f0eb223 received client-request: Request { kind: ReserveTicket, customer: 80794f90-e37f-48c8-a29b-a0ff7bf67c46, server: None, raw: .. }
Reserved ticket 3851 for customer 80794f90-e37f-48c8-a29b-a0ff7bf67c46
Server 799bb1b2-bd8f-49e2-81f8-f7237f0eb223 received client-request: Request { kind: ReserveTicket, customer: f32dbd59-ca37-428d-9e4f-ecd467dab3ba, server: None, raw: .. }
Reserved ticket 3850 for customer f32dbd59-ca37-428d-9e4f-ecd467dab3ba
Server 65a51e17-fff5-4036-8b94-6db5de4d28d8 received client-request: Request { kind: ReserveTicket, customer: d5e1ac3d-2d94-4270-8316-1cc3518096f0, server: None, raw: .. }
Reserved ticket 3849 for customer d5e1ac3d-2d94-4270-8316-1cc3518096f0
Server 799bb1b2-bd8f-49e2-81f8-f7237f0eb223 received client-request: Request { kind: ReserveTicket, customer: 32ac62cf-d75c-4134-a76c-c0905f30439c, server: None, raw: .. }
Reserved ticket 3848 for customer 32ac62cf-d75c-4134-a76c-c0905f30439c
Server 799bb1b2-bd8f-49e2-81f8-f7237f0eb223 received client-request: Request { kind: ReserveTicket, customer: daa5bdf0-6329-4882-a63a-5b862947b78e, server: None, raw: .. }
Reserved ticket 3847 for customer daa5bdf0-6329-4882-a63a-5b862947b78e
Server 799bb1b2-bd8f-49e2-81f8-f7237f0eb223 received client-request: Request { kind: ReserveTicket, customer: a945d95e-9e1e-40e7-a710-2c35bdd2d332, server: None, raw: .. }
Reserved ticket 3846 for customer a945d95e-9e1e-40e7-a710-2c35bdd2d332
Server 799bb1b2-bd8f-49e2-81f8-f7237f0eb223 received client-request: Request { kind: ReserveTicket, customer: e7c8a662-38df-435a-aed5-72202461e59c, server: None, raw: .. }
Reserved ticket 3845 for customer e7c8a662-38df-435a-aed5-72202461e59c
Server 799bb1b2-bd8f-49e2-81f8-f7237f0eb223 received client-request: Request { kind: ReserveTicket, customer: a1f256ab-1365-4d06-b3e6-30685c6f5e60, server: None, raw: .. }
Reserved ticket 3844 for customer a1f256ab-1365-4d06-b3e6-30685c6f5e60
Server 799bb1b2-bd8f-49e2-81f8-f7237f0eb223 received client-request: Request { kind: ReserveTicket, customer: 2aa288f2-a966-40e5-8300-a3a494ea2660, server: None, raw: .. }
Reserved ticket 3843 for customer 2aa288f2-a966-40e5-8300-a3a494ea2660
Server 799bb1b2-bd8f-49e2-81f8-f7237f0eb223 received client-request: Request { kind: ReserveTicket, customer: 8ec8495e-20d6-4768-8996-c1e35b92e6ec, server: None, raw: .. }
Reserved ticket 3842 for customer 8ec8495e-20d6-4768-8996-c1e35b92e6ec
Server 799bb1b2-bd8f-49e2-81f8-f7237f0eb223 received client-request: Request { kind: ReserveTicket, customer: 10e1f6e4-9374-4807-ba58-64af6a54453a, server: None, raw: .. }
Reserved ticket 3841 for customer 10e1f6e4-9374-4807-ba58-64af6a54453a
Server 799bb1b2-bd8f-49e2-81f8-f7237f0eb223 received client-request: Request { kind: ReserveTicket, customer: 6be81d7d-77c4-4e57-8509-9f59fc5ecf86, server: None, raw: .. }
Reserved ticket 3840 for customer 6be81d7d-77c4-4e57-8509-9f59fc5ecf86
Server 799bb1b2-bd8f-49e2-81f8-f7237f0eb223 received client-request: Request { kind: ReserveTicket, customer: 9fa3ece4-15f0-4b96-af65-4137ccb3a33e, server: None, raw: .. }
Reserved ticket 3839 for customer 9fa3ece4-15f0-4b96-af65-4137ccb3a33e
Server 799bb1b2-bd8f-49e2-81f8-f7237f0eb223 received client-request: Request { kind: ReserveTicket, customer: 0245566e-19dc-4cc5-ad0a-e6e446a58454, server: None, raw: .. }
Reserved ticket 3838 for customer 0245566e-19dc-4cc5-ad0a-e6e446a58454
Server 799bb1b2-bd8f-49e2-81f8-f7237f0eb223 received client-request: Request { kind: ReserveTicket, customer: 7a52a242-a375-4824-9fb1-05cabf940f9f, server: None, raw: .. }
Reserved ticket 3837 for customer 7a52a242-a375-4824-9fb1-05cabf940f9f
Server 799bb1b2-bd8f-49e2-81f8-f7237f0eb223 received client-request: Request { kind: ReserveTicket, customer: f6b84e02-7d5b-4212-aed4-e26619db0e71, server: None, raw: .. }
Reserved ticket 3836 for customer f6b84e02-7d5b-4212-aed4-e26619db0e71
Server 799bb1b2-bd8f-49e2-81f8-f7237f0eb223 received client-request: Request { kind: ReserveTicket, customer: 1a93e981-dd9b-4785-bc6b-1c94c866b9bb, server: None, raw: .. }
Reserved ticket 3835 for customer 1a93e981-dd9b-4785-bc6b-1c94c866b9bb
Server 799bb1b2-bd8f-49e2-81f8-f7237f0eb223 received client-request: Request { kind: ReserveTicket, customer: 7c9bbbe0-5682-4607-ac09-84e17e224297, server: None, raw: .. }
Reserved ticket 3834 for customer 7c9bbbe0-5682-4607-ac09-84e17e224297
Server 799bb1b2-bd8f-49e2-81f8-f7237f0eb223 received client-request: Request { kind: ReserveTicket, customer: a2ad47c6-4c0b-48e9-bdb7-a14359c2b0bc, server: None, raw: .. }
Reserved ticket 3833 for customer a2ad47c6-4c0b-48e9-bdb7-a14359c2b0bc
Server 799bb1b2-bd8f-49e2-81f8-f7237f0eb223 received client-request: Request { kind: ReserveTicket, customer: 3b25e3ff-0014-43a4-a3db-51f8667eb8b5, server: None, raw: .. }
Reserved ticket 3832 for customer 3b25e3ff-0014-43a4-a3db-51f8667eb8b5
Server 799bb1b2-bd8f-49e2-81f8-f7237f0eb223 received client-request: Request { kind: ReserveTicket, customer: 3fab62b4-1a94-45d8-aaa7-466411de5511, server: None, raw: .. }
Reserved ticket 3831 for customer 3fab62b4-1a94-45d8-aaa7-466411de5511
Server 799bb1b2-bd8f-49e2-81f8-f7237f0eb223 received client-request: Request { kind: ReserveTicket, customer: 2f28f88b-bd2a-4a76-a93d-c3f34b3b216a, server: None, raw: .. }
Reserved ticket 3830 for customer 2f28f88b-bd2a-4a76-a93d-c3f34b3b216a
Server 65a51e17-fff5-4036-8b94-6db5de4d28d8 received client-request: Request { kind: ReserveTicket, customer: 209248e9-257c-47b1-8feb-4a46145a6f99, server: None, raw: .. }
Reserved ticket 3829 for customer 209248e9-257c-47b1-8feb-4a46145a6f99
Server 799bb1b2-bd8f-49e2-81f8-f7237f0eb223 received client-request: Request { kind: ReserveTicket, customer: 4621c44c-0d17-4c7e-8a5e-345ab8a4adc7, server: None, raw: .. }
Reserved ticket 3828 for customer 4621c44c-0d17-4c7e-8a5e-345ab8a4adc7
Server 799bb1b2-bd8f-49e2-81f8-f7237f0eb223 received client-request: Request { kind: ReserveTicket, customer: 399f1329-6993-4bb9-a483-97d67cd416a6, server: None, raw: .. }
Reserved ticket 3827 for customer 399f1329-6993-4bb9-a483-97d67cd416a6
Server 799bb1b2-bd8f-49e2-81f8-f7237f0eb223 received client-request: Request { kind: ReserveTicket, customer: 6ecdcd02-1de1-4ca6-8f09-0f37e9ce93c5, server: None, raw: .. }
Reserved ticket 3826 for customer 6ecdcd02-1de1-4ca6-8f09-0f37e9ce93c5
Server 799bb1b2-bd8f-49e2-81f8-f7237f0eb223 received client-request: Request { kind: ReserveTicket, customer: b5c90279-29a5-44d7-8646-1a81b16e10c9, server: None, raw: .. }
Reserved ticket 3825 for customer b5c90279-29a5-44d7-8646-1a81b16e10c9
Server 799bb1b2-bd8f-49e2-81f8-f7237f0eb223 received client-request: Request { kind: ReserveTicket, customer: e65e6599-f113-412d-b3db-ec0db0c33352, server: None, raw: .. }
Reserved ticket 3824 for customer e65e6599-f113-412d-b3db-ec0db0c33352
Server 799bb1b2-bd8f-49e2-81f8-f7237f0eb223 received client-request: Request { kind: ReserveTicket, customer: b39d2276-fd4e-402a-af70-88e6c72049e9, server: None, raw: .. }
Reserved ticket 3823 for customer b39d2276-fd4e-402a-af70-88e6c72049e9
Server 799bb1b2-bd8f-49e2-81f8-f7237f0eb223 received client-request: Request { kind: ReserveTicket, customer: 3d32811d-6879-40e2-920c-a2921c2d3369, server: None, raw: .. }
Reserved ticket 3822 for customer 3d32811d-6879-40e2-920c-a2921c2d3369
Server 799bb1b2-bd8f-49e2-81f8-f7237f0eb223 received client-request: Request { kind: ReserveTicket, customer: ab971666-182d-4e5a-a86b-b97300450f5a, server: None, raw: .. }
Reserved ticket 3821 for customer ab971666-182d-4e5a-a86b-b97300450f5a
Server 799bb1b2-bd8f-49e2-81f8-f7237f0eb223 received client-request: Request { kind: ReserveTicket, customer: c2f20e58-61c0-4121-b069-911712035c21, server: None, raw: .. }
Reserved ticket 3820 for customer c2f20e58-61c0-4121-b069-911712035c21
Server 799bb1b2-bd8f-49e2-81f8-f7237f0eb223 received client-request: Request { kind: ReserveTicket, customer: d304cd33-d046-4779-9b2c-0f3173ca6a4a, server: None, raw: .. }
Reserved ticket 3819 for customer d304cd33-d046-4779-9b2c-0f3173ca6a4a
Server 799bb1b2-bd8f-49e2-81f8-f7237f0eb223 received client-request: Request { kind: ReserveTicket, customer: fba6bfd8-0d6e-4cc6-b543-fedd321ca0ae, server: None, raw: .. }
Reserved ticket 3818 for customer fba6bfd8-0d6e-4cc6-b543-fedd321ca0ae
Server 799bb1b2-bd8f-49e2-81f8-f7237f0eb223 received client-request: Request { kind: ReserveTicket, customer: 0981fb27-1404-4e89-9c94-5cc7ea4a332f, server: None, raw: .. }
Reserved ticket 3817 for customer 0981fb27-1404-4e89-9c94-5cc7ea4a332f
Server 799bb1b2-bd8f-49e2-81f8-f7237f0eb223 received client-request: Request { kind: ReserveTicket, customer: 18cc5127-313c-4019-a827-b67a141b3224, server: None, raw: .. }
Reserved ticket 3816 for customer 18cc5127-313c-4019-a827-b67a141b3224
Server 799bb1b2-bd8f-49e2-81f8-f7237f0eb223 received client-request: Request { kind: ReserveTicket, customer: cbd87fad-7198-4f03-997f-1945fdd1ba1e, server: None, raw: .. }
Reserved ticket 3815 for customer cbd87fad-7198-4f03-997f-1945fdd1ba1e
Server 799bb1b2-bd8f-49e2-81f8-f7237f0eb223 received client-request: Request { kind: ReserveTicket, customer: 47a618d2-27cd-48c8-b9a9-f71808b1054e, server: None, raw: .. }
Reserved ticket 3814 for customer 47a618d2-27cd-48c8-b9a9-f71808b1054e
Server 799bb1b2-bd8f-49e2-81f8-f7237f0eb223 received client-request: Request { kind: ReserveTicket, customer: f6793480-6f5d-4c1a-af28-632b1678dd38, server: None, raw: .. }
Reserved ticket 3813 for customer f6793480-6f5d-4c1a-af28-632b1678dd38
Server 799bb1b2-bd8f-49e2-81f8-f7237f0eb223 received client-request: Request { kind: ReserveTicket, customer: 6ee78bfa-d7cf-4664-93b9-88bba17349e9, server: None, raw: .. }
Reserved ticket 3812 for customer 6ee78bfa-d7cf-4664-93b9-88bba17349e9
Server 799bb1b2-bd8f-49e2-81f8-f7237f0eb223 received client-request: Request { kind: ReserveTicket, customer: 859f1c37-a2dc-4597-bb33-3baa84a49dc3, server: None, raw: .. }
Reserved ticket 3811 for customer 859f1c37-a2dc-4597-bb33-3baa84a49dc3
Server 799bb1b2-bd8f-49e2-81f8-f7237f0eb223 received client-request: Request { kind: ReserveTicket, customer: 287817ea-75b0-4955-bb19-e143d85a429b, server: None, raw: .. }
Reserved ticket 3810 for customer 287817ea-75b0-4955-bb19-e143d85a429b
Server 65a51e17-fff5-4036-8b94-6db5de4d28d8 received client-request: Request { kind: ReserveTicket, customer: ffc21861-16a4-4c5d-808c-f4e34746fb04, server: None, raw: .. }
Reserved ticket 3809 for customer ffc21861-16a4-4c5d-808c-f4e34746fb04
Server 799bb1b2-bd8f-49e2-81f8-f7237f0eb223 received client-request: Request { kind: ReserveTicket, customer: a52a0832-feba-41f7-b057-4602766b7fd0, server: None, raw: .. }
Reserved ticket 3808 for customer a52a0832-feba-41f7-b057-4602766b7fd0
Server 799bb1b2-bd8f-49e2-81f8-f7237f0eb223 received client-request: Request { kind: ReserveTicket, customer: 49366a34-b98e-4579-a9e3-4db8edeaf5d9, server: None, raw: .. }
Reserved ticket 3807 for customer 49366a34-b98e-4579-a9e3-4db8edeaf5d9
Server 799bb1b2-bd8f-49e2-81f8-f7237f0eb223 received client-request: Request { kind: ReserveTicket, customer: 802eb537-ee01-47a7-b5ae-f25e9b0dbac5, server: None, raw: .. }
Reserved ticket 3806 for customer 802eb537-ee01-47a7-b5ae-f25e9b0dbac5
Server 799bb1b2-bd8f-49e2-81f8-f7237f0eb223 received client-request: Request { kind: ReserveTicket, customer: e2c1b218-961f-42b5-8189-074bbfd6586b, server: None, raw: .. }
Reserved ticket 3805 for customer e2c1b218-961f-42b5-8189-074bbfd6586b
Server 799bb1b2-bd8f-49e2-81f8-f7237f0eb223 received client-request: Request { kind: ReserveTicket, customer: 068ff602-2e9f-4d94-baac-aa40434da2b0, server: None, raw: .. }
Reserved ticket 3804 for customer 068ff602-2e9f-4d94-baac-aa40434da2b0
Server 799bb1b2-bd8f-49e2-81f8-f7237f0eb223 received client-request: Request { kind: ReserveTicket, customer: 9d9323df-4c15-493d-aadf-e075ae472cf1, server: None, raw: .. }
Reserved ticket 3803 for customer 9d9323df-4c15-493d-aadf-e075ae472cf1
Server 799bb1b2-bd8f-49e2-81f8-f7237f0eb223 received client-request: Request { kind: ReserveTicket, customer: 92bc730a-5e79-4c2e-a721-069957fa0fbd, server: None, raw: .. }
Reserved ticket 3802 for customer 92bc730a-5e79-4c2e-a721-069957fa0fbd
Server 799bb1b2-bd8f-49e2-81f8-f7237f0eb223 received client-request: Request { kind: ReserveTicket, customer: 94cf34f6-7483-46d2-8c6f-86c3f73c5953, server: None, raw: .. }
Reserved ticket 3801 for customer 94cf34f6-7483-46d2-8c6f-86c3f73c5953
Server 799bb1b2-bd8f-49e2-81f8-f7237f0eb223 received client-request: Request { kind: ReserveTicket, customer: 04c06875-28ca-421c-bab5-ed603c8495bf, server: None, raw: .. }
Reserved ticket 3800 for customer 04c06875-28ca-421c-bab5-ed603c8495bf
Server 799bb1b2-bd8f-49e2-81f8-f7237f0eb223 received client-request: Request { kind: ReserveTicket, customer: caac0202-4ae9-49cb-8334-f18266b4d587, server: None, raw: .. }
Reserved ticket 3799 for customer caac0202-4ae9-49cb-8334-f18266b4d587
Server 799bb1b2-bd8f-49e2-81f8-f7237f0eb223 received client-request: Request { kind: ReserveTicket, customer: 2b3e6387-cd59-456b-bdee-6278fc3d2669, server: None, raw: .. }
Reserved ticket 3798 for customer 2b3e6387-cd59-456b-bdee-6278fc3d2669
Server 799bb1b2-bd8f-49e2-81f8-f7237f0eb223 received client-request: Request { kind: ReserveTicket, customer: 36b7ada4-201b-4133-b0fe-d25aa69b3da2, server: None, raw: .. }
Reserved ticket 3797 for customer 36b7ada4-201b-4133-b0fe-d25aa69b3da2
Server 799bb1b2-bd8f-49e2-81f8-f7237f0eb223 received client-request: Request { kind: ReserveTicket, customer: 6a8a6105-3629-4880-9d7a-3e3d9d10eb3e, server: None, raw: .. }
Reserved ticket 3796 for customer 6a8a6105-3629-4880-9d7a-3e3d9d10eb3e
Server 799bb1b2-bd8f-49e2-81f8-f7237f0eb223 received client-request: Request { kind: ReserveTicket, customer: d4c62a3c-90d4-4acf-963c-426fa9275554, server: None, raw: .. }
Reserved ticket 3795 for customer d4c62a3c-90d4-4acf-963c-426fa9275554
Server 799bb1b2-bd8f-49e2-81f8-f7237f0eb223 received client-request: Request { kind: ReserveTicket, customer: 613b7bc2-95de-4552-a68e-f87bd6af430d, server: None, raw: .. }
Reserved ticket 3794 for customer 613b7bc2-95de-4552-a68e-f87bd6af430d
Server 799bb1b2-bd8f-49e2-81f8-f7237f0eb223 received client-request: Request { kind: ReserveTicket, customer: 0dacf080-bc3a-4566-91b9-87a0db92b773, server: None, raw: .. }
Reserved ticket 3793 for customer 0dacf080-bc3a-4566-91b9-87a0db92b773
Server 799bb1b2-bd8f-49e2-81f8-f7237f0eb223 received client-request: Request { kind: ReserveTicket, customer: 99d7767b-11e9-4465-8814-c8546b7af9e0, server: None, raw: .. }
Reserved ticket 3792 for customer 99d7767b-11e9-4465-8814-c8546b7af9e0
Server 799bb1b2-bd8f-49e2-81f8-f7237f0eb223 received client-request: Request { kind: ReserveTicket, customer: 1c453680-f126-4b12-b842-9380e4177c32, server: None, raw: .. }
Reserved ticket 3791 for customer 1c453680-f126-4b12-b842-9380e4177c32
Server 799bb1b2-bd8f-49e2-81f8-f7237f0eb223 received client-request: Request { kind: ReserveTicket, customer: bf9cc877-580f-4e69-9158-3663117daf61, server: None, raw: .. }
Reserved ticket 3790 for customer bf9cc877-580f-4e69-9158-3663117daf61
Server 65a51e17-fff5-4036-8b94-6db5de4d28d8 received client-request: Request { kind: ReserveTicket, customer: 602f2732-ed4f-4013-b427-7a2ffdedde8b, server: None, raw: .. }
Reserved ticket 3789 for customer 602f2732-ed4f-4013-b427-7a2ffdedde8b
Server 799bb1b2-bd8f-49e2-81f8-f7237f0eb223 received client-request: Request { kind: ReserveTicket, customer: e3381d48-5f44-4f6b-be57-c56637d97b57, server: None, raw: .. }
Reserved ticket 3788 for customer e3381d48-5f44-4f6b-be57-c56637d97b57
Server 799bb1b2-bd8f-49e2-81f8-f7237f0eb223 received client-request: Request { kind: ReserveTicket, customer: 89b6e0df-7fe8-4fe0-b325-ddd4e7838d59, server: None, raw: .. }
Reserved ticket 3787 for customer 89b6e0df-7fe8-4fe0-b325-ddd4e7838d59
Server 799bb1b2-bd8f-49e2-81f8-f7237f0eb223 received client-request: Request { kind: ReserveTicket, customer: d8732b61-79df-46c9-8aae-3924fdcfbeb1, server: None, raw: .. }
Reserved ticket 3786 for customer d8732b61-79df-46c9-8aae-3924fdcfbeb1
Server 799bb1b2-bd8f-49e2-81f8-f7237f0eb223 received client-request: Request { kind: ReserveTicket, customer: 668e4f82-ca6f-4bbb-999c-6e4d0c653bd8, server: None, raw: .. }
Reserved ticket 3785 for customer 668e4f82-ca6f-4bbb-999c-6e4d0c653bd8
Server 799bb1b2-bd8f-49e2-81f8-f7237f0eb223 received client-request: Request { kind: ReserveTicket, customer: da4fb4ae-be13-4394-9a5d-d66d4ccdcd4b, server: None, raw: .. }
Reserved ticket 3784 for customer da4fb4ae-be13-4394-9a5d-d66d4ccdcd4b
Server 799bb1b2-bd8f-49e2-81f8-f7237f0eb223 received client-request: Request { kind: ReserveTicket, customer: 48a8ab4f-2359-4d94-8c28-ae922ae7d68a, server: None, raw: .. }
Reserved ticket 3783 for customer 48a8ab4f-2359-4d94-8c28-ae922ae7d68a
Server 799bb1b2-bd8f-49e2-81f8-f7237f0eb223 received client-request: Request { kind: ReserveTicket, customer: 97436967-3879-48a2-a941-e305ca1a6c5a, server: None, raw: .. }
Reserved ticket 3782 for customer 97436967-3879-48a2-a941-e305ca1a6c5a
Server 799bb1b2-bd8f-49e2-81f8-f7237f0eb223 received client-request: Request { kind: ReserveTicket, customer: 29cb5cb1-e5b1-4e00-8f54-bcdc131aeef4, server: None, raw: .. }
Reserved ticket 3781 for customer 29cb5cb1-e5b1-4e00-8f54-bcdc131aeef4
Server 799bb1b2-bd8f-49e2-81f8-f7237f0eb223 received client-request: Request { kind: ReserveTicket, customer: 3d20ecde-5580-48f9-83f2-f48b21f0655e, server: None, raw: .. }
Reserved ticket 3780 for customer 3d20ecde-5580-48f9-83f2-f48b21f0655e
Server 799bb1b2-bd8f-49e2-81f8-f7237f0eb223 received client-request: Request { kind: ReserveTicket, customer: b6a3a28e-c954-4332-a2c7-113a88699a7c, server: None, raw: .. }
Reserved ticket 3779 for customer b6a3a28e-c954-4332-a2c7-113a88699a7c
Server 799bb1b2-bd8f-49e2-81f8-f7237f0eb223 received client-request: Request { kind: ReserveTicket, customer: 1c1fc016-3893-4f9b-a41a-448aef86a615, server: None, raw: .. }
Reserved ticket 3778 for customer 1c1fc016-3893-4f9b-a41a-448aef86a615
Server 799bb1b2-bd8f-49e2-81f8-f7237f0eb223 received client-request: Request { kind: ReserveTicket, customer: 878af710-09d9-4b31-a2c5-c2e235fde9a0, server: None, raw: .. }
Reserved ticket 3777 for customer 878af710-09d9-4b31-a2c5-c2e235fde9a0
Server 799bb1b2-bd8f-49e2-81f8-f7237f0eb223 received client-request: Request { kind: ReserveTicket, customer: 9c21032f-48fe-4296-bc56-f182add62080, server: None, raw: .. }
Reserved ticket 3776 for customer 9c21032f-48fe-4296-bc56-f182add62080
Server 799bb1b2-bd8f-49e2-81f8-f7237f0eb223 received client-request: Request { kind: ReserveTicket, customer: b67da757-1aa1-4f46-a45e-05808877b59d, server: None, raw: .. }
Reserved ticket 3775 for customer b67da757-1aa1-4f46-a45e-05808877b59d
Server 799bb1b2-bd8f-49e2-81f8-f7237f0eb223 received client-request: Request { kind: ReserveTicket, customer: f93ce209-dd87-4e9b-bc2d-ddf056776f78, server: None, raw: .. }
Reserved ticket 3774 for customer f93ce209-dd87-4e9b-bc2d-ddf056776f78
Server 799bb1b2-bd8f-49e2-81f8-f7237f0eb223 received client-request: Request { kind: ReserveTicket, customer: 5d2362ca-6ed4-4d1d-93e5-7cc974a8aac5, server: None, raw: .. }
Reserved ticket 3773 for customer 5d2362ca-6ed4-4d1d-93e5-7cc974a8aac5
Server 799bb1b2-bd8f-49e2-81f8-f7237f0eb223 received client-request: Request { kind: ReserveTicket, customer: f0b05bda-cabd-416a-be46-c84f1c9e2d39, server: None, raw: .. }
Reserved ticket 3772 for customer f0b05bda-cabd-416a-be46-c84f1c9e2d39
Server 799bb1b2-bd8f-49e2-81f8-f7237f0eb223 received client-request: Request { kind: ReserveTicket, customer: 00a8c8c6-9a63-4194-ba0d-b5d145cf59ea, server: None, raw: .. }
Reserved ticket 3771 for customer 00a8c8c6-9a63-4194-ba0d-b5d145cf59ea
Server 799bb1b2-bd8f-49e2-81f8-f7237f0eb223 received client-request: Request { kind: ReserveTicket, customer: 7371aded-f0bc-426d-a462-2dcec134f566, server: None, raw: .. }
Reserved ticket 3770 for customer 7371aded-f0bc-426d-a462-2dcec134f566
Server 65a51e17-fff5-4036-8b94-6db5de4d28d8 received client-request: Request { kind: ReserveTicket, customer: d572156a-a805-450d-946e-393eb8a031ab, server: None, raw: .. }
Reserved ticket 3769 for customer d572156a-a805-450d-946e-393eb8a031ab
Server 799bb1b2-bd8f-49e2-81f8-f7237f0eb223 received client-request: Request { kind: ReserveTicket, customer: 0b4ab634-c320-488c-9ea5-fd71d7a205b8, server: None, raw: .. }
Reserved ticket 3768 for customer 0b4ab634-c320-488c-9ea5-fd71d7a205b8
Server 799bb1b2-bd8f-49e2-81f8-f7237f0eb223 received client-request: Request { kind: ReserveTicket, customer: 71f7ebbd-fc76-4b3f-a1c0-c6703cd170ce, server: None, raw: .. }
Reserved ticket 3767 for customer 71f7ebbd-fc76-4b3f-a1c0-c6703cd170ce
Server 799bb1b2-bd8f-49e2-81f8-f7237f0eb223 received client-request: Request { kind: ReserveTicket, customer: 701b3f05-e9fb-4d5f-bb32-afd920913bb4, server: None, raw: .. }
Reserved ticket 3766 for customer 701b3f05-e9fb-4d5f-bb32-afd920913bb4
Server 799bb1b2-bd8f-49e2-81f8-f7237f0eb223 received client-request: Request { kind: ReserveTicket, customer: 3eb99923-9f76-4249-bb56-951103de4e1f, server: None, raw: .. }
Reserved ticket 3765 for customer 3eb99923-9f76-4249-bb56-951103de4e1f
Server 799bb1b2-bd8f-49e2-81f8-f7237f0eb223 received client-request: Request { kind: ReserveTicket, customer: 6970ec74-e502-49a7-9980-7edc208d7943, server: None, raw: .. }
Reserved ticket 3764 for customer 6970ec74-e502-49a7-9980-7edc208d7943
Server 799bb1b2-bd8f-49e2-81f8-f7237f0eb223 received client-request: Request { kind: ReserveTicket, customer: 1ba476ec-d9b0-4866-b790-3a4bf41b4be6, server: None, raw: .. }
Reserved ticket 3763 for customer 1ba476ec-d9b0-4866-b790-3a4bf41b4be6
Server 799bb1b2-bd8f-49e2-81f8-f7237f0eb223 received client-request: Request { kind: ReserveTicket, customer: 170b5cb2-a669-4640-8c4c-6163dc357eb5, server: None, raw: .. }
Reserved ticket 3762 for customer 170b5cb2-a669-4640-8c4c-6163dc357eb5
Server 799bb1b2-bd8f-49e2-81f8-f7237f0eb223 received client-request: Request { kind: ReserveTicket, customer: 154ce951-9154-4aac-81ab-0bd99ff23c29, server: None, raw: .. }
Reserved ticket 3761 for customer 154ce951-9154-4aac-81ab-0bd99ff23c29
Server 799bb1b2-bd8f-49e2-81f8-f7237f0eb223 received client-request: Request { kind: ReserveTicket, customer: 646f00da-a2d7-47a6-97fc-72176556a9c0, server: None, raw: .. }
Reserved ticket 3760 for customer 646f00da-a2d7-47a6-97fc-72176556a9c0
Server 799bb1b2-bd8f-49e2-81f8-f7237f0eb223 received client-request: Request { kind: ReserveTicket, customer: 3cf59967-69f1-4d00-b208-5ec146959f06, server: None, raw: .. }
Reserved ticket 3759 for customer 3cf59967-69f1-4d00-b208-5ec146959f06
Server 799bb1b2-bd8f-49e2-81f8-f7237f0eb223 received client-request: Request { kind: ReserveTicket, customer: 19f87972-e76e-47d4-8d18-522487e59af8, server: None, raw: .. }
Reserved ticket 3758 for customer 19f87972-e76e-47d4-8d18-522487e59af8
Server 799bb1b2-bd8f-49e2-81f8-f7237f0eb223 received client-request: Request { kind: ReserveTicket, customer: c69d45be-b4db-4cf5-b365-05817e3c08ab, server: None, raw: .. }
Reserved ticket 3757 for customer c69d45be-b4db-4cf5-b365-05817e3c08ab
Server 799bb1b2-bd8f-49e2-81f8-f7237f0eb223 received client-request: Request { kind: ReserveTicket, customer: 10d83cc1-599b-4ef5-a6dd-67f4a1323cec, server: None, raw: .. }
Reserved ticket 3756 for customer 10d83cc1-599b-4ef5-a6dd-67f4a1323cec
Server 799bb1b2-bd8f-49e2-81f8-f7237f0eb223 received client-request: Request { kind: ReserveTicket, customer: 2bf2c999-7577-46ca-bd89-09170e22d8f5, server: None, raw: .. }
Reserved ticket 3755 for customer 2bf2c999-7577-46ca-bd89-09170e22d8f5
Server 799bb1b2-bd8f-49e2-81f8-f7237f0eb223 received client-request: Request { kind: ReserveTicket, customer: 2e67d998-72c3-48ae-97e0-b833f3609b43, server: None, raw: .. }
Reserved ticket 3754 for customer 2e67d998-72c3-48ae-97e0-b833f3609b43
Server 799bb1b2-bd8f-49e2-81f8-f7237f0eb223 received client-request: Request { kind: ReserveTicket, customer: 56dadc56-4150-4181-a734-4594e36a851f, server: None, raw: .. }
Reserved ticket 3753 for customer 56dadc56-4150-4181-a734-4594e36a851f
Server 799bb1b2-bd8f-49e2-81f8-f7237f0eb223 received client-request: Request { kind: ReserveTicket, customer: 3e481328-c1e9-4e9a-ad00-75e1f6b618a5, server: None, raw: .. }
Reserved ticket 3752 for customer 3e481328-c1e9-4e9a-ad00-75e1f6b618a5
Server 799bb1b2-bd8f-49e2-81f8-f7237f0eb223 received client-request: Request { kind: ReserveTicket, customer: 66765eea-4c91-4e63-9eac-c932c532a6a8, server: None, raw: .. }
Reserved ticket 3751 for customer 66765eea-4c91-4e63-9eac-c932c532a6a8
Server 799bb1b2-bd8f-49e2-81f8-f7237f0eb223 received client-request: Request { kind: ReserveTicket, customer: 80345e3f-e348-488e-9c57-0fd0a098d197, server: None, raw: .. }
Reserved ticket 3750 for customer 80345e3f-e348-488e-9c57-0fd0a098d197
Server 65a51e17-fff5-4036-8b94-6db5de4d28d8 received client-request: Request { kind: ReserveTicket, customer: 19106a3d-36ca-444b-8116-fca45570fbc2, server: None, raw: .. }
Reserved ticket 3749 for customer 19106a3d-36ca-444b-8116-fca45570fbc2
Server 799bb1b2-bd8f-49e2-81f8-f7237f0eb223 received client-request: Request { kind: ReserveTicket, customer: 4c7297b5-a134-4d32-ada1-f21128888edb, server: None, raw: .. }
Reserved ticket 3748 for customer 4c7297b5-a134-4d32-ada1-f21128888edb
Server 799bb1b2-bd8f-49e2-81f8-f7237f0eb223 received client-request: Request { kind: ReserveTicket, customer: d539a800-be52-44f1-87c5-82ea68f3345e, server: None, raw: .. }
Reserved ticket 3747 for customer d539a800-be52-44f1-87c5-82ea68f3345e
Server 799bb1b2-bd8f-49e2-81f8-f7237f0eb223 received client-request: Request { kind: ReserveTicket, customer: 3040adcd-ad43-43a5-9eee-de64e08e57bf, server: None, raw: .. }
Reserved ticket 3746 for customer 3040adcd-ad43-43a5-9eee-de64e08e57bf
Server 799bb1b2-bd8f-49e2-81f8-f7237f0eb223 received client-request: Request { kind: ReserveTicket, customer: e7021c3b-9e3d-4ed8-9d5a-16f27b4506a3, server: None, raw: .. }
Reserved ticket 3745 for customer e7021c3b-9e3d-4ed8-9d5a-16f27b4506a3
Server 799bb1b2-bd8f-49e2-81f8-f7237f0eb223 received client-request: Request { kind: ReserveTicket, customer: 50c717d7-af56-4240-9417-f30e037e6951, server: None, raw: .. }
Reserved ticket 3744 for customer 50c717d7-af56-4240-9417-f30e037e6951
Server 799bb1b2-bd8f-49e2-81f8-f7237f0eb223 received client-request: Request { kind: ReserveTicket, customer: 400506de-7869-4d25-9fb5-519ad98d166a, server: None, raw: .. }
Reserved ticket 3743 for customer 400506de-7869-4d25-9fb5-519ad98d166a
Server 799bb1b2-bd8f-49e2-81f8-f7237f0eb223 received client-request: Request { kind: ReserveTicket, customer: 9be1d1c0-d054-4d76-b8e2-38d07bfb9298, server: None, raw: .. }
Reserved ticket 3742 for customer 9be1d1c0-d054-4d76-b8e2-38d07bfb9298
Server 799bb1b2-bd8f-49e2-81f8-f7237f0eb223 received client-request: Request { kind: ReserveTicket, customer: f51ed445-f169-43f1-ae20-f7d277538379, server: None, raw: .. }
Reserved ticket 3741 for customer f51ed445-f169-43f1-ae20-f7d277538379
Server 799bb1b2-bd8f-49e2-81f8-f7237f0eb223 received client-request: Request { kind: ReserveTicket, customer: 86cdbd28-0f71-489a-b926-fac27043d11f, server: None, raw: .. }
Reserved ticket 3740 for customer 86cdbd28-0f71-489a-b926-fac27043d11f
Server 799bb1b2-bd8f-49e2-81f8-f7237f0eb223 received client-request: Request { kind: ReserveTicket, customer: 5ecfb082-a5a6-45f2-a15a-ce5f6d40c86c, server: None, raw: .. }
Reserved ticket 3739 for customer 5ecfb082-a5a6-45f2-a15a-ce5f6d40c86c
Server 799bb1b2-bd8f-49e2-81f8-f7237f0eb223 received client-request: Request { kind: ReserveTicket, customer: ca8ca548-ff72-4cc5-9ed0-e98f07e23c4e, server: None, raw: .. }
Reserved ticket 3738 for customer ca8ca548-ff72-4cc5-9ed0-e98f07e23c4e
Server 799bb1b2-bd8f-49e2-81f8-f7237f0eb223 received client-request: Request { kind: ReserveTicket, customer: f25ab08b-0d99-4d23-9964-faf3f2777f97, server: None, raw: .. }
Reserved ticket 3737 for customer f25ab08b-0d99-4d23-9964-faf3f2777f97
Server 799bb1b2-bd8f-49e2-81f8-f7237f0eb223 received client-request: Request { kind: ReserveTicket, customer: 5af6e883-09d9-46a2-a487-f62544466c63, server: None, raw: .. }
Reserved ticket 3736 for customer 5af6e883-09d9-46a2-a487-f62544466c63
Server 799bb1b2-bd8f-49e2-81f8-f7237f0eb223 received client-request: Request { kind: ReserveTicket, customer: 468652c7-872a-4f2f-a42d-06d7e631958b, server: None, raw: .. }
Reserved ticket 3735 for customer 468652c7-872a-4f2f-a42d-06d7e631958b
Server 799bb1b2-bd8f-49e2-81f8-f7237f0eb223 received client-request: Request { kind: ReserveTicket, customer: f868ba17-47d8-427b-9240-8fdeca403674, server: None, raw: .. }
Reserved ticket 3734 for customer f868ba17-47d8-427b-9240-8fdeca403674
Server 799bb1b2-bd8f-49e2-81f8-f7237f0eb223 received client-request: Request { kind: ReserveTicket, customer: 631a866f-f51a-40ef-89ee-aa44d228f58c, server: None, raw: .. }
Reserved ticket 3733 for customer 631a866f-f51a-40ef-89ee-aa44d228f58c
Server 799bb1b2-bd8f-49e2-81f8-f7237f0eb223 received client-request: Request { kind: ReserveTicket, customer: 1e560b51-873c-4b59-9fd8-93495dc8aeb2, server: None, raw: .. }
Reserved ticket 3732 for customer 1e560b51-873c-4b59-9fd8-93495dc8aeb2
Server 799bb1b2-bd8f-49e2-81f8-f7237f0eb223 received client-request: Request { kind: ReserveTicket, customer: 983ecc5b-e424-4a3c-b0e0-f5ff68efe3a5, server: None, raw: .. }
Reserved ticket 3731 for customer 983ecc5b-e424-4a3c-b0e0-f5ff68efe3a5
Server 799bb1b2-bd8f-49e2-81f8-f7237f0eb223 received client-request: Request { kind: ReserveTicket, customer: 58e73906-bd69-4bb1-9b8b-4aa7579b8abd, server: None, raw: .. }
Reserved ticket 3730 for customer 58e73906-bd69-4bb1-9b8b-4aa7579b8abd
Server 65a51e17-fff5-4036-8b94-6db5de4d28d8 received client-request: Request { kind: ReserveTicket, customer: bfaaf703-f4d2-459d-8588-281dd2dd8dff, server: None, raw: .. }
Reserved ticket 3729 for customer bfaaf703-f4d2-459d-8588-281dd2dd8dff
Server 799bb1b2-bd8f-49e2-81f8-f7237f0eb223 received client-request: Request { kind: ReserveTicket, customer: 93c5df7b-96b9-4dca-87c7-de215dc33b6a, server: None, raw: .. }
Reserved ticket 3728 for customer 93c5df7b-96b9-4dca-87c7-de215dc33b6a
Server 799bb1b2-bd8f-49e2-81f8-f7237f0eb223 received client-request: Request { kind: ReserveTicket, customer: 2bc35616-664b-4009-ba09-d7e6b1801f8f, server: None, raw: .. }
Reserved ticket 3727 for customer 2bc35616-664b-4009-ba09-d7e6b1801f8f
Server 799bb1b2-bd8f-49e2-81f8-f7237f0eb223 received client-request: Request { kind: ReserveTicket, customer: be34a170-c0b3-45e2-9c2c-7d5807313aa8, server: None, raw: .. }
Reserved ticket 3726 for customer be34a170-c0b3-45e2-9c2c-7d5807313aa8
Server 799bb1b2-bd8f-49e2-81f8-f7237f0eb223 received client-request: Request { kind: ReserveTicket, customer: f42c94e4-38e6-49ec-9dc4-4f83a59190bc, server: None, raw: .. }
Reserved ticket 3725 for customer f42c94e4-38e6-49ec-9dc4-4f83a59190bc
Server 799bb1b2-bd8f-49e2-81f8-f7237f0eb223 received client-request: Request { kind: ReserveTicket, customer: 247f66ba-5047-440c-a393-0c68a3f7fba8, server: None, raw: .. }
Reserved ticket 3724 for customer 247f66ba-5047-440c-a393-0c68a3f7fba8
Server 799bb1b2-bd8f-49e2-81f8-f7237f0eb223 received client-request: Request { kind: ReserveTicket, customer: 9b2359cb-0d40-45bb-8564-8690d7daa5dc, server: None, raw: .. }
Reserved ticket 3723 for customer 9b2359cb-0d40-45bb-8564-8690d7daa5dc
Server 799bb1b2-bd8f-49e2-81f8-f7237f0eb223 received client-request: Request { kind: ReserveTicket, customer: 74f8f44f-e888-4e05-9a7b-cc5ef8622503, server: None, raw: .. }
Reserved ticket 3722 for customer 74f8f44f-e888-4e05-9a7b-cc5ef8622503
Server 799bb1b2-bd8f-49e2-81f8-f7237f0eb223 received client-request: Request { kind: ReserveTicket, customer: a40f4c4a-06cc-4129-9cc5-c0bd23713ea0, server: None, raw: .. }
Reserved ticket 3721 for customer a40f4c4a-06cc-4129-9cc5-c0bd23713ea0
Server 799bb1b2-bd8f-49e2-81f8-f7237f0eb223 received client-request: Request { kind: ReserveTicket, customer: f8bb802b-271b-473a-a435-564dd6f6f5d1, server: None, raw: .. }
Reserved ticket 3720 for customer f8bb802b-271b-473a-a435-564dd6f6f5d1
Server 799bb1b2-bd8f-49e2-81f8-f7237f0eb223 received client-request: Request { kind: ReserveTicket, customer: 920b3060-e222-4dc3-afd7-4b1159d01ce5, server: None, raw: .. }
Reserved ticket 3719 for customer 920b3060-e222-4dc3-afd7-4b1159d01ce5
Server 799bb1b2-bd8f-49e2-81f8-f7237f0eb223 received client-request: Request { kind: ReserveTicket, customer: f864259c-209a-428f-8f86-3444d317948b, server: None, raw: .. }
Reserved ticket 3718 for customer f864259c-209a-428f-8f86-3444d317948b
Server 799bb1b2-bd8f-49e2-81f8-f7237f0eb223 received client-request: Request { kind: ReserveTicket, customer: da70a154-fa90-44c1-83eb-27644282c41d, server: None, raw: .. }
Reserved ticket 3717 for customer da70a154-fa90-44c1-83eb-27644282c41d
Server 799bb1b2-bd8f-49e2-81f8-f7237f0eb223 received client-request: Request { kind: ReserveTicket, customer: db049320-9592-405f-ad31-37a13b3d1bc9, server: None, raw: .. }
Reserved ticket 3716 for customer db049320-9592-405f-ad31-37a13b3d1bc9
Server 799bb1b2-bd8f-49e2-81f8-f7237f0eb223 received client-request: Request { kind: ReserveTicket, customer: f2e598e5-edcc-4e5e-82f0-a89d73743b67, server: None, raw: .. }
Reserved ticket 3715 for customer f2e598e5-edcc-4e5e-82f0-a89d73743b67
Server 799bb1b2-bd8f-49e2-81f8-f7237f0eb223 received client-request: Request { kind: ReserveTicket, customer: 2241256a-af75-46cd-b910-928085459ddd, server: None, raw: .. }
Reserved ticket 3714 for customer 2241256a-af75-46cd-b910-928085459ddd
Server 799bb1b2-bd8f-49e2-81f8-f7237f0eb223 received client-request: Request { kind: ReserveTicket, customer: 3f70434c-c189-4d2f-be6a-ea9e25f5c167, server: None, raw: .. }
Reserved ticket 3713 for customer 3f70434c-c189-4d2f-be6a-ea9e25f5c167
Server 799bb1b2-bd8f-49e2-81f8-f7237f0eb223 received client-request: Request { kind: ReserveTicket, customer: 3931d043-3996-4d0e-b1a1-ea28ccd25252, server: None, raw: .. }
Reserved ticket 3712 for customer 3931d043-3996-4d0e-b1a1-ea28ccd25252
Server 799bb1b2-bd8f-49e2-81f8-f7237f0eb223 received client-request: Request { kind: ReserveTicket, customer: 1f9429e9-8c6d-4b9a-84da-c3f51a516ec5, server: None, raw: .. }
Reserved ticket 3711 for customer 1f9429e9-8c6d-4b9a-84da-c3f51a516ec5
Server 799bb1b2-bd8f-49e2-81f8-f7237f0eb223 received client-request: Request { kind: ReserveTicket, customer: 39529f4a-d086-44c7-9689-8a8a5ec0149f, server: None, raw: .. }
Reserved ticket 3710 for customer 39529f4a-d086-44c7-9689-8a8a5ec0149f
Server 65a51e17-fff5-4036-8b94-6db5de4d28d8 received client-request: Request { kind: ReserveTicket, customer: 2831a0fd-ef0c-4d7d-8189-6c22749b9409, server: None, raw: .. }
Reserved ticket 3709 for customer 2831a0fd-ef0c-4d7d-8189-6c22749b9409
Server 799bb1b2-bd8f-49e2-81f8-f7237f0eb223 received client-request: Request { kind: ReserveTicket, customer: c3b30b79-9eb1-468d-8953-255e5f963525, server: None, raw: .. }
Reserved ticket 3708 for customer c3b30b79-9eb1-468d-8953-255e5f963525
Server 799bb1b2-bd8f-49e2-81f8-f7237f0eb223 received client-request: Request { kind: ReserveTicket, customer: 5f2421ff-d985-4ccb-9883-f21ff95d3431, server: None, raw: .. }
Reserved ticket 3707 for customer 5f2421ff-d985-4ccb-9883-f21ff95d3431
Server 799bb1b2-bd8f-49e2-81f8-f7237f0eb223 received client-request: Request { kind: ReserveTicket, customer: 67aff496-8e3a-490e-8348-76635b666350, server: None, raw: .. }
Reserved ticket 3706 for customer 67aff496-8e3a-490e-8348-76635b666350
Server 799bb1b2-bd8f-49e2-81f8-f7237f0eb223 received client-request: Request { kind: ReserveTicket, customer: 03c3aa74-b3a9-46e4-ad0a-789d592ee77a, server: None, raw: .. }
Reserved ticket 3705 for customer 03c3aa74-b3a9-46e4-ad0a-789d592ee77a
Server 799bb1b2-bd8f-49e2-81f8-f7237f0eb223 received client-request: Request { kind: ReserveTicket, customer: 67c0e871-399b-45ac-b21a-484722975aa5, server: None, raw: .. }
Reserved ticket 3704 for customer 67c0e871-399b-45ac-b21a-484722975aa5
Server 799bb1b2-bd8f-49e2-81f8-f7237f0eb223 received client-request: Request { kind: ReserveTicket, customer: ea17fbf6-71ac-4311-b71f-6dc3dec4f8d0, server: None, raw: .. }
Reserved ticket 3703 for customer ea17fbf6-71ac-4311-b71f-6dc3dec4f8d0
Server 799bb1b2-bd8f-49e2-81f8-f7237f0eb223 received client-request: Request { kind: ReserveTicket, customer: 5c84ab1f-e376-4021-beb9-887d6ec542eb, server: None, raw: .. }
Reserved ticket 3702 for customer 5c84ab1f-e376-4021-beb9-887d6ec542eb
Server 799bb1b2-bd8f-49e2-81f8-f7237f0eb223 received client-request: Request { kind: ReserveTicket, customer: baa864f0-3c17-4d08-a7a0-65756f1c6939, server: None, raw: .. }
Reserved ticket 3701 for customer baa864f0-3c17-4d08-a7a0-65756f1c6939
Server 799bb1b2-bd8f-49e2-81f8-f7237f0eb223 received client-request: Request { kind: ReserveTicket, customer: 221d6201-cdb5-4fba-a8c5-85df5c9ec11b, server: None, raw: .. }
Reserved ticket 3700 for customer 221d6201-cdb5-4fba-a8c5-85df5c9ec11b
Server 799bb1b2-bd8f-49e2-81f8-f7237f0eb223 received client-request: Request { kind: ReserveTicket, customer: 4ef08a9c-ec78-4221-b16b-b17e87b3a2d0, server: None, raw: .. }
Reserved ticket 3699 for customer 4ef08a9c-ec78-4221-b16b-b17e87b3a2d0
Server 799bb1b2-bd8f-49e2-81f8-f7237f0eb223 received client-request: Request { kind: ReserveTicket, customer: 2cb0cbb5-bdfd-4ef5-afd4-d8f882b0d545, server: None, raw: .. }
Reserved ticket 3698 for customer 2cb0cbb5-bdfd-4ef5-afd4-d8f882b0d545
Server 799bb1b2-bd8f-49e2-81f8-f7237f0eb223 received client-request: Request { kind: ReserveTicket, customer: ea259fc4-97fd-4551-b4ff-d4b7c9ff7982, server: None, raw: .. }
Reserved ticket 3697 for customer ea259fc4-97fd-4551-b4ff-d4b7c9ff7982
Server 799bb1b2-bd8f-49e2-81f8-f7237f0eb223 received client-request: Request { kind: ReserveTicket, customer: 9168cf00-9042-402a-a1aa-d452efe282d7, server: None, raw: .. }
Reserved ticket 3696 for customer 9168cf00-9042-402a-a1aa-d452efe282d7
Server 799bb1b2-bd8f-49e2-81f8-f7237f0eb223 received client-request: Request { kind: ReserveTicket, customer: 13698412-7cce-4234-bf0c-e3193fb504ec, server: None, raw: .. }
Reserved ticket 3695 for customer 13698412-7cce-4234-bf0c-e3193fb504ec
Server 799bb1b2-bd8f-49e2-81f8-f7237f0eb223 received client-request: Request { kind: ReserveTicket, customer: 7961e750-3be1-44e0-99bf-d2be1631a85a, server: None, raw: .. }
Reserved ticket 3694 for customer 7961e750-3be1-44e0-99bf-d2be1631a85a
Server 799bb1b2-bd8f-49e2-81f8-f7237f0eb223 received client-request: Request { kind: ReserveTicket, customer: ad5f00e4-f318-40c4-9b84-19386e07116f, server: None, raw: .. }
Reserved ticket 3693 for customer ad5f00e4-f318-40c4-9b84-19386e07116f
Server 799bb1b2-bd8f-49e2-81f8-f7237f0eb223 received client-request: Request { kind: ReserveTicket, customer: 28e61a5b-a326-4d89-b00c-5915d4b28a65, server: None, raw: .. }
Reserved ticket 3692 for customer 28e61a5b-a326-4d89-b00c-5915d4b28a65
Server 799bb1b2-bd8f-49e2-81f8-f7237f0eb223 received client-request: Request { kind: ReserveTicket, customer: 3397dc0b-9763-4f06-b00f-3968cdca72e0, server: None, raw: .. }
Reserved ticket 3691 for customer 3397dc0b-9763-4f06-b00f-3968cdca72e0
Server 799bb1b2-bd8f-49e2-81f8-f7237f0eb223 received client-request: Request { kind: ReserveTicket, customer: 80ca2883-efd9-4e70-94ec-3f1eb063ef91, server: None, raw: .. }
Reserved ticket 3690 for customer 80ca2883-efd9-4e70-94ec-3f1eb063ef91
Server 65a51e17-fff5-4036-8b94-6db5de4d28d8 received client-request: Request { kind: ReserveTicket, customer: 79347f2f-06b4-4626-b74e-2ac0e30ce360, server: None, raw: .. }
Reserved ticket 3689 for customer 79347f2f-06b4-4626-b74e-2ac0e30ce360
Server 799bb1b2-bd8f-49e2-81f8-f7237f0eb223 received client-request: Request { kind: ReserveTicket, customer: 4a035f7e-a472-4785-8cbe-c3e40d24a2df, server: None, raw: .. }
Reserved ticket 3688 for customer 4a035f7e-a472-4785-8cbe-c3e40d24a2df
Server 799bb1b2-bd8f-49e2-81f8-f7237f0eb223 received client-request: Request { kind: ReserveTicket, customer: 05dc3142-8771-4d7a-9dab-ec7656a902a9, server: None, raw: .. }
Reserved ticket 3687 for customer 05dc3142-8771-4d7a-9dab-ec7656a902a9
Server 799bb1b2-bd8f-49e2-81f8-f7237f0eb223 received client-request: Request { kind: ReserveTicket, customer: 820ccaa1-8322-4233-b70d-fb7d039ef580, server: None, raw: .. }
Reserved ticket 3686 for customer 820ccaa1-8322-4233-b70d-fb7d039ef580
Server 799bb1b2-bd8f-49e2-81f8-f7237f0eb223 received client-request: Request { kind: ReserveTicket, customer: f415bd2a-79db-47fa-9621-f01430b354e5, server: None, raw: .. }
Reserved ticket 3685 for customer f415bd2a-79db-47fa-9621-f01430b354e5
Server 799bb1b2-bd8f-49e2-81f8-f7237f0eb223 received client-request: Request { kind: ReserveTicket, customer: f1ce5a02-3360-4a7f-bd8c-25f8443a28f8, server: None, raw: .. }
Reserved ticket 3684 for customer f1ce5a02-3360-4a7f-bd8c-25f8443a28f8
Server 799bb1b2-bd8f-49e2-81f8-f7237f0eb223 received client-request: Request { kind: ReserveTicket, customer: 9d74b08a-2972-4447-96f7-486e6de9cdd3, server: None, raw: .. }
Reserved ticket 3683 for customer 9d74b08a-2972-4447-96f7-486e6de9cdd3
Server 799bb1b2-bd8f-49e2-81f8-f7237f0eb223 received client-request: Request { kind: ReserveTicket, customer: cb567986-9e70-4228-803b-c42fa70dba02, server: None, raw: .. }
Reserved ticket 3682 for customer cb567986-9e70-4228-803b-c42fa70dba02
Server 799bb1b2-bd8f-49e2-81f8-f7237f0eb223 received client-request: Request { kind: ReserveTicket, customer: a869ba64-8287-4f9d-b54e-d27266610077, server: None, raw: .. }
Reserved ticket 3681 for customer a869ba64-8287-4f9d-b54e-d27266610077
Server 799bb1b2-bd8f-49e2-81f8-f7237f0eb223 received client-request: Request { kind: ReserveTicket, customer: f5c83235-b9ac-4921-b672-8d4daf72a0cf, server: None, raw: .. }
Reserved ticket 3680 for customer f5c83235-b9ac-4921-b672-8d4daf72a0cf
Server 799bb1b2-bd8f-49e2-81f8-f7237f0eb223 received client-request: Request { kind: ReserveTicket, customer: 7a243a92-35da-4296-9473-a23106c9c247, server: None, raw: .. }
Reserved ticket 3679 for customer 7a243a92-35da-4296-9473-a23106c9c247
Server 799bb1b2-bd8f-49e2-81f8-f7237f0eb223 received client-request: Request { kind: ReserveTicket, customer: c1a233ff-b428-478d-a588-52b7d3e5ad42, server: None, raw: .. }
Reserved ticket 3678 for customer c1a233ff-b428-478d-a588-52b7d3e5ad42
Server 799bb1b2-bd8f-49e2-81f8-f7237f0eb223 received client-request: Request { kind: ReserveTicket, customer: 61fdf737-0c84-49c0-8a4a-f35ad6fd2bf3, server: None, raw: .. }
Reserved ticket 3677 for customer 61fdf737-0c84-49c0-8a4a-f35ad6fd2bf3
Server 799bb1b2-bd8f-49e2-81f8-f7237f0eb223 received client-request: Request { kind: ReserveTicket, customer: e00ecc0f-267c-481e-9e1a-8cc443547a80, server: None, raw: .. }
Reserved ticket 3676 for customer e00ecc0f-267c-481e-9e1a-8cc443547a80
Server 799bb1b2-bd8f-49e2-81f8-f7237f0eb223 received client-request: Request { kind: ReserveTicket, customer: dd49f658-ab35-4bdc-84b6-4eac895c2a0b, server: None, raw: .. }
Reserved ticket 3675 for customer dd49f658-ab35-4bdc-84b6-4eac895c2a0b
Server 799bb1b2-bd8f-49e2-81f8-f7237f0eb223 received client-request: Request { kind: ReserveTicket, customer: 06595703-2197-4c85-8443-bcde0ae9d07e, server: None, raw: .. }
Reserved ticket 3674 for customer 06595703-2197-4c85-8443-bcde0ae9d07e
Server 799bb1b2-bd8f-49e2-81f8-f7237f0eb223 received client-request: Request { kind: ReserveTicket, customer: 5c49fb0c-64c0-4ad7-9aaf-e685225f27f9, server: None, raw: .. }
Reserved ticket 3673 for customer 5c49fb0c-64c0-4ad7-9aaf-e685225f27f9
Server 799bb1b2-bd8f-49e2-81f8-f7237f0eb223 received client-request: Request { kind: ReserveTicket, customer: 7a5ea798-4298-449c-af53-cbb485011266, server: None, raw: .. }
Reserved ticket 3672 for customer 7a5ea798-4298-449c-af53-cbb485011266
Server 799bb1b2-bd8f-49e2-81f8-f7237f0eb223 received client-request: Request { kind: ReserveTicket, customer: 94dc6630-2a71-4ad2-b6e0-789fb247bb5e, server: None, raw: .. }
Reserved ticket 3671 for customer 94dc6630-2a71-4ad2-b6e0-789fb247bb5e
Server 799bb1b2-bd8f-49e2-81f8-f7237f0eb223 received client-request: Request { kind: ReserveTicket, customer: a8a0a6ba-8166-4a76-9cdd-7126084e9702, server: None, raw: .. }
Reserved ticket 3670 for customer a8a0a6ba-8166-4a76-9cdd-7126084e9702
Server 65a51e17-fff5-4036-8b94-6db5de4d28d8 received client-request: Request { kind: ReserveTicket, customer: cb561bc0-f877-4736-8744-1b586b31b59e, server: None, raw: .. }
Reserved ticket 3669 for customer cb561bc0-f877-4736-8744-1b586b31b59e
Server 799bb1b2-bd8f-49e2-81f8-f7237f0eb223 received client-request: Request { kind: ReserveTicket, customer: 5108427f-3cf0-4340-8552-ed24932a911a, server: None, raw: .. }
Reserved ticket 3668 for customer 5108427f-3cf0-4340-8552-ed24932a911a
Server 799bb1b2-bd8f-49e2-81f8-f7237f0eb223 received client-request: Request { kind: ReserveTicket, customer: 9c24bc9c-4322-411b-a161-d3d2bc33448b, server: None, raw: .. }
Reserved ticket 3667 for customer 9c24bc9c-4322-411b-a161-d3d2bc33448b
Server 799bb1b2-bd8f-49e2-81f8-f7237f0eb223 received client-request: Request { kind: ReserveTicket, customer: 58cd206f-fd4b-4bb1-8c3f-736eb9da8e36, server: None, raw: .. }
Reserved ticket 3666 for customer 58cd206f-fd4b-4bb1-8c3f-736eb9da8e36
Server 799bb1b2-bd8f-49e2-81f8-f7237f0eb223 received client-request: Request { kind: ReserveTicket, customer: 7a634d8e-cc90-4cc3-bef0-1061ef641f95, server: None, raw: .. }
Reserved ticket 3665 for customer 7a634d8e-cc90-4cc3-bef0-1061ef641f95
Server 799bb1b2-bd8f-49e2-81f8-f7237f0eb223 received client-request: Request { kind: ReserveTicket, customer: 06552616-ee19-4e3f-8f93-6dbd1385791a, server: None, raw: .. }
Reserved ticket 3664 for customer 06552616-ee19-4e3f-8f93-6dbd1385791a
Server 799bb1b2-bd8f-49e2-81f8-f7237f0eb223 received client-request: Request { kind: ReserveTicket, customer: af20c679-3536-47aa-99e9-28636ca3ad03, server: None, raw: .. }
Reserved ticket 3663 for customer af20c679-3536-47aa-99e9-28636ca3ad03
Server 799bb1b2-bd8f-49e2-81f8-f7237f0eb223 received client-request: Request { kind: ReserveTicket, customer: 0d921dbd-3708-4436-bf7d-81bb076b2d9d, server: None, raw: .. }
Reserved ticket 3662 for customer 0d921dbd-3708-4436-bf7d-81bb076b2d9d
Server 799bb1b2-bd8f-49e2-81f8-f7237f0eb223 received client-request: Request { kind: ReserveTicket, customer: a60f505b-98ed-4459-beeb-d6acdc778dde, server: None, raw: .. }
Reserved ticket 3661 for customer a60f505b-98ed-4459-beeb-d6acdc778dde
Server 799bb1b2-bd8f-49e2-81f8-f7237f0eb223 received client-request: Request { kind: ReserveTicket, customer: 945cbca0-edf6-4d8f-b0d9-a2d5623868af, server: None, raw: .. }
Reserved ticket 3660 for customer 945cbca0-edf6-4d8f-b0d9-a2d5623868af
Server 799bb1b2-bd8f-49e2-81f8-f7237f0eb223 received client-request: Request { kind: ReserveTicket, customer: 96658454-12d5-45c6-8d23-b4c393d0bc2a, server: None, raw: .. }
Reserved ticket 3659 for customer 96658454-12d5-45c6-8d23-b4c393d0bc2a
Server 799bb1b2-bd8f-49e2-81f8-f7237f0eb223 received client-request: Request { kind: ReserveTicket, customer: f8a3b788-05fb-4b7c-9263-90a154c7e454, server: None, raw: .. }
Reserved ticket 3658 for customer f8a3b788-05fb-4b7c-9263-90a154c7e454
Server 799bb1b2-bd8f-49e2-81f8-f7237f0eb223 received client-request: Request { kind: ReserveTicket, customer: a7616e5d-6442-472c-b67e-0766d6c46ae6, server: None, raw: .. }
Reserved ticket 3657 for customer a7616e5d-6442-472c-b67e-0766d6c46ae6
Server 799bb1b2-bd8f-49e2-81f8-f7237f0eb223 received client-request: Request { kind: ReserveTicket, customer: 5d412cf2-eb3f-4711-99c6-c0fb6425e305, server: None, raw: .. }
Reserved ticket 3656 for customer 5d412cf2-eb3f-4711-99c6-c0fb6425e305
Server 799bb1b2-bd8f-49e2-81f8-f7237f0eb223 received client-request: Request { kind: ReserveTicket, customer: f543511e-70da-49ca-90c7-ef5fc0420695, server: None, raw: .. }
Reserved ticket 3655 for customer f543511e-70da-49ca-90c7-ef5fc0420695
Server 799bb1b2-bd8f-49e2-81f8-f7237f0eb223 received client-request: Request { kind: ReserveTicket, customer: 864aaded-a3d6-45ed-893e-86e1258355d1, server: None, raw: .. }
Reserved ticket 3654 for customer 864aaded-a3d6-45ed-893e-86e1258355d1
Server 799bb1b2-bd8f-49e2-81f8-f7237f0eb223 received client-request: Request { kind: ReserveTicket, customer: 3122c756-c1b3-440a-bb49-f7564afb7699, server: None, raw: .. }
Reserved ticket 3653 for customer 3122c756-c1b3-440a-bb49-f7564afb7699
Server 799bb1b2-bd8f-49e2-81f8-f7237f0eb223 received client-request: Request { kind: ReserveTicket, customer: 2379bbc1-ac27-41a9-b6ef-892948a58a0e, server: None, raw: .. }
Reserved ticket 3652 for customer 2379bbc1-ac27-41a9-b6ef-892948a58a0e
Server 799bb1b2-bd8f-49e2-81f8-f7237f0eb223 received client-request: Request { kind: ReserveTicket, customer: 46b04b04-698d-43b1-b5d1-57fad6a6569e, server: None, raw: .. }
Reserved ticket 3651 for customer 46b04b04-698d-43b1-b5d1-57fad6a6569e
Server 799bb1b2-bd8f-49e2-81f8-f7237f0eb223 received client-request: Request { kind: ReserveTicket, customer: 1d76169d-72c7-4e84-a049-bfeeb9b4e24d, server: None, raw: .. }
Reserved ticket 3650 for customer 1d76169d-72c7-4e84-a049-bfeeb9b4e24d
Server 65a51e17-fff5-4036-8b94-6db5de4d28d8 received client-request: Request { kind: ReserveTicket, customer: 96e89e44-fbc6-4702-aa3e-7d202d0637ce, server: None, raw: .. }
Reserved ticket 3649 for customer 96e89e44-fbc6-4702-aa3e-7d202d0637ce
Server 799bb1b2-bd8f-49e2-81f8-f7237f0eb223 received client-request: Request { kind: ReserveTicket, customer: 1f1ac55b-435d-4a80-a0fd-d72d23505d09, server: None, raw: .. }
Reserved ticket 3648 for customer 1f1ac55b-435d-4a80-a0fd-d72d23505d09
Server 799bb1b2-bd8f-49e2-81f8-f7237f0eb223 received client-request: Request { kind: ReserveTicket, customer: 3c2bd71e-f2fe-4806-b6c2-1504003f20eb, server: None, raw: .. }
Reserved ticket 3647 for customer 3c2bd71e-f2fe-4806-b6c2-1504003f20eb
Server 799bb1b2-bd8f-49e2-81f8-f7237f0eb223 received client-request: Request { kind: ReserveTicket, customer: 5d71b260-d08a-41b4-9ef3-666b8a5c95d2, server: None, raw: .. }
Reserved ticket 3646 for customer 5d71b260-d08a-41b4-9ef3-666b8a5c95d2
Server 799bb1b2-bd8f-49e2-81f8-f7237f0eb223 received client-request: Request { kind: ReserveTicket, customer: 1cf4c584-d1bb-4c6c-85a2-258bbd3095ce, server: None, raw: .. }
Reserved ticket 3645 for customer 1cf4c584-d1bb-4c6c-85a2-258bbd3095ce
Server 799bb1b2-bd8f-49e2-81f8-f7237f0eb223 received client-request: Request { kind: ReserveTicket, customer: bc60ac6c-a4fd-4307-b0a6-14ec10e0f452, server: None, raw: .. }
Reserved ticket 3644 for customer bc60ac6c-a4fd-4307-b0a6-14ec10e0f452
Server 799bb1b2-bd8f-49e2-81f8-f7237f0eb223 received client-request: Request { kind: ReserveTicket, customer: 48d8af2f-9edc-4d21-8e4a-4567e271a4a9, server: None, raw: .. }
Reserved ticket 3643 for customer 48d8af2f-9edc-4d21-8e4a-4567e271a4a9
Server 799bb1b2-bd8f-49e2-81f8-f7237f0eb223 received client-request: Request { kind: ReserveTicket, customer: 60bd828e-4694-43cd-a49d-b0fb43aa969c, server: None, raw: .. }
Reserved ticket 3642 for customer 60bd828e-4694-43cd-a49d-b0fb43aa969c
Server 799bb1b2-bd8f-49e2-81f8-f7237f0eb223 received client-request: Request { kind: ReserveTicket, customer: 9bc54f89-0983-4faa-91d2-38414de18be3, server: None, raw: .. }
Reserved ticket 3641 for customer 9bc54f89-0983-4faa-91d2-38414de18be3
Server 799bb1b2-bd8f-49e2-81f8-f7237f0eb223 received client-request: Request { kind: ReserveTicket, customer: b94286d9-b4c2-4d5d-9a2e-cb5a697c5880, server: None, raw: .. }
Reserved ticket 3640 for customer b94286d9-b4c2-4d5d-9a2e-cb5a697c5880
Server 799bb1b2-bd8f-49e2-81f8-f7237f0eb223 received client-request: Request { kind: ReserveTicket, customer: b028ee8a-0866-480e-b1d5-c099fb7b2ab2, server: None, raw: .. }
Reserved ticket 3639 for customer b028ee8a-0866-480e-b1d5-c099fb7b2ab2
Server 799bb1b2-bd8f-49e2-81f8-f7237f0eb223 received client-request: Request { kind: ReserveTicket, customer: fd92a788-fefe-4a4a-baec-6ffaeb639d2c, server: None, raw: .. }
Reserved ticket 3638 for customer fd92a788-fefe-4a4a-baec-6ffaeb639d2c
Server 799bb1b2-bd8f-49e2-81f8-f7237f0eb223 received client-request: Request { kind: ReserveTicket, customer: 960f9e50-e58d-4219-8be0-37658a99e69d, server: None, raw: .. }
Reserved ticket 3637 for customer 960f9e50-e58d-4219-8be0-37658a99e69d
Server 799bb1b2-bd8f-49e2-81f8-f7237f0eb223 received client-request: Request { kind: ReserveTicket, customer: 128b0674-9d8c-4e47-8f08-26593d08a8df, server: None, raw: .. }
Reserved ticket 3636 for customer 128b0674-9d8c-4e47-8f08-26593d08a8df
Server 799bb1b2-bd8f-49e2-81f8-f7237f0eb223 received client-request: Request { kind: ReserveTicket, customer: c119291b-8fae-4b3e-bb47-c4cbba197f89, server: None, raw: .. }
Reserved ticket 3635 for customer c119291b-8fae-4b3e-bb47-c4cbba197f89
Server 799bb1b2-bd8f-49e2-81f8-f7237f0eb223 received client-request: Request { kind: ReserveTicket, customer: 4249b5c8-6696-4107-aaf5-7e344c9cda3b, server: None, raw: .. }
Reserved ticket 3634 for customer 4249b5c8-6696-4107-aaf5-7e344c9cda3b
Server 799bb1b2-bd8f-49e2-81f8-f7237f0eb223 received client-request: Request { kind: ReserveTicket, customer: db3f57b5-d017-406c-b09f-f58b5d34d569, server: None, raw: .. }
Reserved ticket 3633 for customer db3f57b5-d017-406c-b09f-f58b5d34d569
Server 799bb1b2-bd8f-49e2-81f8-f7237f0eb223 received client-request: Request { kind: ReserveTicket, customer: 76cf8b84-5d87-449a-bbcc-62b0bb901599, server: None, raw: .. }
Reserved ticket 3632 for customer 76cf8b84-5d87-449a-bbcc-62b0bb901599
Server 799bb1b2-bd8f-49e2-81f8-f7237f0eb223 received client-request: Request { kind: ReserveTicket, customer: 7c2862d1-69d8-48a3-b49e-b4838e0de063, server: None, raw: .. }
Reserved ticket 3631 for customer 7c2862d1-69d8-48a3-b49e-b4838e0de063
Server 799bb1b2-bd8f-49e2-81f8-f7237f0eb223 received client-request: Request { kind: ReserveTicket, customer: 45bd8c82-b094-4931-8e87-2216a77a2756, server: None, raw: .. }
Reserved ticket 3630 for customer 45bd8c82-b094-4931-8e87-2216a77a2756
Server 65a51e17-fff5-4036-8b94-6db5de4d28d8 received client-request: Request { kind: ReserveTicket, customer: 08a43c7d-6683-499e-b091-4890e0b1deef, server: None, raw: .. }
Reserved ticket 3629 for customer 08a43c7d-6683-499e-b091-4890e0b1deef
Server 799bb1b2-bd8f-49e2-81f8-f7237f0eb223 received client-request: Request { kind: ReserveTicket, customer: b98b314d-fed0-4f9d-9e6b-517cd81316fd, server: None, raw: .. }
Reserved ticket 3628 for customer b98b314d-fed0-4f9d-9e6b-517cd81316fd
Server 799bb1b2-bd8f-49e2-81f8-f7237f0eb223 received client-request: Request { kind: ReserveTicket, customer: eaef2957-bf77-47c5-a3dc-21d347f6705b, server: None, raw: .. }
Reserved ticket 3627 for customer eaef2957-bf77-47c5-a3dc-21d347f6705b
Server 799bb1b2-bd8f-49e2-81f8-f7237f0eb223 received client-request: Request { kind: ReserveTicket, customer: fa002801-4a03-47f9-822b-16fb97f2dc47, server: None, raw: .. }
Reserved ticket 3626 for customer fa002801-4a03-47f9-822b-16fb97f2dc47
Server 799bb1b2-bd8f-49e2-81f8-f7237f0eb223 received client-request: Request { kind: ReserveTicket, customer: b009d5e8-285a-4d4f-8e4f-9b82a7583711, server: None, raw: .. }
Reserved ticket 3625 for customer b009d5e8-285a-4d4f-8e4f-9b82a7583711
Server 799bb1b2-bd8f-49e2-81f8-f7237f0eb223 received client-request: Request { kind: ReserveTicket, customer: 177665af-24e3-4d49-a34b-b7c0ad61d80c, server: None, raw: .. }
Reserved ticket 3624 for customer 177665af-24e3-4d49-a34b-b7c0ad61d80c
Server 799bb1b2-bd8f-49e2-81f8-f7237f0eb223 received client-request: Request { kind: ReserveTicket, customer: f450b0df-3cce-428e-8b4c-5411c2ababd9, server: None, raw: .. }
Reserved ticket 3623 for customer f450b0df-3cce-428e-8b4c-5411c2ababd9
Server 799bb1b2-bd8f-49e2-81f8-f7237f0eb223 received client-request: Request { kind: ReserveTicket, customer: e6c1360b-3222-4f2e-927d-8ac83822c06a, server: None, raw: .. }
Reserved ticket 3622 for customer e6c1360b-3222-4f2e-927d-8ac83822c06a
Server 799bb1b2-bd8f-49e2-81f8-f7237f0eb223 received client-request: Request { kind: ReserveTicket, customer: 59c56e6f-871e-44ab-b592-d7935d3fdb39, server: None, raw: .. }
Reserved ticket 3621 for customer 59c56e6f-871e-44ab-b592-d7935d3fdb39
Server 799bb1b2-bd8f-49e2-81f8-f7237f0eb223 received client-request: Request { kind: ReserveTicket, customer: da52846b-3e03-42f1-a6c9-b2e0711638b2, server: None, raw: .. }
Reserved ticket 3620 for customer da52846b-3e03-42f1-a6c9-b2e0711638b2
Server 799bb1b2-bd8f-49e2-81f8-f7237f0eb223 received client-request: Request { kind: ReserveTicket, customer: b53ca32a-75c2-48c6-952b-035e0b96807c, server: None, raw: .. }
Reserved ticket 3619 for customer b53ca32a-75c2-48c6-952b-035e0b96807c
Server 799bb1b2-bd8f-49e2-81f8-f7237f0eb223 received client-request: Request { kind: ReserveTicket, customer: 9005b574-15f1-4f9e-87a3-bf297f44a31d, server: None, raw: .. }
Reserved ticket 3618 for customer 9005b574-15f1-4f9e-87a3-bf297f44a31d
Server 799bb1b2-bd8f-49e2-81f8-f7237f0eb223 received client-request: Request { kind: ReserveTicket, customer: 210e8566-89d4-4b62-95c2-849c08b7ca9c, server: None, raw: .. }
Reserved ticket 3617 for customer 210e8566-89d4-4b62-95c2-849c08b7ca9c
Server 799bb1b2-bd8f-49e2-81f8-f7237f0eb223 received client-request: Request { kind: ReserveTicket, customer: 07d3357f-c7e8-44cf-8dad-58cc371f229c, server: None, raw: .. }
Reserved ticket 3616 for customer 07d3357f-c7e8-44cf-8dad-58cc371f229c
Server 799bb1b2-bd8f-49e2-81f8-f7237f0eb223 received client-request: Request { kind: ReserveTicket, customer: c0f49470-a1eb-46b4-a60b-df421085ddea, server: None, raw: .. }
Reserved ticket 3615 for customer c0f49470-a1eb-46b4-a60b-df421085ddea
Server 799bb1b2-bd8f-49e2-81f8-f7237f0eb223 received client-request: Request { kind: ReserveTicket, customer: c2612fbb-490e-426c-a64b-81d1a78557fb, server: None, raw: .. }
Reserved ticket 3614 for customer c2612fbb-490e-426c-a64b-81d1a78557fb
Server 799bb1b2-bd8f-49e2-81f8-f7237f0eb223 received client-request: Request { kind: ReserveTicket, customer: c9e89c1b-61c7-4a72-94c0-7585c4de8b23, server: None, raw: .. }
Reserved ticket 3613 for customer c9e89c1b-61c7-4a72-94c0-7585c4de8b23
Server 799bb1b2-bd8f-49e2-81f8-f7237f0eb223 received client-request: Request { kind: ReserveTicket, customer: 9153cb0e-d1fb-4cf8-a1ea-d837e8f821f3, server: None, raw: .. }
Reserved ticket 3612 for customer 9153cb0e-d1fb-4cf8-a1ea-d837e8f821f3
Server 799bb1b2-bd8f-49e2-81f8-f7237f0eb223 received client-request: Request { kind: ReserveTicket, customer: 2af55dec-eb4f-4499-b8c3-3fb34f950b89, server: None, raw: .. }
Reserved ticket 3611 for customer 2af55dec-eb4f-4499-b8c3-3fb34f950b89
Server 799bb1b2-bd8f-49e2-81f8-f7237f0eb223 received client-request: Request { kind: ReserveTicket, customer: 9da3c6ee-5f7d-4c13-928e-ca5cd469849f, server: None, raw: .. }
Reserved ticket 3610 for customer 9da3c6ee-5f7d-4c13-928e-ca5cd469849f
Server 65a51e17-fff5-4036-8b94-6db5de4d28d8 received client-request: Request { kind: ReserveTicket, customer: 6b41a556-daac-4978-b162-36914fb6058c, server: None, raw: .. }
Reserved ticket 3609 for customer 6b41a556-daac-4978-b162-36914fb6058c
Server 799bb1b2-bd8f-49e2-81f8-f7237f0eb223 received client-request: Request { kind: ReserveTicket, customer: d28e9496-a025-41af-beaf-2fc2768f7627, server: None, raw: .. }
Reserved ticket 3608 for customer d28e9496-a025-41af-beaf-2fc2768f7627
Server 799bb1b2-bd8f-49e2-81f8-f7237f0eb223 received client-request: Request { kind: ReserveTicket, customer: b6da3652-ba37-4bbe-8725-315481d1396d, server: None, raw: .. }
Reserved ticket 3607 for customer b6da3652-ba37-4bbe-8725-315481d1396d
Server 799bb1b2-bd8f-49e2-81f8-f7237f0eb223 received client-request: Request { kind: ReserveTicket, customer: cebf4d22-92e7-484e-ae82-c6b7e0cb4fae, server: None, raw: .. }
Reserved ticket 3606 for customer cebf4d22-92e7-484e-ae82-c6b7e0cb4fae
Server 799bb1b2-bd8f-49e2-81f8-f7237f0eb223 received client-request: Request { kind: ReserveTicket, customer: 20773eab-f452-40c6-8f35-cdb4727742e2, server: None, raw: .. }
Reserved ticket 3605 for customer 20773eab-f452-40c6-8f35-cdb4727742e2
Server 799bb1b2-bd8f-49e2-81f8-f7237f0eb223 received client-request: Request { kind: ReserveTicket, customer: aff492de-4777-42da-ba58-51e3fbad6d9f, server: None, raw: .. }
Reserved ticket 3604 for customer aff492de-4777-42da-ba58-51e3fbad6d9f
Server 799bb1b2-bd8f-49e2-81f8-f7237f0eb223 received client-request: Request { kind: ReserveTicket, customer: 919a1e16-0d55-4046-b930-eb00dcda90cd, server: None, raw: .. }
Reserved ticket 3603 for customer 919a1e16-0d55-4046-b930-eb00dcda90cd
Server 799bb1b2-bd8f-49e2-81f8-f7237f0eb223 received client-request: Request { kind: ReserveTicket, customer: 2732e367-74e4-4e54-acba-48641a2ac093, server: None, raw: .. }
Reserved ticket 3602 for customer 2732e367-74e4-4e54-acba-48641a2ac093
Server 799bb1b2-bd8f-49e2-81f8-f7237f0eb223 received client-request: Request { kind: ReserveTicket, customer: d6919bdf-c0d2-4a0f-a664-7e6b6d0cd189, server: None, raw: .. }
Reserved ticket 3601 for customer d6919bdf-c0d2-4a0f-a664-7e6b6d0cd189
Server 799bb1b2-bd8f-49e2-81f8-f7237f0eb223 received client-request: Request { kind: ReserveTicket, customer: 53ede952-ffd9-4d23-9f58-d78890fd8888, server: None, raw: .. }
Reserved ticket 3600 for customer 53ede952-ffd9-4d23-9f58-d78890fd8888
Server 799bb1b2-bd8f-49e2-81f8-f7237f0eb223 received client-request: Request { kind: ReserveTicket, customer: 91a8e737-563f-4753-b258-6f2381a24457, server: None, raw: .. }
Reserved ticket 3599 for customer 91a8e737-563f-4753-b258-6f2381a24457
Server 799bb1b2-bd8f-49e2-81f8-f7237f0eb223 received client-request: Request { kind: ReserveTicket, customer: eec0bcfd-f896-4731-82d4-c2e2f231947b, server: None, raw: .. }
Reserved ticket 3598 for customer eec0bcfd-f896-4731-82d4-c2e2f231947b
Server 799bb1b2-bd8f-49e2-81f8-f7237f0eb223 received client-request: Request { kind: ReserveTicket, customer: 404b8918-46b4-4652-92fc-ab8a71f9e60d, server: None, raw: .. }
Reserved ticket 3597 for customer 404b8918-46b4-4652-92fc-ab8a71f9e60d
Server 799bb1b2-bd8f-49e2-81f8-f7237f0eb223 received client-request: Request { kind: ReserveTicket, customer: dae21d39-8d93-4bb3-aed1-17cb32b51147, server: None, raw: .. }
Reserved ticket 3596 for customer dae21d39-8d93-4bb3-aed1-17cb32b51147
Server 799bb1b2-bd8f-49e2-81f8-f7237f0eb223 received client-request: Request { kind: ReserveTicket, customer: b81c6829-e6dd-4f1a-996b-c5be654d122c, server: None, raw: .. }
Reserved ticket 3595 for customer b81c6829-e6dd-4f1a-996b-c5be654d122c
Server 799bb1b2-bd8f-49e2-81f8-f7237f0eb223 received client-request: Request { kind: ReserveTicket, customer: 0d92e76f-fcd8-4d4d-91e8-ee0fcfbe53ad, server: None, raw: .. }
Reserved ticket 3594 for customer 0d92e76f-fcd8-4d4d-91e8-ee0fcfbe53ad
Server 799bb1b2-bd8f-49e2-81f8-f7237f0eb223 received client-request: Request { kind: ReserveTicket, customer: b9893f66-b455-45f5-bdda-6eaaa95dd764, server: None, raw: .. }
Reserved ticket 3593 for customer b9893f66-b455-45f5-bdda-6eaaa95dd764
Server 799bb1b2-bd8f-49e2-81f8-f7237f0eb223 received client-request: Request { kind: ReserveTicket, customer: 96e4d25a-72f0-47c4-8db3-933fe9265f6d, server: None, raw: .. }
Reserved ticket 3592 for customer 96e4d25a-72f0-47c4-8db3-933fe9265f6d
Server 799bb1b2-bd8f-49e2-81f8-f7237f0eb223 received client-request: Request { kind: ReserveTicket, customer: 4f01cb20-1230-4fb6-8ff3-ad573c78a316, server: None, raw: .. }
Reserved ticket 3591 for customer 4f01cb20-1230-4fb6-8ff3-ad573c78a316
Server 799bb1b2-bd8f-49e2-81f8-f7237f0eb223 received client-request: Request { kind: ReserveTicket, customer: 12bca277-540c-4d9a-a9a4-b6049d2fadf9, server: None, raw: .. }
Reserved ticket 3590 for customer 12bca277-540c-4d9a-a9a4-b6049d2fadf9
Server 65a51e17-fff5-4036-8b94-6db5de4d28d8 received client-request: Request { kind: ReserveTicket, customer: 426cee19-34c4-4153-be79-33270533f955, server: None, raw: .. }
Reserved ticket 3589 for customer 426cee19-34c4-4153-be79-33270533f955
Server 799bb1b2-bd8f-49e2-81f8-f7237f0eb223 received client-request: Request { kind: ReserveTicket, customer: a4036e8b-6ad9-468f-9950-1e95a3fc6164, server: None, raw: .. }
Reserved ticket 3588 for customer a4036e8b-6ad9-468f-9950-1e95a3fc6164
Server 799bb1b2-bd8f-49e2-81f8-f7237f0eb223 received client-request: Request { kind: ReserveTicket, customer: c79ce1ed-9eee-45e8-bea7-29e79df05743, server: None, raw: .. }
Reserved ticket 3587 for customer c79ce1ed-9eee-45e8-bea7-29e79df05743
Server 799bb1b2-bd8f-49e2-81f8-f7237f0eb223 received client-request: Request { kind: ReserveTicket, customer: 97f51230-c4f7-4f80-b04c-9d030fe5d999, server: None, raw: .. }
Reserved ticket 3586 for customer 97f51230-c4f7-4f80-b04c-9d030fe5d999
Server 799bb1b2-bd8f-49e2-81f8-f7237f0eb223 received client-request: Request { kind: ReserveTicket, customer: e0f76148-5139-4aed-8066-ebc38646cc9b, server: None, raw: .. }
Reserved ticket 3585 for customer e0f76148-5139-4aed-8066-ebc38646cc9b
Server 799bb1b2-bd8f-49e2-81f8-f7237f0eb223 received client-request: Request { kind: ReserveTicket, customer: e74fa78c-4ff4-48fb-8cb5-56a05979ccd3, server: None, raw: .. }
Reserved ticket 3584 for customer e74fa78c-4ff4-48fb-8cb5-56a05979ccd3
Server 799bb1b2-bd8f-49e2-81f8-f7237f0eb223 received client-request: Request { kind: ReserveTicket, customer: 86e01d82-2f4d-4dd2-a13d-436bae5226a5, server: None, raw: .. }
Reserved ticket 3583 for customer 86e01d82-2f4d-4dd2-a13d-436bae5226a5
Server 799bb1b2-bd8f-49e2-81f8-f7237f0eb223 received client-request: Request { kind: ReserveTicket, customer: 907ba183-734a-476d-93cf-809577824f9b, server: None, raw: .. }
Reserved ticket 3582 for customer 907ba183-734a-476d-93cf-809577824f9b
Server 799bb1b2-bd8f-49e2-81f8-f7237f0eb223 received client-request: Request { kind: ReserveTicket, customer: 064c186c-9440-4ec7-83c8-aeb28f616143, server: None, raw: .. }
Reserved ticket 3581 for customer 064c186c-9440-4ec7-83c8-aeb28f616143
Server 799bb1b2-bd8f-49e2-81f8-f7237f0eb223 received client-request: Request { kind: ReserveTicket, customer: 77e7fb76-0f06-4161-aa1d-89e0980d5325, server: None, raw: .. }
Reserved ticket 3580 for customer 77e7fb76-0f06-4161-aa1d-89e0980d5325
Server 799bb1b2-bd8f-49e2-81f8-f7237f0eb223 received client-request: Request { kind: ReserveTicket, customer: 019df495-de8c-48c9-b145-e1c7af8618b7, server: None, raw: .. }
Reserved ticket 3579 for customer 019df495-de8c-48c9-b145-e1c7af8618b7
Server 799bb1b2-bd8f-49e2-81f8-f7237f0eb223 received client-request: Request { kind: ReserveTicket, customer: 5f1366b6-5ca8-4b9e-8502-6ed5cc1a0243, server: None, raw: .. }
Reserved ticket 3578 for customer 5f1366b6-5ca8-4b9e-8502-6ed5cc1a0243
Server 799bb1b2-bd8f-49e2-81f8-f7237f0eb223 received client-request: Request { kind: ReserveTicket, customer: 8231c326-a935-4956-99e4-dca62a478d0b, server: None, raw: .. }
Reserved ticket 3577 for customer 8231c326-a935-4956-99e4-dca62a478d0b
Server 799bb1b2-bd8f-49e2-81f8-f7237f0eb223 received client-request: Request { kind: ReserveTicket, customer: f3a90b76-b226-4ac5-9a04-568fe46dba94, server: None, raw: .. }
Reserved ticket 3576 for customer f3a90b76-b226-4ac5-9a04-568fe46dba94
Server 799bb1b2-bd8f-49e2-81f8-f7237f0eb223 received client-request: Request { kind: ReserveTicket, customer: 8d176e15-1ede-464a-a899-99d18f189c99, server: None, raw: .. }
Reserved ticket 3575 for customer 8d176e15-1ede-464a-a899-99d18f189c99
Server 799bb1b2-bd8f-49e2-81f8-f7237f0eb223 received client-request: Request { kind: ReserveTicket, customer: 642a6ba8-e26d-4879-b73f-0fe0d3e4c037, server: None, raw: .. }
Reserved ticket 3574 for customer 642a6ba8-e26d-4879-b73f-0fe0d3e4c037
Server 799bb1b2-bd8f-49e2-81f8-f7237f0eb223 received client-request: Request { kind: ReserveTicket, customer: 49428be3-9cb5-4de6-9471-3dd36461fff6, server: None, raw: .. }
Reserved ticket 3573 for customer 49428be3-9cb5-4de6-9471-3dd36461fff6
Server 799bb1b2-bd8f-49e2-81f8-f7237f0eb223 received client-request: Request { kind: ReserveTicket, customer: 9e1e2b5e-7e7b-4e07-ab22-d69c2deac382, server: None, raw: .. }
Reserved ticket 3572 for customer 9e1e2b5e-7e7b-4e07-ab22-d69c2deac382
Server 799bb1b2-bd8f-49e2-81f8-f7237f0eb223 received client-request: Request { kind: ReserveTicket, customer: def2e278-d289-4449-bb8d-661348f1e5c0, server: None, raw: .. }
Reserved ticket 3571 for customer def2e278-d289-4449-bb8d-661348f1e5c0
Server 799bb1b2-bd8f-49e2-81f8-f7237f0eb223 received client-request: Request { kind: ReserveTicket, customer: 6ac79eaa-657c-4e91-acb4-37b34bd6c849, server: None, raw: .. }
Reserved ticket 3570 for customer 6ac79eaa-657c-4e91-acb4-37b34bd6c849
Server 65a51e17-fff5-4036-8b94-6db5de4d28d8 received client-request: Request { kind: ReserveTicket, customer: 0754e209-191d-4326-adc5-571e26b6ae75, server: None, raw: .. }
Reserved ticket 3569 for customer 0754e209-191d-4326-adc5-571e26b6ae75
Server 799bb1b2-bd8f-49e2-81f8-f7237f0eb223 received client-request: Request { kind: ReserveTicket, customer: 2195d5ba-1588-4770-b813-a50a29b1208d, server: None, raw: .. }
Reserved ticket 3568 for customer 2195d5ba-1588-4770-b813-a50a29b1208d
Server 799bb1b2-bd8f-49e2-81f8-f7237f0eb223 received client-request: Request { kind: ReserveTicket, customer: c490f52c-bd0a-4527-996b-0245c35b834c, server: None, raw: .. }
Reserved ticket 3567 for customer c490f52c-bd0a-4527-996b-0245c35b834c
Server 799bb1b2-bd8f-49e2-81f8-f7237f0eb223 received client-request: Request { kind: ReserveTicket, customer: e096b9d0-e3cb-4bdf-805f-80d93711d661, server: None, raw: .. }
Reserved ticket 3566 for customer e096b9d0-e3cb-4bdf-805f-80d93711d661
Server 799bb1b2-bd8f-49e2-81f8-f7237f0eb223 received client-request: Request { kind: ReserveTicket, customer: bec62bee-e17e-4c06-925a-3f195560567a, server: None, raw: .. }
Reserved ticket 3565 for customer bec62bee-e17e-4c06-925a-3f195560567a
Server 799bb1b2-bd8f-49e2-81f8-f7237f0eb223 received client-request: Request { kind: ReserveTicket, customer: eca193b8-4ec8-4f16-be46-d827e153333f, server: None, raw: .. }
Reserved ticket 3564 for customer eca193b8-4ec8-4f16-be46-d827e153333f
Server 799bb1b2-bd8f-49e2-81f8-f7237f0eb223 received client-request: Request { kind: ReserveTicket, customer: 69658232-e79c-433c-8a95-dfa6c8fb68b3, server: None, raw: .. }
Reserved ticket 3563 for customer 69658232-e79c-433c-8a95-dfa6c8fb68b3
Server 799bb1b2-bd8f-49e2-81f8-f7237f0eb223 received client-request: Request { kind: ReserveTicket, customer: 26c9f793-d2d7-4a9b-92cb-6b57ae947a48, server: None, raw: .. }
Reserved ticket 3562 for customer 26c9f793-d2d7-4a9b-92cb-6b57ae947a48
Server 799bb1b2-bd8f-49e2-81f8-f7237f0eb223 received client-request: Request { kind: ReserveTicket, customer: 99f31f47-bbe8-40e8-9ca4-975d7146741b, server: None, raw: .. }
Reserved ticket 3561 for customer 99f31f47-bbe8-40e8-9ca4-975d7146741b
Server 799bb1b2-bd8f-49e2-81f8-f7237f0eb223 received client-request: Request { kind: ReserveTicket, customer: 968b8d32-ba02-465f-9cac-48b6d41434b2, server: None, raw: .. }
Reserved ticket 3560 for customer 968b8d32-ba02-465f-9cac-48b6d41434b2
Server 799bb1b2-bd8f-49e2-81f8-f7237f0eb223 received client-request: Request { kind: ReserveTicket, customer: 9adf3af6-5885-4ba1-ac5f-11af7932d4df, server: None, raw: .. }
Reserved ticket 3559 for customer 9adf3af6-5885-4ba1-ac5f-11af7932d4df
Server 799bb1b2-bd8f-49e2-81f8-f7237f0eb223 received client-request: Request { kind: ReserveTicket, customer: 48b62c4a-91a9-4f3e-ad2c-f590efda49b6, server: None, raw: .. }
Reserved ticket 3558 for customer 48b62c4a-91a9-4f3e-ad2c-f590efda49b6
Server 799bb1b2-bd8f-49e2-81f8-f7237f0eb223 received client-request: Request { kind: ReserveTicket, customer: afa9f3ae-76bd-4792-8f7f-c46a34b12bcd, server: None, raw: .. }
Reserved ticket 3557 for customer afa9f3ae-76bd-4792-8f7f-c46a34b12bcd
Server 799bb1b2-bd8f-49e2-81f8-f7237f0eb223 received client-request: Request { kind: ReserveTicket, customer: 7d622bcb-3af2-4de1-9b23-8d3679900dd6, server: None, raw: .. }
Reserved ticket 3556 for customer 7d622bcb-3af2-4de1-9b23-8d3679900dd6
Server 799bb1b2-bd8f-49e2-81f8-f7237f0eb223 received client-request: Request { kind: ReserveTicket, customer: 60b6390a-9f9d-4537-8a2f-dae2d98cfd2c, server: None, raw: .. }
Reserved ticket 3555 for customer 60b6390a-9f9d-4537-8a2f-dae2d98cfd2c
Server 799bb1b2-bd8f-49e2-81f8-f7237f0eb223 received client-request: Request { kind: ReserveTicket, customer: 4a72247a-ca00-4115-b267-d4bb17cd118b, server: None, raw: .. }
Reserved ticket 3554 for customer 4a72247a-ca00-4115-b267-d4bb17cd118b
Server 799bb1b2-bd8f-49e2-81f8-f7237f0eb223 received client-request: Request { kind: ReserveTicket, customer: c2ff13df-aebb-4120-9cea-c08dee347392, server: None, raw: .. }
Reserved ticket 3553 for customer c2ff13df-aebb-4120-9cea-c08dee347392
Server 799bb1b2-bd8f-49e2-81f8-f7237f0eb223 received client-request: Request { kind: ReserveTicket, customer: a537d7ce-780c-483f-b525-35ee1bf9de99, server: None, raw: .. }
Reserved ticket 3552 for customer a537d7ce-780c-483f-b525-35ee1bf9de99
Server 799bb1b2-bd8f-49e2-81f8-f7237f0eb223 received client-request: Request { kind: ReserveTicket, customer: 1c86f4e0-3587-4b4b-8724-e4d402138f95, server: None, raw: .. }
Reserved ticket 3551 for customer 1c86f4e0-3587-4b4b-8724-e4d402138f95
Server 799bb1b2-bd8f-49e2-81f8-f7237f0eb223 received client-request: Request { kind: ReserveTicket, customer: 77c2e457-9205-43c7-8064-9c4cd4794fd4, server: None, raw: .. }
Reserved ticket 3550 for customer 77c2e457-9205-43c7-8064-9c4cd4794fd4
Server 65a51e17-fff5-4036-8b94-6db5de4d28d8 received client-request: Request { kind: ReserveTicket, customer: 35bde6e1-5a5e-4a4b-80e3-81db56242aeb, server: None, raw: .. }
Reserved ticket 3549 for customer 35bde6e1-5a5e-4a4b-80e3-81db56242aeb
Server 799bb1b2-bd8f-49e2-81f8-f7237f0eb223 received client-request: Request { kind: ReserveTicket, customer: 63594cc7-c23e-450d-8dd6-8e5af1eb95f8, server: None, raw: .. }
Reserved ticket 3548 for customer 63594cc7-c23e-450d-8dd6-8e5af1eb95f8
Server 799bb1b2-bd8f-49e2-81f8-f7237f0eb223 received client-request: Request { kind: ReserveTicket, customer: c082bcde-51d3-4100-9d57-9e3e3ce27334, server: None, raw: .. }
Reserved ticket 3547 for customer c082bcde-51d3-4100-9d57-9e3e3ce27334
Server 799bb1b2-bd8f-49e2-81f8-f7237f0eb223 received client-request: Request { kind: ReserveTicket, customer: 5686f368-efa9-434d-abac-a3c25a68d8d8, server: None, raw: .. }
Reserved ticket 3546 for customer 5686f368-efa9-434d-abac-a3c25a68d8d8
Server 799bb1b2-bd8f-49e2-81f8-f7237f0eb223 received client-request: Request { kind: ReserveTicket, customer: 6226a9c9-3f7e-4d8a-88ab-d7958a4a40bb, server: None, raw: .. }
Reserved ticket 3545 for customer 6226a9c9-3f7e-4d8a-88ab-d7958a4a40bb
Server 799bb1b2-bd8f-49e2-81f8-f7237f0eb223 received client-request: Request { kind: ReserveTicket, customer: 7b081cf1-19eb-45bc-aa9b-0b09cb526061, server: None, raw: .. }
Reserved ticket 3544 for customer 7b081cf1-19eb-45bc-aa9b-0b09cb526061
Server 799bb1b2-bd8f-49e2-81f8-f7237f0eb223 received client-request: Request { kind: ReserveTicket, customer: ce0d8c00-547b-45ae-9a49-ccc0168ed648, server: None, raw: .. }
Reserved ticket 3543 for customer ce0d8c00-547b-45ae-9a49-ccc0168ed648
Server 799bb1b2-bd8f-49e2-81f8-f7237f0eb223 received client-request: Request { kind: ReserveTicket, customer: e565bd4e-83cd-47cf-8a08-8c333f9e60f6, server: None, raw: .. }
Reserved ticket 3542 for customer e565bd4e-83cd-47cf-8a08-8c333f9e60f6
Server 799bb1b2-bd8f-49e2-81f8-f7237f0eb223 received client-request: Request { kind: ReserveTicket, customer: a8b82139-1be6-460d-b85b-d81cdeda6f1c, server: None, raw: .. }
Reserved ticket 3541 for customer a8b82139-1be6-460d-b85b-d81cdeda6f1c
Server 799bb1b2-bd8f-49e2-81f8-f7237f0eb223 received client-request: Request { kind: ReserveTicket, customer: b20a53dd-207f-42ed-9921-e4202303af8a, server: None, raw: .. }
Reserved ticket 3540 for customer b20a53dd-207f-42ed-9921-e4202303af8a
Server 799bb1b2-bd8f-49e2-81f8-f7237f0eb223 received client-request: Request { kind: ReserveTicket, customer: dcc2746c-2633-455a-89ae-98562af17215, server: None, raw: .. }
Reserved ticket 3539 for customer dcc2746c-2633-455a-89ae-98562af17215
Server 799bb1b2-bd8f-49e2-81f8-f7237f0eb223 received client-request: Request { kind: ReserveTicket, customer: 84acc4a1-d8ce-41d9-a024-2801d3c991fd, server: None, raw: .. }
Reserved ticket 3538 for customer 84acc4a1-d8ce-41d9-a024-2801d3c991fd
Server 799bb1b2-bd8f-49e2-81f8-f7237f0eb223 received client-request: Request { kind: ReserveTicket, customer: c0db4100-f836-4af2-833f-c29f482489a1, server: None, raw: .. }
Reserved ticket 3537 for customer c0db4100-f836-4af2-833f-c29f482489a1
Server 799bb1b2-bd8f-49e2-81f8-f7237f0eb223 received client-request: Request { kind: ReserveTicket, customer: a9d6aa19-4f62-4991-9486-f63d992b6acd, server: None, raw: .. }
Reserved ticket 3536 for customer a9d6aa19-4f62-4991-9486-f63d992b6acd
Server 799bb1b2-bd8f-49e2-81f8-f7237f0eb223 received client-request: Request { kind: ReserveTicket, customer: 1c6b6781-1dba-4e12-9267-b999bcde8ede, server: None, raw: .. }
Reserved ticket 3535 for customer 1c6b6781-1dba-4e12-9267-b999bcde8ede
Server 799bb1b2-bd8f-49e2-81f8-f7237f0eb223 received client-request: Request { kind: ReserveTicket, customer: e9db8961-7631-4241-8e1d-379f5d54caa7, server: None, raw: .. }
Reserved ticket 3534 for customer e9db8961-7631-4241-8e1d-379f5d54caa7
Server 799bb1b2-bd8f-49e2-81f8-f7237f0eb223 received client-request: Request { kind: ReserveTicket, customer: ebe0303d-96b2-4363-80d1-4235791fe59e, server: None, raw: .. }
Reserved ticket 3533 for customer ebe0303d-96b2-4363-80d1-4235791fe59e
Server 799bb1b2-bd8f-49e2-81f8-f7237f0eb223 received client-request: Request { kind: ReserveTicket, customer: 8759689f-923e-4819-a7fd-ac385d4e3a65, server: None, raw: .. }
Reserved ticket 3532 for customer 8759689f-923e-4819-a7fd-ac385d4e3a65
Server 799bb1b2-bd8f-49e2-81f8-f7237f0eb223 received client-request: Request { kind: ReserveTicket, customer: eabc542a-e983-4450-b2e2-6702fcec1e0d, server: None, raw: .. }
Reserved ticket 3531 for customer eabc542a-e983-4450-b2e2-6702fcec1e0d
Server 799bb1b2-bd8f-49e2-81f8-f7237f0eb223 received client-request: Request { kind: ReserveTicket, customer: ee678573-c381-4321-9a33-c7c9bacd123e, server: None, raw: .. }
Reserved ticket 3530 for customer ee678573-c381-4321-9a33-c7c9bacd123e
Server 65a51e17-fff5-4036-8b94-6db5de4d28d8 received client-request: Request { kind: ReserveTicket, customer: f6d649f6-f4ac-4139-a70c-dc2bcbb6d254, server: None, raw: .. }
Reserved ticket 3529 for customer f6d649f6-f4ac-4139-a70c-dc2bcbb6d254
Server 799bb1b2-bd8f-49e2-81f8-f7237f0eb223 received client-request: Request { kind: ReserveTicket, customer: 8f869ec4-71d9-47b2-b190-b96229083456, server: None, raw: .. }
Reserved ticket 3528 for customer 8f869ec4-71d9-47b2-b190-b96229083456
Server 799bb1b2-bd8f-49e2-81f8-f7237f0eb223 received client-request: Request { kind: ReserveTicket, customer: 02f0b41a-189f-4986-9e8a-fb7da37b13f9, server: None, raw: .. }
Reserved ticket 3527 for customer 02f0b41a-189f-4986-9e8a-fb7da37b13f9
Server 799bb1b2-bd8f-49e2-81f8-f7237f0eb223 received client-request: Request { kind: ReserveTicket, customer: 3b72f4fe-53e6-46c3-8572-a4f890bed646, server: None, raw: .. }
Reserved ticket 3526 for customer 3b72f4fe-53e6-46c3-8572-a4f890bed646
Server 799bb1b2-bd8f-49e2-81f8-f7237f0eb223 received client-request: Request { kind: ReserveTicket, customer: 46b45bcb-e162-4a9f-bbf5-aed36462fdf6, server: None, raw: .. }
Reserved ticket 3525 for customer 46b45bcb-e162-4a9f-bbf5-aed36462fdf6
Server 799bb1b2-bd8f-49e2-81f8-f7237f0eb223 received client-request: Request { kind: ReserveTicket, customer: 979008c5-a36a-464f-90eb-f0ef1a631d9b, server: None, raw: .. }
Reserved ticket 3524 for customer 979008c5-a36a-464f-90eb-f0ef1a631d9b
Server 799bb1b2-bd8f-49e2-81f8-f7237f0eb223 received client-request: Request { kind: ReserveTicket, customer: 6ab33c6a-91ce-40a2-8d3a-f18ceb79e6ff, server: None, raw: .. }
Reserved ticket 3523 for customer 6ab33c6a-91ce-40a2-8d3a-f18ceb79e6ff
Server 799bb1b2-bd8f-49e2-81f8-f7237f0eb223 received client-request: Request { kind: ReserveTicket, customer: 8aefa6ab-b06d-4354-b227-61e9a2f0fc3d, server: None, raw: .. }
Reserved ticket 3522 for customer 8aefa6ab-b06d-4354-b227-61e9a2f0fc3d
Server 799bb1b2-bd8f-49e2-81f8-f7237f0eb223 received client-request: Request { kind: ReserveTicket, customer: ae4470cf-1906-46ce-be4c-c31838740d28, server: None, raw: .. }
Reserved ticket 3521 for customer ae4470cf-1906-46ce-be4c-c31838740d28
Server 799bb1b2-bd8f-49e2-81f8-f7237f0eb223 received client-request: Request { kind: ReserveTicket, customer: 436c69a3-cb9c-4e8d-ae32-a1d5c5ed74e7, server: None, raw: .. }
Reserved ticket 3520 for customer 436c69a3-cb9c-4e8d-ae32-a1d5c5ed74e7
Server 799bb1b2-bd8f-49e2-81f8-f7237f0eb223 received client-request: Request { kind: ReserveTicket, customer: 541acb77-2126-48b7-9b83-ae8a40ab550c, server: None, raw: .. }
Reserved ticket 3519 for customer 541acb77-2126-48b7-9b83-ae8a40ab550c
Server 799bb1b2-bd8f-49e2-81f8-f7237f0eb223 received client-request: Request { kind: ReserveTicket, customer: 6cc828ea-a4df-43e6-bb25-107a0635fc78, server: None, raw: .. }
Reserved ticket 3518 for customer 6cc828ea-a4df-43e6-bb25-107a0635fc78
Server 799bb1b2-bd8f-49e2-81f8-f7237f0eb223 received client-request: Request { kind: ReserveTicket, customer: 39869c98-c74d-457b-87ef-55c18eeea391, server: None, raw: .. }
Reserved ticket 3517 for customer 39869c98-c74d-457b-87ef-55c18eeea391
Server 799bb1b2-bd8f-49e2-81f8-f7237f0eb223 received client-request: Request { kind: ReserveTicket, customer: 0a489cec-d16d-4f89-86b6-1435a41ede63, server: None, raw: .. }
Reserved ticket 3516 for customer 0a489cec-d16d-4f89-86b6-1435a41ede63
Server 799bb1b2-bd8f-49e2-81f8-f7237f0eb223 received client-request: Request { kind: ReserveTicket, customer: 5e61ad61-4620-4294-82e9-abf31fb196a4, server: None, raw: .. }
Reserved ticket 3515 for customer 5e61ad61-4620-4294-82e9-abf31fb196a4
Server 799bb1b2-bd8f-49e2-81f8-f7237f0eb223 received client-request: Request { kind: ReserveTicket, customer: 3ef1b164-d736-4d64-a0e6-c1106e091ed7, server: None, raw: .. }
Reserved ticket 3514 for customer 3ef1b164-d736-4d64-a0e6-c1106e091ed7
Server 799bb1b2-bd8f-49e2-81f8-f7237f0eb223 received client-request: Request { kind: ReserveTicket, customer: 66863569-fb00-4538-b759-1d1bbde18f5d, server: None, raw: .. }
Reserved ticket 3513 for customer 66863569-fb00-4538-b759-1d1bbde18f5d
Server 799bb1b2-bd8f-49e2-81f8-f7237f0eb223 received client-request: Request { kind: ReserveTicket, customer: a679f0cb-7d79-4151-acc1-1073a102f90e, server: None, raw: .. }
Reserved ticket 3512 for customer a679f0cb-7d79-4151-acc1-1073a102f90e
Server 799bb1b2-bd8f-49e2-81f8-f7237f0eb223 received client-request: Request { kind: ReserveTicket, customer: f755a3da-ddf4-48b2-833c-b61f3ec004aa, server: None, raw: .. }
Reserved ticket 3511 for customer f755a3da-ddf4-48b2-833c-b61f3ec004aa
Server 799bb1b2-bd8f-49e2-81f8-f7237f0eb223 received client-request: Request { kind: ReserveTicket, customer: b16fc318-3df8-4ebd-983c-fbba231575aa, server: None, raw: .. }
Reserved ticket 3510 for customer b16fc318-3df8-4ebd-983c-fbba231575aa
Server 65a51e17-fff5-4036-8b94-6db5de4d28d8 received client-request: Request { kind: ReserveTicket, customer: 7690c043-c82d-427e-89bb-832b6dbd1aae, server: None, raw: .. }
Reserved ticket 3509 for customer 7690c043-c82d-427e-89bb-832b6dbd1aae
Server 799bb1b2-bd8f-49e2-81f8-f7237f0eb223 received client-request: Request { kind: ReserveTicket, customer: a66727aa-1665-469a-802d-8aa90005a6ed, server: None, raw: .. }
Reserved ticket 3508 for customer a66727aa-1665-469a-802d-8aa90005a6ed
Server 799bb1b2-bd8f-49e2-81f8-f7237f0eb223 received client-request: Request { kind: ReserveTicket, customer: 5bf39c3d-857f-47ab-bedc-11672d83fcd6, server: None, raw: .. }
Reserved ticket 3507 for customer 5bf39c3d-857f-47ab-bedc-11672d83fcd6
Server 799bb1b2-bd8f-49e2-81f8-f7237f0eb223 received client-request: Request { kind: ReserveTicket, customer: 226730b9-308a-4d3b-950b-5c7c0aa83abf, server: None, raw: .. }
Reserved ticket 3506 for customer 226730b9-308a-4d3b-950b-5c7c0aa83abf
Server 799bb1b2-bd8f-49e2-81f8-f7237f0eb223 received client-request: Request { kind: ReserveTicket, customer: c15fbf56-de09-4c2d-8f47-4d238bc38825, server: None, raw: .. }
Reserved ticket 3505 for customer c15fbf56-de09-4c2d-8f47-4d238bc38825
Server 799bb1b2-bd8f-49e2-81f8-f7237f0eb223 received client-request: Request { kind: ReserveTicket, customer: 16501536-40bc-4ffd-a55f-492b11c11a6c, server: None, raw: .. }
Reserved ticket 3504 for customer 16501536-40bc-4ffd-a55f-492b11c11a6c
Server 799bb1b2-bd8f-49e2-81f8-f7237f0eb223 received client-request: Request { kind: ReserveTicket, customer: 0deea21c-ef8d-4049-a492-228d5a48b4c7, server: None, raw: .. }
Reserved ticket 3503 for customer 0deea21c-ef8d-4049-a492-228d5a48b4c7
Server 799bb1b2-bd8f-49e2-81f8-f7237f0eb223 received client-request: Request { kind: ReserveTicket, customer: 2e6b533e-95c7-45c1-bc81-4842493f867b, server: None, raw: .. }
Reserved ticket 3502 for customer 2e6b533e-95c7-45c1-bc81-4842493f867b
Server 799bb1b2-bd8f-49e2-81f8-f7237f0eb223 received client-request: Request { kind: ReserveTicket, customer: cb8c4eee-390c-4d14-9ce1-bba57efc5d3c, server: None, raw: .. }
Reserved ticket 3501 for customer cb8c4eee-390c-4d14-9ce1-bba57efc5d3c
Server 799bb1b2-bd8f-49e2-81f8-f7237f0eb223 received client-request: Request { kind: ReserveTicket, customer: 8b9257fb-6064-4baa-b586-53ca5a478668, server: None, raw: .. }
Reserved ticket 3500 for customer 8b9257fb-6064-4baa-b586-53ca5a478668
Server 799bb1b2-bd8f-49e2-81f8-f7237f0eb223 received client-request: Request { kind: ReserveTicket, customer: a2fff15e-3059-4387-94f9-e9658090f593, server: None, raw: .. }
Reserved ticket 3499 for customer a2fff15e-3059-4387-94f9-e9658090f593
Server 799bb1b2-bd8f-49e2-81f8-f7237f0eb223 received client-request: Request { kind: ReserveTicket, customer: 578a79a5-9c8c-412c-a980-6578ecc7b5b5, server: None, raw: .. }
Reserved ticket 3498 for customer 578a79a5-9c8c-412c-a980-6578ecc7b5b5
Server 799bb1b2-bd8f-49e2-81f8-f7237f0eb223 received client-request: Request { kind: ReserveTicket, customer: 7a885f5e-82b1-41bf-a01d-3c5938fc25d4, server: None, raw: .. }
Reserved ticket 3497 for customer 7a885f5e-82b1-41bf-a01d-3c5938fc25d4
Server 799bb1b2-bd8f-49e2-81f8-f7237f0eb223 received client-request: Request { kind: ReserveTicket, customer: 14cbdf84-bf2c-47ad-b53d-a1633d5fdc7a, server: None, raw: .. }
Reserved ticket 3496 for customer 14cbdf84-bf2c-47ad-b53d-a1633d5fdc7a
Server 799bb1b2-bd8f-49e2-81f8-f7237f0eb223 received client-request: Request { kind: ReserveTicket, customer: e6f06927-2b0d-43a1-8b1d-49ad1a22df7f, server: None, raw: .. }
Reserved ticket 3495 for customer e6f06927-2b0d-43a1-8b1d-49ad1a22df7f
Server 799bb1b2-bd8f-49e2-81f8-f7237f0eb223 received client-request: Request { kind: ReserveTicket, customer: d1d55417-1fdc-4354-831c-523a51500dd7, server: None, raw: .. }
Reserved ticket 3494 for customer d1d55417-1fdc-4354-831c-523a51500dd7
Server 799bb1b2-bd8f-49e2-81f8-f7237f0eb223 received client-request: Request { kind: ReserveTicket, customer: 68a591e2-56bd-462d-b1de-c0f59f24cc10, server: None, raw: .. }
Reserved ticket 3493 for customer 68a591e2-56bd-462d-b1de-c0f59f24cc10
Server 799bb1b2-bd8f-49e2-81f8-f7237f0eb223 received client-request: Request { kind: ReserveTicket, customer: f31768d3-7881-4b14-b173-2db98eb622dc, server: None, raw: .. }
Reserved ticket 3492 for customer f31768d3-7881-4b14-b173-2db98eb622dc
Server 799bb1b2-bd8f-49e2-81f8-f7237f0eb223 received client-request: Request { kind: ReserveTicket, customer: a4788d8f-608d-4ba2-af69-c427c2ca4a85, server: None, raw: .. }
Reserved ticket 3491 for customer a4788d8f-608d-4ba2-af69-c427c2ca4a85
Server 799bb1b2-bd8f-49e2-81f8-f7237f0eb223 received client-request: Request { kind: ReserveTicket, customer: 51163f09-0405-4485-86d2-b48f8c6a3b71, server: None, raw: .. }
Reserved ticket 3490 for customer 51163f09-0405-4485-86d2-b48f8c6a3b71
Server 65a51e17-fff5-4036-8b94-6db5de4d28d8 received client-request: Request { kind: ReserveTicket, customer: 66cfdbbd-5318-4cc7-9e41-8c5eaf232952, server: None, raw: .. }
Reserved ticket 3489 for customer 66cfdbbd-5318-4cc7-9e41-8c5eaf232952
Server 799bb1b2-bd8f-49e2-81f8-f7237f0eb223 received client-request: Request { kind: ReserveTicket, customer: db0ff64d-b7bf-449c-9437-931fb58c97f9, server: None, raw: .. }
Reserved ticket 3488 for customer db0ff64d-b7bf-449c-9437-931fb58c97f9
Server 799bb1b2-bd8f-49e2-81f8-f7237f0eb223 received client-request: Request { kind: ReserveTicket, customer: 9c7388f7-f2ff-4289-a51e-2dbc7bfbc502, server: None, raw: .. }
Reserved ticket 3487 for customer 9c7388f7-f2ff-4289-a51e-2dbc7bfbc502
Server 799bb1b2-bd8f-49e2-81f8-f7237f0eb223 received client-request: Request { kind: ReserveTicket, customer: 0c355df8-9d1d-476b-bf49-40f66792f8ab, server: None, raw: .. }
Reserved ticket 3486 for customer 0c355df8-9d1d-476b-bf49-40f66792f8ab
Server 799bb1b2-bd8f-49e2-81f8-f7237f0eb223 received client-request: Request { kind: ReserveTicket, customer: 97e62302-079a-4122-ba24-2fcc9c51c465, server: None, raw: .. }
Reserved ticket 3485 for customer 97e62302-079a-4122-ba24-2fcc9c51c465
Server 799bb1b2-bd8f-49e2-81f8-f7237f0eb223 received client-request: Request { kind: ReserveTicket, customer: e274f6e2-e2f1-45cc-814b-cb903d2ce4f7, server: None, raw: .. }
Reserved ticket 3484 for customer e274f6e2-e2f1-45cc-814b-cb903d2ce4f7
Server 799bb1b2-bd8f-49e2-81f8-f7237f0eb223 received client-request: Request { kind: ReserveTicket, customer: 541fdbd5-2ef2-4a8d-b18c-8a2d5233a013, server: None, raw: .. }
Reserved ticket 3483 for customer 541fdbd5-2ef2-4a8d-b18c-8a2d5233a013
Server 799bb1b2-bd8f-49e2-81f8-f7237f0eb223 received client-request: Request { kind: ReserveTicket, customer: e349276f-f7b8-49bc-b9a2-b5c484cbc118, server: None, raw: .. }
Reserved ticket 3482 for customer e349276f-f7b8-49bc-b9a2-b5c484cbc118
Server 799bb1b2-bd8f-49e2-81f8-f7237f0eb223 received client-request: Request { kind: ReserveTicket, customer: 92fe33da-f652-4b29-a70d-0ccc26177641, server: None, raw: .. }
Reserved ticket 3481 for customer 92fe33da-f652-4b29-a70d-0ccc26177641
Server 799bb1b2-bd8f-49e2-81f8-f7237f0eb223 received client-request: Request { kind: ReserveTicket, customer: ee050b51-70eb-4283-ab96-30f68fc1ae28, server: None, raw: .. }
Reserved ticket 3480 for customer ee050b51-70eb-4283-ab96-30f68fc1ae28
Server 799bb1b2-bd8f-49e2-81f8-f7237f0eb223 received client-request: Request { kind: ReserveTicket, customer: 940e813d-bbeb-4d47-b2f4-8d771ecb232c, server: None, raw: .. }
Reserved ticket 3479 for customer 940e813d-bbeb-4d47-b2f4-8d771ecb232c
Server 799bb1b2-bd8f-49e2-81f8-f7237f0eb223 received client-request: Request { kind: ReserveTicket, customer: 2e1d6ae1-c391-4e73-845c-e3b0e6b252c1, server: None, raw: .. }
Reserved ticket 3478 for customer 2e1d6ae1-c391-4e73-845c-e3b0e6b252c1
Server 799bb1b2-bd8f-49e2-81f8-f7237f0eb223 received client-request: Request { kind: ReserveTicket, customer: 37011411-9b83-46e3-9990-dbb3c69c928f, server: None, raw: .. }
Reserved ticket 3477 for customer 37011411-9b83-46e3-9990-dbb3c69c928f
Server 799bb1b2-bd8f-49e2-81f8-f7237f0eb223 received client-request: Request { kind: ReserveTicket, customer: f5ba0821-742b-49fc-9d2f-b39e8636a2c8, server: None, raw: .. }
Reserved ticket 3476 for customer f5ba0821-742b-49fc-9d2f-b39e8636a2c8
Server 799bb1b2-bd8f-49e2-81f8-f7237f0eb223 received client-request: Request { kind: ReserveTicket, customer: 18257de4-b64d-419d-bc35-e89a302e888c, server: None, raw: .. }
Reserved ticket 3475 for customer 18257de4-b64d-419d-bc35-e89a302e888c
Server 799bb1b2-bd8f-49e2-81f8-f7237f0eb223 received client-request: Request { kind: ReserveTicket, customer: 96201d17-7d48-4496-93b5-ba01a2b47fdf, server: None, raw: .. }
Reserved ticket 3474 for customer 96201d17-7d48-4496-93b5-ba01a2b47fdf
Server 799bb1b2-bd8f-49e2-81f8-f7237f0eb223 received client-request: Request { kind: ReserveTicket, customer: 3bb2fba0-fd33-48b3-981f-9cd59a1a2ce4, server: None, raw: .. }
Reserved ticket 3473 for customer 3bb2fba0-fd33-48b3-981f-9cd59a1a2ce4
Server 799bb1b2-bd8f-49e2-81f8-f7237f0eb223 received client-request: Request { kind: ReserveTicket, customer: b06d5030-ffda-405e-b687-d3ea7523250a, server: None, raw: .. }
Reserved ticket 3472 for customer b06d5030-ffda-405e-b687-d3ea7523250a
Server 799bb1b2-bd8f-49e2-81f8-f7237f0eb223 received client-request: Request { kind: ReserveTicket, customer: afeb5c8e-0ffe-4a24-a9b5-42d4ccaf4915, server: None, raw: .. }
Reserved ticket 3471 for customer afeb5c8e-0ffe-4a24-a9b5-42d4ccaf4915
Server 799bb1b2-bd8f-49e2-81f8-f7237f0eb223 received client-request: Request { kind: ReserveTicket, customer: 402e727f-d625-45fc-86a3-5ee0d054bd9e, server: None, raw: .. }
Reserved ticket 3470 for customer 402e727f-d625-45fc-86a3-5ee0d054bd9e
Server 65a51e17-fff5-4036-8b94-6db5de4d28d8 received client-request: Request { kind: ReserveTicket, customer: 84cbe949-81f9-42da-9e82-42aa7fb9c18b, server: None, raw: .. }
Reserved ticket 3469 for customer 84cbe949-81f9-42da-9e82-42aa7fb9c18b
Server 799bb1b2-bd8f-49e2-81f8-f7237f0eb223 received client-request: Request { kind: ReserveTicket, customer: 581c5eba-1dbe-411b-97de-eb4cb86800a6, server: None, raw: .. }
Reserved ticket 3468 for customer 581c5eba-1dbe-411b-97de-eb4cb86800a6
Server 799bb1b2-bd8f-49e2-81f8-f7237f0eb223 received client-request: Request { kind: ReserveTicket, customer: 5e853ec0-00d5-4171-a218-157f4682f9fa, server: None, raw: .. }
Reserved ticket 3467 for customer 5e853ec0-00d5-4171-a218-157f4682f9fa
Server 799bb1b2-bd8f-49e2-81f8-f7237f0eb223 received client-request: Request { kind: ReserveTicket, customer: 01a8e541-7ecf-4e73-9b00-31c84ed1c19b, server: None, raw: .. }
Reserved ticket 3466 for customer 01a8e541-7ecf-4e73-9b00-31c84ed1c19b
Server 799bb1b2-bd8f-49e2-81f8-f7237f0eb223 received client-request: Request { kind: ReserveTicket, customer: 8f3795b5-e484-4ad1-a677-eaaee2ae3436, server: None, raw: .. }
Reserved ticket 3465 for customer 8f3795b5-e484-4ad1-a677-eaaee2ae3436
Server 799bb1b2-bd8f-49e2-81f8-f7237f0eb223 received client-request: Request { kind: ReserveTicket, customer: 0b1adb61-cf39-4ba7-bd46-2da79ac15286, server: None, raw: .. }
Reserved ticket 3464 for customer 0b1adb61-cf39-4ba7-bd46-2da79ac15286
Server 799bb1b2-bd8f-49e2-81f8-f7237f0eb223 received client-request: Request { kind: ReserveTicket, customer: e169d6b4-9753-455f-9875-4fc029012e07, server: None, raw: .. }
Reserved ticket 3463 for customer e169d6b4-9753-455f-9875-4fc029012e07
Server 799bb1b2-bd8f-49e2-81f8-f7237f0eb223 received client-request: Request { kind: ReserveTicket, customer: afd60fe9-d3be-4e71-8bb1-6bdc2c7bdaf6, server: None, raw: .. }
Reserved ticket 3462 for customer afd60fe9-d3be-4e71-8bb1-6bdc2c7bdaf6
Server 799bb1b2-bd8f-49e2-81f8-f7237f0eb223 received client-request: Request { kind: ReserveTicket, customer: 0b473b4d-b28f-4a0e-8d2f-b100a5e9d24c, server: None, raw: .. }
Reserved ticket 3461 for customer 0b473b4d-b28f-4a0e-8d2f-b100a5e9d24c
Server 799bb1b2-bd8f-49e2-81f8-f7237f0eb223 received client-request: Request { kind: ReserveTicket, customer: 4a3c8cc5-ce5a-4251-958e-10030c990d4f, server: None, raw: .. }
Reserved ticket 3460 for customer 4a3c8cc5-ce5a-4251-958e-10030c990d4f
Server 799bb1b2-bd8f-49e2-81f8-f7237f0eb223 received client-request: Request { kind: ReserveTicket, customer: b40a1c27-66f4-4b42-8ae0-ae0a6d663cf3, server: None, raw: .. }
Reserved ticket 3459 for customer b40a1c27-66f4-4b42-8ae0-ae0a6d663cf3
Server 799bb1b2-bd8f-49e2-81f8-f7237f0eb223 received client-request: Request { kind: ReserveTicket, customer: 06b732a2-7b4f-49e0-ad3f-60c5954c2d8a, server: None, raw: .. }
Reserved ticket 3458 for customer 06b732a2-7b4f-49e0-ad3f-60c5954c2d8a
Server 799bb1b2-bd8f-49e2-81f8-f7237f0eb223 received client-request: Request { kind: ReserveTicket, customer: 71f0a0ab-cb3b-404f-b722-85e48ec1cd06, server: None, raw: .. }
Reserved ticket 3457 for customer 71f0a0ab-cb3b-404f-b722-85e48ec1cd06
Server 799bb1b2-bd8f-49e2-81f8-f7237f0eb223 received client-request: Request { kind: ReserveTicket, customer: e19f7519-3bb3-410e-a17d-a372c402d019, server: None, raw: .. }
Reserved ticket 3456 for customer e19f7519-3bb3-410e-a17d-a372c402d019
Server 799bb1b2-bd8f-49e2-81f8-f7237f0eb223 received client-request: Request { kind: ReserveTicket, customer: 14f192a6-70cb-40b7-a4b1-cd243b1d72a3, server: None, raw: .. }
Reserved ticket 3455 for customer 14f192a6-70cb-40b7-a4b1-cd243b1d72a3
Server 799bb1b2-bd8f-49e2-81f8-f7237f0eb223 received client-request: Request { kind: ReserveTicket, customer: 87d4d570-9f3d-4a09-bf45-1fc1ab98a190, server: None, raw: .. }
Reserved ticket 3454 for customer 87d4d570-9f3d-4a09-bf45-1fc1ab98a190
Server 799bb1b2-bd8f-49e2-81f8-f7237f0eb223 received client-request: Request { kind: ReserveTicket, customer: d75db497-dda7-4c3e-9635-c7b144ec4832, server: None, raw: .. }
Reserved ticket 3453 for customer d75db497-dda7-4c3e-9635-c7b144ec4832
Server 799bb1b2-bd8f-49e2-81f8-f7237f0eb223 received client-request: Request { kind: ReserveTicket, customer: e06c7969-ba91-47b3-8608-106bdfa1bc39, server: None, raw: .. }
Reserved ticket 3452 for customer e06c7969-ba91-47b3-8608-106bdfa1bc39
Server 799bb1b2-bd8f-49e2-81f8-f7237f0eb223 received client-request: Request { kind: ReserveTicket, customer: 4b787a54-4461-45a2-8f4e-576997c3298d, server: None, raw: .. }
Reserved ticket 3451 for customer 4b787a54-4461-45a2-8f4e-576997c3298d
Server 799bb1b2-bd8f-49e2-81f8-f7237f0eb223 received client-request: Request { kind: ReserveTicket, customer: cd8d9093-e4fe-4c2f-9257-c17f294cfa6e, server: None, raw: .. }
Reserved ticket 3450 for customer cd8d9093-e4fe-4c2f-9257-c17f294cfa6e
Server 65a51e17-fff5-4036-8b94-6db5de4d28d8 received client-request: Request { kind: ReserveTicket, customer: 8685ab3f-0826-41e7-a2a9-cf9c4f780502, server: None, raw: .. }
Reserved ticket 3449 for customer 8685ab3f-0826-41e7-a2a9-cf9c4f780502
Server 799bb1b2-bd8f-49e2-81f8-f7237f0eb223 received client-request: Request { kind: ReserveTicket, customer: cbb16b72-1400-491c-9b6a-bfe7c79f16b1, server: None, raw: .. }
Reserved ticket 3448 for customer cbb16b72-1400-491c-9b6a-bfe7c79f16b1
Server 799bb1b2-bd8f-49e2-81f8-f7237f0eb223 received client-request: Request { kind: ReserveTicket, customer: 5afe97ca-b3ec-4ce2-a407-d33eeed7d623, server: None, raw: .. }
Reserved ticket 3447 for customer 5afe97ca-b3ec-4ce2-a407-d33eeed7d623
Server 799bb1b2-bd8f-49e2-81f8-f7237f0eb223 received client-request: Request { kind: ReserveTicket, customer: 795912a4-1ca0-43f9-9349-d98bb35b43e5, server: None, raw: .. }
Reserved ticket 3446 for customer 795912a4-1ca0-43f9-9349-d98bb35b43e5
Server 799bb1b2-bd8f-49e2-81f8-f7237f0eb223 received client-request: Request { kind: ReserveTicket, customer: 0b825a7b-35d3-419a-a73e-1a7022051aeb, server: None, raw: .. }
Reserved ticket 3445 for customer 0b825a7b-35d3-419a-a73e-1a7022051aeb
Server 799bb1b2-bd8f-49e2-81f8-f7237f0eb223 received client-request: Request { kind: ReserveTicket, customer: cedfc748-0f8f-41fc-b40a-7537800f7fba, server: None, raw: .. }
Reserved ticket 3444 for customer cedfc748-0f8f-41fc-b40a-7537800f7fba
Server 799bb1b2-bd8f-49e2-81f8-f7237f0eb223 received client-request: Request { kind: ReserveTicket, customer: 4a915986-a496-4644-b896-9c40cfb89035, server: None, raw: .. }
Reserved ticket 3443 for customer 4a915986-a496-4644-b896-9c40cfb89035
Server 799bb1b2-bd8f-49e2-81f8-f7237f0eb223 received client-request: Request { kind: ReserveTicket, customer: 07174a11-6d5a-47f5-9dc2-551fb25cce77, server: None, raw: .. }
Reserved ticket 3442 for customer 07174a11-6d5a-47f5-9dc2-551fb25cce77
Server 799bb1b2-bd8f-49e2-81f8-f7237f0eb223 received client-request: Request { kind: ReserveTicket, customer: d78e06f3-fd9d-44db-bb13-5fa7956a387b, server: None, raw: .. }
Reserved ticket 3441 for customer d78e06f3-fd9d-44db-bb13-5fa7956a387b
Server 799bb1b2-bd8f-49e2-81f8-f7237f0eb223 received client-request: Request { kind: ReserveTicket, customer: 719d15c4-8f20-44bc-9937-de6befd3e2a8, server: None, raw: .. }
Reserved ticket 3440 for customer 719d15c4-8f20-44bc-9937-de6befd3e2a8
Server 799bb1b2-bd8f-49e2-81f8-f7237f0eb223 received client-request: Request { kind: ReserveTicket, customer: 543b59ee-50c8-46df-ae82-1c2a1e0a7d15, server: None, raw: .. }
Reserved ticket 3439 for customer 543b59ee-50c8-46df-ae82-1c2a1e0a7d15
Server 799bb1b2-bd8f-49e2-81f8-f7237f0eb223 received client-request: Request { kind: ReserveTicket, customer: ceabd62f-f47c-4611-945f-7fa3e1846cb5, server: None, raw: .. }
Reserved ticket 3438 for customer ceabd62f-f47c-4611-945f-7fa3e1846cb5
Server 799bb1b2-bd8f-49e2-81f8-f7237f0eb223 received client-request: Request { kind: ReserveTicket, customer: 35775dd7-fc3a-4065-aff3-432c22a835be, server: None, raw: .. }
Reserved ticket 3437 for customer 35775dd7-fc3a-4065-aff3-432c22a835be
Server 799bb1b2-bd8f-49e2-81f8-f7237f0eb223 received client-request: Request { kind: ReserveTicket, customer: e9092de8-72db-4cdd-b42a-73ae2e189728, server: None, raw: .. }
Reserved ticket 3436 for customer e9092de8-72db-4cdd-b42a-73ae2e189728
Server 799bb1b2-bd8f-49e2-81f8-f7237f0eb223 received client-request: Request { kind: ReserveTicket, customer: 42044de4-9207-4608-9329-59136f2e2d4d, server: None, raw: .. }
Reserved ticket 3435 for customer 42044de4-9207-4608-9329-59136f2e2d4d
Server 799bb1b2-bd8f-49e2-81f8-f7237f0eb223 received client-request: Request { kind: ReserveTicket, customer: 95894fe8-946b-4732-910f-947f3e137117, server: None, raw: .. }
Reserved ticket 3434 for customer 95894fe8-946b-4732-910f-947f3e137117
Server 799bb1b2-bd8f-49e2-81f8-f7237f0eb223 received client-request: Request { kind: ReserveTicket, customer: 9932f936-db2a-4bd8-9388-c1cb564098e3, server: None, raw: .. }
Reserved ticket 3433 for customer 9932f936-db2a-4bd8-9388-c1cb564098e3
Server 799bb1b2-bd8f-49e2-81f8-f7237f0eb223 received client-request: Request { kind: ReserveTicket, customer: 164e38aa-42b5-4292-a0d5-651d0408eb0e, server: None, raw: .. }
Reserved ticket 3432 for customer 164e38aa-42b5-4292-a0d5-651d0408eb0e
Server 799bb1b2-bd8f-49e2-81f8-f7237f0eb223 received client-request: Request { kind: ReserveTicket, customer: da6a44da-3578-4846-8fe0-34cb3d695f0f, server: None, raw: .. }
Reserved ticket 3431 for customer da6a44da-3578-4846-8fe0-34cb3d695f0f
Server 799bb1b2-bd8f-49e2-81f8-f7237f0eb223 received client-request: Request { kind: ReserveTicket, customer: ae15b17d-87ad-42e8-886d-89aee5af3f7e, server: None, raw: .. }
Reserved ticket 3430 for customer ae15b17d-87ad-42e8-886d-89aee5af3f7e
Server 65a51e17-fff5-4036-8b94-6db5de4d28d8 received client-request: Request { kind: ReserveTicket, customer: c7636e41-35a1-42c9-a29b-e788d2fca73c, server: None, raw: .. }
Reserved ticket 3429 for customer c7636e41-35a1-42c9-a29b-e788d2fca73c
Server 799bb1b2-bd8f-49e2-81f8-f7237f0eb223 received client-request: Request { kind: ReserveTicket, customer: 7852c37f-3e46-4df0-b3c8-06eb68d5f24f, server: None, raw: .. }
Reserved ticket 3428 for customer 7852c37f-3e46-4df0-b3c8-06eb68d5f24f
Server 799bb1b2-bd8f-49e2-81f8-f7237f0eb223 received client-request: Request { kind: ReserveTicket, customer: 8643c0f9-74db-4ebc-bb75-53978f8f3efb, server: None, raw: .. }
Reserved ticket 3427 for customer 8643c0f9-74db-4ebc-bb75-53978f8f3efb
Server 799bb1b2-bd8f-49e2-81f8-f7237f0eb223 received client-request: Request { kind: ReserveTicket, customer: cfa764d0-058f-4035-8ecd-f2c7934aa01a, server: None, raw: .. }
Reserved ticket 3426 for customer cfa764d0-058f-4035-8ecd-f2c7934aa01a
Server 799bb1b2-bd8f-49e2-81f8-f7237f0eb223 received client-request: Request { kind: ReserveTicket, customer: c9b84f54-f8c8-4abc-adc4-5515e0b81835, server: None, raw: .. }
Reserved ticket 3425 for customer c9b84f54-f8c8-4abc-adc4-5515e0b81835
Server 799bb1b2-bd8f-49e2-81f8-f7237f0eb223 received client-request: Request { kind: ReserveTicket, customer: a8fd01ab-599b-481d-870c-4f3d039789bd, server: None, raw: .. }
Reserved ticket 3424 for customer a8fd01ab-599b-481d-870c-4f3d039789bd
Server 799bb1b2-bd8f-49e2-81f8-f7237f0eb223 received client-request: Request { kind: ReserveTicket, customer: 43d366a3-eb68-4047-a6db-dfff05308c90, server: None, raw: .. }
Reserved ticket 3423 for customer 43d366a3-eb68-4047-a6db-dfff05308c90
Server 799bb1b2-bd8f-49e2-81f8-f7237f0eb223 received client-request: Request { kind: ReserveTicket, customer: 2cc0e990-edb4-4359-bd65-4efbfa8c007a, server: None, raw: .. }
Reserved ticket 3422 for customer 2cc0e990-edb4-4359-bd65-4efbfa8c007a
Server 799bb1b2-bd8f-49e2-81f8-f7237f0eb223 received client-request: Request { kind: ReserveTicket, customer: 19df7783-c166-4b60-8507-b7c4b9c208fe, server: None, raw: .. }
Reserved ticket 3421 for customer 19df7783-c166-4b60-8507-b7c4b9c208fe
Server 799bb1b2-bd8f-49e2-81f8-f7237f0eb223 received client-request: Request { kind: ReserveTicket, customer: 7576d182-9fec-44d8-916e-5788d1c7ec21, server: None, raw: .. }
Reserved ticket 3420 for customer 7576d182-9fec-44d8-916e-5788d1c7ec21
Server 799bb1b2-bd8f-49e2-81f8-f7237f0eb223 received client-request: Request { kind: ReserveTicket, customer: 0114104f-b15e-411b-9a34-ba36085bab5e, server: None, raw: .. }
Reserved ticket 3419 for customer 0114104f-b15e-411b-9a34-ba36085bab5e
Server 799bb1b2-bd8f-49e2-81f8-f7237f0eb223 received client-request: Request { kind: ReserveTicket, customer: b202a116-6074-492f-81c4-108921677af9, server: None, raw: .. }
Reserved ticket 3418 for customer b202a116-6074-492f-81c4-108921677af9
Server 799bb1b2-bd8f-49e2-81f8-f7237f0eb223 received client-request: Request { kind: ReserveTicket, customer: 4b619411-6332-4f2e-a8d9-7ae2aebdadd9, server: None, raw: .. }
Reserved ticket 3417 for customer 4b619411-6332-4f2e-a8d9-7ae2aebdadd9
Server 799bb1b2-bd8f-49e2-81f8-f7237f0eb223 received client-request: Request { kind: ReserveTicket, customer: 7fdfa9b8-85ff-4e9a-b65c-39df26d9cbe0, server: None, raw: .. }
Reserved ticket 3416 for customer 7fdfa9b8-85ff-4e9a-b65c-39df26d9cbe0
Server 799bb1b2-bd8f-49e2-81f8-f7237f0eb223 received client-request: Request { kind: ReserveTicket, customer: 7cdbc24b-f98c-46cc-bc55-a4a76dc11356, server: None, raw: .. }
Reserved ticket 3415 for customer 7cdbc24b-f98c-46cc-bc55-a4a76dc11356
Server 799bb1b2-bd8f-49e2-81f8-f7237f0eb223 received client-request: Request { kind: ReserveTicket, customer: 274ff611-129c-4226-8889-84929a41d46e, server: None, raw: .. }
Reserved ticket 3414 for customer 274ff611-129c-4226-8889-84929a41d46e
Server 799bb1b2-bd8f-49e2-81f8-f7237f0eb223 received client-request: Request { kind: ReserveTicket, customer: 4da0b8b1-226c-484f-801e-7092e2113e51, server: None, raw: .. }
Reserved ticket 3413 for customer 4da0b8b1-226c-484f-801e-7092e2113e51
Server 799bb1b2-bd8f-49e2-81f8-f7237f0eb223 received client-request: Request { kind: ReserveTicket, customer: f427386e-703f-4991-b9b8-0c443caa87ef, server: None, raw: .. }
Reserved ticket 3412 for customer f427386e-703f-4991-b9b8-0c443caa87ef
Server 799bb1b2-bd8f-49e2-81f8-f7237f0eb223 received client-request: Request { kind: ReserveTicket, customer: 48f7ee2d-0069-45f0-95e7-19c7bcabb714, server: None, raw: .. }
Reserved ticket 3411 for customer 48f7ee2d-0069-45f0-95e7-19c7bcabb714
Server 799bb1b2-bd8f-49e2-81f8-f7237f0eb223 received client-request: Request { kind: ReserveTicket, customer: 79a57449-4c24-494e-9892-51ff66946839, server: None, raw: .. }
Reserved ticket 3410 for customer 79a57449-4c24-494e-9892-51ff66946839
Server 65a51e17-fff5-4036-8b94-6db5de4d28d8 received client-request: Request { kind: ReserveTicket, customer: f660a097-568e-446b-b225-5286ede1580a, server: None, raw: .. }
Reserved ticket 3409 for customer f660a097-568e-446b-b225-5286ede1580a
Server 799bb1b2-bd8f-49e2-81f8-f7237f0eb223 received client-request: Request { kind: ReserveTicket, customer: 8597b28a-66bb-4ce0-8836-ac03cb2d0677, server: None, raw: .. }
Reserved ticket 3408 for customer 8597b28a-66bb-4ce0-8836-ac03cb2d0677
Server 799bb1b2-bd8f-49e2-81f8-f7237f0eb223 received client-request: Request { kind: ReserveTicket, customer: c67a7ef2-5363-4bcb-86b6-c6ac5d722c0b, server: None, raw: .. }
Reserved ticket 3407 for customer c67a7ef2-5363-4bcb-86b6-c6ac5d722c0b
Server 799bb1b2-bd8f-49e2-81f8-f7237f0eb223 received client-request: Request { kind: ReserveTicket, customer: a00f9db9-7f84-4607-b8e0-d1c4113e08f2, server: None, raw: .. }
Reserved ticket 3406 for customer a00f9db9-7f84-4607-b8e0-d1c4113e08f2
Server 799bb1b2-bd8f-49e2-81f8-f7237f0eb223 received client-request: Request { kind: ReserveTicket, customer: 737f0642-c1ae-412f-a6d2-7ebce7ab1614, server: None, raw: .. }
Reserved ticket 3405 for customer 737f0642-c1ae-412f-a6d2-7ebce7ab1614
Server 799bb1b2-bd8f-49e2-81f8-f7237f0eb223 received client-request: Request { kind: ReserveTicket, customer: 263c4df0-a408-49a7-afe1-b170e912f4c6, server: None, raw: .. }
Reserved ticket 3404 for customer 263c4df0-a408-49a7-afe1-b170e912f4c6
Server 799bb1b2-bd8f-49e2-81f8-f7237f0eb223 received client-request: Request { kind: ReserveTicket, customer: 82eb13de-d9f4-4cc7-8c8a-d56bc0406b9a, server: None, raw: .. }
Reserved ticket 3403 for customer 82eb13de-d9f4-4cc7-8c8a-d56bc0406b9a
Server 799bb1b2-bd8f-49e2-81f8-f7237f0eb223 received client-request: Request { kind: ReserveTicket, customer: c897bf54-2b0b-412f-b485-cea95f23107f, server: None, raw: .. }
Reserved ticket 3402 for customer c897bf54-2b0b-412f-b485-cea95f23107f
Server 799bb1b2-bd8f-49e2-81f8-f7237f0eb223 received client-request: Request { kind: ReserveTicket, customer: 66c95dec-66c4-44a2-b982-2c6fcd5c2b05, server: None, raw: .. }
Reserved ticket 3401 for customer 66c95dec-66c4-44a2-b982-2c6fcd5c2b05
Server 799bb1b2-bd8f-49e2-81f8-f7237f0eb223 received client-request: Request { kind: ReserveTicket, customer: 002e1f05-ad5a-436b-ad3b-a132336bd639, server: None, raw: .. }
Reserved ticket 3400 for customer 002e1f05-ad5a-436b-ad3b-a132336bd639
Server 799bb1b2-bd8f-49e2-81f8-f7237f0eb223 received client-request: Request { kind: ReserveTicket, customer: db8168ce-881c-41c0-b7d5-f85e52745b70, server: None, raw: .. }
Reserved ticket 3399 for customer db8168ce-881c-41c0-b7d5-f85e52745b70
Server 799bb1b2-bd8f-49e2-81f8-f7237f0eb223 received client-request: Request { kind: ReserveTicket, customer: 33d58daf-a23a-495b-a924-1554aea0c046, server: None, raw: .. }
Reserved ticket 3398 for customer 33d58daf-a23a-495b-a924-1554aea0c046
Server 799bb1b2-bd8f-49e2-81f8-f7237f0eb223 received client-request: Request { kind: ReserveTicket, customer: 7ca35b96-7e58-4bee-b270-a91f4dbd93c2, server: None, raw: .. }
Reserved ticket 3397 for customer 7ca35b96-7e58-4bee-b270-a91f4dbd93c2
Server 799bb1b2-bd8f-49e2-81f8-f7237f0eb223 received client-request: Request { kind: ReserveTicket, customer: c35c1155-5318-43b2-baeb-42d4115c0437, server: None, raw: .. }
Reserved ticket 3396 for customer c35c1155-5318-43b2-baeb-42d4115c0437
Server 799bb1b2-bd8f-49e2-81f8-f7237f0eb223 received client-request: Request { kind: ReserveTicket, customer: c5858f54-c9e7-4e3a-a20a-fa63d4186580, server: None, raw: .. }
Reserved ticket 3395 for customer c5858f54-c9e7-4e3a-a20a-fa63d4186580
Server 799bb1b2-bd8f-49e2-81f8-f7237f0eb223 received client-request: Request { kind: ReserveTicket, customer: 1fa9b207-5f54-450f-997f-ef89a58d10a8, server: None, raw: .. }
Reserved ticket 3394 for customer 1fa9b207-5f54-450f-997f-ef89a58d10a8
Server 799bb1b2-bd8f-49e2-81f8-f7237f0eb223 received client-request: Request { kind: ReserveTicket, customer: fd3b1199-8296-474e-96e9-5fa4040ab83a, server: None, raw: .. }
Reserved ticket 3393 for customer fd3b1199-8296-474e-96e9-5fa4040ab83a
Server 799bb1b2-bd8f-49e2-81f8-f7237f0eb223 received client-request: Request { kind: ReserveTicket, customer: ed3fee62-9bc3-4ba7-a71d-848f31ba4997, server: None, raw: .. }
Reserved ticket 3392 for customer ed3fee62-9bc3-4ba7-a71d-848f31ba4997
Server 799bb1b2-bd8f-49e2-81f8-f7237f0eb223 received client-request: Request { kind: ReserveTicket, customer: 797d87f5-2714-4b5f-a7fb-4d557ad54746, server: None, raw: .. }
Reserved ticket 3391 for customer 797d87f5-2714-4b5f-a7fb-4d557ad54746
Server 799bb1b2-bd8f-49e2-81f8-f7237f0eb223 received client-request: Request { kind: ReserveTicket, customer: e1f6d18c-f720-47e1-a920-12015fdd9d3c, server: None, raw: .. }
Reserved ticket 3390 for customer e1f6d18c-f720-47e1-a920-12015fdd9d3c
Server 65a51e17-fff5-4036-8b94-6db5de4d28d8 received client-request: Request { kind: ReserveTicket, customer: 0bf01393-173f-447d-bea3-1f4da56d0af4, server: None, raw: .. }
Reserved ticket 3389 for customer 0bf01393-173f-447d-bea3-1f4da56d0af4
Server 799bb1b2-bd8f-49e2-81f8-f7237f0eb223 received client-request: Request { kind: ReserveTicket, customer: 764d5402-3128-4629-92f4-3b193408709f, server: None, raw: .. }
Reserved ticket 3388 for customer 764d5402-3128-4629-92f4-3b193408709f
Server 799bb1b2-bd8f-49e2-81f8-f7237f0eb223 received client-request: Request { kind: ReserveTicket, customer: 13c78d64-bcf5-4bde-b626-964dc286fc37, server: None, raw: .. }
Reserved ticket 3387 for customer 13c78d64-bcf5-4bde-b626-964dc286fc37
Server 799bb1b2-bd8f-49e2-81f8-f7237f0eb223 received client-request: Request { kind: ReserveTicket, customer: ef390181-7f74-4ae5-bd89-50aefe7a8291, server: None, raw: .. }
Reserved ticket 3386 for customer ef390181-7f74-4ae5-bd89-50aefe7a8291
Server 799bb1b2-bd8f-49e2-81f8-f7237f0eb223 received client-request: Request { kind: ReserveTicket, customer: 65546efd-b73e-4a17-9f46-b0df6f1cedfe, server: None, raw: .. }
Reserved ticket 3385 for customer 65546efd-b73e-4a17-9f46-b0df6f1cedfe
Server 799bb1b2-bd8f-49e2-81f8-f7237f0eb223 received client-request: Request { kind: ReserveTicket, customer: 07672d6a-aa93-465d-b8a5-720576224439, server: None, raw: .. }
Reserved ticket 3384 for customer 07672d6a-aa93-465d-b8a5-720576224439
Server 799bb1b2-bd8f-49e2-81f8-f7237f0eb223 received client-request: Request { kind: ReserveTicket, customer: f00b96b8-4be1-4041-a77a-c5d6e74dad1a, server: None, raw: .. }
Reserved ticket 3383 for customer f00b96b8-4be1-4041-a77a-c5d6e74dad1a
Server 799bb1b2-bd8f-49e2-81f8-f7237f0eb223 received client-request: Request { kind: ReserveTicket, customer: 3be2eb21-75e5-4974-99f0-32ee75ee363d, server: None, raw: .. }
Reserved ticket 3382 for customer 3be2eb21-75e5-4974-99f0-32ee75ee363d
Server 799bb1b2-bd8f-49e2-81f8-f7237f0eb223 received client-request: Request { kind: ReserveTicket, customer: 8267025c-fe68-45fe-ab09-96e724241712, server: None, raw: .. }
Reserved ticket 3381 for customer 8267025c-fe68-45fe-ab09-96e724241712
Server 799bb1b2-bd8f-49e2-81f8-f7237f0eb223 received client-request: Request { kind: ReserveTicket, customer: d3e16b4f-ab34-4572-9de5-b7c43263f444, server: None, raw: .. }
Reserved ticket 3380 for customer d3e16b4f-ab34-4572-9de5-b7c43263f444
Server 799bb1b2-bd8f-49e2-81f8-f7237f0eb223 received client-request: Request { kind: ReserveTicket, customer: 57730cba-2e1e-4c70-a142-f91fca2accd5, server: None, raw: .. }
Reserved ticket 3379 for customer 57730cba-2e1e-4c70-a142-f91fca2accd5
Server 799bb1b2-bd8f-49e2-81f8-f7237f0eb223 received client-request: Request { kind: ReserveTicket, customer: ee332733-35a2-4336-b780-f7dba76c7c40, server: None, raw: .. }
Reserved ticket 3378 for customer ee332733-35a2-4336-b780-f7dba76c7c40
Server 799bb1b2-bd8f-49e2-81f8-f7237f0eb223 received client-request: Request { kind: ReserveTicket, customer: ae593a35-50ff-4b06-8527-90d4e5fa397c, server: None, raw: .. }
Reserved ticket 3377 for customer ae593a35-50ff-4b06-8527-90d4e5fa397c
Server 799bb1b2-bd8f-49e2-81f8-f7237f0eb223 received client-request: Request { kind: ReserveTicket, customer: a1e6e4c4-18df-42e9-a0db-11008bff4484, server: None, raw: .. }
Reserved ticket 3376 for customer a1e6e4c4-18df-42e9-a0db-11008bff4484
Server 799bb1b2-bd8f-49e2-81f8-f7237f0eb223 received client-request: Request { kind: ReserveTicket, customer: 16319622-381c-4764-94f2-d7aeeae3adba, server: None, raw: .. }
Reserved ticket 3375 for customer 16319622-381c-4764-94f2-d7aeeae3adba
Server 799bb1b2-bd8f-49e2-81f8-f7237f0eb223 received client-request: Request { kind: ReserveTicket, customer: 4254f6ac-4eb8-4c36-a55f-dd0751a58ba9, server: None, raw: .. }
Reserved ticket 3374 for customer 4254f6ac-4eb8-4c36-a55f-dd0751a58ba9
Server 799bb1b2-bd8f-49e2-81f8-f7237f0eb223 received client-request: Request { kind: ReserveTicket, customer: 5ad8c6f9-79c0-457f-bb46-bd29bd3aeb73, server: None, raw: .. }
Reserved ticket 3373 for customer 5ad8c6f9-79c0-457f-bb46-bd29bd3aeb73
Server 799bb1b2-bd8f-49e2-81f8-f7237f0eb223 received client-request: Request { kind: ReserveTicket, customer: b79ef783-439c-46a1-b91b-8a3c13f3570f, server: None, raw: .. }
Reserved ticket 3372 for customer b79ef783-439c-46a1-b91b-8a3c13f3570f
Server 799bb1b2-bd8f-49e2-81f8-f7237f0eb223 received client-request: Request { kind: ReserveTicket, customer: cd2b09d1-dd2f-42da-a03d-9eaea2708cd8, server: None, raw: .. }
Reserved ticket 3371 for customer cd2b09d1-dd2f-42da-a03d-9eaea2708cd8
Server 799bb1b2-bd8f-49e2-81f8-f7237f0eb223 received client-request: Request { kind: ReserveTicket, customer: cb914f13-c762-476c-a770-1048459b4bb5, server: None, raw: .. }
Reserved ticket 3370 for customer cb914f13-c762-476c-a770-1048459b4bb5
Server 65a51e17-fff5-4036-8b94-6db5de4d28d8 received client-request: Request { kind: ReserveTicket, customer: 9e3be4af-9a51-49c5-8243-00f301bff25f, server: None, raw: .. }
Reserved ticket 3369 for customer 9e3be4af-9a51-49c5-8243-00f301bff25f
Server 799bb1b2-bd8f-49e2-81f8-f7237f0eb223 received client-request: Request { kind: ReserveTicket, customer: 2847f5f3-16ca-4333-8617-2b8ad60d676c, server: None, raw: .. }
Reserved ticket 3368 for customer 2847f5f3-16ca-4333-8617-2b8ad60d676c
Server 799bb1b2-bd8f-49e2-81f8-f7237f0eb223 received client-request: Request { kind: ReserveTicket, customer: a19a511e-ed18-4567-8aa1-3e55c8542b4a, server: None, raw: .. }
Reserved ticket 3367 for customer a19a511e-ed18-4567-8aa1-3e55c8542b4a
Server 799bb1b2-bd8f-49e2-81f8-f7237f0eb223 received client-request: Request { kind: ReserveTicket, customer: df49e6b1-361d-4b5d-bc7a-31c748d1c57e, server: None, raw: .. }
Reserved ticket 3366 for customer df49e6b1-361d-4b5d-bc7a-31c748d1c57e
Server 799bb1b2-bd8f-49e2-81f8-f7237f0eb223 received client-request: Request { kind: ReserveTicket, customer: d8fd6f60-c289-4128-a90f-8e5e688d59aa, server: None, raw: .. }
Reserved ticket 3365 for customer d8fd6f60-c289-4128-a90f-8e5e688d59aa
Server 799bb1b2-bd8f-49e2-81f8-f7237f0eb223 received client-request: Request { kind: ReserveTicket, customer: 91f9206a-12ff-441e-aaa0-0e82eabb5a6d, server: None, raw: .. }
Reserved ticket 3364 for customer 91f9206a-12ff-441e-aaa0-0e82eabb5a6d
Server 799bb1b2-bd8f-49e2-81f8-f7237f0eb223 received client-request: Request { kind: ReserveTicket, customer: c112472e-5b4f-4713-8d65-d2fd0ecdbbcf, server: None, raw: .. }
Reserved ticket 3363 for customer c112472e-5b4f-4713-8d65-d2fd0ecdbbcf
Server 799bb1b2-bd8f-49e2-81f8-f7237f0eb223 received client-request: Request { kind: ReserveTicket, customer: 56f46ac4-35d6-4b25-ae51-f3c7db8359be, server: None, raw: .. }
Reserved ticket 3362 for customer 56f46ac4-35d6-4b25-ae51-f3c7db8359be
Server 799bb1b2-bd8f-49e2-81f8-f7237f0eb223 received client-request: Request { kind: ReserveTicket, customer: 17c7fb6b-589b-498d-8cae-e5e5701aefa6, server: None, raw: .. }
Reserved ticket 3361 for customer 17c7fb6b-589b-498d-8cae-e5e5701aefa6
Server 799bb1b2-bd8f-49e2-81f8-f7237f0eb223 received client-request: Request { kind: ReserveTicket, customer: 722b249d-0457-4bad-ac82-a70e8b1bc0af, server: None, raw: .. }
Reserved ticket 3360 for customer 722b249d-0457-4bad-ac82-a70e8b1bc0af
Server 799bb1b2-bd8f-49e2-81f8-f7237f0eb223 received client-request: Request { kind: ReserveTicket, customer: 5ce15409-a959-4ccf-9905-cf2e51589166, server: None, raw: .. }
Reserved ticket 3359 for customer 5ce15409-a959-4ccf-9905-cf2e51589166
Server 799bb1b2-bd8f-49e2-81f8-f7237f0eb223 received client-request: Request { kind: ReserveTicket, customer: c56777f2-5665-4aa8-98fb-9638b3778b42, server: None, raw: .. }
Reserved ticket 3358 for customer c56777f2-5665-4aa8-98fb-9638b3778b42
Server 799bb1b2-bd8f-49e2-81f8-f7237f0eb223 received client-request: Request { kind: ReserveTicket, customer: fee780ef-84b8-4d05-9b57-deea763c67f9, server: None, raw: .. }
Reserved ticket 3357 for customer fee780ef-84b8-4d05-9b57-deea763c67f9
Server 799bb1b2-bd8f-49e2-81f8-f7237f0eb223 received client-request: Request { kind: ReserveTicket, customer: 871331ea-76c4-49dd-94ae-879067e63923, server: None, raw: .. }
Reserved ticket 3356 for customer 871331ea-76c4-49dd-94ae-879067e63923
Server 799bb1b2-bd8f-49e2-81f8-f7237f0eb223 received client-request: Request { kind: ReserveTicket, customer: 4a827c1a-41ed-41ba-a4fd-8bc5834ef4aa, server: None, raw: .. }
Reserved ticket 3355 for customer 4a827c1a-41ed-41ba-a4fd-8bc5834ef4aa
Server 799bb1b2-bd8f-49e2-81f8-f7237f0eb223 received client-request: Request { kind: ReserveTicket, customer: a89e9bb2-6127-4748-a38d-0dc86b47fe46, server: None, raw: .. }
Reserved ticket 3354 for customer a89e9bb2-6127-4748-a38d-0dc86b47fe46
Server 799bb1b2-bd8f-49e2-81f8-f7237f0eb223 received client-request: Request { kind: ReserveTicket, customer: 0a373ffc-c4c3-4cc3-8021-f14fecbb4517, server: None, raw: .. }
Reserved ticket 3353 for customer 0a373ffc-c4c3-4cc3-8021-f14fecbb4517
Server 799bb1b2-bd8f-49e2-81f8-f7237f0eb223 received client-request: Request { kind: ReserveTicket, customer: 8451a8ea-b99a-45d4-bd7a-7f359654e773, server: None, raw: .. }
Reserved ticket 3352 for customer 8451a8ea-b99a-45d4-bd7a-7f359654e773
Server 799bb1b2-bd8f-49e2-81f8-f7237f0eb223 received client-request: Request { kind: ReserveTicket, customer: 6ceb1705-63e2-4533-8047-c119c1134966, server: None, raw: .. }
Reserved ticket 3351 for customer 6ceb1705-63e2-4533-8047-c119c1134966
Server 799bb1b2-bd8f-49e2-81f8-f7237f0eb223 received client-request: Request { kind: ReserveTicket, customer: 892f8a51-5a80-4e8a-a471-1aa91b557c93, server: None, raw: .. }
Reserved ticket 3350 for customer 892f8a51-5a80-4e8a-a471-1aa91b557c93
Server 65a51e17-fff5-4036-8b94-6db5de4d28d8 received client-request: Request { kind: ReserveTicket, customer: 1efd0ccc-3a89-4360-b7e5-a08b90e6e4e3, server: None, raw: .. }
Reserved ticket 3349 for customer 1efd0ccc-3a89-4360-b7e5-a08b90e6e4e3
Server 799bb1b2-bd8f-49e2-81f8-f7237f0eb223 received client-request: Request { kind: ReserveTicket, customer: d9225048-785b-4fb2-a5df-de90e1fba259, server: None, raw: .. }
Reserved ticket 3348 for customer d9225048-785b-4fb2-a5df-de90e1fba259
Server 799bb1b2-bd8f-49e2-81f8-f7237f0eb223 received client-request: Request { kind: ReserveTicket, customer: 4bf75fec-d7d6-4532-8c97-94fc9432a471, server: None, raw: .. }
Reserved ticket 3347 for customer 4bf75fec-d7d6-4532-8c97-94fc9432a471
Server 799bb1b2-bd8f-49e2-81f8-f7237f0eb223 received client-request: Request { kind: ReserveTicket, customer: 0084a02b-8bb4-4d3b-93d3-f71f28749e8d, server: None, raw: .. }
Reserved ticket 3346 for customer 0084a02b-8bb4-4d3b-93d3-f71f28749e8d
Server 799bb1b2-bd8f-49e2-81f8-f7237f0eb223 received client-request: Request { kind: ReserveTicket, customer: 37765c71-8a53-4453-85d4-61fcc7af462a, server: None, raw: .. }
Reserved ticket 3345 for customer 37765c71-8a53-4453-85d4-61fcc7af462a
Server 799bb1b2-bd8f-49e2-81f8-f7237f0eb223 received client-request: Request { kind: ReserveTicket, customer: 5390447c-acc5-4d8e-b287-ad9491349a7b, server: None, raw: .. }
Reserved ticket 3344 for customer 5390447c-acc5-4d8e-b287-ad9491349a7b
Server 799bb1b2-bd8f-49e2-81f8-f7237f0eb223 received client-request: Request { kind: ReserveTicket, customer: 15f0fc27-c4bc-4f11-9cc5-4bd7022e8495, server: None, raw: .. }
Reserved ticket 3343 for customer 15f0fc27-c4bc-4f11-9cc5-4bd7022e8495
Server 799bb1b2-bd8f-49e2-81f8-f7237f0eb223 received client-request: Request { kind: ReserveTicket, customer: f0febba6-43a6-4431-9a5f-38efa73a6df0, server: None, raw: .. }
Reserved ticket 3342 for customer f0febba6-43a6-4431-9a5f-38efa73a6df0
Server 799bb1b2-bd8f-49e2-81f8-f7237f0eb223 received client-request: Request { kind: ReserveTicket, customer: 29cfc2c2-213e-444d-be2a-60eadf3595f3, server: None, raw: .. }
Reserved ticket 3341 for customer 29cfc2c2-213e-444d-be2a-60eadf3595f3
Server 799bb1b2-bd8f-49e2-81f8-f7237f0eb223 received client-request: Request { kind: ReserveTicket, customer: 3bd37b58-738d-4201-9bab-d88a3b3c0d8e, server: None, raw: .. }
Reserved ticket 3340 for customer 3bd37b58-738d-4201-9bab-d88a3b3c0d8e
Server 799bb1b2-bd8f-49e2-81f8-f7237f0eb223 received client-request: Request { kind: ReserveTicket, customer: 8325e0d8-16c0-4a63-96e1-e43fa5db5ecf, server: None, raw: .. }
Reserved ticket 3339 for customer 8325e0d8-16c0-4a63-96e1-e43fa5db5ecf
Server 799bb1b2-bd8f-49e2-81f8-f7237f0eb223 received client-request: Request { kind: ReserveTicket, customer: 295d287b-1a3c-4287-abb7-c2ed983039e8, server: None, raw: .. }
Reserved ticket 3338 for customer 295d287b-1a3c-4287-abb7-c2ed983039e8
Server 799bb1b2-bd8f-49e2-81f8-f7237f0eb223 received client-request: Request { kind: ReserveTicket, customer: 2b8383cf-46a2-4801-a53b-997fd925b0c8, server: None, raw: .. }
Reserved ticket 3337 for customer 2b8383cf-46a2-4801-a53b-997fd925b0c8
Server 799bb1b2-bd8f-49e2-81f8-f7237f0eb223 received client-request: Request { kind: ReserveTicket, customer: 04bb1088-cd70-4166-a8f9-318f17b9c223, server: None, raw: .. }
Reserved ticket 3336 for customer 04bb1088-cd70-4166-a8f9-318f17b9c223
Server 799bb1b2-bd8f-49e2-81f8-f7237f0eb223 received client-request: Request { kind: ReserveTicket, customer: ecc9e88f-ad5e-4b3a-9281-7c34b20ebedc, server: None, raw: .. }
Reserved ticket 3335 for customer ecc9e88f-ad5e-4b3a-9281-7c34b20ebedc
Server 799bb1b2-bd8f-49e2-81f8-f7237f0eb223 received client-request: Request { kind: ReserveTicket, customer: d01973d4-f61f-4c76-89ee-a3616a5c2882, server: None, raw: .. }
Reserved ticket 3334 for customer d01973d4-f61f-4c76-89ee-a3616a5c2882
Server 799bb1b2-bd8f-49e2-81f8-f7237f0eb223 received client-request: Request { kind: ReserveTicket, customer: aa7cade2-70be-4ee6-8c05-a67941e4bcac, server: None, raw: .. }
Reserved ticket 3333 for customer aa7cade2-70be-4ee6-8c05-a67941e4bcac
Server 799bb1b2-bd8f-49e2-81f8-f7237f0eb223 received client-request: Request { kind: ReserveTicket, customer: 371502ed-d2f5-4b0d-a52a-32ae2da76b6a, server: None, raw: .. }
Reserved ticket 3332 for customer 371502ed-d2f5-4b0d-a52a-32ae2da76b6a
Server 799bb1b2-bd8f-49e2-81f8-f7237f0eb223 received client-request: Request { kind: ReserveTicket, customer: d9474519-47b0-451d-9592-bd16244f1c44, server: None, raw: .. }
Reserved ticket 3331 for customer d9474519-47b0-451d-9592-bd16244f1c44
Server 799bb1b2-bd8f-49e2-81f8-f7237f0eb223 received client-request: Request { kind: ReserveTicket, customer: 8a923fbd-3e69-44c5-90b8-9086d35cae7a, server: None, raw: .. }
Reserved ticket 3330 for customer 8a923fbd-3e69-44c5-90b8-9086d35cae7a
Server 65a51e17-fff5-4036-8b94-6db5de4d28d8 received client-request: Request { kind: ReserveTicket, customer: 80861c44-9db1-44f7-92a3-72d5bbe816f2, server: None, raw: .. }
Reserved ticket 3329 for customer 80861c44-9db1-44f7-92a3-72d5bbe816f2
Server 799bb1b2-bd8f-49e2-81f8-f7237f0eb223 received client-request: Request { kind: ReserveTicket, customer: 6258cc45-4953-422b-b1f6-9d8516547a17, server: None, raw: .. }
Reserved ticket 3328 for customer 6258cc45-4953-422b-b1f6-9d8516547a17
Server 799bb1b2-bd8f-49e2-81f8-f7237f0eb223 received client-request: Request { kind: ReserveTicket, customer: 2fdfb9c9-887a-4851-9c69-19c98fe01dbb, server: None, raw: .. }
Reserved ticket 3327 for customer 2fdfb9c9-887a-4851-9c69-19c98fe01dbb
Server 799bb1b2-bd8f-49e2-81f8-f7237f0eb223 received client-request: Request { kind: ReserveTicket, customer: 4a44c670-8918-4c6f-b018-7c8fb5bb054a, server: None, raw: .. }
Reserved ticket 3326 for customer 4a44c670-8918-4c6f-b018-7c8fb5bb054a
Server 799bb1b2-bd8f-49e2-81f8-f7237f0eb223 received client-request: Request { kind: ReserveTicket, customer: 76ac7951-66cd-4e83-a3fd-37a7b98d249a, server: None, raw: .. }
Reserved ticket 3325 for customer 76ac7951-66cd-4e83-a3fd-37a7b98d249a
Server 799bb1b2-bd8f-49e2-81f8-f7237f0eb223 received client-request: Request { kind: ReserveTicket, customer: 8de7c1f1-2aa6-4532-869e-caa0ae282981, server: None, raw: .. }
Reserved ticket 3324 for customer 8de7c1f1-2aa6-4532-869e-caa0ae282981
Server 799bb1b2-bd8f-49e2-81f8-f7237f0eb223 received client-request: Request { kind: ReserveTicket, customer: e22514f9-04ff-4690-9292-faf9d3175739, server: None, raw: .. }
Reserved ticket 3323 for customer e22514f9-04ff-4690-9292-faf9d3175739
Server 799bb1b2-bd8f-49e2-81f8-f7237f0eb223 received client-request: Request { kind: ReserveTicket, customer: 59c47273-2286-461d-acd5-a490716f86e9, server: None, raw: .. }
Reserved ticket 3322 for customer 59c47273-2286-461d-acd5-a490716f86e9
Server 799bb1b2-bd8f-49e2-81f8-f7237f0eb223 received client-request: Request { kind: ReserveTicket, customer: e630e60d-6902-4f63-a749-07555ac82d55, server: None, raw: .. }
Reserved ticket 3321 for customer e630e60d-6902-4f63-a749-07555ac82d55
Server 799bb1b2-bd8f-49e2-81f8-f7237f0eb223 received client-request: Request { kind: ReserveTicket, customer: 8138e915-2588-4f51-989a-98c644d48e28, server: None, raw: .. }
Reserved ticket 3320 for customer 8138e915-2588-4f51-989a-98c644d48e28
Server 799bb1b2-bd8f-49e2-81f8-f7237f0eb223 received client-request: Request { kind: ReserveTicket, customer: d68c44a9-d26d-482c-82da-4abe1b223703, server: None, raw: .. }
Reserved ticket 3319 for customer d68c44a9-d26d-482c-82da-4abe1b223703
Server 799bb1b2-bd8f-49e2-81f8-f7237f0eb223 received client-request: Request { kind: ReserveTicket, customer: 72db7748-8e81-42fe-9251-8e542e97ecf0, server: None, raw: .. }
Reserved ticket 3318 for customer 72db7748-8e81-42fe-9251-8e542e97ecf0
Server 799bb1b2-bd8f-49e2-81f8-f7237f0eb223 received client-request: Request { kind: ReserveTicket, customer: 416314ae-02cf-4586-94be-a7a883a8c8e0, server: None, raw: .. }
Reserved ticket 3317 for customer 416314ae-02cf-4586-94be-a7a883a8c8e0
Server 799bb1b2-bd8f-49e2-81f8-f7237f0eb223 received client-request: Request { kind: ReserveTicket, customer: e42b1c1e-326a-4dc3-9589-9d715455147c, server: None, raw: .. }
Reserved ticket 3316 for customer e42b1c1e-326a-4dc3-9589-9d715455147c
Server 799bb1b2-bd8f-49e2-81f8-f7237f0eb223 received client-request: Request { kind: ReserveTicket, customer: 6181387c-4253-42aa-8999-000b42f2e7b4, server: None, raw: .. }
Reserved ticket 3315 for customer 6181387c-4253-42aa-8999-000b42f2e7b4
Server 799bb1b2-bd8f-49e2-81f8-f7237f0eb223 received client-request: Request { kind: ReserveTicket, customer: 76379605-ce07-4946-abac-5b9b2180ac07, server: None, raw: .. }
Reserved ticket 3314 for customer 76379605-ce07-4946-abac-5b9b2180ac07
Server 799bb1b2-bd8f-49e2-81f8-f7237f0eb223 received client-request: Request { kind: ReserveTicket, customer: efaae6b2-2b06-4b59-a805-b8087661a9bd, server: None, raw: .. }
Reserved ticket 3313 for customer efaae6b2-2b06-4b59-a805-b8087661a9bd
Server 799bb1b2-bd8f-49e2-81f8-f7237f0eb223 received client-request: Request { kind: ReserveTicket, customer: 6640e485-0717-4420-b2d7-47ce91ebf1b7, server: None, raw: .. }
Reserved ticket 3312 for customer 6640e485-0717-4420-b2d7-47ce91ebf1b7
Server 799bb1b2-bd8f-49e2-81f8-f7237f0eb223 received client-request: Request { kind: ReserveTicket, customer: c1080d9f-58fc-42cb-8d45-b9e3a8174b8c, server: None, raw: .. }
Reserved ticket 3311 for customer c1080d9f-58fc-42cb-8d45-b9e3a8174b8c
Server 799bb1b2-bd8f-49e2-81f8-f7237f0eb223 received client-request: Request { kind: ReserveTicket, customer: 53df4e11-b79d-4d9a-8b05-468937d2f623, server: None, raw: .. }
Reserved ticket 3310 for customer 53df4e11-b79d-4d9a-8b05-468937d2f623
Server 65a51e17-fff5-4036-8b94-6db5de4d28d8 received client-request: Request { kind: ReserveTicket, customer: 7ff36d9c-5964-4c67-8d71-f046596840d7, server: None, raw: .. }
Reserved ticket 3309 for customer 7ff36d9c-5964-4c67-8d71-f046596840d7
Server 799bb1b2-bd8f-49e2-81f8-f7237f0eb223 received client-request: Request { kind: ReserveTicket, customer: e7325d28-0626-4960-be98-b19d288d24d4, server: None, raw: .. }
Reserved ticket 3308 for customer e7325d28-0626-4960-be98-b19d288d24d4
Server 799bb1b2-bd8f-49e2-81f8-f7237f0eb223 received client-request: Request { kind: ReserveTicket, customer: e30e7cb3-1423-48cd-8f7a-45c8b8f2edd1, server: None, raw: .. }
Reserved ticket 3307 for customer e30e7cb3-1423-48cd-8f7a-45c8b8f2edd1
Server 799bb1b2-bd8f-49e2-81f8-f7237f0eb223 received client-request: Request { kind: ReserveTicket, customer: ca1db8b0-3319-4831-bc16-0c37bcb211e3, server: None, raw: .. }
Reserved ticket 3306 for customer ca1db8b0-3319-4831-bc16-0c37bcb211e3
Server 799bb1b2-bd8f-49e2-81f8-f7237f0eb223 received client-request: Request { kind: ReserveTicket, customer: ca5d7a34-63bc-42fb-a890-e7b91b911e09, server: None, raw: .. }
Reserved ticket 3305 for customer ca5d7a34-63bc-42fb-a890-e7b91b911e09
Server 799bb1b2-bd8f-49e2-81f8-f7237f0eb223 received client-request: Request { kind: ReserveTicket, customer: d0c70caa-8f51-44c4-8cb4-281ccc88d465, server: None, raw: .. }
Reserved ticket 3304 for customer d0c70caa-8f51-44c4-8cb4-281ccc88d465
Server 799bb1b2-bd8f-49e2-81f8-f7237f0eb223 received client-request: Request { kind: ReserveTicket, customer: e9c82c44-8f19-446e-b870-3bad7d9866e9, server: None, raw: .. }
Reserved ticket 3303 for customer e9c82c44-8f19-446e-b870-3bad7d9866e9
Server 799bb1b2-bd8f-49e2-81f8-f7237f0eb223 received client-request: Request { kind: ReserveTicket, customer: e411fa87-6693-44d1-837c-baf50a6160db, server: None, raw: .. }
Reserved ticket 3302 for customer e411fa87-6693-44d1-837c-baf50a6160db
Server 799bb1b2-bd8f-49e2-81f8-f7237f0eb223 received client-request: Request { kind: ReserveTicket, customer: 8da88fff-0b07-4a49-8f87-e91dd18efbca, server: None, raw: .. }
Reserved ticket 3301 for customer 8da88fff-0b07-4a49-8f87-e91dd18efbca
Server 799bb1b2-bd8f-49e2-81f8-f7237f0eb223 received client-request: Request { kind: ReserveTicket, customer: da450548-3942-4c0d-9d48-f783414176af, server: None, raw: .. }
Reserved ticket 3300 for customer da450548-3942-4c0d-9d48-f783414176af
Server 799bb1b2-bd8f-49e2-81f8-f7237f0eb223 received client-request: Request { kind: ReserveTicket, customer: 65d17aa5-3e44-4709-b849-c8978fab19ae, server: None, raw: .. }
Reserved ticket 3299 for customer 65d17aa5-3e44-4709-b849-c8978fab19ae
Server 799bb1b2-bd8f-49e2-81f8-f7237f0eb223 received client-request: Request { kind: ReserveTicket, customer: 5230edf8-4be8-488b-a4c9-06ce0363df53, server: None, raw: .. }
Reserved ticket 3298 for customer 5230edf8-4be8-488b-a4c9-06ce0363df53
Server 799bb1b2-bd8f-49e2-81f8-f7237f0eb223 received client-request: Request { kind: ReserveTicket, customer: 9d0612aa-02ae-4407-9e3f-7d8e32d2e589, server: None, raw: .. }
Reserved ticket 3297 for customer 9d0612aa-02ae-4407-9e3f-7d8e32d2e589
Server 799bb1b2-bd8f-49e2-81f8-f7237f0eb223 received client-request: Request { kind: ReserveTicket, customer: 03bdfdfa-84cb-4041-89d6-5f65df89725c, server: None, raw: .. }
Reserved ticket 3296 for customer 03bdfdfa-84cb-4041-89d6-5f65df89725c
Server 799bb1b2-bd8f-49e2-81f8-f7237f0eb223 received client-request: Request { kind: ReserveTicket, customer: 55c3ce60-4d2a-4c37-ad4a-9258e005ea16, server: None, raw: .. }
Reserved ticket 3295 for customer 55c3ce60-4d2a-4c37-ad4a-9258e005ea16
Server 799bb1b2-bd8f-49e2-81f8-f7237f0eb223 received client-request: Request { kind: ReserveTicket, customer: 57eab0bc-75f8-47e4-8147-0d412ca9545b, server: None, raw: .. }
Reserved ticket 3294 for customer 57eab0bc-75f8-47e4-8147-0d412ca9545b
Server 799bb1b2-bd8f-49e2-81f8-f7237f0eb223 received client-request: Request { kind: ReserveTicket, customer: 1f145393-5386-446f-9e1c-85b8c636e796, server: None, raw: .. }
Reserved ticket 3293 for customer 1f145393-5386-446f-9e1c-85b8c636e796
Server 799bb1b2-bd8f-49e2-81f8-f7237f0eb223 received client-request: Request { kind: ReserveTicket, customer: 1382036a-6997-4c53-bd9c-0d022e0c5ce4, server: None, raw: .. }
Reserved ticket 3292 for customer 1382036a-6997-4c53-bd9c-0d022e0c5ce4
Server 799bb1b2-bd8f-49e2-81f8-f7237f0eb223 received client-request: Request { kind: ReserveTicket, customer: f7ef1244-cd39-4785-be3f-cdfbdbdafb52, server: None, raw: .. }
Reserved ticket 3291 for customer f7ef1244-cd39-4785-be3f-cdfbdbdafb52
Server 799bb1b2-bd8f-49e2-81f8-f7237f0eb223 received client-request: Request { kind: ReserveTicket, customer: 17f8809d-24dc-4b75-ba3b-34bdf6ad7479, server: None, raw: .. }
Reserved ticket 3290 for customer 17f8809d-24dc-4b75-ba3b-34bdf6ad7479
Server 65a51e17-fff5-4036-8b94-6db5de4d28d8 received client-request: Request { kind: ReserveTicket, customer: a231aaf2-d3b9-4cc3-b4f0-142c127871cf, server: None, raw: .. }
Reserved ticket 3289 for customer a231aaf2-d3b9-4cc3-b4f0-142c127871cf
Server 799bb1b2-bd8f-49e2-81f8-f7237f0eb223 received client-request: Request { kind: ReserveTicket, customer: 08ea9689-70b3-4f4e-8f87-59d27f6673dc, server: None, raw: .. }
Reserved ticket 3288 for customer 08ea9689-70b3-4f4e-8f87-59d27f6673dc
Server 799bb1b2-bd8f-49e2-81f8-f7237f0eb223 received client-request: Request { kind: ReserveTicket, customer: f8557ec0-54c1-4683-8776-3813baf2e234, server: None, raw: .. }
Reserved ticket 3287 for customer f8557ec0-54c1-4683-8776-3813baf2e234
Server 799bb1b2-bd8f-49e2-81f8-f7237f0eb223 received client-request: Request { kind: ReserveTicket, customer: ae1bd782-3021-4f3e-a433-bfd0059bc722, server: None, raw: .. }
Reserved ticket 3286 for customer ae1bd782-3021-4f3e-a433-bfd0059bc722
Server 799bb1b2-bd8f-49e2-81f8-f7237f0eb223 received client-request: Request { kind: ReserveTicket, customer: 8d71cd7f-be79-4d42-a282-bb0f2e208c6b, server: None, raw: .. }
Reserved ticket 3285 for customer 8d71cd7f-be79-4d42-a282-bb0f2e208c6b
Server 799bb1b2-bd8f-49e2-81f8-f7237f0eb223 received client-request: Request { kind: ReserveTicket, customer: 2b1e9a0f-2bb3-47f7-95df-3b671dd51980, server: None, raw: .. }
Reserved ticket 3284 for customer 2b1e9a0f-2bb3-47f7-95df-3b671dd51980
Server 799bb1b2-bd8f-49e2-81f8-f7237f0eb223 received client-request: Request { kind: ReserveTicket, customer: 9c127f05-661f-4109-aabf-f7fc882903f1, server: None, raw: .. }
Reserved ticket 3283 for customer 9c127f05-661f-4109-aabf-f7fc882903f1
Server 799bb1b2-bd8f-49e2-81f8-f7237f0eb223 received client-request: Request { kind: ReserveTicket, customer: eb8ec56d-68d6-47e6-83b7-7baf2ce70be7, server: None, raw: .. }
Reserved ticket 3282 for customer eb8ec56d-68d6-47e6-83b7-7baf2ce70be7
Server 799bb1b2-bd8f-49e2-81f8-f7237f0eb223 received client-request: Request { kind: ReserveTicket, customer: 8cf40b84-08f7-4de1-8dcc-821ccdcf86e5, server: None, raw: .. }
Reserved ticket 3281 for customer 8cf40b84-08f7-4de1-8dcc-821ccdcf86e5
Server 799bb1b2-bd8f-49e2-81f8-f7237f0eb223 received client-request: Request { kind: ReserveTicket, customer: 2af7b94c-a343-415b-9ba3-3407fd657d68, server: None, raw: .. }
Reserved ticket 3280 for customer 2af7b94c-a343-415b-9ba3-3407fd657d68
Server 799bb1b2-bd8f-49e2-81f8-f7237f0eb223 received client-request: Request { kind: ReserveTicket, customer: ccfc853f-4b3d-439b-b14c-cc39f185f03d, server: None, raw: .. }
Reserved ticket 3279 for customer ccfc853f-4b3d-439b-b14c-cc39f185f03d
Server 799bb1b2-bd8f-49e2-81f8-f7237f0eb223 received client-request: Request { kind: ReserveTicket, customer: f3bccc95-a039-4320-8a78-ace0e3cb61d2, server: None, raw: .. }
Reserved ticket 3278 for customer f3bccc95-a039-4320-8a78-ace0e3cb61d2
Server 799bb1b2-bd8f-49e2-81f8-f7237f0eb223 received client-request: Request { kind: ReserveTicket, customer: 5f90bbf6-ee85-45bc-9874-a8d38018f411, server: None, raw: .. }
Reserved ticket 3277 for customer 5f90bbf6-ee85-45bc-9874-a8d38018f411
Server 799bb1b2-bd8f-49e2-81f8-f7237f0eb223 received client-request: Request { kind: ReserveTicket, customer: c7f3403b-97af-41b9-9346-6e39bee1ae93, server: None, raw: .. }
Reserved ticket 3276 for customer c7f3403b-97af-41b9-9346-6e39bee1ae93
Server 799bb1b2-bd8f-49e2-81f8-f7237f0eb223 received client-request: Request { kind: ReserveTicket, customer: c73273fa-b29b-407f-9244-8240ca654c7e, server: None, raw: .. }
Reserved ticket 3275 for customer c73273fa-b29b-407f-9244-8240ca654c7e
Server 799bb1b2-bd8f-49e2-81f8-f7237f0eb223 received client-request: Request { kind: ReserveTicket, customer: 2fac0839-5c79-45bf-b8a1-e9ec0b776f1f, server: None, raw: .. }
Reserved ticket 3274 for customer 2fac0839-5c79-45bf-b8a1-e9ec0b776f1f
Server 799bb1b2-bd8f-49e2-81f8-f7237f0eb223 received client-request: Request { kind: ReserveTicket, customer: 065a1338-e861-4d9f-9650-86fbd7fa8fc6, server: None, raw: .. }
Reserved ticket 3273 for customer 065a1338-e861-4d9f-9650-86fbd7fa8fc6
Server 799bb1b2-bd8f-49e2-81f8-f7237f0eb223 received client-request: Request { kind: ReserveTicket, customer: 85144457-ac64-46ad-a542-db97b6b98b9f, server: None, raw: .. }
Reserved ticket 3272 for customer 85144457-ac64-46ad-a542-db97b6b98b9f
Server 799bb1b2-bd8f-49e2-81f8-f7237f0eb223 received client-request: Request { kind: ReserveTicket, customer: f4538090-a503-4019-9d4c-397bc1e43dcd, server: None, raw: .. }
Reserved ticket 3271 for customer f4538090-a503-4019-9d4c-397bc1e43dcd
Server 799bb1b2-bd8f-49e2-81f8-f7237f0eb223 received client-request: Request { kind: ReserveTicket, customer: aa6ed6b7-d3e3-4298-986d-01f6515d2b71, server: None, raw: .. }
Reserved ticket 3270 for customer aa6ed6b7-d3e3-4298-986d-01f6515d2b71
Server 65a51e17-fff5-4036-8b94-6db5de4d28d8 received client-request: Request { kind: ReserveTicket, customer: 242dbee2-c64d-4d6d-9b23-39d42b7df5cc, server: None, raw: .. }
Reserved ticket 3269 for customer 242dbee2-c64d-4d6d-9b23-39d42b7df5cc
Server 799bb1b2-bd8f-49e2-81f8-f7237f0eb223 received client-request: Request { kind: ReserveTicket, customer: 6c9ed508-de80-4a8a-9c91-2ad929224a46, server: None, raw: .. }
Reserved ticket 3268 for customer 6c9ed508-de80-4a8a-9c91-2ad929224a46
Server 799bb1b2-bd8f-49e2-81f8-f7237f0eb223 received client-request: Request { kind: ReserveTicket, customer: 69ddcd67-8bc6-4e0f-ba6f-2f10b554a563, server: None, raw: .. }
Reserved ticket 3267 for customer 69ddcd67-8bc6-4e0f-ba6f-2f10b554a563
Server 799bb1b2-bd8f-49e2-81f8-f7237f0eb223 received client-request: Request { kind: ReserveTicket, customer: 81fcfe2b-4249-4744-ab39-dff596d1d023, server: None, raw: .. }
Reserved ticket 3266 for customer 81fcfe2b-4249-4744-ab39-dff596d1d023
Server 799bb1b2-bd8f-49e2-81f8-f7237f0eb223 received client-request: Request { kind: ReserveTicket, customer: e0b7d864-68f1-47f8-87b2-bd3f7a62e120, server: None, raw: .. }
Reserved ticket 3265 for customer e0b7d864-68f1-47f8-87b2-bd3f7a62e120
Server 799bb1b2-bd8f-49e2-81f8-f7237f0eb223 received client-request: Request { kind: ReserveTicket, customer: b28e2704-7e73-48bb-8840-af3916cd9b06, server: None, raw: .. }
Reserved ticket 3264 for customer b28e2704-7e73-48bb-8840-af3916cd9b06
Server 799bb1b2-bd8f-49e2-81f8-f7237f0eb223 received client-request: Request { kind: ReserveTicket, customer: 01312a0f-a3e7-4158-b6b4-780ef51a9342, server: None, raw: .. }
Reserved ticket 3263 for customer 01312a0f-a3e7-4158-b6b4-780ef51a9342
Server 799bb1b2-bd8f-49e2-81f8-f7237f0eb223 received client-request: Request { kind: ReserveTicket, customer: 6204867f-8a60-4f8c-8aae-bfe853c0a9f6, server: None, raw: .. }
Reserved ticket 3262 for customer 6204867f-8a60-4f8c-8aae-bfe853c0a9f6
Server 799bb1b2-bd8f-49e2-81f8-f7237f0eb223 received client-request: Request { kind: ReserveTicket, customer: 7a5a4050-7498-4d7a-926f-1ab788dadc67, server: None, raw: .. }
Reserved ticket 3261 for customer 7a5a4050-7498-4d7a-926f-1ab788dadc67
Server 799bb1b2-bd8f-49e2-81f8-f7237f0eb223 received client-request: Request { kind: ReserveTicket, customer: 3fa74f36-5788-4d81-b8f2-e199cf923ac4, server: None, raw: .. }
Reserved ticket 3260 for customer 3fa74f36-5788-4d81-b8f2-e199cf923ac4
Server 799bb1b2-bd8f-49e2-81f8-f7237f0eb223 received client-request: Request { kind: ReserveTicket, customer: e1ea1bf2-e19e-47c3-ba60-88ae621ec1c7, server: None, raw: .. }
Reserved ticket 3259 for customer e1ea1bf2-e19e-47c3-ba60-88ae621ec1c7
Server 799bb1b2-bd8f-49e2-81f8-f7237f0eb223 received client-request: Request { kind: ReserveTicket, customer: 2e19039a-bd12-447e-92fa-789bc9a5fa43, server: None, raw: .. }
Reserved ticket 3258 for customer 2e19039a-bd12-447e-92fa-789bc9a5fa43
Server 799bb1b2-bd8f-49e2-81f8-f7237f0eb223 received client-request: Request { kind: ReserveTicket, customer: c783d7ed-b16b-4812-9f1e-1933331d4d7a, server: None, raw: .. }
Reserved ticket 3257 for customer c783d7ed-b16b-4812-9f1e-1933331d4d7a
Server 799bb1b2-bd8f-49e2-81f8-f7237f0eb223 received client-request: Request { kind: ReserveTicket, customer: 9c69ec63-f148-4d82-a7a5-960d73b13c37, server: None, raw: .. }
Reserved ticket 3256 for customer 9c69ec63-f148-4d82-a7a5-960d73b13c37
Server 799bb1b2-bd8f-49e2-81f8-f7237f0eb223 received client-request: Request { kind: ReserveTicket, customer: 7a05a6de-0471-4ffe-a4ae-4fb06d64e620, server: None, raw: .. }
Reserved ticket 3255 for customer 7a05a6de-0471-4ffe-a4ae-4fb06d64e620
Server 799bb1b2-bd8f-49e2-81f8-f7237f0eb223 received client-request: Request { kind: ReserveTicket, customer: 8da18c0e-4226-4638-8825-1aab3c2d9b4f, server: None, raw: .. }
Reserved ticket 3254 for customer 8da18c0e-4226-4638-8825-1aab3c2d9b4f
Server 799bb1b2-bd8f-49e2-81f8-f7237f0eb223 received client-request: Request { kind: ReserveTicket, customer: 73fd9ff2-9f83-4fd5-a0e0-bb72281461c5, server: None, raw: .. }
Reserved ticket 3253 for customer 73fd9ff2-9f83-4fd5-a0e0-bb72281461c5
Server 799bb1b2-bd8f-49e2-81f8-f7237f0eb223 received client-request: Request { kind: ReserveTicket, customer: 912c7d09-30f8-4e48-a8b0-3fc45165e1e4, server: None, raw: .. }
Reserved ticket 3252 for customer 912c7d09-30f8-4e48-a8b0-3fc45165e1e4
Server 799bb1b2-bd8f-49e2-81f8-f7237f0eb223 received client-request: Request { kind: ReserveTicket, customer: b274c888-fd4c-42ac-a0b6-5697066ca42d, server: None, raw: .. }
Reserved ticket 3251 for customer b274c888-fd4c-42ac-a0b6-5697066ca42d
Server 799bb1b2-bd8f-49e2-81f8-f7237f0eb223 received client-request: Request { kind: ReserveTicket, customer: 4ccebfa7-61ea-4c00-a303-1441480dc056, server: None, raw: .. }
Reserved ticket 3250 for customer 4ccebfa7-61ea-4c00-a303-1441480dc056
Server 65a51e17-fff5-4036-8b94-6db5de4d28d8 received client-request: Request { kind: ReserveTicket, customer: 51a3a4d5-6761-4cd1-99bd-21debb107b83, server: None, raw: .. }
Reserved ticket 3249 for customer 51a3a4d5-6761-4cd1-99bd-21debb107b83
Server 799bb1b2-bd8f-49e2-81f8-f7237f0eb223 received client-request: Request { kind: ReserveTicket, customer: b8793e19-ccbe-4f8e-8c36-32fafc967d36, server: None, raw: .. }
Reserved ticket 3248 for customer b8793e19-ccbe-4f8e-8c36-32fafc967d36
Server 799bb1b2-bd8f-49e2-81f8-f7237f0eb223 received client-request: Request { kind: ReserveTicket, customer: cc73ab06-b5d2-4116-8723-96e317225df1, server: None, raw: .. }
Reserved ticket 3247 for customer cc73ab06-b5d2-4116-8723-96e317225df1
Server 799bb1b2-bd8f-49e2-81f8-f7237f0eb223 received client-request: Request { kind: ReserveTicket, customer: 2df584c0-0a33-4218-b113-1ff6d211e522, server: None, raw: .. }
Reserved ticket 3246 for customer 2df584c0-0a33-4218-b113-1ff6d211e522
Server 799bb1b2-bd8f-49e2-81f8-f7237f0eb223 received client-request: Request { kind: ReserveTicket, customer: e969a037-7383-47c4-882c-626dea12d36d, server: None, raw: .. }
Reserved ticket 3245 for customer e969a037-7383-47c4-882c-626dea12d36d
Server 799bb1b2-bd8f-49e2-81f8-f7237f0eb223 received client-request: Request { kind: ReserveTicket, customer: 209aba02-db43-435f-a9a7-9c6f8cce9003, server: None, raw: .. }
Reserved ticket 3244 for customer 209aba02-db43-435f-a9a7-9c6f8cce9003
Server 799bb1b2-bd8f-49e2-81f8-f7237f0eb223 received client-request: Request { kind: ReserveTicket, customer: d4aa976e-ba8a-4d9b-a891-fe6c42b2a010, server: None, raw: .. }
Reserved ticket 3243 for customer d4aa976e-ba8a-4d9b-a891-fe6c42b2a010
Server 799bb1b2-bd8f-49e2-81f8-f7237f0eb223 received client-request: Request { kind: ReserveTicket, customer: 9106f208-351a-42fe-a88b-70516534f0b0, server: None, raw: .. }
Reserved ticket 3242 for customer 9106f208-351a-42fe-a88b-70516534f0b0
Server 799bb1b2-bd8f-49e2-81f8-f7237f0eb223 received client-request: Request { kind: ReserveTicket, customer: 298c88b7-ba8d-4fd3-836b-4a61bf04badb, server: None, raw: .. }
Reserved ticket 3241 for customer 298c88b7-ba8d-4fd3-836b-4a61bf04badb
Server 799bb1b2-bd8f-49e2-81f8-f7237f0eb223 received client-request: Request { kind: ReserveTicket, customer: 871f8995-59f8-4301-b45a-795dcb833a19, server: None, raw: .. }
Reserved ticket 3240 for customer 871f8995-59f8-4301-b45a-795dcb833a19
Server 799bb1b2-bd8f-49e2-81f8-f7237f0eb223 received client-request: Request { kind: ReserveTicket, customer: 6c14170f-2e2c-4ef1-b9c5-2973081a9df5, server: None, raw: .. }
Reserved ticket 3239 for customer 6c14170f-2e2c-4ef1-b9c5-2973081a9df5
Server 799bb1b2-bd8f-49e2-81f8-f7237f0eb223 received client-request: Request { kind: ReserveTicket, customer: 95745661-4c9a-46a3-972b-3158b3dd3dc5, server: None, raw: .. }
Reserved ticket 3238 for customer 95745661-4c9a-46a3-972b-3158b3dd3dc5
Server 799bb1b2-bd8f-49e2-81f8-f7237f0eb223 received client-request: Request { kind: ReserveTicket, customer: 22bb8784-7756-44e2-843b-7a286d09258b, server: None, raw: .. }
Reserved ticket 3237 for customer 22bb8784-7756-44e2-843b-7a286d09258b
Server 799bb1b2-bd8f-49e2-81f8-f7237f0eb223 received client-request: Request { kind: ReserveTicket, customer: 17c1a336-def6-4b2d-a2ee-0ce060abfb64, server: None, raw: .. }
Reserved ticket 3236 for customer 17c1a336-def6-4b2d-a2ee-0ce060abfb64
Server 799bb1b2-bd8f-49e2-81f8-f7237f0eb223 received client-request: Request { kind: ReserveTicket, customer: 52e84620-ceb3-4848-a892-fc3ba5695808, server: None, raw: .. }
Reserved ticket 3235 for customer 52e84620-ceb3-4848-a892-fc3ba5695808
Server 799bb1b2-bd8f-49e2-81f8-f7237f0eb223 received client-request: Request { kind: ReserveTicket, customer: d1aa82a0-8fa3-459d-8e14-df42a541444d, server: None, raw: .. }
Reserved ticket 3234 for customer d1aa82a0-8fa3-459d-8e14-df42a541444d
Server 799bb1b2-bd8f-49e2-81f8-f7237f0eb223 received client-request: Request { kind: ReserveTicket, customer: 67124aa8-1486-42f6-b6f6-849239c44b1e, server: None, raw: .. }
Reserved ticket 3233 for customer 67124aa8-1486-42f6-b6f6-849239c44b1e
Server 799bb1b2-bd8f-49e2-81f8-f7237f0eb223 received client-request: Request { kind: ReserveTicket, customer: ac213bf5-f0c3-439a-acd8-ad062706f4ec, server: None, raw: .. }
Reserved ticket 3232 for customer ac213bf5-f0c3-439a-acd8-ad062706f4ec
Server 799bb1b2-bd8f-49e2-81f8-f7237f0eb223 received client-request: Request { kind: ReserveTicket, customer: 8f201286-56e5-41e2-b3c5-abb666ac2d39, server: None, raw: .. }
Reserved ticket 3231 for customer 8f201286-56e5-41e2-b3c5-abb666ac2d39
Server 799bb1b2-bd8f-49e2-81f8-f7237f0eb223 received client-request: Request { kind: ReserveTicket, customer: 1f9fdbb4-cb37-4947-a532-ac97afbc0c44, server: None, raw: .. }
Reserved ticket 3230 for customer 1f9fdbb4-cb37-4947-a532-ac97afbc0c44
Server 65a51e17-fff5-4036-8b94-6db5de4d28d8 received client-request: Request { kind: ReserveTicket, customer: 0368927c-ef14-4e97-8e02-1ce5fa66862d, server: None, raw: .. }
Reserved ticket 3229 for customer 0368927c-ef14-4e97-8e02-1ce5fa66862d
Server 799bb1b2-bd8f-49e2-81f8-f7237f0eb223 received client-request: Request { kind: ReserveTicket, customer: 4dcaf9ac-ad05-45c8-9d22-1b16c1fa28ae, server: None, raw: .. }
Reserved ticket 3228 for customer 4dcaf9ac-ad05-45c8-9d22-1b16c1fa28ae
Server 799bb1b2-bd8f-49e2-81f8-f7237f0eb223 received client-request: Request { kind: ReserveTicket, customer: 56aabc32-1334-4f33-8692-479b7414cc7e, server: None, raw: .. }
Reserved ticket 3227 for customer 56aabc32-1334-4f33-8692-479b7414cc7e
Server 799bb1b2-bd8f-49e2-81f8-f7237f0eb223 received client-request: Request { kind: ReserveTicket, customer: a081536d-ef64-4440-9a7c-8aec03b69dd8, server: None, raw: .. }
Reserved ticket 3226 for customer a081536d-ef64-4440-9a7c-8aec03b69dd8
Server 799bb1b2-bd8f-49e2-81f8-f7237f0eb223 received client-request: Request { kind: ReserveTicket, customer: 386052fe-fed1-4093-ac81-00b0e0390c00, server: None, raw: .. }
Reserved ticket 3225 for customer 386052fe-fed1-4093-ac81-00b0e0390c00
Server 799bb1b2-bd8f-49e2-81f8-f7237f0eb223 received client-request: Request { kind: ReserveTicket, customer: c7169e2b-1bc4-47e6-acdc-7d59ef22a7d9, server: None, raw: .. }
Reserved ticket 3224 for customer c7169e2b-1bc4-47e6-acdc-7d59ef22a7d9
Server 799bb1b2-bd8f-49e2-81f8-f7237f0eb223 received client-request: Request { kind: ReserveTicket, customer: 68d67fe7-7d59-41e1-8782-2ec3f6e92ec7, server: None, raw: .. }
Reserved ticket 3223 for customer 68d67fe7-7d59-41e1-8782-2ec3f6e92ec7
Server 799bb1b2-bd8f-49e2-81f8-f7237f0eb223 received client-request: Request { kind: ReserveTicket, customer: 8b199f71-1918-42c1-94ab-66092dd5e773, server: None, raw: .. }
Reserved ticket 3222 for customer 8b199f71-1918-42c1-94ab-66092dd5e773
Server 799bb1b2-bd8f-49e2-81f8-f7237f0eb223 received client-request: Request { kind: ReserveTicket, customer: ae4beb8f-0c2a-419e-83be-7d2d715e7c14, server: None, raw: .. }
Reserved ticket 3221 for customer ae4beb8f-0c2a-419e-83be-7d2d715e7c14
Server 799bb1b2-bd8f-49e2-81f8-f7237f0eb223 received client-request: Request { kind: ReserveTicket, customer: 8196a0e8-b015-4c68-a704-73b5237f7228, server: None, raw: .. }
Reserved ticket 3220 for customer 8196a0e8-b015-4c68-a704-73b5237f7228
Server 799bb1b2-bd8f-49e2-81f8-f7237f0eb223 received client-request: Request { kind: ReserveTicket, customer: a69b7343-acb6-43f6-babe-de6a6fb31dc8, server: None, raw: .. }
Reserved ticket 3219 for customer a69b7343-acb6-43f6-babe-de6a6fb31dc8
Server 799bb1b2-bd8f-49e2-81f8-f7237f0eb223 received client-request: Request { kind: ReserveTicket, customer: 53e007e0-fb9b-444f-9e0e-599ba590baef, server: None, raw: .. }
Reserved ticket 3218 for customer 53e007e0-fb9b-444f-9e0e-599ba590baef
Server 799bb1b2-bd8f-49e2-81f8-f7237f0eb223 received client-request: Request { kind: ReserveTicket, customer: ce90eba6-d070-4f1a-a554-82e039d8eb8e, server: None, raw: .. }
Reserved ticket 3217 for customer ce90eba6-d070-4f1a-a554-82e039d8eb8e
Server 799bb1b2-bd8f-49e2-81f8-f7237f0eb223 received client-request: Request { kind: ReserveTicket, customer: eda418cf-6cf0-4b6c-b7f2-3c0f1727deea, server: None, raw: .. }
Reserved ticket 3216 for customer eda418cf-6cf0-4b6c-b7f2-3c0f1727deea
Server 799bb1b2-bd8f-49e2-81f8-f7237f0eb223 received client-request: Request { kind: ReserveTicket, customer: d93a457f-537f-4584-862a-061bb99e000c, server: None, raw: .. }
Reserved ticket 3215 for customer d93a457f-537f-4584-862a-061bb99e000c
Server 799bb1b2-bd8f-49e2-81f8-f7237f0eb223 received client-request: Request { kind: ReserveTicket, customer: 7fecc209-a208-425c-bee7-64bf29672d9e, server: None, raw: .. }
Reserved ticket 3214 for customer 7fecc209-a208-425c-bee7-64bf29672d9e
Server 799bb1b2-bd8f-49e2-81f8-f7237f0eb223 received client-request: Request { kind: ReserveTicket, customer: de293cae-7e44-4f66-a4c2-540b2ad6ab0c, server: None, raw: .. }
Reserved ticket 3213 for customer de293cae-7e44-4f66-a4c2-540b2ad6ab0c
Server 799bb1b2-bd8f-49e2-81f8-f7237f0eb223 received client-request: Request { kind: ReserveTicket, customer: 1f3de837-0fca-44ff-a33e-9e086425dec0, server: None, raw: .. }
Reserved ticket 3212 for customer 1f3de837-0fca-44ff-a33e-9e086425dec0
Server 799bb1b2-bd8f-49e2-81f8-f7237f0eb223 received client-request: Request { kind: ReserveTicket, customer: 6e7a5375-68bd-467c-84dc-6a2718ba3587, server: None, raw: .. }
Reserved ticket 3211 for customer 6e7a5375-68bd-467c-84dc-6a2718ba3587
Server 799bb1b2-bd8f-49e2-81f8-f7237f0eb223 received client-request: Request { kind: ReserveTicket, customer: 4c4e6c80-7f71-40fc-8832-0b3a26fc2b98, server: None, raw: .. }
Reserved ticket 3210 for customer 4c4e6c80-7f71-40fc-8832-0b3a26fc2b98
Server 65a51e17-fff5-4036-8b94-6db5de4d28d8 received client-request: Request { kind: ReserveTicket, customer: 2ad45fcb-d6af-47e5-83e8-49eae29fa8db, server: None, raw: .. }
Reserved ticket 3209 for customer 2ad45fcb-d6af-47e5-83e8-49eae29fa8db
Server 799bb1b2-bd8f-49e2-81f8-f7237f0eb223 received client-request: Request { kind: ReserveTicket, customer: 9faf188d-224d-4021-a8a0-42c4177f2ee6, server: None, raw: .. }
Reserved ticket 3208 for customer 9faf188d-224d-4021-a8a0-42c4177f2ee6
Server 799bb1b2-bd8f-49e2-81f8-f7237f0eb223 received client-request: Request { kind: ReserveTicket, customer: 78d6a9e6-9f85-4bef-a02f-784853016418, server: None, raw: .. }
Reserved ticket 3207 for customer 78d6a9e6-9f85-4bef-a02f-784853016418
Server 799bb1b2-bd8f-49e2-81f8-f7237f0eb223 received client-request: Request { kind: ReserveTicket, customer: 28c69681-df36-4e89-95cc-44330b284260, server: None, raw: .. }
Reserved ticket 3206 for customer 28c69681-df36-4e89-95cc-44330b284260
Server 799bb1b2-bd8f-49e2-81f8-f7237f0eb223 received client-request: Request { kind: ReserveTicket, customer: f215b4ea-0f2a-4002-ad3e-019327ff10b4, server: None, raw: .. }
Reserved ticket 3205 for customer f215b4ea-0f2a-4002-ad3e-019327ff10b4
Server 799bb1b2-bd8f-49e2-81f8-f7237f0eb223 received client-request: Request { kind: ReserveTicket, customer: 8e01fb47-6cf4-4b9b-8a99-f71631f59c55, server: None, raw: .. }
Reserved ticket 3204 for customer 8e01fb47-6cf4-4b9b-8a99-f71631f59c55
Server 799bb1b2-bd8f-49e2-81f8-f7237f0eb223 received client-request: Request { kind: ReserveTicket, customer: 8ca684fe-6728-4e09-b37e-cde21790dcf2, server: None, raw: .. }
Reserved ticket 3203 for customer 8ca684fe-6728-4e09-b37e-cde21790dcf2
Server 799bb1b2-bd8f-49e2-81f8-f7237f0eb223 received client-request: Request { kind: ReserveTicket, customer: d808ed67-75cb-4589-91e5-1662edc7c90b, server: None, raw: .. }
Reserved ticket 3202 for customer d808ed67-75cb-4589-91e5-1662edc7c90b
Server 799bb1b2-bd8f-49e2-81f8-f7237f0eb223 received client-request: Request { kind: ReserveTicket, customer: 232f9194-c7b2-44e9-9451-168e66e3b227, server: None, raw: .. }
Reserved ticket 3201 for customer 232f9194-c7b2-44e9-9451-168e66e3b227
Server 799bb1b2-bd8f-49e2-81f8-f7237f0eb223 received client-request: Request { kind: ReserveTicket, customer: e5e6a61a-5fc8-4ddc-b83a-e24a2377099f, server: None, raw: .. }
Reserved ticket 3200 for customer e5e6a61a-5fc8-4ddc-b83a-e24a2377099f
Server 799bb1b2-bd8f-49e2-81f8-f7237f0eb223 received client-request: Request { kind: ReserveTicket, customer: 54840e51-d766-48ff-ba7f-e9942723c3ab, server: None, raw: .. }
Reserved ticket 3199 for customer 54840e51-d766-48ff-ba7f-e9942723c3ab
Server 799bb1b2-bd8f-49e2-81f8-f7237f0eb223 received client-request: Request { kind: ReserveTicket, customer: 5586207f-cb9c-4cbf-b8b6-d740588ab3df, server: None, raw: .. }
Reserved ticket 3198 for customer 5586207f-cb9c-4cbf-b8b6-d740588ab3df
Server 799bb1b2-bd8f-49e2-81f8-f7237f0eb223 received client-request: Request { kind: ReserveTicket, customer: a6b3a30b-63a2-4e4b-af53-a00e361e6981, server: None, raw: .. }
Reserved ticket 3197 for customer a6b3a30b-63a2-4e4b-af53-a00e361e6981
Server 799bb1b2-bd8f-49e2-81f8-f7237f0eb223 received client-request: Request { kind: ReserveTicket, customer: 68255b40-fe7b-4f56-89e3-1fde6e22f031, server: None, raw: .. }
Reserved ticket 3196 for customer 68255b40-fe7b-4f56-89e3-1fde6e22f031
Server 799bb1b2-bd8f-49e2-81f8-f7237f0eb223 received client-request: Request { kind: ReserveTicket, customer: 7f16529f-3fa8-4154-9d08-b53cc65b60f9, server: None, raw: .. }
Reserved ticket 3195 for customer 7f16529f-3fa8-4154-9d08-b53cc65b60f9
Server 799bb1b2-bd8f-49e2-81f8-f7237f0eb223 received client-request: Request { kind: ReserveTicket, customer: 0588d589-326f-4841-a8d1-dd07fb9e4cab, server: None, raw: .. }
Reserved ticket 3194 for customer 0588d589-326f-4841-a8d1-dd07fb9e4cab
Server 799bb1b2-bd8f-49e2-81f8-f7237f0eb223 received client-request: Request { kind: ReserveTicket, customer: 3c505529-e7f6-4bf0-b3d6-2311ffd585b1, server: None, raw: .. }
Reserved ticket 3193 for customer 3c505529-e7f6-4bf0-b3d6-2311ffd585b1
Server 799bb1b2-bd8f-49e2-81f8-f7237f0eb223 received client-request: Request { kind: ReserveTicket, customer: 5f8aa7cc-8d0a-4a7f-8a51-f52679bda4d4, server: None, raw: .. }
Reserved ticket 3192 for customer 5f8aa7cc-8d0a-4a7f-8a51-f52679bda4d4
Server 799bb1b2-bd8f-49e2-81f8-f7237f0eb223 received client-request: Request { kind: ReserveTicket, customer: af951597-632d-445a-9ecf-a5efc1ea38eb, server: None, raw: .. }
Reserved ticket 3191 for customer af951597-632d-445a-9ecf-a5efc1ea38eb
Server 799bb1b2-bd8f-49e2-81f8-f7237f0eb223 received client-request: Request { kind: ReserveTicket, customer: 9bafd8c0-ed5b-46f8-a0f0-3bdb884a18c4, server: None, raw: .. }
Reserved ticket 3190 for customer 9bafd8c0-ed5b-46f8-a0f0-3bdb884a18c4
Server 65a51e17-fff5-4036-8b94-6db5de4d28d8 received client-request: Request { kind: ReserveTicket, customer: b372a944-c1e7-4749-a9cf-ef434bcbf92a, server: None, raw: .. }
Reserved ticket 3189 for customer b372a944-c1e7-4749-a9cf-ef434bcbf92a
Server 799bb1b2-bd8f-49e2-81f8-f7237f0eb223 received client-request: Request { kind: ReserveTicket, customer: facd32d8-6cb0-48eb-a411-aebea1cd17c4, server: None, raw: .. }
Reserved ticket 3188 for customer facd32d8-6cb0-48eb-a411-aebea1cd17c4
Server 799bb1b2-bd8f-49e2-81f8-f7237f0eb223 received client-request: Request { kind: ReserveTicket, customer: dd81314f-2296-43a7-95a1-79dff115230c, server: None, raw: .. }
Reserved ticket 3187 for customer dd81314f-2296-43a7-95a1-79dff115230c
Server 799bb1b2-bd8f-49e2-81f8-f7237f0eb223 received client-request: Request { kind: ReserveTicket, customer: 110dba9b-2c6a-4b92-acfd-1f8dfc4ef910, server: None, raw: .. }
Reserved ticket 3186 for customer 110dba9b-2c6a-4b92-acfd-1f8dfc4ef910
Server 799bb1b2-bd8f-49e2-81f8-f7237f0eb223 received client-request: Request { kind: ReserveTicket, customer: 75ad0309-1fb2-4372-b305-5f52ee470a99, server: None, raw: .. }
Reserved ticket 3185 for customer 75ad0309-1fb2-4372-b305-5f52ee470a99
Server 799bb1b2-bd8f-49e2-81f8-f7237f0eb223 received client-request: Request { kind: ReserveTicket, customer: ac6e4a04-4331-44ad-a56a-46d296424b62, server: None, raw: .. }
Reserved ticket 3184 for customer ac6e4a04-4331-44ad-a56a-46d296424b62
Server 799bb1b2-bd8f-49e2-81f8-f7237f0eb223 received client-request: Request { kind: ReserveTicket, customer: ed94939b-6780-4bea-b522-1d64818ac7f6, server: None, raw: .. }
Reserved ticket 3183 for customer ed94939b-6780-4bea-b522-1d64818ac7f6
Server 799bb1b2-bd8f-49e2-81f8-f7237f0eb223 received client-request: Request { kind: ReserveTicket, customer: cdc110f2-9a57-466a-a582-47823754fc79, server: None, raw: .. }
Reserved ticket 3182 for customer cdc110f2-9a57-466a-a582-47823754fc79
Server 799bb1b2-bd8f-49e2-81f8-f7237f0eb223 received client-request: Request { kind: ReserveTicket, customer: 3a1ee7b5-d046-4062-8cdb-5ec648ea2f35, server: None, raw: .. }
Reserved ticket 3181 for customer 3a1ee7b5-d046-4062-8cdb-5ec648ea2f35
Server 799bb1b2-bd8f-49e2-81f8-f7237f0eb223 received client-request: Request { kind: ReserveTicket, customer: 46c14907-2a00-420d-9301-82ba8ec80580, server: None, raw: .. }
Reserved ticket 3180 for customer 46c14907-2a00-420d-9301-82ba8ec80580
Server 799bb1b2-bd8f-49e2-81f8-f7237f0eb223 received client-request: Request { kind: ReserveTicket, customer: af4b8cd1-6211-4c25-b514-236a2da371e7, server: None, raw: .. }
Reserved ticket 3179 for customer af4b8cd1-6211-4c25-b514-236a2da371e7
Server 799bb1b2-bd8f-49e2-81f8-f7237f0eb223 received client-request: Request { kind: ReserveTicket, customer: ab90cef2-272e-43c4-9cee-44ffed663484, server: None, raw: .. }
Reserved ticket 3178 for customer ab90cef2-272e-43c4-9cee-44ffed663484
Server 799bb1b2-bd8f-49e2-81f8-f7237f0eb223 received client-request: Request { kind: ReserveTicket, customer: b9ae2675-03cc-4106-86a3-0a74e65510cd, server: None, raw: .. }
Reserved ticket 3177 for customer b9ae2675-03cc-4106-86a3-0a74e65510cd
Server 799bb1b2-bd8f-49e2-81f8-f7237f0eb223 received client-request: Request { kind: ReserveTicket, customer: 91f0f63f-207e-4b6f-9440-9ae01ab5c557, server: None, raw: .. }
Reserved ticket 3176 for customer 91f0f63f-207e-4b6f-9440-9ae01ab5c557
Server 799bb1b2-bd8f-49e2-81f8-f7237f0eb223 received client-request: Request { kind: ReserveTicket, customer: 6299442b-4398-4db6-a5d0-df3a7c99b603, server: None, raw: .. }
Reserved ticket 3175 for customer 6299442b-4398-4db6-a5d0-df3a7c99b603
Server 799bb1b2-bd8f-49e2-81f8-f7237f0eb223 received client-request: Request { kind: ReserveTicket, customer: 2f179499-db79-4e29-b205-51665699dbd6, server: None, raw: .. }
Reserved ticket 3174 for customer 2f179499-db79-4e29-b205-51665699dbd6
Server 799bb1b2-bd8f-49e2-81f8-f7237f0eb223 received client-request: Request { kind: ReserveTicket, customer: 084b02c8-3a38-4644-b322-f06f00fdb947, server: None, raw: .. }
Reserved ticket 3173 for customer 084b02c8-3a38-4644-b322-f06f00fdb947
Server 799bb1b2-bd8f-49e2-81f8-f7237f0eb223 received client-request: Request { kind: ReserveTicket, customer: 1798052e-bdae-439f-87d9-d6743809e572, server: None, raw: .. }
Reserved ticket 3172 for customer 1798052e-bdae-439f-87d9-d6743809e572
Server 799bb1b2-bd8f-49e2-81f8-f7237f0eb223 received client-request: Request { kind: ReserveTicket, customer: d966febb-04bd-4ec6-83fa-6c9f3f49f48f, server: None, raw: .. }
Reserved ticket 3171 for customer d966febb-04bd-4ec6-83fa-6c9f3f49f48f
Server 799bb1b2-bd8f-49e2-81f8-f7237f0eb223 received client-request: Request { kind: ReserveTicket, customer: 295cffe8-2bf7-42a5-a127-370ce88e2249, server: None, raw: .. }
Reserved ticket 3170 for customer 295cffe8-2bf7-42a5-a127-370ce88e2249
Server 65a51e17-fff5-4036-8b94-6db5de4d28d8 received client-request: Request { kind: ReserveTicket, customer: b9304945-5379-40d3-8f8c-2f8515fdc8ed, server: None, raw: .. }
Reserved ticket 3169 for customer b9304945-5379-40d3-8f8c-2f8515fdc8ed
Server 799bb1b2-bd8f-49e2-81f8-f7237f0eb223 received client-request: Request { kind: ReserveTicket, customer: c3dfbb79-7b09-4402-9a75-acce78a102e3, server: None, raw: .. }
Reserved ticket 3168 for customer c3dfbb79-7b09-4402-9a75-acce78a102e3
Server 799bb1b2-bd8f-49e2-81f8-f7237f0eb223 received client-request: Request { kind: ReserveTicket, customer: 6cbe7bc3-eb27-44be-a192-6a6ca36c9653, server: None, raw: .. }
Reserved ticket 3167 for customer 6cbe7bc3-eb27-44be-a192-6a6ca36c9653
Server 799bb1b2-bd8f-49e2-81f8-f7237f0eb223 received client-request: Request { kind: ReserveTicket, customer: 24a6c0f2-3e8c-47e2-b9a9-c3fbde879385, server: None, raw: .. }
Reserved ticket 3166 for customer 24a6c0f2-3e8c-47e2-b9a9-c3fbde879385
Server 799bb1b2-bd8f-49e2-81f8-f7237f0eb223 received client-request: Request { kind: ReserveTicket, customer: e966f9ee-f340-4566-9e55-f4078c5fdd19, server: None, raw: .. }
Reserved ticket 3165 for customer e966f9ee-f340-4566-9e55-f4078c5fdd19
Server 799bb1b2-bd8f-49e2-81f8-f7237f0eb223 received client-request: Request { kind: ReserveTicket, customer: 8ac175dc-14f3-4531-a0fd-a2ba0ae98920, server: None, raw: .. }
Reserved ticket 3164 for customer 8ac175dc-14f3-4531-a0fd-a2ba0ae98920
Server 799bb1b2-bd8f-49e2-81f8-f7237f0eb223 received client-request: Request { kind: ReserveTicket, customer: de7edcaf-3de2-4bcc-9c83-36465466d234, server: None, raw: .. }
Reserved ticket 3163 for customer de7edcaf-3de2-4bcc-9c83-36465466d234
Server 799bb1b2-bd8f-49e2-81f8-f7237f0eb223 received client-request: Request { kind: ReserveTicket, customer: d2620fcd-d5c2-48f0-bbea-d77fd8e0f75f, server: None, raw: .. }
Reserved ticket 3162 for customer d2620fcd-d5c2-48f0-bbea-d77fd8e0f75f
Server 799bb1b2-bd8f-49e2-81f8-f7237f0eb223 received client-request: Request { kind: ReserveTicket, customer: 6694caa7-73fe-496e-9581-5451f6f737ae, server: None, raw: .. }
Reserved ticket 3161 for customer 6694caa7-73fe-496e-9581-5451f6f737ae
Server 799bb1b2-bd8f-49e2-81f8-f7237f0eb223 received client-request: Request { kind: ReserveTicket, customer: d42894df-2234-473c-9c85-c01db3272d24, server: None, raw: .. }
Reserved ticket 3160 for customer d42894df-2234-473c-9c85-c01db3272d24
Server 799bb1b2-bd8f-49e2-81f8-f7237f0eb223 received client-request: Request { kind: ReserveTicket, customer: 54b5c78e-ba4a-43d8-8476-4c8e7b97c53b, server: None, raw: .. }
Reserved ticket 3159 for customer 54b5c78e-ba4a-43d8-8476-4c8e7b97c53b
Server 799bb1b2-bd8f-49e2-81f8-f7237f0eb223 received client-request: Request { kind: ReserveTicket, customer: 2a38dcec-ec93-4494-bc97-b8640cef3615, server: None, raw: .. }
Reserved ticket 3158 for customer 2a38dcec-ec93-4494-bc97-b8640cef3615
Server 799bb1b2-bd8f-49e2-81f8-f7237f0eb223 received client-request: Request { kind: ReserveTicket, customer: 1809fb0b-b252-4250-b614-61b0c430869c, server: None, raw: .. }
Reserved ticket 3157 for customer 1809fb0b-b252-4250-b614-61b0c430869c
Server 799bb1b2-bd8f-49e2-81f8-f7237f0eb223 received client-request: Request { kind: ReserveTicket, customer: cee9b3f1-2cf7-43a8-9bea-83328a302d48, server: None, raw: .. }
Reserved ticket 3156 for customer cee9b3f1-2cf7-43a8-9bea-83328a302d48
Server 799bb1b2-bd8f-49e2-81f8-f7237f0eb223 received client-request: Request { kind: ReserveTicket, customer: a015c9ad-9300-47f1-9f14-8de569e7b197, server: None, raw: .. }
Reserved ticket 3155 for customer a015c9ad-9300-47f1-9f14-8de569e7b197
Server 799bb1b2-bd8f-49e2-81f8-f7237f0eb223 received client-request: Request { kind: ReserveTicket, customer: 3474543b-26b4-4f46-8388-e5c11eb8a0ab, server: None, raw: .. }
Reserved ticket 3154 for customer 3474543b-26b4-4f46-8388-e5c11eb8a0ab
Server 799bb1b2-bd8f-49e2-81f8-f7237f0eb223 received client-request: Request { kind: ReserveTicket, customer: a43c6095-d27c-476f-ba4c-854587c96340, server: None, raw: .. }
Reserved ticket 3153 for customer a43c6095-d27c-476f-ba4c-854587c96340
Server 799bb1b2-bd8f-49e2-81f8-f7237f0eb223 received client-request: Request { kind: ReserveTicket, customer: 8ba9dd49-6471-4acf-9722-3792c97a9aac, server: None, raw: .. }
Reserved ticket 3152 for customer 8ba9dd49-6471-4acf-9722-3792c97a9aac
Server 799bb1b2-bd8f-49e2-81f8-f7237f0eb223 received client-request: Request { kind: ReserveTicket, customer: 8a42d3cb-42c0-416c-b810-1ee5bde642f5, server: None, raw: .. }
Reserved ticket 3151 for customer 8a42d3cb-42c0-416c-b810-1ee5bde642f5
Server 799bb1b2-bd8f-49e2-81f8-f7237f0eb223 received client-request: Request { kind: ReserveTicket, customer: cdbc6a2b-53f2-44ff-ae81-3ef5a5a0ed8e, server: None, raw: .. }
Reserved ticket 3150 for customer cdbc6a2b-53f2-44ff-ae81-3ef5a5a0ed8e
Server 65a51e17-fff5-4036-8b94-6db5de4d28d8 received client-request: Request { kind: ReserveTicket, customer: 886ad6b5-cbb1-4bbb-948e-41a3b069bd13, server: None, raw: .. }
Reserved ticket 3149 for customer 886ad6b5-cbb1-4bbb-948e-41a3b069bd13
Server 799bb1b2-bd8f-49e2-81f8-f7237f0eb223 received client-request: Request { kind: ReserveTicket, customer: 782d1d3b-3a6a-44d0-92a1-af3ab437acd9, server: None, raw: .. }
Reserved ticket 3148 for customer 782d1d3b-3a6a-44d0-92a1-af3ab437acd9
Server 799bb1b2-bd8f-49e2-81f8-f7237f0eb223 received client-request: Request { kind: ReserveTicket, customer: b4fa2cc1-f3c6-4f97-9744-5532c5713295, server: None, raw: .. }
Reserved ticket 3147 for customer b4fa2cc1-f3c6-4f97-9744-5532c5713295
Server 799bb1b2-bd8f-49e2-81f8-f7237f0eb223 received client-request: Request { kind: ReserveTicket, customer: 3657e4a4-319d-4e24-b5ed-480e6ad5b9f3, server: None, raw: .. }
Reserved ticket 3146 for customer 3657e4a4-319d-4e24-b5ed-480e6ad5b9f3
Server 799bb1b2-bd8f-49e2-81f8-f7237f0eb223 received client-request: Request { kind: ReserveTicket, customer: e14cc9a2-0581-4aba-bf4b-70f5f449bdfe, server: None, raw: .. }
Reserved ticket 3145 for customer e14cc9a2-0581-4aba-bf4b-70f5f449bdfe
Server 799bb1b2-bd8f-49e2-81f8-f7237f0eb223 received client-request: Request { kind: ReserveTicket, customer: 5acf3422-3c28-4787-864e-616d0bd620b5, server: None, raw: .. }
Reserved ticket 3144 for customer 5acf3422-3c28-4787-864e-616d0bd620b5
Server 799bb1b2-bd8f-49e2-81f8-f7237f0eb223 received client-request: Request { kind: ReserveTicket, customer: eb910595-1bc4-4b75-932a-91d793b6c5ef, server: None, raw: .. }
Reserved ticket 3143 for customer eb910595-1bc4-4b75-932a-91d793b6c5ef
Server 799bb1b2-bd8f-49e2-81f8-f7237f0eb223 received client-request: Request { kind: ReserveTicket, customer: 06adf2ff-a9ee-45da-9f3b-83b90d87df8f, server: None, raw: .. }
Reserved ticket 3142 for customer 06adf2ff-a9ee-45da-9f3b-83b90d87df8f
Server 799bb1b2-bd8f-49e2-81f8-f7237f0eb223 received client-request: Request { kind: ReserveTicket, customer: 81b00367-a2ea-4c61-857f-433d3ce5f97e, server: None, raw: .. }
Reserved ticket 3141 for customer 81b00367-a2ea-4c61-857f-433d3ce5f97e
Server 799bb1b2-bd8f-49e2-81f8-f7237f0eb223 received client-request: Request { kind: ReserveTicket, customer: 5785a446-cde4-4499-ac96-f8dd23704d6b, server: None, raw: .. }
Reserved ticket 3140 for customer 5785a446-cde4-4499-ac96-f8dd23704d6b
Server 799bb1b2-bd8f-49e2-81f8-f7237f0eb223 received client-request: Request { kind: ReserveTicket, customer: 7d77826e-f61a-4640-91d0-5ae7eac98727, server: None, raw: .. }
Reserved ticket 3139 for customer 7d77826e-f61a-4640-91d0-5ae7eac98727
Server 799bb1b2-bd8f-49e2-81f8-f7237f0eb223 received client-request: Request { kind: ReserveTicket, customer: 7bcf75b4-a0dd-4231-85d2-de12f91faa09, server: None, raw: .. }
Reserved ticket 3138 for customer 7bcf75b4-a0dd-4231-85d2-de12f91faa09
Server 799bb1b2-bd8f-49e2-81f8-f7237f0eb223 received client-request: Request { kind: ReserveTicket, customer: 0779e664-4016-4d78-b165-d4e1c7f23129, server: None, raw: .. }
Reserved ticket 3137 for customer 0779e664-4016-4d78-b165-d4e1c7f23129
Server 799bb1b2-bd8f-49e2-81f8-f7237f0eb223 received client-request: Request { kind: ReserveTicket, customer: 6dd0ad62-0b96-44a3-8908-fe038ab050ce, server: None, raw: .. }
Reserved ticket 3136 for customer 6dd0ad62-0b96-44a3-8908-fe038ab050ce
Server 799bb1b2-bd8f-49e2-81f8-f7237f0eb223 received client-request: Request { kind: ReserveTicket, customer: 8a7b41ea-0e34-41ca-997a-027bee999b99, server: None, raw: .. }
Reserved ticket 3135 for customer 8a7b41ea-0e34-41ca-997a-027bee999b99
Server 799bb1b2-bd8f-49e2-81f8-f7237f0eb223 received client-request: Request { kind: ReserveTicket, customer: 94806970-85d5-447d-b2fd-b4eafeef64f3, server: None, raw: .. }
Reserved ticket 3134 for customer 94806970-85d5-447d-b2fd-b4eafeef64f3
Server 799bb1b2-bd8f-49e2-81f8-f7237f0eb223 received client-request: Request { kind: ReserveTicket, customer: 601e9a1e-4a4e-492f-9e1a-0287dc4de815, server: None, raw: .. }
Reserved ticket 3133 for customer 601e9a1e-4a4e-492f-9e1a-0287dc4de815
Server 799bb1b2-bd8f-49e2-81f8-f7237f0eb223 received client-request: Request { kind: ReserveTicket, customer: 4868875a-7fc8-4015-9a2e-ae1bc1906468, server: None, raw: .. }
Reserved ticket 3132 for customer 4868875a-7fc8-4015-9a2e-ae1bc1906468
Server 799bb1b2-bd8f-49e2-81f8-f7237f0eb223 received client-request: Request { kind: ReserveTicket, customer: abbfa033-35b6-432b-a34a-91f51d92ccd2, server: None, raw: .. }
Reserved ticket 3131 for customer abbfa033-35b6-432b-a34a-91f51d92ccd2
Server 799bb1b2-bd8f-49e2-81f8-f7237f0eb223 received client-request: Request { kind: ReserveTicket, customer: 2ee26446-0070-4e3b-89e0-201dd49bb884, server: None, raw: .. }
Reserved ticket 3130 for customer 2ee26446-0070-4e3b-89e0-201dd49bb884
Server 65a51e17-fff5-4036-8b94-6db5de4d28d8 received client-request: Request { kind: ReserveTicket, customer: 89ad9a34-e56c-42f5-82d3-ee5304fb9bda, server: None, raw: .. }
Reserved ticket 3129 for customer 89ad9a34-e56c-42f5-82d3-ee5304fb9bda
Server 799bb1b2-bd8f-49e2-81f8-f7237f0eb223 received client-request: Request { kind: ReserveTicket, customer: cfe43d0b-d766-48a0-b646-1afe344fe0c3, server: None, raw: .. }
Reserved ticket 3128 for customer cfe43d0b-d766-48a0-b646-1afe344fe0c3
Server 799bb1b2-bd8f-49e2-81f8-f7237f0eb223 received client-request: Request { kind: ReserveTicket, customer: b8046c45-e658-40a3-98f2-f4ce66d00f84, server: None, raw: .. }
Reserved ticket 3127 for customer b8046c45-e658-40a3-98f2-f4ce66d00f84
Server 799bb1b2-bd8f-49e2-81f8-f7237f0eb223 received client-request: Request { kind: ReserveTicket, customer: 4e6e8da0-5687-4632-9079-c6ece24dabb5, server: None, raw: .. }
Reserved ticket 3126 for customer 4e6e8da0-5687-4632-9079-c6ece24dabb5
Server 799bb1b2-bd8f-49e2-81f8-f7237f0eb223 received client-request: Request { kind: ReserveTicket, customer: bb4cb80f-4b60-4915-af07-03e398db3c4d, server: None, raw: .. }
Reserved ticket 3125 for customer bb4cb80f-4b60-4915-af07-03e398db3c4d
Server 799bb1b2-bd8f-49e2-81f8-f7237f0eb223 received client-request: Request { kind: ReserveTicket, customer: 129fbeaf-ad00-4a23-9544-c412875d980e, server: None, raw: .. }
Reserved ticket 3124 for customer 129fbeaf-ad00-4a23-9544-c412875d980e
Server 799bb1b2-bd8f-49e2-81f8-f7237f0eb223 received client-request: Request { kind: ReserveTicket, customer: 77b4e4de-a473-4844-a611-eb42ffd17dea, server: None, raw: .. }
Reserved ticket 3123 for customer 77b4e4de-a473-4844-a611-eb42ffd17dea
Server 799bb1b2-bd8f-49e2-81f8-f7237f0eb223 received client-request: Request { kind: ReserveTicket, customer: 364400a5-741d-49cc-8581-15ff6a25dd41, server: None, raw: .. }
Reserved ticket 3122 for customer 364400a5-741d-49cc-8581-15ff6a25dd41
Server 799bb1b2-bd8f-49e2-81f8-f7237f0eb223 received client-request: Request { kind: ReserveTicket, customer: 2495ca06-9a2f-46d7-ad15-67319f28e93e, server: None, raw: .. }
Reserved ticket 3121 for customer 2495ca06-9a2f-46d7-ad15-67319f28e93e
Server 799bb1b2-bd8f-49e2-81f8-f7237f0eb223 received client-request: Request { kind: ReserveTicket, customer: 6ff7c6d6-d382-4a2b-ac05-e0a622b775a1, server: None, raw: .. }
Reserved ticket 3120 for customer 6ff7c6d6-d382-4a2b-ac05-e0a622b775a1
Server 799bb1b2-bd8f-49e2-81f8-f7237f0eb223 received client-request: Request { kind: ReserveTicket, customer: f30ff891-0ddc-40f7-b4f5-08cd52ca5fe8, server: None, raw: .. }
Reserved ticket 3119 for customer f30ff891-0ddc-40f7-b4f5-08cd52ca5fe8
Server 799bb1b2-bd8f-49e2-81f8-f7237f0eb223 received client-request: Request { kind: ReserveTicket, customer: 1c244eae-7c8a-4480-97f7-19d8b816b5d3, server: None, raw: .. }
Reserved ticket 3118 for customer 1c244eae-7c8a-4480-97f7-19d8b816b5d3
Server 799bb1b2-bd8f-49e2-81f8-f7237f0eb223 received client-request: Request { kind: ReserveTicket, customer: 6c634253-5c69-4e15-ac30-5f642f21970d, server: None, raw: .. }
Reserved ticket 3117 for customer 6c634253-5c69-4e15-ac30-5f642f21970d
Server 799bb1b2-bd8f-49e2-81f8-f7237f0eb223 received client-request: Request { kind: ReserveTicket, customer: a4adad76-60e0-48c1-a0c7-f6578dccced1, server: None, raw: .. }
Reserved ticket 3116 for customer a4adad76-60e0-48c1-a0c7-f6578dccced1
Server 799bb1b2-bd8f-49e2-81f8-f7237f0eb223 received client-request: Request { kind: ReserveTicket, customer: 369230b3-f226-4d6c-998e-9558c72cabed, server: None, raw: .. }
Reserved ticket 3115 for customer 369230b3-f226-4d6c-998e-9558c72cabed
Server 799bb1b2-bd8f-49e2-81f8-f7237f0eb223 received client-request: Request { kind: ReserveTicket, customer: 895ae624-e15c-48a1-a853-ca60b3713c7e, server: None, raw: .. }
Reserved ticket 3114 for customer 895ae624-e15c-48a1-a853-ca60b3713c7e
Server 799bb1b2-bd8f-49e2-81f8-f7237f0eb223 received client-request: Request { kind: ReserveTicket, customer: 06bea2b1-d389-4251-9839-870b4d4f5369, server: None, raw: .. }
Reserved ticket 3113 for customer 06bea2b1-d389-4251-9839-870b4d4f5369
Server 799bb1b2-bd8f-49e2-81f8-f7237f0eb223 received client-request: Request { kind: ReserveTicket, customer: 4757a010-3db1-436a-83b5-d5f2bf24288c, server: None, raw: .. }
Reserved ticket 3112 for customer 4757a010-3db1-436a-83b5-d5f2bf24288c
Server 799bb1b2-bd8f-49e2-81f8-f7237f0eb223 received client-request: Request { kind: ReserveTicket, customer: bcb433e6-494a-4ed6-846e-e73b5fc2d69d, server: None, raw: .. }
Reserved ticket 3111 for customer bcb433e6-494a-4ed6-846e-e73b5fc2d69d
Server 799bb1b2-bd8f-49e2-81f8-f7237f0eb223 received client-request: Request { kind: ReserveTicket, customer: bdf4a2b8-2343-402c-b1ae-e4d4c522a63a, server: None, raw: .. }
Reserved ticket 3110 for customer bdf4a2b8-2343-402c-b1ae-e4d4c522a63a
Server 65a51e17-fff5-4036-8b94-6db5de4d28d8 received client-request: Request { kind: ReserveTicket, customer: c08d16a1-b992-4e2d-b701-c4c0be6e5fd1, server: None, raw: .. }
Reserved ticket 3109 for customer c08d16a1-b992-4e2d-b701-c4c0be6e5fd1
Server 799bb1b2-bd8f-49e2-81f8-f7237f0eb223 received client-request: Request { kind: ReserveTicket, customer: 724cfe4b-57b6-4363-a3c3-ce012fab2b33, server: None, raw: .. }
Reserved ticket 3108 for customer 724cfe4b-57b6-4363-a3c3-ce012fab2b33
Server 799bb1b2-bd8f-49e2-81f8-f7237f0eb223 received client-request: Request { kind: ReserveTicket, customer: c4fcd772-3710-4084-93d7-852b89adcc51, server: None, raw: .. }
Reserved ticket 3107 for customer c4fcd772-3710-4084-93d7-852b89adcc51
Server 799bb1b2-bd8f-49e2-81f8-f7237f0eb223 received client-request: Request { kind: ReserveTicket, customer: a901600c-a8f9-45cf-9c1e-87b092742d83, server: None, raw: .. }
Reserved ticket 3106 for customer a901600c-a8f9-45cf-9c1e-87b092742d83
Server 799bb1b2-bd8f-49e2-81f8-f7237f0eb223 received client-request: Request { kind: ReserveTicket, customer: 702d09cc-0010-4bf9-bef7-662cb63ad828, server: None, raw: .. }
Reserved ticket 3105 for customer 702d09cc-0010-4bf9-bef7-662cb63ad828
Server 799bb1b2-bd8f-49e2-81f8-f7237f0eb223 received client-request: Request { kind: ReserveTicket, customer: 1f907c4b-5e77-4146-bfef-a1876926636d, server: None, raw: .. }
Reserved ticket 3104 for customer 1f907c4b-5e77-4146-bfef-a1876926636d
Server 799bb1b2-bd8f-49e2-81f8-f7237f0eb223 received client-request: Request { kind: ReserveTicket, customer: d783640a-acb2-404e-ad0b-da00a63ce4ea, server: None, raw: .. }
Reserved ticket 3103 for customer d783640a-acb2-404e-ad0b-da00a63ce4ea
Server 799bb1b2-bd8f-49e2-81f8-f7237f0eb223 received client-request: Request { kind: ReserveTicket, customer: e092caea-54eb-49fc-8a4d-4083f55ae513, server: None, raw: .. }
Reserved ticket 3102 for customer e092caea-54eb-49fc-8a4d-4083f55ae513
Server 799bb1b2-bd8f-49e2-81f8-f7237f0eb223 received client-request: Request { kind: ReserveTicket, customer: 0d84c007-f48d-4fc8-8988-b4cd32533128, server: None, raw: .. }
Reserved ticket 3101 for customer 0d84c007-f48d-4fc8-8988-b4cd32533128
Server 799bb1b2-bd8f-49e2-81f8-f7237f0eb223 received client-request: Request { kind: ReserveTicket, customer: ca8060ea-95d9-4145-ab95-8adf77a52b44, server: None, raw: .. }
Reserved ticket 3100 for customer ca8060ea-95d9-4145-ab95-8adf77a52b44
Server 799bb1b2-bd8f-49e2-81f8-f7237f0eb223 received client-request: Request { kind: ReserveTicket, customer: caa91de6-82a3-4127-8a46-6d67d1c3c4ce, server: None, raw: .. }
Reserved ticket 3099 for customer caa91de6-82a3-4127-8a46-6d67d1c3c4ce
Server 799bb1b2-bd8f-49e2-81f8-f7237f0eb223 received client-request: Request { kind: ReserveTicket, customer: ca1e2e43-2194-4076-9131-c9d1a197d457, server: None, raw: .. }
Reserved ticket 3098 for customer ca1e2e43-2194-4076-9131-c9d1a197d457
Server 799bb1b2-bd8f-49e2-81f8-f7237f0eb223 received client-request: Request { kind: ReserveTicket, customer: 7d4d45b1-5692-4686-82e3-8d3d831c3834, server: None, raw: .. }
Reserved ticket 3097 for customer 7d4d45b1-5692-4686-82e3-8d3d831c3834
Server 799bb1b2-bd8f-49e2-81f8-f7237f0eb223 received client-request: Request { kind: ReserveTicket, customer: 61773e13-d3c4-4e0a-a9cc-9af3ea5ac221, server: None, raw: .. }
Reserved ticket 3096 for customer 61773e13-d3c4-4e0a-a9cc-9af3ea5ac221
Server 799bb1b2-bd8f-49e2-81f8-f7237f0eb223 received client-request: Request { kind: ReserveTicket, customer: 3e48f716-010c-45df-9570-025e80655493, server: None, raw: .. }
Reserved ticket 3095 for customer 3e48f716-010c-45df-9570-025e80655493
Server 799bb1b2-bd8f-49e2-81f8-f7237f0eb223 received client-request: Request { kind: ReserveTicket, customer: d6ecd855-1632-4ef2-875b-b58ffba93dbf, server: None, raw: .. }
Reserved ticket 3094 for customer d6ecd855-1632-4ef2-875b-b58ffba93dbf
Server 799bb1b2-bd8f-49e2-81f8-f7237f0eb223 received client-request: Request { kind: ReserveTicket, customer: cc3b6c4a-243a-4c61-8934-956365550bb0, server: None, raw: .. }
Reserved ticket 3093 for customer cc3b6c4a-243a-4c61-8934-956365550bb0
Server 799bb1b2-bd8f-49e2-81f8-f7237f0eb223 received client-request: Request { kind: ReserveTicket, customer: 23066cfb-d746-4af3-a904-082651fc94e6, server: None, raw: .. }
Reserved ticket 3092 for customer 23066cfb-d746-4af3-a904-082651fc94e6
Server 799bb1b2-bd8f-49e2-81f8-f7237f0eb223 received client-request: Request { kind: ReserveTicket, customer: 2d54a087-4ad5-4df2-b22b-4e10564a0b38, server: None, raw: .. }
Reserved ticket 3091 for customer 2d54a087-4ad5-4df2-b22b-4e10564a0b38
Server 799bb1b2-bd8f-49e2-81f8-f7237f0eb223 received client-request: Request { kind: ReserveTicket, customer: d6ecb149-62de-477b-a2b1-4c8a8ba7a66e, server: None, raw: .. }
Reserved ticket 3090 for customer d6ecb149-62de-477b-a2b1-4c8a8ba7a66e
Server 65a51e17-fff5-4036-8b94-6db5de4d28d8 received client-request: Request { kind: ReserveTicket, customer: dfb25fbc-7ee9-4056-8add-5c66274bbfc2, server: None, raw: .. }
Reserved ticket 3089 for customer dfb25fbc-7ee9-4056-8add-5c66274bbfc2
Server 799bb1b2-bd8f-49e2-81f8-f7237f0eb223 received client-request: Request { kind: ReserveTicket, customer: f45b3848-327f-4b47-918a-d0ea4148e8d0, server: None, raw: .. }
Reserved ticket 3088 for customer f45b3848-327f-4b47-918a-d0ea4148e8d0
Server 799bb1b2-bd8f-49e2-81f8-f7237f0eb223 received client-request: Request { kind: ReserveTicket, customer: acbe4031-99a9-4a9c-808d-515f6bb0c096, server: None, raw: .. }
Reserved ticket 3087 for customer acbe4031-99a9-4a9c-808d-515f6bb0c096
Server 799bb1b2-bd8f-49e2-81f8-f7237f0eb223 received client-request: Request { kind: ReserveTicket, customer: fd89afcd-cbef-4202-baf2-a83e84e08aac, server: None, raw: .. }
Reserved ticket 3086 for customer fd89afcd-cbef-4202-baf2-a83e84e08aac
Server 799bb1b2-bd8f-49e2-81f8-f7237f0eb223 received client-request: Request { kind: ReserveTicket, customer: 89e624c0-5ee9-469f-9db2-d431d361717d, server: None, raw: .. }
Reserved ticket 3085 for customer 89e624c0-5ee9-469f-9db2-d431d361717d
Server 799bb1b2-bd8f-49e2-81f8-f7237f0eb223 received client-request: Request { kind: ReserveTicket, customer: c696ebb4-61d1-4498-b33e-f7591bc63f9e, server: None, raw: .. }
Reserved ticket 3084 for customer c696ebb4-61d1-4498-b33e-f7591bc63f9e
Server 799bb1b2-bd8f-49e2-81f8-f7237f0eb223 received client-request: Request { kind: ReserveTicket, customer: c0ece1c1-d696-40cf-aa30-fad5b81f6092, server: None, raw: .. }
Reserved ticket 3083 for customer c0ece1c1-d696-40cf-aa30-fad5b81f6092
Server 799bb1b2-bd8f-49e2-81f8-f7237f0eb223 received client-request: Request { kind: ReserveTicket, customer: c8483009-e942-4e93-b4a6-26b00098d86d, server: None, raw: .. }
Reserved ticket 3082 for customer c8483009-e942-4e93-b4a6-26b00098d86d
Server 799bb1b2-bd8f-49e2-81f8-f7237f0eb223 received client-request: Request { kind: ReserveTicket, customer: 01558a84-a577-4441-a579-d125c5ef5787, server: None, raw: .. }
Reserved ticket 3081 for customer 01558a84-a577-4441-a579-d125c5ef5787
Server 799bb1b2-bd8f-49e2-81f8-f7237f0eb223 received client-request: Request { kind: ReserveTicket, customer: 6ca0021c-9499-40c2-b37d-0e8cd9577abe, server: None, raw: .. }
Reserved ticket 3080 for customer 6ca0021c-9499-40c2-b37d-0e8cd9577abe
Server 799bb1b2-bd8f-49e2-81f8-f7237f0eb223 received client-request: Request { kind: ReserveTicket, customer: 6662e1ad-7814-42d3-acc7-a190b099a58d, server: None, raw: .. }
Reserved ticket 3079 for customer 6662e1ad-7814-42d3-acc7-a190b099a58d
Server 799bb1b2-bd8f-49e2-81f8-f7237f0eb223 received client-request: Request { kind: ReserveTicket, customer: a28da4b0-f424-41ce-90fc-9fb13dfcb774, server: None, raw: .. }
Reserved ticket 3078 for customer a28da4b0-f424-41ce-90fc-9fb13dfcb774
Server 799bb1b2-bd8f-49e2-81f8-f7237f0eb223 received client-request: Request { kind: ReserveTicket, customer: b54eefc2-639a-4109-add9-91a2a829bb70, server: None, raw: .. }
Reserved ticket 3077 for customer b54eefc2-639a-4109-add9-91a2a829bb70
Server 799bb1b2-bd8f-49e2-81f8-f7237f0eb223 received client-request: Request { kind: ReserveTicket, customer: 05e441a4-eb4b-4a71-9430-09d5cb10024a, server: None, raw: .. }
Reserved ticket 3076 for customer 05e441a4-eb4b-4a71-9430-09d5cb10024a
Server 799bb1b2-bd8f-49e2-81f8-f7237f0eb223 received client-request: Request { kind: ReserveTicket, customer: 66971ede-29e3-4992-b26b-5b1fdceabd83, server: None, raw: .. }
Reserved ticket 3075 for customer 66971ede-29e3-4992-b26b-5b1fdceabd83
Server 799bb1b2-bd8f-49e2-81f8-f7237f0eb223 received client-request: Request { kind: ReserveTicket, customer: beee580c-ae88-4dfa-911f-c5e1976e8df2, server: None, raw: .. }
Reserved ticket 3074 for customer beee580c-ae88-4dfa-911f-c5e1976e8df2
Server 799bb1b2-bd8f-49e2-81f8-f7237f0eb223 received client-request: Request { kind: ReserveTicket, customer: 18e9e07e-2293-4459-aeab-99b5616f4d19, server: None, raw: .. }
Reserved ticket 3073 for customer 18e9e07e-2293-4459-aeab-99b5616f4d19
Server 799bb1b2-bd8f-49e2-81f8-f7237f0eb223 received client-request: Request { kind: ReserveTicket, customer: 4ac0a1e5-1471-44de-bba2-5de28479c80f, server: None, raw: .. }
Reserved ticket 3072 for customer 4ac0a1e5-1471-44de-bba2-5de28479c80f
Server 799bb1b2-bd8f-49e2-81f8-f7237f0eb223 received client-request: Request { kind: ReserveTicket, customer: a21bcc1e-3ce0-45f6-9f86-1c78e94dbe0c, server: None, raw: .. }
Reserved ticket 3071 for customer a21bcc1e-3ce0-45f6-9f86-1c78e94dbe0c
Server 799bb1b2-bd8f-49e2-81f8-f7237f0eb223 received client-request: Request { kind: ReserveTicket, customer: f5c18f8a-1f43-4661-91aa-37b2b3b2d21b, server: None, raw: .. }
Reserved ticket 3070 for customer f5c18f8a-1f43-4661-91aa-37b2b3b2d21b
Server 65a51e17-fff5-4036-8b94-6db5de4d28d8 received client-request: Request { kind: ReserveTicket, customer: 2a0837ee-dcc2-43e0-8a0b-fb0c73499046, server: None, raw: .. }
Reserved ticket 3069 for customer 2a0837ee-dcc2-43e0-8a0b-fb0c73499046
Server 799bb1b2-bd8f-49e2-81f8-f7237f0eb223 received client-request: Request { kind: ReserveTicket, customer: 9689180c-fdbd-4497-bfae-743ae9279358, server: None, raw: .. }
Reserved ticket 3068 for customer 9689180c-fdbd-4497-bfae-743ae9279358
Server 799bb1b2-bd8f-49e2-81f8-f7237f0eb223 received client-request: Request { kind: ReserveTicket, customer: 3d66c822-e7d3-4232-a9c0-9683feb40f96, server: None, raw: .. }
Reserved ticket 3067 for customer 3d66c822-e7d3-4232-a9c0-9683feb40f96
Server 799bb1b2-bd8f-49e2-81f8-f7237f0eb223 received client-request: Request { kind: ReserveTicket, customer: 182ff128-a52e-4517-9fcc-1863bac13a5b, server: None, raw: .. }
Reserved ticket 3066 for customer 182ff128-a52e-4517-9fcc-1863bac13a5b
Server 799bb1b2-bd8f-49e2-81f8-f7237f0eb223 received client-request: Request { kind: ReserveTicket, customer: 5a834635-7f0f-4ee7-9cba-f01ad997190f, server: None, raw: .. }
Reserved ticket 3065 for customer 5a834635-7f0f-4ee7-9cba-f01ad997190f
Server 799bb1b2-bd8f-49e2-81f8-f7237f0eb223 received client-request: Request { kind: ReserveTicket, customer: 492e2dc0-6fe1-4060-8bea-2d8d6f300e4c, server: None, raw: .. }
Reserved ticket 3064 for customer 492e2dc0-6fe1-4060-8bea-2d8d6f300e4c
Server 799bb1b2-bd8f-49e2-81f8-f7237f0eb223 received client-request: Request { kind: ReserveTicket, customer: 54bc51e8-02ba-473c-9f45-9825842fde2f, server: None, raw: .. }
Reserved ticket 3063 for customer 54bc51e8-02ba-473c-9f45-9825842fde2f
Server 799bb1b2-bd8f-49e2-81f8-f7237f0eb223 received client-request: Request { kind: ReserveTicket, customer: 6b41ce8b-d3e4-48bc-9136-db5903b2743b, server: None, raw: .. }
Reserved ticket 3062 for customer 6b41ce8b-d3e4-48bc-9136-db5903b2743b
Server 799bb1b2-bd8f-49e2-81f8-f7237f0eb223 received client-request: Request { kind: ReserveTicket, customer: 3eff6343-de7a-4c2b-a57a-bc29ba5eee12, server: None, raw: .. }
Reserved ticket 3061 for customer 3eff6343-de7a-4c2b-a57a-bc29ba5eee12
Server 799bb1b2-bd8f-49e2-81f8-f7237f0eb223 received client-request: Request { kind: ReserveTicket, customer: b6a61922-2db0-43bf-b615-8a724db07b14, server: None, raw: .. }
Reserved ticket 3060 for customer b6a61922-2db0-43bf-b615-8a724db07b14
Server 799bb1b2-bd8f-49e2-81f8-f7237f0eb223 received client-request: Request { kind: ReserveTicket, customer: 01b7f8f8-8308-45aa-a5b9-cb731e9ff790, server: None, raw: .. }
Reserved ticket 3059 for customer 01b7f8f8-8308-45aa-a5b9-cb731e9ff790
Server 799bb1b2-bd8f-49e2-81f8-f7237f0eb223 received client-request: Request { kind: ReserveTicket, customer: bbdea88c-0b48-42e3-9d7c-90877d3ced31, server: None, raw: .. }
Reserved ticket 3058 for customer bbdea88c-0b48-42e3-9d7c-90877d3ced31
Server 799bb1b2-bd8f-49e2-81f8-f7237f0eb223 received client-request: Request { kind: ReserveTicket, customer: e928712b-fd0d-48bd-bb9f-4f93e4bf2ce4, server: None, raw: .. }
Reserved ticket 3057 for customer e928712b-fd0d-48bd-bb9f-4f93e4bf2ce4
Server 799bb1b2-bd8f-49e2-81f8-f7237f0eb223 received client-request: Request { kind: ReserveTicket, customer: fcca4d74-b695-43db-9c13-02cd83dbd70b, server: None, raw: .. }
Reserved ticket 3056 for customer fcca4d74-b695-43db-9c13-02cd83dbd70b
Server 799bb1b2-bd8f-49e2-81f8-f7237f0eb223 received client-request: Request { kind: ReserveTicket, customer: ba456d2d-04a2-45e8-a768-bd6ecd026701, server: None, raw: .. }
Reserved ticket 3055 for customer ba456d2d-04a2-45e8-a768-bd6ecd026701
Server 799bb1b2-bd8f-49e2-81f8-f7237f0eb223 received client-request: Request { kind: ReserveTicket, customer: 162197f5-818a-43fa-add5-5b1dc6815519, server: None, raw: .. }
Reserved ticket 3054 for customer 162197f5-818a-43fa-add5-5b1dc6815519
Server 799bb1b2-bd8f-49e2-81f8-f7237f0eb223 received client-request: Request { kind: ReserveTicket, customer: f94e3bed-7678-45c3-a702-0f6cd4a482c1, server: None, raw: .. }
Reserved ticket 3053 for customer f94e3bed-7678-45c3-a702-0f6cd4a482c1
Server 799bb1b2-bd8f-49e2-81f8-f7237f0eb223 received client-request: Request { kind: ReserveTicket, customer: 8a349636-a8b8-4636-9ef0-7855411dc187, server: None, raw: .. }
Reserved ticket 3052 for customer 8a349636-a8b8-4636-9ef0-7855411dc187
Server 799bb1b2-bd8f-49e2-81f8-f7237f0eb223 received client-request: Request { kind: ReserveTicket, customer: b6d7134f-b594-4013-8125-e9fef9a5a995, server: None, raw: .. }
Reserved ticket 3051 for customer b6d7134f-b594-4013-8125-e9fef9a5a995
Server 799bb1b2-bd8f-49e2-81f8-f7237f0eb223 received client-request: Request { kind: ReserveTicket, customer: 8d60bd71-4ad2-4d88-a306-d4b95e6472ad, server: None, raw: .. }
Reserved ticket 3050 for customer 8d60bd71-4ad2-4d88-a306-d4b95e6472ad
Server 65a51e17-fff5-4036-8b94-6db5de4d28d8 received client-request: Request { kind: ReserveTicket, customer: dcc6dc0a-774b-4231-8d43-b0ef8e40d52b, server: None, raw: .. }
Reserved ticket 3049 for customer dcc6dc0a-774b-4231-8d43-b0ef8e40d52b
Server 799bb1b2-bd8f-49e2-81f8-f7237f0eb223 received client-request: Request { kind: ReserveTicket, customer: 1174044a-55ed-462a-b3a8-285b0092ada7, server: None, raw: .. }
Reserved ticket 3048 for customer 1174044a-55ed-462a-b3a8-285b0092ada7
Server 799bb1b2-bd8f-49e2-81f8-f7237f0eb223 received client-request: Request { kind: ReserveTicket, customer: 45e70a9a-69a9-4c08-ace6-aed5b8f6d5e8, server: None, raw: .. }
Reserved ticket 3047 for customer 45e70a9a-69a9-4c08-ace6-aed5b8f6d5e8
Server 799bb1b2-bd8f-49e2-81f8-f7237f0eb223 received client-request: Request { kind: ReserveTicket, customer: 3b6f7d6b-5117-4c17-8ce0-42605c066513, server: None, raw: .. }
Reserved ticket 3046 for customer 3b6f7d6b-5117-4c17-8ce0-42605c066513
Server 799bb1b2-bd8f-49e2-81f8-f7237f0eb223 received client-request: Request { kind: ReserveTicket, customer: 442e962e-cf64-4456-a57b-2d8b30cdd054, server: None, raw: .. }
Reserved ticket 3045 for customer 442e962e-cf64-4456-a57b-2d8b30cdd054
Server 799bb1b2-bd8f-49e2-81f8-f7237f0eb223 received client-request: Request { kind: ReserveTicket, customer: 27809cb5-bc83-42a0-aa8a-379a1ca36c8b, server: None, raw: .. }
Reserved ticket 3044 for customer 27809cb5-bc83-42a0-aa8a-379a1ca36c8b
Server 799bb1b2-bd8f-49e2-81f8-f7237f0eb223 received client-request: Request { kind: ReserveTicket, customer: cbe211a1-117a-4de3-8234-6f2378c1c0b3, server: None, raw: .. }
Reserved ticket 3043 for customer cbe211a1-117a-4de3-8234-6f2378c1c0b3
Server 799bb1b2-bd8f-49e2-81f8-f7237f0eb223 received client-request: Request { kind: ReserveTicket, customer: fd7d34d7-7ebe-4537-b0b1-5999c07fdfc4, server: None, raw: .. }
Reserved ticket 3042 for customer fd7d34d7-7ebe-4537-b0b1-5999c07fdfc4
Server 799bb1b2-bd8f-49e2-81f8-f7237f0eb223 received client-request: Request { kind: ReserveTicket, customer: b5ad3996-8204-466a-bccf-b692a7029729, server: None, raw: .. }
Reserved ticket 3041 for customer b5ad3996-8204-466a-bccf-b692a7029729
Server 799bb1b2-bd8f-49e2-81f8-f7237f0eb223 received client-request: Request { kind: ReserveTicket, customer: 19ff25c2-044c-4f99-b337-140035e3a996, server: None, raw: .. }
Reserved ticket 3040 for customer 19ff25c2-044c-4f99-b337-140035e3a996
Server 799bb1b2-bd8f-49e2-81f8-f7237f0eb223 received client-request: Request { kind: ReserveTicket, customer: 0bc4339f-12db-471b-8cbe-11a50d9fa8ed, server: None, raw: .. }
Reserved ticket 3039 for customer 0bc4339f-12db-471b-8cbe-11a50d9fa8ed
Server 799bb1b2-bd8f-49e2-81f8-f7237f0eb223 received client-request: Request { kind: ReserveTicket, customer: b4134ff2-42ba-4bba-9ec2-dce8489203cb, server: None, raw: .. }
Reserved ticket 3038 for customer b4134ff2-42ba-4bba-9ec2-dce8489203cb
Server 799bb1b2-bd8f-49e2-81f8-f7237f0eb223 received client-request: Request { kind: ReserveTicket, customer: 1e9c403c-8904-4930-8440-353ab8a4c910, server: None, raw: .. }
Reserved ticket 3037 for customer 1e9c403c-8904-4930-8440-353ab8a4c910
Server 799bb1b2-bd8f-49e2-81f8-f7237f0eb223 received client-request: Request { kind: ReserveTicket, customer: 73cc4763-ed0f-458b-9179-ca7c2b80e714, server: None, raw: .. }
Reserved ticket 3036 for customer 73cc4763-ed0f-458b-9179-ca7c2b80e714
Server 799bb1b2-bd8f-49e2-81f8-f7237f0eb223 received client-request: Request { kind: ReserveTicket, customer: 80497892-160d-447f-bb0a-ec493c9b9aa2, server: None, raw: .. }
Reserved ticket 3035 for customer 80497892-160d-447f-bb0a-ec493c9b9aa2
Server 799bb1b2-bd8f-49e2-81f8-f7237f0eb223 received client-request: Request { kind: ReserveTicket, customer: 2ebe180c-6a26-44d3-ab90-80b08a15cd2b, server: None, raw: .. }
Reserved ticket 3034 for customer 2ebe180c-6a26-44d3-ab90-80b08a15cd2b
Server 799bb1b2-bd8f-49e2-81f8-f7237f0eb223 received client-request: Request { kind: ReserveTicket, customer: c3b3bc76-9928-4a0b-a64c-0572a1e787ba, server: None, raw: .. }
Reserved ticket 3033 for customer c3b3bc76-9928-4a0b-a64c-0572a1e787ba
Server 799bb1b2-bd8f-49e2-81f8-f7237f0eb223 received client-request: Request { kind: ReserveTicket, customer: e9af6604-5cd6-4d89-96cb-3805738f274a, server: None, raw: .. }
Reserved ticket 3032 for customer e9af6604-5cd6-4d89-96cb-3805738f274a
Server 799bb1b2-bd8f-49e2-81f8-f7237f0eb223 received client-request: Request { kind: ReserveTicket, customer: 91917714-bd7a-499e-9d40-3f183c16691f, server: None, raw: .. }
Reserved ticket 3031 for customer 91917714-bd7a-499e-9d40-3f183c16691f
Server 799bb1b2-bd8f-49e2-81f8-f7237f0eb223 received client-request: Request { kind: ReserveTicket, customer: 7763e9fd-d592-4979-bc20-e15860940c0b, server: None, raw: .. }
Reserved ticket 3030 for customer 7763e9fd-d592-4979-bc20-e15860940c0b
Server 65a51e17-fff5-4036-8b94-6db5de4d28d8 received client-request: Request { kind: ReserveTicket, customer: 169e75e7-b380-4314-bcaf-e9a6fb097b1c, server: None, raw: .. }
Reserved ticket 3029 for customer 169e75e7-b380-4314-bcaf-e9a6fb097b1c
Server 799bb1b2-bd8f-49e2-81f8-f7237f0eb223 received client-request: Request { kind: ReserveTicket, customer: daa18d17-0597-4844-933a-11c7f3b407eb, server: None, raw: .. }
Reserved ticket 3028 for customer daa18d17-0597-4844-933a-11c7f3b407eb
Server 799bb1b2-bd8f-49e2-81f8-f7237f0eb223 received client-request: Request { kind: ReserveTicket, customer: 7c72127a-f859-4655-a457-97e41338c2d3, server: None, raw: .. }
Reserved ticket 3027 for customer 7c72127a-f859-4655-a457-97e41338c2d3
Server 799bb1b2-bd8f-49e2-81f8-f7237f0eb223 received client-request: Request { kind: ReserveTicket, customer: 646df3f0-1ddd-47e7-95dd-fc10f1a7f3e3, server: None, raw: .. }
Reserved ticket 3026 for customer 646df3f0-1ddd-47e7-95dd-fc10f1a7f3e3
Server 799bb1b2-bd8f-49e2-81f8-f7237f0eb223 received client-request: Request { kind: ReserveTicket, customer: 9a21ae56-f3d6-45f3-84cd-3879d4c74891, server: None, raw: .. }
Reserved ticket 3025 for customer 9a21ae56-f3d6-45f3-84cd-3879d4c74891
Server 799bb1b2-bd8f-49e2-81f8-f7237f0eb223 received client-request: Request { kind: ReserveTicket, customer: 8d380c19-1c24-47b7-9b6b-b5f5f4c644e2, server: None, raw: .. }
Reserved ticket 3024 for customer 8d380c19-1c24-47b7-9b6b-b5f5f4c644e2
Server 799bb1b2-bd8f-49e2-81f8-f7237f0eb223 received client-request: Request { kind: ReserveTicket, customer: 4bdc4c7b-d275-4242-b93a-5173b1a147eb, server: None, raw: .. }
Reserved ticket 3023 for customer 4bdc4c7b-d275-4242-b93a-5173b1a147eb
Server 799bb1b2-bd8f-49e2-81f8-f7237f0eb223 received client-request: Request { kind: ReserveTicket, customer: 3044f468-8c2b-4b45-b161-93862ce6d0e0, server: None, raw: .. }
Reserved ticket 3022 for customer 3044f468-8c2b-4b45-b161-93862ce6d0e0
Server 799bb1b2-bd8f-49e2-81f8-f7237f0eb223 received client-request: Request { kind: ReserveTicket, customer: 77aa2d5c-7bfe-422f-90ef-bd5414ca6da5, server: None, raw: .. }
Reserved ticket 3021 for customer 77aa2d5c-7bfe-422f-90ef-bd5414ca6da5
Server 799bb1b2-bd8f-49e2-81f8-f7237f0eb223 received client-request: Request { kind: ReserveTicket, customer: c6746a4d-ec64-4551-94a6-dd26abac3e58, server: None, raw: .. }
Reserved ticket 3020 for customer c6746a4d-ec64-4551-94a6-dd26abac3e58
Server 799bb1b2-bd8f-49e2-81f8-f7237f0eb223 received client-request: Request { kind: ReserveTicket, customer: fe65e7f5-fbda-4f32-8432-c8f2bc6f47e8, server: None, raw: .. }
Reserved ticket 3019 for customer fe65e7f5-fbda-4f32-8432-c8f2bc6f47e8
Server 799bb1b2-bd8f-49e2-81f8-f7237f0eb223 received client-request: Request { kind: ReserveTicket, customer: b807ff16-c9f7-4878-82af-b5a4be9b30e1, server: None, raw: .. }
Reserved ticket 3018 for customer b807ff16-c9f7-4878-82af-b5a4be9b30e1
Server 799bb1b2-bd8f-49e2-81f8-f7237f0eb223 received client-request: Request { kind: ReserveTicket, customer: 67165389-0d33-4f04-a8d5-b2a551d3a14e, server: None, raw: .. }
Reserved ticket 3017 for customer 67165389-0d33-4f04-a8d5-b2a551d3a14e
Server 799bb1b2-bd8f-49e2-81f8-f7237f0eb223 received client-request: Request { kind: ReserveTicket, customer: cede8586-edfb-4a5a-a68b-ef0a050c6abd, server: None, raw: .. }
Reserved ticket 3016 for customer cede8586-edfb-4a5a-a68b-ef0a050c6abd
Server 799bb1b2-bd8f-49e2-81f8-f7237f0eb223 received client-request: Request { kind: ReserveTicket, customer: b1ddd5ce-d7c4-49ce-b39e-a42191abb30e, server: None, raw: .. }
Reserved ticket 3015 for customer b1ddd5ce-d7c4-49ce-b39e-a42191abb30e
Server 799bb1b2-bd8f-49e2-81f8-f7237f0eb223 received client-request: Request { kind: ReserveTicket, customer: 6e4a6d1e-8eb3-4a90-8364-e7df22dbff37, server: None, raw: .. }
Reserved ticket 3014 for customer 6e4a6d1e-8eb3-4a90-8364-e7df22dbff37
Server 799bb1b2-bd8f-49e2-81f8-f7237f0eb223 received client-request: Request { kind: ReserveTicket, customer: b54aef35-2e5d-48d5-9be1-bfa04c270977, server: None, raw: .. }
Reserved ticket 3013 for customer b54aef35-2e5d-48d5-9be1-bfa04c270977
Server 799bb1b2-bd8f-49e2-81f8-f7237f0eb223 received client-request: Request { kind: ReserveTicket, customer: fc91092f-af24-4c4c-b597-f777461d6e66, server: None, raw: .. }
Reserved ticket 3012 for customer fc91092f-af24-4c4c-b597-f777461d6e66
Server 799bb1b2-bd8f-49e2-81f8-f7237f0eb223 received client-request: Request { kind: ReserveTicket, customer: 22a32618-cdbe-43b0-acd5-f1169b94f96e, server: None, raw: .. }
Reserved ticket 3011 for customer 22a32618-cdbe-43b0-acd5-f1169b94f96e
Server 799bb1b2-bd8f-49e2-81f8-f7237f0eb223 received client-request: Request { kind: ReserveTicket, customer: 1926a3bc-005d-4331-b33d-fdfcc2a36311, server: None, raw: .. }
Reserved ticket 3010 for customer 1926a3bc-005d-4331-b33d-fdfcc2a36311
Server 65a51e17-fff5-4036-8b94-6db5de4d28d8 received client-request: Request { kind: ReserveTicket, customer: fe0722f2-3b8d-415e-bc57-62d2f0d5d446, server: None, raw: .. }
Reserved ticket 3009 for customer fe0722f2-3b8d-415e-bc57-62d2f0d5d446
Server 799bb1b2-bd8f-49e2-81f8-f7237f0eb223 received client-request: Request { kind: ReserveTicket, customer: 28ddd72b-84e4-4735-b263-cc69979bb378, server: None, raw: .. }
Reserved ticket 3008 for customer 28ddd72b-84e4-4735-b263-cc69979bb378
Server 799bb1b2-bd8f-49e2-81f8-f7237f0eb223 received client-request: Request { kind: ReserveTicket, customer: 50db48eb-4fbf-4078-86c6-4a501bac4bba, server: None, raw: .. }
Reserved ticket 3007 for customer 50db48eb-4fbf-4078-86c6-4a501bac4bba
Server 799bb1b2-bd8f-49e2-81f8-f7237f0eb223 received client-request: Request { kind: ReserveTicket, customer: 60fc4dfc-5ab0-4af5-9649-ebff215ca42b, server: None, raw: .. }
Reserved ticket 3006 for customer 60fc4dfc-5ab0-4af5-9649-ebff215ca42b
Server 799bb1b2-bd8f-49e2-81f8-f7237f0eb223 received client-request: Request { kind: ReserveTicket, customer: 9c01688b-74bc-4551-b1bf-4f0a966276f8, server: None, raw: .. }
Reserved ticket 3005 for customer 9c01688b-74bc-4551-b1bf-4f0a966276f8
Server 799bb1b2-bd8f-49e2-81f8-f7237f0eb223 received client-request: Request { kind: ReserveTicket, customer: 043c19b4-6d22-4955-a480-2ab2f00fc53f, server: None, raw: .. }
Reserved ticket 3004 for customer 043c19b4-6d22-4955-a480-2ab2f00fc53f
Server 799bb1b2-bd8f-49e2-81f8-f7237f0eb223 received client-request: Request { kind: ReserveTicket, customer: 2c7f5baa-cca6-46e0-aa0c-340f22ef42d0, server: None, raw: .. }
Reserved ticket 3003 for customer 2c7f5baa-cca6-46e0-aa0c-340f22ef42d0
Server 799bb1b2-bd8f-49e2-81f8-f7237f0eb223 received client-request: Request { kind: ReserveTicket, customer: 9fef32d2-c3ac-4386-b31f-e94f06520c68, server: None, raw: .. }
Reserved ticket 3002 for customer 9fef32d2-c3ac-4386-b31f-e94f06520c68
Server 799bb1b2-bd8f-49e2-81f8-f7237f0eb223 received client-request: Request { kind: ReserveTicket, customer: 94f095df-5a51-4e3c-b215-5bff16587a9d, server: None, raw: .. }
Reserved ticket 3001 for customer 94f095df-5a51-4e3c-b215-5bff16587a9d
Server 799bb1b2-bd8f-49e2-81f8-f7237f0eb223 received client-request: Request { kind: ReserveTicket, customer: 08bb9014-e18c-4d2a-9c41-39a8c47552c4, server: None, raw: .. }
Reserved ticket 3000 for customer 08bb9014-e18c-4d2a-9c41-39a8c47552c4
Server 799bb1b2-bd8f-49e2-81f8-f7237f0eb223 received client-request: Request { kind: ReserveTicket, customer: c2942be8-889c-47c6-b0b6-1e75b5a48ffd, server: None, raw: .. }
Reserved ticket 2999 for customer c2942be8-889c-47c6-b0b6-1e75b5a48ffd
Server 799bb1b2-bd8f-49e2-81f8-f7237f0eb223 received client-request: Request { kind: ReserveTicket, customer: 573e84b7-efa3-4805-9d56-e450eef85c0f, server: None, raw: .. }
Reserved ticket 2998 for customer 573e84b7-efa3-4805-9d56-e450eef85c0f
Server 799bb1b2-bd8f-49e2-81f8-f7237f0eb223 received client-request: Request { kind: ReserveTicket, customer: 8d33426f-6080-4304-b52f-12da99e40664, server: None, raw: .. }
Reserved ticket 2997 for customer 8d33426f-6080-4304-b52f-12da99e40664
Server 799bb1b2-bd8f-49e2-81f8-f7237f0eb223 received client-request: Request { kind: ReserveTicket, customer: c35ef148-9d1c-476b-b02a-59b90c12fa39, server: None, raw: .. }
Reserved ticket 2996 for customer c35ef148-9d1c-476b-b02a-59b90c12fa39
Server 799bb1b2-bd8f-49e2-81f8-f7237f0eb223 received client-request: Request { kind: ReserveTicket, customer: 0c2b72b3-2ed5-4133-b6a9-f315a4a67804, server: None, raw: .. }
Reserved ticket 2995 for customer 0c2b72b3-2ed5-4133-b6a9-f315a4a67804
Server 799bb1b2-bd8f-49e2-81f8-f7237f0eb223 received client-request: Request { kind: ReserveTicket, customer: 2847dd82-f49e-4f1d-b1cb-d9575f3483fa, server: None, raw: .. }
Reserved ticket 2994 for customer 2847dd82-f49e-4f1d-b1cb-d9575f3483fa
Server 799bb1b2-bd8f-49e2-81f8-f7237f0eb223 received client-request: Request { kind: ReserveTicket, customer: 5a9e488a-0b82-47bb-a007-94d30899bd0e, server: None, raw: .. }
Reserved ticket 2993 for customer 5a9e488a-0b82-47bb-a007-94d30899bd0e
Server 799bb1b2-bd8f-49e2-81f8-f7237f0eb223 received client-request: Request { kind: ReserveTicket, customer: b4a4164d-7d98-4633-81d3-7fbef87531da, server: None, raw: .. }
Reserved ticket 2992 for customer b4a4164d-7d98-4633-81d3-7fbef87531da
Server 799bb1b2-bd8f-49e2-81f8-f7237f0eb223 received client-request: Request { kind: ReserveTicket, customer: e77ad22e-39e7-4a28-90a2-f319f0745f64, server: None, raw: .. }
Reserved ticket 2991 for customer e77ad22e-39e7-4a28-90a2-f319f0745f64
Server 799bb1b2-bd8f-49e2-81f8-f7237f0eb223 received client-request: Request { kind: ReserveTicket, customer: 58429599-9414-4d42-bf25-4e17338c282d, server: None, raw: .. }
Reserved ticket 2990 for customer 58429599-9414-4d42-bf25-4e17338c282d
Server 65a51e17-fff5-4036-8b94-6db5de4d28d8 received client-request: Request { kind: ReserveTicket, customer: 447ef3db-6ed1-4266-955d-154cbd58b332, server: None, raw: .. }
Reserved ticket 2989 for customer 447ef3db-6ed1-4266-955d-154cbd58b332
Server 799bb1b2-bd8f-49e2-81f8-f7237f0eb223 received client-request: Request { kind: ReserveTicket, customer: 4fe2b02e-8de9-4e02-8546-ab73cf411d24, server: None, raw: .. }
Reserved ticket 2988 for customer 4fe2b02e-8de9-4e02-8546-ab73cf411d24
Server 799bb1b2-bd8f-49e2-81f8-f7237f0eb223 received client-request: Request { kind: ReserveTicket, customer: 21c6428c-1330-4f18-88c7-774556da23b6, server: None, raw: .. }
Reserved ticket 2987 for customer 21c6428c-1330-4f18-88c7-774556da23b6
Server 799bb1b2-bd8f-49e2-81f8-f7237f0eb223 received client-request: Request { kind: ReserveTicket, customer: 3d339c14-a59c-4219-94de-a8c5c711940e, server: None, raw: .. }
Reserved ticket 2986 for customer 3d339c14-a59c-4219-94de-a8c5c711940e
Server 799bb1b2-bd8f-49e2-81f8-f7237f0eb223 received client-request: Request { kind: ReserveTicket, customer: 2e945310-e8de-479e-afda-4a3416fc3696, server: None, raw: .. }
Reserved ticket 2985 for customer 2e945310-e8de-479e-afda-4a3416fc3696
Server 799bb1b2-bd8f-49e2-81f8-f7237f0eb223 received client-request: Request { kind: ReserveTicket, customer: 3f6eca8a-63f6-4a66-b675-843cf12eb747, server: None, raw: .. }
Reserved ticket 2984 for customer 3f6eca8a-63f6-4a66-b675-843cf12eb747
Server 799bb1b2-bd8f-49e2-81f8-f7237f0eb223 received client-request: Request { kind: ReserveTicket, customer: b2549f47-88d1-477b-8cb7-90f79e157e2a, server: None, raw: .. }
Reserved ticket 2983 for customer b2549f47-88d1-477b-8cb7-90f79e157e2a
Server 799bb1b2-bd8f-49e2-81f8-f7237f0eb223 received client-request: Request { kind: ReserveTicket, customer: 99f8800a-48c6-4a59-bbb8-6ba9481bfa91, server: None, raw: .. }
Reserved ticket 2982 for customer 99f8800a-48c6-4a59-bbb8-6ba9481bfa91
Server 799bb1b2-bd8f-49e2-81f8-f7237f0eb223 received client-request: Request { kind: ReserveTicket, customer: 1c4c3a3d-40d7-4908-bfcb-b71b68457048, server: None, raw: .. }
Reserved ticket 2981 for customer 1c4c3a3d-40d7-4908-bfcb-b71b68457048
Server 799bb1b2-bd8f-49e2-81f8-f7237f0eb223 received client-request: Request { kind: ReserveTicket, customer: 20f645c2-75e0-47f5-ac84-b7f5ad84488b, server: None, raw: .. }
Reserved ticket 2980 for customer 20f645c2-75e0-47f5-ac84-b7f5ad84488b
Server 799bb1b2-bd8f-49e2-81f8-f7237f0eb223 received client-request: Request { kind: ReserveTicket, customer: 2168a7fc-6fee-4a63-babc-786bd688646c, server: None, raw: .. }
Reserved ticket 2979 for customer 2168a7fc-6fee-4a63-babc-786bd688646c
Server 799bb1b2-bd8f-49e2-81f8-f7237f0eb223 received client-request: Request { kind: ReserveTicket, customer: 0cbe7365-d71a-42aa-a68c-3a27055359d3, server: None, raw: .. }
Reserved ticket 2978 for customer 0cbe7365-d71a-42aa-a68c-3a27055359d3
Server 799bb1b2-bd8f-49e2-81f8-f7237f0eb223 received client-request: Request { kind: ReserveTicket, customer: b47a67cf-e6b7-4f6a-ac5c-df5af77af1b0, server: None, raw: .. }
Reserved ticket 2977 for customer b47a67cf-e6b7-4f6a-ac5c-df5af77af1b0
Server 799bb1b2-bd8f-49e2-81f8-f7237f0eb223 received client-request: Request { kind: ReserveTicket, customer: ae5613b1-0e73-4acf-93ca-6ce1a2f88715, server: None, raw: .. }
Reserved ticket 2976 for customer ae5613b1-0e73-4acf-93ca-6ce1a2f88715
Server 799bb1b2-bd8f-49e2-81f8-f7237f0eb223 received client-request: Request { kind: ReserveTicket, customer: cd332cd7-90a1-41a0-88c7-823995bc61dd, server: None, raw: .. }
Reserved ticket 2975 for customer cd332cd7-90a1-41a0-88c7-823995bc61dd
Server 799bb1b2-bd8f-49e2-81f8-f7237f0eb223 received client-request: Request { kind: ReserveTicket, customer: 25d72d79-606c-4559-85f3-3718d9ebe5cc, server: None, raw: .. }
Reserved ticket 2974 for customer 25d72d79-606c-4559-85f3-3718d9ebe5cc
Server 799bb1b2-bd8f-49e2-81f8-f7237f0eb223 received client-request: Request { kind: ReserveTicket, customer: a7b57117-7144-48c8-852a-4bc8b8abc46b, server: None, raw: .. }
Reserved ticket 2973 for customer a7b57117-7144-48c8-852a-4bc8b8abc46b
Server 799bb1b2-bd8f-49e2-81f8-f7237f0eb223 received client-request: Request { kind: ReserveTicket, customer: 1ba89605-7880-4c11-8a22-82a29445128d, server: None, raw: .. }
Reserved ticket 2972 for customer 1ba89605-7880-4c11-8a22-82a29445128d
Server 799bb1b2-bd8f-49e2-81f8-f7237f0eb223 received client-request: Request { kind: ReserveTicket, customer: ea6e5b8f-3f1b-4a02-931d-70dc3ab85c4a, server: None, raw: .. }
Reserved ticket 2971 for customer ea6e5b8f-3f1b-4a02-931d-70dc3ab85c4a
Server 799bb1b2-bd8f-49e2-81f8-f7237f0eb223 received client-request: Request { kind: ReserveTicket, customer: a940f7b8-cb28-4036-bc66-cdec47218c3f, server: None, raw: .. }
Reserved ticket 2970 for customer a940f7b8-cb28-4036-bc66-cdec47218c3f
Server 65a51e17-fff5-4036-8b94-6db5de4d28d8 received client-request: Request { kind: ReserveTicket, customer: 66e36d9d-29a4-4901-93bd-da8324f17ae5, server: None, raw: .. }
Reserved ticket 2969 for customer 66e36d9d-29a4-4901-93bd-da8324f17ae5
Server 799bb1b2-bd8f-49e2-81f8-f7237f0eb223 received client-request: Request { kind: ReserveTicket, customer: ca96e960-5791-4d3f-9b40-aff80d822f40, server: None, raw: .. }
Reserved ticket 2968 for customer ca96e960-5791-4d3f-9b40-aff80d822f40
Server 799bb1b2-bd8f-49e2-81f8-f7237f0eb223 received client-request: Request { kind: ReserveTicket, customer: 3386465d-5cb8-428b-add9-d955f9e4e809, server: None, raw: .. }
Reserved ticket 2967 for customer 3386465d-5cb8-428b-add9-d955f9e4e809
Server 799bb1b2-bd8f-49e2-81f8-f7237f0eb223 received client-request: Request { kind: ReserveTicket, customer: 9fafebb5-be22-4576-aade-b44bce12b7b2, server: None, raw: .. }
Reserved ticket 2966 for customer 9fafebb5-be22-4576-aade-b44bce12b7b2
Server 799bb1b2-bd8f-49e2-81f8-f7237f0eb223 received client-request: Request { kind: ReserveTicket, customer: 78739dff-2791-4669-8b1d-fff18b7d456d, server: None, raw: .. }
Reserved ticket 2965 for customer 78739dff-2791-4669-8b1d-fff18b7d456d
Server 799bb1b2-bd8f-49e2-81f8-f7237f0eb223 received client-request: Request { kind: ReserveTicket, customer: 9192dac1-2057-4611-b5b4-a4ab6d40d3d8, server: None, raw: .. }
Reserved ticket 2964 for customer 9192dac1-2057-4611-b5b4-a4ab6d40d3d8
Server 799bb1b2-bd8f-49e2-81f8-f7237f0eb223 received client-request: Request { kind: ReserveTicket, customer: 25e6c67f-d342-4505-9a5c-2d67a2c41f9d, server: None, raw: .. }
Reserved ticket 2963 for customer 25e6c67f-d342-4505-9a5c-2d67a2c41f9d
Server 799bb1b2-bd8f-49e2-81f8-f7237f0eb223 received client-request: Request { kind: ReserveTicket, customer: 332aa6df-b267-4672-bfe1-191f9a44b4d2, server: None, raw: .. }
Reserved ticket 2962 for customer 332aa6df-b267-4672-bfe1-191f9a44b4d2
Server 799bb1b2-bd8f-49e2-81f8-f7237f0eb223 received client-request: Request { kind: ReserveTicket, customer: ce00a2a8-002c-4c21-8e5c-44a323c4143e, server: None, raw: .. }
Reserved ticket 2961 for customer ce00a2a8-002c-4c21-8e5c-44a323c4143e
Server 799bb1b2-bd8f-49e2-81f8-f7237f0eb223 received client-request: Request { kind: ReserveTicket, customer: 2032bbd9-e448-4f4f-a072-52a89ab05cd8, server: None, raw: .. }
Reserved ticket 2960 for customer 2032bbd9-e448-4f4f-a072-52a89ab05cd8
Server 799bb1b2-bd8f-49e2-81f8-f7237f0eb223 received client-request: Request { kind: ReserveTicket, customer: 1311907e-f91a-4205-8840-12f2f0b5499d, server: None, raw: .. }
Reserved ticket 2959 for customer 1311907e-f91a-4205-8840-12f2f0b5499d
Server 799bb1b2-bd8f-49e2-81f8-f7237f0eb223 received client-request: Request { kind: ReserveTicket, customer: 0d55a7c4-59d8-4855-9e64-af9bef96a002, server: None, raw: .. }
Reserved ticket 2958 for customer 0d55a7c4-59d8-4855-9e64-af9bef96a002
Server 799bb1b2-bd8f-49e2-81f8-f7237f0eb223 received client-request: Request { kind: ReserveTicket, customer: 65cb5e94-e866-4590-82c2-7d593e540f64, server: None, raw: .. }
Reserved ticket 2957 for customer 65cb5e94-e866-4590-82c2-7d593e540f64
Server 799bb1b2-bd8f-49e2-81f8-f7237f0eb223 received client-request: Request { kind: ReserveTicket, customer: 641187f0-d822-4a1e-b5c9-3bbb01b5cc62, server: None, raw: .. }
Reserved ticket 2956 for customer 641187f0-d822-4a1e-b5c9-3bbb01b5cc62
Server 799bb1b2-bd8f-49e2-81f8-f7237f0eb223 received client-request: Request { kind: ReserveTicket, customer: 5c5a3e18-3551-4bf6-a5b7-70bc123efa39, server: None, raw: .. }
Reserved ticket 2955 for customer 5c5a3e18-3551-4bf6-a5b7-70bc123efa39
Server 799bb1b2-bd8f-49e2-81f8-f7237f0eb223 received client-request: Request { kind: ReserveTicket, customer: 98080e04-50ef-448b-8693-71ac5ce93edc, server: None, raw: .. }
Reserved ticket 2954 for customer 98080e04-50ef-448b-8693-71ac5ce93edc
Server 799bb1b2-bd8f-49e2-81f8-f7237f0eb223 received client-request: Request { kind: ReserveTicket, customer: 92786eab-8493-455d-9841-0c2a65d0ce2c, server: None, raw: .. }
Reserved ticket 2953 for customer 92786eab-8493-455d-9841-0c2a65d0ce2c
Server 799bb1b2-bd8f-49e2-81f8-f7237f0eb223 received client-request: Request { kind: ReserveTicket, customer: 7d9adc5d-528d-4ac1-acef-093c8b5bce40, server: None, raw: .. }
Reserved ticket 2952 for customer 7d9adc5d-528d-4ac1-acef-093c8b5bce40
Server 799bb1b2-bd8f-49e2-81f8-f7237f0eb223 received client-request: Request { kind: ReserveTicket, customer: 74b82ec0-bcee-46f7-a98b-e16f07f04ec0, server: None, raw: .. }
Reserved ticket 2951 for customer 74b82ec0-bcee-46f7-a98b-e16f07f04ec0
Server 799bb1b2-bd8f-49e2-81f8-f7237f0eb223 received client-request: Request { kind: ReserveTicket, customer: 0f5aada7-aa09-45f9-bfda-a7ef8431aa75, server: None, raw: .. }
Reserved ticket 2950 for customer 0f5aada7-aa09-45f9-bfda-a7ef8431aa75
Server 65a51e17-fff5-4036-8b94-6db5de4d28d8 received client-request: Request { kind: ReserveTicket, customer: 25b81968-a265-4e36-8e06-88b9d394ae30, server: None, raw: .. }
Reserved ticket 2949 for customer 25b81968-a265-4e36-8e06-88b9d394ae30
Server 799bb1b2-bd8f-49e2-81f8-f7237f0eb223 received client-request: Request { kind: ReserveTicket, customer: 3236524c-f061-4a02-96f6-09d5deef996a, server: None, raw: .. }
Reserved ticket 2948 for customer 3236524c-f061-4a02-96f6-09d5deef996a
Server 799bb1b2-bd8f-49e2-81f8-f7237f0eb223 received client-request: Request { kind: ReserveTicket, customer: 6a6d4114-44f3-4b40-ac35-4a575d703449, server: None, raw: .. }
Reserved ticket 2947 for customer 6a6d4114-44f3-4b40-ac35-4a575d703449
Server 799bb1b2-bd8f-49e2-81f8-f7237f0eb223 received client-request: Request { kind: ReserveTicket, customer: a127fc83-2b5e-4baa-bfee-8609d7ad136b, server: None, raw: .. }
Reserved ticket 2946 for customer a127fc83-2b5e-4baa-bfee-8609d7ad136b
Server 799bb1b2-bd8f-49e2-81f8-f7237f0eb223 received client-request: Request { kind: ReserveTicket, customer: 39c7c2eb-fc0e-469e-ae31-5a2394596f47, server: None, raw: .. }
Reserved ticket 2945 for customer 39c7c2eb-fc0e-469e-ae31-5a2394596f47
Server 799bb1b2-bd8f-49e2-81f8-f7237f0eb223 received client-request: Request { kind: ReserveTicket, customer: 2ed2bc04-2d2d-4553-9836-9552d2378969, server: None, raw: .. }
Reserved ticket 2944 for customer 2ed2bc04-2d2d-4553-9836-9552d2378969
Server 799bb1b2-bd8f-49e2-81f8-f7237f0eb223 received client-request: Request { kind: ReserveTicket, customer: a69d9131-8e4c-4c07-8890-2c348bdf6a5f, server: None, raw: .. }
Reserved ticket 2943 for customer a69d9131-8e4c-4c07-8890-2c348bdf6a5f
Server 799bb1b2-bd8f-49e2-81f8-f7237f0eb223 received client-request: Request { kind: ReserveTicket, customer: d0b68678-a466-4145-b3e1-45eb7af23a6b, server: None, raw: .. }
Reserved ticket 2942 for customer d0b68678-a466-4145-b3e1-45eb7af23a6b
Server 799bb1b2-bd8f-49e2-81f8-f7237f0eb223 received client-request: Request { kind: ReserveTicket, customer: 144a4268-81a8-48cc-802e-255b88926559, server: None, raw: .. }
Reserved ticket 2941 for customer 144a4268-81a8-48cc-802e-255b88926559
Server 799bb1b2-bd8f-49e2-81f8-f7237f0eb223 received client-request: Request { kind: ReserveTicket, customer: 2cb66ecc-0115-4963-b9c2-55a3f5b4a1fa, server: None, raw: .. }
Reserved ticket 2940 for customer 2cb66ecc-0115-4963-b9c2-55a3f5b4a1fa
Server 799bb1b2-bd8f-49e2-81f8-f7237f0eb223 received client-request: Request { kind: ReserveTicket, customer: 9e55387a-4e19-4dca-8548-2baac178452a, server: None, raw: .. }
Reserved ticket 2939 for customer 9e55387a-4e19-4dca-8548-2baac178452a
Server 799bb1b2-bd8f-49e2-81f8-f7237f0eb223 received client-request: Request { kind: ReserveTicket, customer: 8448d6da-e0d0-4a0d-a744-60e74ea13699, server: None, raw: .. }
Reserved ticket 2938 for customer 8448d6da-e0d0-4a0d-a744-60e74ea13699
Server 799bb1b2-bd8f-49e2-81f8-f7237f0eb223 received client-request: Request { kind: ReserveTicket, customer: 057ad6c5-e27f-4d7d-a1e1-6b976cc5eb77, server: None, raw: .. }
Reserved ticket 2937 for customer 057ad6c5-e27f-4d7d-a1e1-6b976cc5eb77
Server 799bb1b2-bd8f-49e2-81f8-f7237f0eb223 received client-request: Request { kind: ReserveTicket, customer: c6beb879-2dfc-4dee-afb2-bda1bd41ab97, server: None, raw: .. }
Reserved ticket 2936 for customer c6beb879-2dfc-4dee-afb2-bda1bd41ab97
Server 799bb1b2-bd8f-49e2-81f8-f7237f0eb223 received client-request: Request { kind: ReserveTicket, customer: 08d3114e-9bb7-45a1-8137-0924c42dab18, server: None, raw: .. }
Reserved ticket 2935 for customer 08d3114e-9bb7-45a1-8137-0924c42dab18
Server 799bb1b2-bd8f-49e2-81f8-f7237f0eb223 received client-request: Request { kind: ReserveTicket, customer: 7433c624-b421-4ede-a660-70542e610069, server: None, raw: .. }
Reserved ticket 2934 for customer 7433c624-b421-4ede-a660-70542e610069
Server 799bb1b2-bd8f-49e2-81f8-f7237f0eb223 received client-request: Request { kind: ReserveTicket, customer: 0c1130fd-2b8e-4cdf-a523-febf30d7ab02, server: None, raw: .. }
Reserved ticket 2933 for customer 0c1130fd-2b8e-4cdf-a523-febf30d7ab02
Server 799bb1b2-bd8f-49e2-81f8-f7237f0eb223 received client-request: Request { kind: ReserveTicket, customer: 489caa97-5d97-4c25-8e47-3ab4c894b24e, server: None, raw: .. }
Reserved ticket 2932 for customer 489caa97-5d97-4c25-8e47-3ab4c894b24e
Server 799bb1b2-bd8f-49e2-81f8-f7237f0eb223 received client-request: Request { kind: ReserveTicket, customer: f4b3ea88-6718-4b96-8c9a-4186cffae9d6, server: None, raw: .. }
Reserved ticket 2931 for customer f4b3ea88-6718-4b96-8c9a-4186cffae9d6
Server 799bb1b2-bd8f-49e2-81f8-f7237f0eb223 received client-request: Request { kind: ReserveTicket, customer: 7fb0e197-0538-4538-8d0a-7813466032ed, server: None, raw: .. }
Reserved ticket 2930 for customer 7fb0e197-0538-4538-8d0a-7813466032ed
Server 65a51e17-fff5-4036-8b94-6db5de4d28d8 received client-request: Request { kind: ReserveTicket, customer: 09164079-865c-4a75-bf07-5fea8a51bfa8, server: None, raw: .. }
Reserved ticket 2929 for customer 09164079-865c-4a75-bf07-5fea8a51bfa8
Server 799bb1b2-bd8f-49e2-81f8-f7237f0eb223 received client-request: Request { kind: ReserveTicket, customer: c235e35d-ceb2-48e7-88f8-dcbb329e4e2f, server: None, raw: .. }
Reserved ticket 2928 for customer c235e35d-ceb2-48e7-88f8-dcbb329e4e2f
Server 799bb1b2-bd8f-49e2-81f8-f7237f0eb223 received client-request: Request { kind: ReserveTicket, customer: d150f7d5-5494-45e3-9b4b-475b74640c0c, server: None, raw: .. }
Reserved ticket 2927 for customer d150f7d5-5494-45e3-9b4b-475b74640c0c
Server 799bb1b2-bd8f-49e2-81f8-f7237f0eb223 received client-request: Request { kind: ReserveTicket, customer: 5dfc5ae4-48b9-48e9-8285-1f631191a2d0, server: None, raw: .. }
Reserved ticket 2926 for customer 5dfc5ae4-48b9-48e9-8285-1f631191a2d0
Server 799bb1b2-bd8f-49e2-81f8-f7237f0eb223 received client-request: Request { kind: ReserveTicket, customer: 37bffea1-2b5a-4900-9e7e-7856008874fd, server: None, raw: .. }
Reserved ticket 2925 for customer 37bffea1-2b5a-4900-9e7e-7856008874fd
Server 799bb1b2-bd8f-49e2-81f8-f7237f0eb223 received client-request: Request { kind: ReserveTicket, customer: 18c1b795-cf57-43a2-945c-586cdd5ca291, server: None, raw: .. }
Reserved ticket 2924 for customer 18c1b795-cf57-43a2-945c-586cdd5ca291
Server 799bb1b2-bd8f-49e2-81f8-f7237f0eb223 received client-request: Request { kind: ReserveTicket, customer: 3f90bbc9-56d0-4aa4-a317-40415a025853, server: None, raw: .. }
Reserved ticket 2923 for customer 3f90bbc9-56d0-4aa4-a317-40415a025853
Server 799bb1b2-bd8f-49e2-81f8-f7237f0eb223 received client-request: Request { kind: ReserveTicket, customer: 2697b026-d190-458d-aa56-fa2915210054, server: None, raw: .. }
Reserved ticket 2922 for customer 2697b026-d190-458d-aa56-fa2915210054
Server 799bb1b2-bd8f-49e2-81f8-f7237f0eb223 received client-request: Request { kind: ReserveTicket, customer: cc770f57-2b60-488f-a180-a0fb545b9f67, server: None, raw: .. }
Reserved ticket 2921 for customer cc770f57-2b60-488f-a180-a0fb545b9f67
Server 799bb1b2-bd8f-49e2-81f8-f7237f0eb223 received client-request: Request { kind: ReserveTicket, customer: 952587c6-0928-4f79-97ec-68bd7b773a9d, server: None, raw: .. }
Reserved ticket 2920 for customer 952587c6-0928-4f79-97ec-68bd7b773a9d
Server 799bb1b2-bd8f-49e2-81f8-f7237f0eb223 received client-request: Request { kind: ReserveTicket, customer: 5f26d2c1-24db-4d07-a589-4e6b13671b7b, server: None, raw: .. }
Reserved ticket 2919 for customer 5f26d2c1-24db-4d07-a589-4e6b13671b7b
Server 799bb1b2-bd8f-49e2-81f8-f7237f0eb223 received client-request: Request { kind: ReserveTicket, customer: bed3bc0b-0a73-4ddd-acfa-db9b584ebda4, server: None, raw: .. }
Reserved ticket 2918 for customer bed3bc0b-0a73-4ddd-acfa-db9b584ebda4
Server 799bb1b2-bd8f-49e2-81f8-f7237f0eb223 received client-request: Request { kind: ReserveTicket, customer: b94515ac-edac-4cb4-8c27-9418b85448b9, server: None, raw: .. }
Reserved ticket 2917 for customer b94515ac-edac-4cb4-8c27-9418b85448b9
Server 799bb1b2-bd8f-49e2-81f8-f7237f0eb223 received client-request: Request { kind: ReserveTicket, customer: 77625ff4-4d55-43ba-94ec-25c443e0de96, server: None, raw: .. }
Reserved ticket 2916 for customer 77625ff4-4d55-43ba-94ec-25c443e0de96
Server 799bb1b2-bd8f-49e2-81f8-f7237f0eb223 received client-request: Request { kind: ReserveTicket, customer: 0113857e-0379-4d79-9f2c-625f01a212d6, server: None, raw: .. }
Reserved ticket 2915 for customer 0113857e-0379-4d79-9f2c-625f01a212d6
Server 799bb1b2-bd8f-49e2-81f8-f7237f0eb223 received client-request: Request { kind: ReserveTicket, customer: 0ad58af7-f1b9-4c50-8b6f-df584126eb85, server: None, raw: .. }
Reserved ticket 2914 for customer 0ad58af7-f1b9-4c50-8b6f-df584126eb85
Server 799bb1b2-bd8f-49e2-81f8-f7237f0eb223 received client-request: Request { kind: ReserveTicket, customer: 19ed5ef6-abdc-461b-806d-8fc12b63a43d, server: None, raw: .. }
Reserved ticket 2913 for customer 19ed5ef6-abdc-461b-806d-8fc12b63a43d
Server 799bb1b2-bd8f-49e2-81f8-f7237f0eb223 received client-request: Request { kind: ReserveTicket, customer: d8243347-2dc5-4ae6-b8ea-fe7746d8e383, server: None, raw: .. }
Reserved ticket 2912 for customer d8243347-2dc5-4ae6-b8ea-fe7746d8e383
Server 799bb1b2-bd8f-49e2-81f8-f7237f0eb223 received client-request: Request { kind: ReserveTicket, customer: 7d8a2ee0-a0ae-4502-b5f9-379031eb66b1, server: None, raw: .. }
Reserved ticket 2911 for customer 7d8a2ee0-a0ae-4502-b5f9-379031eb66b1
Server 799bb1b2-bd8f-49e2-81f8-f7237f0eb223 received client-request: Request { kind: ReserveTicket, customer: ac45c856-f6b0-4518-9887-62fa550cef22, server: None, raw: .. }
Reserved ticket 2910 for customer ac45c856-f6b0-4518-9887-62fa550cef22
Server 65a51e17-fff5-4036-8b94-6db5de4d28d8 received client-request: Request { kind: ReserveTicket, customer: a247d907-42b6-4a5d-965e-f5e4e19b58b6, server: None, raw: .. }
Reserved ticket 2909 for customer a247d907-42b6-4a5d-965e-f5e4e19b58b6
Server 799bb1b2-bd8f-49e2-81f8-f7237f0eb223 received client-request: Request { kind: ReserveTicket, customer: f785aae0-7a61-4fb7-b0e3-1074358a0cee, server: None, raw: .. }
Reserved ticket 2908 for customer f785aae0-7a61-4fb7-b0e3-1074358a0cee
Server 799bb1b2-bd8f-49e2-81f8-f7237f0eb223 received client-request: Request { kind: ReserveTicket, customer: 9d76a0fe-cb4b-4ad8-b516-63dc9c40ddfa, server: None, raw: .. }
Reserved ticket 2907 for customer 9d76a0fe-cb4b-4ad8-b516-63dc9c40ddfa
Server 799bb1b2-bd8f-49e2-81f8-f7237f0eb223 received client-request: Request { kind: ReserveTicket, customer: 93813577-d2eb-47fb-85e0-2adc7659e264, server: None, raw: .. }
Reserved ticket 2906 for customer 93813577-d2eb-47fb-85e0-2adc7659e264
Server 799bb1b2-bd8f-49e2-81f8-f7237f0eb223 received client-request: Request { kind: ReserveTicket, customer: b367a362-e2eb-4a76-b34e-83ffccb5bb5a, server: None, raw: .. }
Reserved ticket 2905 for customer b367a362-e2eb-4a76-b34e-83ffccb5bb5a
Server 799bb1b2-bd8f-49e2-81f8-f7237f0eb223 received client-request: Request { kind: ReserveTicket, customer: 9a55234a-b1a7-4881-a217-407a565c71d7, server: None, raw: .. }
Reserved ticket 2904 for customer 9a55234a-b1a7-4881-a217-407a565c71d7
Server 799bb1b2-bd8f-49e2-81f8-f7237f0eb223 received client-request: Request { kind: ReserveTicket, customer: b338662c-b76c-44e8-b165-296463bbcc77, server: None, raw: .. }
Reserved ticket 2903 for customer b338662c-b76c-44e8-b165-296463bbcc77
Server 799bb1b2-bd8f-49e2-81f8-f7237f0eb223 received client-request: Request { kind: ReserveTicket, customer: 3315fb75-51f4-49f6-8873-a666edcc60c4, server: None, raw: .. }
Reserved ticket 2902 for customer 3315fb75-51f4-49f6-8873-a666edcc60c4
Server 799bb1b2-bd8f-49e2-81f8-f7237f0eb223 received client-request: Request { kind: ReserveTicket, customer: a0644b4b-613f-43b7-b845-6ac59aa33d6b, server: None, raw: .. }
Reserved ticket 2901 for customer a0644b4b-613f-43b7-b845-6ac59aa33d6b
Server 799bb1b2-bd8f-49e2-81f8-f7237f0eb223 received client-request: Request { kind: ReserveTicket, customer: da5d2190-6013-4a22-a662-e5d6db18c367, server: None, raw: .. }
Reserved ticket 2900 for customer da5d2190-6013-4a22-a662-e5d6db18c367
Server 799bb1b2-bd8f-49e2-81f8-f7237f0eb223 received client-request: Request { kind: ReserveTicket, customer: 0dac56aa-d095-4545-9ed7-0d511daf078b, server: None, raw: .. }
Reserved ticket 2899 for customer 0dac56aa-d095-4545-9ed7-0d511daf078b
Server 799bb1b2-bd8f-49e2-81f8-f7237f0eb223 received client-request: Request { kind: ReserveTicket, customer: a2965058-83c2-43f9-9faf-5998a6d29ec4, server: None, raw: .. }
Reserved ticket 2898 for customer a2965058-83c2-43f9-9faf-5998a6d29ec4
Server 799bb1b2-bd8f-49e2-81f8-f7237f0eb223 received client-request: Request { kind: ReserveTicket, customer: 5b3746d7-fc8e-49f2-b70f-d16494e34c69, server: None, raw: .. }
Reserved ticket 2897 for customer 5b3746d7-fc8e-49f2-b70f-d16494e34c69
Server 799bb1b2-bd8f-49e2-81f8-f7237f0eb223 received client-request: Request { kind: ReserveTicket, customer: e4d0350d-88c7-4847-9a94-1961d1e85b7e, server: None, raw: .. }
Reserved ticket 2896 for customer e4d0350d-88c7-4847-9a94-1961d1e85b7e
Server 799bb1b2-bd8f-49e2-81f8-f7237f0eb223 received client-request: Request { kind: ReserveTicket, customer: fc71577a-af29-4b0d-866d-21598f58a739, server: None, raw: .. }
Reserved ticket 2895 for customer fc71577a-af29-4b0d-866d-21598f58a739
Server 799bb1b2-bd8f-49e2-81f8-f7237f0eb223 received client-request: Request { kind: ReserveTicket, customer: d9f6c508-e9b9-49e8-a995-55da02633235, server: None, raw: .. }
Reserved ticket 2894 for customer d9f6c508-e9b9-49e8-a995-55da02633235
Server 799bb1b2-bd8f-49e2-81f8-f7237f0eb223 received client-request: Request { kind: ReserveTicket, customer: 0deff123-fe60-44ea-bc9c-2408b3a94dd6, server: None, raw: .. }
Reserved ticket 2893 for customer 0deff123-fe60-44ea-bc9c-2408b3a94dd6
Server 799bb1b2-bd8f-49e2-81f8-f7237f0eb223 received client-request: Request { kind: ReserveTicket, customer: 394f58ac-e418-41bd-a165-ba947a76fe80, server: None, raw: .. }
Reserved ticket 2892 for customer 394f58ac-e418-41bd-a165-ba947a76fe80
Server 799bb1b2-bd8f-49e2-81f8-f7237f0eb223 received client-request: Request { kind: ReserveTicket, customer: e62a9edb-785c-4ee5-b7ac-36da156e9bcd, server: None, raw: .. }
Reserved ticket 2891 for customer e62a9edb-785c-4ee5-b7ac-36da156e9bcd
Server 799bb1b2-bd8f-49e2-81f8-f7237f0eb223 received client-request: Request { kind: ReserveTicket, customer: 79355c69-7ecc-4d9a-8bb8-359c23f28a4d, server: None, raw: .. }
Reserved ticket 2890 for customer 79355c69-7ecc-4d9a-8bb8-359c23f28a4d
Server 65a51e17-fff5-4036-8b94-6db5de4d28d8 received client-request: Request { kind: ReserveTicket, customer: 8cbc1e98-f8a2-4db9-93c1-33a0bd796693, server: None, raw: .. }
Reserved ticket 2889 for customer 8cbc1e98-f8a2-4db9-93c1-33a0bd796693
Server 799bb1b2-bd8f-49e2-81f8-f7237f0eb223 received client-request: Request { kind: ReserveTicket, customer: da0866b6-6990-496f-92ad-d422dce8d6f6, server: None, raw: .. }
Reserved ticket 2888 for customer da0866b6-6990-496f-92ad-d422dce8d6f6
Server 799bb1b2-bd8f-49e2-81f8-f7237f0eb223 received client-request: Request { kind: ReserveTicket, customer: da647ce6-4db4-498e-b176-79f6c71e3947, server: None, raw: .. }
Reserved ticket 2887 for customer da647ce6-4db4-498e-b176-79f6c71e3947
Server 799bb1b2-bd8f-49e2-81f8-f7237f0eb223 received client-request: Request { kind: ReserveTicket, customer: ccfc57ce-9b2d-46ca-be2f-f680cca6b1b6, server: None, raw: .. }
Reserved ticket 2886 for customer ccfc57ce-9b2d-46ca-be2f-f680cca6b1b6
Server 799bb1b2-bd8f-49e2-81f8-f7237f0eb223 received client-request: Request { kind: ReserveTicket, customer: 0c626948-0589-4448-830d-d49402e375a0, server: None, raw: .. }
Reserved ticket 2885 for customer 0c626948-0589-4448-830d-d49402e375a0
Server 799bb1b2-bd8f-49e2-81f8-f7237f0eb223 received client-request: Request { kind: ReserveTicket, customer: 17b92ad1-7382-4acf-845c-fa5593ab0bb6, server: None, raw: .. }
Reserved ticket 2884 for customer 17b92ad1-7382-4acf-845c-fa5593ab0bb6
Server 799bb1b2-bd8f-49e2-81f8-f7237f0eb223 received client-request: Request { kind: ReserveTicket, customer: f069298c-84d9-44bb-b130-10f147e1f70f, server: None, raw: .. }
Reserved ticket 2883 for customer f069298c-84d9-44bb-b130-10f147e1f70f
Server 799bb1b2-bd8f-49e2-81f8-f7237f0eb223 received client-request: Request { kind: ReserveTicket, customer: 7476d107-2915-4929-b89c-75c8f6a6e1c2, server: None, raw: .. }
Reserved ticket 2882 for customer 7476d107-2915-4929-b89c-75c8f6a6e1c2
Server 799bb1b2-bd8f-49e2-81f8-f7237f0eb223 received client-request: Request { kind: ReserveTicket, customer: 3af89128-c80d-452e-9620-6533cd6049f1, server: None, raw: .. }
Reserved ticket 2881 for customer 3af89128-c80d-452e-9620-6533cd6049f1
Server 799bb1b2-bd8f-49e2-81f8-f7237f0eb223 received client-request: Request { kind: ReserveTicket, customer: 2fed2c07-e964-459a-bc03-a38e6c1783f5, server: None, raw: .. }
Reserved ticket 2880 for customer 2fed2c07-e964-459a-bc03-a38e6c1783f5
Server 799bb1b2-bd8f-49e2-81f8-f7237f0eb223 received client-request: Request { kind: ReserveTicket, customer: c4aaeaae-9ce9-420a-948f-6bbb90ec8c2a, server: None, raw: .. }
Reserved ticket 2879 for customer c4aaeaae-9ce9-420a-948f-6bbb90ec8c2a
Server 799bb1b2-bd8f-49e2-81f8-f7237f0eb223 received client-request: Request { kind: ReserveTicket, customer: b77b07e8-01df-4282-88c9-0c666d6421b4, server: None, raw: .. }
Reserved ticket 2878 for customer b77b07e8-01df-4282-88c9-0c666d6421b4
Server 799bb1b2-bd8f-49e2-81f8-f7237f0eb223 received client-request: Request { kind: ReserveTicket, customer: f2421ed1-acc3-48dc-84f0-ab3ce4720864, server: None, raw: .. }
Reserved ticket 2877 for customer f2421ed1-acc3-48dc-84f0-ab3ce4720864
Server 799bb1b2-bd8f-49e2-81f8-f7237f0eb223 received client-request: Request { kind: ReserveTicket, customer: 50054286-271d-4121-9331-95f894b207a2, server: None, raw: .. }
Reserved ticket 2876 for customer 50054286-271d-4121-9331-95f894b207a2
Server 799bb1b2-bd8f-49e2-81f8-f7237f0eb223 received client-request: Request { kind: ReserveTicket, customer: 1f38ae17-dc65-4715-a77f-76dd4dcf3559, server: None, raw: .. }
Reserved ticket 2875 for customer 1f38ae17-dc65-4715-a77f-76dd4dcf3559
Server 799bb1b2-bd8f-49e2-81f8-f7237f0eb223 received client-request: Request { kind: ReserveTicket, customer: 2dfe3d9d-104c-4c76-acf0-c8cda2821eea, server: None, raw: .. }
Reserved ticket 2874 for customer 2dfe3d9d-104c-4c76-acf0-c8cda2821eea
Server 799bb1b2-bd8f-49e2-81f8-f7237f0eb223 received client-request: Request { kind: ReserveTicket, customer: 9b49181a-8512-4210-8833-5e91a675a861, server: None, raw: .. }
Reserved ticket 2873 for customer 9b49181a-8512-4210-8833-5e91a675a861
Server 799bb1b2-bd8f-49e2-81f8-f7237f0eb223 received client-request: Request { kind: ReserveTicket, customer: ea59ba79-860d-4432-8ade-6ade5dd2f278, server: None, raw: .. }
Reserved ticket 2872 for customer ea59ba79-860d-4432-8ade-6ade5dd2f278
Server 799bb1b2-bd8f-49e2-81f8-f7237f0eb223 received client-request: Request { kind: ReserveTicket, customer: 939acce3-982d-468f-a457-b33ce6cf7058, server: None, raw: .. }
Reserved ticket 2871 for customer 939acce3-982d-468f-a457-b33ce6cf7058
Server 799bb1b2-bd8f-49e2-81f8-f7237f0eb223 received client-request: Request { kind: ReserveTicket, customer: 3f38d010-df2f-4daa-83fe-07cfb74af3ed, server: None, raw: .. }
Reserved ticket 2870 for customer 3f38d010-df2f-4daa-83fe-07cfb74af3ed
Server 65a51e17-fff5-4036-8b94-6db5de4d28d8 received client-request: Request { kind: ReserveTicket, customer: a5f4c1e1-4ddc-4383-8bb3-a3ea437d2813, server: None, raw: .. }
Reserved ticket 2869 for customer a5f4c1e1-4ddc-4383-8bb3-a3ea437d2813
Server 799bb1b2-bd8f-49e2-81f8-f7237f0eb223 received client-request: Request { kind: ReserveTicket, customer: 88521299-fe48-48bc-98a2-40866a3fef20, server: None, raw: .. }
Reserved ticket 2868 for customer 88521299-fe48-48bc-98a2-40866a3fef20
Server 799bb1b2-bd8f-49e2-81f8-f7237f0eb223 received client-request: Request { kind: ReserveTicket, customer: 42a1c0c8-69c0-4547-899b-afee45e47e92, server: None, raw: .. }
Reserved ticket 2867 for customer 42a1c0c8-69c0-4547-899b-afee45e47e92
Server 799bb1b2-bd8f-49e2-81f8-f7237f0eb223 received client-request: Request { kind: ReserveTicket, customer: 3b26a3f2-e883-4e39-bf34-ee612f564d3a, server: None, raw: .. }
Reserved ticket 2866 for customer 3b26a3f2-e883-4e39-bf34-ee612f564d3a
Server 799bb1b2-bd8f-49e2-81f8-f7237f0eb223 received client-request: Request { kind: ReserveTicket, customer: 8d6ac0ff-c728-45eb-960c-aff969436191, server: None, raw: .. }
Reserved ticket 2865 for customer 8d6ac0ff-c728-45eb-960c-aff969436191
Server 799bb1b2-bd8f-49e2-81f8-f7237f0eb223 received client-request: Request { kind: ReserveTicket, customer: b750b4a6-4477-4fb3-b6ea-10a81e06ddba, server: None, raw: .. }
Reserved ticket 2864 for customer b750b4a6-4477-4fb3-b6ea-10a81e06ddba
Server 799bb1b2-bd8f-49e2-81f8-f7237f0eb223 received client-request: Request { kind: ReserveTicket, customer: 54675c19-29da-47e2-b2c0-37ec5cfa3931, server: None, raw: .. }
Reserved ticket 2863 for customer 54675c19-29da-47e2-b2c0-37ec5cfa3931
Server 799bb1b2-bd8f-49e2-81f8-f7237f0eb223 received client-request: Request { kind: ReserveTicket, customer: 1fa85ba6-a025-4d91-b763-918e689485b0, server: None, raw: .. }
Reserved ticket 2862 for customer 1fa85ba6-a025-4d91-b763-918e689485b0
Server 799bb1b2-bd8f-49e2-81f8-f7237f0eb223 received client-request: Request { kind: ReserveTicket, customer: eb4decff-3609-4a70-90cf-c51f9c547ec8, server: None, raw: .. }
Reserved ticket 2861 for customer eb4decff-3609-4a70-90cf-c51f9c547ec8
Server 799bb1b2-bd8f-49e2-81f8-f7237f0eb223 received client-request: Request { kind: ReserveTicket, customer: cf899dae-0e0a-4590-9f99-11617460bf2f, server: None, raw: .. }
Reserved ticket 2860 for customer cf899dae-0e0a-4590-9f99-11617460bf2f
Server 799bb1b2-bd8f-49e2-81f8-f7237f0eb223 received client-request: Request { kind: ReserveTicket, customer: 21d49e2f-8d1d-40e3-8984-8a3c2ea51467, server: None, raw: .. }
Reserved ticket 2859 for customer 21d49e2f-8d1d-40e3-8984-8a3c2ea51467
Server 799bb1b2-bd8f-49e2-81f8-f7237f0eb223 received client-request: Request { kind: ReserveTicket, customer: c4c4cfe5-7d13-4a9d-b152-a866f349bdcc, server: None, raw: .. }
Reserved ticket 2858 for customer c4c4cfe5-7d13-4a9d-b152-a866f349bdcc
Server 799bb1b2-bd8f-49e2-81f8-f7237f0eb223 received client-request: Request { kind: ReserveTicket, customer: 76e33d98-415c-4c9e-a0b1-caae5939bf26, server: None, raw: .. }
Reserved ticket 2857 for customer 76e33d98-415c-4c9e-a0b1-caae5939bf26
Server 799bb1b2-bd8f-49e2-81f8-f7237f0eb223 received client-request: Request { kind: ReserveTicket, customer: c9f5d052-f864-49e6-ad40-3f7ff7dd4665, server: None, raw: .. }
Reserved ticket 2856 for customer c9f5d052-f864-49e6-ad40-3f7ff7dd4665
Server 799bb1b2-bd8f-49e2-81f8-f7237f0eb223 received client-request: Request { kind: ReserveTicket, customer: 6b829954-6366-4991-8ebb-ee5f668a1af1, server: None, raw: .. }
Reserved ticket 2855 for customer 6b829954-6366-4991-8ebb-ee5f668a1af1
Server 799bb1b2-bd8f-49e2-81f8-f7237f0eb223 received client-request: Request { kind: ReserveTicket, customer: cb1cc26a-d973-49dc-9ea9-8239551e41d3, server: None, raw: .. }
Reserved ticket 2854 for customer cb1cc26a-d973-49dc-9ea9-8239551e41d3
Server 799bb1b2-bd8f-49e2-81f8-f7237f0eb223 received client-request: Request { kind: ReserveTicket, customer: f0893f34-9d75-40d3-a1c8-379b72e4f030, server: None, raw: .. }
Reserved ticket 2853 for customer f0893f34-9d75-40d3-a1c8-379b72e4f030
Server 799bb1b2-bd8f-49e2-81f8-f7237f0eb223 received client-request: Request { kind: ReserveTicket, customer: 11dd8699-fcc5-4de0-8bb2-f620d22d72e8, server: None, raw: .. }
Reserved ticket 2852 for customer 11dd8699-fcc5-4de0-8bb2-f620d22d72e8
Server 799bb1b2-bd8f-49e2-81f8-f7237f0eb223 received client-request: Request { kind: ReserveTicket, customer: 10c2239d-d5be-42c6-85d0-96ae43c98649, server: None, raw: .. }
Reserved ticket 2851 for customer 10c2239d-d5be-42c6-85d0-96ae43c98649
Server 799bb1b2-bd8f-49e2-81f8-f7237f0eb223 received client-request: Request { kind: ReserveTicket, customer: 887a44f7-8ea0-4aaf-be43-67e3ec704705, server: None, raw: .. }
Reserved ticket 2850 for customer 887a44f7-8ea0-4aaf-be43-67e3ec704705
Server 65a51e17-fff5-4036-8b94-6db5de4d28d8 received client-request: Request { kind: ReserveTicket, customer: 8605a76f-ea3c-4cce-94a6-41037ec01793, server: None, raw: .. }
Reserved ticket 2849 for customer 8605a76f-ea3c-4cce-94a6-41037ec01793
Server 799bb1b2-bd8f-49e2-81f8-f7237f0eb223 received client-request: Request { kind: ReserveTicket, customer: 885440fb-6c28-4adf-954f-691c1371b999, server: None, raw: .. }
Reserved ticket 2848 for customer 885440fb-6c28-4adf-954f-691c1371b999
Server 799bb1b2-bd8f-49e2-81f8-f7237f0eb223 received client-request: Request { kind: ReserveTicket, customer: 9bb7ed8d-c205-478f-9e97-860f027c44c9, server: None, raw: .. }
Reserved ticket 2847 for customer 9bb7ed8d-c205-478f-9e97-860f027c44c9
Server 799bb1b2-bd8f-49e2-81f8-f7237f0eb223 received client-request: Request { kind: ReserveTicket, customer: e0b99e01-e263-42ab-bfd5-0ae7162774f3, server: None, raw: .. }
Reserved ticket 2846 for customer e0b99e01-e263-42ab-bfd5-0ae7162774f3
Server 799bb1b2-bd8f-49e2-81f8-f7237f0eb223 received client-request: Request { kind: ReserveTicket, customer: ee452c5e-6de5-45d6-bcaf-982a26c2d7c6, server: None, raw: .. }
Reserved ticket 2845 for customer ee452c5e-6de5-45d6-bcaf-982a26c2d7c6
Server 799bb1b2-bd8f-49e2-81f8-f7237f0eb223 received client-request: Request { kind: ReserveTicket, customer: 758c41bb-619f-45ac-91b0-f719c3b71d78, server: None, raw: .. }
Reserved ticket 2844 for customer 758c41bb-619f-45ac-91b0-f719c3b71d78
Server 799bb1b2-bd8f-49e2-81f8-f7237f0eb223 received client-request: Request { kind: ReserveTicket, customer: a897ee0c-8604-4fa8-add6-6c868f2784ac, server: None, raw: .. }
Reserved ticket 2843 for customer a897ee0c-8604-4fa8-add6-6c868f2784ac
Server 799bb1b2-bd8f-49e2-81f8-f7237f0eb223 received client-request: Request { kind: ReserveTicket, customer: 9b6d06fa-bd45-4816-b4dc-8cdb6ad3f296, server: None, raw: .. }
Reserved ticket 2842 for customer 9b6d06fa-bd45-4816-b4dc-8cdb6ad3f296
Server 799bb1b2-bd8f-49e2-81f8-f7237f0eb223 received client-request: Request { kind: ReserveTicket, customer: 161c25ef-23c6-4f44-9973-e0a5a8ba13b0, server: None, raw: .. }
Reserved ticket 2841 for customer 161c25ef-23c6-4f44-9973-e0a5a8ba13b0
Server 799bb1b2-bd8f-49e2-81f8-f7237f0eb223 received client-request: Request { kind: ReserveTicket, customer: 22cdfdc2-c450-4b6b-b3ff-41974c9561b8, server: None, raw: .. }
Reserved ticket 2840 for customer 22cdfdc2-c450-4b6b-b3ff-41974c9561b8
Server 799bb1b2-bd8f-49e2-81f8-f7237f0eb223 received client-request: Request { kind: ReserveTicket, customer: f64092fe-9b75-4870-ae47-f768c43dc7bd, server: None, raw: .. }
Reserved ticket 2839 for customer f64092fe-9b75-4870-ae47-f768c43dc7bd
Server 799bb1b2-bd8f-49e2-81f8-f7237f0eb223 received client-request: Request { kind: ReserveTicket, customer: ffc2fc85-7fd2-49a4-afc7-9f46c42fa93b, server: None, raw: .. }
Reserved ticket 2838 for customer ffc2fc85-7fd2-49a4-afc7-9f46c42fa93b
Server 799bb1b2-bd8f-49e2-81f8-f7237f0eb223 received client-request: Request { kind: ReserveTicket, customer: 3099b66e-b24b-4705-91a9-f0121e8892e5, server: None, raw: .. }
Reserved ticket 2837 for customer 3099b66e-b24b-4705-91a9-f0121e8892e5
Server 799bb1b2-bd8f-49e2-81f8-f7237f0eb223 received client-request: Request { kind: ReserveTicket, customer: 0c5a070a-3b2e-4864-9bc8-ebb7bca52323, server: None, raw: .. }
Reserved ticket 2836 for customer 0c5a070a-3b2e-4864-9bc8-ebb7bca52323
Server 799bb1b2-bd8f-49e2-81f8-f7237f0eb223 received client-request: Request { kind: ReserveTicket, customer: 6efd5b73-802f-45f6-9189-6282730bc214, server: None, raw: .. }
Reserved ticket 2835 for customer 6efd5b73-802f-45f6-9189-6282730bc214
Server 799bb1b2-bd8f-49e2-81f8-f7237f0eb223 received client-request: Request { kind: ReserveTicket, customer: 47b29445-2058-483b-b1b1-0fd374d21bea, server: None, raw: .. }
Reserved ticket 2834 for customer 47b29445-2058-483b-b1b1-0fd374d21bea
Server 799bb1b2-bd8f-49e2-81f8-f7237f0eb223 received client-request: Request { kind: ReserveTicket, customer: 42f0bea5-5bfc-4641-a8d0-bb7178362550, server: None, raw: .. }
Reserved ticket 2833 for customer 42f0bea5-5bfc-4641-a8d0-bb7178362550
Server 799bb1b2-bd8f-49e2-81f8-f7237f0eb223 received client-request: Request { kind: ReserveTicket, customer: 989b1ed5-a5ad-432c-9f15-d10152bc3c13, server: None, raw: .. }
Reserved ticket 2832 for customer 989b1ed5-a5ad-432c-9f15-d10152bc3c13
Server 799bb1b2-bd8f-49e2-81f8-f7237f0eb223 received client-request: Request { kind: ReserveTicket, customer: b0162016-2a64-4291-a7ff-a5f36215391e, server: None, raw: .. }
Reserved ticket 2831 for customer b0162016-2a64-4291-a7ff-a5f36215391e
Server 799bb1b2-bd8f-49e2-81f8-f7237f0eb223 received client-request: Request { kind: ReserveTicket, customer: 37a0fe2a-6734-4aa1-a9da-7ccac1b11a56, server: None, raw: .. }
Reserved ticket 2830 for customer 37a0fe2a-6734-4aa1-a9da-7ccac1b11a56
Server 65a51e17-fff5-4036-8b94-6db5de4d28d8 received client-request: Request { kind: ReserveTicket, customer: 311ce578-8627-4e82-bd87-af3ebd403f70, server: None, raw: .. }
Reserved ticket 2829 for customer 311ce578-8627-4e82-bd87-af3ebd403f70
Server 799bb1b2-bd8f-49e2-81f8-f7237f0eb223 received client-request: Request { kind: ReserveTicket, customer: 6bc4855c-879a-436d-a6c9-18ffe635a2cd, server: None, raw: .. }
Reserved ticket 2828 for customer 6bc4855c-879a-436d-a6c9-18ffe635a2cd
Server 799bb1b2-bd8f-49e2-81f8-f7237f0eb223 received client-request: Request { kind: ReserveTicket, customer: 3a0507c2-1309-447c-9148-55fdf37d0ad1, server: None, raw: .. }
Reserved ticket 2827 for customer 3a0507c2-1309-447c-9148-55fdf37d0ad1
Server 799bb1b2-bd8f-49e2-81f8-f7237f0eb223 received client-request: Request { kind: ReserveTicket, customer: fad01917-2f45-467f-9ce5-c113cf320f27, server: None, raw: .. }
Reserved ticket 2826 for customer fad01917-2f45-467f-9ce5-c113cf320f27
Server 799bb1b2-bd8f-49e2-81f8-f7237f0eb223 received client-request: Request { kind: ReserveTicket, customer: dabfaf7e-13ba-41cc-af3c-591326d4e0ee, server: None, raw: .. }
Reserved ticket 2825 for customer dabfaf7e-13ba-41cc-af3c-591326d4e0ee
Server 799bb1b2-bd8f-49e2-81f8-f7237f0eb223 received client-request: Request { kind: ReserveTicket, customer: 26bd8051-2f5c-4465-9827-7d2dc234593f, server: None, raw: .. }
Reserved ticket 2824 for customer 26bd8051-2f5c-4465-9827-7d2dc234593f
Server 799bb1b2-bd8f-49e2-81f8-f7237f0eb223 received client-request: Request { kind: ReserveTicket, customer: 9c409c2c-9d09-42ae-9103-a0ee8446c495, server: None, raw: .. }
Reserved ticket 2823 for customer 9c409c2c-9d09-42ae-9103-a0ee8446c495
Server 799bb1b2-bd8f-49e2-81f8-f7237f0eb223 received client-request: Request { kind: ReserveTicket, customer: af932576-3357-4e9a-8db2-fd18c2e42cf0, server: None, raw: .. }
Reserved ticket 2822 for customer af932576-3357-4e9a-8db2-fd18c2e42cf0
Server 799bb1b2-bd8f-49e2-81f8-f7237f0eb223 received client-request: Request { kind: ReserveTicket, customer: 9c1fa48e-6872-4546-8b4c-0f7071b5e82c, server: None, raw: .. }
Reserved ticket 2821 for customer 9c1fa48e-6872-4546-8b4c-0f7071b5e82c
Server 799bb1b2-bd8f-49e2-81f8-f7237f0eb223 received client-request: Request { kind: ReserveTicket, customer: 7ae3faac-f185-4ecc-b4e0-9c40d828745d, server: None, raw: .. }
Reserved ticket 2820 for customer 7ae3faac-f185-4ecc-b4e0-9c40d828745d
Server 799bb1b2-bd8f-49e2-81f8-f7237f0eb223 received client-request: Request { kind: ReserveTicket, customer: e0bfbffc-2ac6-40e2-9015-cc62555a1560, server: None, raw: .. }
Reserved ticket 2819 for customer e0bfbffc-2ac6-40e2-9015-cc62555a1560
Server 799bb1b2-bd8f-49e2-81f8-f7237f0eb223 received client-request: Request { kind: ReserveTicket, customer: 692de7cd-bae1-41d2-bfc0-899f22c47221, server: None, raw: .. }
Reserved ticket 2818 for customer 692de7cd-bae1-41d2-bfc0-899f22c47221
Server 799bb1b2-bd8f-49e2-81f8-f7237f0eb223 received client-request: Request { kind: ReserveTicket, customer: 9b86b0d0-ae95-46a1-b6be-7e46b16c7312, server: None, raw: .. }
Reserved ticket 2817 for customer 9b86b0d0-ae95-46a1-b6be-7e46b16c7312
Server 799bb1b2-bd8f-49e2-81f8-f7237f0eb223 received client-request: Request { kind: ReserveTicket, customer: 03255e7c-dff6-44e0-849b-e97068e3883f, server: None, raw: .. }
Reserved ticket 2816 for customer 03255e7c-dff6-44e0-849b-e97068e3883f
Server 799bb1b2-bd8f-49e2-81f8-f7237f0eb223 received client-request: Request { kind: ReserveTicket, customer: ac8ce6ed-aea8-4251-90a9-657a4cd3383b, server: None, raw: .. }
Reserved ticket 2815 for customer ac8ce6ed-aea8-4251-90a9-657a4cd3383b
Server 799bb1b2-bd8f-49e2-81f8-f7237f0eb223 received client-request: Request { kind: ReserveTicket, customer: 21cfb945-3aa3-428f-8109-86cae3e143be, server: None, raw: .. }
Reserved ticket 2814 for customer 21cfb945-3aa3-428f-8109-86cae3e143be
Server 799bb1b2-bd8f-49e2-81f8-f7237f0eb223 received client-request: Request { kind: ReserveTicket, customer: 50517df1-953a-4077-94b9-9b442b010fab, server: None, raw: .. }
Reserved ticket 2813 for customer 50517df1-953a-4077-94b9-9b442b010fab
Server 799bb1b2-bd8f-49e2-81f8-f7237f0eb223 received client-request: Request { kind: ReserveTicket, customer: 66cf2756-a5d9-48b4-9da7-0374772cc6da, server: None, raw: .. }
Reserved ticket 2812 for customer 66cf2756-a5d9-48b4-9da7-0374772cc6da
Server 799bb1b2-bd8f-49e2-81f8-f7237f0eb223 received client-request: Request { kind: ReserveTicket, customer: ae5de882-6220-4f50-a924-300e68c8696b, server: None, raw: .. }
Reserved ticket 2811 for customer ae5de882-6220-4f50-a924-300e68c8696b
Server 799bb1b2-bd8f-49e2-81f8-f7237f0eb223 received client-request: Request { kind: ReserveTicket, customer: 79a4a081-15d4-4c72-953d-bf31fcfe4fd8, server: None, raw: .. }
Reserved ticket 2810 for customer 79a4a081-15d4-4c72-953d-bf31fcfe4fd8
Server 65a51e17-fff5-4036-8b94-6db5de4d28d8 received client-request: Request { kind: ReserveTicket, customer: fbeda9a9-051e-4431-8c77-b24eee9e5776, server: None, raw: .. }
Reserved ticket 2809 for customer fbeda9a9-051e-4431-8c77-b24eee9e5776
Server 799bb1b2-bd8f-49e2-81f8-f7237f0eb223 received client-request: Request { kind: ReserveTicket, customer: 5ab33d45-35ff-4d9c-8dc3-3fd3c58da719, server: None, raw: .. }
Reserved ticket 2808 for customer 5ab33d45-35ff-4d9c-8dc3-3fd3c58da719
Server 799bb1b2-bd8f-49e2-81f8-f7237f0eb223 received client-request: Request { kind: ReserveTicket, customer: 3d0df173-3fdb-4bde-9093-aa979655f00e, server: None, raw: .. }
Reserved ticket 2807 for customer 3d0df173-3fdb-4bde-9093-aa979655f00e
Server 799bb1b2-bd8f-49e2-81f8-f7237f0eb223 received client-request: Request { kind: ReserveTicket, customer: 52e22f32-9092-4998-8780-3c90b9880909, server: None, raw: .. }
Reserved ticket 2806 for customer 52e22f32-9092-4998-8780-3c90b9880909
Server 799bb1b2-bd8f-49e2-81f8-f7237f0eb223 received client-request: Request { kind: ReserveTicket, customer: 72a57d9e-9b0c-4d0f-956c-2358f67f0c4d, server: None, raw: .. }
Reserved ticket 2805 for customer 72a57d9e-9b0c-4d0f-956c-2358f67f0c4d
Server 799bb1b2-bd8f-49e2-81f8-f7237f0eb223 received client-request: Request { kind: ReserveTicket, customer: 92b07603-f007-4193-9ac4-fc06eb29ce29, server: None, raw: .. }
Reserved ticket 2804 for customer 92b07603-f007-4193-9ac4-fc06eb29ce29
Server 799bb1b2-bd8f-49e2-81f8-f7237f0eb223 received client-request: Request { kind: ReserveTicket, customer: 56bc85c1-666c-4441-85a3-a6418e7a5c4c, server: None, raw: .. }
Reserved ticket 2803 for customer 56bc85c1-666c-4441-85a3-a6418e7a5c4c
Server 799bb1b2-bd8f-49e2-81f8-f7237f0eb223 received client-request: Request { kind: ReserveTicket, customer: 322e4b40-f1c9-4c9a-b84a-0e5e3c5daab4, server: None, raw: .. }
Reserved ticket 2802 for customer 322e4b40-f1c9-4c9a-b84a-0e5e3c5daab4
Server 799bb1b2-bd8f-49e2-81f8-f7237f0eb223 received client-request: Request { kind: ReserveTicket, customer: 737f0517-966f-40b5-af29-effdecb61cea, server: None, raw: .. }
Reserved ticket 2801 for customer 737f0517-966f-40b5-af29-effdecb61cea
Server 799bb1b2-bd8f-49e2-81f8-f7237f0eb223 received client-request: Request { kind: ReserveTicket, customer: 24ac744b-95fd-4aa4-a209-676e850ab877, server: None, raw: .. }
Reserved ticket 2800 for customer 24ac744b-95fd-4aa4-a209-676e850ab877
Server 799bb1b2-bd8f-49e2-81f8-f7237f0eb223 received client-request: Request { kind: ReserveTicket, customer: 91f95ec6-05c7-44a1-952c-f6b1446876d1, server: None, raw: .. }
Reserved ticket 2799 for customer 91f95ec6-05c7-44a1-952c-f6b1446876d1
Server 799bb1b2-bd8f-49e2-81f8-f7237f0eb223 received client-request: Request { kind: ReserveTicket, customer: 63482ed5-da5f-4478-be4e-eead2d712856, server: None, raw: .. }
Reserved ticket 2798 for customer 63482ed5-da5f-4478-be4e-eead2d712856
Server 799bb1b2-bd8f-49e2-81f8-f7237f0eb223 received client-request: Request { kind: ReserveTicket, customer: a8ca5e93-da94-435f-9122-c2d05bd92a91, server: None, raw: .. }
Reserved ticket 2797 for customer a8ca5e93-da94-435f-9122-c2d05bd92a91
Server 799bb1b2-bd8f-49e2-81f8-f7237f0eb223 received client-request: Request { kind: ReserveTicket, customer: 1cca4c2f-bc5b-4234-bb96-d4efb98ee982, server: None, raw: .. }
Reserved ticket 2796 for customer 1cca4c2f-bc5b-4234-bb96-d4efb98ee982
Server 799bb1b2-bd8f-49e2-81f8-f7237f0eb223 received client-request: Request { kind: ReserveTicket, customer: be1ef93d-f844-47e5-ae9d-6b360dd9bfd4, server: None, raw: .. }
Reserved ticket 2795 for customer be1ef93d-f844-47e5-ae9d-6b360dd9bfd4
Server 799bb1b2-bd8f-49e2-81f8-f7237f0eb223 received client-request: Request { kind: ReserveTicket, customer: 816d8935-3cfe-4556-9268-9973e1abd753, server: None, raw: .. }
Reserved ticket 2794 for customer 816d8935-3cfe-4556-9268-9973e1abd753
Server 799bb1b2-bd8f-49e2-81f8-f7237f0eb223 received client-request: Request { kind: ReserveTicket, customer: cd8294fc-45c2-4da3-b425-961f94c76685, server: None, raw: .. }
Reserved ticket 2793 for customer cd8294fc-45c2-4da3-b425-961f94c76685
Server 799bb1b2-bd8f-49e2-81f8-f7237f0eb223 received client-request: Request { kind: ReserveTicket, customer: 6053f3cf-adc0-4ff5-b649-87d2e9723c12, server: None, raw: .. }
Reserved ticket 2792 for customer 6053f3cf-adc0-4ff5-b649-87d2e9723c12
Server 799bb1b2-bd8f-49e2-81f8-f7237f0eb223 received client-request: Request { kind: ReserveTicket, customer: 5fbf9233-74cd-4d6c-b34a-979202adb465, server: None, raw: .. }
Reserved ticket 2791 for customer 5fbf9233-74cd-4d6c-b34a-979202adb465
Server 799bb1b2-bd8f-49e2-81f8-f7237f0eb223 received client-request: Request { kind: ReserveTicket, customer: 4967f714-f776-4811-9623-2510b690e6af, server: None, raw: .. }
Reserved ticket 2790 for customer 4967f714-f776-4811-9623-2510b690e6af
Server 65a51e17-fff5-4036-8b94-6db5de4d28d8 received client-request: Request { kind: ReserveTicket, customer: c9de951b-ba55-4439-a91d-792b0ee5e83b, server: None, raw: .. }
Reserved ticket 2789 for customer c9de951b-ba55-4439-a91d-792b0ee5e83b
Server 799bb1b2-bd8f-49e2-81f8-f7237f0eb223 received client-request: Request { kind: ReserveTicket, customer: d37779a2-1215-4018-93e5-89954b4416e3, server: None, raw: .. }
Reserved ticket 2788 for customer d37779a2-1215-4018-93e5-89954b4416e3
Server 799bb1b2-bd8f-49e2-81f8-f7237f0eb223 received client-request: Request { kind: ReserveTicket, customer: f9a6074c-9e07-44fa-9d8b-f0221b41fd2f, server: None, raw: .. }
Reserved ticket 2787 for customer f9a6074c-9e07-44fa-9d8b-f0221b41fd2f
Server 799bb1b2-bd8f-49e2-81f8-f7237f0eb223 received client-request: Request { kind: ReserveTicket, customer: 65948220-502d-44fc-9670-bd0aba64570d, server: None, raw: .. }
Reserved ticket 2786 for customer 65948220-502d-44fc-9670-bd0aba64570d
Server 799bb1b2-bd8f-49e2-81f8-f7237f0eb223 received client-request: Request { kind: ReserveTicket, customer: 633ff16d-ecb4-4bc1-aac0-2fcf57111bc4, server: None, raw: .. }
Reserved ticket 2785 for customer 633ff16d-ecb4-4bc1-aac0-2fcf57111bc4
Server 799bb1b2-bd8f-49e2-81f8-f7237f0eb223 received client-request: Request { kind: ReserveTicket, customer: 2c61380a-4668-452d-9805-f88807c3204a, server: None, raw: .. }
Reserved ticket 2784 for customer 2c61380a-4668-452d-9805-f88807c3204a
Server 799bb1b2-bd8f-49e2-81f8-f7237f0eb223 received client-request: Request { kind: ReserveTicket, customer: 7e3ddd1b-0324-471a-b43d-b8ac167e5981, server: None, raw: .. }
Reserved ticket 2783 for customer 7e3ddd1b-0324-471a-b43d-b8ac167e5981
Server 799bb1b2-bd8f-49e2-81f8-f7237f0eb223 received client-request: Request { kind: ReserveTicket, customer: 03eede0b-4dda-484b-ab50-11fed60baa46, server: None, raw: .. }
Reserved ticket 2782 for customer 03eede0b-4dda-484b-ab50-11fed60baa46
Server 799bb1b2-bd8f-49e2-81f8-f7237f0eb223 received client-request: Request { kind: ReserveTicket, customer: 59465916-e96a-4ca0-a7f9-9084e524900f, server: None, raw: .. }
Reserved ticket 2781 for customer 59465916-e96a-4ca0-a7f9-9084e524900f
Server 799bb1b2-bd8f-49e2-81f8-f7237f0eb223 received client-request: Request { kind: ReserveTicket, customer: 3f3f2b36-069e-4022-b774-c8aa1cd0d14c, server: None, raw: .. }
Reserved ticket 2780 for customer 3f3f2b36-069e-4022-b774-c8aa1cd0d14c
Server 799bb1b2-bd8f-49e2-81f8-f7237f0eb223 received client-request: Request { kind: ReserveTicket, customer: 7e22878c-be31-4862-b589-e7378a254fca, server: None, raw: .. }
Reserved ticket 2779 for customer 7e22878c-be31-4862-b589-e7378a254fca
Server 799bb1b2-bd8f-49e2-81f8-f7237f0eb223 received client-request: Request { kind: ReserveTicket, customer: b0d1c065-ea49-4f01-81c1-0de3bbe591d2, server: None, raw: .. }
Reserved ticket 2778 for customer b0d1c065-ea49-4f01-81c1-0de3bbe591d2
Server 799bb1b2-bd8f-49e2-81f8-f7237f0eb223 received client-request: Request { kind: ReserveTicket, customer: 86c5b5ff-b0a8-403c-afa2-6ed76f67a6ce, server: None, raw: .. }
Reserved ticket 2777 for customer 86c5b5ff-b0a8-403c-afa2-6ed76f67a6ce
Server 799bb1b2-bd8f-49e2-81f8-f7237f0eb223 received client-request: Request { kind: ReserveTicket, customer: 1e45d89e-343f-4695-aba5-d51b74551bed, server: None, raw: .. }
Reserved ticket 2776 for customer 1e45d89e-343f-4695-aba5-d51b74551bed
Server 799bb1b2-bd8f-49e2-81f8-f7237f0eb223 received client-request: Request { kind: ReserveTicket, customer: 4f8b023e-66f6-4d1a-b94c-1d521dc8e70e, server: None, raw: .. }
Reserved ticket 2775 for customer 4f8b023e-66f6-4d1a-b94c-1d521dc8e70e
Server 799bb1b2-bd8f-49e2-81f8-f7237f0eb223 received client-request: Request { kind: ReserveTicket, customer: 3b29a291-10ab-4841-a8e9-8bc076547b0e, server: None, raw: .. }
Reserved ticket 2774 for customer 3b29a291-10ab-4841-a8e9-8bc076547b0e
Server 799bb1b2-bd8f-49e2-81f8-f7237f0eb223 received client-request: Request { kind: ReserveTicket, customer: 74a1ccbe-1797-4e3a-856e-b2602d2e310a, server: None, raw: .. }
Reserved ticket 2773 for customer 74a1ccbe-1797-4e3a-856e-b2602d2e310a
Server 799bb1b2-bd8f-49e2-81f8-f7237f0eb223 received client-request: Request { kind: ReserveTicket, customer: c691a3b4-df35-40f4-bc33-40953b48c38f, server: None, raw: .. }
Reserved ticket 2772 for customer c691a3b4-df35-40f4-bc33-40953b48c38f
Server 799bb1b2-bd8f-49e2-81f8-f7237f0eb223 received client-request: Request { kind: ReserveTicket, customer: 9efaef36-a17e-4cd9-8f83-6f19d5d639a4, server: None, raw: .. }
Reserved ticket 2771 for customer 9efaef36-a17e-4cd9-8f83-6f19d5d639a4
Server 799bb1b2-bd8f-49e2-81f8-f7237f0eb223 received client-request: Request { kind: ReserveTicket, customer: 5507d138-fedd-40fa-b554-5f05dfda2f58, server: None, raw: .. }
Reserved ticket 2770 for customer 5507d138-fedd-40fa-b554-5f05dfda2f58
Server 65a51e17-fff5-4036-8b94-6db5de4d28d8 received client-request: Request { kind: ReserveTicket, customer: fdfb1224-10d8-4c86-a3dd-e496aa2d2eb7, server: None, raw: .. }
Reserved ticket 2769 for customer fdfb1224-10d8-4c86-a3dd-e496aa2d2eb7
Server 799bb1b2-bd8f-49e2-81f8-f7237f0eb223 received client-request: Request { kind: ReserveTicket, customer: 914ee151-1ddd-475e-8c58-cddd78166cda, server: None, raw: .. }
Reserved ticket 2768 for customer 914ee151-1ddd-475e-8c58-cddd78166cda
Server 799bb1b2-bd8f-49e2-81f8-f7237f0eb223 received client-request: Request { kind: ReserveTicket, customer: 26bccab6-fdab-4d67-a1dc-57e0637198f9, server: None, raw: .. }
Reserved ticket 2767 for customer 26bccab6-fdab-4d67-a1dc-57e0637198f9
Server 799bb1b2-bd8f-49e2-81f8-f7237f0eb223 received client-request: Request { kind: ReserveTicket, customer: 4879a4b9-cac6-46cc-873a-60a62571c4c8, server: None, raw: .. }
Reserved ticket 2766 for customer 4879a4b9-cac6-46cc-873a-60a62571c4c8
Server 799bb1b2-bd8f-49e2-81f8-f7237f0eb223 received client-request: Request { kind: ReserveTicket, customer: a2cade66-cdf5-4dca-96dd-2dd4f1e801e1, server: None, raw: .. }
Reserved ticket 2765 for customer a2cade66-cdf5-4dca-96dd-2dd4f1e801e1
Server 799bb1b2-bd8f-49e2-81f8-f7237f0eb223 received client-request: Request { kind: ReserveTicket, customer: 5ddf0f64-06c5-4fc3-9efc-40e261247a50, server: None, raw: .. }
Reserved ticket 2764 for customer 5ddf0f64-06c5-4fc3-9efc-40e261247a50
Server 799bb1b2-bd8f-49e2-81f8-f7237f0eb223 received client-request: Request { kind: ReserveTicket, customer: 5478196e-4e31-48a2-9807-91d6fc1d7bc7, server: None, raw: .. }
Reserved ticket 2763 for customer 5478196e-4e31-48a2-9807-91d6fc1d7bc7
Server 799bb1b2-bd8f-49e2-81f8-f7237f0eb223 received client-request: Request { kind: ReserveTicket, customer: 77d0f799-2323-4143-856d-6c1c02763ad7, server: None, raw: .. }
Reserved ticket 2762 for customer 77d0f799-2323-4143-856d-6c1c02763ad7
Server 799bb1b2-bd8f-49e2-81f8-f7237f0eb223 received client-request: Request { kind: ReserveTicket, customer: 0046c2ef-804e-4174-821f-7180d745ac80, server: None, raw: .. }
Reserved ticket 2761 for customer 0046c2ef-804e-4174-821f-7180d745ac80
Server 799bb1b2-bd8f-49e2-81f8-f7237f0eb223 received client-request: Request { kind: ReserveTicket, customer: 9b197c10-71ea-4582-a262-da68986ef2f3, server: None, raw: .. }
Reserved ticket 2760 for customer 9b197c10-71ea-4582-a262-da68986ef2f3
Server 799bb1b2-bd8f-49e2-81f8-f7237f0eb223 received client-request: Request { kind: ReserveTicket, customer: 36fdad4a-aa42-4fde-b34f-33a0717ffa01, server: None, raw: .. }
Reserved ticket 2759 for customer 36fdad4a-aa42-4fde-b34f-33a0717ffa01
Server 799bb1b2-bd8f-49e2-81f8-f7237f0eb223 received client-request: Request { kind: ReserveTicket, customer: 623a63b4-7ea1-418b-b806-281bcaf141ac, server: None, raw: .. }
Reserved ticket 2758 for customer 623a63b4-7ea1-418b-b806-281bcaf141ac
Server 799bb1b2-bd8f-49e2-81f8-f7237f0eb223 received client-request: Request { kind: ReserveTicket, customer: ff1a95d0-f9d2-46e6-91f6-d2f1be8248ad, server: None, raw: .. }
Reserved ticket 2757 for customer ff1a95d0-f9d2-46e6-91f6-d2f1be8248ad
Server 799bb1b2-bd8f-49e2-81f8-f7237f0eb223 received client-request: Request { kind: ReserveTicket, customer: 4f3aa463-7064-4e20-854d-af54ee38b52f, server: None, raw: .. }
Reserved ticket 2756 for customer 4f3aa463-7064-4e20-854d-af54ee38b52f
Server 799bb1b2-bd8f-49e2-81f8-f7237f0eb223 received client-request: Request { kind: ReserveTicket, customer: 53d9be05-03f4-467b-adc2-def14732643f, server: None, raw: .. }
Reserved ticket 2755 for customer 53d9be05-03f4-467b-adc2-def14732643f
Server 799bb1b2-bd8f-49e2-81f8-f7237f0eb223 received client-request: Request { kind: ReserveTicket, customer: 623a75d6-c39b-4bb9-b283-02022dd329d7, server: None, raw: .. }
Reserved ticket 2754 for customer 623a75d6-c39b-4bb9-b283-02022dd329d7
Server 799bb1b2-bd8f-49e2-81f8-f7237f0eb223 received client-request: Request { kind: ReserveTicket, customer: 2f7596c2-949b-480a-9717-73057348679a, server: None, raw: .. }
Reserved ticket 2753 for customer 2f7596c2-949b-480a-9717-73057348679a
Server 799bb1b2-bd8f-49e2-81f8-f7237f0eb223 received client-request: Request { kind: ReserveTicket, customer: d29b4398-1b09-4e41-861c-e6cb495b2902, server: None, raw: .. }
Reserved ticket 2752 for customer d29b4398-1b09-4e41-861c-e6cb495b2902
Server 799bb1b2-bd8f-49e2-81f8-f7237f0eb223 received client-request: Request { kind: ReserveTicket, customer: 9be3c879-329c-4da5-8589-e59b99bf73ea, server: None, raw: .. }
Reserved ticket 2751 for customer 9be3c879-329c-4da5-8589-e59b99bf73ea
Server 799bb1b2-bd8f-49e2-81f8-f7237f0eb223 received client-request: Request { kind: ReserveTicket, customer: ba294597-fdba-450b-8f80-bab49e1a88fa, server: None, raw: .. }
Reserved ticket 2750 for customer ba294597-fdba-450b-8f80-bab49e1a88fa
Server 65a51e17-fff5-4036-8b94-6db5de4d28d8 received client-request: Request { kind: ReserveTicket, customer: 7bcfc9f4-9f21-437b-b3e0-c640d18e20c4, server: None, raw: .. }
Reserved ticket 2749 for customer 7bcfc9f4-9f21-437b-b3e0-c640d18e20c4
Server 799bb1b2-bd8f-49e2-81f8-f7237f0eb223 received client-request: Request { kind: ReserveTicket, customer: a10f4e78-0315-4107-83b2-af03ddf8c59a, server: None, raw: .. }
Reserved ticket 2748 for customer a10f4e78-0315-4107-83b2-af03ddf8c59a
Server 799bb1b2-bd8f-49e2-81f8-f7237f0eb223 received client-request: Request { kind: ReserveTicket, customer: 90bfb281-a093-4be8-aa74-566b46bd249c, server: None, raw: .. }
Reserved ticket 2747 for customer 90bfb281-a093-4be8-aa74-566b46bd249c
Server 799bb1b2-bd8f-49e2-81f8-f7237f0eb223 received client-request: Request { kind: ReserveTicket, customer: 79edb246-764c-4229-8a45-6a736e3f4b97, server: None, raw: .. }
Reserved ticket 2746 for customer 79edb246-764c-4229-8a45-6a736e3f4b97
Server 799bb1b2-bd8f-49e2-81f8-f7237f0eb223 received client-request: Request { kind: ReserveTicket, customer: 84e71ae0-bd2a-4b51-8293-9b947a431df2, server: None, raw: .. }
Reserved ticket 2745 for customer 84e71ae0-bd2a-4b51-8293-9b947a431df2
Server 799bb1b2-bd8f-49e2-81f8-f7237f0eb223 received client-request: Request { kind: ReserveTicket, customer: 2a144ee6-1b33-4606-94ee-2d702cc00cbe, server: None, raw: .. }
Reserved ticket 2744 for customer 2a144ee6-1b33-4606-94ee-2d702cc00cbe
Server 799bb1b2-bd8f-49e2-81f8-f7237f0eb223 received client-request: Request { kind: ReserveTicket, customer: 411ad89f-8dc1-46d5-86dc-b12612f61a72, server: None, raw: .. }
Reserved ticket 2743 for customer 411ad89f-8dc1-46d5-86dc-b12612f61a72
Server 799bb1b2-bd8f-49e2-81f8-f7237f0eb223 received client-request: Request { kind: ReserveTicket, customer: b584992d-5322-48b4-b264-ffd1f85f8344, server: None, raw: .. }
Reserved ticket 2742 for customer b584992d-5322-48b4-b264-ffd1f85f8344
Server 799bb1b2-bd8f-49e2-81f8-f7237f0eb223 received client-request: Request { kind: ReserveTicket, customer: 12cbe53d-54de-4a29-98ce-c28e03e8f5c4, server: None, raw: .. }
Reserved ticket 2741 for customer 12cbe53d-54de-4a29-98ce-c28e03e8f5c4
Server 799bb1b2-bd8f-49e2-81f8-f7237f0eb223 received client-request: Request { kind: ReserveTicket, customer: dbbaedcb-fe19-4fad-853b-652e7ed50b96, server: None, raw: .. }
Reserved ticket 2740 for customer dbbaedcb-fe19-4fad-853b-652e7ed50b96
Server 799bb1b2-bd8f-49e2-81f8-f7237f0eb223 received client-request: Request { kind: ReserveTicket, customer: 330d9f1d-c088-4558-920a-a4d14dbc3b91, server: None, raw: .. }
Reserved ticket 2739 for customer 330d9f1d-c088-4558-920a-a4d14dbc3b91
Server 799bb1b2-bd8f-49e2-81f8-f7237f0eb223 received client-request: Request { kind: ReserveTicket, customer: be7fe5b7-2d9b-43fb-9f2f-21437d23d0bf, server: None, raw: .. }
Reserved ticket 2738 for customer be7fe5b7-2d9b-43fb-9f2f-21437d23d0bf
Server 799bb1b2-bd8f-49e2-81f8-f7237f0eb223 received client-request: Request { kind: ReserveTicket, customer: e400c23a-5a30-48d9-b93a-7d4e05047bcf, server: None, raw: .. }
Reserved ticket 2737 for customer e400c23a-5a30-48d9-b93a-7d4e05047bcf
Server 799bb1b2-bd8f-49e2-81f8-f7237f0eb223 received client-request: Request { kind: ReserveTicket, customer: c9c0a357-2b55-4618-bbb0-035ab4540d7e, server: None, raw: .. }
Reserved ticket 2736 for customer c9c0a357-2b55-4618-bbb0-035ab4540d7e
Server 799bb1b2-bd8f-49e2-81f8-f7237f0eb223 received client-request: Request { kind: ReserveTicket, customer: 8550b7c2-a47b-4252-9e91-0a2f8d7a039b, server: None, raw: .. }
Reserved ticket 2735 for customer 8550b7c2-a47b-4252-9e91-0a2f8d7a039b
Server 799bb1b2-bd8f-49e2-81f8-f7237f0eb223 received client-request: Request { kind: ReserveTicket, customer: 8f402680-cd4e-466b-937a-f633ce6f0b5d, server: None, raw: .. }
Reserved ticket 2734 for customer 8f402680-cd4e-466b-937a-f633ce6f0b5d
Server 799bb1b2-bd8f-49e2-81f8-f7237f0eb223 received client-request: Request { kind: ReserveTicket, customer: 2b55d106-6181-4a59-85e5-af15537c5c9c, server: None, raw: .. }
Reserved ticket 2733 for customer 2b55d106-6181-4a59-85e5-af15537c5c9c
Server 799bb1b2-bd8f-49e2-81f8-f7237f0eb223 received client-request: Request { kind: ReserveTicket, customer: 4da7ad5b-400d-49b0-bc15-44834adf4237, server: None, raw: .. }
Reserved ticket 2732 for customer 4da7ad5b-400d-49b0-bc15-44834adf4237
Server 799bb1b2-bd8f-49e2-81f8-f7237f0eb223 received client-request: Request { kind: ReserveTicket, customer: 210e90b9-82b1-48f7-8d75-18d3f564f043, server: None, raw: .. }
Reserved ticket 2731 for customer 210e90b9-82b1-48f7-8d75-18d3f564f043
Server 799bb1b2-bd8f-49e2-81f8-f7237f0eb223 received client-request: Request { kind: ReserveTicket, customer: 709f6f3c-0d11-4652-a36b-18a11dfcef31, server: None, raw: .. }
Reserved ticket 2730 for customer 709f6f3c-0d11-4652-a36b-18a11dfcef31
Server 65a51e17-fff5-4036-8b94-6db5de4d28d8 received client-request: Request { kind: ReserveTicket, customer: e7111a3b-8c9e-4555-bc86-cd461ac79084, server: None, raw: .. }
Reserved ticket 2729 for customer e7111a3b-8c9e-4555-bc86-cd461ac79084
Server 799bb1b2-bd8f-49e2-81f8-f7237f0eb223 received client-request: Request { kind: ReserveTicket, customer: d919b770-5c9b-4a92-b0de-96f34bd1c769, server: None, raw: .. }
Reserved ticket 2728 for customer d919b770-5c9b-4a92-b0de-96f34bd1c769
Server 799bb1b2-bd8f-49e2-81f8-f7237f0eb223 received client-request: Request { kind: ReserveTicket, customer: c9a48947-3125-45b1-985f-b8852b15788a, server: None, raw: .. }
Reserved ticket 2727 for customer c9a48947-3125-45b1-985f-b8852b15788a
Server 799bb1b2-bd8f-49e2-81f8-f7237f0eb223 received client-request: Request { kind: ReserveTicket, customer: 5bd821c4-280a-4126-b8da-cc860f8a2fa3, server: None, raw: .. }
Reserved ticket 2726 for customer 5bd821c4-280a-4126-b8da-cc860f8a2fa3
Server 799bb1b2-bd8f-49e2-81f8-f7237f0eb223 received client-request: Request { kind: ReserveTicket, customer: 665b45dd-2347-47c1-b3ea-d12d979ef027, server: None, raw: .. }
Reserved ticket 2725 for customer 665b45dd-2347-47c1-b3ea-d12d979ef027
Server 799bb1b2-bd8f-49e2-81f8-f7237f0eb223 received client-request: Request { kind: ReserveTicket, customer: 61f0fa8a-0894-4594-b7bb-5e0f8a96173e, server: None, raw: .. }
Reserved ticket 2724 for customer 61f0fa8a-0894-4594-b7bb-5e0f8a96173e
Server 799bb1b2-bd8f-49e2-81f8-f7237f0eb223 received client-request: Request { kind: ReserveTicket, customer: 0daa7442-bec7-44aa-be97-8e9f690c6025, server: None, raw: .. }
Reserved ticket 2723 for customer 0daa7442-bec7-44aa-be97-8e9f690c6025
Server 799bb1b2-bd8f-49e2-81f8-f7237f0eb223 received client-request: Request { kind: ReserveTicket, customer: 7cfbd05f-02d5-4f80-9482-985293bd666a, server: None, raw: .. }
Reserved ticket 2722 for customer 7cfbd05f-02d5-4f80-9482-985293bd666a
Server 799bb1b2-bd8f-49e2-81f8-f7237f0eb223 received client-request: Request { kind: ReserveTicket, customer: 0dc80714-a66c-4f6f-be49-1f8c1b4a93f9, server: None, raw: .. }
Reserved ticket 2721 for customer 0dc80714-a66c-4f6f-be49-1f8c1b4a93f9
Server 799bb1b2-bd8f-49e2-81f8-f7237f0eb223 received client-request: Request { kind: ReserveTicket, customer: e0efdb66-630d-4524-8b99-91b0aad0b76e, server: None, raw: .. }
Reserved ticket 2720 for customer e0efdb66-630d-4524-8b99-91b0aad0b76e
Server 799bb1b2-bd8f-49e2-81f8-f7237f0eb223 received client-request: Request { kind: ReserveTicket, customer: 118eb892-c388-42f0-98e4-1b015872bcb5, server: None, raw: .. }
Reserved ticket 2719 for customer 118eb892-c388-42f0-98e4-1b015872bcb5
Server 799bb1b2-bd8f-49e2-81f8-f7237f0eb223 received client-request: Request { kind: ReserveTicket, customer: 3d94f778-75d3-48ec-bad5-12576801ef81, server: None, raw: .. }
Reserved ticket 2718 for customer 3d94f778-75d3-48ec-bad5-12576801ef81
Server 799bb1b2-bd8f-49e2-81f8-f7237f0eb223 received client-request: Request { kind: ReserveTicket, customer: ad32b7d0-8f0d-446b-933b-3c9e4c2c65a9, server: None, raw: .. }
Reserved ticket 2717 for customer ad32b7d0-8f0d-446b-933b-3c9e4c2c65a9
Server 799bb1b2-bd8f-49e2-81f8-f7237f0eb223 received client-request: Request { kind: ReserveTicket, customer: 857a1b61-c7ee-4b8c-a299-a52517b2e053, server: None, raw: .. }
Reserved ticket 2716 for customer 857a1b61-c7ee-4b8c-a299-a52517b2e053
Server 799bb1b2-bd8f-49e2-81f8-f7237f0eb223 received client-request: Request { kind: ReserveTicket, customer: cfc07580-6e1b-4ad9-8ac6-2308e7f42bb9, server: None, raw: .. }
Reserved ticket 2715 for customer cfc07580-6e1b-4ad9-8ac6-2308e7f42bb9
Server 799bb1b2-bd8f-49e2-81f8-f7237f0eb223 received client-request: Request { kind: ReserveTicket, customer: 2d0cfc79-2bcc-438b-8149-b9f1c40cdd5e, server: None, raw: .. }
Reserved ticket 2714 for customer 2d0cfc79-2bcc-438b-8149-b9f1c40cdd5e
Server 799bb1b2-bd8f-49e2-81f8-f7237f0eb223 received client-request: Request { kind: ReserveTicket, customer: 85c2e6af-de84-4b2a-becc-0183bd2f65e5, server: None, raw: .. }
Reserved ticket 2713 for customer 85c2e6af-de84-4b2a-becc-0183bd2f65e5
Server 799bb1b2-bd8f-49e2-81f8-f7237f0eb223 received client-request: Request { kind: ReserveTicket, customer: ff27211d-f544-4d03-990f-63deb7296a4b, server: None, raw: .. }
Reserved ticket 2712 for customer ff27211d-f544-4d03-990f-63deb7296a4b
Server 799bb1b2-bd8f-49e2-81f8-f7237f0eb223 received client-request: Request { kind: ReserveTicket, customer: ccbb7e4b-3600-4010-9db9-26fb1be7d038, server: None, raw: .. }
Reserved ticket 2711 for customer ccbb7e4b-3600-4010-9db9-26fb1be7d038
Server 799bb1b2-bd8f-49e2-81f8-f7237f0eb223 received client-request: Request { kind: ReserveTicket, customer: f3ab5117-c86e-46d0-9962-cf4584f41130, server: None, raw: .. }
Reserved ticket 2710 for customer f3ab5117-c86e-46d0-9962-cf4584f41130
Server 65a51e17-fff5-4036-8b94-6db5de4d28d8 received client-request: Request { kind: ReserveTicket, customer: 300ddcdc-f99f-4bf7-a2d3-a1b662f16fd6, server: None, raw: .. }
Reserved ticket 2709 for customer 300ddcdc-f99f-4bf7-a2d3-a1b662f16fd6
Server 799bb1b2-bd8f-49e2-81f8-f7237f0eb223 received client-request: Request { kind: ReserveTicket, customer: e3084d3f-e20c-4f95-85af-9496aaeeb34f, server: None, raw: .. }
Reserved ticket 2708 for customer e3084d3f-e20c-4f95-85af-9496aaeeb34f
Server 799bb1b2-bd8f-49e2-81f8-f7237f0eb223 received client-request: Request { kind: ReserveTicket, customer: e2a0d4c1-a936-4e27-af74-fb44fcb5ee22, server: None, raw: .. }
Reserved ticket 2707 for customer e2a0d4c1-a936-4e27-af74-fb44fcb5ee22
Server 799bb1b2-bd8f-49e2-81f8-f7237f0eb223 received client-request: Request { kind: ReserveTicket, customer: f4b43a87-c5c6-47a2-8d44-0364c9567e03, server: None, raw: .. }
Reserved ticket 2706 for customer f4b43a87-c5c6-47a2-8d44-0364c9567e03
Server 799bb1b2-bd8f-49e2-81f8-f7237f0eb223 received client-request: Request { kind: ReserveTicket, customer: d0b3b05e-8ddb-41bf-a225-42f3b83e75b0, server: None, raw: .. }
Reserved ticket 2705 for customer d0b3b05e-8ddb-41bf-a225-42f3b83e75b0
Server 799bb1b2-bd8f-49e2-81f8-f7237f0eb223 received client-request: Request { kind: ReserveTicket, customer: 877d9a84-da0b-4a50-a410-82b898a486b3, server: None, raw: .. }
Reserved ticket 2704 for customer 877d9a84-da0b-4a50-a410-82b898a486b3
Server 799bb1b2-bd8f-49e2-81f8-f7237f0eb223 received client-request: Request { kind: ReserveTicket, customer: ad124e75-06b3-4545-acc1-227e58023889, server: None, raw: .. }
Reserved ticket 2703 for customer ad124e75-06b3-4545-acc1-227e58023889
Server 799bb1b2-bd8f-49e2-81f8-f7237f0eb223 received client-request: Request { kind: ReserveTicket, customer: 127ca9c0-136d-47fb-a10e-b9b720b21ace, server: None, raw: .. }
Reserved ticket 2702 for customer 127ca9c0-136d-47fb-a10e-b9b720b21ace
Server 799bb1b2-bd8f-49e2-81f8-f7237f0eb223 received client-request: Request { kind: ReserveTicket, customer: 22504d20-9b80-4341-8d0e-199cbec18e2a, server: None, raw: .. }
Reserved ticket 2701 for customer 22504d20-9b80-4341-8d0e-199cbec18e2a
Server 799bb1b2-bd8f-49e2-81f8-f7237f0eb223 received client-request: Request { kind: ReserveTicket, customer: 909a683e-225e-4cb0-9fb6-2036f98547bb, server: None, raw: .. }
Reserved ticket 2700 for customer 909a683e-225e-4cb0-9fb6-2036f98547bb
Server 799bb1b2-bd8f-49e2-81f8-f7237f0eb223 received client-request: Request { kind: ReserveTicket, customer: 6b8a269c-c4f3-48b5-bd4f-d56f70d22aae, server: None, raw: .. }
Reserved ticket 2699 for customer 6b8a269c-c4f3-48b5-bd4f-d56f70d22aae
Server 799bb1b2-bd8f-49e2-81f8-f7237f0eb223 received client-request: Request { kind: ReserveTicket, customer: a0bf21e2-83fb-43ae-951d-3cadff2e3db1, server: None, raw: .. }
Reserved ticket 2698 for customer a0bf21e2-83fb-43ae-951d-3cadff2e3db1
Server 799bb1b2-bd8f-49e2-81f8-f7237f0eb223 received client-request: Request { kind: ReserveTicket, customer: 65c81e97-251a-4958-b730-eac66d11daa7, server: None, raw: .. }
Reserved ticket 2697 for customer 65c81e97-251a-4958-b730-eac66d11daa7
Server 799bb1b2-bd8f-49e2-81f8-f7237f0eb223 received client-request: Request { kind: ReserveTicket, customer: b2376870-0848-49dd-bb87-ced312139bfd, server: None, raw: .. }
Reserved ticket 2696 for customer b2376870-0848-49dd-bb87-ced312139bfd
Server 799bb1b2-bd8f-49e2-81f8-f7237f0eb223 received client-request: Request { kind: ReserveTicket, customer: 0acf4a5a-d0c1-43fb-b292-496c66c9b214, server: None, raw: .. }
Reserved ticket 2695 for customer 0acf4a5a-d0c1-43fb-b292-496c66c9b214
Server 799bb1b2-bd8f-49e2-81f8-f7237f0eb223 received client-request: Request { kind: ReserveTicket, customer: 70a347e8-9175-45e9-8fcd-1d32f9c83091, server: None, raw: .. }
Reserved ticket 2694 for customer 70a347e8-9175-45e9-8fcd-1d32f9c83091
Server 799bb1b2-bd8f-49e2-81f8-f7237f0eb223 received client-request: Request { kind: ReserveTicket, customer: 837f9c4c-aff5-47da-9332-50a2caf996a0, server: None, raw: .. }
Reserved ticket 2693 for customer 837f9c4c-aff5-47da-9332-50a2caf996a0
Server 799bb1b2-bd8f-49e2-81f8-f7237f0eb223 received client-request: Request { kind: ReserveTicket, customer: be5b3940-24a5-4c3d-91ea-9258ab5f9093, server: None, raw: .. }
Reserved ticket 2692 for customer be5b3940-24a5-4c3d-91ea-9258ab5f9093
Server 799bb1b2-bd8f-49e2-81f8-f7237f0eb223 received client-request: Request { kind: ReserveTicket, customer: 767eaca6-9236-489d-a10d-560a01b23519, server: None, raw: .. }
Reserved ticket 2691 for customer 767eaca6-9236-489d-a10d-560a01b23519
Server 799bb1b2-bd8f-49e2-81f8-f7237f0eb223 received client-request: Request { kind: ReserveTicket, customer: 6e1370bd-4726-4e61-a56e-a1834a88c2e5, server: None, raw: .. }
Reserved ticket 2690 for customer 6e1370bd-4726-4e61-a56e-a1834a88c2e5
Server 65a51e17-fff5-4036-8b94-6db5de4d28d8 received client-request: Request { kind: ReserveTicket, customer: b224268d-4938-429e-a7cb-20f874b85d55, server: None, raw: .. }
Reserved ticket 2689 for customer b224268d-4938-429e-a7cb-20f874b85d55
Server 799bb1b2-bd8f-49e2-81f8-f7237f0eb223 received client-request: Request { kind: ReserveTicket, customer: 428788ec-8279-4e67-bbf5-627a59d9a9a8, server: None, raw: .. }
Reserved ticket 2688 for customer 428788ec-8279-4e67-bbf5-627a59d9a9a8
Server 799bb1b2-bd8f-49e2-81f8-f7237f0eb223 received client-request: Request { kind: ReserveTicket, customer: 0a020fc2-e0d2-4949-8f26-5ce62e5b515c, server: None, raw: .. }
Reserved ticket 2687 for customer 0a020fc2-e0d2-4949-8f26-5ce62e5b515c
Server 799bb1b2-bd8f-49e2-81f8-f7237f0eb223 received client-request: Request { kind: ReserveTicket, customer: 6cdf8259-abb3-489f-bf1e-f1b9ec01e74c, server: None, raw: .. }
Reserved ticket 2686 for customer 6cdf8259-abb3-489f-bf1e-f1b9ec01e74c
Server 799bb1b2-bd8f-49e2-81f8-f7237f0eb223 received client-request: Request { kind: ReserveTicket, customer: 35780361-29ce-42d1-93e2-8fe924b10014, server: None, raw: .. }
Reserved ticket 2685 for customer 35780361-29ce-42d1-93e2-8fe924b10014
Server 799bb1b2-bd8f-49e2-81f8-f7237f0eb223 received client-request: Request { kind: ReserveTicket, customer: 97cd5044-827e-4f14-a3ac-bb5e335844e6, server: None, raw: .. }
Reserved ticket 2684 for customer 97cd5044-827e-4f14-a3ac-bb5e335844e6
Server 799bb1b2-bd8f-49e2-81f8-f7237f0eb223 received client-request: Request { kind: ReserveTicket, customer: db747b85-e9db-4da8-83a0-8e5f482f7c5d, server: None, raw: .. }
Reserved ticket 2683 for customer db747b85-e9db-4da8-83a0-8e5f482f7c5d
Server 799bb1b2-bd8f-49e2-81f8-f7237f0eb223 received client-request: Request { kind: ReserveTicket, customer: 49a0f72d-509a-4b23-92b9-7bcb05d930b2, server: None, raw: .. }
Reserved ticket 2682 for customer 49a0f72d-509a-4b23-92b9-7bcb05d930b2
Server 799bb1b2-bd8f-49e2-81f8-f7237f0eb223 received client-request: Request { kind: ReserveTicket, customer: 38f8f1de-bb76-4fee-96a9-7248097ba118, server: None, raw: .. }
Reserved ticket 2681 for customer 38f8f1de-bb76-4fee-96a9-7248097ba118
Server 799bb1b2-bd8f-49e2-81f8-f7237f0eb223 received client-request: Request { kind: ReserveTicket, customer: 0105f151-3f7d-4582-8298-571d015a7a79, server: None, raw: .. }
Reserved ticket 2680 for customer 0105f151-3f7d-4582-8298-571d015a7a79
Server 799bb1b2-bd8f-49e2-81f8-f7237f0eb223 received client-request: Request { kind: ReserveTicket, customer: f53b54c3-7fb3-4218-a870-db4cf6ba1ff2, server: None, raw: .. }
Reserved ticket 2679 for customer f53b54c3-7fb3-4218-a870-db4cf6ba1ff2
Server 799bb1b2-bd8f-49e2-81f8-f7237f0eb223 received client-request: Request { kind: ReserveTicket, customer: 1407883f-e9f7-4f42-96fc-98ce719d0e86, server: None, raw: .. }
Reserved ticket 2678 for customer 1407883f-e9f7-4f42-96fc-98ce719d0e86
Server 799bb1b2-bd8f-49e2-81f8-f7237f0eb223 received client-request: Request { kind: ReserveTicket, customer: ea741dd1-6cc2-4d43-b410-f6b63f7a4237, server: None, raw: .. }
Reserved ticket 2677 for customer ea741dd1-6cc2-4d43-b410-f6b63f7a4237
Server 799bb1b2-bd8f-49e2-81f8-f7237f0eb223 received client-request: Request { kind: ReserveTicket, customer: 25a76710-7bdc-437e-8adf-b904025f0b8e, server: None, raw: .. }
Reserved ticket 2676 for customer 25a76710-7bdc-437e-8adf-b904025f0b8e
Server 799bb1b2-bd8f-49e2-81f8-f7237f0eb223 received client-request: Request { kind: ReserveTicket, customer: d78f04e9-0575-46fc-b8f5-917721d4ae17, server: None, raw: .. }
Reserved ticket 2675 for customer d78f04e9-0575-46fc-b8f5-917721d4ae17
Server 799bb1b2-bd8f-49e2-81f8-f7237f0eb223 received client-request: Request { kind: ReserveTicket, customer: 1f0bc4f0-ae4e-40be-bc2b-d7dad65aaf4d, server: None, raw: .. }
Reserved ticket 2674 for customer 1f0bc4f0-ae4e-40be-bc2b-d7dad65aaf4d
Server 799bb1b2-bd8f-49e2-81f8-f7237f0eb223 received client-request: Request { kind: ReserveTicket, customer: 441836b9-6818-4a60-88b2-65fccdd48252, server: None, raw: .. }
Reserved ticket 2673 for customer 441836b9-6818-4a60-88b2-65fccdd48252
Server 799bb1b2-bd8f-49e2-81f8-f7237f0eb223 received client-request: Request { kind: ReserveTicket, customer: 084cedbf-7d3b-4d84-aaf9-00e7a4a84786, server: None, raw: .. }
Reserved ticket 2672 for customer 084cedbf-7d3b-4d84-aaf9-00e7a4a84786
Server 799bb1b2-bd8f-49e2-81f8-f7237f0eb223 received client-request: Request { kind: ReserveTicket, customer: f1dd1776-021d-4d7c-9831-12dabc00402d, server: None, raw: .. }
Reserved ticket 2671 for customer f1dd1776-021d-4d7c-9831-12dabc00402d
Server 799bb1b2-bd8f-49e2-81f8-f7237f0eb223 received client-request: Request { kind: ReserveTicket, customer: 113f2f9f-87b1-46f6-b68d-73e451fec657, server: None, raw: .. }
Reserved ticket 2670 for customer 113f2f9f-87b1-46f6-b68d-73e451fec657
Server 65a51e17-fff5-4036-8b94-6db5de4d28d8 received client-request: Request { kind: ReserveTicket, customer: 7b4feb5b-e68c-433d-84c6-489a1f9a63bb, server: None, raw: .. }
Reserved ticket 2669 for customer 7b4feb5b-e68c-433d-84c6-489a1f9a63bb
Server 799bb1b2-bd8f-49e2-81f8-f7237f0eb223 received client-request: Request { kind: ReserveTicket, customer: b5fd0b7a-675d-424f-9871-6f154ac391eb, server: None, raw: .. }
Reserved ticket 2668 for customer b5fd0b7a-675d-424f-9871-6f154ac391eb
Server 799bb1b2-bd8f-49e2-81f8-f7237f0eb223 received client-request: Request { kind: ReserveTicket, customer: 7caedf97-558e-4c53-9fb2-50f73429527f, server: None, raw: .. }
Reserved ticket 2667 for customer 7caedf97-558e-4c53-9fb2-50f73429527f
Server 799bb1b2-bd8f-49e2-81f8-f7237f0eb223 received client-request: Request { kind: ReserveTicket, customer: 4225c4ce-b57a-49d2-8bdb-c1a2d6921fe9, server: None, raw: .. }
Reserved ticket 2666 for customer 4225c4ce-b57a-49d2-8bdb-c1a2d6921fe9
Server 799bb1b2-bd8f-49e2-81f8-f7237f0eb223 received client-request: Request { kind: ReserveTicket, customer: 4f096ae8-c773-4ccf-8110-59e92124ca87, server: None, raw: .. }
Reserved ticket 2665 for customer 4f096ae8-c773-4ccf-8110-59e92124ca87
Server 799bb1b2-bd8f-49e2-81f8-f7237f0eb223 received client-request: Request { kind: ReserveTicket, customer: 6675c8b0-0671-4496-8c29-65157066539a, server: None, raw: .. }
Reserved ticket 2664 for customer 6675c8b0-0671-4496-8c29-65157066539a
Server 799bb1b2-bd8f-49e2-81f8-f7237f0eb223 received client-request: Request { kind: ReserveTicket, customer: 2f25a437-b116-41d5-9885-079c18bc3b54, server: None, raw: .. }
Reserved ticket 2663 for customer 2f25a437-b116-41d5-9885-079c18bc3b54
Server 799bb1b2-bd8f-49e2-81f8-f7237f0eb223 received client-request: Request { kind: ReserveTicket, customer: 9f0c5b35-4731-4262-9dea-556b46578db3, server: None, raw: .. }
Reserved ticket 2662 for customer 9f0c5b35-4731-4262-9dea-556b46578db3
Server 799bb1b2-bd8f-49e2-81f8-f7237f0eb223 received client-request: Request { kind: ReserveTicket, customer: c0a094bc-4c5f-4db8-a399-1ab20db99663, server: None, raw: .. }
Reserved ticket 2661 for customer c0a094bc-4c5f-4db8-a399-1ab20db99663
Server 799bb1b2-bd8f-49e2-81f8-f7237f0eb223 received client-request: Request { kind: ReserveTicket, customer: e2becf60-3d8d-402d-b20a-c81b6a15a52e, server: None, raw: .. }
Reserved ticket 2660 for customer e2becf60-3d8d-402d-b20a-c81b6a15a52e
Server 799bb1b2-bd8f-49e2-81f8-f7237f0eb223 received client-request: Request { kind: ReserveTicket, customer: 59f21fc4-89d3-4593-9819-50c28bb90a3f, server: None, raw: .. }
Reserved ticket 2659 for customer 59f21fc4-89d3-4593-9819-50c28bb90a3f
Server 799bb1b2-bd8f-49e2-81f8-f7237f0eb223 received client-request: Request { kind: ReserveTicket, customer: 19e34a37-f840-47ec-8b36-88e5f7f8b670, server: None, raw: .. }
Reserved ticket 2658 for customer 19e34a37-f840-47ec-8b36-88e5f7f8b670
Server 799bb1b2-bd8f-49e2-81f8-f7237f0eb223 received client-request: Request { kind: ReserveTicket, customer: eb1483e1-072d-439a-ac62-0862200c4656, server: None, raw: .. }
Reserved ticket 2657 for customer eb1483e1-072d-439a-ac62-0862200c4656
Server 799bb1b2-bd8f-49e2-81f8-f7237f0eb223 received client-request: Request { kind: ReserveTicket, customer: ea295bb8-19b9-449e-80b5-eae5b00b7da3, server: None, raw: .. }
Reserved ticket 2656 for customer ea295bb8-19b9-449e-80b5-eae5b00b7da3
Server 799bb1b2-bd8f-49e2-81f8-f7237f0eb223 received client-request: Request { kind: ReserveTicket, customer: f4fe5b2b-69f8-45aa-b8c3-dd0394a30bf8, server: None, raw: .. }
Reserved ticket 2655 for customer f4fe5b2b-69f8-45aa-b8c3-dd0394a30bf8
Server 799bb1b2-bd8f-49e2-81f8-f7237f0eb223 received client-request: Request { kind: ReserveTicket, customer: 6462c1e7-678b-4d7e-9db5-a767e5cbf566, server: None, raw: .. }
Reserved ticket 2654 for customer 6462c1e7-678b-4d7e-9db5-a767e5cbf566
Server 799bb1b2-bd8f-49e2-81f8-f7237f0eb223 received client-request: Request { kind: ReserveTicket, customer: 929369b4-bead-491a-b493-32def6b91992, server: None, raw: .. }
Reserved ticket 2653 for customer 929369b4-bead-491a-b493-32def6b91992
Server 799bb1b2-bd8f-49e2-81f8-f7237f0eb223 received client-request: Request { kind: ReserveTicket, customer: 1cd4e9e1-d808-4885-920a-bded5d6ef9c2, server: None, raw: .. }
Reserved ticket 2652 for customer 1cd4e9e1-d808-4885-920a-bded5d6ef9c2
Server 799bb1b2-bd8f-49e2-81f8-f7237f0eb223 received client-request: Request { kind: ReserveTicket, customer: d7f6a3f8-02df-4656-b44b-d8f798dcf586, server: None, raw: .. }
Reserved ticket 2651 for customer d7f6a3f8-02df-4656-b44b-d8f798dcf586
Server 799bb1b2-bd8f-49e2-81f8-f7237f0eb223 received client-request: Request { kind: ReserveTicket, customer: 4c7d90b2-7beb-41da-a816-d277b68f8e43, server: None, raw: .. }
Reserved ticket 2650 for customer 4c7d90b2-7beb-41da-a816-d277b68f8e43
Server 65a51e17-fff5-4036-8b94-6db5de4d28d8 received client-request: Request { kind: ReserveTicket, customer: 554bd497-6365-4f33-a7a8-3fdad3d9a103, server: None, raw: .. }
Reserved ticket 2649 for customer 554bd497-6365-4f33-a7a8-3fdad3d9a103
Server 799bb1b2-bd8f-49e2-81f8-f7237f0eb223 received client-request: Request { kind: ReserveTicket, customer: d743975a-d4a5-4e90-9a1e-962e46ea5830, server: None, raw: .. }
Reserved ticket 2648 for customer d743975a-d4a5-4e90-9a1e-962e46ea5830
Server 799bb1b2-bd8f-49e2-81f8-f7237f0eb223 received client-request: Request { kind: ReserveTicket, customer: fc10fa7b-f750-4682-8933-8412d0e3de5b, server: None, raw: .. }
Reserved ticket 2647 for customer fc10fa7b-f750-4682-8933-8412d0e3de5b
Server 799bb1b2-bd8f-49e2-81f8-f7237f0eb223 received client-request: Request { kind: ReserveTicket, customer: 76e9ec31-c6ce-4bad-94bf-0867d128d754, server: None, raw: .. }
Reserved ticket 2646 for customer 76e9ec31-c6ce-4bad-94bf-0867d128d754
Server 799bb1b2-bd8f-49e2-81f8-f7237f0eb223 received client-request: Request { kind: ReserveTicket, customer: d09c3b8b-76ff-4770-9780-c9f9f75c6eef, server: None, raw: .. }
Reserved ticket 2645 for customer d09c3b8b-76ff-4770-9780-c9f9f75c6eef
Server 799bb1b2-bd8f-49e2-81f8-f7237f0eb223 received client-request: Request { kind: ReserveTicket, customer: 76199047-34cd-42cf-ab67-5a9a64470a2a, server: None, raw: .. }
Reserved ticket 2644 for customer 76199047-34cd-42cf-ab67-5a9a64470a2a
Server 799bb1b2-bd8f-49e2-81f8-f7237f0eb223 received client-request: Request { kind: ReserveTicket, customer: b08788e4-646b-4c23-ae5e-2ba7a066fddb, server: None, raw: .. }
Reserved ticket 2643 for customer b08788e4-646b-4c23-ae5e-2ba7a066fddb
Server 799bb1b2-bd8f-49e2-81f8-f7237f0eb223 received client-request: Request { kind: ReserveTicket, customer: c48c19f0-2612-4a1d-81ac-f4217fd90e39, server: None, raw: .. }
Reserved ticket 2642 for customer c48c19f0-2612-4a1d-81ac-f4217fd90e39
Server 799bb1b2-bd8f-49e2-81f8-f7237f0eb223 received client-request: Request { kind: ReserveTicket, customer: c9f2cc2c-58df-4b2b-be47-cc6e6aaa8729, server: None, raw: .. }
Reserved ticket 2641 for customer c9f2cc2c-58df-4b2b-be47-cc6e6aaa8729
Server 799bb1b2-bd8f-49e2-81f8-f7237f0eb223 received client-request: Request { kind: ReserveTicket, customer: debee853-3a47-4212-b262-be56a6f1fabe, server: None, raw: .. }
Reserved ticket 2640 for customer debee853-3a47-4212-b262-be56a6f1fabe
Server 799bb1b2-bd8f-49e2-81f8-f7237f0eb223 received client-request: Request { kind: ReserveTicket, customer: 44637b7c-af1c-4578-b7e8-bb50bc74db8b, server: None, raw: .. }
Reserved ticket 2639 for customer 44637b7c-af1c-4578-b7e8-bb50bc74db8b
Server 799bb1b2-bd8f-49e2-81f8-f7237f0eb223 received client-request: Request { kind: ReserveTicket, customer: d598f7e4-e6a6-400d-b115-8ae86cfe358f, server: None, raw: .. }
Reserved ticket 2638 for customer d598f7e4-e6a6-400d-b115-8ae86cfe358f
Server 799bb1b2-bd8f-49e2-81f8-f7237f0eb223 received client-request: Request { kind: ReserveTicket, customer: c5e1cdcb-d3e4-4d67-80d8-a63050dc8f4b, server: None, raw: .. }
Reserved ticket 2637 for customer c5e1cdcb-d3e4-4d67-80d8-a63050dc8f4b
Server 799bb1b2-bd8f-49e2-81f8-f7237f0eb223 received client-request: Request { kind: ReserveTicket, customer: aa08aa60-a331-4a8d-b1d7-6f47bf4b229f, server: None, raw: .. }
Reserved ticket 2636 for customer aa08aa60-a331-4a8d-b1d7-6f47bf4b229f
Server 799bb1b2-bd8f-49e2-81f8-f7237f0eb223 received client-request: Request { kind: ReserveTicket, customer: b6377dfc-47de-4ecd-9e14-14f4a82ee72d, server: None, raw: .. }
Reserved ticket 2635 for customer b6377dfc-47de-4ecd-9e14-14f4a82ee72d
Server 799bb1b2-bd8f-49e2-81f8-f7237f0eb223 received client-request: Request { kind: ReserveTicket, customer: 3b1ccd30-f9ef-4297-9b76-767ef1813da4, server: None, raw: .. }
Reserved ticket 2634 for customer 3b1ccd30-f9ef-4297-9b76-767ef1813da4
Server 799bb1b2-bd8f-49e2-81f8-f7237f0eb223 received client-request: Request { kind: ReserveTicket, customer: d4396eaa-e9d8-40c8-ac97-db65eece9455, server: None, raw: .. }
Reserved ticket 2633 for customer d4396eaa-e9d8-40c8-ac97-db65eece9455
Server 799bb1b2-bd8f-49e2-81f8-f7237f0eb223 received client-request: Request { kind: ReserveTicket, customer: d26e8bc2-e2f8-4415-ab23-c01705b6e223, server: None, raw: .. }
Reserved ticket 2632 for customer d26e8bc2-e2f8-4415-ab23-c01705b6e223
Server 799bb1b2-bd8f-49e2-81f8-f7237f0eb223 received client-request: Request { kind: ReserveTicket, customer: 30aec180-c153-4326-978b-b94cf279c64b, server: None, raw: .. }
Reserved ticket 2631 for customer 30aec180-c153-4326-978b-b94cf279c64b
Server 799bb1b2-bd8f-49e2-81f8-f7237f0eb223 received client-request: Request { kind: ReserveTicket, customer: 21ec51e0-fd7e-4100-a205-ce6490516b28, server: None, raw: .. }
Reserved ticket 2630 for customer 21ec51e0-fd7e-4100-a205-ce6490516b28
Server 65a51e17-fff5-4036-8b94-6db5de4d28d8 received client-request: Request { kind: ReserveTicket, customer: 80a62ffb-10ec-49f7-8f4f-3921f7eb6d27, server: None, raw: .. }
Reserved ticket 2629 for customer 80a62ffb-10ec-49f7-8f4f-3921f7eb6d27
Server 799bb1b2-bd8f-49e2-81f8-f7237f0eb223 received client-request: Request { kind: ReserveTicket, customer: 26fda71c-350e-4adc-8873-da14a4c4f903, server: None, raw: .. }
Reserved ticket 2628 for customer 26fda71c-350e-4adc-8873-da14a4c4f903
Server 799bb1b2-bd8f-49e2-81f8-f7237f0eb223 received client-request: Request { kind: ReserveTicket, customer: 08c113b6-c7a8-4c67-bd80-aa483f4ddb4c, server: None, raw: .. }
Reserved ticket 2627 for customer 08c113b6-c7a8-4c67-bd80-aa483f4ddb4c
Server 799bb1b2-bd8f-49e2-81f8-f7237f0eb223 received client-request: Request { kind: ReserveTicket, customer: e8dae52a-da53-4eb0-bca6-130325ebe608, server: None, raw: .. }
Reserved ticket 2626 for customer e8dae52a-da53-4eb0-bca6-130325ebe608
Server 799bb1b2-bd8f-49e2-81f8-f7237f0eb223 received client-request: Request { kind: ReserveTicket, customer: 888b9dbd-e1e6-4201-ac13-6a32994ef9fe, server: None, raw: .. }
Reserved ticket 2625 for customer 888b9dbd-e1e6-4201-ac13-6a32994ef9fe
Server 799bb1b2-bd8f-49e2-81f8-f7237f0eb223 received client-request: Request { kind: ReserveTicket, customer: 385e224b-22c9-4d63-bbff-9735ffe0f6b6, server: None, raw: .. }
Reserved ticket 2624 for customer 385e224b-22c9-4d63-bbff-9735ffe0f6b6
Server 799bb1b2-bd8f-49e2-81f8-f7237f0eb223 received client-request: Request { kind: ReserveTicket, customer: 875b00b5-501b-445e-9500-1a0d65651f47, server: None, raw: .. }
Reserved ticket 2623 for customer 875b00b5-501b-445e-9500-1a0d65651f47
Server 799bb1b2-bd8f-49e2-81f8-f7237f0eb223 received client-request: Request { kind: ReserveTicket, customer: 2b21a456-b6d5-4620-8dcb-c7d40bc60295, server: None, raw: .. }
Reserved ticket 2622 for customer 2b21a456-b6d5-4620-8dcb-c7d40bc60295
Server 799bb1b2-bd8f-49e2-81f8-f7237f0eb223 received client-request: Request { kind: ReserveTicket, customer: 6d8521f3-5174-465c-8535-0ba8cfdfda70, server: None, raw: .. }
Reserved ticket 2621 for customer 6d8521f3-5174-465c-8535-0ba8cfdfda70
Server 799bb1b2-bd8f-49e2-81f8-f7237f0eb223 received client-request: Request { kind: ReserveTicket, customer: d8da204c-66c4-4b35-95c6-49bc0767efd6, server: None, raw: .. }
Reserved ticket 2620 for customer d8da204c-66c4-4b35-95c6-49bc0767efd6
Server 799bb1b2-bd8f-49e2-81f8-f7237f0eb223 received client-request: Request { kind: ReserveTicket, customer: ffdff616-7887-4574-96a0-676dea166114, server: None, raw: .. }
Reserved ticket 2619 for customer ffdff616-7887-4574-96a0-676dea166114
Server 799bb1b2-bd8f-49e2-81f8-f7237f0eb223 received client-request: Request { kind: ReserveTicket, customer: 5b145874-e389-455a-9458-7c21590a9d85, server: None, raw: .. }
Reserved ticket 2618 for customer 5b145874-e389-455a-9458-7c21590a9d85
Server 799bb1b2-bd8f-49e2-81f8-f7237f0eb223 received client-request: Request { kind: ReserveTicket, customer: 7b712f20-862b-4eae-bc69-78abf9847756, server: None, raw: .. }
Reserved ticket 2617 for customer 7b712f20-862b-4eae-bc69-78abf9847756
Server 799bb1b2-bd8f-49e2-81f8-f7237f0eb223 received client-request: Request { kind: ReserveTicket, customer: fb83f710-e916-439f-a72c-9b27282baa65, server: None, raw: .. }
Reserved ticket 2616 for customer fb83f710-e916-439f-a72c-9b27282baa65
Server 799bb1b2-bd8f-49e2-81f8-f7237f0eb223 received client-request: Request { kind: ReserveTicket, customer: 774583d1-3cfb-43be-89df-e2ffa7aa422d, server: None, raw: .. }
Reserved ticket 2615 for customer 774583d1-3cfb-43be-89df-e2ffa7aa422d
Server 799bb1b2-bd8f-49e2-81f8-f7237f0eb223 received client-request: Request { kind: ReserveTicket, customer: 69f79b7b-5b85-4376-9455-12e18763bd74, server: None, raw: .. }
Reserved ticket 2614 for customer 69f79b7b-5b85-4376-9455-12e18763bd74
Server 799bb1b2-bd8f-49e2-81f8-f7237f0eb223 received client-request: Request { kind: ReserveTicket, customer: b04ed38e-ca0a-477c-8545-6e90d573950a, server: None, raw: .. }
Reserved ticket 2613 for customer b04ed38e-ca0a-477c-8545-6e90d573950a
Server 799bb1b2-bd8f-49e2-81f8-f7237f0eb223 received client-request: Request { kind: ReserveTicket, customer: 21ab98a9-cda6-49d9-91b0-85087542d2c5, server: None, raw: .. }
Reserved ticket 2612 for customer 21ab98a9-cda6-49d9-91b0-85087542d2c5
Server 799bb1b2-bd8f-49e2-81f8-f7237f0eb223 received client-request: Request { kind: ReserveTicket, customer: 36079acc-de0e-439d-aa35-5a6bcac1c555, server: None, raw: .. }
Reserved ticket 2611 for customer 36079acc-de0e-439d-aa35-5a6bcac1c555
Server 799bb1b2-bd8f-49e2-81f8-f7237f0eb223 received client-request: Request { kind: ReserveTicket, customer: 9b3dcbf8-48be-4752-8a1e-131f7be91727, server: None, raw: .. }
Reserved ticket 2610 for customer 9b3dcbf8-48be-4752-8a1e-131f7be91727
Server 65a51e17-fff5-4036-8b94-6db5de4d28d8 received client-request: Request { kind: ReserveTicket, customer: 855d9baf-7a92-4418-a7e5-55bebd113698, server: None, raw: .. }
Reserved ticket 2609 for customer 855d9baf-7a92-4418-a7e5-55bebd113698
Server 799bb1b2-bd8f-49e2-81f8-f7237f0eb223 received client-request: Request { kind: ReserveTicket, customer: 7938d708-8126-48f6-88a8-1a08a1c2620f, server: None, raw: .. }
Reserved ticket 2608 for customer 7938d708-8126-48f6-88a8-1a08a1c2620f
Server 799bb1b2-bd8f-49e2-81f8-f7237f0eb223 received client-request: Request { kind: ReserveTicket, customer: 5ebf7a7e-9849-4341-8d0b-a8452e9d8ec7, server: None, raw: .. }
Reserved ticket 2607 for customer 5ebf7a7e-9849-4341-8d0b-a8452e9d8ec7
Server 799bb1b2-bd8f-49e2-81f8-f7237f0eb223 received client-request: Request { kind: ReserveTicket, customer: a726e4cc-849d-4ed7-a7f3-b3391e0aff2e, server: None, raw: .. }
Reserved ticket 2606 for customer a726e4cc-849d-4ed7-a7f3-b3391e0aff2e
Server 799bb1b2-bd8f-49e2-81f8-f7237f0eb223 received client-request: Request { kind: ReserveTicket, customer: 96338a6f-a006-4606-82f6-85a11c228e30, server: None, raw: .. }
Reserved ticket 2605 for customer 96338a6f-a006-4606-82f6-85a11c228e30
Server 799bb1b2-bd8f-49e2-81f8-f7237f0eb223 received client-request: Request { kind: ReserveTicket, customer: 133aac6b-a959-4590-8e5d-fd4025a7e4c8, server: None, raw: .. }
Reserved ticket 2604 for customer 133aac6b-a959-4590-8e5d-fd4025a7e4c8
Server 799bb1b2-bd8f-49e2-81f8-f7237f0eb223 received client-request: Request { kind: ReserveTicket, customer: 26829771-12f4-4eab-928e-e70c453b041d, server: None, raw: .. }
Reserved ticket 2603 for customer 26829771-12f4-4eab-928e-e70c453b041d
Server 799bb1b2-bd8f-49e2-81f8-f7237f0eb223 received client-request: Request { kind: ReserveTicket, customer: 7a459c95-04d2-44ac-9fd6-5f9d13531a17, server: None, raw: .. }
Reserved ticket 2602 for customer 7a459c95-04d2-44ac-9fd6-5f9d13531a17
Server 799bb1b2-bd8f-49e2-81f8-f7237f0eb223 received client-request: Request { kind: ReserveTicket, customer: 59f2608e-afea-4c24-ba25-7625cac965be, server: None, raw: .. }
Reserved ticket 2601 for customer 59f2608e-afea-4c24-ba25-7625cac965be
Server 799bb1b2-bd8f-49e2-81f8-f7237f0eb223 received client-request: Request { kind: ReserveTicket, customer: a09f894d-baaf-4f40-8bdf-ea0ad12cb316, server: None, raw: .. }
Reserved ticket 2600 for customer a09f894d-baaf-4f40-8bdf-ea0ad12cb316
Server 799bb1b2-bd8f-49e2-81f8-f7237f0eb223 received client-request: Request { kind: ReserveTicket, customer: 6098e2cc-cc3e-4cf9-9f36-07b0c88cab04, server: None, raw: .. }
Reserved ticket 2599 for customer 6098e2cc-cc3e-4cf9-9f36-07b0c88cab04
Server 799bb1b2-bd8f-49e2-81f8-f7237f0eb223 received client-request: Request { kind: ReserveTicket, customer: c8140688-9ccd-4648-87ae-4a0519f960c8, server: None, raw: .. }
Reserved ticket 2598 for customer c8140688-9ccd-4648-87ae-4a0519f960c8
Server 799bb1b2-bd8f-49e2-81f8-f7237f0eb223 received client-request: Request { kind: ReserveTicket, customer: 5f529ba3-2539-4a46-9290-25690dc29fee, server: None, raw: .. }
Reserved ticket 2597 for customer 5f529ba3-2539-4a46-9290-25690dc29fee
Server 799bb1b2-bd8f-49e2-81f8-f7237f0eb223 received client-request: Request { kind: ReserveTicket, customer: 4c81995a-22a9-4d4b-99ba-2f6538746f64, server: None, raw: .. }
Reserved ticket 2596 for customer 4c81995a-22a9-4d4b-99ba-2f6538746f64
Server 799bb1b2-bd8f-49e2-81f8-f7237f0eb223 received client-request: Request { kind: ReserveTicket, customer: 97446d1c-8766-4fcd-9173-9c041891be57, server: None, raw: .. }
Reserved ticket 2595 for customer 97446d1c-8766-4fcd-9173-9c041891be57
Server 799bb1b2-bd8f-49e2-81f8-f7237f0eb223 received client-request: Request { kind: ReserveTicket, customer: a5351196-32c1-4889-9865-0e53fd8b4a5b, server: None, raw: .. }
Reserved ticket 2594 for customer a5351196-32c1-4889-9865-0e53fd8b4a5b
Server 799bb1b2-bd8f-49e2-81f8-f7237f0eb223 received client-request: Request { kind: ReserveTicket, customer: 79c7ed1d-c603-40be-a3f3-f1028b1642eb, server: None, raw: .. }
Reserved ticket 2593 for customer 79c7ed1d-c603-40be-a3f3-f1028b1642eb
Server 799bb1b2-bd8f-49e2-81f8-f7237f0eb223 received client-request: Request { kind: ReserveTicket, customer: 4f2dea00-3e2a-4a3a-8fbd-f43e86e30a23, server: None, raw: .. }
Reserved ticket 2592 for customer 4f2dea00-3e2a-4a3a-8fbd-f43e86e30a23
Server 799bb1b2-bd8f-49e2-81f8-f7237f0eb223 received client-request: Request { kind: ReserveTicket, customer: c7843263-83d7-4258-9e61-2b4c1709e9a7, server: None, raw: .. }
Reserved ticket 2591 for customer c7843263-83d7-4258-9e61-2b4c1709e9a7
Server 799bb1b2-bd8f-49e2-81f8-f7237f0eb223 received client-request: Request { kind: ReserveTicket, customer: 31c1bdc5-eb23-4a6e-9da4-c0b341bf52bd, server: None, raw: .. }
Reserved ticket 2590 for customer 31c1bdc5-eb23-4a6e-9da4-c0b341bf52bd
Server 65a51e17-fff5-4036-8b94-6db5de4d28d8 received client-request: Request { kind: ReserveTicket, customer: 90d15b70-c1be-4293-9b5f-a37b35519c3b, server: None, raw: .. }
Reserved ticket 2589 for customer 90d15b70-c1be-4293-9b5f-a37b35519c3b
Server 799bb1b2-bd8f-49e2-81f8-f7237f0eb223 received client-request: Request { kind: ReserveTicket, customer: dc57540e-b5a4-4638-9abb-9dad52fd3f17, server: None, raw: .. }
Reserved ticket 2588 for customer dc57540e-b5a4-4638-9abb-9dad52fd3f17
Server 799bb1b2-bd8f-49e2-81f8-f7237f0eb223 received client-request: Request { kind: ReserveTicket, customer: ed4bf166-ee24-445c-9eea-79ea109ca422, server: None, raw: .. }
Reserved ticket 2587 for customer ed4bf166-ee24-445c-9eea-79ea109ca422
Server 799bb1b2-bd8f-49e2-81f8-f7237f0eb223 received client-request: Request { kind: ReserveTicket, customer: ec347ac6-a404-4855-b048-089773da3727, server: None, raw: .. }
Reserved ticket 2586 for customer ec347ac6-a404-4855-b048-089773da3727
Server 799bb1b2-bd8f-49e2-81f8-f7237f0eb223 received client-request: Request { kind: ReserveTicket, customer: b9d905be-8f2a-437f-acc0-fabd14d621ca, server: None, raw: .. }
Reserved ticket 2585 for customer b9d905be-8f2a-437f-acc0-fabd14d621ca
Server 799bb1b2-bd8f-49e2-81f8-f7237f0eb223 received client-request: Request { kind: ReserveTicket, customer: f2940d8e-a8a2-4e65-8247-cbcfd572bca9, server: None, raw: .. }
Reserved ticket 2584 for customer f2940d8e-a8a2-4e65-8247-cbcfd572bca9
Server 799bb1b2-bd8f-49e2-81f8-f7237f0eb223 received client-request: Request { kind: ReserveTicket, customer: 28148e15-09df-437a-a60a-0cadd49a7944, server: None, raw: .. }
Reserved ticket 2583 for customer 28148e15-09df-437a-a60a-0cadd49a7944
Server 799bb1b2-bd8f-49e2-81f8-f7237f0eb223 received client-request: Request { kind: ReserveTicket, customer: c9ee5ac1-504e-4059-841b-75b504747da0, server: None, raw: .. }
Reserved ticket 2582 for customer c9ee5ac1-504e-4059-841b-75b504747da0
Server 799bb1b2-bd8f-49e2-81f8-f7237f0eb223 received client-request: Request { kind: ReserveTicket, customer: 5aebf3cd-fe3c-4d24-a6e5-7cc1b06d7346, server: None, raw: .. }
Reserved ticket 2581 for customer 5aebf3cd-fe3c-4d24-a6e5-7cc1b06d7346
Server 799bb1b2-bd8f-49e2-81f8-f7237f0eb223 received client-request: Request { kind: ReserveTicket, customer: 4533defa-6e02-4172-a52e-abf920742b5a, server: None, raw: .. }
Reserved ticket 2580 for customer 4533defa-6e02-4172-a52e-abf920742b5a
Server 799bb1b2-bd8f-49e2-81f8-f7237f0eb223 received client-request: Request { kind: ReserveTicket, customer: a655344f-6414-43ca-b361-17e7adb5b3fd, server: None, raw: .. }
Reserved ticket 2579 for customer a655344f-6414-43ca-b361-17e7adb5b3fd
Server 799bb1b2-bd8f-49e2-81f8-f7237f0eb223 received client-request: Request { kind: ReserveTicket, customer: 787dca3d-475a-4e9f-a11e-cd27c31d4f69, server: None, raw: .. }
Reserved ticket 2578 for customer 787dca3d-475a-4e9f-a11e-cd27c31d4f69
Server 799bb1b2-bd8f-49e2-81f8-f7237f0eb223 received client-request: Request { kind: ReserveTicket, customer: a6b5eeb7-2eaf-4276-9a12-93d45942d46c, server: None, raw: .. }
Reserved ticket 2577 for customer a6b5eeb7-2eaf-4276-9a12-93d45942d46c
Server 799bb1b2-bd8f-49e2-81f8-f7237f0eb223 received client-request: Request { kind: ReserveTicket, customer: 8ddfa3d0-c364-4c30-97d3-64b4df7d6603, server: None, raw: .. }
Reserved ticket 2576 for customer 8ddfa3d0-c364-4c30-97d3-64b4df7d6603
Server 799bb1b2-bd8f-49e2-81f8-f7237f0eb223 received client-request: Request { kind: ReserveTicket, customer: 1ecb624b-8777-4797-89ca-5c3c0336f47a, server: None, raw: .. }
Reserved ticket 2575 for customer 1ecb624b-8777-4797-89ca-5c3c0336f47a
Server 799bb1b2-bd8f-49e2-81f8-f7237f0eb223 received client-request: Request { kind: ReserveTicket, customer: 2b716396-c814-4eb6-a6bd-845081919789, server: None, raw: .. }
Reserved ticket 2574 for customer 2b716396-c814-4eb6-a6bd-845081919789
Server 799bb1b2-bd8f-49e2-81f8-f7237f0eb223 received client-request: Request { kind: ReserveTicket, customer: 5899737e-8ec9-44ba-9dde-63f6a76509ac, server: None, raw: .. }
Reserved ticket 2573 for customer 5899737e-8ec9-44ba-9dde-63f6a76509ac
Server 799bb1b2-bd8f-49e2-81f8-f7237f0eb223 received client-request: Request { kind: ReserveTicket, customer: 883b5d0f-2ace-42ac-8f3b-8ffb1b9dbeff, server: None, raw: .. }
Reserved ticket 2572 for customer 883b5d0f-2ace-42ac-8f3b-8ffb1b9dbeff
Server 799bb1b2-bd8f-49e2-81f8-f7237f0eb223 received client-request: Request { kind: ReserveTicket, customer: ba5ee0c2-8741-4bea-bbdc-f817778e936c, server: None, raw: .. }
Reserved ticket 2571 for customer ba5ee0c2-8741-4bea-bbdc-f817778e936c
Server 799bb1b2-bd8f-49e2-81f8-f7237f0eb223 received client-request: Request { kind: ReserveTicket, customer: 29e2fd80-cd5a-48a6-b60e-ea3cfd8a1fb9, server: None, raw: .. }
Reserved ticket 2570 for customer 29e2fd80-cd5a-48a6-b60e-ea3cfd8a1fb9
Server 65a51e17-fff5-4036-8b94-6db5de4d28d8 received client-request: Request { kind: ReserveTicket, customer: 13bd4a75-0870-440c-855f-740fe6d29a25, server: None, raw: .. }
Reserved ticket 2569 for customer 13bd4a75-0870-440c-855f-740fe6d29a25
Server 799bb1b2-bd8f-49e2-81f8-f7237f0eb223 received client-request: Request { kind: ReserveTicket, customer: 9368b223-8622-4af4-bb3b-c8eef6afcf51, server: None, raw: .. }
Reserved ticket 2568 for customer 9368b223-8622-4af4-bb3b-c8eef6afcf51
Server 799bb1b2-bd8f-49e2-81f8-f7237f0eb223 received client-request: Request { kind: ReserveTicket, customer: 993d68d5-5aee-427b-819c-a0cecd1667e9, server: None, raw: .. }
Reserved ticket 2567 for customer 993d68d5-5aee-427b-819c-a0cecd1667e9
Server 799bb1b2-bd8f-49e2-81f8-f7237f0eb223 received client-request: Request { kind: ReserveTicket, customer: 88eea5ae-07c3-448b-ac86-99662fce1eef, server: None, raw: .. }
Reserved ticket 2566 for customer 88eea5ae-07c3-448b-ac86-99662fce1eef
Server 799bb1b2-bd8f-49e2-81f8-f7237f0eb223 received client-request: Request { kind: ReserveTicket, customer: 9227a87d-0d68-4b43-a506-a370b1a228f7, server: None, raw: .. }
Reserved ticket 2565 for customer 9227a87d-0d68-4b43-a506-a370b1a228f7
Server 799bb1b2-bd8f-49e2-81f8-f7237f0eb223 received client-request: Request { kind: ReserveTicket, customer: f184da39-1f8d-4843-a937-9de84b4ebf5e, server: None, raw: .. }
Reserved ticket 2564 for customer f184da39-1f8d-4843-a937-9de84b4ebf5e
Server 799bb1b2-bd8f-49e2-81f8-f7237f0eb223 received client-request: Request { kind: ReserveTicket, customer: 98b49918-88c3-4aec-8c02-d88bc2fc6d1b, server: None, raw: .. }
Reserved ticket 2563 for customer 98b49918-88c3-4aec-8c02-d88bc2fc6d1b
Server 799bb1b2-bd8f-49e2-81f8-f7237f0eb223 received client-request: Request { kind: ReserveTicket, customer: 340bd859-54a9-46ab-882c-31236cfa875b, server: None, raw: .. }
Reserved ticket 2562 for customer 340bd859-54a9-46ab-882c-31236cfa875b
Server 799bb1b2-bd8f-49e2-81f8-f7237f0eb223 received client-request: Request { kind: ReserveTicket, customer: cb434411-7a17-43f7-a3c4-c241468e4ed4, server: None, raw: .. }
Reserved ticket 2561 for customer cb434411-7a17-43f7-a3c4-c241468e4ed4
Server 799bb1b2-bd8f-49e2-81f8-f7237f0eb223 received client-request: Request { kind: ReserveTicket, customer: dfaa2ffa-3afe-49cf-8c57-3443795191ea, server: None, raw: .. }
Reserved ticket 2560 for customer dfaa2ffa-3afe-49cf-8c57-3443795191ea
Server 799bb1b2-bd8f-49e2-81f8-f7237f0eb223 received client-request: Request { kind: ReserveTicket, customer: 59d49d7a-be57-44df-92a0-2054372ddc7b, server: None, raw: .. }
Reserved ticket 2559 for customer 59d49d7a-be57-44df-92a0-2054372ddc7b
Server 799bb1b2-bd8f-49e2-81f8-f7237f0eb223 received client-request: Request { kind: ReserveTicket, customer: fb3e2442-d378-4825-a815-168fe06ebcc4, server: None, raw: .. }
Reserved ticket 2558 for customer fb3e2442-d378-4825-a815-168fe06ebcc4
Server 799bb1b2-bd8f-49e2-81f8-f7237f0eb223 received client-request: Request { kind: ReserveTicket, customer: 39085acf-4e86-48d9-8311-496e60565047, server: None, raw: .. }
Reserved ticket 2557 for customer 39085acf-4e86-48d9-8311-496e60565047
Server 799bb1b2-bd8f-49e2-81f8-f7237f0eb223 received client-request: Request { kind: ReserveTicket, customer: b9a2cc47-190d-49a0-a729-f0e4f0eccdb6, server: None, raw: .. }
Reserved ticket 2556 for customer b9a2cc47-190d-49a0-a729-f0e4f0eccdb6
Server 799bb1b2-bd8f-49e2-81f8-f7237f0eb223 received client-request: Request { kind: ReserveTicket, customer: efac673d-d2e9-4b53-8a14-a6cbd535dfd8, server: None, raw: .. }
Reserved ticket 2555 for customer efac673d-d2e9-4b53-8a14-a6cbd535dfd8
Server 799bb1b2-bd8f-49e2-81f8-f7237f0eb223 received client-request: Request { kind: ReserveTicket, customer: 50c2bfca-0156-44f2-b9f0-e1aac530ef8a, server: None, raw: .. }
Reserved ticket 2554 for customer 50c2bfca-0156-44f2-b9f0-e1aac530ef8a
Server 799bb1b2-bd8f-49e2-81f8-f7237f0eb223 received client-request: Request { kind: ReserveTicket, customer: 14d65c71-ee94-490f-88a2-6f3babc66c58, server: None, raw: .. }
Reserved ticket 2553 for customer 14d65c71-ee94-490f-88a2-6f3babc66c58
Server 799bb1b2-bd8f-49e2-81f8-f7237f0eb223 received client-request: Request { kind: ReserveTicket, customer: b3e07df4-d287-42fa-a59c-327d9d064053, server: None, raw: .. }
Reserved ticket 2552 for customer b3e07df4-d287-42fa-a59c-327d9d064053
Server 799bb1b2-bd8f-49e2-81f8-f7237f0eb223 received client-request: Request { kind: ReserveTicket, customer: a527e599-70f8-4bbc-b372-77526788288e, server: None, raw: .. }
Reserved ticket 2551 for customer a527e599-70f8-4bbc-b372-77526788288e
Server 799bb1b2-bd8f-49e2-81f8-f7237f0eb223 received client-request: Request { kind: ReserveTicket, customer: 9bf69f8f-d497-40f0-a2ff-f2cea56f3fa3, server: None, raw: .. }
Reserved ticket 2550 for customer 9bf69f8f-d497-40f0-a2ff-f2cea56f3fa3
Server 65a51e17-fff5-4036-8b94-6db5de4d28d8 received client-request: Request { kind: ReserveTicket, customer: c75faffe-acf8-46b6-abb0-94e7a8765035, server: None, raw: .. }
Reserved ticket 2549 for customer c75faffe-acf8-46b6-abb0-94e7a8765035
Server 799bb1b2-bd8f-49e2-81f8-f7237f0eb223 received client-request: Request { kind: ReserveTicket, customer: 85628852-f635-4427-9029-eb8fcfbaf6a7, server: None, raw: .. }
Reserved ticket 2548 for customer 85628852-f635-4427-9029-eb8fcfbaf6a7
Server 799bb1b2-bd8f-49e2-81f8-f7237f0eb223 received client-request: Request { kind: ReserveTicket, customer: 34a28812-9dc0-4f2a-adef-97ba86c7c1ae, server: None, raw: .. }
Reserved ticket 2547 for customer 34a28812-9dc0-4f2a-adef-97ba86c7c1ae
Server 799bb1b2-bd8f-49e2-81f8-f7237f0eb223 received client-request: Request { kind: ReserveTicket, customer: 85b9615b-a94e-4a63-a0bf-cdd526fe92b6, server: None, raw: .. }
Reserved ticket 2546 for customer 85b9615b-a94e-4a63-a0bf-cdd526fe92b6
Server 799bb1b2-bd8f-49e2-81f8-f7237f0eb223 received client-request: Request { kind: ReserveTicket, customer: 91fbb512-96f7-4b16-84e4-fc66184a3ca7, server: None, raw: .. }
Reserved ticket 2545 for customer 91fbb512-96f7-4b16-84e4-fc66184a3ca7
Server 799bb1b2-bd8f-49e2-81f8-f7237f0eb223 received client-request: Request { kind: ReserveTicket, customer: 94e4efaf-5bdc-4beb-99de-a6b92dc36841, server: None, raw: .. }
Reserved ticket 2544 for customer 94e4efaf-5bdc-4beb-99de-a6b92dc36841
Server 799bb1b2-bd8f-49e2-81f8-f7237f0eb223 received client-request: Request { kind: ReserveTicket, customer: a26f473d-2290-4091-968b-f4950b9a4c2d, server: None, raw: .. }
Reserved ticket 2543 for customer a26f473d-2290-4091-968b-f4950b9a4c2d
Server 799bb1b2-bd8f-49e2-81f8-f7237f0eb223 received client-request: Request { kind: ReserveTicket, customer: 27b70527-c06c-42d6-967f-37086264f7c5, server: None, raw: .. }
Reserved ticket 2542 for customer 27b70527-c06c-42d6-967f-37086264f7c5
Server 799bb1b2-bd8f-49e2-81f8-f7237f0eb223 received client-request: Request { kind: ReserveTicket, customer: 4b2b6f72-8939-4a18-af94-4fabb181c257, server: None, raw: .. }
Reserved ticket 2541 for customer 4b2b6f72-8939-4a18-af94-4fabb181c257
Server 799bb1b2-bd8f-49e2-81f8-f7237f0eb223 received client-request: Request { kind: ReserveTicket, customer: b8f813ac-a311-48e1-a7ce-c49e80068409, server: None, raw: .. }
Reserved ticket 2540 for customer b8f813ac-a311-48e1-a7ce-c49e80068409
Server 799bb1b2-bd8f-49e2-81f8-f7237f0eb223 received client-request: Request { kind: ReserveTicket, customer: 350fbfbc-935a-4fa6-a7ac-6fe2d467fc0b, server: None, raw: .. }
Reserved ticket 2539 for customer 350fbfbc-935a-4fa6-a7ac-6fe2d467fc0b
Server 799bb1b2-bd8f-49e2-81f8-f7237f0eb223 received client-request: Request { kind: ReserveTicket, customer: 5ed9868e-de7f-4cdc-8a17-c0ab09bd5b4e, server: None, raw: .. }
Reserved ticket 2538 for customer 5ed9868e-de7f-4cdc-8a17-c0ab09bd5b4e
Server 799bb1b2-bd8f-49e2-81f8-f7237f0eb223 received client-request: Request { kind: ReserveTicket, customer: ebfe6ec9-859c-40b5-bdf0-0b085d16c575, server: None, raw: .. }
Reserved ticket 2537 for customer ebfe6ec9-859c-40b5-bdf0-0b085d16c575
Server 799bb1b2-bd8f-49e2-81f8-f7237f0eb223 received client-request: Request { kind: ReserveTicket, customer: beac941f-f527-4b7a-9b89-eae6fc517c2e, server: None, raw: .. }
Reserved ticket 2536 for customer beac941f-f527-4b7a-9b89-eae6fc517c2e
Server 799bb1b2-bd8f-49e2-81f8-f7237f0eb223 received client-request: Request { kind: ReserveTicket, customer: e7dce75d-bf5b-4f9d-8db9-0a520048b35a, server: None, raw: .. }
Reserved ticket 2535 for customer e7dce75d-bf5b-4f9d-8db9-0a520048b35a
Server 799bb1b2-bd8f-49e2-81f8-f7237f0eb223 received client-request: Request { kind: ReserveTicket, customer: 998e5a0d-55b1-4e81-a2a3-27c1f3cc5b01, server: None, raw: .. }
Reserved ticket 2534 for customer 998e5a0d-55b1-4e81-a2a3-27c1f3cc5b01
Server 799bb1b2-bd8f-49e2-81f8-f7237f0eb223 received client-request: Request { kind: ReserveTicket, customer: e5e4ec34-15d3-4207-9f26-d2e93cc94213, server: None, raw: .. }
Reserved ticket 2533 for customer e5e4ec34-15d3-4207-9f26-d2e93cc94213
Server 799bb1b2-bd8f-49e2-81f8-f7237f0eb223 received client-request: Request { kind: ReserveTicket, customer: 9360f5ed-0020-4020-b2bb-dbd0ddc717d7, server: None, raw: .. }
Reserved ticket 2532 for customer 9360f5ed-0020-4020-b2bb-dbd0ddc717d7
Server 799bb1b2-bd8f-49e2-81f8-f7237f0eb223 received client-request: Request { kind: ReserveTicket, customer: 4f1dee8f-b9f3-4760-b8d6-360f313d4d28, server: None, raw: .. }
Reserved ticket 2531 for customer 4f1dee8f-b9f3-4760-b8d6-360f313d4d28
Server 799bb1b2-bd8f-49e2-81f8-f7237f0eb223 received client-request: Request { kind: ReserveTicket, customer: 96aec603-8b1e-4049-b2f3-487e6987b887, server: None, raw: .. }
Reserved ticket 2530 for customer 96aec603-8b1e-4049-b2f3-487e6987b887
Server 65a51e17-fff5-4036-8b94-6db5de4d28d8 received client-request: Request { kind: ReserveTicket, customer: ce1f6caf-9a48-4afa-9498-542c3108bb0c, server: None, raw: .. }
Reserved ticket 2529 for customer ce1f6caf-9a48-4afa-9498-542c3108bb0c
Server 799bb1b2-bd8f-49e2-81f8-f7237f0eb223 received client-request: Request { kind: ReserveTicket, customer: 29e7709f-8c19-45b1-a932-ee71ad31a5c9, server: None, raw: .. }
Reserved ticket 2528 for customer 29e7709f-8c19-45b1-a932-ee71ad31a5c9
Server 799bb1b2-bd8f-49e2-81f8-f7237f0eb223 received client-request: Request { kind: ReserveTicket, customer: 84e2e711-2849-4fff-a267-27fe7e8deb33, server: None, raw: .. }
Reserved ticket 2527 for customer 84e2e711-2849-4fff-a267-27fe7e8deb33
Server 799bb1b2-bd8f-49e2-81f8-f7237f0eb223 received client-request: Request { kind: ReserveTicket, customer: e8b8c6f7-b3cd-4dc5-b0a8-cbf1ff02d652, server: None, raw: .. }
Reserved ticket 2526 for customer e8b8c6f7-b3cd-4dc5-b0a8-cbf1ff02d652
Server 799bb1b2-bd8f-49e2-81f8-f7237f0eb223 received client-request: Request { kind: ReserveTicket, customer: 66c9968c-5d80-4df3-949d-9b3a8b1d6d06, server: None, raw: .. }
Reserved ticket 2525 for customer 66c9968c-5d80-4df3-949d-9b3a8b1d6d06
Server 799bb1b2-bd8f-49e2-81f8-f7237f0eb223 received client-request: Request { kind: ReserveTicket, customer: cfb6b5c4-9a77-4a8b-b538-99f467d38d57, server: None, raw: .. }
Reserved ticket 2524 for customer cfb6b5c4-9a77-4a8b-b538-99f467d38d57
Server 799bb1b2-bd8f-49e2-81f8-f7237f0eb223 received client-request: Request { kind: ReserveTicket, customer: dba8f68a-417f-41c0-b3de-c60fec1a06c6, server: None, raw: .. }
Reserved ticket 2523 for customer dba8f68a-417f-41c0-b3de-c60fec1a06c6
Server 799bb1b2-bd8f-49e2-81f8-f7237f0eb223 received client-request: Request { kind: ReserveTicket, customer: 66db05ee-8c77-46b0-9d8a-c7e6c2c07d4d, server: None, raw: .. }
Reserved ticket 2522 for customer 66db05ee-8c77-46b0-9d8a-c7e6c2c07d4d
Server 799bb1b2-bd8f-49e2-81f8-f7237f0eb223 received client-request: Request { kind: ReserveTicket, customer: 9d9639cc-c790-427e-a31e-5bd604b62ca0, server: None, raw: .. }
Reserved ticket 2521 for customer 9d9639cc-c790-427e-a31e-5bd604b62ca0
Server 799bb1b2-bd8f-49e2-81f8-f7237f0eb223 received client-request: Request { kind: ReserveTicket, customer: 5d8bd427-05dd-42cb-8dea-d817ab12bbb9, server: None, raw: .. }
Reserved ticket 2520 for customer 5d8bd427-05dd-42cb-8dea-d817ab12bbb9
Server 799bb1b2-bd8f-49e2-81f8-f7237f0eb223 received client-request: Request { kind: ReserveTicket, customer: 5c86edbe-863b-4a50-b03c-2a3a48b6a931, server: None, raw: .. }
Reserved ticket 2519 for customer 5c86edbe-863b-4a50-b03c-2a3a48b6a931
Server 799bb1b2-bd8f-49e2-81f8-f7237f0eb223 received client-request: Request { kind: ReserveTicket, customer: e1810243-69fc-4b6b-a121-1c5ee5076675, server: None, raw: .. }
Reserved ticket 2518 for customer e1810243-69fc-4b6b-a121-1c5ee5076675
Server 799bb1b2-bd8f-49e2-81f8-f7237f0eb223 received client-request: Request { kind: ReserveTicket, customer: 02eb9483-6835-4546-a37b-24f783ba70cf, server: None, raw: .. }
Reserved ticket 2517 for customer 02eb9483-6835-4546-a37b-24f783ba70cf
Server 799bb1b2-bd8f-49e2-81f8-f7237f0eb223 received client-request: Request { kind: ReserveTicket, customer: 26d0b149-e36d-4e0e-88aa-cafc0e22afee, server: None, raw: .. }
Reserved ticket 2516 for customer 26d0b149-e36d-4e0e-88aa-cafc0e22afee
Server 799bb1b2-bd8f-49e2-81f8-f7237f0eb223 received client-request: Request { kind: ReserveTicket, customer: 4635a959-165b-40f7-9682-af00828ae916, server: None, raw: .. }
Reserved ticket 2515 for customer 4635a959-165b-40f7-9682-af00828ae916
Server 799bb1b2-bd8f-49e2-81f8-f7237f0eb223 received client-request: Request { kind: ReserveTicket, customer: 06ce67dd-35a8-4b92-9d56-1362ffaf07c0, server: None, raw: .. }
Reserved ticket 2514 for customer 06ce67dd-35a8-4b92-9d56-1362ffaf07c0
Server 799bb1b2-bd8f-49e2-81f8-f7237f0eb223 received client-request: Request { kind: ReserveTicket, customer: 097ebe36-5669-416c-8619-82cff6c2aeec, server: None, raw: .. }
Reserved ticket 2513 for customer 097ebe36-5669-416c-8619-82cff6c2aeec
Server 799bb1b2-bd8f-49e2-81f8-f7237f0eb223 received client-request: Request { kind: ReserveTicket, customer: 510e9ad4-a654-4ad7-a2d5-a6c357ce6255, server: None, raw: .. }
Reserved ticket 2512 for customer 510e9ad4-a654-4ad7-a2d5-a6c357ce6255
Server 799bb1b2-bd8f-49e2-81f8-f7237f0eb223 received client-request: Request { kind: ReserveTicket, customer: 1eb0d6a8-80d0-4ef8-b95c-df92a1499a77, server: None, raw: .. }
Reserved ticket 2511 for customer 1eb0d6a8-80d0-4ef8-b95c-df92a1499a77
Server 799bb1b2-bd8f-49e2-81f8-f7237f0eb223 received client-request: Request { kind: ReserveTicket, customer: de6ae235-8191-49ba-8124-fdced047a0e4, server: None, raw: .. }
Reserved ticket 2510 for customer de6ae235-8191-49ba-8124-fdced047a0e4
Server 65a51e17-fff5-4036-8b94-6db5de4d28d8 received client-request: Request { kind: ReserveTicket, customer: e274846e-41ca-4435-b48e-5d811d9d7125, server: None, raw: .. }
Reserved ticket 2509 for customer e274846e-41ca-4435-b48e-5d811d9d7125
Server 799bb1b2-bd8f-49e2-81f8-f7237f0eb223 received client-request: Request { kind: ReserveTicket, customer: 586f548a-13f6-46ce-90a7-8784d7085209, server: None, raw: .. }
Reserved ticket 2508 for customer 586f548a-13f6-46ce-90a7-8784d7085209
Server 799bb1b2-bd8f-49e2-81f8-f7237f0eb223 received client-request: Request { kind: ReserveTicket, customer: a06a7205-0ee6-497d-a9f2-fa6b2342d807, server: None, raw: .. }
Reserved ticket 2507 for customer a06a7205-0ee6-497d-a9f2-fa6b2342d807
Server 799bb1b2-bd8f-49e2-81f8-f7237f0eb223 received client-request: Request { kind: ReserveTicket, customer: e5c35034-6c68-4c91-94b9-f478d5ce5058, server: None, raw: .. }
Reserved ticket 2506 for customer e5c35034-6c68-4c91-94b9-f478d5ce5058
Server 799bb1b2-bd8f-49e2-81f8-f7237f0eb223 received client-request: Request { kind: ReserveTicket, customer: 7de5f983-90a2-43ca-8fbf-b2bd8ad9ed6c, server: None, raw: .. }
Reserved ticket 2505 for customer 7de5f983-90a2-43ca-8fbf-b2bd8ad9ed6c
Server 799bb1b2-bd8f-49e2-81f8-f7237f0eb223 received client-request: Request { kind: ReserveTicket, customer: d8f10428-bb62-4467-a501-7013d5a22920, server: None, raw: .. }
Reserved ticket 2504 for customer d8f10428-bb62-4467-a501-7013d5a22920
Server 799bb1b2-bd8f-49e2-81f8-f7237f0eb223 received client-request: Request { kind: ReserveTicket, customer: a191252a-51c4-4c61-8ede-ed448cc89dd7, server: None, raw: .. }
Reserved ticket 2503 for customer a191252a-51c4-4c61-8ede-ed448cc89dd7
Server 799bb1b2-bd8f-49e2-81f8-f7237f0eb223 received client-request: Request { kind: ReserveTicket, customer: 47aade27-17fc-4187-a57b-a28d4a38cfc3, server: None, raw: .. }
Reserved ticket 2502 for customer 47aade27-17fc-4187-a57b-a28d4a38cfc3
Server 799bb1b2-bd8f-49e2-81f8-f7237f0eb223 received client-request: Request { kind: ReserveTicket, customer: dfa61f9d-d73a-4226-96ca-253553aa10a1, server: None, raw: .. }
Reserved ticket 2501 for customer dfa61f9d-d73a-4226-96ca-253553aa10a1
Server 799bb1b2-bd8f-49e2-81f8-f7237f0eb223 received client-request: Request { kind: ReserveTicket, customer: 1eee16ea-991b-430d-a479-61e5de5d23f3, server: None, raw: .. }
Reserved ticket 2500 for customer 1eee16ea-991b-430d-a479-61e5de5d23f3
Server 799bb1b2-bd8f-49e2-81f8-f7237f0eb223 received client-request: Request { kind: ReserveTicket, customer: b2d22ce3-9d56-4336-b315-af7c21d0acff, server: None, raw: .. }
Reserved ticket 2499 for customer b2d22ce3-9d56-4336-b315-af7c21d0acff
Server 799bb1b2-bd8f-49e2-81f8-f7237f0eb223 received client-request: Request { kind: ReserveTicket, customer: 216f2867-78f3-41c7-833f-838ebb985419, server: None, raw: .. }
Reserved ticket 2498 for customer 216f2867-78f3-41c7-833f-838ebb985419
Server 799bb1b2-bd8f-49e2-81f8-f7237f0eb223 received client-request: Request { kind: ReserveTicket, customer: 71756f1f-6f26-4b48-b456-30c9e408ab87, server: None, raw: .. }
Reserved ticket 2497 for customer 71756f1f-6f26-4b48-b456-30c9e408ab87
Server 799bb1b2-bd8f-49e2-81f8-f7237f0eb223 received client-request: Request { kind: ReserveTicket, customer: 5b776b7f-bd18-4596-9883-7b4427f805f1, server: None, raw: .. }
Reserved ticket 2496 for customer 5b776b7f-bd18-4596-9883-7b4427f805f1
Server 799bb1b2-bd8f-49e2-81f8-f7237f0eb223 received client-request: Request { kind: ReserveTicket, customer: 8b934def-9e71-4fcb-9db3-53e2305d6c37, server: None, raw: .. }
Reserved ticket 2495 for customer 8b934def-9e71-4fcb-9db3-53e2305d6c37
Server 799bb1b2-bd8f-49e2-81f8-f7237f0eb223 received client-request: Request { kind: ReserveTicket, customer: 826fec6b-97ea-4179-a809-faa43f8f6b11, server: None, raw: .. }
Reserved ticket 2494 for customer 826fec6b-97ea-4179-a809-faa43f8f6b11
Server 799bb1b2-bd8f-49e2-81f8-f7237f0eb223 received client-request: Request { kind: ReserveTicket, customer: 7fdbb68b-69f4-4502-a9e2-3afa8d497cc0, server: None, raw: .. }
Reserved ticket 2493 for customer 7fdbb68b-69f4-4502-a9e2-3afa8d497cc0
Server 799bb1b2-bd8f-49e2-81f8-f7237f0eb223 received client-request: Request { kind: ReserveTicket, customer: 38dc96fa-3bc5-4247-a695-f88588ebb6ee, server: None, raw: .. }
Reserved ticket 2492 for customer 38dc96fa-3bc5-4247-a695-f88588ebb6ee
Server 799bb1b2-bd8f-49e2-81f8-f7237f0eb223 received client-request: Request { kind: ReserveTicket, customer: ee84fbff-3e0a-48ec-a29c-315afd1c8000, server: None, raw: .. }
Reserved ticket 2491 for customer ee84fbff-3e0a-48ec-a29c-315afd1c8000
Server 799bb1b2-bd8f-49e2-81f8-f7237f0eb223 received client-request: Request { kind: ReserveTicket, customer: 8c72b25d-1c9f-4a8e-a61b-350c6729e2d8, server: None, raw: .. }
Reserved ticket 2490 for customer 8c72b25d-1c9f-4a8e-a61b-350c6729e2d8
Server 65a51e17-fff5-4036-8b94-6db5de4d28d8 received client-request: Request { kind: ReserveTicket, customer: af10a152-6424-430d-ac02-cf984bb5ece6, server: None, raw: .. }
Reserved ticket 2489 for customer af10a152-6424-430d-ac02-cf984bb5ece6
Server 799bb1b2-bd8f-49e2-81f8-f7237f0eb223 received client-request: Request { kind: ReserveTicket, customer: 55ee5c8f-f75b-4f5f-aa80-b203633f3761, server: None, raw: .. }
Reserved ticket 2488 for customer 55ee5c8f-f75b-4f5f-aa80-b203633f3761
Server 799bb1b2-bd8f-49e2-81f8-f7237f0eb223 received client-request: Request { kind: ReserveTicket, customer: 5a816e2a-5bd5-47ec-af7f-d0e1bfc6f6bc, server: None, raw: .. }
Reserved ticket 2487 for customer 5a816e2a-5bd5-47ec-af7f-d0e1bfc6f6bc
Server 799bb1b2-bd8f-49e2-81f8-f7237f0eb223 received client-request: Request { kind: ReserveTicket, customer: 6b30fa15-505c-4a2f-8dc0-ce85f8bb699f, server: None, raw: .. }
Reserved ticket 2486 for customer 6b30fa15-505c-4a2f-8dc0-ce85f8bb699f
Server 799bb1b2-bd8f-49e2-81f8-f7237f0eb223 received client-request: Request { kind: ReserveTicket, customer: 63638853-4fcd-4570-b886-0e68c89acb5f, server: None, raw: .. }
Reserved ticket 2485 for customer 63638853-4fcd-4570-b886-0e68c89acb5f
Server 799bb1b2-bd8f-49e2-81f8-f7237f0eb223 received client-request: Request { kind: ReserveTicket, customer: b929c45d-589b-4ce3-b822-ac48899d3382, server: None, raw: .. }
Reserved ticket 2484 for customer b929c45d-589b-4ce3-b822-ac48899d3382
Server 799bb1b2-bd8f-49e2-81f8-f7237f0eb223 received client-request: Request { kind: ReserveTicket, customer: 8182a350-feb3-461d-8493-83086f629f1a, server: None, raw: .. }
Reserved ticket 2483 for customer 8182a350-feb3-461d-8493-83086f629f1a
Server 799bb1b2-bd8f-49e2-81f8-f7237f0eb223 received client-request: Request { kind: ReserveTicket, customer: d500d566-a0e2-4adc-90d6-5ad9f4c4e980, server: None, raw: .. }
Reserved ticket 2482 for customer d500d566-a0e2-4adc-90d6-5ad9f4c4e980
Server 799bb1b2-bd8f-49e2-81f8-f7237f0eb223 received client-request: Request { kind: ReserveTicket, customer: 04a9e024-4250-4ed4-96fe-2bf0c67c5d4b, server: None, raw: .. }
Reserved ticket 2481 for customer 04a9e024-4250-4ed4-96fe-2bf0c67c5d4b
Server 799bb1b2-bd8f-49e2-81f8-f7237f0eb223 received client-request: Request { kind: ReserveTicket, customer: 58c37ca6-cf1a-4a33-be9d-7d1be1ad5dc8, server: None, raw: .. }
Reserved ticket 2480 for customer 58c37ca6-cf1a-4a33-be9d-7d1be1ad5dc8
Server 799bb1b2-bd8f-49e2-81f8-f7237f0eb223 received client-request: Request { kind: ReserveTicket, customer: a96773ae-36d0-4249-9f15-3301c626311e, server: None, raw: .. }
Reserved ticket 2479 for customer a96773ae-36d0-4249-9f15-3301c626311e
Server 799bb1b2-bd8f-49e2-81f8-f7237f0eb223 received client-request: Request { kind: ReserveTicket, customer: e18ddf87-d9af-41a5-a304-eeb6423d9a56, server: None, raw: .. }
Reserved ticket 2478 for customer e18ddf87-d9af-41a5-a304-eeb6423d9a56
Server 799bb1b2-bd8f-49e2-81f8-f7237f0eb223 received client-request: Request { kind: ReserveTicket, customer: 70faa09d-a9cc-4a6f-ae50-16b24070f71b, server: None, raw: .. }
Reserved ticket 2477 for customer 70faa09d-a9cc-4a6f-ae50-16b24070f71b
Server 799bb1b2-bd8f-49e2-81f8-f7237f0eb223 received client-request: Request { kind: ReserveTicket, customer: e7022981-c0d8-4ffe-9e7a-bbbf111750c8, server: None, raw: .. }
Reserved ticket 2476 for customer e7022981-c0d8-4ffe-9e7a-bbbf111750c8
Server 799bb1b2-bd8f-49e2-81f8-f7237f0eb223 received client-request: Request { kind: ReserveTicket, customer: de929bd1-41ee-4b94-bcf1-9ec6bb0ccf88, server: None, raw: .. }
Reserved ticket 2475 for customer de929bd1-41ee-4b94-bcf1-9ec6bb0ccf88
Server 799bb1b2-bd8f-49e2-81f8-f7237f0eb223 received client-request: Request { kind: ReserveTicket, customer: 21f3c48e-2ff4-463a-ad85-d273dc84b4e6, server: None, raw: .. }
Reserved ticket 2474 for customer 21f3c48e-2ff4-463a-ad85-d273dc84b4e6
Server 799bb1b2-bd8f-49e2-81f8-f7237f0eb223 received client-request: Request { kind: ReserveTicket, customer: 640bffa3-b84b-44ba-8609-30fa7b30f767, server: None, raw: .. }
Reserved ticket 2473 for customer 640bffa3-b84b-44ba-8609-30fa7b30f767
Server 799bb1b2-bd8f-49e2-81f8-f7237f0eb223 received client-request: Request { kind: ReserveTicket, customer: 085fbf23-b9da-46bd-8fa2-6510d8fd07b8, server: None, raw: .. }
Reserved ticket 2472 for customer 085fbf23-b9da-46bd-8fa2-6510d8fd07b8
Server 799bb1b2-bd8f-49e2-81f8-f7237f0eb223 received client-request: Request { kind: ReserveTicket, customer: 80b79220-fcf9-4650-8bcc-ef2ec99075c0, server: None, raw: .. }
Reserved ticket 2471 for customer 80b79220-fcf9-4650-8bcc-ef2ec99075c0
Server 799bb1b2-bd8f-49e2-81f8-f7237f0eb223 received client-request: Request { kind: ReserveTicket, customer: 3f0300a8-978c-4f97-bf3e-6245d57c4d21, server: None, raw: .. }
Reserved ticket 2470 for customer 3f0300a8-978c-4f97-bf3e-6245d57c4d21
Server 65a51e17-fff5-4036-8b94-6db5de4d28d8 received client-request: Request { kind: ReserveTicket, customer: ebbb067e-5db4-442f-a6d3-a2cd2a387b74, server: None, raw: .. }
Reserved ticket 2469 for customer ebbb067e-5db4-442f-a6d3-a2cd2a387b74
Server 799bb1b2-bd8f-49e2-81f8-f7237f0eb223 received client-request: Request { kind: ReserveTicket, customer: e249b6f3-8f4a-4540-bb83-884309d872e8, server: None, raw: .. }
Reserved ticket 2468 for customer e249b6f3-8f4a-4540-bb83-884309d872e8
Server 799bb1b2-bd8f-49e2-81f8-f7237f0eb223 received client-request: Request { kind: ReserveTicket, customer: 0a7fe12f-d080-43e8-83c6-4b8c7be2bc89, server: None, raw: .. }
Reserved ticket 2467 for customer 0a7fe12f-d080-43e8-83c6-4b8c7be2bc89
Server 799bb1b2-bd8f-49e2-81f8-f7237f0eb223 received client-request: Request { kind: ReserveTicket, customer: 065d8b64-b992-4608-a8b7-552b52736049, server: None, raw: .. }
Reserved ticket 2466 for customer 065d8b64-b992-4608-a8b7-552b52736049
Server 799bb1b2-bd8f-49e2-81f8-f7237f0eb223 received client-request: Request { kind: ReserveTicket, customer: 41587fd7-9a9b-4af2-bf87-caf45ad862be, server: None, raw: .. }
Reserved ticket 2465 for customer 41587fd7-9a9b-4af2-bf87-caf45ad862be
Server 799bb1b2-bd8f-49e2-81f8-f7237f0eb223 received client-request: Request { kind: ReserveTicket, customer: ac6fcfa3-46cd-400b-b920-7faa65fcc478, server: None, raw: .. }
Reserved ticket 2464 for customer ac6fcfa3-46cd-400b-b920-7faa65fcc478
Server 799bb1b2-bd8f-49e2-81f8-f7237f0eb223 received client-request: Request { kind: ReserveTicket, customer: 6c880b4d-9de7-45e9-9575-928f543f1283, server: None, raw: .. }
Reserved ticket 2463 for customer 6c880b4d-9de7-45e9-9575-928f543f1283
Server 799bb1b2-bd8f-49e2-81f8-f7237f0eb223 received client-request: Request { kind: ReserveTicket, customer: 8b231ba0-8d57-44e6-afa0-1eed03d5d58a, server: None, raw: .. }
Reserved ticket 2462 for customer 8b231ba0-8d57-44e6-afa0-1eed03d5d58a
Server 799bb1b2-bd8f-49e2-81f8-f7237f0eb223 received client-request: Request { kind: ReserveTicket, customer: 6df54639-76ff-4840-8b07-4a8d24c5aa1e, server: None, raw: .. }
Reserved ticket 2461 for customer 6df54639-76ff-4840-8b07-4a8d24c5aa1e
Server 799bb1b2-bd8f-49e2-81f8-f7237f0eb223 received client-request: Request { kind: ReserveTicket, customer: 4a7ef205-2dd7-4f50-a63b-329d53d2bff2, server: None, raw: .. }
Reserved ticket 2460 for customer 4a7ef205-2dd7-4f50-a63b-329d53d2bff2
Server 799bb1b2-bd8f-49e2-81f8-f7237f0eb223 received client-request: Request { kind: ReserveTicket, customer: 3035a85c-a234-4fc1-9944-e8e8ff7f2fbc, server: None, raw: .. }
Reserved ticket 2459 for customer 3035a85c-a234-4fc1-9944-e8e8ff7f2fbc
Server 799bb1b2-bd8f-49e2-81f8-f7237f0eb223 received client-request: Request { kind: ReserveTicket, customer: b9413647-4d6b-4db4-baec-d130ad7fd15d, server: None, raw: .. }
Reserved ticket 2458 for customer b9413647-4d6b-4db4-baec-d130ad7fd15d
Server 799bb1b2-bd8f-49e2-81f8-f7237f0eb223 received client-request: Request { kind: ReserveTicket, customer: 8a033b35-157d-4288-aa98-50954fccb038, server: None, raw: .. }
Reserved ticket 2457 for customer 8a033b35-157d-4288-aa98-50954fccb038
Server 799bb1b2-bd8f-49e2-81f8-f7237f0eb223 received client-request: Request { kind: ReserveTicket, customer: 8dc9f1fe-015b-4a29-aba5-9a8fa7e06eff, server: None, raw: .. }
Reserved ticket 2456 for customer 8dc9f1fe-015b-4a29-aba5-9a8fa7e06eff
Server 799bb1b2-bd8f-49e2-81f8-f7237f0eb223 received client-request: Request { kind: ReserveTicket, customer: 3b5d4db1-0ec7-4a41-9129-a4294ba5a769, server: None, raw: .. }
Reserved ticket 2455 for customer 3b5d4db1-0ec7-4a41-9129-a4294ba5a769
Server 799bb1b2-bd8f-49e2-81f8-f7237f0eb223 received client-request: Request { kind: ReserveTicket, customer: 68e51854-2573-45d6-9156-7fa9e32e68ae, server: None, raw: .. }
Reserved ticket 2454 for customer 68e51854-2573-45d6-9156-7fa9e32e68ae
Server 799bb1b2-bd8f-49e2-81f8-f7237f0eb223 received client-request: Request { kind: ReserveTicket, customer: e319e7e0-ee67-4d90-9e24-c970146ec7be, server: None, raw: .. }
Reserved ticket 2453 for customer e319e7e0-ee67-4d90-9e24-c970146ec7be
Server 799bb1b2-bd8f-49e2-81f8-f7237f0eb223 received client-request: Request { kind: ReserveTicket, customer: 13c274b1-96a8-4237-9354-31c7123f30d4, server: None, raw: .. }
Reserved ticket 2452 for customer 13c274b1-96a8-4237-9354-31c7123f30d4
Server 799bb1b2-bd8f-49e2-81f8-f7237f0eb223 received client-request: Request { kind: ReserveTicket, customer: 5dbb50f4-9856-451e-823e-93678c433ce9, server: None, raw: .. }
Reserved ticket 2451 for customer 5dbb50f4-9856-451e-823e-93678c433ce9
Server 799bb1b2-bd8f-49e2-81f8-f7237f0eb223 received client-request: Request { kind: ReserveTicket, customer: 69d76b62-a78c-4470-a28d-5f4728926627, server: None, raw: .. }
Reserved ticket 2450 for customer 69d76b62-a78c-4470-a28d-5f4728926627
Server 65a51e17-fff5-4036-8b94-6db5de4d28d8 received client-request: Request { kind: ReserveTicket, customer: 301a7cad-1fa6-4bd2-9614-c17b18ded28c, server: None, raw: .. }
Reserved ticket 2449 for customer 301a7cad-1fa6-4bd2-9614-c17b18ded28c
Server 799bb1b2-bd8f-49e2-81f8-f7237f0eb223 received client-request: Request { kind: ReserveTicket, customer: 46bb9c01-64b8-439e-8649-257aad893693, server: None, raw: .. }
Reserved ticket 2448 for customer 46bb9c01-64b8-439e-8649-257aad893693
Server 799bb1b2-bd8f-49e2-81f8-f7237f0eb223 received client-request: Request { kind: ReserveTicket, customer: 9fe84751-9913-450d-bf3d-867e0ba0c1f4, server: None, raw: .. }
Reserved ticket 2447 for customer 9fe84751-9913-450d-bf3d-867e0ba0c1f4
Server 799bb1b2-bd8f-49e2-81f8-f7237f0eb223 received client-request: Request { kind: ReserveTicket, customer: fa134167-d109-44dc-96cd-6011752f7602, server: None, raw: .. }
Reserved ticket 2446 for customer fa134167-d109-44dc-96cd-6011752f7602
Server 799bb1b2-bd8f-49e2-81f8-f7237f0eb223 received client-request: Request { kind: ReserveTicket, customer: 63a5c595-f114-4322-b671-1f5df04bde49, server: None, raw: .. }
Reserved ticket 2445 for customer 63a5c595-f114-4322-b671-1f5df04bde49
Server 799bb1b2-bd8f-49e2-81f8-f7237f0eb223 received client-request: Request { kind: ReserveTicket, customer: 2667a504-fa33-4334-8212-f9f0f2df5e01, server: None, raw: .. }
Reserved ticket 2444 for customer 2667a504-fa33-4334-8212-f9f0f2df5e01
Server 799bb1b2-bd8f-49e2-81f8-f7237f0eb223 received client-request: Request { kind: ReserveTicket, customer: 8542f192-ca64-42d4-bc5c-3ad8340e4957, server: None, raw: .. }
Reserved ticket 2443 for customer 8542f192-ca64-42d4-bc5c-3ad8340e4957
Server 799bb1b2-bd8f-49e2-81f8-f7237f0eb223 received client-request: Request { kind: ReserveTicket, customer: b8cb52f7-a510-4eab-8445-92541b1cc63e, server: None, raw: .. }
Reserved ticket 2442 for customer b8cb52f7-a510-4eab-8445-92541b1cc63e
Server 799bb1b2-bd8f-49e2-81f8-f7237f0eb223 received client-request: Request { kind: ReserveTicket, customer: a4d92ca7-cdb1-481d-9611-7824e513e16e, server: None, raw: .. }
Reserved ticket 2441 for customer a4d92ca7-cdb1-481d-9611-7824e513e16e
Server 799bb1b2-bd8f-49e2-81f8-f7237f0eb223 received client-request: Request { kind: ReserveTicket, customer: 64eb6167-a87f-4d46-8c33-a8cf2acdbab8, server: None, raw: .. }
Reserved ticket 2440 for customer 64eb6167-a87f-4d46-8c33-a8cf2acdbab8
Server 799bb1b2-bd8f-49e2-81f8-f7237f0eb223 received client-request: Request { kind: ReserveTicket, customer: a9113429-3935-43e2-875c-769db28feb4a, server: None, raw: .. }
Reserved ticket 2439 for customer a9113429-3935-43e2-875c-769db28feb4a
Server 799bb1b2-bd8f-49e2-81f8-f7237f0eb223 received client-request: Request { kind: ReserveTicket, customer: 482ef670-99ad-4b99-a3ea-a40f36104225, server: None, raw: .. }
Reserved ticket 2438 for customer 482ef670-99ad-4b99-a3ea-a40f36104225
Server 799bb1b2-bd8f-49e2-81f8-f7237f0eb223 received client-request: Request { kind: ReserveTicket, customer: 6d8fa2c1-1977-4f3e-8990-677a30123d2c, server: None, raw: .. }
Reserved ticket 2437 for customer 6d8fa2c1-1977-4f3e-8990-677a30123d2c
Server 799bb1b2-bd8f-49e2-81f8-f7237f0eb223 received client-request: Request { kind: ReserveTicket, customer: 6b36bad5-0ff5-4f48-a314-88bb3a378f3f, server: None, raw: .. }
Reserved ticket 2436 for customer 6b36bad5-0ff5-4f48-a314-88bb3a378f3f
Server 799bb1b2-bd8f-49e2-81f8-f7237f0eb223 received client-request: Request { kind: ReserveTicket, customer: 9cbf03d2-cdee-447d-9e7e-dc5a0c9c7e52, server: None, raw: .. }
Reserved ticket 2435 for customer 9cbf03d2-cdee-447d-9e7e-dc5a0c9c7e52
Server 799bb1b2-bd8f-49e2-81f8-f7237f0eb223 received client-request: Request { kind: ReserveTicket, customer: 38c5765d-0bf8-4820-9c64-ed96d477ab3b, server: None, raw: .. }
Reserved ticket 2434 for customer 38c5765d-0bf8-4820-9c64-ed96d477ab3b
Server 799bb1b2-bd8f-49e2-81f8-f7237f0eb223 received client-request: Request { kind: ReserveTicket, customer: b221fa1f-1094-4cc9-b44d-6f123ed909dc, server: None, raw: .. }
Reserved ticket 2433 for customer b221fa1f-1094-4cc9-b44d-6f123ed909dc
Server 799bb1b2-bd8f-49e2-81f8-f7237f0eb223 received client-request: Request { kind: ReserveTicket, customer: a8bb3202-3f64-4b3b-90ca-da54a01ee45d, server: None, raw: .. }
Reserved ticket 2432 for customer a8bb3202-3f64-4b3b-90ca-da54a01ee45d
Server 799bb1b2-bd8f-49e2-81f8-f7237f0eb223 received client-request: Request { kind: ReserveTicket, customer: 5fd0d72d-5792-4882-989e-af324f83b7ea, server: None, raw: .. }
Reserved ticket 2431 for customer 5fd0d72d-5792-4882-989e-af324f83b7ea
Server 799bb1b2-bd8f-49e2-81f8-f7237f0eb223 received client-request: Request { kind: ReserveTicket, customer: 55da412c-a370-4390-9521-16d8d14922b2, server: None, raw: .. }
Reserved ticket 2430 for customer 55da412c-a370-4390-9521-16d8d14922b2
Server 65a51e17-fff5-4036-8b94-6db5de4d28d8 received client-request: Request { kind: ReserveTicket, customer: e703b2ee-da8b-4109-8fd9-46a3c56bf262, server: None, raw: .. }
Reserved ticket 2429 for customer e703b2ee-da8b-4109-8fd9-46a3c56bf262
Server 799bb1b2-bd8f-49e2-81f8-f7237f0eb223 received client-request: Request { kind: ReserveTicket, customer: 12794b5d-db7f-437a-b17b-8c53d0380eac, server: None, raw: .. }
Reserved ticket 2428 for customer 12794b5d-db7f-437a-b17b-8c53d0380eac
Server 799bb1b2-bd8f-49e2-81f8-f7237f0eb223 received client-request: Request { kind: ReserveTicket, customer: 6641f6b6-63b6-4cb3-9f4a-bb00b9b8f4be, server: None, raw: .. }
Reserved ticket 2427 for customer 6641f6b6-63b6-4cb3-9f4a-bb00b9b8f4be
Server 799bb1b2-bd8f-49e2-81f8-f7237f0eb223 received client-request: Request { kind: ReserveTicket, customer: 314fc049-a45b-4ed3-9faf-3581cf2224de, server: None, raw: .. }
Reserved ticket 2426 for customer 314fc049-a45b-4ed3-9faf-3581cf2224de
Server 799bb1b2-bd8f-49e2-81f8-f7237f0eb223 received client-request: Request { kind: ReserveTicket, customer: 4407e450-0646-4add-98a9-c08e9d0e4ecc, server: None, raw: .. }
Reserved ticket 2425 for customer 4407e450-0646-4add-98a9-c08e9d0e4ecc
Server 799bb1b2-bd8f-49e2-81f8-f7237f0eb223 received client-request: Request { kind: ReserveTicket, customer: 6bab313b-70c1-4f9e-b399-f32f484a01b8, server: None, raw: .. }
Reserved ticket 2424 for customer 6bab313b-70c1-4f9e-b399-f32f484a01b8
Server 799bb1b2-bd8f-49e2-81f8-f7237f0eb223 received client-request: Request { kind: ReserveTicket, customer: 143825cc-ca27-42b4-8c38-d5bd998868ac, server: None, raw: .. }
Reserved ticket 2423 for customer 143825cc-ca27-42b4-8c38-d5bd998868ac
Server 799bb1b2-bd8f-49e2-81f8-f7237f0eb223 received client-request: Request { kind: ReserveTicket, customer: a154a1f9-f191-4e67-aba1-f0b66338a601, server: None, raw: .. }
Reserved ticket 2422 for customer a154a1f9-f191-4e67-aba1-f0b66338a601
Server 799bb1b2-bd8f-49e2-81f8-f7237f0eb223 received client-request: Request { kind: ReserveTicket, customer: fc526f3f-c0a5-4717-91aa-c85eb98a4aa1, server: None, raw: .. }
Reserved ticket 2421 for customer fc526f3f-c0a5-4717-91aa-c85eb98a4aa1
Server 799bb1b2-bd8f-49e2-81f8-f7237f0eb223 received client-request: Request { kind: ReserveTicket, customer: f556f0e0-2619-44b4-9c67-980361811cdc, server: None, raw: .. }
Reserved ticket 2420 for customer f556f0e0-2619-44b4-9c67-980361811cdc
Server 799bb1b2-bd8f-49e2-81f8-f7237f0eb223 received client-request: Request { kind: ReserveTicket, customer: 14cba1e4-79df-446d-9a1c-ceaa1abbfd02, server: None, raw: .. }
Reserved ticket 2419 for customer 14cba1e4-79df-446d-9a1c-ceaa1abbfd02
Server 799bb1b2-bd8f-49e2-81f8-f7237f0eb223 received client-request: Request { kind: ReserveTicket, customer: f1e7407a-e9c4-412f-9517-d25a5786222c, server: None, raw: .. }
Reserved ticket 2418 for customer f1e7407a-e9c4-412f-9517-d25a5786222c
Server 799bb1b2-bd8f-49e2-81f8-f7237f0eb223 received client-request: Request { kind: ReserveTicket, customer: c1c87087-bf10-43df-8c33-c72bbbf48bd4, server: None, raw: .. }
Reserved ticket 2417 for customer c1c87087-bf10-43df-8c33-c72bbbf48bd4
Server 799bb1b2-bd8f-49e2-81f8-f7237f0eb223 received client-request: Request { kind: ReserveTicket, customer: 9dd87689-0e4c-46d4-aa86-b71886d6060f, server: None, raw: .. }
Reserved ticket 2416 for customer 9dd87689-0e4c-46d4-aa86-b71886d6060f
Server 799bb1b2-bd8f-49e2-81f8-f7237f0eb223 received client-request: Request { kind: ReserveTicket, customer: 59738979-72eb-4cef-a96c-dba65000c1d5, server: None, raw: .. }
Reserved ticket 2415 for customer 59738979-72eb-4cef-a96c-dba65000c1d5
Server 799bb1b2-bd8f-49e2-81f8-f7237f0eb223 received client-request: Request { kind: ReserveTicket, customer: 98f809cc-d0ab-4e5f-9a61-da98e941046e, server: None, raw: .. }
Reserved ticket 2414 for customer 98f809cc-d0ab-4e5f-9a61-da98e941046e
Server 799bb1b2-bd8f-49e2-81f8-f7237f0eb223 received client-request: Request { kind: ReserveTicket, customer: 86858b9c-4674-4336-8980-52541af96154, server: None, raw: .. }
Reserved ticket 2413 for customer 86858b9c-4674-4336-8980-52541af96154
Server 799bb1b2-bd8f-49e2-81f8-f7237f0eb223 received client-request: Request { kind: ReserveTicket, customer: f1b64978-1493-42bf-9d04-068eac1fc623, server: None, raw: .. }
Reserved ticket 2412 for customer f1b64978-1493-42bf-9d04-068eac1fc623
Server 799bb1b2-bd8f-49e2-81f8-f7237f0eb223 received client-request: Request { kind: ReserveTicket, customer: ed0b8792-355d-4929-abc0-6a361c0aea58, server: None, raw: .. }
Reserved ticket 2411 for customer ed0b8792-355d-4929-abc0-6a361c0aea58
Server 799bb1b2-bd8f-49e2-81f8-f7237f0eb223 received client-request: Request { kind: ReserveTicket, customer: 902d892e-aa6b-4748-ab71-c86b035eee90, server: None, raw: .. }
Reserved ticket 2410 for customer 902d892e-aa6b-4748-ab71-c86b035eee90
Server 65a51e17-fff5-4036-8b94-6db5de4d28d8 received client-request: Request { kind: ReserveTicket, customer: c54c3869-cf44-42d8-b67e-08746c5855c7, server: None, raw: .. }
Reserved ticket 2409 for customer c54c3869-cf44-42d8-b67e-08746c5855c7
Server 799bb1b2-bd8f-49e2-81f8-f7237f0eb223 received client-request: Request { kind: ReserveTicket, customer: 9c2fd1df-af27-4c5e-b3e0-dbcecde091b2, server: None, raw: .. }
Reserved ticket 2408 for customer 9c2fd1df-af27-4c5e-b3e0-dbcecde091b2
Server 799bb1b2-bd8f-49e2-81f8-f7237f0eb223 received client-request: Request { kind: ReserveTicket, customer: 8e759c1a-d38a-4c67-be08-90f758b10275, server: None, raw: .. }
Reserved ticket 2407 for customer 8e759c1a-d38a-4c67-be08-90f758b10275
Server 799bb1b2-bd8f-49e2-81f8-f7237f0eb223 received client-request: Request { kind: ReserveTicket, customer: 0a9a420a-acb8-47ef-9225-25f770b68dd9, server: None, raw: .. }
Reserved ticket 2406 for customer 0a9a420a-acb8-47ef-9225-25f770b68dd9
Server 799bb1b2-bd8f-49e2-81f8-f7237f0eb223 received client-request: Request { kind: ReserveTicket, customer: d809df74-cd2f-491a-8e2f-8bf50f4d837c, server: None, raw: .. }
Reserved ticket 2405 for customer d809df74-cd2f-491a-8e2f-8bf50f4d837c
Server 799bb1b2-bd8f-49e2-81f8-f7237f0eb223 received client-request: Request { kind: ReserveTicket, customer: 163cb2a7-80ba-4a02-8577-f5e62dfb9a4d, server: None, raw: .. }
Reserved ticket 2404 for customer 163cb2a7-80ba-4a02-8577-f5e62dfb9a4d
Server 799bb1b2-bd8f-49e2-81f8-f7237f0eb223 received client-request: Request { kind: ReserveTicket, customer: adb36302-6cb1-4049-bf27-7388a9d530d4, server: None, raw: .. }
Reserved ticket 2403 for customer adb36302-6cb1-4049-bf27-7388a9d530d4
Server 799bb1b2-bd8f-49e2-81f8-f7237f0eb223 received client-request: Request { kind: ReserveTicket, customer: 2641885f-3842-48ca-a4e5-1d34e831a532, server: None, raw: .. }
Reserved ticket 2402 for customer 2641885f-3842-48ca-a4e5-1d34e831a532
Server 799bb1b2-bd8f-49e2-81f8-f7237f0eb223 received client-request: Request { kind: ReserveTicket, customer: f3cdb32a-e7e8-40ea-8681-364f2da17c15, server: None, raw: .. }
Reserved ticket 2401 for customer f3cdb32a-e7e8-40ea-8681-364f2da17c15
Server 799bb1b2-bd8f-49e2-81f8-f7237f0eb223 received client-request: Request { kind: ReserveTicket, customer: 65deb5e8-b7c2-4055-809a-fa017d2d2c79, server: None, raw: .. }
Reserved ticket 2400 for customer 65deb5e8-b7c2-4055-809a-fa017d2d2c79
Server 799bb1b2-bd8f-49e2-81f8-f7237f0eb223 received client-request: Request { kind: ReserveTicket, customer: 1b1df748-a36e-47d4-aa5b-6833e13f33b6, server: None, raw: .. }
Reserved ticket 2399 for customer 1b1df748-a36e-47d4-aa5b-6833e13f33b6
Server 799bb1b2-bd8f-49e2-81f8-f7237f0eb223 received client-request: Request { kind: ReserveTicket, customer: e8d7dc08-2519-455c-85e7-818418a94ea9, server: None, raw: .. }
Reserved ticket 2398 for customer e8d7dc08-2519-455c-85e7-818418a94ea9
Server 799bb1b2-bd8f-49e2-81f8-f7237f0eb223 received client-request: Request { kind: ReserveTicket, customer: 3da153c0-4bda-4832-9ccf-52dc402c0d83, server: None, raw: .. }
Reserved ticket 2397 for customer 3da153c0-4bda-4832-9ccf-52dc402c0d83
Server 799bb1b2-bd8f-49e2-81f8-f7237f0eb223 received client-request: Request { kind: ReserveTicket, customer: 4ceaa033-7507-49e8-85a9-0cc741093422, server: None, raw: .. }
Reserved ticket 2396 for customer 4ceaa033-7507-49e8-85a9-0cc741093422
Server 799bb1b2-bd8f-49e2-81f8-f7237f0eb223 received client-request: Request { kind: ReserveTicket, customer: 47468ab3-9c41-41e7-919c-654009869e56, server: None, raw: .. }
Reserved ticket 2395 for customer 47468ab3-9c41-41e7-919c-654009869e56
Server 799bb1b2-bd8f-49e2-81f8-f7237f0eb223 received client-request: Request { kind: ReserveTicket, customer: afe11953-9e1d-4fc0-a6df-427b29a2e8fd, server: None, raw: .. }
Reserved ticket 2394 for customer afe11953-9e1d-4fc0-a6df-427b29a2e8fd
Server 799bb1b2-bd8f-49e2-81f8-f7237f0eb223 received client-request: Request { kind: ReserveTicket, customer: fb30e28e-0a13-4a0f-9e00-8d7a2f6554e5, server: None, raw: .. }
Reserved ticket 2393 for customer fb30e28e-0a13-4a0f-9e00-8d7a2f6554e5
Server 799bb1b2-bd8f-49e2-81f8-f7237f0eb223 received client-request: Request { kind: ReserveTicket, customer: 73e271c1-a291-4578-89fc-768b6e6510b7, server: None, raw: .. }
Reserved ticket 2392 for customer 73e271c1-a291-4578-89fc-768b6e6510b7
Server 799bb1b2-bd8f-49e2-81f8-f7237f0eb223 received client-request: Request { kind: ReserveTicket, customer: 5f104990-3f07-4acf-b082-15e1661c8f51, server: None, raw: .. }
Reserved ticket 2391 for customer 5f104990-3f07-4acf-b082-15e1661c8f51
Server 799bb1b2-bd8f-49e2-81f8-f7237f0eb223 received client-request: Request { kind: ReserveTicket, customer: 81f924e9-4400-4529-a84a-c9a039e79013, server: None, raw: .. }
Reserved ticket 2390 for customer 81f924e9-4400-4529-a84a-c9a039e79013
Server 65a51e17-fff5-4036-8b94-6db5de4d28d8 received client-request: Request { kind: ReserveTicket, customer: ddd0e3c5-0155-4948-9a73-c827310fc9f3, server: None, raw: .. }
Reserved ticket 2389 for customer ddd0e3c5-0155-4948-9a73-c827310fc9f3
Server 799bb1b2-bd8f-49e2-81f8-f7237f0eb223 received client-request: Request { kind: ReserveTicket, customer: 1d04d942-e699-4598-b84f-ee480da8260c, server: None, raw: .. }
Reserved ticket 2388 for customer 1d04d942-e699-4598-b84f-ee480da8260c
Server 799bb1b2-bd8f-49e2-81f8-f7237f0eb223 received client-request: Request { kind: ReserveTicket, customer: c3ac0cce-508d-4660-a620-43f0abf6b2f3, server: None, raw: .. }
Reserved ticket 2387 for customer c3ac0cce-508d-4660-a620-43f0abf6b2f3
Server 799bb1b2-bd8f-49e2-81f8-f7237f0eb223 received client-request: Request { kind: ReserveTicket, customer: 9d0c7c9d-ba6a-44e3-b863-9f0c46b2c024, server: None, raw: .. }
Reserved ticket 2386 for customer 9d0c7c9d-ba6a-44e3-b863-9f0c46b2c024
Server 799bb1b2-bd8f-49e2-81f8-f7237f0eb223 received client-request: Request { kind: ReserveTicket, customer: 2225ed9d-0637-4cee-90ec-dc3ca09db9f2, server: None, raw: .. }
Reserved ticket 2385 for customer 2225ed9d-0637-4cee-90ec-dc3ca09db9f2
Server 799bb1b2-bd8f-49e2-81f8-f7237f0eb223 received client-request: Request { kind: ReserveTicket, customer: 5afb2a2a-6cb0-4aef-a0f2-dbe769a1d312, server: None, raw: .. }
Reserved ticket 2384 for customer 5afb2a2a-6cb0-4aef-a0f2-dbe769a1d312
Server 799bb1b2-bd8f-49e2-81f8-f7237f0eb223 received client-request: Request { kind: ReserveTicket, customer: 6d7cf050-80cf-4c94-a7a3-11961161a06a, server: None, raw: .. }
Reserved ticket 2383 for customer 6d7cf050-80cf-4c94-a7a3-11961161a06a
Server 799bb1b2-bd8f-49e2-81f8-f7237f0eb223 received client-request: Request { kind: ReserveTicket, customer: fa91330f-3b5e-457c-a1fe-a63bbcc2878d, server: None, raw: .. }
Reserved ticket 2382 for customer fa91330f-3b5e-457c-a1fe-a63bbcc2878d
Server 799bb1b2-bd8f-49e2-81f8-f7237f0eb223 received client-request: Request { kind: ReserveTicket, customer: 7f13aa67-5e65-4afe-af2a-02a5156a7762, server: None, raw: .. }
Reserved ticket 2381 for customer 7f13aa67-5e65-4afe-af2a-02a5156a7762
Server 799bb1b2-bd8f-49e2-81f8-f7237f0eb223 received client-request: Request { kind: ReserveTicket, customer: c81cfde6-3f7f-41d3-a2ab-7b605045509b, server: None, raw: .. }
Reserved ticket 2380 for customer c81cfde6-3f7f-41d3-a2ab-7b605045509b
Server 799bb1b2-bd8f-49e2-81f8-f7237f0eb223 received client-request: Request { kind: ReserveTicket, customer: 4cff53f3-b910-440e-9663-f306de9cb93d, server: None, raw: .. }
Reserved ticket 2379 for customer 4cff53f3-b910-440e-9663-f306de9cb93d
Server 799bb1b2-bd8f-49e2-81f8-f7237f0eb223 received client-request: Request { kind: ReserveTicket, customer: e7587252-7bde-4a1a-80e1-ee6f6e735e6e, server: None, raw: .. }
Reserved ticket 2378 for customer e7587252-7bde-4a1a-80e1-ee6f6e735e6e
Server 799bb1b2-bd8f-49e2-81f8-f7237f0eb223 received client-request: Request { kind: ReserveTicket, customer: f89acbc1-3a4a-4d66-aac5-da3d7f9366ed, server: None, raw: .. }
Reserved ticket 2377 for customer f89acbc1-3a4a-4d66-aac5-da3d7f9366ed
Server 799bb1b2-bd8f-49e2-81f8-f7237f0eb223 received client-request: Request { kind: ReserveTicket, customer: 2deb1699-3d1a-4e82-a7c5-02b58327bdd8, server: None, raw: .. }
Reserved ticket 2376 for customer 2deb1699-3d1a-4e82-a7c5-02b58327bdd8
Server 799bb1b2-bd8f-49e2-81f8-f7237f0eb223 received client-request: Request { kind: ReserveTicket, customer: 5511c721-b045-43c3-a958-89a005471a06, server: None, raw: .. }
Reserved ticket 2375 for customer 5511c721-b045-43c3-a958-89a005471a06
Server 799bb1b2-bd8f-49e2-81f8-f7237f0eb223 received client-request: Request { kind: ReserveTicket, customer: 6a2ac335-2a56-4ea3-95e1-9768c1521f2f, server: None, raw: .. }
Reserved ticket 2374 for customer 6a2ac335-2a56-4ea3-95e1-9768c1521f2f
Server 799bb1b2-bd8f-49e2-81f8-f7237f0eb223 received client-request: Request { kind: ReserveTicket, customer: 9827f3ee-3206-41d3-8c51-f098aada7889, server: None, raw: .. }
Reserved ticket 2373 for customer 9827f3ee-3206-41d3-8c51-f098aada7889
Server 799bb1b2-bd8f-49e2-81f8-f7237f0eb223 received client-request: Request { kind: ReserveTicket, customer: b269cd73-a2fe-4e92-accb-dfb141a0ffc8, server: None, raw: .. }
Reserved ticket 2372 for customer b269cd73-a2fe-4e92-accb-dfb141a0ffc8
Server 799bb1b2-bd8f-49e2-81f8-f7237f0eb223 received client-request: Request { kind: ReserveTicket, customer: 2ba640d8-dad8-4d35-96ba-30e5f98e6530, server: None, raw: .. }
Reserved ticket 2371 for customer 2ba640d8-dad8-4d35-96ba-30e5f98e6530
Server 799bb1b2-bd8f-49e2-81f8-f7237f0eb223 received client-request: Request { kind: ReserveTicket, customer: d4e80ae1-4d36-4e28-b20a-61737c2aeeff, server: None, raw: .. }
Reserved ticket 2370 for customer d4e80ae1-4d36-4e28-b20a-61737c2aeeff
Server 65a51e17-fff5-4036-8b94-6db5de4d28d8 received client-request: Request { kind: ReserveTicket, customer: 20b362ac-310d-40b8-b308-a7c252c21f36, server: None, raw: .. }
Reserved ticket 2369 for customer 20b362ac-310d-40b8-b308-a7c252c21f36
Server 799bb1b2-bd8f-49e2-81f8-f7237f0eb223 received client-request: Request { kind: ReserveTicket, customer: 9ea3d76f-d261-4641-b21c-55636f3858c6, server: None, raw: .. }
Reserved ticket 2368 for customer 9ea3d76f-d261-4641-b21c-55636f3858c6
Server 799bb1b2-bd8f-49e2-81f8-f7237f0eb223 received client-request: Request { kind: ReserveTicket, customer: ebcfee5b-3590-4f98-a4c2-6bceea0cabfe, server: None, raw: .. }
Reserved ticket 2367 for customer ebcfee5b-3590-4f98-a4c2-6bceea0cabfe
Server 799bb1b2-bd8f-49e2-81f8-f7237f0eb223 received client-request: Request { kind: ReserveTicket, customer: bf7d49c8-9836-4f30-9d91-193054990b53, server: None, raw: .. }
Reserved ticket 2366 for customer bf7d49c8-9836-4f30-9d91-193054990b53
Server 799bb1b2-bd8f-49e2-81f8-f7237f0eb223 received client-request: Request { kind: ReserveTicket, customer: 8460245e-95f8-443b-8271-df6401091047, server: None, raw: .. }
Reserved ticket 2365 for customer 8460245e-95f8-443b-8271-df6401091047
Server 799bb1b2-bd8f-49e2-81f8-f7237f0eb223 received client-request: Request { kind: ReserveTicket, customer: 020bed7a-268e-43c7-a325-2e624a42b4eb, server: None, raw: .. }
Reserved ticket 2364 for customer 020bed7a-268e-43c7-a325-2e624a42b4eb
Server 799bb1b2-bd8f-49e2-81f8-f7237f0eb223 received client-request: Request { kind: ReserveTicket, customer: 43be9ede-7174-4c3b-b2fc-ba683ea72c56, server: None, raw: .. }
Reserved ticket 2363 for customer 43be9ede-7174-4c3b-b2fc-ba683ea72c56
Server 799bb1b2-bd8f-49e2-81f8-f7237f0eb223 received client-request: Request { kind: ReserveTicket, customer: 77787bf4-497b-47e9-af74-31badee692fb, server: None, raw: .. }
Reserved ticket 2362 for customer 77787bf4-497b-47e9-af74-31badee692fb
Server 799bb1b2-bd8f-49e2-81f8-f7237f0eb223 received client-request: Request { kind: ReserveTicket, customer: 91626084-7d2a-423d-898a-585643c6dbe0, server: None, raw: .. }
Reserved ticket 2361 for customer 91626084-7d2a-423d-898a-585643c6dbe0
Server 799bb1b2-bd8f-49e2-81f8-f7237f0eb223 received client-request: Request { kind: ReserveTicket, customer: b4c30b16-8f65-4cdb-94f8-f1a76088d2fa, server: None, raw: .. }
Reserved ticket 2360 for customer b4c30b16-8f65-4cdb-94f8-f1a76088d2fa
Server 799bb1b2-bd8f-49e2-81f8-f7237f0eb223 received client-request: Request { kind: ReserveTicket, customer: f5a28594-d5c1-4a67-920c-853fd4dd6705, server: None, raw: .. }
Reserved ticket 2359 for customer f5a28594-d5c1-4a67-920c-853fd4dd6705
Server 799bb1b2-bd8f-49e2-81f8-f7237f0eb223 received client-request: Request { kind: ReserveTicket, customer: 7a315343-17ed-4019-ba7f-3a6fdc125e4a, server: None, raw: .. }
Reserved ticket 2358 for customer 7a315343-17ed-4019-ba7f-3a6fdc125e4a
Server 799bb1b2-bd8f-49e2-81f8-f7237f0eb223 received client-request: Request { kind: ReserveTicket, customer: f97ff0ff-1ec9-4d96-8ccc-c96709322985, server: None, raw: .. }
Reserved ticket 2357 for customer f97ff0ff-1ec9-4d96-8ccc-c96709322985
Server 799bb1b2-bd8f-49e2-81f8-f7237f0eb223 received client-request: Request { kind: ReserveTicket, customer: 80abea7c-32c2-4440-8040-3403894f0d4e, server: None, raw: .. }
Reserved ticket 2356 for customer 80abea7c-32c2-4440-8040-3403894f0d4e
Server 799bb1b2-bd8f-49e2-81f8-f7237f0eb223 received client-request: Request { kind: ReserveTicket, customer: f086700e-eda1-4142-bf8b-cd1159d4d958, server: None, raw: .. }
Reserved ticket 2355 for customer f086700e-eda1-4142-bf8b-cd1159d4d958
Server 799bb1b2-bd8f-49e2-81f8-f7237f0eb223 received client-request: Request { kind: ReserveTicket, customer: 75935723-021d-400d-af51-d92bd37d4e9a, server: None, raw: .. }
Reserved ticket 2354 for customer 75935723-021d-400d-af51-d92bd37d4e9a
Server 799bb1b2-bd8f-49e2-81f8-f7237f0eb223 received client-request: Request { kind: ReserveTicket, customer: 66572fb8-6147-4a23-ad7b-3fbc97cbf2e7, server: None, raw: .. }
Reserved ticket 2353 for customer 66572fb8-6147-4a23-ad7b-3fbc97cbf2e7
Server 799bb1b2-bd8f-49e2-81f8-f7237f0eb223 received client-request: Request { kind: ReserveTicket, customer: 9532110a-65ac-4b5c-a979-06c73b176935, server: None, raw: .. }
Reserved ticket 2352 for customer 9532110a-65ac-4b5c-a979-06c73b176935
Server 799bb1b2-bd8f-49e2-81f8-f7237f0eb223 received client-request: Request { kind: ReserveTicket, customer: 9a6c59e5-7ae5-462e-a00a-ce084df11d7e, server: None, raw: .. }
Reserved ticket 2351 for customer 9a6c59e5-7ae5-462e-a00a-ce084df11d7e
Server 799bb1b2-bd8f-49e2-81f8-f7237f0eb223 received client-request: Request { kind: ReserveTicket, customer: 4b304a9e-4b2f-48b1-8e44-fe5989ef58f5, server: None, raw: .. }
Reserved ticket 2350 for customer 4b304a9e-4b2f-48b1-8e44-fe5989ef58f5
Server 65a51e17-fff5-4036-8b94-6db5de4d28d8 received client-request: Request { kind: ReserveTicket, customer: c25693f6-3112-400d-8552-e235adb6a14d, server: None, raw: .. }
Reserved ticket 2349 for customer c25693f6-3112-400d-8552-e235adb6a14d
Server 799bb1b2-bd8f-49e2-81f8-f7237f0eb223 received client-request: Request { kind: ReserveTicket, customer: 1d373e3f-ed82-4c75-b352-d0fdbc3185fa, server: None, raw: .. }
Reserved ticket 2348 for customer 1d373e3f-ed82-4c75-b352-d0fdbc3185fa
Server 799bb1b2-bd8f-49e2-81f8-f7237f0eb223 received client-request: Request { kind: ReserveTicket, customer: e94dba46-711e-422c-88f9-2d791d204d20, server: None, raw: .. }
Reserved ticket 2347 for customer e94dba46-711e-422c-88f9-2d791d204d20
Server 799bb1b2-bd8f-49e2-81f8-f7237f0eb223 received client-request: Request { kind: ReserveTicket, customer: 5178a532-af47-4e50-ab19-91d0ad0772ab, server: None, raw: .. }
Reserved ticket 2346 for customer 5178a532-af47-4e50-ab19-91d0ad0772ab
Server 799bb1b2-bd8f-49e2-81f8-f7237f0eb223 received client-request: Request { kind: ReserveTicket, customer: e5c7418e-b281-452c-b2da-13510fcaf467, server: None, raw: .. }
Reserved ticket 2345 for customer e5c7418e-b281-452c-b2da-13510fcaf467
Server 799bb1b2-bd8f-49e2-81f8-f7237f0eb223 received client-request: Request { kind: ReserveTicket, customer: 95f0b5ad-60a8-470d-98ed-ec9ad2bb8cda, server: None, raw: .. }
Reserved ticket 2344 for customer 95f0b5ad-60a8-470d-98ed-ec9ad2bb8cda
Server 799bb1b2-bd8f-49e2-81f8-f7237f0eb223 received client-request: Request { kind: ReserveTicket, customer: 47e2b966-47f0-4d12-9b74-3bc59964aba9, server: None, raw: .. }
Reserved ticket 2343 for customer 47e2b966-47f0-4d12-9b74-3bc59964aba9
Server 799bb1b2-bd8f-49e2-81f8-f7237f0eb223 received client-request: Request { kind: ReserveTicket, customer: 4ca45517-cd6d-4b99-bd80-202570a836ab, server: None, raw: .. }
Reserved ticket 2342 for customer 4ca45517-cd6d-4b99-bd80-202570a836ab
Server 799bb1b2-bd8f-49e2-81f8-f7237f0eb223 received client-request: Request { kind: ReserveTicket, customer: 57bffd29-cc3c-4158-b31f-4e33f7ce624f, server: None, raw: .. }
Reserved ticket 2341 for customer 57bffd29-cc3c-4158-b31f-4e33f7ce624f
Server 799bb1b2-bd8f-49e2-81f8-f7237f0eb223 received client-request: Request { kind: ReserveTicket, customer: 1d8f15f7-e118-47ea-a423-3ed4f531be0d, server: None, raw: .. }
Reserved ticket 2340 for customer 1d8f15f7-e118-47ea-a423-3ed4f531be0d
Server 799bb1b2-bd8f-49e2-81f8-f7237f0eb223 received client-request: Request { kind: ReserveTicket, customer: 0e1c2c0c-67b7-4f34-9a31-83247812ef68, server: None, raw: .. }
Reserved ticket 2339 for customer 0e1c2c0c-67b7-4f34-9a31-83247812ef68
Server 799bb1b2-bd8f-49e2-81f8-f7237f0eb223 received client-request: Request { kind: ReserveTicket, customer: 28554d73-3ee2-4e4c-ba66-6293780c8760, server: None, raw: .. }
Reserved ticket 2338 for customer 28554d73-3ee2-4e4c-ba66-6293780c8760
Server 799bb1b2-bd8f-49e2-81f8-f7237f0eb223 received client-request: Request { kind: ReserveTicket, customer: f6f97f8e-7db4-4f21-9208-ab861a904ddd, server: None, raw: .. }
Reserved ticket 2337 for customer f6f97f8e-7db4-4f21-9208-ab861a904ddd
Server 799bb1b2-bd8f-49e2-81f8-f7237f0eb223 received client-request: Request { kind: ReserveTicket, customer: 73e9a49f-5dab-4b2f-a747-245f91e985e1, server: None, raw: .. }
Reserved ticket 2336 for customer 73e9a49f-5dab-4b2f-a747-245f91e985e1
Server 799bb1b2-bd8f-49e2-81f8-f7237f0eb223 received client-request: Request { kind: ReserveTicket, customer: f2aff437-3422-4983-aa18-935af4356aa6, server: None, raw: .. }
Reserved ticket 2335 for customer f2aff437-3422-4983-aa18-935af4356aa6
Server 799bb1b2-bd8f-49e2-81f8-f7237f0eb223 received client-request: Request { kind: ReserveTicket, customer: 136c6624-87f1-4db7-b322-deac0257911d, server: None, raw: .. }
Reserved ticket 2334 for customer 136c6624-87f1-4db7-b322-deac0257911d
Server 799bb1b2-bd8f-49e2-81f8-f7237f0eb223 received client-request: Request { kind: ReserveTicket, customer: b44eb268-c0b5-41ea-84c5-2df8991ca42c, server: None, raw: .. }
Reserved ticket 2333 for customer b44eb268-c0b5-41ea-84c5-2df8991ca42c
Server 799bb1b2-bd8f-49e2-81f8-f7237f0eb223 received client-request: Request { kind: ReserveTicket, customer: f984c89c-611e-44c5-9d70-e2132b12f0b8, server: None, raw: .. }
Reserved ticket 2332 for customer f984c89c-611e-44c5-9d70-e2132b12f0b8
Server 799bb1b2-bd8f-49e2-81f8-f7237f0eb223 received client-request: Request { kind: ReserveTicket, customer: 4dd06c20-2be7-47e2-911f-2ad743850184, server: None, raw: .. }
Reserved ticket 2331 for customer 4dd06c20-2be7-47e2-911f-2ad743850184
Server 799bb1b2-bd8f-49e2-81f8-f7237f0eb223 received client-request: Request { kind: ReserveTicket, customer: d85bd040-aa09-408c-b734-610af955e27b, server: None, raw: .. }
Reserved ticket 2330 for customer d85bd040-aa09-408c-b734-610af955e27b
Server 65a51e17-fff5-4036-8b94-6db5de4d28d8 received client-request: Request { kind: ReserveTicket, customer: 8aa35387-f50c-488c-8f96-95f9cf7454ed, server: None, raw: .. }
Reserved ticket 2329 for customer 8aa35387-f50c-488c-8f96-95f9cf7454ed
Server 799bb1b2-bd8f-49e2-81f8-f7237f0eb223 received client-request: Request { kind: ReserveTicket, customer: 5968887c-d919-468e-9754-dad4bb172075, server: None, raw: .. }
Reserved ticket 2328 for customer 5968887c-d919-468e-9754-dad4bb172075
Server 799bb1b2-bd8f-49e2-81f8-f7237f0eb223 received client-request: Request { kind: ReserveTicket, customer: f8d02d9d-6e5b-41c3-a6fb-619cc3e6a52e, server: None, raw: .. }
Reserved ticket 2327 for customer f8d02d9d-6e5b-41c3-a6fb-619cc3e6a52e
Server 799bb1b2-bd8f-49e2-81f8-f7237f0eb223 received client-request: Request { kind: ReserveTicket, customer: 9daed32e-14db-4847-9689-7d5eaff47ba9, server: None, raw: .. }
Reserved ticket 2326 for customer 9daed32e-14db-4847-9689-7d5eaff47ba9
Server 799bb1b2-bd8f-49e2-81f8-f7237f0eb223 received client-request: Request { kind: ReserveTicket, customer: d3b66cf3-bf4b-44e8-8a94-e889840aed37, server: None, raw: .. }
Reserved ticket 2325 for customer d3b66cf3-bf4b-44e8-8a94-e889840aed37
Server 799bb1b2-bd8f-49e2-81f8-f7237f0eb223 received client-request: Request { kind: ReserveTicket, customer: 075c65d5-947d-4365-8597-0ebad4824dfe, server: None, raw: .. }
Reserved ticket 2324 for customer 075c65d5-947d-4365-8597-0ebad4824dfe
Server 799bb1b2-bd8f-49e2-81f8-f7237f0eb223 received client-request: Request { kind: ReserveTicket, customer: 005527e9-35c5-4bbf-808b-7565f76fca79, server: None, raw: .. }
Reserved ticket 2323 for customer 005527e9-35c5-4bbf-808b-7565f76fca79
Server 799bb1b2-bd8f-49e2-81f8-f7237f0eb223 received client-request: Request { kind: ReserveTicket, customer: d2d094bc-b5af-4756-9b68-222b1f5d676e, server: None, raw: .. }
Reserved ticket 2322 for customer d2d094bc-b5af-4756-9b68-222b1f5d676e
Server 799bb1b2-bd8f-49e2-81f8-f7237f0eb223 received client-request: Request { kind: ReserveTicket, customer: 3e57fcba-6b68-4c9d-8ccc-2ab668a6d6f6, server: None, raw: .. }
Reserved ticket 2321 for customer 3e57fcba-6b68-4c9d-8ccc-2ab668a6d6f6
Server 799bb1b2-bd8f-49e2-81f8-f7237f0eb223 received client-request: Request { kind: ReserveTicket, customer: 9eb1e12c-6450-43b1-8c63-ecedb61ce30f, server: None, raw: .. }
Reserved ticket 2320 for customer 9eb1e12c-6450-43b1-8c63-ecedb61ce30f
Server 799bb1b2-bd8f-49e2-81f8-f7237f0eb223 received client-request: Request { kind: ReserveTicket, customer: 62f6ccc1-2873-45a3-b3d0-d98752206a64, server: None, raw: .. }
Reserved ticket 2319 for customer 62f6ccc1-2873-45a3-b3d0-d98752206a64
Server 799bb1b2-bd8f-49e2-81f8-f7237f0eb223 received client-request: Request { kind: ReserveTicket, customer: 1252ea07-b0cf-40b2-b740-c60dd5db7fb7, server: None, raw: .. }
Reserved ticket 2318 for customer 1252ea07-b0cf-40b2-b740-c60dd5db7fb7
Server 799bb1b2-bd8f-49e2-81f8-f7237f0eb223 received client-request: Request { kind: ReserveTicket, customer: 9216947b-447d-495b-b656-0c0a0c69279d, server: None, raw: .. }
Reserved ticket 2317 for customer 9216947b-447d-495b-b656-0c0a0c69279d
Server 799bb1b2-bd8f-49e2-81f8-f7237f0eb223 received client-request: Request { kind: ReserveTicket, customer: ec4c6742-1807-430a-97d3-1554ad2aa5d5, server: None, raw: .. }
Reserved ticket 2316 for customer ec4c6742-1807-430a-97d3-1554ad2aa5d5
Server 799bb1b2-bd8f-49e2-81f8-f7237f0eb223 received client-request: Request { kind: ReserveTicket, customer: dd14e923-9487-4cc1-9390-ae8910bdcfba, server: None, raw: .. }
Reserved ticket 2315 for customer dd14e923-9487-4cc1-9390-ae8910bdcfba
Server 799bb1b2-bd8f-49e2-81f8-f7237f0eb223 received client-request: Request { kind: ReserveTicket, customer: 9d276ead-884c-4e40-8fc1-8c19fbb2807e, server: None, raw: .. }
Reserved ticket 2314 for customer 9d276ead-884c-4e40-8fc1-8c19fbb2807e
Server 799bb1b2-bd8f-49e2-81f8-f7237f0eb223 received client-request: Request { kind: ReserveTicket, customer: ec6e38e1-373b-4921-aa12-95c5da437326, server: None, raw: .. }
Reserved ticket 2313 for customer ec6e38e1-373b-4921-aa12-95c5da437326
Server 799bb1b2-bd8f-49e2-81f8-f7237f0eb223 received client-request: Request { kind: ReserveTicket, customer: e851381f-dcbc-4704-8917-d882960adcff, server: None, raw: .. }
Reserved ticket 2312 for customer e851381f-dcbc-4704-8917-d882960adcff
Server 799bb1b2-bd8f-49e2-81f8-f7237f0eb223 received client-request: Request { kind: ReserveTicket, customer: 31c04a4e-f2b1-46c0-a339-3018da34d8d3, server: None, raw: .. }
Reserved ticket 2311 for customer 31c04a4e-f2b1-46c0-a339-3018da34d8d3
Server 799bb1b2-bd8f-49e2-81f8-f7237f0eb223 received client-request: Request { kind: ReserveTicket, customer: 3d8ba964-ae14-47fb-b489-2e8ea12f5f64, server: None, raw: .. }
Reserved ticket 2310 for customer 3d8ba964-ae14-47fb-b489-2e8ea12f5f64
Server 65a51e17-fff5-4036-8b94-6db5de4d28d8 received client-request: Request { kind: ReserveTicket, customer: 374ce8c0-4412-4d69-af18-00b11d172cd7, server: None, raw: .. }
Reserved ticket 2309 for customer 374ce8c0-4412-4d69-af18-00b11d172cd7
Server 799bb1b2-bd8f-49e2-81f8-f7237f0eb223 received client-request: Request { kind: ReserveTicket, customer: f09bea75-ab7a-4c75-aa18-0d7b6fb4576a, server: None, raw: .. }
Reserved ticket 2308 for customer f09bea75-ab7a-4c75-aa18-0d7b6fb4576a
Server 799bb1b2-bd8f-49e2-81f8-f7237f0eb223 received client-request: Request { kind: ReserveTicket, customer: 7be62a53-30f1-4b1d-beb2-56b8ce2ab008, server: None, raw: .. }
Reserved ticket 2307 for customer 7be62a53-30f1-4b1d-beb2-56b8ce2ab008
Server 799bb1b2-bd8f-49e2-81f8-f7237f0eb223 received client-request: Request { kind: ReserveTicket, customer: e0adbf48-0c71-4b6d-84b4-540c9d06d32c, server: None, raw: .. }
Reserved ticket 2306 for customer e0adbf48-0c71-4b6d-84b4-540c9d06d32c
Server 799bb1b2-bd8f-49e2-81f8-f7237f0eb223 received client-request: Request { kind: ReserveTicket, customer: aa2cddcb-9525-4a36-9c3a-326d48bcac10, server: None, raw: .. }
Reserved ticket 2305 for customer aa2cddcb-9525-4a36-9c3a-326d48bcac10
Server 799bb1b2-bd8f-49e2-81f8-f7237f0eb223 received client-request: Request { kind: ReserveTicket, customer: 53aa2658-2b5b-46d0-a403-681af49b45f0, server: None, raw: .. }
Reserved ticket 2304 for customer 53aa2658-2b5b-46d0-a403-681af49b45f0
Server 799bb1b2-bd8f-49e2-81f8-f7237f0eb223 received client-request: Request { kind: ReserveTicket, customer: 2d1cd57e-05fd-4657-8804-887f4a4b665a, server: None, raw: .. }
Reserved ticket 2303 for customer 2d1cd57e-05fd-4657-8804-887f4a4b665a
Server 799bb1b2-bd8f-49e2-81f8-f7237f0eb223 received client-request: Request { kind: ReserveTicket, customer: 761487ae-ccc7-499f-8e5f-9a2520c44f85, server: None, raw: .. }
Reserved ticket 2302 for customer 761487ae-ccc7-499f-8e5f-9a2520c44f85
Server 799bb1b2-bd8f-49e2-81f8-f7237f0eb223 received client-request: Request { kind: ReserveTicket, customer: 86a1df39-bd8c-490c-9416-b13eb731b23d, server: None, raw: .. }
Reserved ticket 2301 for customer 86a1df39-bd8c-490c-9416-b13eb731b23d
Server 799bb1b2-bd8f-49e2-81f8-f7237f0eb223 received client-request: Request { kind: ReserveTicket, customer: 21b41f7d-03c9-4d86-982a-a7332f17c356, server: None, raw: .. }
Reserved ticket 2300 for customer 21b41f7d-03c9-4d86-982a-a7332f17c356
Server 799bb1b2-bd8f-49e2-81f8-f7237f0eb223 received client-request: Request { kind: ReserveTicket, customer: f3ec1fa0-5db1-4ad7-9f2e-6a51b8809e55, server: None, raw: .. }
Reserved ticket 2299 for customer f3ec1fa0-5db1-4ad7-9f2e-6a51b8809e55
Server 799bb1b2-bd8f-49e2-81f8-f7237f0eb223 received client-request: Request { kind: ReserveTicket, customer: 6227dc07-458b-4355-af35-3b5c04751d72, server: None, raw: .. }
Reserved ticket 2298 for customer 6227dc07-458b-4355-af35-3b5c04751d72
Server 799bb1b2-bd8f-49e2-81f8-f7237f0eb223 received client-request: Request { kind: ReserveTicket, customer: 1eb38eed-59a3-45f5-bc67-84c35a7295fb, server: None, raw: .. }
Reserved ticket 2297 for customer 1eb38eed-59a3-45f5-bc67-84c35a7295fb
Server 799bb1b2-bd8f-49e2-81f8-f7237f0eb223 received client-request: Request { kind: ReserveTicket, customer: 1a604592-2866-4f7e-bc8e-5e4497e9e733, server: None, raw: .. }
Reserved ticket 2296 for customer 1a604592-2866-4f7e-bc8e-5e4497e9e733
Server 799bb1b2-bd8f-49e2-81f8-f7237f0eb223 received client-request: Request { kind: ReserveTicket, customer: 1ba9a805-032f-41f8-9cc5-addf1ea80166, server: None, raw: .. }
Reserved ticket 2295 for customer 1ba9a805-032f-41f8-9cc5-addf1ea80166
Server 799bb1b2-bd8f-49e2-81f8-f7237f0eb223 received client-request: Request { kind: ReserveTicket, customer: 0b16452b-9947-4e53-a3cc-f1f1e6463f9d, server: None, raw: .. }
Reserved ticket 2294 for customer 0b16452b-9947-4e53-a3cc-f1f1e6463f9d
Server 799bb1b2-bd8f-49e2-81f8-f7237f0eb223 received client-request: Request { kind: ReserveTicket, customer: 4ad325ec-3abf-4514-bd33-00d67cc8ffd1, server: None, raw: .. }
Reserved ticket 2293 for customer 4ad325ec-3abf-4514-bd33-00d67cc8ffd1
Server 799bb1b2-bd8f-49e2-81f8-f7237f0eb223 received client-request: Request { kind: ReserveTicket, customer: 19d54778-2682-4cde-8ed6-5153afb50ea4, server: None, raw: .. }
Reserved ticket 2292 for customer 19d54778-2682-4cde-8ed6-5153afb50ea4
Server 799bb1b2-bd8f-49e2-81f8-f7237f0eb223 received client-request: Request { kind: ReserveTicket, customer: 03281b89-6e16-45d4-ad8e-6c2c4c3bc26b, server: None, raw: .. }
Reserved ticket 2291 for customer 03281b89-6e16-45d4-ad8e-6c2c4c3bc26b
Server 799bb1b2-bd8f-49e2-81f8-f7237f0eb223 received client-request: Request { kind: ReserveTicket, customer: 076af6f2-278a-49b7-aa9a-fb356803e25c, server: None, raw: .. }
Reserved ticket 2290 for customer 076af6f2-278a-49b7-aa9a-fb356803e25c
Server 65a51e17-fff5-4036-8b94-6db5de4d28d8 received client-request: Request { kind: ReserveTicket, customer: b06a0a7c-4df4-4fe0-91a3-5eb688627c6e, server: None, raw: .. }
Reserved ticket 2289 for customer b06a0a7c-4df4-4fe0-91a3-5eb688627c6e
Server 799bb1b2-bd8f-49e2-81f8-f7237f0eb223 received client-request: Request { kind: ReserveTicket, customer: e398c22d-d172-4d52-a6bd-30fa326e0f6c, server: None, raw: .. }
Reserved ticket 2288 for customer e398c22d-d172-4d52-a6bd-30fa326e0f6c
Server 799bb1b2-bd8f-49e2-81f8-f7237f0eb223 received client-request: Request { kind: ReserveTicket, customer: 74a924b2-1025-4e37-a929-18a950f45cae, server: None, raw: .. }
Reserved ticket 2287 for customer 74a924b2-1025-4e37-a929-18a950f45cae
Server 799bb1b2-bd8f-49e2-81f8-f7237f0eb223 received client-request: Request { kind: ReserveTicket, customer: 825eadde-306d-4bff-9733-7397483abe5b, server: None, raw: .. }
Reserved ticket 2286 for customer 825eadde-306d-4bff-9733-7397483abe5b
Server 799bb1b2-bd8f-49e2-81f8-f7237f0eb223 received client-request: Request { kind: ReserveTicket, customer: a0e43e89-ffa9-4b5d-8972-cd933f7b3c6c, server: None, raw: .. }
Reserved ticket 2285 for customer a0e43e89-ffa9-4b5d-8972-cd933f7b3c6c
Server 799bb1b2-bd8f-49e2-81f8-f7237f0eb223 received client-request: Request { kind: ReserveTicket, customer: 1386fa02-f98f-4754-9854-aa5b175f85dc, server: None, raw: .. }
Reserved ticket 2284 for customer 1386fa02-f98f-4754-9854-aa5b175f85dc
Server 799bb1b2-bd8f-49e2-81f8-f7237f0eb223 received client-request: Request { kind: ReserveTicket, customer: aeed9c13-553d-4a19-bea1-0c529ceed5ca, server: None, raw: .. }
Reserved ticket 2283 for customer aeed9c13-553d-4a19-bea1-0c529ceed5ca
Server 799bb1b2-bd8f-49e2-81f8-f7237f0eb223 received client-request: Request { kind: ReserveTicket, customer: 9548ab35-d6d3-48ee-8ac3-b6e970f47274, server: None, raw: .. }
Reserved ticket 2282 for customer 9548ab35-d6d3-48ee-8ac3-b6e970f47274
Server 799bb1b2-bd8f-49e2-81f8-f7237f0eb223 received client-request: Request { kind: ReserveTicket, customer: 53c27217-1069-4ca6-b293-5bcae09fb2fd, server: None, raw: .. }
Reserved ticket 2281 for customer 53c27217-1069-4ca6-b293-5bcae09fb2fd
Server 799bb1b2-bd8f-49e2-81f8-f7237f0eb223 received client-request: Request { kind: ReserveTicket, customer: 04a6db95-0282-407c-9e12-5c00182e3472, server: None, raw: .. }
Reserved ticket 2280 for customer 04a6db95-0282-407c-9e12-5c00182e3472
Server 799bb1b2-bd8f-49e2-81f8-f7237f0eb223 received client-request: Request { kind: ReserveTicket, customer: a0abee75-206e-4be0-8246-512a5a88c311, server: None, raw: .. }
Reserved ticket 2279 for customer a0abee75-206e-4be0-8246-512a5a88c311
Server 799bb1b2-bd8f-49e2-81f8-f7237f0eb223 received client-request: Request { kind: ReserveTicket, customer: af6c4c34-eb57-4200-8fee-63f82535491f, server: None, raw: .. }
Reserved ticket 2278 for customer af6c4c34-eb57-4200-8fee-63f82535491f
Server 799bb1b2-bd8f-49e2-81f8-f7237f0eb223 received client-request: Request { kind: ReserveTicket, customer: 784456c5-8e7b-4efa-986a-756a770c940b, server: None, raw: .. }
Reserved ticket 2277 for customer 784456c5-8e7b-4efa-986a-756a770c940b
Server 799bb1b2-bd8f-49e2-81f8-f7237f0eb223 received client-request: Request { kind: ReserveTicket, customer: 54dbb359-5995-4f9b-b5f3-d767c031026b, server: None, raw: .. }
Reserved ticket 2276 for customer 54dbb359-5995-4f9b-b5f3-d767c031026b
Server 799bb1b2-bd8f-49e2-81f8-f7237f0eb223 received client-request: Request { kind: ReserveTicket, customer: 519fac06-0f6c-4c17-82c0-1ccd000c6a37, server: None, raw: .. }
Reserved ticket 2275 for customer 519fac06-0f6c-4c17-82c0-1ccd000c6a37
Server 799bb1b2-bd8f-49e2-81f8-f7237f0eb223 received client-request: Request { kind: ReserveTicket, customer: ba4b6d41-4970-4b77-b3bc-66f9928d5474, server: None, raw: .. }
Reserved ticket 2274 for customer ba4b6d41-4970-4b77-b3bc-66f9928d5474
Server 799bb1b2-bd8f-49e2-81f8-f7237f0eb223 received client-request: Request { kind: ReserveTicket, customer: 8118ace9-2c8c-4fe5-8fe5-4beefbea349a, server: None, raw: .. }
Reserved ticket 2273 for customer 8118ace9-2c8c-4fe5-8fe5-4beefbea349a
Server 799bb1b2-bd8f-49e2-81f8-f7237f0eb223 received client-request: Request { kind: ReserveTicket, customer: 51b0ca0e-efd8-4471-b5f9-e9cb2e2c1dad, server: None, raw: .. }
Reserved ticket 2272 for customer 51b0ca0e-efd8-4471-b5f9-e9cb2e2c1dad
Server 799bb1b2-bd8f-49e2-81f8-f7237f0eb223 received client-request: Request { kind: ReserveTicket, customer: bac226db-ee52-4042-9c05-d6dee89f9659, server: None, raw: .. }
Reserved ticket 2271 for customer bac226db-ee52-4042-9c05-d6dee89f9659
Server 799bb1b2-bd8f-49e2-81f8-f7237f0eb223 received client-request: Request { kind: ReserveTicket, customer: e767ded4-f111-4e60-8957-de452a665222, server: None, raw: .. }
Reserved ticket 2270 for customer e767ded4-f111-4e60-8957-de452a665222
Server 65a51e17-fff5-4036-8b94-6db5de4d28d8 received client-request: Request { kind: ReserveTicket, customer: 6a11ecff-cf33-4bab-8079-56e9294e8ce3, server: None, raw: .. }
Reserved ticket 2269 for customer 6a11ecff-cf33-4bab-8079-56e9294e8ce3
Server 799bb1b2-bd8f-49e2-81f8-f7237f0eb223 received client-request: Request { kind: ReserveTicket, customer: 237eee8f-abaa-49ed-a4b8-c4db84ff8b26, server: None, raw: .. }
Reserved ticket 2268 for customer 237eee8f-abaa-49ed-a4b8-c4db84ff8b26
Server 799bb1b2-bd8f-49e2-81f8-f7237f0eb223 received client-request: Request { kind: ReserveTicket, customer: d8529bcf-f160-4628-99d5-6bf4aff10df0, server: None, raw: .. }
Reserved ticket 2267 for customer d8529bcf-f160-4628-99d5-6bf4aff10df0
Server 799bb1b2-bd8f-49e2-81f8-f7237f0eb223 received client-request: Request { kind: ReserveTicket, customer: cff54f93-9aac-4038-8313-3f36dd82b90c, server: None, raw: .. }
Reserved ticket 2266 for customer cff54f93-9aac-4038-8313-3f36dd82b90c
Server 799bb1b2-bd8f-49e2-81f8-f7237f0eb223 received client-request: Request { kind: ReserveTicket, customer: f87f91e6-2bae-469d-852f-cc6e41086449, server: None, raw: .. }
Reserved ticket 2265 for customer f87f91e6-2bae-469d-852f-cc6e41086449
Server 799bb1b2-bd8f-49e2-81f8-f7237f0eb223 received client-request: Request { kind: ReserveTicket, customer: 5b3b40f1-a8c8-463d-908e-23aae93ac667, server: None, raw: .. }
Reserved ticket 2264 for customer 5b3b40f1-a8c8-463d-908e-23aae93ac667
Server 799bb1b2-bd8f-49e2-81f8-f7237f0eb223 received client-request: Request { kind: ReserveTicket, customer: da61775d-b8b4-4479-81ad-16a7a3ae982f, server: None, raw: .. }
Reserved ticket 2263 for customer da61775d-b8b4-4479-81ad-16a7a3ae982f
Server 799bb1b2-bd8f-49e2-81f8-f7237f0eb223 received client-request: Request { kind: ReserveTicket, customer: e92bee5e-bced-4d7b-a3ac-d9192703ea4b, server: None, raw: .. }
Reserved ticket 2262 for customer e92bee5e-bced-4d7b-a3ac-d9192703ea4b
Server 799bb1b2-bd8f-49e2-81f8-f7237f0eb223 received client-request: Request { kind: ReserveTicket, customer: 2b41b633-e4bc-4a79-86dc-f01f8ddded49, server: None, raw: .. }
Reserved ticket 2261 for customer 2b41b633-e4bc-4a79-86dc-f01f8ddded49
Server 799bb1b2-bd8f-49e2-81f8-f7237f0eb223 received client-request: Request { kind: ReserveTicket, customer: 734b1389-d6df-4492-960e-d4e2fe4fed9a, server: None, raw: .. }
Reserved ticket 2260 for customer 734b1389-d6df-4492-960e-d4e2fe4fed9a
Server 799bb1b2-bd8f-49e2-81f8-f7237f0eb223 received client-request: Request { kind: ReserveTicket, customer: 9bc56318-cacd-499b-8833-e38860b78c29, server: None, raw: .. }
Reserved ticket 2259 for customer 9bc56318-cacd-499b-8833-e38860b78c29
Server 799bb1b2-bd8f-49e2-81f8-f7237f0eb223 received client-request: Request { kind: ReserveTicket, customer: 7f031123-a0fd-4f5b-9424-9ec96d11e644, server: None, raw: .. }
Reserved ticket 2258 for customer 7f031123-a0fd-4f5b-9424-9ec96d11e644
Server 799bb1b2-bd8f-49e2-81f8-f7237f0eb223 received client-request: Request { kind: ReserveTicket, customer: 26d3dfa7-b471-4819-9270-e294695603f3, server: None, raw: .. }
Reserved ticket 2257 for customer 26d3dfa7-b471-4819-9270-e294695603f3
Server 799bb1b2-bd8f-49e2-81f8-f7237f0eb223 received client-request: Request { kind: ReserveTicket, customer: 19f536e2-4053-4144-855d-b8367e180755, server: None, raw: .. }
Reserved ticket 2256 for customer 19f536e2-4053-4144-855d-b8367e180755
Server 799bb1b2-bd8f-49e2-81f8-f7237f0eb223 received client-request: Request { kind: ReserveTicket, customer: fd9e4187-50b1-4cde-a46b-af27610581ae, server: None, raw: .. }
Reserved ticket 2255 for customer fd9e4187-50b1-4cde-a46b-af27610581ae
Server 799bb1b2-bd8f-49e2-81f8-f7237f0eb223 received client-request: Request { kind: ReserveTicket, customer: b9dee4f6-1132-4001-b551-6b6ba1b6e993, server: None, raw: .. }
Reserved ticket 2254 for customer b9dee4f6-1132-4001-b551-6b6ba1b6e993
Server 799bb1b2-bd8f-49e2-81f8-f7237f0eb223 received client-request: Request { kind: ReserveTicket, customer: cce672e4-fd58-4f89-b47c-5fad3c09322b, server: None, raw: .. }
Reserved ticket 2253 for customer cce672e4-fd58-4f89-b47c-5fad3c09322b
Server 799bb1b2-bd8f-49e2-81f8-f7237f0eb223 received client-request: Request { kind: ReserveTicket, customer: e13946d3-c59e-4f6e-8d23-dce65e5c814c, server: None, raw: .. }
Reserved ticket 2252 for customer e13946d3-c59e-4f6e-8d23-dce65e5c814c
Server 799bb1b2-bd8f-49e2-81f8-f7237f0eb223 received client-request: Request { kind: ReserveTicket, customer: f240f5ab-a67e-4719-bd00-4914764e0763, server: None, raw: .. }
Reserved ticket 2251 for customer f240f5ab-a67e-4719-bd00-4914764e0763
Server 799bb1b2-bd8f-49e2-81f8-f7237f0eb223 received client-request: Request { kind: ReserveTicket, customer: d8935832-93fd-4164-9c85-0e37d1beccf0, server: None, raw: .. }
Reserved ticket 2250 for customer d8935832-93fd-4164-9c85-0e37d1beccf0
Server 65a51e17-fff5-4036-8b94-6db5de4d28d8 received client-request: Request { kind: ReserveTicket, customer: 422650cd-3ccb-4170-bfb8-75ac73fb50c4, server: None, raw: .. }
Reserved ticket 2249 for customer 422650cd-3ccb-4170-bfb8-75ac73fb50c4
Server 799bb1b2-bd8f-49e2-81f8-f7237f0eb223 received client-request: Request { kind: ReserveTicket, customer: 5785f482-1f2e-451c-9d33-eeee02159970, server: None, raw: .. }
Reserved ticket 2248 for customer 5785f482-1f2e-451c-9d33-eeee02159970
Server 799bb1b2-bd8f-49e2-81f8-f7237f0eb223 received client-request: Request { kind: ReserveTicket, customer: 1ebeaa8e-fa4e-40b1-a4ec-0c7d7a7722a0, server: None, raw: .. }
Reserved ticket 2247 for customer 1ebeaa8e-fa4e-40b1-a4ec-0c7d7a7722a0
Server 799bb1b2-bd8f-49e2-81f8-f7237f0eb223 received client-request: Request { kind: ReserveTicket, customer: bd1b3fc3-8c4e-4095-9d44-d62501f2c2f7, server: None, raw: .. }
Reserved ticket 2246 for customer bd1b3fc3-8c4e-4095-9d44-d62501f2c2f7
Server 799bb1b2-bd8f-49e2-81f8-f7237f0eb223 received client-request: Request { kind: ReserveTicket, customer: 723e4f5b-430f-4994-9823-6db448a9cc76, server: None, raw: .. }
Reserved ticket 2245 for customer 723e4f5b-430f-4994-9823-6db448a9cc76
Server 799bb1b2-bd8f-49e2-81f8-f7237f0eb223 received client-request: Request { kind: ReserveTicket, customer: 504987be-e807-4d39-8d07-ab9a869a8245, server: None, raw: .. }
Reserved ticket 2244 for customer 504987be-e807-4d39-8d07-ab9a869a8245
Server 799bb1b2-bd8f-49e2-81f8-f7237f0eb223 received client-request: Request { kind: ReserveTicket, customer: cdec44f9-0a7d-4d0c-b1f4-644836da5e08, server: None, raw: .. }
Reserved ticket 2243 for customer cdec44f9-0a7d-4d0c-b1f4-644836da5e08
Server 799bb1b2-bd8f-49e2-81f8-f7237f0eb223 received client-request: Request { kind: ReserveTicket, customer: 4d9369b9-4495-4170-9dad-1443774e06b5, server: None, raw: .. }
Reserved ticket 2242 for customer 4d9369b9-4495-4170-9dad-1443774e06b5
Server 799bb1b2-bd8f-49e2-81f8-f7237f0eb223 received client-request: Request { kind: ReserveTicket, customer: fbbd6540-fb95-46e5-8213-f301f235993c, server: None, raw: .. }
Reserved ticket 2241 for customer fbbd6540-fb95-46e5-8213-f301f235993c
Server 799bb1b2-bd8f-49e2-81f8-f7237f0eb223 received client-request: Request { kind: ReserveTicket, customer: ee2a3f0b-ee7b-46b1-9ad7-803c18701c0a, server: None, raw: .. }
Reserved ticket 2240 for customer ee2a3f0b-ee7b-46b1-9ad7-803c18701c0a
Server 799bb1b2-bd8f-49e2-81f8-f7237f0eb223 received client-request: Request { kind: ReserveTicket, customer: a545b36a-17c0-4831-91a5-fb99a1b57736, server: None, raw: .. }
Reserved ticket 2239 for customer a545b36a-17c0-4831-91a5-fb99a1b57736
Server 799bb1b2-bd8f-49e2-81f8-f7237f0eb223 received client-request: Request { kind: ReserveTicket, customer: 41101ab1-d4a0-4dfc-a337-43795f12aa98, server: None, raw: .. }
Reserved ticket 2238 for customer 41101ab1-d4a0-4dfc-a337-43795f12aa98
Server 799bb1b2-bd8f-49e2-81f8-f7237f0eb223 received client-request: Request { kind: ReserveTicket, customer: 66fdd516-dd02-4716-9ac7-919fea0a67ad, server: None, raw: .. }
Reserved ticket 2237 for customer 66fdd516-dd02-4716-9ac7-919fea0a67ad
Server 799bb1b2-bd8f-49e2-81f8-f7237f0eb223 received client-request: Request { kind: ReserveTicket, customer: b02cefee-41bd-4634-b457-c8c1ca1febd6, server: None, raw: .. }
Reserved ticket 2236 for customer b02cefee-41bd-4634-b457-c8c1ca1febd6
Server 799bb1b2-bd8f-49e2-81f8-f7237f0eb223 received client-request: Request { kind: ReserveTicket, customer: 0000eec7-d810-4287-ad31-f506737895da, server: None, raw: .. }
Reserved ticket 2235 for customer 0000eec7-d810-4287-ad31-f506737895da
Server 799bb1b2-bd8f-49e2-81f8-f7237f0eb223 received client-request: Request { kind: ReserveTicket, customer: 9cb74b5f-528b-4e00-8c06-331388a7e6cd, server: None, raw: .. }
Reserved ticket 2234 for customer 9cb74b5f-528b-4e00-8c06-331388a7e6cd
Server 799bb1b2-bd8f-49e2-81f8-f7237f0eb223 received client-request: Request { kind: ReserveTicket, customer: 874dd57f-86dd-400b-b0c5-683c99ad4599, server: None, raw: .. }
Reserved ticket 2233 for customer 874dd57f-86dd-400b-b0c5-683c99ad4599
Server 799bb1b2-bd8f-49e2-81f8-f7237f0eb223 received client-request: Request { kind: ReserveTicket, customer: 729685aa-9f9e-4be9-b5d3-aaa25c83490e, server: None, raw: .. }
Reserved ticket 2232 for customer 729685aa-9f9e-4be9-b5d3-aaa25c83490e
Server 799bb1b2-bd8f-49e2-81f8-f7237f0eb223 received client-request: Request { kind: ReserveTicket, customer: 8630ef84-8b9b-42b4-9fc0-ffb736c7f759, server: None, raw: .. }
Reserved ticket 2231 for customer 8630ef84-8b9b-42b4-9fc0-ffb736c7f759
Server 799bb1b2-bd8f-49e2-81f8-f7237f0eb223 received client-request: Request { kind: ReserveTicket, customer: 92b63ff2-78d8-4408-a56b-2df79a7f73ae, server: None, raw: .. }
Reserved ticket 2230 for customer 92b63ff2-78d8-4408-a56b-2df79a7f73ae
Server 65a51e17-fff5-4036-8b94-6db5de4d28d8 received client-request: Request { kind: ReserveTicket, customer: 6a135308-c7ad-4969-8a4e-12bb493a0453, server: None, raw: .. }
Reserved ticket 2229 for customer 6a135308-c7ad-4969-8a4e-12bb493a0453
Server 799bb1b2-bd8f-49e2-81f8-f7237f0eb223 received client-request: Request { kind: ReserveTicket, customer: 29c40ec9-31f5-496b-9f96-d0c8671b6dbd, server: None, raw: .. }
Reserved ticket 2228 for customer 29c40ec9-31f5-496b-9f96-d0c8671b6dbd
Server 799bb1b2-bd8f-49e2-81f8-f7237f0eb223 received client-request: Request { kind: ReserveTicket, customer: f83f0fb9-ad97-4282-84f2-146d227648db, server: None, raw: .. }
Reserved ticket 2227 for customer f83f0fb9-ad97-4282-84f2-146d227648db
Server 799bb1b2-bd8f-49e2-81f8-f7237f0eb223 received client-request: Request { kind: ReserveTicket, customer: a3ba504e-4b6a-4593-a9ea-a1bd0dbb2625, server: None, raw: .. }
Reserved ticket 2226 for customer a3ba504e-4b6a-4593-a9ea-a1bd0dbb2625
Server 799bb1b2-bd8f-49e2-81f8-f7237f0eb223 received client-request: Request { kind: ReserveTicket, customer: 9e747e4f-4b22-44da-b9ae-3d7c4924f575, server: None, raw: .. }
Reserved ticket 2225 for customer 9e747e4f-4b22-44da-b9ae-3d7c4924f575
Server 799bb1b2-bd8f-49e2-81f8-f7237f0eb223 received client-request: Request { kind: ReserveTicket, customer: 69662baf-6437-4716-a679-e85ebc3df69a, server: None, raw: .. }
Reserved ticket 2224 for customer 69662baf-6437-4716-a679-e85ebc3df69a
Server 799bb1b2-bd8f-49e2-81f8-f7237f0eb223 received client-request: Request { kind: ReserveTicket, customer: aa93d393-ddc9-428b-8777-ce6a83bc1f87, server: None, raw: .. }
Reserved ticket 2223 for customer aa93d393-ddc9-428b-8777-ce6a83bc1f87
Server 799bb1b2-bd8f-49e2-81f8-f7237f0eb223 received client-request: Request { kind: ReserveTicket, customer: 2b7add11-9dd5-41cf-8d7b-956a1abdab3c, server: None, raw: .. }
Reserved ticket 2222 for customer 2b7add11-9dd5-41cf-8d7b-956a1abdab3c
Server 799bb1b2-bd8f-49e2-81f8-f7237f0eb223 received client-request: Request { kind: ReserveTicket, customer: e9f2380d-758a-4767-a5f3-1072a11a2258, server: None, raw: .. }
Reserved ticket 2221 for customer e9f2380d-758a-4767-a5f3-1072a11a2258
Server 799bb1b2-bd8f-49e2-81f8-f7237f0eb223 received client-request: Request { kind: ReserveTicket, customer: c986c5d2-d2cc-4d98-b0e3-96eff4671163, server: None, raw: .. }
Reserved ticket 2220 for customer c986c5d2-d2cc-4d98-b0e3-96eff4671163
Server 799bb1b2-bd8f-49e2-81f8-f7237f0eb223 received client-request: Request { kind: ReserveTicket, customer: 662088bf-3003-4993-b478-5e2e963c3056, server: None, raw: .. }
Reserved ticket 2219 for customer 662088bf-3003-4993-b478-5e2e963c3056
Server 799bb1b2-bd8f-49e2-81f8-f7237f0eb223 received client-request: Request { kind: ReserveTicket, customer: 2fc182d6-151d-477e-8ff7-7efc0e53b18e, server: None, raw: .. }
Reserved ticket 2218 for customer 2fc182d6-151d-477e-8ff7-7efc0e53b18e
Server 799bb1b2-bd8f-49e2-81f8-f7237f0eb223 received client-request: Request { kind: ReserveTicket, customer: 07dd9882-cd1d-44f9-a6e8-46d2196761c2, server: None, raw: .. }
Reserved ticket 2217 for customer 07dd9882-cd1d-44f9-a6e8-46d2196761c2
Server 799bb1b2-bd8f-49e2-81f8-f7237f0eb223 received client-request: Request { kind: ReserveTicket, customer: a8f6155b-e4a5-4868-8eb9-05623a64c9f3, server: None, raw: .. }
Reserved ticket 2216 for customer a8f6155b-e4a5-4868-8eb9-05623a64c9f3
Server 799bb1b2-bd8f-49e2-81f8-f7237f0eb223 received client-request: Request { kind: ReserveTicket, customer: 3148addc-837a-4f89-9dc5-cc0ee1d5215d, server: None, raw: .. }
Reserved ticket 2215 for customer 3148addc-837a-4f89-9dc5-cc0ee1d5215d
Server 799bb1b2-bd8f-49e2-81f8-f7237f0eb223 received client-request: Request { kind: ReserveTicket, customer: e0eabc75-1295-4234-8c19-8bcae76e49bc, server: None, raw: .. }
Reserved ticket 2214 for customer e0eabc75-1295-4234-8c19-8bcae76e49bc
Server 799bb1b2-bd8f-49e2-81f8-f7237f0eb223 received client-request: Request { kind: ReserveTicket, customer: 84242f29-3698-4ea5-95e1-263c1f1f734b, server: None, raw: .. }
Reserved ticket 2213 for customer 84242f29-3698-4ea5-95e1-263c1f1f734b
Server 799bb1b2-bd8f-49e2-81f8-f7237f0eb223 received client-request: Request { kind: ReserveTicket, customer: 5ccc58cf-7e49-486d-a659-86b7fa0c17fd, server: None, raw: .. }
Reserved ticket 2212 for customer 5ccc58cf-7e49-486d-a659-86b7fa0c17fd
Server 799bb1b2-bd8f-49e2-81f8-f7237f0eb223 received client-request: Request { kind: ReserveTicket, customer: d66a87f0-5518-4982-b2fc-5d944bcabfda, server: None, raw: .. }
Reserved ticket 2211 for customer d66a87f0-5518-4982-b2fc-5d944bcabfda
Server 799bb1b2-bd8f-49e2-81f8-f7237f0eb223 received client-request: Request { kind: ReserveTicket, customer: ad1a58c8-a841-452a-b07b-4df12b181433, server: None, raw: .. }
Reserved ticket 2210 for customer ad1a58c8-a841-452a-b07b-4df12b181433
Server 65a51e17-fff5-4036-8b94-6db5de4d28d8 received client-request: Request { kind: ReserveTicket, customer: 386116b6-8f2e-4faa-8bb0-857cf6688e33, server: None, raw: .. }
Reserved ticket 2209 for customer 386116b6-8f2e-4faa-8bb0-857cf6688e33
Server 799bb1b2-bd8f-49e2-81f8-f7237f0eb223 received client-request: Request { kind: ReserveTicket, customer: cc479671-4291-45ed-9b08-eae21f07d2f2, server: None, raw: .. }
Reserved ticket 2208 for customer cc479671-4291-45ed-9b08-eae21f07d2f2
Server 799bb1b2-bd8f-49e2-81f8-f7237f0eb223 received client-request: Request { kind: ReserveTicket, customer: 01be1cd8-ec2c-4533-b02a-bd056ba7b0ef, server: None, raw: .. }
Reserved ticket 2207 for customer 01be1cd8-ec2c-4533-b02a-bd056ba7b0ef
Server 799bb1b2-bd8f-49e2-81f8-f7237f0eb223 received client-request: Request { kind: ReserveTicket, customer: 629b599c-d3d3-4a93-a847-79a45d18c3cc, server: None, raw: .. }
Reserved ticket 2206 for customer 629b599c-d3d3-4a93-a847-79a45d18c3cc
Server 799bb1b2-bd8f-49e2-81f8-f7237f0eb223 received client-request: Request { kind: ReserveTicket, customer: 3081cbcc-a211-44cf-a20f-e5e62189e697, server: None, raw: .. }
Reserved ticket 2205 for customer 3081cbcc-a211-44cf-a20f-e5e62189e697
Server 799bb1b2-bd8f-49e2-81f8-f7237f0eb223 received client-request: Request { kind: ReserveTicket, customer: 82f442e1-d8e5-4ed8-8845-37493aab1a10, server: None, raw: .. }
Reserved ticket 2204 for customer 82f442e1-d8e5-4ed8-8845-37493aab1a10
Server 799bb1b2-bd8f-49e2-81f8-f7237f0eb223 received client-request: Request { kind: ReserveTicket, customer: 8fda06ea-cead-48d8-b3a5-ad6dc3ba2c00, server: None, raw: .. }
Reserved ticket 2203 for customer 8fda06ea-cead-48d8-b3a5-ad6dc3ba2c00
Server 799bb1b2-bd8f-49e2-81f8-f7237f0eb223 received client-request: Request { kind: ReserveTicket, customer: 6d3ae3be-c809-4a04-bc51-bcafc25a84b9, server: None, raw: .. }
Reserved ticket 2202 for customer 6d3ae3be-c809-4a04-bc51-bcafc25a84b9
Server 799bb1b2-bd8f-49e2-81f8-f7237f0eb223 received client-request: Request { kind: ReserveTicket, customer: 3b199df9-035c-4e96-9944-88020aa6cb97, server: None, raw: .. }
Reserved ticket 2201 for customer 3b199df9-035c-4e96-9944-88020aa6cb97
Server 799bb1b2-bd8f-49e2-81f8-f7237f0eb223 received client-request: Request { kind: ReserveTicket, customer: 04b5ad17-c02b-4f95-a085-258f4baa97f6, server: None, raw: .. }
Reserved ticket 2200 for customer 04b5ad17-c02b-4f95-a085-258f4baa97f6
Server 799bb1b2-bd8f-49e2-81f8-f7237f0eb223 received client-request: Request { kind: ReserveTicket, customer: 7f6ebcd8-a9ba-4449-ab7e-584074e10957, server: None, raw: .. }
Reserved ticket 2199 for customer 7f6ebcd8-a9ba-4449-ab7e-584074e10957
Server 799bb1b2-bd8f-49e2-81f8-f7237f0eb223 received client-request: Request { kind: ReserveTicket, customer: fdcaaa76-78b9-4480-87e7-811597c96918, server: None, raw: .. }
Reserved ticket 2198 for customer fdcaaa76-78b9-4480-87e7-811597c96918
Server 799bb1b2-bd8f-49e2-81f8-f7237f0eb223 received client-request: Request { kind: ReserveTicket, customer: 0a9f895f-fe81-40e5-a36c-0f00ea5ab1eb, server: None, raw: .. }
Reserved ticket 2197 for customer 0a9f895f-fe81-40e5-a36c-0f00ea5ab1eb
Server 799bb1b2-bd8f-49e2-81f8-f7237f0eb223 received client-request: Request { kind: ReserveTicket, customer: 4a9f36d0-71cf-4b03-8639-0df31893c497, server: None, raw: .. }
Reserved ticket 2196 for customer 4a9f36d0-71cf-4b03-8639-0df31893c497
Server 799bb1b2-bd8f-49e2-81f8-f7237f0eb223 received client-request: Request { kind: ReserveTicket, customer: de344a24-e93a-4be8-a16c-9d892a6d41c7, server: None, raw: .. }
Reserved ticket 2195 for customer de344a24-e93a-4be8-a16c-9d892a6d41c7
Server 799bb1b2-bd8f-49e2-81f8-f7237f0eb223 received client-request: Request { kind: ReserveTicket, customer: fc0709f9-70f2-40d9-b269-6a69148f84bb, server: None, raw: .. }
Reserved ticket 2194 for customer fc0709f9-70f2-40d9-b269-6a69148f84bb
Server 799bb1b2-bd8f-49e2-81f8-f7237f0eb223 received client-request: Request { kind: ReserveTicket, customer: fbdd46c5-0eec-430c-9bbe-4ceefb607826, server: None, raw: .. }
Reserved ticket 2193 for customer fbdd46c5-0eec-430c-9bbe-4ceefb607826
Server 799bb1b2-bd8f-49e2-81f8-f7237f0eb223 received client-request: Request { kind: ReserveTicket, customer: 057113ac-c791-41a5-92d9-6d4865ba85f0, server: None, raw: .. }
Reserved ticket 2192 for customer 057113ac-c791-41a5-92d9-6d4865ba85f0
Server 799bb1b2-bd8f-49e2-81f8-f7237f0eb223 received client-request: Request { kind: ReserveTicket, customer: f2fa4060-890f-45a8-9f4c-9cdb0bd11f39, server: None, raw: .. }
Reserved ticket 2191 for customer f2fa4060-890f-45a8-9f4c-9cdb0bd11f39
Server 799bb1b2-bd8f-49e2-81f8-f7237f0eb223 received client-request: Request { kind: ReserveTicket, customer: d16bf9b7-e09e-42be-9a02-a9ca5f3e4c40, server: None, raw: .. }
Reserved ticket 2190 for customer d16bf9b7-e09e-42be-9a02-a9ca5f3e4c40
Server 65a51e17-fff5-4036-8b94-6db5de4d28d8 received client-request: Request { kind: ReserveTicket, customer: 4eb7cc4d-d958-4732-8105-a5e795352260, server: None, raw: .. }
Reserved ticket 2189 for customer 4eb7cc4d-d958-4732-8105-a5e795352260
Server 799bb1b2-bd8f-49e2-81f8-f7237f0eb223 received client-request: Request { kind: ReserveTicket, customer: d0c2d9d8-163e-481e-8375-de10d1448f0b, server: None, raw: .. }
Reserved ticket 2188 for customer d0c2d9d8-163e-481e-8375-de10d1448f0b
Server 799bb1b2-bd8f-49e2-81f8-f7237f0eb223 received client-request: Request { kind: ReserveTicket, customer: 9c3a5d6e-5b29-429e-9330-e05afe44a22e, server: None, raw: .. }
Reserved ticket 2187 for customer 9c3a5d6e-5b29-429e-9330-e05afe44a22e
Server 799bb1b2-bd8f-49e2-81f8-f7237f0eb223 received client-request: Request { kind: ReserveTicket, customer: 5386baf4-32ae-474c-b1c4-c71850fce05d, server: None, raw: .. }
Reserved ticket 2186 for customer 5386baf4-32ae-474c-b1c4-c71850fce05d
Server 799bb1b2-bd8f-49e2-81f8-f7237f0eb223 received client-request: Request { kind: ReserveTicket, customer: 1cb5b992-930b-42d8-975d-f2c2d43288ec, server: None, raw: .. }
Reserved ticket 2185 for customer 1cb5b992-930b-42d8-975d-f2c2d43288ec
Server 799bb1b2-bd8f-49e2-81f8-f7237f0eb223 received client-request: Request { kind: ReserveTicket, customer: 3cdbb89f-9b88-4455-a262-cc6ac5c26be4, server: None, raw: .. }
Reserved ticket 2184 for customer 3cdbb89f-9b88-4455-a262-cc6ac5c26be4
Server 799bb1b2-bd8f-49e2-81f8-f7237f0eb223 received client-request: Request { kind: ReserveTicket, customer: cf3bc8de-a8d7-4541-9a99-06139763d000, server: None, raw: .. }
Reserved ticket 2183 for customer cf3bc8de-a8d7-4541-9a99-06139763d000
Server 799bb1b2-bd8f-49e2-81f8-f7237f0eb223 received client-request: Request { kind: ReserveTicket, customer: 04b0913e-92ed-4d84-98ea-b49b44500cdf, server: None, raw: .. }
Reserved ticket 2182 for customer 04b0913e-92ed-4d84-98ea-b49b44500cdf
Server 799bb1b2-bd8f-49e2-81f8-f7237f0eb223 received client-request: Request { kind: ReserveTicket, customer: 64536351-d839-419a-aa1b-36cd33dc0721, server: None, raw: .. }
Reserved ticket 2181 for customer 64536351-d839-419a-aa1b-36cd33dc0721
Server 799bb1b2-bd8f-49e2-81f8-f7237f0eb223 received client-request: Request { kind: ReserveTicket, customer: 7d097b8f-f89b-4a8c-ae35-8be13b111935, server: None, raw: .. }
Reserved ticket 2180 for customer 7d097b8f-f89b-4a8c-ae35-8be13b111935
Server 799bb1b2-bd8f-49e2-81f8-f7237f0eb223 received client-request: Request { kind: ReserveTicket, customer: 54504a93-bc50-4aaa-82db-c859fc1d8aa6, server: None, raw: .. }
Reserved ticket 2179 for customer 54504a93-bc50-4aaa-82db-c859fc1d8aa6
Server 799bb1b2-bd8f-49e2-81f8-f7237f0eb223 received client-request: Request { kind: ReserveTicket, customer: 81e497e3-bfcd-48ed-bf19-f115395e19cf, server: None, raw: .. }
Reserved ticket 2178 for customer 81e497e3-bfcd-48ed-bf19-f115395e19cf
Server 799bb1b2-bd8f-49e2-81f8-f7237f0eb223 received client-request: Request { kind: ReserveTicket, customer: f4a0a484-e0fe-480f-a38d-938090ea9a0f, server: None, raw: .. }
Reserved ticket 2177 for customer f4a0a484-e0fe-480f-a38d-938090ea9a0f
Server 799bb1b2-bd8f-49e2-81f8-f7237f0eb223 received client-request: Request { kind: ReserveTicket, customer: bb995ac1-1d09-43db-bb3c-c31958ee32f8, server: None, raw: .. }
Reserved ticket 2176 for customer bb995ac1-1d09-43db-bb3c-c31958ee32f8
Server 799bb1b2-bd8f-49e2-81f8-f7237f0eb223 received client-request: Request { kind: ReserveTicket, customer: a14526db-c5db-48a2-9e5b-683b49f2ad76, server: None, raw: .. }
Reserved ticket 2175 for customer a14526db-c5db-48a2-9e5b-683b49f2ad76
Server 799bb1b2-bd8f-49e2-81f8-f7237f0eb223 received client-request: Request { kind: ReserveTicket, customer: ca8a4bf2-d80f-48c6-bb46-a5c65029d9fb, server: None, raw: .. }
Reserved ticket 2174 for customer ca8a4bf2-d80f-48c6-bb46-a5c65029d9fb
Server 799bb1b2-bd8f-49e2-81f8-f7237f0eb223 received client-request: Request { kind: ReserveTicket, customer: a428255f-e543-47e9-b1c0-f6feb7553ca1, server: None, raw: .. }
Reserved ticket 2173 for customer a428255f-e543-47e9-b1c0-f6feb7553ca1
Server 799bb1b2-bd8f-49e2-81f8-f7237f0eb223 received client-request: Request { kind: ReserveTicket, customer: 6d485e2d-da59-4c8f-a759-cf815fd720e4, server: None, raw: .. }
Reserved ticket 2172 for customer 6d485e2d-da59-4c8f-a759-cf815fd720e4
Server 799bb1b2-bd8f-49e2-81f8-f7237f0eb223 received client-request: Request { kind: ReserveTicket, customer: 32757a9d-0039-427b-b891-5187dbc583a3, server: None, raw: .. }
Reserved ticket 2171 for customer 32757a9d-0039-427b-b891-5187dbc583a3
Server 799bb1b2-bd8f-49e2-81f8-f7237f0eb223 received client-request: Request { kind: ReserveTicket, customer: 969d2123-9ae6-4274-9666-abdb0cbb979b, server: None, raw: .. }
Reserved ticket 2170 for customer 969d2123-9ae6-4274-9666-abdb0cbb979b
Server 65a51e17-fff5-4036-8b94-6db5de4d28d8 received client-request: Request { kind: ReserveTicket, customer: d7b40d60-47a6-4ab1-8337-b643ff96a696, server: None, raw: .. }
Reserved ticket 2169 for customer d7b40d60-47a6-4ab1-8337-b643ff96a696
Server 799bb1b2-bd8f-49e2-81f8-f7237f0eb223 received client-request: Request { kind: ReserveTicket, customer: f958ecb9-3232-435a-9a9d-67b04417b315, server: None, raw: .. }
Reserved ticket 2168 for customer f958ecb9-3232-435a-9a9d-67b04417b315
Server 799bb1b2-bd8f-49e2-81f8-f7237f0eb223 received client-request: Request { kind: ReserveTicket, customer: 3bd8cb2a-54b9-41a4-8ca9-3c5801c241e8, server: None, raw: .. }
Reserved ticket 2167 for customer 3bd8cb2a-54b9-41a4-8ca9-3c5801c241e8
Server 799bb1b2-bd8f-49e2-81f8-f7237f0eb223 received client-request: Request { kind: ReserveTicket, customer: b226409a-1ce9-4d66-90cb-11fecd77e523, server: None, raw: .. }
Reserved ticket 2166 for customer b226409a-1ce9-4d66-90cb-11fecd77e523
Server 799bb1b2-bd8f-49e2-81f8-f7237f0eb223 received client-request: Request { kind: ReserveTicket, customer: 16493cf9-8b64-4566-93b9-30dc3f155309, server: None, raw: .. }
Reserved ticket 2165 for customer 16493cf9-8b64-4566-93b9-30dc3f155309
Server 799bb1b2-bd8f-49e2-81f8-f7237f0eb223 received client-request: Request { kind: ReserveTicket, customer: 313b6cd0-0c2d-46a8-9e43-215fdd863b84, server: None, raw: .. }
Reserved ticket 2164 for customer 313b6cd0-0c2d-46a8-9e43-215fdd863b84
Server 799bb1b2-bd8f-49e2-81f8-f7237f0eb223 received client-request: Request { kind: ReserveTicket, customer: 131af253-d42a-4b68-84f5-bc03c968d2e9, server: None, raw: .. }
Reserved ticket 2163 for customer 131af253-d42a-4b68-84f5-bc03c968d2e9
Server 799bb1b2-bd8f-49e2-81f8-f7237f0eb223 received client-request: Request { kind: ReserveTicket, customer: 0a4ef052-1d88-4771-ade7-856c9649b22b, server: None, raw: .. }
Reserved ticket 2162 for customer 0a4ef052-1d88-4771-ade7-856c9649b22b
Server 799bb1b2-bd8f-49e2-81f8-f7237f0eb223 received client-request: Request { kind: ReserveTicket, customer: ac290543-91d1-476b-85cf-90a2cd2ace48, server: None, raw: .. }
Reserved ticket 2161 for customer ac290543-91d1-476b-85cf-90a2cd2ace48
Server 799bb1b2-bd8f-49e2-81f8-f7237f0eb223 received client-request: Request { kind: ReserveTicket, customer: da59b58d-3d5f-47f2-9e61-3b270aa3276b, server: None, raw: .. }
Reserved ticket 2160 for customer da59b58d-3d5f-47f2-9e61-3b270aa3276b
Server 799bb1b2-bd8f-49e2-81f8-f7237f0eb223 received client-request: Request { kind: ReserveTicket, customer: af1b6770-bd57-4712-a219-77e933e424ef, server: None, raw: .. }
Reserved ticket 2159 for customer af1b6770-bd57-4712-a219-77e933e424ef
Server 799bb1b2-bd8f-49e2-81f8-f7237f0eb223 received client-request: Request { kind: ReserveTicket, customer: 2a05e657-5d83-44f7-bdef-1c71e1728099, server: None, raw: .. }
Reserved ticket 2158 for customer 2a05e657-5d83-44f7-bdef-1c71e1728099
Server 799bb1b2-bd8f-49e2-81f8-f7237f0eb223 received client-request: Request { kind: ReserveTicket, customer: f5a91829-8fad-4271-90ed-5ad40d5ac8b1, server: None, raw: .. }
Reserved ticket 2157 for customer f5a91829-8fad-4271-90ed-5ad40d5ac8b1
Server 799bb1b2-bd8f-49e2-81f8-f7237f0eb223 received client-request: Request { kind: ReserveTicket, customer: 56f56133-717d-4a8c-988f-c55f49a9bd12, server: None, raw: .. }
Reserved ticket 2156 for customer 56f56133-717d-4a8c-988f-c55f49a9bd12
Server 799bb1b2-bd8f-49e2-81f8-f7237f0eb223 received client-request: Request { kind: ReserveTicket, customer: 59feb4f4-98da-4a71-aed3-ee8830b3cb57, server: None, raw: .. }
Reserved ticket 2155 for customer 59feb4f4-98da-4a71-aed3-ee8830b3cb57
Server 799bb1b2-bd8f-49e2-81f8-f7237f0eb223 received client-request: Request { kind: ReserveTicket, customer: e7da6d7b-bda6-4eb0-9863-d0edb4109b39, server: None, raw: .. }
Reserved ticket 2154 for customer e7da6d7b-bda6-4eb0-9863-d0edb4109b39
Server 799bb1b2-bd8f-49e2-81f8-f7237f0eb223 received client-request: Request { kind: ReserveTicket, customer: 2335d5ff-0159-4508-b2cc-b2ba47edcd16, server: None, raw: .. }
Reserved ticket 2153 for customer 2335d5ff-0159-4508-b2cc-b2ba47edcd16
Server 799bb1b2-bd8f-49e2-81f8-f7237f0eb223 received client-request: Request { kind: ReserveTicket, customer: 2f2af345-9152-46e7-95a4-0690698628a4, server: None, raw: .. }
Reserved ticket 2152 for customer 2f2af345-9152-46e7-95a4-0690698628a4
Server 799bb1b2-bd8f-49e2-81f8-f7237f0eb223 received client-request: Request { kind: ReserveTicket, customer: 93471df0-f6a1-412c-9504-a4fe1d817db7, server: None, raw: .. }
Reserved ticket 2151 for customer 93471df0-f6a1-412c-9504-a4fe1d817db7
Server 799bb1b2-bd8f-49e2-81f8-f7237f0eb223 received client-request: Request { kind: ReserveTicket, customer: c212dbbe-19b4-42d9-b67d-fe84811a474a, server: None, raw: .. }
Reserved ticket 2150 for customer c212dbbe-19b4-42d9-b67d-fe84811a474a
Server 65a51e17-fff5-4036-8b94-6db5de4d28d8 received client-request: Request { kind: ReserveTicket, customer: dd7d456a-79a3-4bce-9dbd-4075ee0b7780, server: None, raw: .. }
Reserved ticket 2149 for customer dd7d456a-79a3-4bce-9dbd-4075ee0b7780
Server 799bb1b2-bd8f-49e2-81f8-f7237f0eb223 received client-request: Request { kind: ReserveTicket, customer: 92e9bd30-fbb2-4ebc-a237-62d6246a6e9c, server: None, raw: .. }
Reserved ticket 2148 for customer 92e9bd30-fbb2-4ebc-a237-62d6246a6e9c
Server 799bb1b2-bd8f-49e2-81f8-f7237f0eb223 received client-request: Request { kind: ReserveTicket, customer: bb556ad9-cca7-4c90-a319-71159b1c8a44, server: None, raw: .. }
Reserved ticket 2147 for customer bb556ad9-cca7-4c90-a319-71159b1c8a44
Server 799bb1b2-bd8f-49e2-81f8-f7237f0eb223 received client-request: Request { kind: ReserveTicket, customer: 3186fc5a-89b2-4e9f-9181-a442af3e7be1, server: None, raw: .. }
Reserved ticket 2146 for customer 3186fc5a-89b2-4e9f-9181-a442af3e7be1
Server 799bb1b2-bd8f-49e2-81f8-f7237f0eb223 received client-request: Request { kind: ReserveTicket, customer: 62baa0e6-8edb-4e07-9bbd-cc23e26466ce, server: None, raw: .. }
Reserved ticket 2145 for customer 62baa0e6-8edb-4e07-9bbd-cc23e26466ce
Server 799bb1b2-bd8f-49e2-81f8-f7237f0eb223 received client-request: Request { kind: ReserveTicket, customer: ff90143b-9048-44ef-89af-849b5bca91d0, server: None, raw: .. }
Reserved ticket 2144 for customer ff90143b-9048-44ef-89af-849b5bca91d0
Server 799bb1b2-bd8f-49e2-81f8-f7237f0eb223 received client-request: Request { kind: ReserveTicket, customer: 62bf33f0-1647-421f-9bc4-6aafc88b2bb9, server: None, raw: .. }
Reserved ticket 2143 for customer 62bf33f0-1647-421f-9bc4-6aafc88b2bb9
Server 799bb1b2-bd8f-49e2-81f8-f7237f0eb223 received client-request: Request { kind: ReserveTicket, customer: 075b9eea-3b69-452e-9ba0-75c0ceb2d92d, server: None, raw: .. }
Reserved ticket 2142 for customer 075b9eea-3b69-452e-9ba0-75c0ceb2d92d
Server 799bb1b2-bd8f-49e2-81f8-f7237f0eb223 received client-request: Request { kind: ReserveTicket, customer: cf9a4299-5e7d-4f15-a4d7-4c7c1216359e, server: None, raw: .. }
Reserved ticket 2141 for customer cf9a4299-5e7d-4f15-a4d7-4c7c1216359e
Server 799bb1b2-bd8f-49e2-81f8-f7237f0eb223 received client-request: Request { kind: ReserveTicket, customer: 6c41ebca-0a04-4ea2-8fc4-8c004e5d4ea5, server: None, raw: .. }
Reserved ticket 2140 for customer 6c41ebca-0a04-4ea2-8fc4-8c004e5d4ea5
Server 799bb1b2-bd8f-49e2-81f8-f7237f0eb223 received client-request: Request { kind: ReserveTicket, customer: e5d41c32-b6e7-4243-a342-01c46623ca85, server: None, raw: .. }
Reserved ticket 2139 for customer e5d41c32-b6e7-4243-a342-01c46623ca85
Server 799bb1b2-bd8f-49e2-81f8-f7237f0eb223 received client-request: Request { kind: ReserveTicket, customer: d29efc57-e132-4fc7-ac8e-82cfc5f9aebb, server: None, raw: .. }
Reserved ticket 2138 for customer d29efc57-e132-4fc7-ac8e-82cfc5f9aebb
Server 799bb1b2-bd8f-49e2-81f8-f7237f0eb223 received client-request: Request { kind: ReserveTicket, customer: 059eb40a-5024-467b-83f3-2ba295168b1b, server: None, raw: .. }
Reserved ticket 2137 for customer 059eb40a-5024-467b-83f3-2ba295168b1b
Server 799bb1b2-bd8f-49e2-81f8-f7237f0eb223 received client-request: Request { kind: ReserveTicket, customer: 79b62e68-f566-4fa3-8ddb-ec298741af01, server: None, raw: .. }
Reserved ticket 2136 for customer 79b62e68-f566-4fa3-8ddb-ec298741af01
Server 799bb1b2-bd8f-49e2-81f8-f7237f0eb223 received client-request: Request { kind: ReserveTicket, customer: 191b57d6-0127-410a-856e-96ad32d98a29, server: None, raw: .. }
Reserved ticket 2135 for customer 191b57d6-0127-410a-856e-96ad32d98a29
Server 799bb1b2-bd8f-49e2-81f8-f7237f0eb223 received client-request: Request { kind: ReserveTicket, customer: 279416c2-63b2-425d-a723-b41017924901, server: None, raw: .. }
Reserved ticket 2134 for customer 279416c2-63b2-425d-a723-b41017924901
Server 799bb1b2-bd8f-49e2-81f8-f7237f0eb223 received client-request: Request { kind: ReserveTicket, customer: cc6e7283-8c55-4537-9a2e-803f7b3f3d8d, server: None, raw: .. }
Reserved ticket 2133 for customer cc6e7283-8c55-4537-9a2e-803f7b3f3d8d
Server 799bb1b2-bd8f-49e2-81f8-f7237f0eb223 received client-request: Request { kind: ReserveTicket, customer: 724c02e7-3d25-4b03-b429-decbf3821a6c, server: None, raw: .. }
Reserved ticket 2132 for customer 724c02e7-3d25-4b03-b429-decbf3821a6c
Server 799bb1b2-bd8f-49e2-81f8-f7237f0eb223 received client-request: Request { kind: ReserveTicket, customer: 39b1a387-18d1-4880-9733-182a002bf859, server: None, raw: .. }
Reserved ticket 2131 for customer 39b1a387-18d1-4880-9733-182a002bf859
Server 799bb1b2-bd8f-49e2-81f8-f7237f0eb223 received client-request: Request { kind: ReserveTicket, customer: d7c9f298-01b8-40ba-b490-1bacf9e9163b, server: None, raw: .. }
Reserved ticket 2130 for customer d7c9f298-01b8-40ba-b490-1bacf9e9163b
Server 65a51e17-fff5-4036-8b94-6db5de4d28d8 received client-request: Request { kind: ReserveTicket, customer: 74b99654-7e0c-4c29-b461-ff8b049a1185, server: None, raw: .. }
Reserved ticket 2129 for customer 74b99654-7e0c-4c29-b461-ff8b049a1185
Server 799bb1b2-bd8f-49e2-81f8-f7237f0eb223 received client-request: Request { kind: ReserveTicket, customer: 7a11b907-5725-46b3-8c5d-9529ddc81df5, server: None, raw: .. }
Reserved ticket 2128 for customer 7a11b907-5725-46b3-8c5d-9529ddc81df5
Server 799bb1b2-bd8f-49e2-81f8-f7237f0eb223 received client-request: Request { kind: ReserveTicket, customer: 60916096-a896-4ce8-bad3-66a708ba7080, server: None, raw: .. }
Reserved ticket 2127 for customer 60916096-a896-4ce8-bad3-66a708ba7080
Server 799bb1b2-bd8f-49e2-81f8-f7237f0eb223 received client-request: Request { kind: ReserveTicket, customer: 61cbe64d-836f-4ab1-a3e2-fb4517848dd8, server: None, raw: .. }
Reserved ticket 2126 for customer 61cbe64d-836f-4ab1-a3e2-fb4517848dd8
Server 799bb1b2-bd8f-49e2-81f8-f7237f0eb223 received client-request: Request { kind: ReserveTicket, customer: 72c24f88-8d74-4ebd-8b79-97413b3e4b6f, server: None, raw: .. }
Reserved ticket 2125 for customer 72c24f88-8d74-4ebd-8b79-97413b3e4b6f
Server 799bb1b2-bd8f-49e2-81f8-f7237f0eb223 received client-request: Request { kind: ReserveTicket, customer: 3e1e22a1-7b23-4b3e-ac59-1e9b61e8b6eb, server: None, raw: .. }
Reserved ticket 2124 for customer 3e1e22a1-7b23-4b3e-ac59-1e9b61e8b6eb
Server 799bb1b2-bd8f-49e2-81f8-f7237f0eb223 received client-request: Request { kind: ReserveTicket, customer: 2aaa360b-77b0-4aeb-8eb0-33d34bdaa3bf, server: None, raw: .. }
Reserved ticket 2123 for customer 2aaa360b-77b0-4aeb-8eb0-33d34bdaa3bf
Server 799bb1b2-bd8f-49e2-81f8-f7237f0eb223 received client-request: Request { kind: ReserveTicket, customer: 393002f1-bd5b-4520-ac0e-aa987acebac5, server: None, raw: .. }
Reserved ticket 2122 for customer 393002f1-bd5b-4520-ac0e-aa987acebac5
Server 799bb1b2-bd8f-49e2-81f8-f7237f0eb223 received client-request: Request { kind: ReserveTicket, customer: 0aaade8e-a94b-4d6a-90f2-d86197dabfb0, server: None, raw: .. }
Reserved ticket 2121 for customer 0aaade8e-a94b-4d6a-90f2-d86197dabfb0
Server 799bb1b2-bd8f-49e2-81f8-f7237f0eb223 received client-request: Request { kind: ReserveTicket, customer: d09abd69-b50c-44b1-aab9-fbf3a0a1f92f, server: None, raw: .. }
Reserved ticket 2120 for customer d09abd69-b50c-44b1-aab9-fbf3a0a1f92f
Server 799bb1b2-bd8f-49e2-81f8-f7237f0eb223 received client-request: Request { kind: ReserveTicket, customer: d65f5bd2-9589-4371-b6b8-a9699db4fa67, server: None, raw: .. }
Reserved ticket 2119 for customer d65f5bd2-9589-4371-b6b8-a9699db4fa67
Server 799bb1b2-bd8f-49e2-81f8-f7237f0eb223 received client-request: Request { kind: ReserveTicket, customer: 379559ac-7494-41bd-b054-2d75c70f380a, server: None, raw: .. }
Reserved ticket 2118 for customer 379559ac-7494-41bd-b054-2d75c70f380a
Server 799bb1b2-bd8f-49e2-81f8-f7237f0eb223 received client-request: Request { kind: ReserveTicket, customer: 22c8023f-d2e1-4792-868d-43b7931c1610, server: None, raw: .. }
Reserved ticket 2117 for customer 22c8023f-d2e1-4792-868d-43b7931c1610
Server 799bb1b2-bd8f-49e2-81f8-f7237f0eb223 received client-request: Request { kind: ReserveTicket, customer: 99767d93-9354-47f5-a442-c768b07c3754, server: None, raw: .. }
Reserved ticket 2116 for customer 99767d93-9354-47f5-a442-c768b07c3754
Server 799bb1b2-bd8f-49e2-81f8-f7237f0eb223 received client-request: Request { kind: ReserveTicket, customer: e2cf6754-e6eb-4f3e-8506-fcb367ff9def, server: None, raw: .. }
Reserved ticket 2115 for customer e2cf6754-e6eb-4f3e-8506-fcb367ff9def
Server 799bb1b2-bd8f-49e2-81f8-f7237f0eb223 received client-request: Request { kind: ReserveTicket, customer: cc10f1cb-9537-40ad-b039-5d24f14559b6, server: None, raw: .. }
Reserved ticket 2114 for customer cc10f1cb-9537-40ad-b039-5d24f14559b6
Server 799bb1b2-bd8f-49e2-81f8-f7237f0eb223 received client-request: Request { kind: ReserveTicket, customer: e4e152fd-a7cb-4f9e-a2a0-6dd168c18637, server: None, raw: .. }
Reserved ticket 2113 for customer e4e152fd-a7cb-4f9e-a2a0-6dd168c18637
Server 799bb1b2-bd8f-49e2-81f8-f7237f0eb223 received client-request: Request { kind: ReserveTicket, customer: 49cb8154-3f54-4f31-b52e-e3397ba22d54, server: None, raw: .. }
Reserved ticket 2112 for customer 49cb8154-3f54-4f31-b52e-e3397ba22d54
Server 799bb1b2-bd8f-49e2-81f8-f7237f0eb223 received client-request: Request { kind: ReserveTicket, customer: 7a2c69b2-23e3-48bd-8300-c014ae979bac, server: None, raw: .. }
Reserved ticket 2111 for customer 7a2c69b2-23e3-48bd-8300-c014ae979bac
Server 799bb1b2-bd8f-49e2-81f8-f7237f0eb223 received client-request: Request { kind: ReserveTicket, customer: 8afe7278-5ed4-4041-85a1-6ecbd29357e8, server: None, raw: .. }
Reserved ticket 2110 for customer 8afe7278-5ed4-4041-85a1-6ecbd29357e8
Server 65a51e17-fff5-4036-8b94-6db5de4d28d8 received client-request: Request { kind: ReserveTicket, customer: fb438a82-1ec7-4bf0-8ae1-e6f3d223e908, server: None, raw: .. }
Reserved ticket 2109 for customer fb438a82-1ec7-4bf0-8ae1-e6f3d223e908
Server 799bb1b2-bd8f-49e2-81f8-f7237f0eb223 received client-request: Request { kind: ReserveTicket, customer: d90ac1c1-5414-4146-be64-f8d807ce04fa, server: None, raw: .. }
Reserved ticket 2108 for customer d90ac1c1-5414-4146-be64-f8d807ce04fa
Server 799bb1b2-bd8f-49e2-81f8-f7237f0eb223 received client-request: Request { kind: ReserveTicket, customer: dd550940-1d2a-42a1-ba05-b8635a231909, server: None, raw: .. }
Reserved ticket 2107 for customer dd550940-1d2a-42a1-ba05-b8635a231909
Server 799bb1b2-bd8f-49e2-81f8-f7237f0eb223 received client-request: Request { kind: ReserveTicket, customer: c6885d36-6e76-4b9e-9cab-be48808b6c9d, server: None, raw: .. }
Reserved ticket 2106 for customer c6885d36-6e76-4b9e-9cab-be48808b6c9d
Server 799bb1b2-bd8f-49e2-81f8-f7237f0eb223 received client-request: Request { kind: ReserveTicket, customer: 2886c6ea-3d8c-4d7f-917e-7519858e1861, server: None, raw: .. }
Reserved ticket 2105 for customer 2886c6ea-3d8c-4d7f-917e-7519858e1861
Server 799bb1b2-bd8f-49e2-81f8-f7237f0eb223 received client-request: Request { kind: ReserveTicket, customer: 707e7546-249b-4b9f-b32d-b53664a70859, server: None, raw: .. }
Reserved ticket 2104 for customer 707e7546-249b-4b9f-b32d-b53664a70859
Server 799bb1b2-bd8f-49e2-81f8-f7237f0eb223 received client-request: Request { kind: ReserveTicket, customer: 12896b8a-640b-48d7-8579-503a851a8bde, server: None, raw: .. }
Reserved ticket 2103 for customer 12896b8a-640b-48d7-8579-503a851a8bde
Server 799bb1b2-bd8f-49e2-81f8-f7237f0eb223 received client-request: Request { kind: ReserveTicket, customer: e60974a3-349d-4cb7-a362-7afa87f9a73a, server: None, raw: .. }
Reserved ticket 2102 for customer e60974a3-349d-4cb7-a362-7afa87f9a73a
Server 799bb1b2-bd8f-49e2-81f8-f7237f0eb223 received client-request: Request { kind: ReserveTicket, customer: af9e0f99-a5a0-43aa-bb45-24875e5bdc15, server: None, raw: .. }
Reserved ticket 2101 for customer af9e0f99-a5a0-43aa-bb45-24875e5bdc15
Server 799bb1b2-bd8f-49e2-81f8-f7237f0eb223 received client-request: Request { kind: ReserveTicket, customer: 51e3f40c-00b9-4448-8fe5-26d041c6135a, server: None, raw: .. }
Reserved ticket 2100 for customer 51e3f40c-00b9-4448-8fe5-26d041c6135a
Server 799bb1b2-bd8f-49e2-81f8-f7237f0eb223 received client-request: Request { kind: ReserveTicket, customer: 7962247a-65a3-49c7-88e2-9b5337a05825, server: None, raw: .. }
Reserved ticket 2099 for customer 7962247a-65a3-49c7-88e2-9b5337a05825
Server 799bb1b2-bd8f-49e2-81f8-f7237f0eb223 received client-request: Request { kind: ReserveTicket, customer: 56426b7b-d70d-4365-acd4-ed5430631fbf, server: None, raw: .. }
Reserved ticket 2098 for customer 56426b7b-d70d-4365-acd4-ed5430631fbf
Server 799bb1b2-bd8f-49e2-81f8-f7237f0eb223 received client-request: Request { kind: ReserveTicket, customer: 32e93e6c-c216-4a6a-a207-d4b6962a9a02, server: None, raw: .. }
Reserved ticket 2097 for customer 32e93e6c-c216-4a6a-a207-d4b6962a9a02
Server 799bb1b2-bd8f-49e2-81f8-f7237f0eb223 received client-request: Request { kind: ReserveTicket, customer: e53de52a-9d53-4eb8-8229-2b1e09a56eb9, server: None, raw: .. }
Reserved ticket 2096 for customer e53de52a-9d53-4eb8-8229-2b1e09a56eb9
Server 799bb1b2-bd8f-49e2-81f8-f7237f0eb223 received client-request: Request { kind: ReserveTicket, customer: 7c8ccdef-bf4a-4b21-a644-c7e440289cd0, server: None, raw: .. }
Reserved ticket 2095 for customer 7c8ccdef-bf4a-4b21-a644-c7e440289cd0
Server 799bb1b2-bd8f-49e2-81f8-f7237f0eb223 received client-request: Request { kind: ReserveTicket, customer: 48637ce0-b683-4e2c-8057-d575d763362f, server: None, raw: .. }
Reserved ticket 2094 for customer 48637ce0-b683-4e2c-8057-d575d763362f
Server 799bb1b2-bd8f-49e2-81f8-f7237f0eb223 received client-request: Request { kind: ReserveTicket, customer: 048c8ddb-e3af-4814-ba03-3551ebbcb9d5, server: None, raw: .. }
Reserved ticket 2093 for customer 048c8ddb-e3af-4814-ba03-3551ebbcb9d5
Server 799bb1b2-bd8f-49e2-81f8-f7237f0eb223 received client-request: Request { kind: ReserveTicket, customer: abe062a9-5e24-4273-a4fe-962738f3ce01, server: None, raw: .. }
Reserved ticket 2092 for customer abe062a9-5e24-4273-a4fe-962738f3ce01
Server 799bb1b2-bd8f-49e2-81f8-f7237f0eb223 received client-request: Request { kind: ReserveTicket, customer: df217cdb-1ef2-4f5a-a6d1-b8eec485aa47, server: None, raw: .. }
Reserved ticket 2091 for customer df217cdb-1ef2-4f5a-a6d1-b8eec485aa47
Server 799bb1b2-bd8f-49e2-81f8-f7237f0eb223 received client-request: Request { kind: ReserveTicket, customer: b3753b5c-f238-4e30-9d9c-807d815d2ff5, server: None, raw: .. }
Reserved ticket 2090 for customer b3753b5c-f238-4e30-9d9c-807d815d2ff5
Server 65a51e17-fff5-4036-8b94-6db5de4d28d8 received client-request: Request { kind: ReserveTicket, customer: a5c45fb6-a001-412b-8ce5-3b9acfd1a583, server: None, raw: .. }
Reserved ticket 2089 for customer a5c45fb6-a001-412b-8ce5-3b9acfd1a583
Server 799bb1b2-bd8f-49e2-81f8-f7237f0eb223 received client-request: Request { kind: ReserveTicket, customer: 137972a7-c0ad-4e22-a5f7-e1caaafc9826, server: None, raw: .. }
Reserved ticket 2088 for customer 137972a7-c0ad-4e22-a5f7-e1caaafc9826
Server 799bb1b2-bd8f-49e2-81f8-f7237f0eb223 received client-request: Request { kind: ReserveTicket, customer: 705a8a65-1bfe-4d22-a883-f07db659b6c8, server: None, raw: .. }
Reserved ticket 2087 for customer 705a8a65-1bfe-4d22-a883-f07db659b6c8
Server 799bb1b2-bd8f-49e2-81f8-f7237f0eb223 received client-request: Request { kind: ReserveTicket, customer: 785b7610-4fa3-4a6c-90b2-580ec5af3039, server: None, raw: .. }
Reserved ticket 2086 for customer 785b7610-4fa3-4a6c-90b2-580ec5af3039
Server 799bb1b2-bd8f-49e2-81f8-f7237f0eb223 received client-request: Request { kind: ReserveTicket, customer: 2da00cde-4f78-4e3a-ab93-4133d5dea8f2, server: None, raw: .. }
Reserved ticket 2085 for customer 2da00cde-4f78-4e3a-ab93-4133d5dea8f2
Server 799bb1b2-bd8f-49e2-81f8-f7237f0eb223 received client-request: Request { kind: ReserveTicket, customer: d564ff10-00a6-4441-85f3-0cb5571c67ff, server: None, raw: .. }
Reserved ticket 2084 for customer d564ff10-00a6-4441-85f3-0cb5571c67ff
Server 799bb1b2-bd8f-49e2-81f8-f7237f0eb223 received client-request: Request { kind: ReserveTicket, customer: d8c603b6-a380-4ca2-950e-c9100f88d285, server: None, raw: .. }
Reserved ticket 2083 for customer d8c603b6-a380-4ca2-950e-c9100f88d285
Server 799bb1b2-bd8f-49e2-81f8-f7237f0eb223 received client-request: Request { kind: ReserveTicket, customer: 4c03834a-b433-4273-ba78-267478cee1de, server: None, raw: .. }
Reserved ticket 2082 for customer 4c03834a-b433-4273-ba78-267478cee1de
Server 799bb1b2-bd8f-49e2-81f8-f7237f0eb223 received client-request: Request { kind: ReserveTicket, customer: 051996a3-4e0e-4f09-8026-f463b247c15f, server: None, raw: .. }
Reserved ticket 2081 for customer 051996a3-4e0e-4f09-8026-f463b247c15f
Server 799bb1b2-bd8f-49e2-81f8-f7237f0eb223 received client-request: Request { kind: ReserveTicket, customer: da70b143-457f-4cd1-9f24-a483720fa7b0, server: None, raw: .. }
Reserved ticket 2080 for customer da70b143-457f-4cd1-9f24-a483720fa7b0
Server 799bb1b2-bd8f-49e2-81f8-f7237f0eb223 received client-request: Request { kind: ReserveTicket, customer: fa15281e-4c29-4ac2-b00a-a7bec5e98aee, server: None, raw: .. }
Reserved ticket 2079 for customer fa15281e-4c29-4ac2-b00a-a7bec5e98aee
Server 799bb1b2-bd8f-49e2-81f8-f7237f0eb223 received client-request: Request { kind: ReserveTicket, customer: 4d05fe95-29b4-4bd7-b8c6-97349b64c33b, server: None, raw: .. }
Reserved ticket 2078 for customer 4d05fe95-29b4-4bd7-b8c6-97349b64c33b
Server 799bb1b2-bd8f-49e2-81f8-f7237f0eb223 received client-request: Request { kind: ReserveTicket, customer: 49a86281-7cf4-47cf-8cbc-5c250bc5b2b2, server: None, raw: .. }
Reserved ticket 2077 for customer 49a86281-7cf4-47cf-8cbc-5c250bc5b2b2
Server 799bb1b2-bd8f-49e2-81f8-f7237f0eb223 received client-request: Request { kind: ReserveTicket, customer: 3a597dc5-229f-443a-8540-20ab1d7bcdb0, server: None, raw: .. }
Reserved ticket 2076 for customer 3a597dc5-229f-443a-8540-20ab1d7bcdb0
Server 799bb1b2-bd8f-49e2-81f8-f7237f0eb223 received client-request: Request { kind: ReserveTicket, customer: 3f5e9a80-002d-425f-8d17-4ee0e8ebc73d, server: None, raw: .. }
Reserved ticket 2075 for customer 3f5e9a80-002d-425f-8d17-4ee0e8ebc73d
Server 799bb1b2-bd8f-49e2-81f8-f7237f0eb223 received client-request: Request { kind: ReserveTicket, customer: 0d9d2d7c-a530-4449-be27-773426ffc1f8, server: None, raw: .. }
Reserved ticket 2074 for customer 0d9d2d7c-a530-4449-be27-773426ffc1f8
Server 799bb1b2-bd8f-49e2-81f8-f7237f0eb223 received client-request: Request { kind: ReserveTicket, customer: d29b8556-5e42-4120-afef-50a19d97ac73, server: None, raw: .. }
Reserved ticket 2073 for customer d29b8556-5e42-4120-afef-50a19d97ac73
Server 799bb1b2-bd8f-49e2-81f8-f7237f0eb223 received client-request: Request { kind: ReserveTicket, customer: 9c6f7f27-aeeb-4b5e-8600-2355139b0353, server: None, raw: .. }
Reserved ticket 2072 for customer 9c6f7f27-aeeb-4b5e-8600-2355139b0353
Server 799bb1b2-bd8f-49e2-81f8-f7237f0eb223 received client-request: Request { kind: ReserveTicket, customer: a93a42e7-2b4e-44bf-a503-8d1010749723, server: None, raw: .. }
Reserved ticket 2071 for customer a93a42e7-2b4e-44bf-a503-8d1010749723
Server 799bb1b2-bd8f-49e2-81f8-f7237f0eb223 received client-request: Request { kind: ReserveTicket, customer: 50249700-3dd5-41ad-89b3-b56800656e71, server: None, raw: .. }
Reserved ticket 2070 for customer 50249700-3dd5-41ad-89b3-b56800656e71
Server 65a51e17-fff5-4036-8b94-6db5de4d28d8 received client-request: Request { kind: ReserveTicket, customer: 5e31c719-70cd-4f99-a921-94d60bbc0292, server: None, raw: .. }
Reserved ticket 2069 for customer 5e31c719-70cd-4f99-a921-94d60bbc0292
Server 799bb1b2-bd8f-49e2-81f8-f7237f0eb223 received client-request: Request { kind: ReserveTicket, customer: bf74adf6-82a1-4460-987b-145ef7ae7dce, server: None, raw: .. }
Reserved ticket 2068 for customer bf74adf6-82a1-4460-987b-145ef7ae7dce
Server 799bb1b2-bd8f-49e2-81f8-f7237f0eb223 received client-request: Request { kind: ReserveTicket, customer: c362991d-dc43-47ed-a56a-75aefdf90c3e, server: None, raw: .. }
Reserved ticket 2067 for customer c362991d-dc43-47ed-a56a-75aefdf90c3e
Server 799bb1b2-bd8f-49e2-81f8-f7237f0eb223 received client-request: Request { kind: ReserveTicket, customer: fe6b20c2-12aa-45c6-85da-d59a44ef63b5, server: None, raw: .. }
Reserved ticket 2066 for customer fe6b20c2-12aa-45c6-85da-d59a44ef63b5
Server 799bb1b2-bd8f-49e2-81f8-f7237f0eb223 received client-request: Request { kind: ReserveTicket, customer: b407f9f4-796e-4e42-895f-5e833e880d12, server: None, raw: .. }
Reserved ticket 2065 for customer b407f9f4-796e-4e42-895f-5e833e880d12
Server 799bb1b2-bd8f-49e2-81f8-f7237f0eb223 received client-request: Request { kind: ReserveTicket, customer: 0fcb8303-8f92-445e-8f73-c06227d773f7, server: None, raw: .. }
Reserved ticket 2064 for customer 0fcb8303-8f92-445e-8f73-c06227d773f7
Server 799bb1b2-bd8f-49e2-81f8-f7237f0eb223 received client-request: Request { kind: ReserveTicket, customer: 379a65d4-b412-40f2-8063-e07baf5191ac, server: None, raw: .. }
Reserved ticket 2063 for customer 379a65d4-b412-40f2-8063-e07baf5191ac
Server 799bb1b2-bd8f-49e2-81f8-f7237f0eb223 received client-request: Request { kind: ReserveTicket, customer: 27b632be-632c-4a64-ace3-9c228b6496e9, server: None, raw: .. }
Reserved ticket 2062 for customer 27b632be-632c-4a64-ace3-9c228b6496e9
Server 799bb1b2-bd8f-49e2-81f8-f7237f0eb223 received client-request: Request { kind: ReserveTicket, customer: 3d3bd5ef-20e5-483a-a0a9-b830fa88ba0f, server: None, raw: .. }
Reserved ticket 2061 for customer 3d3bd5ef-20e5-483a-a0a9-b830fa88ba0f
Server 799bb1b2-bd8f-49e2-81f8-f7237f0eb223 received client-request: Request { kind: ReserveTicket, customer: fb966c97-7320-47bc-8bc5-31e70a2236ce, server: None, raw: .. }
Reserved ticket 2060 for customer fb966c97-7320-47bc-8bc5-31e70a2236ce
Server 799bb1b2-bd8f-49e2-81f8-f7237f0eb223 received client-request: Request { kind: ReserveTicket, customer: 58d1eaa6-9f9b-40f7-93b9-995bf8c21986, server: None, raw: .. }
Reserved ticket 2059 for customer 58d1eaa6-9f9b-40f7-93b9-995bf8c21986
Server 799bb1b2-bd8f-49e2-81f8-f7237f0eb223 received client-request: Request { kind: ReserveTicket, customer: 9898d66a-4f81-426c-a1a7-2c8abde2a8e1, server: None, raw: .. }
Reserved ticket 2058 for customer 9898d66a-4f81-426c-a1a7-2c8abde2a8e1
Server 799bb1b2-bd8f-49e2-81f8-f7237f0eb223 received client-request: Request { kind: ReserveTicket, customer: 244cf58a-8ede-476b-a912-072a05739fce, server: None, raw: .. }
Reserved ticket 2057 for customer 244cf58a-8ede-476b-a912-072a05739fce
Server 799bb1b2-bd8f-49e2-81f8-f7237f0eb223 received client-request: Request { kind: ReserveTicket, customer: 2e86a5dc-1029-4883-8630-3f549d7b3c57, server: None, raw: .. }
Reserved ticket 2056 for customer 2e86a5dc-1029-4883-8630-3f549d7b3c57
Server 799bb1b2-bd8f-49e2-81f8-f7237f0eb223 received client-request: Request { kind: ReserveTicket, customer: 1f311858-10a4-4247-bc41-450c8d51edc1, server: None, raw: .. }
Reserved ticket 2055 for customer 1f311858-10a4-4247-bc41-450c8d51edc1
Server 799bb1b2-bd8f-49e2-81f8-f7237f0eb223 received client-request: Request { kind: ReserveTicket, customer: 10535cbf-5957-445e-be45-b624c4a43f9b, server: None, raw: .. }
Reserved ticket 2054 for customer 10535cbf-5957-445e-be45-b624c4a43f9b
Server 799bb1b2-bd8f-49e2-81f8-f7237f0eb223 received client-request: Request { kind: ReserveTicket, customer: cf33af4c-2d6b-4b60-9946-7b3b590e2a3e, server: None, raw: .. }
Reserved ticket 2053 for customer cf33af4c-2d6b-4b60-9946-7b3b590e2a3e
Server 799bb1b2-bd8f-49e2-81f8-f7237f0eb223 received client-request: Request { kind: ReserveTicket, customer: b67e47b6-5b89-43c4-b0a9-0b153929d806, server: None, raw: .. }
Reserved ticket 2052 for customer b67e47b6-5b89-43c4-b0a9-0b153929d806
Server 799bb1b2-bd8f-49e2-81f8-f7237f0eb223 received client-request: Request { kind: ReserveTicket, customer: 7ca0013b-2b74-44e8-a3b4-d09aefe30fd9, server: None, raw: .. }
Reserved ticket 2051 for customer 7ca0013b-2b74-44e8-a3b4-d09aefe30fd9
Server 799bb1b2-bd8f-49e2-81f8-f7237f0eb223 received client-request: Request { kind: ReserveTicket, customer: 9f3916e8-733d-4db4-b2f5-878d36535f42, server: None, raw: .. }
Reserved ticket 2050 for customer 9f3916e8-733d-4db4-b2f5-878d36535f42
Server 65a51e17-fff5-4036-8b94-6db5de4d28d8 received client-request: Request { kind: ReserveTicket, customer: 65fddb4e-2e5e-4707-8c97-9ebc7e528bb1, server: None, raw: .. }
Reserved ticket 2049 for customer 65fddb4e-2e5e-4707-8c97-9ebc7e528bb1
Server 799bb1b2-bd8f-49e2-81f8-f7237f0eb223 received client-request: Request { kind: ReserveTicket, customer: 5b93254c-a10d-4c9f-a287-a0fb290a8106, server: None, raw: .. }
Reserved ticket 2048 for customer 5b93254c-a10d-4c9f-a287-a0fb290a8106
Server 799bb1b2-bd8f-49e2-81f8-f7237f0eb223 received client-request: Request { kind: ReserveTicket, customer: b0fa97ad-5ca5-47d9-bdb8-aa9b5887d665, server: None, raw: .. }
Reserved ticket 2047 for customer b0fa97ad-5ca5-47d9-bdb8-aa9b5887d665
Server 799bb1b2-bd8f-49e2-81f8-f7237f0eb223 received client-request: Request { kind: ReserveTicket, customer: c180a08a-344c-4c94-8c69-3fa51fed8dbe, server: None, raw: .. }
Reserved ticket 2046 for customer c180a08a-344c-4c94-8c69-3fa51fed8dbe
Server 799bb1b2-bd8f-49e2-81f8-f7237f0eb223 received client-request: Request { kind: ReserveTicket, customer: e88e22a8-e728-4417-8ae7-2f68eb5b0f52, server: None, raw: .. }
Reserved ticket 2045 for customer e88e22a8-e728-4417-8ae7-2f68eb5b0f52
Server 799bb1b2-bd8f-49e2-81f8-f7237f0eb223 received client-request: Request { kind: ReserveTicket, customer: c824a6b8-f14a-4321-aade-bc4f1213d819, server: None, raw: .. }
Reserved ticket 2044 for customer c824a6b8-f14a-4321-aade-bc4f1213d819
Server 799bb1b2-bd8f-49e2-81f8-f7237f0eb223 received client-request: Request { kind: ReserveTicket, customer: f1b00db8-7868-430a-b45a-8a103cbc8e0e, server: None, raw: .. }
Reserved ticket 2043 for customer f1b00db8-7868-430a-b45a-8a103cbc8e0e
Server 799bb1b2-bd8f-49e2-81f8-f7237f0eb223 received client-request: Request { kind: ReserveTicket, customer: 845accb8-0715-4267-8ce8-ace9f3268cde, server: None, raw: .. }
Reserved ticket 2042 for customer 845accb8-0715-4267-8ce8-ace9f3268cde
Server 799bb1b2-bd8f-49e2-81f8-f7237f0eb223 received client-request: Request { kind: ReserveTicket, customer: e4011878-3efa-4c06-a0e3-54581657d91b, server: None, raw: .. }
Reserved ticket 2041 for customer e4011878-3efa-4c06-a0e3-54581657d91b
Server 799bb1b2-bd8f-49e2-81f8-f7237f0eb223 received client-request: Request { kind: ReserveTicket, customer: 5e93b32f-fe28-4c7d-a58d-b27fb57d9711, server: None, raw: .. }
Reserved ticket 2040 for customer 5e93b32f-fe28-4c7d-a58d-b27fb57d9711
Server 799bb1b2-bd8f-49e2-81f8-f7237f0eb223 received client-request: Request { kind: ReserveTicket, customer: c2b21bf0-1dc8-4e35-97d1-2d56dfb7886b, server: None, raw: .. }
Reserved ticket 2039 for customer c2b21bf0-1dc8-4e35-97d1-2d56dfb7886b
Server 799bb1b2-bd8f-49e2-81f8-f7237f0eb223 received client-request: Request { kind: ReserveTicket, customer: 8aebdb41-d1a5-4121-a446-84a9cfdd0f9d, server: None, raw: .. }
Reserved ticket 2038 for customer 8aebdb41-d1a5-4121-a446-84a9cfdd0f9d
Server 799bb1b2-bd8f-49e2-81f8-f7237f0eb223 received client-request: Request { kind: ReserveTicket, customer: 2e791bfb-bec6-417c-97d8-635c88d57949, server: None, raw: .. }
Reserved ticket 2037 for customer 2e791bfb-bec6-417c-97d8-635c88d57949
Server 799bb1b2-bd8f-49e2-81f8-f7237f0eb223 received client-request: Request { kind: ReserveTicket, customer: dd3a422e-232c-41d1-ad58-ce900312e3af, server: None, raw: .. }
Reserved ticket 2036 for customer dd3a422e-232c-41d1-ad58-ce900312e3af
Server 799bb1b2-bd8f-49e2-81f8-f7237f0eb223 received client-request: Request { kind: ReserveTicket, customer: af725f0b-e490-49fb-a110-61a96c5ca7a1, server: None, raw: .. }
Reserved ticket 2035 for customer af725f0b-e490-49fb-a110-61a96c5ca7a1
Server 799bb1b2-bd8f-49e2-81f8-f7237f0eb223 received client-request: Request { kind: ReserveTicket, customer: 1e781c27-4c42-436a-b30f-f6acd48af0b1, server: None, raw: .. }
Reserved ticket 2034 for customer 1e781c27-4c42-436a-b30f-f6acd48af0b1
Server 799bb1b2-bd8f-49e2-81f8-f7237f0eb223 received client-request: Request { kind: ReserveTicket, customer: d8c5485f-383a-4f29-9991-3fbfd90d0a8e, server: None, raw: .. }
Reserved ticket 2033 for customer d8c5485f-383a-4f29-9991-3fbfd90d0a8e
Server 799bb1b2-bd8f-49e2-81f8-f7237f0eb223 received client-request: Request { kind: ReserveTicket, customer: 8fb94503-184e-4613-9c85-01a97fe968f4, server: None, raw: .. }
Reserved ticket 2032 for customer 8fb94503-184e-4613-9c85-01a97fe968f4
Server 799bb1b2-bd8f-49e2-81f8-f7237f0eb223 received client-request: Request { kind: ReserveTicket, customer: 640115d8-84da-4d19-9e26-235cec5ba60c, server: None, raw: .. }
Reserved ticket 2031 for customer 640115d8-84da-4d19-9e26-235cec5ba60c
Server 799bb1b2-bd8f-49e2-81f8-f7237f0eb223 received client-request: Request { kind: ReserveTicket, customer: a0315e9b-84f1-49db-905f-cbf3f19d1d32, server: None, raw: .. }
Reserved ticket 2030 for customer a0315e9b-84f1-49db-905f-cbf3f19d1d32
Server 65a51e17-fff5-4036-8b94-6db5de4d28d8 received client-request: Request { kind: ReserveTicket, customer: 92d058b5-de21-4d97-9ec3-951d26614954, server: None, raw: .. }
Reserved ticket 2029 for customer 92d058b5-de21-4d97-9ec3-951d26614954
Server 799bb1b2-bd8f-49e2-81f8-f7237f0eb223 received client-request: Request { kind: ReserveTicket, customer: 80154ffc-08d3-4890-b109-f727cdae6c93, server: None, raw: .. }
Reserved ticket 2028 for customer 80154ffc-08d3-4890-b109-f727cdae6c93
Server 799bb1b2-bd8f-49e2-81f8-f7237f0eb223 received client-request: Request { kind: ReserveTicket, customer: 32de8ae5-67f0-4dac-be11-692ce00689fa, server: None, raw: .. }
Reserved ticket 2027 for customer 32de8ae5-67f0-4dac-be11-692ce00689fa
Server 799bb1b2-bd8f-49e2-81f8-f7237f0eb223 received client-request: Request { kind: ReserveTicket, customer: 89a42722-7976-4e81-ae2e-42e4b56ada4e, server: None, raw: .. }
Reserved ticket 2026 for customer 89a42722-7976-4e81-ae2e-42e4b56ada4e
Server 799bb1b2-bd8f-49e2-81f8-f7237f0eb223 received client-request: Request { kind: ReserveTicket, customer: eec962c0-0399-44c7-b1ca-8a11c5b1eb91, server: None, raw: .. }
Reserved ticket 2025 for customer eec962c0-0399-44c7-b1ca-8a11c5b1eb91
Server 799bb1b2-bd8f-49e2-81f8-f7237f0eb223 received client-request: Request { kind: ReserveTicket, customer: 88c8fc7a-09b1-4b1f-806c-b2efdc87ab08, server: None, raw: .. }
Reserved ticket 2024 for customer 88c8fc7a-09b1-4b1f-806c-b2efdc87ab08
Server 799bb1b2-bd8f-49e2-81f8-f7237f0eb223 received client-request: Request { kind: ReserveTicket, customer: 18c9fe35-7b9c-42c0-9149-e859ef70e892, server: None, raw: .. }
Reserved ticket 2023 for customer 18c9fe35-7b9c-42c0-9149-e859ef70e892
Server 799bb1b2-bd8f-49e2-81f8-f7237f0eb223 received client-request: Request { kind: ReserveTicket, customer: 87637c8a-76ae-4b07-b755-d7f1a80d4372, server: None, raw: .. }
Reserved ticket 2022 for customer 87637c8a-76ae-4b07-b755-d7f1a80d4372
Server 799bb1b2-bd8f-49e2-81f8-f7237f0eb223 received client-request: Request { kind: ReserveTicket, customer: 0abbda4c-6654-4caa-9705-10f8a8ee6756, server: None, raw: .. }
Reserved ticket 2021 for customer 0abbda4c-6654-4caa-9705-10f8a8ee6756
Server 799bb1b2-bd8f-49e2-81f8-f7237f0eb223 received client-request: Request { kind: ReserveTicket, customer: f0c0d038-443f-4caa-b7b2-2093aaf6a8d7, server: None, raw: .. }
Reserved ticket 2020 for customer f0c0d038-443f-4caa-b7b2-2093aaf6a8d7
Server 799bb1b2-bd8f-49e2-81f8-f7237f0eb223 received client-request: Request { kind: ReserveTicket, customer: 56c9ebe3-7c09-494c-ba56-e22dadced8b5, server: None, raw: .. }
Reserved ticket 2019 for customer 56c9ebe3-7c09-494c-ba56-e22dadced8b5
Server 799bb1b2-bd8f-49e2-81f8-f7237f0eb223 received client-request: Request { kind: ReserveTicket, customer: c079cbc7-aa78-40c2-823a-5c4dfdb630b1, server: None, raw: .. }
Reserved ticket 2018 for customer c079cbc7-aa78-40c2-823a-5c4dfdb630b1
Server 799bb1b2-bd8f-49e2-81f8-f7237f0eb223 received client-request: Request { kind: ReserveTicket, customer: ad49b979-d9ab-4d1f-9313-eaa702799701, server: None, raw: .. }
Reserved ticket 2017 for customer ad49b979-d9ab-4d1f-9313-eaa702799701
Server 799bb1b2-bd8f-49e2-81f8-f7237f0eb223 received client-request: Request { kind: ReserveTicket, customer: fa725626-ffb0-43e6-ae12-aada9d62b09d, server: None, raw: .. }
Reserved ticket 2016 for customer fa725626-ffb0-43e6-ae12-aada9d62b09d
Server 799bb1b2-bd8f-49e2-81f8-f7237f0eb223 received client-request: Request { kind: ReserveTicket, customer: 4a3cc264-ac59-4276-a9fd-cc0aed4d4e00, server: None, raw: .. }
Reserved ticket 2015 for customer 4a3cc264-ac59-4276-a9fd-cc0aed4d4e00
Server 799bb1b2-bd8f-49e2-81f8-f7237f0eb223 received client-request: Request { kind: ReserveTicket, customer: 7dbf3fdd-e38e-449f-b77e-80db9d6e5326, server: None, raw: .. }
Reserved ticket 2014 for customer 7dbf3fdd-e38e-449f-b77e-80db9d6e5326
Server 799bb1b2-bd8f-49e2-81f8-f7237f0eb223 received client-request: Request { kind: ReserveTicket, customer: cff397dd-9455-4093-aecc-682b3418d9f9, server: None, raw: .. }
Reserved ticket 2013 for customer cff397dd-9455-4093-aecc-682b3418d9f9
Server 799bb1b2-bd8f-49e2-81f8-f7237f0eb223 received client-request: Request { kind: ReserveTicket, customer: ebc46893-ff39-487b-a20d-30fb6631525c, server: None, raw: .. }
Reserved ticket 2012 for customer ebc46893-ff39-487b-a20d-30fb6631525c
Server 799bb1b2-bd8f-49e2-81f8-f7237f0eb223 received client-request: Request { kind: ReserveTicket, customer: 51289278-66dc-4e53-956b-8478988f0564, server: None, raw: .. }
Reserved ticket 2011 for customer 51289278-66dc-4e53-956b-8478988f0564
Server 799bb1b2-bd8f-49e2-81f8-f7237f0eb223 received client-request: Request { kind: ReserveTicket, customer: f8c26cf8-4dc0-43e4-ae03-473779a76b2b, server: None, raw: .. }
Reserved ticket 2010 for customer f8c26cf8-4dc0-43e4-ae03-473779a76b2b
Server 65a51e17-fff5-4036-8b94-6db5de4d28d8 received client-request: Request { kind: ReserveTicket, customer: 30c6630f-a768-4505-aefb-5ac7fb4e4c8d, server: None, raw: .. }
Reserved ticket 2009 for customer 30c6630f-a768-4505-aefb-5ac7fb4e4c8d
Server 799bb1b2-bd8f-49e2-81f8-f7237f0eb223 received client-request: Request { kind: ReserveTicket, customer: 5ac3a56d-117f-483e-9d8f-b67a77dcc881, server: None, raw: .. }
Reserved ticket 2008 for customer 5ac3a56d-117f-483e-9d8f-b67a77dcc881
Server 799bb1b2-bd8f-49e2-81f8-f7237f0eb223 received client-request: Request { kind: ReserveTicket, customer: d43ad02f-4406-4510-a55f-0b8283ce9b78, server: None, raw: .. }
Reserved ticket 2007 for customer d43ad02f-4406-4510-a55f-0b8283ce9b78
Server 799bb1b2-bd8f-49e2-81f8-f7237f0eb223 received client-request: Request { kind: ReserveTicket, customer: 458558fe-5e08-41f8-9714-993a405cfb51, server: None, raw: .. }
Reserved ticket 2006 for customer 458558fe-5e08-41f8-9714-993a405cfb51
Server 799bb1b2-bd8f-49e2-81f8-f7237f0eb223 received client-request: Request { kind: ReserveTicket, customer: a2a462ad-c2b0-4d46-92e1-f16ad185537f, server: None, raw: .. }
Reserved ticket 2005 for customer a2a462ad-c2b0-4d46-92e1-f16ad185537f
Server 799bb1b2-bd8f-49e2-81f8-f7237f0eb223 received client-request: Request { kind: ReserveTicket, customer: f697ce9e-7be2-47f4-81a6-3d771de82546, server: None, raw: .. }
Reserved ticket 2004 for customer f697ce9e-7be2-47f4-81a6-3d771de82546
Server 799bb1b2-bd8f-49e2-81f8-f7237f0eb223 received client-request: Request { kind: ReserveTicket, customer: e4f1f3ca-ff90-4a86-8185-8f416f20a9ec, server: None, raw: .. }
Reserved ticket 2003 for customer e4f1f3ca-ff90-4a86-8185-8f416f20a9ec
Server 799bb1b2-bd8f-49e2-81f8-f7237f0eb223 received client-request: Request { kind: ReserveTicket, customer: d27d6f40-2ece-4e9f-9a19-7d2eaf8f1a73, server: None, raw: .. }
Reserved ticket 2002 for customer d27d6f40-2ece-4e9f-9a19-7d2eaf8f1a73
Server 799bb1b2-bd8f-49e2-81f8-f7237f0eb223 received client-request: Request { kind: ReserveTicket, customer: 4bb3f40d-fdc4-494e-a9f3-e43c1c6974a8, server: None, raw: .. }
Reserved ticket 2001 for customer 4bb3f40d-fdc4-494e-a9f3-e43c1c6974a8
Server 799bb1b2-bd8f-49e2-81f8-f7237f0eb223 received client-request: Request { kind: ReserveTicket, customer: 80afa42b-c87b-493f-aa71-684ee12f82bf, server: None, raw: .. }
Reserved ticket 2000 for customer 80afa42b-c87b-493f-aa71-684ee12f82bf
Server 799bb1b2-bd8f-49e2-81f8-f7237f0eb223 received client-request: Request { kind: ReserveTicket, customer: f7c1ac2a-084c-4ed3-8a0c-5221536bdedf, server: None, raw: .. }
Reserved ticket 1999 for customer f7c1ac2a-084c-4ed3-8a0c-5221536bdedf
Server 799bb1b2-bd8f-49e2-81f8-f7237f0eb223 received client-request: Request { kind: ReserveTicket, customer: 15da39c0-2ac0-44cf-b4d3-016bd64020d4, server: None, raw: .. }
Reserved ticket 1998 for customer 15da39c0-2ac0-44cf-b4d3-016bd64020d4
Server 799bb1b2-bd8f-49e2-81f8-f7237f0eb223 received client-request: Request { kind: ReserveTicket, customer: 5da75547-cfa1-4060-bf8b-a41315786b6f, server: None, raw: .. }
Reserved ticket 1997 for customer 5da75547-cfa1-4060-bf8b-a41315786b6f
Server 799bb1b2-bd8f-49e2-81f8-f7237f0eb223 received client-request: Request { kind: ReserveTicket, customer: 257d03de-5492-4c36-9c9d-120e41c9eee4, server: None, raw: .. }
Reserved ticket 1996 for customer 257d03de-5492-4c36-9c9d-120e41c9eee4
Server 799bb1b2-bd8f-49e2-81f8-f7237f0eb223 received client-request: Request { kind: ReserveTicket, customer: df1b6df0-5fd4-4cf8-947e-7f37efe2a71f, server: None, raw: .. }
Reserved ticket 1995 for customer df1b6df0-5fd4-4cf8-947e-7f37efe2a71f
Server 799bb1b2-bd8f-49e2-81f8-f7237f0eb223 received client-request: Request { kind: ReserveTicket, customer: 7d1f518f-dacf-42db-a06c-38e15da6a50b, server: None, raw: .. }
Reserved ticket 1994 for customer 7d1f518f-dacf-42db-a06c-38e15da6a50b
Server 799bb1b2-bd8f-49e2-81f8-f7237f0eb223 received client-request: Request { kind: ReserveTicket, customer: c7ce3b14-240a-4723-9148-984980bad916, server: None, raw: .. }
Reserved ticket 1993 for customer c7ce3b14-240a-4723-9148-984980bad916
Server 799bb1b2-bd8f-49e2-81f8-f7237f0eb223 received client-request: Request { kind: ReserveTicket, customer: 553f1142-a526-4711-a315-0d217a39443b, server: None, raw: .. }
Reserved ticket 1992 for customer 553f1142-a526-4711-a315-0d217a39443b
Server 799bb1b2-bd8f-49e2-81f8-f7237f0eb223 received client-request: Request { kind: ReserveTicket, customer: 94104269-83ed-41f8-abea-4f77f7b5e656, server: None, raw: .. }
Reserved ticket 1991 for customer 94104269-83ed-41f8-abea-4f77f7b5e656
Server 799bb1b2-bd8f-49e2-81f8-f7237f0eb223 received client-request: Request { kind: ReserveTicket, customer: 1cb22f05-6df6-44bd-aa5d-102fef16542c, server: None, raw: .. }
Reserved ticket 1990 for customer 1cb22f05-6df6-44bd-aa5d-102fef16542c
Server 65a51e17-fff5-4036-8b94-6db5de4d28d8 received client-request: Request { kind: ReserveTicket, customer: f6456223-4844-4502-b768-828a8cd00d96, server: None, raw: .. }
Reserved ticket 1989 for customer f6456223-4844-4502-b768-828a8cd00d96
Server 799bb1b2-bd8f-49e2-81f8-f7237f0eb223 received client-request: Request { kind: ReserveTicket, customer: e86920d3-e9b5-4175-b20d-ceaea198e2f8, server: None, raw: .. }
Reserved ticket 1988 for customer e86920d3-e9b5-4175-b20d-ceaea198e2f8
Server 799bb1b2-bd8f-49e2-81f8-f7237f0eb223 received client-request: Request { kind: ReserveTicket, customer: 7f81db7b-45dc-4068-9509-c47172623dcc, server: None, raw: .. }
Reserved ticket 1987 for customer 7f81db7b-45dc-4068-9509-c47172623dcc
Server 799bb1b2-bd8f-49e2-81f8-f7237f0eb223 received client-request: Request { kind: ReserveTicket, customer: d37f0bc5-4612-4afc-a526-a6123485cc3d, server: None, raw: .. }
Reserved ticket 1986 for customer d37f0bc5-4612-4afc-a526-a6123485cc3d
Server 799bb1b2-bd8f-49e2-81f8-f7237f0eb223 received client-request: Request { kind: ReserveTicket, customer: 7f517dc7-8acf-44f3-9818-73e5b5cc973b, server: None, raw: .. }
Reserved ticket 1985 for customer 7f517dc7-8acf-44f3-9818-73e5b5cc973b
Server 799bb1b2-bd8f-49e2-81f8-f7237f0eb223 received client-request: Request { kind: ReserveTicket, customer: 99223299-f383-40ab-971a-e4789b179a46, server: None, raw: .. }
Reserved ticket 1984 for customer 99223299-f383-40ab-971a-e4789b179a46
Server 799bb1b2-bd8f-49e2-81f8-f7237f0eb223 received client-request: Request { kind: ReserveTicket, customer: 80049ac4-7f88-4530-a2bd-ee14af0da701, server: None, raw: .. }
Reserved ticket 1983 for customer 80049ac4-7f88-4530-a2bd-ee14af0da701
Server 799bb1b2-bd8f-49e2-81f8-f7237f0eb223 received client-request: Request { kind: ReserveTicket, customer: 301d6ca4-5422-4651-b7c2-d4ead68ed921, server: None, raw: .. }
Reserved ticket 1982 for customer 301d6ca4-5422-4651-b7c2-d4ead68ed921
Server 799bb1b2-bd8f-49e2-81f8-f7237f0eb223 received client-request: Request { kind: ReserveTicket, customer: d53dc35f-0b9b-44f0-96fc-6c04956a4be3, server: None, raw: .. }
Reserved ticket 1981 for customer d53dc35f-0b9b-44f0-96fc-6c04956a4be3
Server 799bb1b2-bd8f-49e2-81f8-f7237f0eb223 received client-request: Request { kind: ReserveTicket, customer: 8fd8b4b2-1c5b-461c-8297-8a8f2e75b81f, server: None, raw: .. }
Reserved ticket 1980 for customer 8fd8b4b2-1c5b-461c-8297-8a8f2e75b81f
Server 799bb1b2-bd8f-49e2-81f8-f7237f0eb223 received client-request: Request { kind: ReserveTicket, customer: c2018dfe-fab8-48b9-bacd-8b751d2e241f, server: None, raw: .. }
Reserved ticket 1979 for customer c2018dfe-fab8-48b9-bacd-8b751d2e241f
Server 799bb1b2-bd8f-49e2-81f8-f7237f0eb223 received client-request: Request { kind: ReserveTicket, customer: c4aa7e36-e412-4022-87ef-cbf206977c08, server: None, raw: .. }
Reserved ticket 1978 for customer c4aa7e36-e412-4022-87ef-cbf206977c08
Server 799bb1b2-bd8f-49e2-81f8-f7237f0eb223 received client-request: Request { kind: ReserveTicket, customer: 4dd3abe4-52ef-4d35-a012-7f1b2fac758d, server: None, raw: .. }
Reserved ticket 1977 for customer 4dd3abe4-52ef-4d35-a012-7f1b2fac758d
Server 799bb1b2-bd8f-49e2-81f8-f7237f0eb223 received client-request: Request { kind: ReserveTicket, customer: 1b39905e-d2e7-4aee-8feb-8971e957368a, server: None, raw: .. }
Reserved ticket 1976 for customer 1b39905e-d2e7-4aee-8feb-8971e957368a
Server 799bb1b2-bd8f-49e2-81f8-f7237f0eb223 received client-request: Request { kind: ReserveTicket, customer: 91cd44c7-2dc5-4928-bbf9-91b4a2e6744d, server: None, raw: .. }
Reserved ticket 1975 for customer 91cd44c7-2dc5-4928-bbf9-91b4a2e6744d
Server 799bb1b2-bd8f-49e2-81f8-f7237f0eb223 received client-request: Request { kind: ReserveTicket, customer: 8c402c25-316c-4a5c-abeb-a9a77878f184, server: None, raw: .. }
Reserved ticket 1974 for customer 8c402c25-316c-4a5c-abeb-a9a77878f184
Server 799bb1b2-bd8f-49e2-81f8-f7237f0eb223 received client-request: Request { kind: ReserveTicket, customer: f696b379-f0d9-4fd9-9354-025c1be989e4, server: None, raw: .. }
Reserved ticket 1973 for customer f696b379-f0d9-4fd9-9354-025c1be989e4
Server 799bb1b2-bd8f-49e2-81f8-f7237f0eb223 received client-request: Request { kind: ReserveTicket, customer: 0503dd21-55b6-427a-90ab-6ce67c1d714f, server: None, raw: .. }
Reserved ticket 1972 for customer 0503dd21-55b6-427a-90ab-6ce67c1d714f
Server 799bb1b2-bd8f-49e2-81f8-f7237f0eb223 received client-request: Request { kind: ReserveTicket, customer: 9160906a-e5ca-431b-8380-bcde2a54a134, server: None, raw: .. }
Reserved ticket 1971 for customer 9160906a-e5ca-431b-8380-bcde2a54a134
Server 799bb1b2-bd8f-49e2-81f8-f7237f0eb223 received client-request: Request { kind: ReserveTicket, customer: 865a19af-ac8e-44d2-81bc-af0931348976, server: None, raw: .. }
Reserved ticket 1970 for customer 865a19af-ac8e-44d2-81bc-af0931348976
Server 65a51e17-fff5-4036-8b94-6db5de4d28d8 received client-request: Request { kind: ReserveTicket, customer: 4bb8130c-4b00-40d1-8520-81fe36611a97, server: None, raw: .. }
Reserved ticket 1969 for customer 4bb8130c-4b00-40d1-8520-81fe36611a97
Server 799bb1b2-bd8f-49e2-81f8-f7237f0eb223 received client-request: Request { kind: ReserveTicket, customer: c0338f1c-4280-44fe-97ad-0f49ebd1cd48, server: None, raw: .. }
Reserved ticket 1968 for customer c0338f1c-4280-44fe-97ad-0f49ebd1cd48
Server 799bb1b2-bd8f-49e2-81f8-f7237f0eb223 received client-request: Request { kind: ReserveTicket, customer: 731d1eea-254e-4785-95f4-f563969c1c06, server: None, raw: .. }
Reserved ticket 1967 for customer 731d1eea-254e-4785-95f4-f563969c1c06
Server 799bb1b2-bd8f-49e2-81f8-f7237f0eb223 received client-request: Request { kind: ReserveTicket, customer: 26880c17-fe51-4bb8-b6f8-3c21f028b09b, server: None, raw: .. }
Reserved ticket 1966 for customer 26880c17-fe51-4bb8-b6f8-3c21f028b09b
Server 799bb1b2-bd8f-49e2-81f8-f7237f0eb223 received client-request: Request { kind: ReserveTicket, customer: 83c424ea-b25c-4540-99c3-5f4f70130377, server: None, raw: .. }
Reserved ticket 1965 for customer 83c424ea-b25c-4540-99c3-5f4f70130377
Server 799bb1b2-bd8f-49e2-81f8-f7237f0eb223 received client-request: Request { kind: ReserveTicket, customer: de495a15-d4dd-4173-9238-58b558a93a44, server: None, raw: .. }
Reserved ticket 1964 for customer de495a15-d4dd-4173-9238-58b558a93a44
Server 799bb1b2-bd8f-49e2-81f8-f7237f0eb223 received client-request: Request { kind: ReserveTicket, customer: 6be4bb27-bd80-4750-bc65-844d23b31ff6, server: None, raw: .. }
Reserved ticket 1963 for customer 6be4bb27-bd80-4750-bc65-844d23b31ff6
Server 799bb1b2-bd8f-49e2-81f8-f7237f0eb223 received client-request: Request { kind: ReserveTicket, customer: b153cd78-28f5-4671-9a90-2fc698ae5c64, server: None, raw: .. }
Reserved ticket 1962 for customer b153cd78-28f5-4671-9a90-2fc698ae5c64
Server 799bb1b2-bd8f-49e2-81f8-f7237f0eb223 received client-request: Request { kind: ReserveTicket, customer: ddfa9d03-8129-4b34-8292-3fb04c41dc97, server: None, raw: .. }
Reserved ticket 1961 for customer ddfa9d03-8129-4b34-8292-3fb04c41dc97
Server 799bb1b2-bd8f-49e2-81f8-f7237f0eb223 received client-request: Request { kind: ReserveTicket, customer: b5cd4bf8-7657-4536-806c-f49f4e3fb241, server: None, raw: .. }
Reserved ticket 1960 for customer b5cd4bf8-7657-4536-806c-f49f4e3fb241
Server 799bb1b2-bd8f-49e2-81f8-f7237f0eb223 received client-request: Request { kind: ReserveTicket, customer: 80531aff-b5e5-4c4f-a3e1-23a89c0018e1, server: None, raw: .. }
Reserved ticket 1959 for customer 80531aff-b5e5-4c4f-a3e1-23a89c0018e1
Server 799bb1b2-bd8f-49e2-81f8-f7237f0eb223 received client-request: Request { kind: ReserveTicket, customer: 89554e91-cd16-4b79-9329-8d046f8f3211, server: None, raw: .. }
Reserved ticket 1958 for customer 89554e91-cd16-4b79-9329-8d046f8f3211
Server 799bb1b2-bd8f-49e2-81f8-f7237f0eb223 received client-request: Request { kind: ReserveTicket, customer: 7278d263-bb43-47ef-b3d1-f01e500c843c, server: None, raw: .. }
Reserved ticket 1957 for customer 7278d263-bb43-47ef-b3d1-f01e500c843c
Server 799bb1b2-bd8f-49e2-81f8-f7237f0eb223 received client-request: Request { kind: ReserveTicket, customer: 9c2310c3-8f21-4f52-8095-bcf59c449312, server: None, raw: .. }
Reserved ticket 1956 for customer 9c2310c3-8f21-4f52-8095-bcf59c449312
Server 799bb1b2-bd8f-49e2-81f8-f7237f0eb223 received client-request: Request { kind: ReserveTicket, customer: df488448-5d9d-4e59-a81a-1ef42ae6b00a, server: None, raw: .. }
Reserved ticket 1955 for customer df488448-5d9d-4e59-a81a-1ef42ae6b00a
Server 799bb1b2-bd8f-49e2-81f8-f7237f0eb223 received client-request: Request { kind: ReserveTicket, customer: e373d790-b0ab-4620-89ab-f30c6a6d67fe, server: None, raw: .. }
Reserved ticket 1954 for customer e373d790-b0ab-4620-89ab-f30c6a6d67fe
Server 799bb1b2-bd8f-49e2-81f8-f7237f0eb223 received client-request: Request { kind: ReserveTicket, customer: a6a6af98-094f-4673-856e-058697f6d8dd, server: None, raw: .. }
Reserved ticket 1953 for customer a6a6af98-094f-4673-856e-058697f6d8dd
Server 799bb1b2-bd8f-49e2-81f8-f7237f0eb223 received client-request: Request { kind: ReserveTicket, customer: b19e7160-0183-4c11-a763-99ac210f304f, server: None, raw: .. }
Reserved ticket 1952 for customer b19e7160-0183-4c11-a763-99ac210f304f
Server 799bb1b2-bd8f-49e2-81f8-f7237f0eb223 received client-request: Request { kind: ReserveTicket, customer: 3e10eba0-63fc-4776-b6f8-2b1906933495, server: None, raw: .. }
Reserved ticket 1951 for customer 3e10eba0-63fc-4776-b6f8-2b1906933495
Server 799bb1b2-bd8f-49e2-81f8-f7237f0eb223 received client-request: Request { kind: ReserveTicket, customer: bb657aa5-342f-42d8-bb22-9f6746944f2c, server: None, raw: .. }
Reserved ticket 1950 for customer bb657aa5-342f-42d8-bb22-9f6746944f2c
Server 65a51e17-fff5-4036-8b94-6db5de4d28d8 received client-request: Request { kind: ReserveTicket, customer: 74d29b4c-46b7-4322-aaf1-c9ece22726d5, server: None, raw: .. }
Reserved ticket 1949 for customer 74d29b4c-46b7-4322-aaf1-c9ece22726d5
Server 799bb1b2-bd8f-49e2-81f8-f7237f0eb223 received client-request: Request { kind: ReserveTicket, customer: c3014ff8-1fcc-4f00-bec5-06419bb7362c, server: None, raw: .. }
Reserved ticket 1948 for customer c3014ff8-1fcc-4f00-bec5-06419bb7362c
Server 799bb1b2-bd8f-49e2-81f8-f7237f0eb223 received client-request: Request { kind: ReserveTicket, customer: 2ca9739b-e58c-40af-a428-079c9251dbb6, server: None, raw: .. }
Reserved ticket 1947 for customer 2ca9739b-e58c-40af-a428-079c9251dbb6
Server 799bb1b2-bd8f-49e2-81f8-f7237f0eb223 received client-request: Request { kind: ReserveTicket, customer: 2e0d0d3a-d6d1-4afd-84ad-d45c6ad8471e, server: None, raw: .. }
Reserved ticket 1946 for customer 2e0d0d3a-d6d1-4afd-84ad-d45c6ad8471e
Server 799bb1b2-bd8f-49e2-81f8-f7237f0eb223 received client-request: Request { kind: ReserveTicket, customer: 688cfbfe-1573-4eb2-a63e-f07408f43453, server: None, raw: .. }
Reserved ticket 1945 for customer 688cfbfe-1573-4eb2-a63e-f07408f43453
Server 799bb1b2-bd8f-49e2-81f8-f7237f0eb223 received client-request: Request { kind: ReserveTicket, customer: a56431cc-7a1f-4c82-a27a-3dbab8e1aa6a, server: None, raw: .. }
Reserved ticket 1944 for customer a56431cc-7a1f-4c82-a27a-3dbab8e1aa6a
Server 799bb1b2-bd8f-49e2-81f8-f7237f0eb223 received client-request: Request { kind: ReserveTicket, customer: c7ddb202-f860-4db3-8d0c-9ebf6d9f97a4, server: None, raw: .. }
Reserved ticket 1943 for customer c7ddb202-f860-4db3-8d0c-9ebf6d9f97a4
Server 799bb1b2-bd8f-49e2-81f8-f7237f0eb223 received client-request: Request { kind: ReserveTicket, customer: 845f49de-8a08-4601-823e-d96e6ead73b8, server: None, raw: .. }
Reserved ticket 1942 for customer 845f49de-8a08-4601-823e-d96e6ead73b8
Server 799bb1b2-bd8f-49e2-81f8-f7237f0eb223 received client-request: Request { kind: ReserveTicket, customer: 4b480df7-e1e9-4e91-86ff-61e0c78b36bc, server: None, raw: .. }
Reserved ticket 1941 for customer 4b480df7-e1e9-4e91-86ff-61e0c78b36bc
Server 799bb1b2-bd8f-49e2-81f8-f7237f0eb223 received client-request: Request { kind: ReserveTicket, customer: bfa63021-d613-4171-88aa-52923f154b0c, server: None, raw: .. }
Reserved ticket 1940 for customer bfa63021-d613-4171-88aa-52923f154b0c
Server 799bb1b2-bd8f-49e2-81f8-f7237f0eb223 received client-request: Request { kind: ReserveTicket, customer: 9ffa415b-1e72-425e-b946-729d6d750f32, server: None, raw: .. }
Reserved ticket 1939 for customer 9ffa415b-1e72-425e-b946-729d6d750f32
Server 799bb1b2-bd8f-49e2-81f8-f7237f0eb223 received client-request: Request { kind: ReserveTicket, customer: f41be397-6af2-4bd5-9c18-aa532aad0e30, server: None, raw: .. }
Reserved ticket 1938 for customer f41be397-6af2-4bd5-9c18-aa532aad0e30
Server 799bb1b2-bd8f-49e2-81f8-f7237f0eb223 received client-request: Request { kind: ReserveTicket, customer: ff458a20-6b54-428d-b86d-8b877404419f, server: None, raw: .. }
Reserved ticket 1937 for customer ff458a20-6b54-428d-b86d-8b877404419f
Server 799bb1b2-bd8f-49e2-81f8-f7237f0eb223 received client-request: Request { kind: ReserveTicket, customer: 8337365e-ce4f-4814-b7c5-62ccb1e45515, server: None, raw: .. }
Reserved ticket 1936 for customer 8337365e-ce4f-4814-b7c5-62ccb1e45515
Server 799bb1b2-bd8f-49e2-81f8-f7237f0eb223 received client-request: Request { kind: ReserveTicket, customer: 0d760a3d-0bd3-4c1e-8202-b87b9eb72464, server: None, raw: .. }
Reserved ticket 1935 for customer 0d760a3d-0bd3-4c1e-8202-b87b9eb72464
Server 799bb1b2-bd8f-49e2-81f8-f7237f0eb223 received client-request: Request { kind: ReserveTicket, customer: 246ca64b-37f3-4490-a3fc-3614089df897, server: None, raw: .. }
Reserved ticket 1934 for customer 246ca64b-37f3-4490-a3fc-3614089df897
Server 799bb1b2-bd8f-49e2-81f8-f7237f0eb223 received client-request: Request { kind: ReserveTicket, customer: 9cbe55ed-1b2e-4d2c-b9f5-043da2ffa8d4, server: None, raw: .. }
Reserved ticket 1933 for customer 9cbe55ed-1b2e-4d2c-b9f5-043da2ffa8d4
Server 799bb1b2-bd8f-49e2-81f8-f7237f0eb223 received client-request: Request { kind: ReserveTicket, customer: 24ed98a0-e2ab-4dcd-a2b4-7e2a581405e1, server: None, raw: .. }
Reserved ticket 1932 for customer 24ed98a0-e2ab-4dcd-a2b4-7e2a581405e1
Server 799bb1b2-bd8f-49e2-81f8-f7237f0eb223 received client-request: Request { kind: ReserveTicket, customer: 71b6f7fa-7671-41c1-8e52-0112fab092fc, server: None, raw: .. }
Reserved ticket 1931 for customer 71b6f7fa-7671-41c1-8e52-0112fab092fc
Server 799bb1b2-bd8f-49e2-81f8-f7237f0eb223 received client-request: Request { kind: ReserveTicket, customer: 487a8b48-8322-43fc-b4dd-7f0f7fe70aaf, server: None, raw: .. }
Reserved ticket 1930 for customer 487a8b48-8322-43fc-b4dd-7f0f7fe70aaf
Server 65a51e17-fff5-4036-8b94-6db5de4d28d8 received client-request: Request { kind: ReserveTicket, customer: 91b5cee8-fc06-4695-84a4-40b2e88d658a, server: None, raw: .. }
Reserved ticket 1929 for customer 91b5cee8-fc06-4695-84a4-40b2e88d658a
Server 799bb1b2-bd8f-49e2-81f8-f7237f0eb223 received client-request: Request { kind: ReserveTicket, customer: 76783c41-d04b-4aab-955e-61bb05591494, server: None, raw: .. }
Reserved ticket 1928 for customer 76783c41-d04b-4aab-955e-61bb05591494
Server 799bb1b2-bd8f-49e2-81f8-f7237f0eb223 received client-request: Request { kind: ReserveTicket, customer: c9d53a67-2000-42c3-9ca8-3e37706e2647, server: None, raw: .. }
Reserved ticket 1927 for customer c9d53a67-2000-42c3-9ca8-3e37706e2647
Server 799bb1b2-bd8f-49e2-81f8-f7237f0eb223 received client-request: Request { kind: ReserveTicket, customer: 86835809-eb1c-4822-9e3f-6f0e98eedb6c, server: None, raw: .. }
Reserved ticket 1926 for customer 86835809-eb1c-4822-9e3f-6f0e98eedb6c
Server 799bb1b2-bd8f-49e2-81f8-f7237f0eb223 received client-request: Request { kind: ReserveTicket, customer: c5bb20cd-ce00-4602-b653-8b54d3264b1e, server: None, raw: .. }
Reserved ticket 1925 for customer c5bb20cd-ce00-4602-b653-8b54d3264b1e
Server 799bb1b2-bd8f-49e2-81f8-f7237f0eb223 received client-request: Request { kind: ReserveTicket, customer: b3817fbc-e2dd-4037-b516-24244b813e2f, server: None, raw: .. }
Reserved ticket 1924 for customer b3817fbc-e2dd-4037-b516-24244b813e2f
Server 799bb1b2-bd8f-49e2-81f8-f7237f0eb223 received client-request: Request { kind: ReserveTicket, customer: 44276b43-e909-4664-bfaa-0ad27cbfbb7f, server: None, raw: .. }
Reserved ticket 1923 for customer 44276b43-e909-4664-bfaa-0ad27cbfbb7f
Server 799bb1b2-bd8f-49e2-81f8-f7237f0eb223 received client-request: Request { kind: ReserveTicket, customer: f9e4dc9b-ddd7-4a59-afc9-801f3b1bcfa7, server: None, raw: .. }
Reserved ticket 1922 for customer f9e4dc9b-ddd7-4a59-afc9-801f3b1bcfa7
Server 799bb1b2-bd8f-49e2-81f8-f7237f0eb223 received client-request: Request { kind: ReserveTicket, customer: b83e511d-0f4c-405e-9033-dc069adb16a5, server: None, raw: .. }
Reserved ticket 1921 for customer b83e511d-0f4c-405e-9033-dc069adb16a5
Server 799bb1b2-bd8f-49e2-81f8-f7237f0eb223 received client-request: Request { kind: ReserveTicket, customer: 70e6244a-b456-4309-b630-637594bb4e25, server: None, raw: .. }
Reserved ticket 1920 for customer 70e6244a-b456-4309-b630-637594bb4e25
Server 799bb1b2-bd8f-49e2-81f8-f7237f0eb223 received client-request: Request { kind: ReserveTicket, customer: 20183424-6e4c-4b01-9b89-6e9e3a26ca9e, server: None, raw: .. }
Reserved ticket 1919 for customer 20183424-6e4c-4b01-9b89-6e9e3a26ca9e
Server 799bb1b2-bd8f-49e2-81f8-f7237f0eb223 received client-request: Request { kind: ReserveTicket, customer: 28c92b05-a95d-4ee9-8c67-c0dee37b50da, server: None, raw: .. }
Reserved ticket 1918 for customer 28c92b05-a95d-4ee9-8c67-c0dee37b50da
Server 799bb1b2-bd8f-49e2-81f8-f7237f0eb223 received client-request: Request { kind: ReserveTicket, customer: 8df5b3ca-e431-4c92-84f4-c80cc50cd129, server: None, raw: .. }
Reserved ticket 1917 for customer 8df5b3ca-e431-4c92-84f4-c80cc50cd129
Server 799bb1b2-bd8f-49e2-81f8-f7237f0eb223 received client-request: Request { kind: ReserveTicket, customer: 9537e6ef-a17a-43fa-96a5-54131a8236d3, server: None, raw: .. }
Reserved ticket 1916 for customer 9537e6ef-a17a-43fa-96a5-54131a8236d3
Server 799bb1b2-bd8f-49e2-81f8-f7237f0eb223 received client-request: Request { kind: ReserveTicket, customer: 4a1d60c6-e1f1-4268-9b05-953396addbc0, server: None, raw: .. }
Reserved ticket 1915 for customer 4a1d60c6-e1f1-4268-9b05-953396addbc0
Server 799bb1b2-bd8f-49e2-81f8-f7237f0eb223 received client-request: Request { kind: ReserveTicket, customer: 072e10b6-9436-47c2-bc49-70d576d1517f, server: None, raw: .. }
Reserved ticket 1914 for customer 072e10b6-9436-47c2-bc49-70d576d1517f
Server 799bb1b2-bd8f-49e2-81f8-f7237f0eb223 received client-request: Request { kind: ReserveTicket, customer: 9cca4f52-5f5f-4d99-aeb8-15ae3b172c7a, server: None, raw: .. }
Reserved ticket 1913 for customer 9cca4f52-5f5f-4d99-aeb8-15ae3b172c7a
Server 799bb1b2-bd8f-49e2-81f8-f7237f0eb223 received client-request: Request { kind: ReserveTicket, customer: af956dc0-fb7c-48b6-9360-08970e32edac, server: None, raw: .. }
Reserved ticket 1912 for customer af956dc0-fb7c-48b6-9360-08970e32edac
Server 799bb1b2-bd8f-49e2-81f8-f7237f0eb223 received client-request: Request { kind: ReserveTicket, customer: f0ba11ba-4a6a-4212-867f-63b1c211fac5, server: None, raw: .. }
Reserved ticket 1911 for customer f0ba11ba-4a6a-4212-867f-63b1c211fac5
Server 799bb1b2-bd8f-49e2-81f8-f7237f0eb223 received client-request: Request { kind: ReserveTicket, customer: 96cd17fe-96d3-47d6-997c-8fb65cdfa402, server: None, raw: .. }
Reserved ticket 1910 for customer 96cd17fe-96d3-47d6-997c-8fb65cdfa402
Server 65a51e17-fff5-4036-8b94-6db5de4d28d8 received client-request: Request { kind: ReserveTicket, customer: 1d2b9c38-5fa8-4112-85be-efe40688cf92, server: None, raw: .. }
Reserved ticket 1909 for customer 1d2b9c38-5fa8-4112-85be-efe40688cf92
Server 799bb1b2-bd8f-49e2-81f8-f7237f0eb223 received client-request: Request { kind: ReserveTicket, customer: 298499d7-90a8-4efa-84d0-fe539771e482, server: None, raw: .. }
Reserved ticket 1908 for customer 298499d7-90a8-4efa-84d0-fe539771e482
Server 799bb1b2-bd8f-49e2-81f8-f7237f0eb223 received client-request: Request { kind: ReserveTicket, customer: 6adced73-4a93-412d-9144-15a383f29cc8, server: None, raw: .. }
Reserved ticket 1907 for customer 6adced73-4a93-412d-9144-15a383f29cc8
Server 799bb1b2-bd8f-49e2-81f8-f7237f0eb223 received client-request: Request { kind: ReserveTicket, customer: 549c847c-9c50-43ea-a5bd-45d2d84426c2, server: None, raw: .. }
Reserved ticket 1906 for customer 549c847c-9c50-43ea-a5bd-45d2d84426c2
Server 799bb1b2-bd8f-49e2-81f8-f7237f0eb223 received client-request: Request { kind: ReserveTicket, customer: 95c377ff-be0b-479f-9739-0bef9783ea8c, server: None, raw: .. }
Reserved ticket 1905 for customer 95c377ff-be0b-479f-9739-0bef9783ea8c
Server 799bb1b2-bd8f-49e2-81f8-f7237f0eb223 received client-request: Request { kind: ReserveTicket, customer: 10f59e9d-b1dd-4785-acf7-531ef21f4e31, server: None, raw: .. }
Reserved ticket 1904 for customer 10f59e9d-b1dd-4785-acf7-531ef21f4e31
Server 799bb1b2-bd8f-49e2-81f8-f7237f0eb223 received client-request: Request { kind: ReserveTicket, customer: c401a3c2-7859-4ee9-9634-53fa54fc06c1, server: None, raw: .. }
Reserved ticket 1903 for customer c401a3c2-7859-4ee9-9634-53fa54fc06c1
Server 799bb1b2-bd8f-49e2-81f8-f7237f0eb223 received client-request: Request { kind: ReserveTicket, customer: 52a4bc2c-4d7e-44c8-93c4-6d661429b974, server: None, raw: .. }
Reserved ticket 1902 for customer 52a4bc2c-4d7e-44c8-93c4-6d661429b974
Server 799bb1b2-bd8f-49e2-81f8-f7237f0eb223 received client-request: Request { kind: ReserveTicket, customer: 7b531048-b3f9-40c3-95c5-05287b6113ea, server: None, raw: .. }
Reserved ticket 1901 for customer 7b531048-b3f9-40c3-95c5-05287b6113ea
Server 799bb1b2-bd8f-49e2-81f8-f7237f0eb223 received client-request: Request { kind: ReserveTicket, customer: ae309008-b58c-47de-95ee-37a4f1b17614, server: None, raw: .. }
Reserved ticket 1900 for customer ae309008-b58c-47de-95ee-37a4f1b17614
Server 799bb1b2-bd8f-49e2-81f8-f7237f0eb223 received client-request: Request { kind: ReserveTicket, customer: d954fe57-212e-466e-a6f2-6066cd6f87dd, server: None, raw: .. }
Reserved ticket 1899 for customer d954fe57-212e-466e-a6f2-6066cd6f87dd
Server 799bb1b2-bd8f-49e2-81f8-f7237f0eb223 received client-request: Request { kind: ReserveTicket, customer: 2c4443e0-79bb-4ed7-8aa4-4ac8276f2923, server: None, raw: .. }
Reserved ticket 1898 for customer 2c4443e0-79bb-4ed7-8aa4-4ac8276f2923
Server 799bb1b2-bd8f-49e2-81f8-f7237f0eb223 received client-request: Request { kind: ReserveTicket, customer: de8ec007-5727-431e-bc38-a95f983dd293, server: None, raw: .. }
Reserved ticket 1897 for customer de8ec007-5727-431e-bc38-a95f983dd293
Server 799bb1b2-bd8f-49e2-81f8-f7237f0eb223 received client-request: Request { kind: ReserveTicket, customer: f310c3b0-41ae-445e-8094-5dc4f631a74e, server: None, raw: .. }
Reserved ticket 1896 for customer f310c3b0-41ae-445e-8094-5dc4f631a74e
Server 799bb1b2-bd8f-49e2-81f8-f7237f0eb223 received client-request: Request { kind: ReserveTicket, customer: c257a35e-4230-47db-b3cb-eac86cf4a617, server: None, raw: .. }
Reserved ticket 1895 for customer c257a35e-4230-47db-b3cb-eac86cf4a617
Server 799bb1b2-bd8f-49e2-81f8-f7237f0eb223 received client-request: Request { kind: ReserveTicket, customer: c16494ec-1b2d-401a-a0d5-bb87d87eff25, server: None, raw: .. }
Reserved ticket 1894 for customer c16494ec-1b2d-401a-a0d5-bb87d87eff25
Server 799bb1b2-bd8f-49e2-81f8-f7237f0eb223 received client-request: Request { kind: ReserveTicket, customer: dfb98dfe-f460-4918-9810-fbdb412e9103, server: None, raw: .. }
Reserved ticket 1893 for customer dfb98dfe-f460-4918-9810-fbdb412e9103
Server 799bb1b2-bd8f-49e2-81f8-f7237f0eb223 received client-request: Request { kind: ReserveTicket, customer: d704decf-a4fa-4b19-8870-f90b87899e26, server: None, raw: .. }
Reserved ticket 1892 for customer d704decf-a4fa-4b19-8870-f90b87899e26
Server 799bb1b2-bd8f-49e2-81f8-f7237f0eb223 received client-request: Request { kind: ReserveTicket, customer: 406bb14a-dbdc-4673-a566-a2754dc8bcc2, server: None, raw: .. }
Reserved ticket 1891 for customer 406bb14a-dbdc-4673-a566-a2754dc8bcc2
Server 799bb1b2-bd8f-49e2-81f8-f7237f0eb223 received client-request: Request { kind: ReserveTicket, customer: b5c94fd2-7db9-4dbb-9504-4549643b7a80, server: None, raw: .. }
Reserved ticket 1890 for customer b5c94fd2-7db9-4dbb-9504-4549643b7a80
Server 65a51e17-fff5-4036-8b94-6db5de4d28d8 received client-request: Request { kind: ReserveTicket, customer: 11c03c2b-aee1-43da-86e4-71cd7a6e362d, server: None, raw: .. }
Reserved ticket 1889 for customer 11c03c2b-aee1-43da-86e4-71cd7a6e362d
Server 799bb1b2-bd8f-49e2-81f8-f7237f0eb223 received client-request: Request { kind: ReserveTicket, customer: 33916dbd-e646-476f-a7fe-5814b3417ab5, server: None, raw: .. }
Reserved ticket 1888 for customer 33916dbd-e646-476f-a7fe-5814b3417ab5
Server 799bb1b2-bd8f-49e2-81f8-f7237f0eb223 received client-request: Request { kind: ReserveTicket, customer: a7a67f02-715f-49a4-ac14-9da33cb0d276, server: None, raw: .. }
Reserved ticket 1887 for customer a7a67f02-715f-49a4-ac14-9da33cb0d276
Server 799bb1b2-bd8f-49e2-81f8-f7237f0eb223 received client-request: Request { kind: ReserveTicket, customer: a8825e46-0f55-449b-93c6-9534df3bc6f9, server: None, raw: .. }
Reserved ticket 1886 for customer a8825e46-0f55-449b-93c6-9534df3bc6f9
Server 799bb1b2-bd8f-49e2-81f8-f7237f0eb223 received client-request: Request { kind: ReserveTicket, customer: d39e17d6-30c3-460e-9097-11c8c8254b5c, server: None, raw: .. }
Reserved ticket 1885 for customer d39e17d6-30c3-460e-9097-11c8c8254b5c
Server 799bb1b2-bd8f-49e2-81f8-f7237f0eb223 received client-request: Request { kind: ReserveTicket, customer: 1f81b155-7dcc-4e9f-ac4b-eda75667e7fd, server: None, raw: .. }
Reserved ticket 1884 for customer 1f81b155-7dcc-4e9f-ac4b-eda75667e7fd
Server 799bb1b2-bd8f-49e2-81f8-f7237f0eb223 received client-request: Request { kind: ReserveTicket, customer: bf2c115e-1452-4a0c-8ddd-72ea52866328, server: None, raw: .. }
Reserved ticket 1883 for customer bf2c115e-1452-4a0c-8ddd-72ea52866328
Server 799bb1b2-bd8f-49e2-81f8-f7237f0eb223 received client-request: Request { kind: ReserveTicket, customer: 1ea5447c-fe6b-47f5-91e6-d7eb61d005f6, server: None, raw: .. }
Reserved ticket 1882 for customer 1ea5447c-fe6b-47f5-91e6-d7eb61d005f6
Server 799bb1b2-bd8f-49e2-81f8-f7237f0eb223 received client-request: Request { kind: ReserveTicket, customer: 10aec430-f94c-42a7-a171-82910c39e75b, server: None, raw: .. }
Reserved ticket 1881 for customer 10aec430-f94c-42a7-a171-82910c39e75b
Server 799bb1b2-bd8f-49e2-81f8-f7237f0eb223 received client-request: Request { kind: ReserveTicket, customer: d177a81c-ca34-4570-adf6-55299a2e243b, server: None, raw: .. }
Reserved ticket 1880 for customer d177a81c-ca34-4570-adf6-55299a2e243b
Server 799bb1b2-bd8f-49e2-81f8-f7237f0eb223 received client-request: Request { kind: ReserveTicket, customer: 9d2d98dd-867b-4a32-8106-ee29c74b6168, server: None, raw: .. }
Reserved ticket 1879 for customer 9d2d98dd-867b-4a32-8106-ee29c74b6168
Server 799bb1b2-bd8f-49e2-81f8-f7237f0eb223 received client-request: Request { kind: ReserveTicket, customer: 66510c95-8917-4c73-8065-ebfeb7891f74, server: None, raw: .. }
Reserved ticket 1878 for customer 66510c95-8917-4c73-8065-ebfeb7891f74
Server 799bb1b2-bd8f-49e2-81f8-f7237f0eb223 received client-request: Request { kind: ReserveTicket, customer: 46ff82d2-a119-482b-b8e2-866b6f580e96, server: None, raw: .. }
Reserved ticket 1877 for customer 46ff82d2-a119-482b-b8e2-866b6f580e96
Server 799bb1b2-bd8f-49e2-81f8-f7237f0eb223 received client-request: Request { kind: ReserveTicket, customer: ce469a74-1578-4227-bf9d-2acf4c0012c0, server: None, raw: .. }
Reserved ticket 1876 for customer ce469a74-1578-4227-bf9d-2acf4c0012c0
Server 799bb1b2-bd8f-49e2-81f8-f7237f0eb223 received client-request: Request { kind: ReserveTicket, customer: c36d14dc-61b5-4aa0-967c-f3370df1b197, server: None, raw: .. }
Reserved ticket 1875 for customer c36d14dc-61b5-4aa0-967c-f3370df1b197
Server 799bb1b2-bd8f-49e2-81f8-f7237f0eb223 received client-request: Request { kind: ReserveTicket, customer: 64e2d7de-c989-4bf6-8109-e4d1bd2d73d4, server: None, raw: .. }
Reserved ticket 1874 for customer 64e2d7de-c989-4bf6-8109-e4d1bd2d73d4
Server 799bb1b2-bd8f-49e2-81f8-f7237f0eb223 received client-request: Request { kind: ReserveTicket, customer: 071e8cbd-a455-429c-bf0d-80d77dc28466, server: None, raw: .. }
Reserved ticket 1873 for customer 071e8cbd-a455-429c-bf0d-80d77dc28466
Server 799bb1b2-bd8f-49e2-81f8-f7237f0eb223 received client-request: Request { kind: ReserveTicket, customer: f8ed82af-4a36-4896-8f7e-0d61c0c16caa, server: None, raw: .. }
Reserved ticket 1872 for customer f8ed82af-4a36-4896-8f7e-0d61c0c16caa
Server 799bb1b2-bd8f-49e2-81f8-f7237f0eb223 received client-request: Request { kind: ReserveTicket, customer: 707ad6ca-0547-49fd-a0c7-f8d0129d533b, server: None, raw: .. }
Reserved ticket 1871 for customer 707ad6ca-0547-49fd-a0c7-f8d0129d533b
Server 799bb1b2-bd8f-49e2-81f8-f7237f0eb223 received client-request: Request { kind: ReserveTicket, customer: 76e35b96-2c11-4b90-93e1-59e60dbc9e43, server: None, raw: .. }
Reserved ticket 1870 for customer 76e35b96-2c11-4b90-93e1-59e60dbc9e43
Server 65a51e17-fff5-4036-8b94-6db5de4d28d8 received client-request: Request { kind: ReserveTicket, customer: bf7427dd-d68a-4666-96bc-29433a653ab5, server: None, raw: .. }
Reserved ticket 1869 for customer bf7427dd-d68a-4666-96bc-29433a653ab5
Server 799bb1b2-bd8f-49e2-81f8-f7237f0eb223 received client-request: Request { kind: ReserveTicket, customer: b82f529f-672c-4f18-ac38-90663a260354, server: None, raw: .. }
Reserved ticket 1868 for customer b82f529f-672c-4f18-ac38-90663a260354
Server 799bb1b2-bd8f-49e2-81f8-f7237f0eb223 received client-request: Request { kind: ReserveTicket, customer: 4472bbc5-de0c-4945-9bb4-4d3502d10f54, server: None, raw: .. }
Reserved ticket 1867 for customer 4472bbc5-de0c-4945-9bb4-4d3502d10f54
Server 799bb1b2-bd8f-49e2-81f8-f7237f0eb223 received client-request: Request { kind: ReserveTicket, customer: 8f6b2ef5-0991-48bf-845d-5d094324c2e8, server: None, raw: .. }
Reserved ticket 1866 for customer 8f6b2ef5-0991-48bf-845d-5d094324c2e8
Server 799bb1b2-bd8f-49e2-81f8-f7237f0eb223 received client-request: Request { kind: ReserveTicket, customer: 56331e9c-2c04-4c8c-8072-c65dab68ea23, server: None, raw: .. }
Reserved ticket 1865 for customer 56331e9c-2c04-4c8c-8072-c65dab68ea23
Server 799bb1b2-bd8f-49e2-81f8-f7237f0eb223 received client-request: Request { kind: ReserveTicket, customer: 6faab0dd-47db-4578-8bbf-9883b6eb4640, server: None, raw: .. }
Reserved ticket 1864 for customer 6faab0dd-47db-4578-8bbf-9883b6eb4640
Server 799bb1b2-bd8f-49e2-81f8-f7237f0eb223 received client-request: Request { kind: ReserveTicket, customer: a884a313-0385-4d8e-bdb2-adaf65714de9, server: None, raw: .. }
Reserved ticket 1863 for customer a884a313-0385-4d8e-bdb2-adaf65714de9
Server 799bb1b2-bd8f-49e2-81f8-f7237f0eb223 received client-request: Request { kind: ReserveTicket, customer: 222e4e66-8684-4296-a5d2-e6852155ba0f, server: None, raw: .. }
Reserved ticket 1862 for customer 222e4e66-8684-4296-a5d2-e6852155ba0f
Server 799bb1b2-bd8f-49e2-81f8-f7237f0eb223 received client-request: Request { kind: ReserveTicket, customer: b831af0e-565f-4b1e-8b5a-eb18e2e4311e, server: None, raw: .. }
Reserved ticket 1861 for customer b831af0e-565f-4b1e-8b5a-eb18e2e4311e
Server 799bb1b2-bd8f-49e2-81f8-f7237f0eb223 received client-request: Request { kind: ReserveTicket, customer: e4c838a4-470b-4b94-b93a-7807617d3df2, server: None, raw: .. }
Reserved ticket 1860 for customer e4c838a4-470b-4b94-b93a-7807617d3df2
Server 799bb1b2-bd8f-49e2-81f8-f7237f0eb223 received client-request: Request { kind: ReserveTicket, customer: b9e465ef-62e0-4ec1-8749-6e96b89eada9, server: None, raw: .. }
Reserved ticket 1859 for customer b9e465ef-62e0-4ec1-8749-6e96b89eada9
Server 799bb1b2-bd8f-49e2-81f8-f7237f0eb223 received client-request: Request { kind: ReserveTicket, customer: 9f2248c5-95bc-4b0f-8eed-feebd0aa21ab, server: None, raw: .. }
Reserved ticket 1858 for customer 9f2248c5-95bc-4b0f-8eed-feebd0aa21ab
Server 799bb1b2-bd8f-49e2-81f8-f7237f0eb223 received client-request: Request { kind: ReserveTicket, customer: 3fce1aad-701f-4e4c-bbde-d4caca42c60b, server: None, raw: .. }
Reserved ticket 1857 for customer 3fce1aad-701f-4e4c-bbde-d4caca42c60b
Server 799bb1b2-bd8f-49e2-81f8-f7237f0eb223 received client-request: Request { kind: ReserveTicket, customer: 2e621391-6d18-49a3-a2a1-13d1a9f12855, server: None, raw: .. }
Reserved ticket 1856 for customer 2e621391-6d18-49a3-a2a1-13d1a9f12855
Server 799bb1b2-bd8f-49e2-81f8-f7237f0eb223 received client-request: Request { kind: ReserveTicket, customer: 59f607c2-21f7-47b3-bee9-c2aaa4109015, server: None, raw: .. }
Reserved ticket 1855 for customer 59f607c2-21f7-47b3-bee9-c2aaa4109015
Server 799bb1b2-bd8f-49e2-81f8-f7237f0eb223 received client-request: Request { kind: ReserveTicket, customer: 307cf123-7f7f-43cf-8f68-1e81417e8d21, server: None, raw: .. }
Reserved ticket 1854 for customer 307cf123-7f7f-43cf-8f68-1e81417e8d21
Server 799bb1b2-bd8f-49e2-81f8-f7237f0eb223 received client-request: Request { kind: ReserveTicket, customer: 6efdaffb-fc4f-4e3e-8486-12815c6b137a, server: None, raw: .. }
Reserved ticket 1853 for customer 6efdaffb-fc4f-4e3e-8486-12815c6b137a
Server 799bb1b2-bd8f-49e2-81f8-f7237f0eb223 received client-request: Request { kind: ReserveTicket, customer: 2b1d2849-b501-4eb9-9a0e-1ed67bde3b95, server: None, raw: .. }
Reserved ticket 1852 for customer 2b1d2849-b501-4eb9-9a0e-1ed67bde3b95
Server 799bb1b2-bd8f-49e2-81f8-f7237f0eb223 received client-request: Request { kind: ReserveTicket, customer: 78ba4a51-d01f-4db2-98a5-0fe336a23cfa, server: None, raw: .. }
Reserved ticket 1851 for customer 78ba4a51-d01f-4db2-98a5-0fe336a23cfa
Server 799bb1b2-bd8f-49e2-81f8-f7237f0eb223 received client-request: Request { kind: ReserveTicket, customer: 3b817480-10c0-4654-932e-cf9ea392f79a, server: None, raw: .. }
Reserved ticket 1850 for customer 3b817480-10c0-4654-932e-cf9ea392f79a
Server 65a51e17-fff5-4036-8b94-6db5de4d28d8 received client-request: Request { kind: ReserveTicket, customer: 4350f0d0-7e80-4c8f-9b4a-8967ad078058, server: None, raw: .. }
Reserved ticket 1849 for customer 4350f0d0-7e80-4c8f-9b4a-8967ad078058
Server 799bb1b2-bd8f-49e2-81f8-f7237f0eb223 received client-request: Request { kind: ReserveTicket, customer: d2c2689a-391e-4380-8cc3-81ff7556534a, server: None, raw: .. }
Reserved ticket 1848 for customer d2c2689a-391e-4380-8cc3-81ff7556534a
Server 799bb1b2-bd8f-49e2-81f8-f7237f0eb223 received client-request: Request { kind: ReserveTicket, customer: 202b6aec-2a31-422b-a553-78cf9defe0ee, server: None, raw: .. }
Reserved ticket 1847 for customer 202b6aec-2a31-422b-a553-78cf9defe0ee
Server 799bb1b2-bd8f-49e2-81f8-f7237f0eb223 received client-request: Request { kind: ReserveTicket, customer: 867e1157-1d6d-4f3c-8a15-96784886422e, server: None, raw: .. }
Reserved ticket 1846 for customer 867e1157-1d6d-4f3c-8a15-96784886422e
Server 799bb1b2-bd8f-49e2-81f8-f7237f0eb223 received client-request: Request { kind: ReserveTicket, customer: 8aa7b8bd-f309-4be1-8403-1b591d1bcba4, server: None, raw: .. }
Reserved ticket 1845 for customer 8aa7b8bd-f309-4be1-8403-1b591d1bcba4
Server 799bb1b2-bd8f-49e2-81f8-f7237f0eb223 received client-request: Request { kind: ReserveTicket, customer: 4d590af0-007c-4fe4-9ec4-09e5eaf68a86, server: None, raw: .. }
Reserved ticket 1844 for customer 4d590af0-007c-4fe4-9ec4-09e5eaf68a86
Server 799bb1b2-bd8f-49e2-81f8-f7237f0eb223 received client-request: Request { kind: ReserveTicket, customer: b6bef27f-d65b-43f3-aebd-2429d5b89fdc, server: None, raw: .. }
Reserved ticket 1843 for customer b6bef27f-d65b-43f3-aebd-2429d5b89fdc
Server 799bb1b2-bd8f-49e2-81f8-f7237f0eb223 received client-request: Request { kind: ReserveTicket, customer: 3c92cbf0-bd2f-4445-a624-44433a1279b1, server: None, raw: .. }
Reserved ticket 1842 for customer 3c92cbf0-bd2f-4445-a624-44433a1279b1
Server 799bb1b2-bd8f-49e2-81f8-f7237f0eb223 received client-request: Request { kind: ReserveTicket, customer: f341ba7a-998f-47b0-a456-40979d39f9b5, server: None, raw: .. }
Reserved ticket 1841 for customer f341ba7a-998f-47b0-a456-40979d39f9b5
Server 799bb1b2-bd8f-49e2-81f8-f7237f0eb223 received client-request: Request { kind: ReserveTicket, customer: 490834bd-a25f-4c65-b70b-1f9d6338a05e, server: None, raw: .. }
Reserved ticket 1840 for customer 490834bd-a25f-4c65-b70b-1f9d6338a05e
Server 799bb1b2-bd8f-49e2-81f8-f7237f0eb223 received client-request: Request { kind: ReserveTicket, customer: 93cb7ed4-1569-499b-bcf3-424ca5d908af, server: None, raw: .. }
Reserved ticket 1839 for customer 93cb7ed4-1569-499b-bcf3-424ca5d908af
Server 799bb1b2-bd8f-49e2-81f8-f7237f0eb223 received client-request: Request { kind: ReserveTicket, customer: e7e3600f-6ed0-4e24-858f-6da942335efb, server: None, raw: .. }
Reserved ticket 1838 for customer e7e3600f-6ed0-4e24-858f-6da942335efb
Server 799bb1b2-bd8f-49e2-81f8-f7237f0eb223 received client-request: Request { kind: ReserveTicket, customer: 94e889bf-9f12-4e39-b4ab-a47f1b17c7e2, server: None, raw: .. }
Reserved ticket 1837 for customer 94e889bf-9f12-4e39-b4ab-a47f1b17c7e2
Server 799bb1b2-bd8f-49e2-81f8-f7237f0eb223 received client-request: Request { kind: ReserveTicket, customer: ec882416-bd48-4591-abb8-a0b603256e2d, server: None, raw: .. }
Reserved ticket 1836 for customer ec882416-bd48-4591-abb8-a0b603256e2d
Server 799bb1b2-bd8f-49e2-81f8-f7237f0eb223 received client-request: Request { kind: ReserveTicket, customer: 099779c1-45c0-4341-9b99-30f65fd978c2, server: None, raw: .. }
Reserved ticket 1835 for customer 099779c1-45c0-4341-9b99-30f65fd978c2
Server 799bb1b2-bd8f-49e2-81f8-f7237f0eb223 received client-request: Request { kind: ReserveTicket, customer: b7336f11-e9b6-4e11-922f-88d59c0bd88e, server: None, raw: .. }
Reserved ticket 1834 for customer b7336f11-e9b6-4e11-922f-88d59c0bd88e
Server 799bb1b2-bd8f-49e2-81f8-f7237f0eb223 received client-request: Request { kind: ReserveTicket, customer: 4d9e9275-8819-4503-ac76-3ba62e80de84, server: None, raw: .. }
Reserved ticket 1833 for customer 4d9e9275-8819-4503-ac76-3ba62e80de84
Server 799bb1b2-bd8f-49e2-81f8-f7237f0eb223 received client-request: Request { kind: ReserveTicket, customer: 16a1d7e5-6be3-46b1-84da-c59795f9e834, server: None, raw: .. }
Reserved ticket 1832 for customer 16a1d7e5-6be3-46b1-84da-c59795f9e834
Server 799bb1b2-bd8f-49e2-81f8-f7237f0eb223 received client-request: Request { kind: ReserveTicket, customer: ca4517bf-0844-431a-82f2-6b493fbdd341, server: None, raw: .. }
Reserved ticket 1831 for customer ca4517bf-0844-431a-82f2-6b493fbdd341
Server 799bb1b2-bd8f-49e2-81f8-f7237f0eb223 received client-request: Request { kind: ReserveTicket, customer: 58eeacf2-84f3-4630-8fb2-c4aabed8c6c0, server: None, raw: .. }
Reserved ticket 1830 for customer 58eeacf2-84f3-4630-8fb2-c4aabed8c6c0
Server 65a51e17-fff5-4036-8b94-6db5de4d28d8 received client-request: Request { kind: ReserveTicket, customer: c7a19f0f-9381-411c-8373-2d1ffde42516, server: None, raw: .. }
Reserved ticket 1829 for customer c7a19f0f-9381-411c-8373-2d1ffde42516
Server 799bb1b2-bd8f-49e2-81f8-f7237f0eb223 received client-request: Request { kind: ReserveTicket, customer: 9da6fbd0-3682-4c4b-8e4c-61fd5097a078, server: None, raw: .. }
Reserved ticket 1828 for customer 9da6fbd0-3682-4c4b-8e4c-61fd5097a078
Server 799bb1b2-bd8f-49e2-81f8-f7237f0eb223 received client-request: Request { kind: ReserveTicket, customer: f461c007-c8cb-403b-9d15-23d02abbddf5, server: None, raw: .. }
Reserved ticket 1827 for customer f461c007-c8cb-403b-9d15-23d02abbddf5
Server 799bb1b2-bd8f-49e2-81f8-f7237f0eb223 received client-request: Request { kind: ReserveTicket, customer: 2753430c-dc91-4f79-b6af-b57214d5e522, server: None, raw: .. }
Reserved ticket 1826 for customer 2753430c-dc91-4f79-b6af-b57214d5e522
Server 799bb1b2-bd8f-49e2-81f8-f7237f0eb223 received client-request: Request { kind: ReserveTicket, customer: 15dbaf7e-e690-4a0a-bcff-67176306e19c, server: None, raw: .. }
Reserved ticket 1825 for customer 15dbaf7e-e690-4a0a-bcff-67176306e19c
Server 799bb1b2-bd8f-49e2-81f8-f7237f0eb223 received client-request: Request { kind: ReserveTicket, customer: 92c32831-e34c-4e45-965f-69bd80c41670, server: None, raw: .. }
Reserved ticket 1824 for customer 92c32831-e34c-4e45-965f-69bd80c41670
Server 799bb1b2-bd8f-49e2-81f8-f7237f0eb223 received client-request: Request { kind: ReserveTicket, customer: eeac54f0-8b9e-4071-81c1-aa97b436c586, server: None, raw: .. }
Reserved ticket 1823 for customer eeac54f0-8b9e-4071-81c1-aa97b436c586
Server 799bb1b2-bd8f-49e2-81f8-f7237f0eb223 received client-request: Request { kind: ReserveTicket, customer: 50c5695c-1b9f-472f-a00e-37a72ad599be, server: None, raw: .. }
Reserved ticket 1822 for customer 50c5695c-1b9f-472f-a00e-37a72ad599be
Server 799bb1b2-bd8f-49e2-81f8-f7237f0eb223 received client-request: Request { kind: ReserveTicket, customer: 02076f3a-4ceb-4758-bc5f-3574280747bc, server: None, raw: .. }
Reserved ticket 1821 for customer 02076f3a-4ceb-4758-bc5f-3574280747bc
Server 799bb1b2-bd8f-49e2-81f8-f7237f0eb223 received client-request: Request { kind: ReserveTicket, customer: 3b8715ea-a590-4876-8e14-8ee13ea38027, server: None, raw: .. }
Reserved ticket 1820 for customer 3b8715ea-a590-4876-8e14-8ee13ea38027
Server 799bb1b2-bd8f-49e2-81f8-f7237f0eb223 received client-request: Request { kind: ReserveTicket, customer: 0d8212c1-f7e9-4123-bc65-9713b706bf10, server: None, raw: .. }
Reserved ticket 1819 for customer 0d8212c1-f7e9-4123-bc65-9713b706bf10
Server 799bb1b2-bd8f-49e2-81f8-f7237f0eb223 received client-request: Request { kind: ReserveTicket, customer: 59fe3bbb-9417-4ed1-bce6-619bcfbfba8b, server: None, raw: .. }
Reserved ticket 1818 for customer 59fe3bbb-9417-4ed1-bce6-619bcfbfba8b
Server 799bb1b2-bd8f-49e2-81f8-f7237f0eb223 received client-request: Request { kind: ReserveTicket, customer: c0d3c7a1-f8e9-4325-bc49-3a21f183b8df, server: None, raw: .. }
Reserved ticket 1817 for customer c0d3c7a1-f8e9-4325-bc49-3a21f183b8df
Server 799bb1b2-bd8f-49e2-81f8-f7237f0eb223 received client-request: Request { kind: ReserveTicket, customer: 8f42d055-1a40-4157-a084-6127f3614536, server: None, raw: .. }
Reserved ticket 1816 for customer 8f42d055-1a40-4157-a084-6127f3614536
Server 799bb1b2-bd8f-49e2-81f8-f7237f0eb223 received client-request: Request { kind: ReserveTicket, customer: 17ac3cb5-cc9e-4e30-9573-0c9593501a73, server: None, raw: .. }
Reserved ticket 1815 for customer 17ac3cb5-cc9e-4e30-9573-0c9593501a73
Server 799bb1b2-bd8f-49e2-81f8-f7237f0eb223 received client-request: Request { kind: ReserveTicket, customer: f4103e29-3d5b-4a45-a5b0-908877c12a17, server: None, raw: .. }
Reserved ticket 1814 for customer f4103e29-3d5b-4a45-a5b0-908877c12a17
Server 799bb1b2-bd8f-49e2-81f8-f7237f0eb223 received client-request: Request { kind: ReserveTicket, customer: 080c08e2-b3b3-4e83-965d-4c04bfa21e6f, server: None, raw: .. }
Reserved ticket 1813 for customer 080c08e2-b3b3-4e83-965d-4c04bfa21e6f
Server 799bb1b2-bd8f-49e2-81f8-f7237f0eb223 received client-request: Request { kind: ReserveTicket, customer: 58984ae0-389b-4874-93ee-e66c79e39440, server: None, raw: .. }
Reserved ticket 1812 for customer 58984ae0-389b-4874-93ee-e66c79e39440
Server 799bb1b2-bd8f-49e2-81f8-f7237f0eb223 received client-request: Request { kind: ReserveTicket, customer: 0781716b-5b9c-44e7-a34e-e783441821c5, server: None, raw: .. }
Reserved ticket 1811 for customer 0781716b-5b9c-44e7-a34e-e783441821c5
Server 799bb1b2-bd8f-49e2-81f8-f7237f0eb223 received client-request: Request { kind: ReserveTicket, customer: 04e52285-d146-4faa-8c9a-74e0f87ace75, server: None, raw: .. }
Reserved ticket 1810 for customer 04e52285-d146-4faa-8c9a-74e0f87ace75
Server 65a51e17-fff5-4036-8b94-6db5de4d28d8 received client-request: Request { kind: ReserveTicket, customer: af3f8592-5b16-4f92-bf1b-bf296b0ca995, server: None, raw: .. }
Reserved ticket 1809 for customer af3f8592-5b16-4f92-bf1b-bf296b0ca995
Server 799bb1b2-bd8f-49e2-81f8-f7237f0eb223 received client-request: Request { kind: ReserveTicket, customer: 34c0c431-3f74-47aa-b9ea-5899efa63cb8, server: None, raw: .. }
Reserved ticket 1808 for customer 34c0c431-3f74-47aa-b9ea-5899efa63cb8
Server 799bb1b2-bd8f-49e2-81f8-f7237f0eb223 received client-request: Request { kind: ReserveTicket, customer: 4ca5e2a2-ed5f-4601-a25b-1ba67bf7136b, server: None, raw: .. }
Reserved ticket 1807 for customer 4ca5e2a2-ed5f-4601-a25b-1ba67bf7136b
Server 799bb1b2-bd8f-49e2-81f8-f7237f0eb223 received client-request: Request { kind: ReserveTicket, customer: 9637c23c-55ab-433d-9d0f-be42726e3f42, server: None, raw: .. }
Reserved ticket 1806 for customer 9637c23c-55ab-433d-9d0f-be42726e3f42
Server 799bb1b2-bd8f-49e2-81f8-f7237f0eb223 received client-request: Request { kind: ReserveTicket, customer: 0031639d-b893-4953-9d20-65b581752f52, server: None, raw: .. }
Reserved ticket 1805 for customer 0031639d-b893-4953-9d20-65b581752f52
Server 799bb1b2-bd8f-49e2-81f8-f7237f0eb223 received client-request: Request { kind: ReserveTicket, customer: 41b64a48-7845-47bb-87d1-9079022cffc5, server: None, raw: .. }
Reserved ticket 1804 for customer 41b64a48-7845-47bb-87d1-9079022cffc5
Server 799bb1b2-bd8f-49e2-81f8-f7237f0eb223 received client-request: Request { kind: ReserveTicket, customer: d583d81e-d0c3-43d5-ba4e-5f7c0e62c100, server: None, raw: .. }
Reserved ticket 1803 for customer d583d81e-d0c3-43d5-ba4e-5f7c0e62c100
Server 799bb1b2-bd8f-49e2-81f8-f7237f0eb223 received client-request: Request { kind: ReserveTicket, customer: 282a18f5-3fc0-40f1-bc22-4b47245e2887, server: None, raw: .. }
Reserved ticket 1802 for customer 282a18f5-3fc0-40f1-bc22-4b47245e2887
Server 799bb1b2-bd8f-49e2-81f8-f7237f0eb223 received client-request: Request { kind: ReserveTicket, customer: f1829890-c8c1-4784-ad6c-58680cf65ef9, server: None, raw: .. }
Reserved ticket 1801 for customer f1829890-c8c1-4784-ad6c-58680cf65ef9
Server 799bb1b2-bd8f-49e2-81f8-f7237f0eb223 received client-request: Request { kind: ReserveTicket, customer: e7c0d6a6-cd73-48aa-9b8d-a589bfe14697, server: None, raw: .. }
Reserved ticket 1800 for customer e7c0d6a6-cd73-48aa-9b8d-a589bfe14697
Server 799bb1b2-bd8f-49e2-81f8-f7237f0eb223 received client-request: Request { kind: ReserveTicket, customer: ef743f39-45d5-4df4-8c5e-8fe76612fee3, server: None, raw: .. }
Reserved ticket 1799 for customer ef743f39-45d5-4df4-8c5e-8fe76612fee3
Server 799bb1b2-bd8f-49e2-81f8-f7237f0eb223 received client-request: Request { kind: ReserveTicket, customer: d4798c65-61b6-436d-802a-9a7d90935ddf, server: None, raw: .. }
Reserved ticket 1798 for customer d4798c65-61b6-436d-802a-9a7d90935ddf
Server 799bb1b2-bd8f-49e2-81f8-f7237f0eb223 received client-request: Request { kind: ReserveTicket, customer: 23308500-c400-4b78-b22f-3feab7111796, server: None, raw: .. }
Reserved ticket 1797 for customer 23308500-c400-4b78-b22f-3feab7111796
Server 799bb1b2-bd8f-49e2-81f8-f7237f0eb223 received client-request: Request { kind: ReserveTicket, customer: 5f56f65d-1e7a-4fb8-9f49-ecc16f49674e, server: None, raw: .. }
Reserved ticket 1796 for customer 5f56f65d-1e7a-4fb8-9f49-ecc16f49674e
Server 799bb1b2-bd8f-49e2-81f8-f7237f0eb223 received client-request: Request { kind: ReserveTicket, customer: 6f1c756e-9c1b-48a1-8ac8-818d176ec249, server: None, raw: .. }
Reserved ticket 1795 for customer 6f1c756e-9c1b-48a1-8ac8-818d176ec249
Server 799bb1b2-bd8f-49e2-81f8-f7237f0eb223 received client-request: Request { kind: ReserveTicket, customer: 4e00c9e5-39db-4563-b5cf-b1fa6856629a, server: None, raw: .. }
Reserved ticket 1794 for customer 4e00c9e5-39db-4563-b5cf-b1fa6856629a
Server 799bb1b2-bd8f-49e2-81f8-f7237f0eb223 received client-request: Request { kind: ReserveTicket, customer: 94e2c9c4-4bb6-4337-8d52-27581deba852, server: None, raw: .. }
Reserved ticket 1793 for customer 94e2c9c4-4bb6-4337-8d52-27581deba852
Server 799bb1b2-bd8f-49e2-81f8-f7237f0eb223 received client-request: Request { kind: ReserveTicket, customer: 96b51c44-55c6-4350-a9a9-53d0e11b0045, server: None, raw: .. }
Reserved ticket 1792 for customer 96b51c44-55c6-4350-a9a9-53d0e11b0045
Server 799bb1b2-bd8f-49e2-81f8-f7237f0eb223 received client-request: Request { kind: ReserveTicket, customer: 4b1c2d08-2bb1-4a62-b70b-946a502a09fb, server: None, raw: .. }
Reserved ticket 1791 for customer 4b1c2d08-2bb1-4a62-b70b-946a502a09fb
Server 799bb1b2-bd8f-49e2-81f8-f7237f0eb223 received client-request: Request { kind: ReserveTicket, customer: 8849e4d3-c12e-4d2d-9d3f-b0a2571124cf, server: None, raw: .. }
Reserved ticket 1790 for customer 8849e4d3-c12e-4d2d-9d3f-b0a2571124cf
Server 65a51e17-fff5-4036-8b94-6db5de4d28d8 received client-request: Request { kind: ReserveTicket, customer: 8a8df6f5-4af7-46f1-955d-81ca1b9650e9, server: None, raw: .. }
Reserved ticket 1789 for customer 8a8df6f5-4af7-46f1-955d-81ca1b9650e9
Server 799bb1b2-bd8f-49e2-81f8-f7237f0eb223 received client-request: Request { kind: ReserveTicket, customer: 0defd886-8d9f-466d-a0e1-e8dc7f00d879, server: None, raw: .. }
Reserved ticket 1788 for customer 0defd886-8d9f-466d-a0e1-e8dc7f00d879
Server 799bb1b2-bd8f-49e2-81f8-f7237f0eb223 received client-request: Request { kind: ReserveTicket, customer: ceda5c23-caaf-48d1-8bed-9237e2100912, server: None, raw: .. }
Reserved ticket 1787 for customer ceda5c23-caaf-48d1-8bed-9237e2100912
Server 799bb1b2-bd8f-49e2-81f8-f7237f0eb223 received client-request: Request { kind: ReserveTicket, customer: 36e43935-e428-48df-b0be-2a6bdc3ae0d3, server: None, raw: .. }
Reserved ticket 1786 for customer 36e43935-e428-48df-b0be-2a6bdc3ae0d3
Server 799bb1b2-bd8f-49e2-81f8-f7237f0eb223 received client-request: Request { kind: ReserveTicket, customer: 6c21c163-51b2-44c2-b498-172b95880ef9, server: None, raw: .. }
Reserved ticket 1785 for customer 6c21c163-51b2-44c2-b498-172b95880ef9
Server 799bb1b2-bd8f-49e2-81f8-f7237f0eb223 received client-request: Request { kind: ReserveTicket, customer: 883e14ca-a5fe-4365-9822-e1186f934b4d, server: None, raw: .. }
Reserved ticket 1784 for customer 883e14ca-a5fe-4365-9822-e1186f934b4d
Server 799bb1b2-bd8f-49e2-81f8-f7237f0eb223 received client-request: Request { kind: ReserveTicket, customer: b9230232-385b-4bbd-86ec-8effff66d6ee, server: None, raw: .. }
Reserved ticket 1783 for customer b9230232-385b-4bbd-86ec-8effff66d6ee
Server 799bb1b2-bd8f-49e2-81f8-f7237f0eb223 received client-request: Request { kind: ReserveTicket, customer: b6065db6-5f34-42b0-96fe-19c6c6acaf23, server: None, raw: .. }
Reserved ticket 1782 for customer b6065db6-5f34-42b0-96fe-19c6c6acaf23
Server 799bb1b2-bd8f-49e2-81f8-f7237f0eb223 received client-request: Request { kind: ReserveTicket, customer: db92194f-8d7d-4278-a414-2d218b23fb3e, server: None, raw: .. }
Reserved ticket 1781 for customer db92194f-8d7d-4278-a414-2d218b23fb3e
Server 799bb1b2-bd8f-49e2-81f8-f7237f0eb223 received client-request: Request { kind: ReserveTicket, customer: 4c5d8e91-29e3-402c-9768-3f9eebcb0264, server: None, raw: .. }
Reserved ticket 1780 for customer 4c5d8e91-29e3-402c-9768-3f9eebcb0264
Server 799bb1b2-bd8f-49e2-81f8-f7237f0eb223 received client-request: Request { kind: ReserveTicket, customer: 03c16832-73c7-4a93-9481-ca20833435d9, server: None, raw: .. }
Reserved ticket 1779 for customer 03c16832-73c7-4a93-9481-ca20833435d9
Server 799bb1b2-bd8f-49e2-81f8-f7237f0eb223 received client-request: Request { kind: ReserveTicket, customer: bf189ee7-3375-44d8-9384-4e3d66aa00f6, server: None, raw: .. }
Reserved ticket 1778 for customer bf189ee7-3375-44d8-9384-4e3d66aa00f6
Server 799bb1b2-bd8f-49e2-81f8-f7237f0eb223 received client-request: Request { kind: ReserveTicket, customer: 0c394a40-6adc-488f-a3b9-2404e7d33a95, server: None, raw: .. }
Reserved ticket 1777 for customer 0c394a40-6adc-488f-a3b9-2404e7d33a95
Server 799bb1b2-bd8f-49e2-81f8-f7237f0eb223 received client-request: Request { kind: ReserveTicket, customer: 588be514-edd4-4221-aab4-9d2d8a111310, server: None, raw: .. }
Reserved ticket 1776 for customer 588be514-edd4-4221-aab4-9d2d8a111310
Server 799bb1b2-bd8f-49e2-81f8-f7237f0eb223 received client-request: Request { kind: ReserveTicket, customer: f755cbcd-19b2-4f74-873c-f470d00e22f4, server: None, raw: .. }
Reserved ticket 1775 for customer f755cbcd-19b2-4f74-873c-f470d00e22f4
Server 799bb1b2-bd8f-49e2-81f8-f7237f0eb223 received client-request: Request { kind: ReserveTicket, customer: 7402cdd5-1baf-4f4a-b9ac-12efc35da243, server: None, raw: .. }
Reserved ticket 1774 for customer 7402cdd5-1baf-4f4a-b9ac-12efc35da243
Server 799bb1b2-bd8f-49e2-81f8-f7237f0eb223 received client-request: Request { kind: ReserveTicket, customer: 71fdea52-b502-40a9-a18e-ddf7a8775732, server: None, raw: .. }
Reserved ticket 1773 for customer 71fdea52-b502-40a9-a18e-ddf7a8775732
Server 799bb1b2-bd8f-49e2-81f8-f7237f0eb223 received client-request: Request { kind: ReserveTicket, customer: ff152f14-4225-4732-831a-b9db820cd234, server: None, raw: .. }
Reserved ticket 1772 for customer ff152f14-4225-4732-831a-b9db820cd234
Server 799bb1b2-bd8f-49e2-81f8-f7237f0eb223 received client-request: Request { kind: ReserveTicket, customer: 1c10c3fc-019a-407b-b132-f01e1ba455c1, server: None, raw: .. }
Reserved ticket 1771 for customer 1c10c3fc-019a-407b-b132-f01e1ba455c1
Server 799bb1b2-bd8f-49e2-81f8-f7237f0eb223 received client-request: Request { kind: ReserveTicket, customer: 0ff7645a-4d99-45dc-a657-606a6e49e6a9, server: None, raw: .. }
Reserved ticket 1770 for customer 0ff7645a-4d99-45dc-a657-606a6e49e6a9
Server 65a51e17-fff5-4036-8b94-6db5de4d28d8 received client-request: Request { kind: ReserveTicket, customer: 6c28b656-6399-4568-885d-afbbdb7f4b68, server: None, raw: .. }
Reserved ticket 1769 for customer 6c28b656-6399-4568-885d-afbbdb7f4b68
Server 799bb1b2-bd8f-49e2-81f8-f7237f0eb223 received client-request: Request { kind: ReserveTicket, customer: 1e724d69-693a-4dd1-a60c-be75556b8265, server: None, raw: .. }
Reserved ticket 1768 for customer 1e724d69-693a-4dd1-a60c-be75556b8265
Server 799bb1b2-bd8f-49e2-81f8-f7237f0eb223 received client-request: Request { kind: ReserveTicket, customer: 8f90dad6-c2e1-4847-b987-4222b091ab79, server: None, raw: .. }
Reserved ticket 1767 for customer 8f90dad6-c2e1-4847-b987-4222b091ab79
Server 799bb1b2-bd8f-49e2-81f8-f7237f0eb223 received client-request: Request { kind: ReserveTicket, customer: e26c32c4-1dc1-45ff-9a85-87fb355bc4f1, server: None, raw: .. }
Reserved ticket 1766 for customer e26c32c4-1dc1-45ff-9a85-87fb355bc4f1
Server 799bb1b2-bd8f-49e2-81f8-f7237f0eb223 received client-request: Request { kind: ReserveTicket, customer: b3bebf05-2205-4548-b256-c3722aad7e60, server: None, raw: .. }
Reserved ticket 1765 for customer b3bebf05-2205-4548-b256-c3722aad7e60
Server 799bb1b2-bd8f-49e2-81f8-f7237f0eb223 received client-request: Request { kind: ReserveTicket, customer: a54b5007-f160-4db1-b705-b22d87c69ad9, server: None, raw: .. }
Reserved ticket 1764 for customer a54b5007-f160-4db1-b705-b22d87c69ad9
Server 799bb1b2-bd8f-49e2-81f8-f7237f0eb223 received client-request: Request { kind: ReserveTicket, customer: 645d4d0c-3761-4797-a4cd-cc5e5b4ce395, server: None, raw: .. }
Reserved ticket 1763 for customer 645d4d0c-3761-4797-a4cd-cc5e5b4ce395
Server 799bb1b2-bd8f-49e2-81f8-f7237f0eb223 received client-request: Request { kind: ReserveTicket, customer: f083b231-f203-4f74-9f39-5e3281d2ddc3, server: None, raw: .. }
Reserved ticket 1762 for customer f083b231-f203-4f74-9f39-5e3281d2ddc3
Server 799bb1b2-bd8f-49e2-81f8-f7237f0eb223 received client-request: Request { kind: ReserveTicket, customer: ef15a17d-2ef0-434b-bfac-c1247d449b21, server: None, raw: .. }
Reserved ticket 1761 for customer ef15a17d-2ef0-434b-bfac-c1247d449b21
Server 799bb1b2-bd8f-49e2-81f8-f7237f0eb223 received client-request: Request { kind: ReserveTicket, customer: 14d8fd4a-521b-42d3-8e7f-130eca0a2861, server: None, raw: .. }
Reserved ticket 1760 for customer 14d8fd4a-521b-42d3-8e7f-130eca0a2861
Server 799bb1b2-bd8f-49e2-81f8-f7237f0eb223 received client-request: Request { kind: ReserveTicket, customer: 3affb9a1-9b30-4f05-a3f8-6b700dbc7251, server: None, raw: .. }
Reserved ticket 1759 for customer 3affb9a1-9b30-4f05-a3f8-6b700dbc7251
Server 799bb1b2-bd8f-49e2-81f8-f7237f0eb223 received client-request: Request { kind: ReserveTicket, customer: 7a73227f-70dc-4cca-bc2c-9167e92934a9, server: None, raw: .. }
Reserved ticket 1758 for customer 7a73227f-70dc-4cca-bc2c-9167e92934a9
Server 799bb1b2-bd8f-49e2-81f8-f7237f0eb223 received client-request: Request { kind: ReserveTicket, customer: d1dbc9ca-f70b-4f3c-844b-e093574cb7c9, server: None, raw: .. }
Reserved ticket 1757 for customer d1dbc9ca-f70b-4f3c-844b-e093574cb7c9
Server 799bb1b2-bd8f-49e2-81f8-f7237f0eb223 received client-request: Request { kind: ReserveTicket, customer: f6cd1780-0b8d-47e1-906a-ca5b1c1893d0, server: None, raw: .. }
Reserved ticket 1756 for customer f6cd1780-0b8d-47e1-906a-ca5b1c1893d0
Server 799bb1b2-bd8f-49e2-81f8-f7237f0eb223 received client-request: Request { kind: ReserveTicket, customer: b3db91f7-08a0-4d70-aa28-39514c68aa85, server: None, raw: .. }
Reserved ticket 1755 for customer b3db91f7-08a0-4d70-aa28-39514c68aa85
Server 799bb1b2-bd8f-49e2-81f8-f7237f0eb223 received client-request: Request { kind: ReserveTicket, customer: 2af43cd8-db5b-4289-a278-c7b107ee9bdd, server: None, raw: .. }
Reserved ticket 1754 for customer 2af43cd8-db5b-4289-a278-c7b107ee9bdd
Server 799bb1b2-bd8f-49e2-81f8-f7237f0eb223 received client-request: Request { kind: ReserveTicket, customer: cee8a01b-51a3-402e-bcd1-354e5ea8ce8d, server: None, raw: .. }
Reserved ticket 1753 for customer cee8a01b-51a3-402e-bcd1-354e5ea8ce8d
Server 799bb1b2-bd8f-49e2-81f8-f7237f0eb223 received client-request: Request { kind: ReserveTicket, customer: bc7ff52e-083a-4fe5-a6cb-5158fb923954, server: None, raw: .. }
Reserved ticket 1752 for customer bc7ff52e-083a-4fe5-a6cb-5158fb923954
Server 799bb1b2-bd8f-49e2-81f8-f7237f0eb223 received client-request: Request { kind: ReserveTicket, customer: 9c2de8d8-6d7c-48fa-8b05-a1041e6a51e7, server: None, raw: .. }
Reserved ticket 1751 for customer 9c2de8d8-6d7c-48fa-8b05-a1041e6a51e7
Server 799bb1b2-bd8f-49e2-81f8-f7237f0eb223 received client-request: Request { kind: ReserveTicket, customer: f721bb2d-acb1-4379-9c69-0f4799f06228, server: None, raw: .. }
Reserved ticket 1750 for customer f721bb2d-acb1-4379-9c69-0f4799f06228
Server 65a51e17-fff5-4036-8b94-6db5de4d28d8 received client-request: Request { kind: ReserveTicket, customer: 3e999ec0-f354-4cfe-ac53-f7769dbbd3da, server: None, raw: .. }
Reserved ticket 1749 for customer 3e999ec0-f354-4cfe-ac53-f7769dbbd3da
Server 799bb1b2-bd8f-49e2-81f8-f7237f0eb223 received client-request: Request { kind: ReserveTicket, customer: cde4df89-06d7-4e17-a265-90504c854715, server: None, raw: .. }
Reserved ticket 1748 for customer cde4df89-06d7-4e17-a265-90504c854715
Server 799bb1b2-bd8f-49e2-81f8-f7237f0eb223 received client-request: Request { kind: ReserveTicket, customer: 4cfac8fa-ec16-4dd0-a077-db99a76fa2b1, server: None, raw: .. }
Reserved ticket 1747 for customer 4cfac8fa-ec16-4dd0-a077-db99a76fa2b1
Server 799bb1b2-bd8f-49e2-81f8-f7237f0eb223 received client-request: Request { kind: ReserveTicket, customer: adc47523-46d1-4da8-9452-31d83ab1995a, server: None, raw: .. }
Reserved ticket 1746 for customer adc47523-46d1-4da8-9452-31d83ab1995a
Server 799bb1b2-bd8f-49e2-81f8-f7237f0eb223 received client-request: Request { kind: ReserveTicket, customer: 99ae1372-a4d9-43c3-94ba-a5d7cae0fa90, server: None, raw: .. }
Reserved ticket 1745 for customer 99ae1372-a4d9-43c3-94ba-a5d7cae0fa90
Server 799bb1b2-bd8f-49e2-81f8-f7237f0eb223 received client-request: Request { kind: ReserveTicket, customer: 72bebe8c-b0a2-48a2-b9f5-ea9f6cf78aa4, server: None, raw: .. }
Reserved ticket 1744 for customer 72bebe8c-b0a2-48a2-b9f5-ea9f6cf78aa4
Server 799bb1b2-bd8f-49e2-81f8-f7237f0eb223 received client-request: Request { kind: ReserveTicket, customer: 75ed1201-8b56-4019-90a5-2047fc939477, server: None, raw: .. }
Reserved ticket 1743 for customer 75ed1201-8b56-4019-90a5-2047fc939477
Server 799bb1b2-bd8f-49e2-81f8-f7237f0eb223 received client-request: Request { kind: ReserveTicket, customer: 4b275e5d-7949-44d3-abe8-09adc10cc7be, server: None, raw: .. }
Reserved ticket 1742 for customer 4b275e5d-7949-44d3-abe8-09adc10cc7be
Server 799bb1b2-bd8f-49e2-81f8-f7237f0eb223 received client-request: Request { kind: ReserveTicket, customer: caac3cd0-2bb3-4846-8940-50a3a67c2f7c, server: None, raw: .. }
Reserved ticket 1741 for customer caac3cd0-2bb3-4846-8940-50a3a67c2f7c
Server 799bb1b2-bd8f-49e2-81f8-f7237f0eb223 received client-request: Request { kind: ReserveTicket, customer: 867b2d6a-600a-4236-a20c-374711357224, server: None, raw: .. }
Reserved ticket 1740 for customer 867b2d6a-600a-4236-a20c-374711357224
Server 799bb1b2-bd8f-49e2-81f8-f7237f0eb223 received client-request: Request { kind: ReserveTicket, customer: 9dd4087c-81d2-4e81-b957-06e59f2c0d34, server: None, raw: .. }
Reserved ticket 1739 for customer 9dd4087c-81d2-4e81-b957-06e59f2c0d34
Server 799bb1b2-bd8f-49e2-81f8-f7237f0eb223 received client-request: Request { kind: ReserveTicket, customer: a79d3685-793b-47a7-8d9e-448d9a29feab, server: None, raw: .. }
Reserved ticket 1738 for customer a79d3685-793b-47a7-8d9e-448d9a29feab
Server 799bb1b2-bd8f-49e2-81f8-f7237f0eb223 received client-request: Request { kind: ReserveTicket, customer: 3bd62aa3-f77f-495b-9d59-fc2c2d867d11, server: None, raw: .. }
Reserved ticket 1737 for customer 3bd62aa3-f77f-495b-9d59-fc2c2d867d11
Server 799bb1b2-bd8f-49e2-81f8-f7237f0eb223 received client-request: Request { kind: ReserveTicket, customer: 4661b4b1-cb81-4bda-be0d-d7b4870a4668, server: None, raw: .. }
Reserved ticket 1736 for customer 4661b4b1-cb81-4bda-be0d-d7b4870a4668
Server 799bb1b2-bd8f-49e2-81f8-f7237f0eb223 received client-request: Request { kind: ReserveTicket, customer: 64d0e20d-09c6-4ca0-bfe9-4e253c661823, server: None, raw: .. }
Reserved ticket 1735 for customer 64d0e20d-09c6-4ca0-bfe9-4e253c661823
Server 799bb1b2-bd8f-49e2-81f8-f7237f0eb223 received client-request: Request { kind: ReserveTicket, customer: a5121fa5-9b46-4ea6-beb0-18eb25de0f18, server: None, raw: .. }
Reserved ticket 1734 for customer a5121fa5-9b46-4ea6-beb0-18eb25de0f18
Server 799bb1b2-bd8f-49e2-81f8-f7237f0eb223 received client-request: Request { kind: ReserveTicket, customer: b1464291-8433-45f0-860e-800ecf464e6f, server: None, raw: .. }
Reserved ticket 1733 for customer b1464291-8433-45f0-860e-800ecf464e6f
Server 799bb1b2-bd8f-49e2-81f8-f7237f0eb223 received client-request: Request { kind: ReserveTicket, customer: a89016e2-4d54-4ad0-baa3-54c96e7d3d5c, server: None, raw: .. }
Reserved ticket 1732 for customer a89016e2-4d54-4ad0-baa3-54c96e7d3d5c
Server 799bb1b2-bd8f-49e2-81f8-f7237f0eb223 received client-request: Request { kind: ReserveTicket, customer: 2807dbdc-81ee-4952-bb91-9da0ceb9823c, server: None, raw: .. }
Reserved ticket 1731 for customer 2807dbdc-81ee-4952-bb91-9da0ceb9823c
Server 799bb1b2-bd8f-49e2-81f8-f7237f0eb223 received client-request: Request { kind: ReserveTicket, customer: d22dcbb0-ae9f-45e3-8d99-781a155f5529, server: None, raw: .. }
Reserved ticket 1730 for customer d22dcbb0-ae9f-45e3-8d99-781a155f5529
Server 65a51e17-fff5-4036-8b94-6db5de4d28d8 received client-request: Request { kind: ReserveTicket, customer: 852f164d-e233-4136-9129-aa2ab083d872, server: None, raw: .. }
Reserved ticket 1729 for customer 852f164d-e233-4136-9129-aa2ab083d872
Server 799bb1b2-bd8f-49e2-81f8-f7237f0eb223 received client-request: Request { kind: ReserveTicket, customer: ddc82dbb-8ee4-4a75-a8e1-6329bff0f6fb, server: None, raw: .. }
Reserved ticket 1728 for customer ddc82dbb-8ee4-4a75-a8e1-6329bff0f6fb
Server 799bb1b2-bd8f-49e2-81f8-f7237f0eb223 received client-request: Request { kind: ReserveTicket, customer: cad1023f-14ca-48ee-8853-57cffd5d9ab7, server: None, raw: .. }
Reserved ticket 1727 for customer cad1023f-14ca-48ee-8853-57cffd5d9ab7
Server 799bb1b2-bd8f-49e2-81f8-f7237f0eb223 received client-request: Request { kind: ReserveTicket, customer: d19e605f-0a92-413f-92b8-e67fa1e685dd, server: None, raw: .. }
Reserved ticket 1726 for customer d19e605f-0a92-413f-92b8-e67fa1e685dd
Server 799bb1b2-bd8f-49e2-81f8-f7237f0eb223 received client-request: Request { kind: ReserveTicket, customer: 7bb3a203-5d2a-4452-a544-5d414006c392, server: None, raw: .. }
Reserved ticket 1725 for customer 7bb3a203-5d2a-4452-a544-5d414006c392
Server 799bb1b2-bd8f-49e2-81f8-f7237f0eb223 received client-request: Request { kind: ReserveTicket, customer: 04ef8e58-00d0-4a30-8b90-732bb4a35fce, server: None, raw: .. }
Reserved ticket 1724 for customer 04ef8e58-00d0-4a30-8b90-732bb4a35fce
Server 799bb1b2-bd8f-49e2-81f8-f7237f0eb223 received client-request: Request { kind: ReserveTicket, customer: 672b96e2-c96c-4f26-acbe-d74927fd39f1, server: None, raw: .. }
Reserved ticket 1723 for customer 672b96e2-c96c-4f26-acbe-d74927fd39f1
Server 799bb1b2-bd8f-49e2-81f8-f7237f0eb223 received client-request: Request { kind: ReserveTicket, customer: 739abd6b-5c57-417b-a0d0-4ea6356280a8, server: None, raw: .. }
Reserved ticket 1722 for customer 739abd6b-5c57-417b-a0d0-4ea6356280a8
Server 799bb1b2-bd8f-49e2-81f8-f7237f0eb223 received client-request: Request { kind: ReserveTicket, customer: 4f8a2fc7-4cd3-4ad9-ae5f-313cb03c17a2, server: None, raw: .. }
Reserved ticket 1721 for customer 4f8a2fc7-4cd3-4ad9-ae5f-313cb03c17a2
Server 799bb1b2-bd8f-49e2-81f8-f7237f0eb223 received client-request: Request { kind: ReserveTicket, customer: d14b8474-2d2e-43c2-aa2d-2a513ccbf8ec, server: None, raw: .. }
Reserved ticket 1720 for customer d14b8474-2d2e-43c2-aa2d-2a513ccbf8ec
Server 799bb1b2-bd8f-49e2-81f8-f7237f0eb223 received client-request: Request { kind: ReserveTicket, customer: 596dbd8a-ac67-42bd-9b73-5562f0a3e8ac, server: None, raw: .. }
Reserved ticket 1719 for customer 596dbd8a-ac67-42bd-9b73-5562f0a3e8ac
Server 799bb1b2-bd8f-49e2-81f8-f7237f0eb223 received client-request: Request { kind: ReserveTicket, customer: 1fefc37d-8b89-46a8-a023-ec9a764a8c46, server: None, raw: .. }
Reserved ticket 1718 for customer 1fefc37d-8b89-46a8-a023-ec9a764a8c46
Server 799bb1b2-bd8f-49e2-81f8-f7237f0eb223 received client-request: Request { kind: ReserveTicket, customer: 70254771-6a49-4ebc-8221-75f9a5fed31c, server: None, raw: .. }
Reserved ticket 1717 for customer 70254771-6a49-4ebc-8221-75f9a5fed31c
Server 799bb1b2-bd8f-49e2-81f8-f7237f0eb223 received client-request: Request { kind: ReserveTicket, customer: f2985e76-2917-48c2-ab76-94a76cfbe489, server: None, raw: .. }
Reserved ticket 1716 for customer f2985e76-2917-48c2-ab76-94a76cfbe489
Server 799bb1b2-bd8f-49e2-81f8-f7237f0eb223 received client-request: Request { kind: ReserveTicket, customer: ec658a4c-15e8-45f3-ac57-5d36a9d2af60, server: None, raw: .. }
Reserved ticket 1715 for customer ec658a4c-15e8-45f3-ac57-5d36a9d2af60
Server 799bb1b2-bd8f-49e2-81f8-f7237f0eb223 received client-request: Request { kind: ReserveTicket, customer: eba1671b-0a33-4654-9833-85374ab0df5e, server: None, raw: .. }
Reserved ticket 1714 for customer eba1671b-0a33-4654-9833-85374ab0df5e
Server 799bb1b2-bd8f-49e2-81f8-f7237f0eb223 received client-request: Request { kind: ReserveTicket, customer: ef7aa2c2-9c3b-4351-9aee-c594ccbd3fff, server: None, raw: .. }
Reserved ticket 1713 for customer ef7aa2c2-9c3b-4351-9aee-c594ccbd3fff
Server 799bb1b2-bd8f-49e2-81f8-f7237f0eb223 received client-request: Request { kind: ReserveTicket, customer: 216d67db-73f4-48e4-bb36-ce853dd6316e, server: None, raw: .. }
Reserved ticket 1712 for customer 216d67db-73f4-48e4-bb36-ce853dd6316e
Server 799bb1b2-bd8f-49e2-81f8-f7237f0eb223 received client-request: Request { kind: ReserveTicket, customer: 4ea1ccfc-a710-4071-978d-7afd0b0e2f6f, server: None, raw: .. }
Reserved ticket 1711 for customer 4ea1ccfc-a710-4071-978d-7afd0b0e2f6f
Server 799bb1b2-bd8f-49e2-81f8-f7237f0eb223 received client-request: Request { kind: ReserveTicket, customer: d89ecd3d-6791-4990-9cb9-7e7cb45eca0a, server: None, raw: .. }
Reserved ticket 1710 for customer d89ecd3d-6791-4990-9cb9-7e7cb45eca0a
Server 65a51e17-fff5-4036-8b94-6db5de4d28d8 received client-request: Request { kind: ReserveTicket, customer: 459d3e3f-6094-4bf4-b74b-c08d1f435055, server: None, raw: .. }
Reserved ticket 1709 for customer 459d3e3f-6094-4bf4-b74b-c08d1f435055
Server 799bb1b2-bd8f-49e2-81f8-f7237f0eb223 received client-request: Request { kind: ReserveTicket, customer: 18bb43d8-ae1e-4c3c-a786-9cdd67083662, server: None, raw: .. }
Reserved ticket 1708 for customer 18bb43d8-ae1e-4c3c-a786-9cdd67083662
Server 799bb1b2-bd8f-49e2-81f8-f7237f0eb223 received client-request: Request { kind: ReserveTicket, customer: 9ad47758-0993-42a4-80aa-4e664121c5ae, server: None, raw: .. }
Reserved ticket 1707 for customer 9ad47758-0993-42a4-80aa-4e664121c5ae
Server 799bb1b2-bd8f-49e2-81f8-f7237f0eb223 received client-request: Request { kind: ReserveTicket, customer: 1cec9dd4-aa5e-4ead-a65c-388bafac911f, server: None, raw: .. }
Reserved ticket 1706 for customer 1cec9dd4-aa5e-4ead-a65c-388bafac911f
Server 799bb1b2-bd8f-49e2-81f8-f7237f0eb223 received client-request: Request { kind: ReserveTicket, customer: de2611be-a708-4867-a4f1-375806f0ade2, server: None, raw: .. }
Reserved ticket 1705 for customer de2611be-a708-4867-a4f1-375806f0ade2
Server 799bb1b2-bd8f-49e2-81f8-f7237f0eb223 received client-request: Request { kind: ReserveTicket, customer: 94eefaa5-b0a4-4df3-83c2-fc14a2dd14d1, server: None, raw: .. }
Reserved ticket 1704 for customer 94eefaa5-b0a4-4df3-83c2-fc14a2dd14d1
Server 799bb1b2-bd8f-49e2-81f8-f7237f0eb223 received client-request: Request { kind: ReserveTicket, customer: d12c7e3b-d281-4178-becf-8639107ef6aa, server: None, raw: .. }
Reserved ticket 1703 for customer d12c7e3b-d281-4178-becf-8639107ef6aa
Server 799bb1b2-bd8f-49e2-81f8-f7237f0eb223 received client-request: Request { kind: ReserveTicket, customer: a29711b0-87de-450d-99fd-7f01c5a37e45, server: None, raw: .. }
Reserved ticket 1702 for customer a29711b0-87de-450d-99fd-7f01c5a37e45
Server 799bb1b2-bd8f-49e2-81f8-f7237f0eb223 received client-request: Request { kind: ReserveTicket, customer: bafa54f6-4f37-4dfa-b1ee-8bf3b1e7d4ff, server: None, raw: .. }
Reserved ticket 1701 for customer bafa54f6-4f37-4dfa-b1ee-8bf3b1e7d4ff
Server 799bb1b2-bd8f-49e2-81f8-f7237f0eb223 received client-request: Request { kind: ReserveTicket, customer: af1ac308-dc09-42b1-95e7-e02096980e4f, server: None, raw: .. }
Reserved ticket 1700 for customer af1ac308-dc09-42b1-95e7-e02096980e4f
Server 799bb1b2-bd8f-49e2-81f8-f7237f0eb223 received client-request: Request { kind: ReserveTicket, customer: d1326689-e9fc-4cfb-8763-a6e340332554, server: None, raw: .. }
Reserved ticket 1699 for customer d1326689-e9fc-4cfb-8763-a6e340332554
Server 799bb1b2-bd8f-49e2-81f8-f7237f0eb223 received client-request: Request { kind: ReserveTicket, customer: 9b6a5420-cda9-407f-a319-a9e54d176315, server: None, raw: .. }
Reserved ticket 1698 for customer 9b6a5420-cda9-407f-a319-a9e54d176315
Server 799bb1b2-bd8f-49e2-81f8-f7237f0eb223 received client-request: Request { kind: ReserveTicket, customer: 32654f1f-89b3-48c0-baea-fb1acaf7c654, server: None, raw: .. }
Reserved ticket 1697 for customer 32654f1f-89b3-48c0-baea-fb1acaf7c654
Server 799bb1b2-bd8f-49e2-81f8-f7237f0eb223 received client-request: Request { kind: ReserveTicket, customer: b88a597b-7f65-4626-a038-8d8e7fb036fa, server: None, raw: .. }
Reserved ticket 1696 for customer b88a597b-7f65-4626-a038-8d8e7fb036fa
Server 799bb1b2-bd8f-49e2-81f8-f7237f0eb223 received client-request: Request { kind: ReserveTicket, customer: 4b720c8b-2ca5-494b-b93f-c1a54a0ffdb0, server: None, raw: .. }
Reserved ticket 1695 for customer 4b720c8b-2ca5-494b-b93f-c1a54a0ffdb0
Server 799bb1b2-bd8f-49e2-81f8-f7237f0eb223 received client-request: Request { kind: ReserveTicket, customer: d1b840da-8c6c-4d06-a48e-ae66ee86f058, server: None, raw: .. }
Reserved ticket 1694 for customer d1b840da-8c6c-4d06-a48e-ae66ee86f058
Server 799bb1b2-bd8f-49e2-81f8-f7237f0eb223 received client-request: Request { kind: ReserveTicket, customer: 0073150d-4655-4ec6-af76-5c2f0eee2867, server: None, raw: .. }
Reserved ticket 1693 for customer 0073150d-4655-4ec6-af76-5c2f0eee2867
Server 799bb1b2-bd8f-49e2-81f8-f7237f0eb223 received client-request: Request { kind: ReserveTicket, customer: 488c92d5-b809-40b9-a00c-ce2144928fde, server: None, raw: .. }
Reserved ticket 1692 for customer 488c92d5-b809-40b9-a00c-ce2144928fde
Server 799bb1b2-bd8f-49e2-81f8-f7237f0eb223 received client-request: Request { kind: ReserveTicket, customer: e910f922-ca4b-42e9-a00a-11c8be4ae3d1, server: None, raw: .. }
Reserved ticket 1691 for customer e910f922-ca4b-42e9-a00a-11c8be4ae3d1
Server 799bb1b2-bd8f-49e2-81f8-f7237f0eb223 received client-request: Request { kind: ReserveTicket, customer: 5280a8ea-3480-4699-a59d-143cac71c83a, server: None, raw: .. }
Reserved ticket 1690 for customer 5280a8ea-3480-4699-a59d-143cac71c83a
Server 65a51e17-fff5-4036-8b94-6db5de4d28d8 received client-request: Request { kind: ReserveTicket, customer: a5dc3f6f-3a83-4752-a1f9-8cb798c0ca04, server: None, raw: .. }
Reserved ticket 1689 for customer a5dc3f6f-3a83-4752-a1f9-8cb798c0ca04
Server 799bb1b2-bd8f-49e2-81f8-f7237f0eb223 received client-request: Request { kind: ReserveTicket, customer: 63893dc4-0906-4f9e-9073-9e178630bb3e, server: None, raw: .. }
Reserved ticket 1688 for customer 63893dc4-0906-4f9e-9073-9e178630bb3e
Server 799bb1b2-bd8f-49e2-81f8-f7237f0eb223 received client-request: Request { kind: ReserveTicket, customer: 1f422368-540b-4520-b300-64417d37a128, server: None, raw: .. }
Reserved ticket 1687 for customer 1f422368-540b-4520-b300-64417d37a128
Server 799bb1b2-bd8f-49e2-81f8-f7237f0eb223 received client-request: Request { kind: ReserveTicket, customer: 14b683ef-b47a-4dfc-9413-3b65af651839, server: None, raw: .. }
Reserved ticket 1686 for customer 14b683ef-b47a-4dfc-9413-3b65af651839
Server 799bb1b2-bd8f-49e2-81f8-f7237f0eb223 received client-request: Request { kind: ReserveTicket, customer: 84fb47b0-61e5-4a0f-9d2d-c29b8df272ea, server: None, raw: .. }
Reserved ticket 1685 for customer 84fb47b0-61e5-4a0f-9d2d-c29b8df272ea
Server 799bb1b2-bd8f-49e2-81f8-f7237f0eb223 received client-request: Request { kind: ReserveTicket, customer: 026fe05a-8575-4186-a800-ef5b1a27aa59, server: None, raw: .. }
Reserved ticket 1684 for customer 026fe05a-8575-4186-a800-ef5b1a27aa59
Server 799bb1b2-bd8f-49e2-81f8-f7237f0eb223 received client-request: Request { kind: ReserveTicket, customer: 8f7d2e2b-eb13-4377-9612-0eef6a396715, server: None, raw: .. }
Reserved ticket 1683 for customer 8f7d2e2b-eb13-4377-9612-0eef6a396715
Server 799bb1b2-bd8f-49e2-81f8-f7237f0eb223 received client-request: Request { kind: ReserveTicket, customer: 4daaad62-48bf-48c6-813f-39ae1f8a5ef2, server: None, raw: .. }
Reserved ticket 1682 for customer 4daaad62-48bf-48c6-813f-39ae1f8a5ef2
Server 799bb1b2-bd8f-49e2-81f8-f7237f0eb223 received client-request: Request { kind: ReserveTicket, customer: 693fb7ca-4d29-4622-b907-92374ac3c3e3, server: None, raw: .. }
Reserved ticket 1681 for customer 693fb7ca-4d29-4622-b907-92374ac3c3e3
Server 799bb1b2-bd8f-49e2-81f8-f7237f0eb223 received client-request: Request { kind: ReserveTicket, customer: 30638203-1cf6-4737-8115-2721cf1da9d8, server: None, raw: .. }
Reserved ticket 1680 for customer 30638203-1cf6-4737-8115-2721cf1da9d8
Server 799bb1b2-bd8f-49e2-81f8-f7237f0eb223 received client-request: Request { kind: ReserveTicket, customer: 32383b95-0b45-47cb-8ba3-3ab9f56abe94, server: None, raw: .. }
Reserved ticket 1679 for customer 32383b95-0b45-47cb-8ba3-3ab9f56abe94
Server 799bb1b2-bd8f-49e2-81f8-f7237f0eb223 received client-request: Request { kind: ReserveTicket, customer: 3cbe6ccb-b2a4-4727-9a7c-e8902ccbe4c3, server: None, raw: .. }
Reserved ticket 1678 for customer 3cbe6ccb-b2a4-4727-9a7c-e8902ccbe4c3
Server 799bb1b2-bd8f-49e2-81f8-f7237f0eb223 received client-request: Request { kind: ReserveTicket, customer: 2b1b97b1-bf28-407f-a8fb-07b18d2861da, server: None, raw: .. }
Reserved ticket 1677 for customer 2b1b97b1-bf28-407f-a8fb-07b18d2861da
Server 799bb1b2-bd8f-49e2-81f8-f7237f0eb223 received client-request: Request { kind: ReserveTicket, customer: 51a294ed-9906-463d-83c8-277502703e09, server: None, raw: .. }
Reserved ticket 1676 for customer 51a294ed-9906-463d-83c8-277502703e09
Server 799bb1b2-bd8f-49e2-81f8-f7237f0eb223 received client-request: Request { kind: ReserveTicket, customer: 249ba0af-08e5-4062-846b-6e81f43e096f, server: None, raw: .. }
Reserved ticket 1675 for customer 249ba0af-08e5-4062-846b-6e81f43e096f
Server 799bb1b2-bd8f-49e2-81f8-f7237f0eb223 received client-request: Request { kind: ReserveTicket, customer: 47019e7f-c835-4a9a-b884-e557df7448dc, server: None, raw: .. }
Reserved ticket 1674 for customer 47019e7f-c835-4a9a-b884-e557df7448dc
Server 799bb1b2-bd8f-49e2-81f8-f7237f0eb223 received client-request: Request { kind: ReserveTicket, customer: 16fcf782-a663-4ac8-842f-9ee6861e576a, server: None, raw: .. }
Reserved ticket 1673 for customer 16fcf782-a663-4ac8-842f-9ee6861e576a
Server 799bb1b2-bd8f-49e2-81f8-f7237f0eb223 received client-request: Request { kind: ReserveTicket, customer: a4f9f50c-32a7-4071-b4b4-94898d8b2478, server: None, raw: .. }
Reserved ticket 1672 for customer a4f9f50c-32a7-4071-b4b4-94898d8b2478
Server 799bb1b2-bd8f-49e2-81f8-f7237f0eb223 received client-request: Request { kind: ReserveTicket, customer: 6719e6aa-d344-4a31-a423-738ebaa504f1, server: None, raw: .. }
Reserved ticket 1671 for customer 6719e6aa-d344-4a31-a423-738ebaa504f1
Server 799bb1b2-bd8f-49e2-81f8-f7237f0eb223 received client-request: Request { kind: ReserveTicket, customer: 12f2ca6c-ba7d-45f7-bc98-9ba25aaa5663, server: None, raw: .. }
Reserved ticket 1670 for customer 12f2ca6c-ba7d-45f7-bc98-9ba25aaa5663
Server 65a51e17-fff5-4036-8b94-6db5de4d28d8 received client-request: Request { kind: ReserveTicket, customer: 51849b74-9742-4194-aeb0-19d1dbf8841d, server: None, raw: .. }
Reserved ticket 1669 for customer 51849b74-9742-4194-aeb0-19d1dbf8841d
Server 799bb1b2-bd8f-49e2-81f8-f7237f0eb223 received client-request: Request { kind: ReserveTicket, customer: 0c07f0cb-9823-49e3-83da-15216f51dcef, server: None, raw: .. }
Reserved ticket 1668 for customer 0c07f0cb-9823-49e3-83da-15216f51dcef
Server 799bb1b2-bd8f-49e2-81f8-f7237f0eb223 received client-request: Request { kind: ReserveTicket, customer: 936daeec-8664-4f49-80e2-e4f36676a50d, server: None, raw: .. }
Reserved ticket 1667 for customer 936daeec-8664-4f49-80e2-e4f36676a50d
Server 799bb1b2-bd8f-49e2-81f8-f7237f0eb223 received client-request: Request { kind: ReserveTicket, customer: 9ff767a7-a3df-480a-8b8d-728b095d27d9, server: None, raw: .. }
Reserved ticket 1666 for customer 9ff767a7-a3df-480a-8b8d-728b095d27d9
Server 799bb1b2-bd8f-49e2-81f8-f7237f0eb223 received client-request: Request { kind: ReserveTicket, customer: 3cdd4897-6c32-4c02-b377-4b36e00a10b0, server: None, raw: .. }
Reserved ticket 1665 for customer 3cdd4897-6c32-4c02-b377-4b36e00a10b0
Server 799bb1b2-bd8f-49e2-81f8-f7237f0eb223 received client-request: Request { kind: ReserveTicket, customer: 26dbbdd8-c4e7-4b18-b55c-b1fb996eaeae, server: None, raw: .. }
Reserved ticket 1664 for customer 26dbbdd8-c4e7-4b18-b55c-b1fb996eaeae
Server 799bb1b2-bd8f-49e2-81f8-f7237f0eb223 received client-request: Request { kind: ReserveTicket, customer: 6c07c472-9ef4-45a0-aa1b-2b279e03e6b4, server: None, raw: .. }
Reserved ticket 1663 for customer 6c07c472-9ef4-45a0-aa1b-2b279e03e6b4
Server 799bb1b2-bd8f-49e2-81f8-f7237f0eb223 received client-request: Request { kind: ReserveTicket, customer: 40205a7e-c9c7-427c-8819-ac4e296f5ad6, server: None, raw: .. }
Reserved ticket 1662 for customer 40205a7e-c9c7-427c-8819-ac4e296f5ad6
Server 799bb1b2-bd8f-49e2-81f8-f7237f0eb223 received client-request: Request { kind: ReserveTicket, customer: 6207d8dd-e139-4abf-8304-067d42205076, server: None, raw: .. }
Reserved ticket 1661 for customer 6207d8dd-e139-4abf-8304-067d42205076
Server 799bb1b2-bd8f-49e2-81f8-f7237f0eb223 received client-request: Request { kind: ReserveTicket, customer: c2dc36ed-dd2d-47e7-95e0-aa92e7c104e5, server: None, raw: .. }
Reserved ticket 1660 for customer c2dc36ed-dd2d-47e7-95e0-aa92e7c104e5
Server 799bb1b2-bd8f-49e2-81f8-f7237f0eb223 received client-request: Request { kind: ReserveTicket, customer: 81e7ad49-01ba-4337-9c66-7c2b9072c918, server: None, raw: .. }
Reserved ticket 1659 for customer 81e7ad49-01ba-4337-9c66-7c2b9072c918
Server 799bb1b2-bd8f-49e2-81f8-f7237f0eb223 received client-request: Request { kind: ReserveTicket, customer: b0d32f04-bac4-44a5-adac-64012d19132c, server: None, raw: .. }
Reserved ticket 1658 for customer b0d32f04-bac4-44a5-adac-64012d19132c
Server 799bb1b2-bd8f-49e2-81f8-f7237f0eb223 received client-request: Request { kind: ReserveTicket, customer: 101f07c8-d37d-432f-8cb9-0678e8a3a7a6, server: None, raw: .. }
Reserved ticket 1657 for customer 101f07c8-d37d-432f-8cb9-0678e8a3a7a6
Server 799bb1b2-bd8f-49e2-81f8-f7237f0eb223 received client-request: Request { kind: ReserveTicket, customer: 5cfb4c4e-1c2b-40b4-9d54-b2c5fbcd6c8e, server: None, raw: .. }
Reserved ticket 1656 for customer 5cfb4c4e-1c2b-40b4-9d54-b2c5fbcd6c8e
Server 799bb1b2-bd8f-49e2-81f8-f7237f0eb223 received client-request: Request { kind: ReserveTicket, customer: 6fe894f8-fe17-48bd-9a84-8b20eb38c8db, server: None, raw: .. }
Reserved ticket 1655 for customer 6fe894f8-fe17-48bd-9a84-8b20eb38c8db
Server 799bb1b2-bd8f-49e2-81f8-f7237f0eb223 received client-request: Request { kind: ReserveTicket, customer: 0823e678-dc68-4f41-a4dc-134c6d3238d9, server: None, raw: .. }
Reserved ticket 1654 for customer 0823e678-dc68-4f41-a4dc-134c6d3238d9
Server 799bb1b2-bd8f-49e2-81f8-f7237f0eb223 received client-request: Request { kind: ReserveTicket, customer: e9f299ad-c947-4bd1-b788-37b5633694b1, server: None, raw: .. }
Reserved ticket 1653 for customer e9f299ad-c947-4bd1-b788-37b5633694b1
Server 799bb1b2-bd8f-49e2-81f8-f7237f0eb223 received client-request: Request { kind: ReserveTicket, customer: a0655a15-36a8-441c-870a-7c5b1d70c1c6, server: None, raw: .. }
Reserved ticket 1652 for customer a0655a15-36a8-441c-870a-7c5b1d70c1c6
Server 799bb1b2-bd8f-49e2-81f8-f7237f0eb223 received client-request: Request { kind: ReserveTicket, customer: 41f3f927-1a19-47f4-887b-fa41d19d803d, server: None, raw: .. }
Reserved ticket 1651 for customer 41f3f927-1a19-47f4-887b-fa41d19d803d
Server 799bb1b2-bd8f-49e2-81f8-f7237f0eb223 received client-request: Request { kind: ReserveTicket, customer: a124d84a-fde4-4812-9444-33418340427f, server: None, raw: .. }
Reserved ticket 1650 for customer a124d84a-fde4-4812-9444-33418340427f
Server 65a51e17-fff5-4036-8b94-6db5de4d28d8 received client-request: Request { kind: ReserveTicket, customer: 63bd8d89-63f6-48a3-bf35-17ae6e2644f0, server: None, raw: .. }
Reserved ticket 1649 for customer 63bd8d89-63f6-48a3-bf35-17ae6e2644f0
Server 799bb1b2-bd8f-49e2-81f8-f7237f0eb223 received client-request: Request { kind: ReserveTicket, customer: c98a80c2-f26b-47d4-ac5a-ba02dff0a5aa, server: None, raw: .. }
Reserved ticket 1648 for customer c98a80c2-f26b-47d4-ac5a-ba02dff0a5aa
Server 799bb1b2-bd8f-49e2-81f8-f7237f0eb223 received client-request: Request { kind: ReserveTicket, customer: 61fcd7dc-9e22-488d-b8d0-c2d575fc5ee2, server: None, raw: .. }
Reserved ticket 1647 for customer 61fcd7dc-9e22-488d-b8d0-c2d575fc5ee2
Server 799bb1b2-bd8f-49e2-81f8-f7237f0eb223 received client-request: Request { kind: ReserveTicket, customer: d85c47dd-9566-4db4-9419-936b360c15e1, server: None, raw: .. }
Reserved ticket 1646 for customer d85c47dd-9566-4db4-9419-936b360c15e1
Server 799bb1b2-bd8f-49e2-81f8-f7237f0eb223 received client-request: Request { kind: ReserveTicket, customer: 337fe02e-4895-4ddb-b925-46d4b911c208, server: None, raw: .. }
Reserved ticket 1645 for customer 337fe02e-4895-4ddb-b925-46d4b911c208
Server 799bb1b2-bd8f-49e2-81f8-f7237f0eb223 received client-request: Request { kind: ReserveTicket, customer: 9014a3e0-f4ed-4d06-a385-7e014eb9c95d, server: None, raw: .. }
Reserved ticket 1644 for customer 9014a3e0-f4ed-4d06-a385-7e014eb9c95d
Server 799bb1b2-bd8f-49e2-81f8-f7237f0eb223 received client-request: Request { kind: ReserveTicket, customer: 2c2e13df-5e53-45db-b956-de09cf5a87a7, server: None, raw: .. }
Reserved ticket 1643 for customer 2c2e13df-5e53-45db-b956-de09cf5a87a7
Server 799bb1b2-bd8f-49e2-81f8-f7237f0eb223 received client-request: Request { kind: ReserveTicket, customer: 005b1e60-7539-4e21-bd0c-b46717916c5c, server: None, raw: .. }
Reserved ticket 1642 for customer 005b1e60-7539-4e21-bd0c-b46717916c5c
Server 799bb1b2-bd8f-49e2-81f8-f7237f0eb223 received client-request: Request { kind: ReserveTicket, customer: efff282c-25be-4031-85e3-fe35bde4edd8, server: None, raw: .. }
Reserved ticket 1641 for customer efff282c-25be-4031-85e3-fe35bde4edd8
Server 799bb1b2-bd8f-49e2-81f8-f7237f0eb223 received client-request: Request { kind: ReserveTicket, customer: 15ad2c4b-08ae-47b7-80e0-341163956973, server: None, raw: .. }
Reserved ticket 1640 for customer 15ad2c4b-08ae-47b7-80e0-341163956973
Server 799bb1b2-bd8f-49e2-81f8-f7237f0eb223 received client-request: Request { kind: ReserveTicket, customer: 6f979807-58bf-42af-871b-160f18be145b, server: None, raw: .. }
Reserved ticket 1639 for customer 6f979807-58bf-42af-871b-160f18be145b
Server 799bb1b2-bd8f-49e2-81f8-f7237f0eb223 received client-request: Request { kind: ReserveTicket, customer: d656a22e-3873-4cbd-8337-2c68bee9b530, server: None, raw: .. }
Reserved ticket 1638 for customer d656a22e-3873-4cbd-8337-2c68bee9b530
Server 799bb1b2-bd8f-49e2-81f8-f7237f0eb223 received client-request: Request { kind: ReserveTicket, customer: 6d6fd2e5-2641-4927-a40b-e640a0e3c41e, server: None, raw: .. }
Reserved ticket 1637 for customer 6d6fd2e5-2641-4927-a40b-e640a0e3c41e
Server 799bb1b2-bd8f-49e2-81f8-f7237f0eb223 received client-request: Request { kind: ReserveTicket, customer: 2578669e-73f7-4bd4-b676-e94ac041b88f, server: None, raw: .. }
Reserved ticket 1636 for customer 2578669e-73f7-4bd4-b676-e94ac041b88f
Server 799bb1b2-bd8f-49e2-81f8-f7237f0eb223 received client-request: Request { kind: ReserveTicket, customer: 60f5bb74-7362-407e-910f-92f92b38833a, server: None, raw: .. }
Reserved ticket 1635 for customer 60f5bb74-7362-407e-910f-92f92b38833a
Server 799bb1b2-bd8f-49e2-81f8-f7237f0eb223 received client-request: Request { kind: ReserveTicket, customer: e02916db-94ac-4082-b845-12d93fb37530, server: None, raw: .. }
Reserved ticket 1634 for customer e02916db-94ac-4082-b845-12d93fb37530
Server 799bb1b2-bd8f-49e2-81f8-f7237f0eb223 received client-request: Request { kind: ReserveTicket, customer: 01b801e3-c037-43fb-83eb-fc332454c1bb, server: None, raw: .. }
Reserved ticket 1633 for customer 01b801e3-c037-43fb-83eb-fc332454c1bb
Server 799bb1b2-bd8f-49e2-81f8-f7237f0eb223 received client-request: Request { kind: ReserveTicket, customer: 3bbd05f0-21a2-4e60-8798-cede28ba5e71, server: None, raw: .. }
Reserved ticket 1632 for customer 3bbd05f0-21a2-4e60-8798-cede28ba5e71
Server 799bb1b2-bd8f-49e2-81f8-f7237f0eb223 received client-request: Request { kind: ReserveTicket, customer: 1565491e-69ef-4ac9-bc57-046727c3bfab, server: None, raw: .. }
Reserved ticket 1631 for customer 1565491e-69ef-4ac9-bc57-046727c3bfab
Server 799bb1b2-bd8f-49e2-81f8-f7237f0eb223 received client-request: Request { kind: ReserveTicket, customer: 599ffac0-113f-49fa-9fb0-aac8fe3693c0, server: None, raw: .. }
Reserved ticket 1630 for customer 599ffac0-113f-49fa-9fb0-aac8fe3693c0
Server 65a51e17-fff5-4036-8b94-6db5de4d28d8 received client-request: Request { kind: ReserveTicket, customer: 0fff7903-7573-4706-9b31-e3e41faa11c3, server: None, raw: .. }
Reserved ticket 1629 for customer 0fff7903-7573-4706-9b31-e3e41faa11c3
Server 799bb1b2-bd8f-49e2-81f8-f7237f0eb223 received client-request: Request { kind: ReserveTicket, customer: 248cf695-4bcb-4fce-ba51-b448de95fee6, server: None, raw: .. }
Reserved ticket 1628 for customer 248cf695-4bcb-4fce-ba51-b448de95fee6
Server 799bb1b2-bd8f-49e2-81f8-f7237f0eb223 received client-request: Request { kind: ReserveTicket, customer: d53d4341-ef75-419f-b8aa-7c5c0ead3cf2, server: None, raw: .. }
Reserved ticket 1627 for customer d53d4341-ef75-419f-b8aa-7c5c0ead3cf2
Server 799bb1b2-bd8f-49e2-81f8-f7237f0eb223 received client-request: Request { kind: ReserveTicket, customer: 15e71725-3218-483a-a855-85b9b8466d29, server: None, raw: .. }
Reserved ticket 1626 for customer 15e71725-3218-483a-a855-85b9b8466d29
Server 799bb1b2-bd8f-49e2-81f8-f7237f0eb223 received client-request: Request { kind: ReserveTicket, customer: 7982a8c6-e88b-449d-9b7a-8186d9bf28f0, server: None, raw: .. }
Reserved ticket 1625 for customer 7982a8c6-e88b-449d-9b7a-8186d9bf28f0
Server 799bb1b2-bd8f-49e2-81f8-f7237f0eb223 received client-request: Request { kind: ReserveTicket, customer: fbed4525-f4be-49a0-a855-f50c4e12f927, server: None, raw: .. }
Reserved ticket 1624 for customer fbed4525-f4be-49a0-a855-f50c4e12f927
Server 799bb1b2-bd8f-49e2-81f8-f7237f0eb223 received client-request: Request { kind: ReserveTicket, customer: 562b4408-2407-426e-b6e6-f446f89d662a, server: None, raw: .. }
Reserved ticket 1623 for customer 562b4408-2407-426e-b6e6-f446f89d662a
Server 799bb1b2-bd8f-49e2-81f8-f7237f0eb223 received client-request: Request { kind: ReserveTicket, customer: 83725cae-e452-45a8-aab3-f018b8c9df10, server: None, raw: .. }
Reserved ticket 1622 for customer 83725cae-e452-45a8-aab3-f018b8c9df10
Server 799bb1b2-bd8f-49e2-81f8-f7237f0eb223 received client-request: Request { kind: ReserveTicket, customer: 19e6cc73-9bcd-40d2-8dc6-5627f608143f, server: None, raw: .. }
Reserved ticket 1621 for customer 19e6cc73-9bcd-40d2-8dc6-5627f608143f
Server 799bb1b2-bd8f-49e2-81f8-f7237f0eb223 received client-request: Request { kind: ReserveTicket, customer: ac54b231-769b-423b-9267-92bc006de26d, server: None, raw: .. }
Reserved ticket 1620 for customer ac54b231-769b-423b-9267-92bc006de26d
Server 799bb1b2-bd8f-49e2-81f8-f7237f0eb223 received client-request: Request { kind: ReserveTicket, customer: 0dd4fc9c-b7df-4ff9-94cc-5a131f986a74, server: None, raw: .. }
Reserved ticket 1619 for customer 0dd4fc9c-b7df-4ff9-94cc-5a131f986a74
Server 799bb1b2-bd8f-49e2-81f8-f7237f0eb223 received client-request: Request { kind: ReserveTicket, customer: 1491684d-0e77-4240-8d47-b1d869a83407, server: None, raw: .. }
Reserved ticket 1618 for customer 1491684d-0e77-4240-8d47-b1d869a83407
Server 799bb1b2-bd8f-49e2-81f8-f7237f0eb223 received client-request: Request { kind: ReserveTicket, customer: 85627a5e-9223-4816-864e-51cc431d1d95, server: None, raw: .. }
Reserved ticket 1617 for customer 85627a5e-9223-4816-864e-51cc431d1d95
Server 799bb1b2-bd8f-49e2-81f8-f7237f0eb223 received client-request: Request { kind: ReserveTicket, customer: 53dba586-5cf4-447b-b1a8-e9333ebf7977, server: None, raw: .. }
Reserved ticket 1616 for customer 53dba586-5cf4-447b-b1a8-e9333ebf7977
Server 799bb1b2-bd8f-49e2-81f8-f7237f0eb223 received client-request: Request { kind: ReserveTicket, customer: a8c0cdf8-37be-4619-8a6b-64c6c088b74b, server: None, raw: .. }
Reserved ticket 1615 for customer a8c0cdf8-37be-4619-8a6b-64c6c088b74b
Server 799bb1b2-bd8f-49e2-81f8-f7237f0eb223 received client-request: Request { kind: ReserveTicket, customer: 2ca4ae81-62ff-4f03-a85c-16f1668dfa1c, server: None, raw: .. }
Reserved ticket 1614 for customer 2ca4ae81-62ff-4f03-a85c-16f1668dfa1c
Server 799bb1b2-bd8f-49e2-81f8-f7237f0eb223 received client-request: Request { kind: ReserveTicket, customer: 7f311460-c992-401f-a33d-452c0ea2d098, server: None, raw: .. }
Reserved ticket 1613 for customer 7f311460-c992-401f-a33d-452c0ea2d098
Server 799bb1b2-bd8f-49e2-81f8-f7237f0eb223 received client-request: Request { kind: ReserveTicket, customer: ac1e5c3f-d0fd-4628-ae7c-c470ebcdb2bc, server: None, raw: .. }
Reserved ticket 1612 for customer ac1e5c3f-d0fd-4628-ae7c-c470ebcdb2bc
Server 799bb1b2-bd8f-49e2-81f8-f7237f0eb223 received client-request: Request { kind: ReserveTicket, customer: 257c015f-36df-48f2-9ab8-47f6e2d2c685, server: None, raw: .. }
Reserved ticket 1611 for customer 257c015f-36df-48f2-9ab8-47f6e2d2c685
Server 799bb1b2-bd8f-49e2-81f8-f7237f0eb223 received client-request: Request { kind: ReserveTicket, customer: cc1823c5-575b-4dd4-b4a9-447fca3a7f2a, server: None, raw: .. }
Reserved ticket 1610 for customer cc1823c5-575b-4dd4-b4a9-447fca3a7f2a
Server 65a51e17-fff5-4036-8b94-6db5de4d28d8 received client-request: Request { kind: ReserveTicket, customer: 0e445a58-3072-4ad3-97ea-f48ed952d900, server: None, raw: .. }
Reserved ticket 1609 for customer 0e445a58-3072-4ad3-97ea-f48ed952d900
Server 799bb1b2-bd8f-49e2-81f8-f7237f0eb223 received client-request: Request { kind: ReserveTicket, customer: e66e18a5-75ce-4238-864c-106148020f5a, server: None, raw: .. }
Reserved ticket 1608 for customer e66e18a5-75ce-4238-864c-106148020f5a
Server 799bb1b2-bd8f-49e2-81f8-f7237f0eb223 received client-request: Request { kind: ReserveTicket, customer: 6e6fb539-66f0-4588-b573-06871b841534, server: None, raw: .. }
Reserved ticket 1607 for customer 6e6fb539-66f0-4588-b573-06871b841534
Server 799bb1b2-bd8f-49e2-81f8-f7237f0eb223 received client-request: Request { kind: ReserveTicket, customer: 38dcf9bf-fb16-497e-84f4-70889557aecc, server: None, raw: .. }
Reserved ticket 1606 for customer 38dcf9bf-fb16-497e-84f4-70889557aecc
Server 799bb1b2-bd8f-49e2-81f8-f7237f0eb223 received client-request: Request { kind: ReserveTicket, customer: 5b4cc2b6-bd19-4904-9152-5c8fec6f1167, server: None, raw: .. }
Reserved ticket 1605 for customer 5b4cc2b6-bd19-4904-9152-5c8fec6f1167
Server 799bb1b2-bd8f-49e2-81f8-f7237f0eb223 received client-request: Request { kind: ReserveTicket, customer: a831a17a-45e3-4531-b360-d7353e9514f6, server: None, raw: .. }
Reserved ticket 1604 for customer a831a17a-45e3-4531-b360-d7353e9514f6
Server 799bb1b2-bd8f-49e2-81f8-f7237f0eb223 received client-request: Request { kind: ReserveTicket, customer: 06799710-d7b9-4334-aeaa-569d0f8010e3, server: None, raw: .. }
Reserved ticket 1603 for customer 06799710-d7b9-4334-aeaa-569d0f8010e3
Server 799bb1b2-bd8f-49e2-81f8-f7237f0eb223 received client-request: Request { kind: ReserveTicket, customer: bd40cb85-6546-4fac-a207-ec8a81a131d6, server: None, raw: .. }
Reserved ticket 1602 for customer bd40cb85-6546-4fac-a207-ec8a81a131d6
Server 799bb1b2-bd8f-49e2-81f8-f7237f0eb223 received client-request: Request { kind: ReserveTicket, customer: 662c0e45-a2e3-41d0-924c-a59f088fcfb3, server: None, raw: .. }
Reserved ticket 1601 for customer 662c0e45-a2e3-41d0-924c-a59f088fcfb3
Server 799bb1b2-bd8f-49e2-81f8-f7237f0eb223 received client-request: Request { kind: ReserveTicket, customer: 46946a80-db1f-4395-bc8b-d76fd81cb0c7, server: None, raw: .. }
Reserved ticket 1600 for customer 46946a80-db1f-4395-bc8b-d76fd81cb0c7
Server 799bb1b2-bd8f-49e2-81f8-f7237f0eb223 received client-request: Request { kind: ReserveTicket, customer: 44b374df-166e-4bbd-a486-5f4d2b4feea1, server: None, raw: .. }
Reserved ticket 1599 for customer 44b374df-166e-4bbd-a486-5f4d2b4feea1
Server 799bb1b2-bd8f-49e2-81f8-f7237f0eb223 received client-request: Request { kind: ReserveTicket, customer: 3d554556-d4c8-47a5-a013-18995ed70e54, server: None, raw: .. }
Reserved ticket 1598 for customer 3d554556-d4c8-47a5-a013-18995ed70e54
Server 799bb1b2-bd8f-49e2-81f8-f7237f0eb223 received client-request: Request { kind: ReserveTicket, customer: 479b6d86-ec35-4cc5-93c9-c212b7a2e5aa, server: None, raw: .. }
Reserved ticket 1597 for customer 479b6d86-ec35-4cc5-93c9-c212b7a2e5aa
Server 799bb1b2-bd8f-49e2-81f8-f7237f0eb223 received client-request: Request { kind: ReserveTicket, customer: 22942c14-28e3-4a8f-8cd4-5bb074132790, server: None, raw: .. }
Reserved ticket 1596 for customer 22942c14-28e3-4a8f-8cd4-5bb074132790
Server 799bb1b2-bd8f-49e2-81f8-f7237f0eb223 received client-request: Request { kind: ReserveTicket, customer: 01f70d58-fd3a-45f8-afda-3776d19f6cc4, server: None, raw: .. }
Reserved ticket 1595 for customer 01f70d58-fd3a-45f8-afda-3776d19f6cc4
Server 799bb1b2-bd8f-49e2-81f8-f7237f0eb223 received client-request: Request { kind: ReserveTicket, customer: 04148a66-33ff-416c-884e-3114c986d567, server: None, raw: .. }
Reserved ticket 1594 for customer 04148a66-33ff-416c-884e-3114c986d567
Server 799bb1b2-bd8f-49e2-81f8-f7237f0eb223 received client-request: Request { kind: ReserveTicket, customer: c3a4363c-4e0a-401d-b843-416320cd9587, server: None, raw: .. }
Reserved ticket 1593 for customer c3a4363c-4e0a-401d-b843-416320cd9587
Server 799bb1b2-bd8f-49e2-81f8-f7237f0eb223 received client-request: Request { kind: ReserveTicket, customer: ec9db92a-1cda-45fa-9a26-8b4e0076b470, server: None, raw: .. }
Reserved ticket 1592 for customer ec9db92a-1cda-45fa-9a26-8b4e0076b470
Server 799bb1b2-bd8f-49e2-81f8-f7237f0eb223 received client-request: Request { kind: ReserveTicket, customer: fe65a83e-8e33-4e55-a4e1-fe1833e1d433, server: None, raw: .. }
Reserved ticket 1591 for customer fe65a83e-8e33-4e55-a4e1-fe1833e1d433
Server 799bb1b2-bd8f-49e2-81f8-f7237f0eb223 received client-request: Request { kind: ReserveTicket, customer: c4ac59cb-f879-44ea-b2a6-2db03f79cf0f, server: None, raw: .. }
Reserved ticket 1590 for customer c4ac59cb-f879-44ea-b2a6-2db03f79cf0f
Server 65a51e17-fff5-4036-8b94-6db5de4d28d8 received client-request: Request { kind: ReserveTicket, customer: e932c6b9-5209-43c4-a77b-f5d92c414826, server: None, raw: .. }
Reserved ticket 1589 for customer e932c6b9-5209-43c4-a77b-f5d92c414826
Server 799bb1b2-bd8f-49e2-81f8-f7237f0eb223 received client-request: Request { kind: ReserveTicket, customer: b5a48e3f-6b85-4b67-a08b-adb452e3cb9d, server: None, raw: .. }
Reserved ticket 1588 for customer b5a48e3f-6b85-4b67-a08b-adb452e3cb9d
Server 799bb1b2-bd8f-49e2-81f8-f7237f0eb223 received client-request: Request { kind: ReserveTicket, customer: 227764b3-7e24-434e-886e-f2fab02a55c1, server: None, raw: .. }
Reserved ticket 1587 for customer 227764b3-7e24-434e-886e-f2fab02a55c1
Server 799bb1b2-bd8f-49e2-81f8-f7237f0eb223 received client-request: Request { kind: ReserveTicket, customer: da9b46b3-d737-477c-be6d-b7ec973b663e, server: None, raw: .. }
Reserved ticket 1586 for customer da9b46b3-d737-477c-be6d-b7ec973b663e
Server 799bb1b2-bd8f-49e2-81f8-f7237f0eb223 received client-request: Request { kind: ReserveTicket, customer: ac3aca10-dced-47df-8b34-e319e3283feb, server: None, raw: .. }
Reserved ticket 1585 for customer ac3aca10-dced-47df-8b34-e319e3283feb
Server 799bb1b2-bd8f-49e2-81f8-f7237f0eb223 received client-request: Request { kind: ReserveTicket, customer: be5883e5-91d8-4ffd-8e1b-148232844382, server: None, raw: .. }
Reserved ticket 1584 for customer be5883e5-91d8-4ffd-8e1b-148232844382
Server 799bb1b2-bd8f-49e2-81f8-f7237f0eb223 received client-request: Request { kind: ReserveTicket, customer: 15662a5a-33c2-44e9-b757-100e676c5be1, server: None, raw: .. }
Reserved ticket 1583 for customer 15662a5a-33c2-44e9-b757-100e676c5be1
Server 799bb1b2-bd8f-49e2-81f8-f7237f0eb223 received client-request: Request { kind: ReserveTicket, customer: 9793d6b9-5859-4f4c-8de5-b5da6330d571, server: None, raw: .. }
Reserved ticket 1582 for customer 9793d6b9-5859-4f4c-8de5-b5da6330d571
Server 799bb1b2-bd8f-49e2-81f8-f7237f0eb223 received client-request: Request { kind: ReserveTicket, customer: d8d4512a-bb02-43a9-80e7-ae9d0240cace, server: None, raw: .. }
Reserved ticket 1581 for customer d8d4512a-bb02-43a9-80e7-ae9d0240cace
Server 799bb1b2-bd8f-49e2-81f8-f7237f0eb223 received client-request: Request { kind: ReserveTicket, customer: 76257ca3-e1f4-4970-b7b6-d6537cdde264, server: None, raw: .. }
Reserved ticket 1580 for customer 76257ca3-e1f4-4970-b7b6-d6537cdde264
Server 799bb1b2-bd8f-49e2-81f8-f7237f0eb223 received client-request: Request { kind: ReserveTicket, customer: 31a7d1f2-52d1-4966-ac27-9b1c9ea36b07, server: None, raw: .. }
Reserved ticket 1579 for customer 31a7d1f2-52d1-4966-ac27-9b1c9ea36b07
Server 799bb1b2-bd8f-49e2-81f8-f7237f0eb223 received client-request: Request { kind: ReserveTicket, customer: 1c509922-fc45-49bf-b811-26740cfa8e17, server: None, raw: .. }
Reserved ticket 1578 for customer 1c509922-fc45-49bf-b811-26740cfa8e17
Server 799bb1b2-bd8f-49e2-81f8-f7237f0eb223 received client-request: Request { kind: ReserveTicket, customer: 885f2577-ea04-4ebd-8462-693ee5faf220, server: None, raw: .. }
Reserved ticket 1577 for customer 885f2577-ea04-4ebd-8462-693ee5faf220
Server 799bb1b2-bd8f-49e2-81f8-f7237f0eb223 received client-request: Request { kind: ReserveTicket, customer: ef1ac9fc-e0eb-495c-a145-e98b0eb0ae6b, server: None, raw: .. }
Reserved ticket 1576 for customer ef1ac9fc-e0eb-495c-a145-e98b0eb0ae6b
Server 799bb1b2-bd8f-49e2-81f8-f7237f0eb223 received client-request: Request { kind: ReserveTicket, customer: b8c11bf3-c462-44f9-a6c6-cbc563148699, server: None, raw: .. }
Reserved ticket 1575 for customer b8c11bf3-c462-44f9-a6c6-cbc563148699
Server 799bb1b2-bd8f-49e2-81f8-f7237f0eb223 received client-request: Request { kind: ReserveTicket, customer: 69e3563c-86da-44ba-b7e3-630b6a7653f1, server: None, raw: .. }
Reserved ticket 1574 for customer 69e3563c-86da-44ba-b7e3-630b6a7653f1
Server 799bb1b2-bd8f-49e2-81f8-f7237f0eb223 received client-request: Request { kind: ReserveTicket, customer: e29c46bc-63e0-41f5-bca6-22c6b7fd3c78, server: None, raw: .. }
Reserved ticket 1573 for customer e29c46bc-63e0-41f5-bca6-22c6b7fd3c78
Server 799bb1b2-bd8f-49e2-81f8-f7237f0eb223 received client-request: Request { kind: ReserveTicket, customer: bb17840f-5949-443e-a482-4a1b7166ab11, server: None, raw: .. }
Reserved ticket 1572 for customer bb17840f-5949-443e-a482-4a1b7166ab11
Server 799bb1b2-bd8f-49e2-81f8-f7237f0eb223 received client-request: Request { kind: ReserveTicket, customer: 39f7e393-333b-40fb-b029-83fe1cb948ce, server: None, raw: .. }
Reserved ticket 1571 for customer 39f7e393-333b-40fb-b029-83fe1cb948ce
Server 799bb1b2-bd8f-49e2-81f8-f7237f0eb223 received client-request: Request { kind: ReserveTicket, customer: 6d4447b4-dc27-460f-886d-ab407668042a, server: None, raw: .. }
Reserved ticket 1570 for customer 6d4447b4-dc27-460f-886d-ab407668042a
Server 65a51e17-fff5-4036-8b94-6db5de4d28d8 received client-request: Request { kind: ReserveTicket, customer: a1cc96fd-1939-4ce9-85a8-65a0f4d133ca, server: None, raw: .. }
Reserved ticket 1569 for customer a1cc96fd-1939-4ce9-85a8-65a0f4d133ca
Server 799bb1b2-bd8f-49e2-81f8-f7237f0eb223 received client-request: Request { kind: ReserveTicket, customer: 165aed5c-5c35-4bc6-87d4-f7da4d06428e, server: None, raw: .. }
Reserved ticket 1568 for customer 165aed5c-5c35-4bc6-87d4-f7da4d06428e
Server 799bb1b2-bd8f-49e2-81f8-f7237f0eb223 received client-request: Request { kind: ReserveTicket, customer: 7ef7f04b-6c52-4297-a4e6-c4bf64c52065, server: None, raw: .. }
Reserved ticket 1567 for customer 7ef7f04b-6c52-4297-a4e6-c4bf64c52065
Server 799bb1b2-bd8f-49e2-81f8-f7237f0eb223 received client-request: Request { kind: ReserveTicket, customer: a5997111-bc78-433e-aa0b-ba4914c177f3, server: None, raw: .. }
Reserved ticket 1566 for customer a5997111-bc78-433e-aa0b-ba4914c177f3
Server 799bb1b2-bd8f-49e2-81f8-f7237f0eb223 received client-request: Request { kind: ReserveTicket, customer: 80ebbe55-1a26-436e-b86b-b29b75b7f7ab, server: None, raw: .. }
Reserved ticket 1565 for customer 80ebbe55-1a26-436e-b86b-b29b75b7f7ab
Server 799bb1b2-bd8f-49e2-81f8-f7237f0eb223 received client-request: Request { kind: ReserveTicket, customer: a1f114a4-2fa2-48bb-b9be-a1e6686bf979, server: None, raw: .. }
Reserved ticket 1564 for customer a1f114a4-2fa2-48bb-b9be-a1e6686bf979
Server 799bb1b2-bd8f-49e2-81f8-f7237f0eb223 received client-request: Request { kind: ReserveTicket, customer: 262b0251-9f85-4a04-9824-b2ab552ab338, server: None, raw: .. }
Reserved ticket 1563 for customer 262b0251-9f85-4a04-9824-b2ab552ab338
Server 799bb1b2-bd8f-49e2-81f8-f7237f0eb223 received client-request: Request { kind: ReserveTicket, customer: 3624b52d-aba0-49db-b65c-b9fbb094cf70, server: None, raw: .. }
Reserved ticket 1562 for customer 3624b52d-aba0-49db-b65c-b9fbb094cf70
Server 799bb1b2-bd8f-49e2-81f8-f7237f0eb223 received client-request: Request { kind: ReserveTicket, customer: 1efcc2c1-5a29-477f-90ae-ee0499ec6687, server: None, raw: .. }
Reserved ticket 1561 for customer 1efcc2c1-5a29-477f-90ae-ee0499ec6687
Server 799bb1b2-bd8f-49e2-81f8-f7237f0eb223 received client-request: Request { kind: ReserveTicket, customer: b9d7b977-f1e4-4d07-92df-967020df8928, server: None, raw: .. }
Reserved ticket 1560 for customer b9d7b977-f1e4-4d07-92df-967020df8928
Server 799bb1b2-bd8f-49e2-81f8-f7237f0eb223 received client-request: Request { kind: ReserveTicket, customer: 948ce4f5-3c7f-43fc-ae06-1180e692bceb, server: None, raw: .. }
Reserved ticket 1559 for customer 948ce4f5-3c7f-43fc-ae06-1180e692bceb
Server 799bb1b2-bd8f-49e2-81f8-f7237f0eb223 received client-request: Request { kind: ReserveTicket, customer: 2943be13-206c-45d2-a99c-e12e79bea98e, server: None, raw: .. }
Reserved ticket 1558 for customer 2943be13-206c-45d2-a99c-e12e79bea98e
Server 799bb1b2-bd8f-49e2-81f8-f7237f0eb223 received client-request: Request { kind: ReserveTicket, customer: dfb2143e-fb38-4608-b4f7-6b3e627f6e2b, server: None, raw: .. }
Reserved ticket 1557 for customer dfb2143e-fb38-4608-b4f7-6b3e627f6e2b
Server 799bb1b2-bd8f-49e2-81f8-f7237f0eb223 received client-request: Request { kind: ReserveTicket, customer: 75a4051e-b127-40fd-8e26-4aaec08ebc92, server: None, raw: .. }
Reserved ticket 1556 for customer 75a4051e-b127-40fd-8e26-4aaec08ebc92
Server 799bb1b2-bd8f-49e2-81f8-f7237f0eb223 received client-request: Request { kind: ReserveTicket, customer: af846256-183b-4872-887e-42d75e9c0d09, server: None, raw: .. }
Reserved ticket 1555 for customer af846256-183b-4872-887e-42d75e9c0d09
Server 799bb1b2-bd8f-49e2-81f8-f7237f0eb223 received client-request: Request { kind: ReserveTicket, customer: ee73e069-6ab5-4862-9b5d-f5fd3244de8a, server: None, raw: .. }
Reserved ticket 1554 for customer ee73e069-6ab5-4862-9b5d-f5fd3244de8a
Server 799bb1b2-bd8f-49e2-81f8-f7237f0eb223 received client-request: Request { kind: ReserveTicket, customer: 64cc0fef-d473-4bb2-895b-12f57a458bd0, server: None, raw: .. }
Reserved ticket 1553 for customer 64cc0fef-d473-4bb2-895b-12f57a458bd0
Server 799bb1b2-bd8f-49e2-81f8-f7237f0eb223 received client-request: Request { kind: ReserveTicket, customer: 84e4b3e7-b138-486f-a20f-d5cb7b49779a, server: None, raw: .. }
Reserved ticket 1552 for customer 84e4b3e7-b138-486f-a20f-d5cb7b49779a
Server 799bb1b2-bd8f-49e2-81f8-f7237f0eb223 received client-request: Request { kind: ReserveTicket, customer: e305c975-4757-4dfe-b359-0c0b0e404c11, server: None, raw: .. }
Reserved ticket 1551 for customer e305c975-4757-4dfe-b359-0c0b0e404c11
Server 799bb1b2-bd8f-49e2-81f8-f7237f0eb223 received client-request: Request { kind: ReserveTicket, customer: a4fca5e4-b576-42da-ac68-bc1750850fca, server: None, raw: .. }
Reserved ticket 1550 for customer a4fca5e4-b576-42da-ac68-bc1750850fca
Server 65a51e17-fff5-4036-8b94-6db5de4d28d8 received client-request: Request { kind: ReserveTicket, customer: 305c5e9c-f68d-4d5c-9a8d-c09151f57e4a, server: None, raw: .. }
Reserved ticket 1549 for customer 305c5e9c-f68d-4d5c-9a8d-c09151f57e4a
Server 799bb1b2-bd8f-49e2-81f8-f7237f0eb223 received client-request: Request { kind: ReserveTicket, customer: f273d68f-dbb1-45aa-80cf-a12f8c571419, server: None, raw: .. }
Reserved ticket 1548 for customer f273d68f-dbb1-45aa-80cf-a12f8c571419
Server 799bb1b2-bd8f-49e2-81f8-f7237f0eb223 received client-request: Request { kind: ReserveTicket, customer: ab6206a2-7ce8-47a5-b75e-01f5d10b3389, server: None, raw: .. }
Reserved ticket 1547 for customer ab6206a2-7ce8-47a5-b75e-01f5d10b3389
Server 799bb1b2-bd8f-49e2-81f8-f7237f0eb223 received client-request: Request { kind: ReserveTicket, customer: ac616bad-6479-4d9c-b44d-50d08f01aa94, server: None, raw: .. }
Reserved ticket 1546 for customer ac616bad-6479-4d9c-b44d-50d08f01aa94
Server 799bb1b2-bd8f-49e2-81f8-f7237f0eb223 received client-request: Request { kind: ReserveTicket, customer: 40538794-b999-4fdd-b460-ddd4cee541b0, server: None, raw: .. }
Reserved ticket 1545 for customer 40538794-b999-4fdd-b460-ddd4cee541b0
Server 799bb1b2-bd8f-49e2-81f8-f7237f0eb223 received client-request: Request { kind: ReserveTicket, customer: 15935da8-713c-4e65-9f39-28cafee44059, server: None, raw: .. }
Reserved ticket 1544 for customer 15935da8-713c-4e65-9f39-28cafee44059
Server 799bb1b2-bd8f-49e2-81f8-f7237f0eb223 received client-request: Request { kind: ReserveTicket, customer: e63267c1-6362-4dd2-bee8-83a9ed22e3ac, server: None, raw: .. }
Reserved ticket 1543 for customer e63267c1-6362-4dd2-bee8-83a9ed22e3ac
Server 799bb1b2-bd8f-49e2-81f8-f7237f0eb223 received client-request: Request { kind: ReserveTicket, customer: e124b505-65d2-4ff9-b73e-bf3976b68a5e, server: None, raw: .. }
Reserved ticket 1542 for customer e124b505-65d2-4ff9-b73e-bf3976b68a5e
Server 799bb1b2-bd8f-49e2-81f8-f7237f0eb223 received client-request: Request { kind: ReserveTicket, customer: 79fe02bf-e727-4842-89bd-b4b9222b28c8, server: None, raw: .. }
Reserved ticket 1541 for customer 79fe02bf-e727-4842-89bd-b4b9222b28c8
Server 799bb1b2-bd8f-49e2-81f8-f7237f0eb223 received client-request: Request { kind: ReserveTicket, customer: 6711bdae-4e27-4d88-9b86-044d6f43e434, server: None, raw: .. }
Reserved ticket 1540 for customer 6711bdae-4e27-4d88-9b86-044d6f43e434
Server 799bb1b2-bd8f-49e2-81f8-f7237f0eb223 received client-request: Request { kind: ReserveTicket, customer: 3539ec79-9618-4890-84dd-8dbbd1c8b7e9, server: None, raw: .. }
Reserved ticket 1539 for customer 3539ec79-9618-4890-84dd-8dbbd1c8b7e9
Server 799bb1b2-bd8f-49e2-81f8-f7237f0eb223 received client-request: Request { kind: ReserveTicket, customer: ddb0d579-af43-4dc5-893d-f909f6cfc3d3, server: None, raw: .. }
Reserved ticket 1538 for customer ddb0d579-af43-4dc5-893d-f909f6cfc3d3
Server 799bb1b2-bd8f-49e2-81f8-f7237f0eb223 received client-request: Request { kind: ReserveTicket, customer: 57cb04c8-8b6f-42b7-a58e-61f91eed4870, server: None, raw: .. }
Reserved ticket 1537 for customer 57cb04c8-8b6f-42b7-a58e-61f91eed4870
Server 799bb1b2-bd8f-49e2-81f8-f7237f0eb223 received client-request: Request { kind: ReserveTicket, customer: 12a5c20c-ed64-4a84-8504-961246b2d3bf, server: None, raw: .. }
Reserved ticket 1536 for customer 12a5c20c-ed64-4a84-8504-961246b2d3bf
Server 799bb1b2-bd8f-49e2-81f8-f7237f0eb223 received client-request: Request { kind: ReserveTicket, customer: 580621cd-b5f8-4f44-9208-b7066878d481, server: None, raw: .. }
Reserved ticket 1535 for customer 580621cd-b5f8-4f44-9208-b7066878d481
Server 799bb1b2-bd8f-49e2-81f8-f7237f0eb223 received client-request: Request { kind: ReserveTicket, customer: 0cd897f9-294e-432c-9b38-ccfcaa499fba, server: None, raw: .. }
Reserved ticket 1534 for customer 0cd897f9-294e-432c-9b38-ccfcaa499fba
Server 799bb1b2-bd8f-49e2-81f8-f7237f0eb223 received client-request: Request { kind: ReserveTicket, customer: 8061590b-02a7-45cb-904a-10cf82b919e7, server: None, raw: .. }
Reserved ticket 1533 for customer 8061590b-02a7-45cb-904a-10cf82b919e7
Server 799bb1b2-bd8f-49e2-81f8-f7237f0eb223 received client-request: Request { kind: ReserveTicket, customer: 3888d0d5-de10-4fd7-8e02-b71009b326bf, server: None, raw: .. }
Reserved ticket 1532 for customer 3888d0d5-de10-4fd7-8e02-b71009b326bf
Server 799bb1b2-bd8f-49e2-81f8-f7237f0eb223 received client-request: Request { kind: ReserveTicket, customer: 7973bc7e-f435-4f38-b18b-51e33d0a61f2, server: None, raw: .. }
Reserved ticket 1531 for customer 7973bc7e-f435-4f38-b18b-51e33d0a61f2
Server 799bb1b2-bd8f-49e2-81f8-f7237f0eb223 received client-request: Request { kind: ReserveTicket, customer: 632c5afa-fb01-4fdc-ba41-e12f9289325d, server: None, raw: .. }
Reserved ticket 1530 for customer 632c5afa-fb01-4fdc-ba41-e12f9289325d
Server 65a51e17-fff5-4036-8b94-6db5de4d28d8 received client-request: Request { kind: ReserveTicket, customer: aeffedf5-f78c-4efe-bfa0-803cdc3dd72b, server: None, raw: .. }
Reserved ticket 1529 for customer aeffedf5-f78c-4efe-bfa0-803cdc3dd72b
Server 799bb1b2-bd8f-49e2-81f8-f7237f0eb223 received client-request: Request { kind: ReserveTicket, customer: eae1b414-9ad0-4912-8ba1-608912d82abc, server: None, raw: .. }
Reserved ticket 1528 for customer eae1b414-9ad0-4912-8ba1-608912d82abc
Server 799bb1b2-bd8f-49e2-81f8-f7237f0eb223 received client-request: Request { kind: ReserveTicket, customer: 72d6b49d-8e49-4455-88e3-26e1b4acd702, server: None, raw: .. }
Reserved ticket 1527 for customer 72d6b49d-8e49-4455-88e3-26e1b4acd702
Server 799bb1b2-bd8f-49e2-81f8-f7237f0eb223 received client-request: Request { kind: ReserveTicket, customer: 5d2d2efe-4499-4327-9ab8-ada4117724ea, server: None, raw: .. }
Reserved ticket 1526 for customer 5d2d2efe-4499-4327-9ab8-ada4117724ea
Server 799bb1b2-bd8f-49e2-81f8-f7237f0eb223 received client-request: Request { kind: ReserveTicket, customer: 519efcc1-a48e-45ae-b134-1519da4e4aca, server: None, raw: .. }
Reserved ticket 1525 for customer 519efcc1-a48e-45ae-b134-1519da4e4aca
Server 799bb1b2-bd8f-49e2-81f8-f7237f0eb223 received client-request: Request { kind: ReserveTicket, customer: 7aae0e16-816c-4807-813c-ef6758c2d7dd, server: None, raw: .. }
Reserved ticket 1524 for customer 7aae0e16-816c-4807-813c-ef6758c2d7dd
Server 799bb1b2-bd8f-49e2-81f8-f7237f0eb223 received client-request: Request { kind: ReserveTicket, customer: 9de8c425-0352-473f-b41b-7315f6727ccc, server: None, raw: .. }
Reserved ticket 1523 for customer 9de8c425-0352-473f-b41b-7315f6727ccc
Server 799bb1b2-bd8f-49e2-81f8-f7237f0eb223 received client-request: Request { kind: ReserveTicket, customer: 75c2642e-e5ca-46ac-a34b-c0bbdf4fb8d2, server: None, raw: .. }
Reserved ticket 1522 for customer 75c2642e-e5ca-46ac-a34b-c0bbdf4fb8d2
Server 799bb1b2-bd8f-49e2-81f8-f7237f0eb223 received client-request: Request { kind: ReserveTicket, customer: f610da56-6d12-4085-bc53-a950840ddd12, server: None, raw: .. }
Reserved ticket 1521 for customer f610da56-6d12-4085-bc53-a950840ddd12
Server 799bb1b2-bd8f-49e2-81f8-f7237f0eb223 received client-request: Request { kind: ReserveTicket, customer: 89094669-751c-49a1-bd5d-103bd7587b27, server: None, raw: .. }
Reserved ticket 1520 for customer 89094669-751c-49a1-bd5d-103bd7587b27
Server 799bb1b2-bd8f-49e2-81f8-f7237f0eb223 received client-request: Request { kind: ReserveTicket, customer: 7ed938c6-7517-428b-83fc-dc68c02cb211, server: None, raw: .. }
Reserved ticket 1519 for customer 7ed938c6-7517-428b-83fc-dc68c02cb211
Server 799bb1b2-bd8f-49e2-81f8-f7237f0eb223 received client-request: Request { kind: ReserveTicket, customer: 5bff2fed-3841-4823-acba-9e7b601177c4, server: None, raw: .. }
Reserved ticket 1518 for customer 5bff2fed-3841-4823-acba-9e7b601177c4
Server 799bb1b2-bd8f-49e2-81f8-f7237f0eb223 received client-request: Request { kind: ReserveTicket, customer: 1d326680-463f-4576-bf18-8efb2c16c9cc, server: None, raw: .. }
Reserved ticket 1517 for customer 1d326680-463f-4576-bf18-8efb2c16c9cc
Server 799bb1b2-bd8f-49e2-81f8-f7237f0eb223 received client-request: Request { kind: ReserveTicket, customer: 69327ada-4e16-443b-aa6a-afde57ad3456, server: None, raw: .. }
Reserved ticket 1516 for customer 69327ada-4e16-443b-aa6a-afde57ad3456
Server 799bb1b2-bd8f-49e2-81f8-f7237f0eb223 received client-request: Request { kind: ReserveTicket, customer: b2488082-aa46-48ca-ae4c-e3ec394a4301, server: None, raw: .. }
Reserved ticket 1515 for customer b2488082-aa46-48ca-ae4c-e3ec394a4301
Server 799bb1b2-bd8f-49e2-81f8-f7237f0eb223 received client-request: Request { kind: ReserveTicket, customer: 0145fc52-25b2-4e60-8e9c-a3d4200082a6, server: None, raw: .. }
Reserved ticket 1514 for customer 0145fc52-25b2-4e60-8e9c-a3d4200082a6
Server 799bb1b2-bd8f-49e2-81f8-f7237f0eb223 received client-request: Request { kind: ReserveTicket, customer: e6f55411-4c53-4191-9385-1ba5e4c70a3c, server: None, raw: .. }
Reserved ticket 1513 for customer e6f55411-4c53-4191-9385-1ba5e4c70a3c
Server 799bb1b2-bd8f-49e2-81f8-f7237f0eb223 received client-request: Request { kind: ReserveTicket, customer: be2d1676-5751-4ad4-bb7b-b45cf62cf1c4, server: None, raw: .. }
Reserved ticket 1512 for customer be2d1676-5751-4ad4-bb7b-b45cf62cf1c4
Server 799bb1b2-bd8f-49e2-81f8-f7237f0eb223 received client-request: Request { kind: ReserveTicket, customer: 60324a65-eb98-4d0b-9fdf-073076df0992, server: None, raw: .. }
Reserved ticket 1511 for customer 60324a65-eb98-4d0b-9fdf-073076df0992
Server 799bb1b2-bd8f-49e2-81f8-f7237f0eb223 received client-request: Request { kind: ReserveTicket, customer: d7bf8c33-5285-466e-a996-93f3fde32d3f, server: None, raw: .. }
Reserved ticket 1510 for customer d7bf8c33-5285-466e-a996-93f3fde32d3f
Server 65a51e17-fff5-4036-8b94-6db5de4d28d8 received client-request: Request { kind: ReserveTicket, customer: e2db1303-61e5-426c-8346-1ca66e2f12d3, server: None, raw: .. }
Reserved ticket 1509 for customer e2db1303-61e5-426c-8346-1ca66e2f12d3
Server 799bb1b2-bd8f-49e2-81f8-f7237f0eb223 received client-request: Request { kind: ReserveTicket, customer: a4f060d8-ff35-4159-8166-fe277b9ec5b7, server: None, raw: .. }
Reserved ticket 1508 for customer a4f060d8-ff35-4159-8166-fe277b9ec5b7
Server 799bb1b2-bd8f-49e2-81f8-f7237f0eb223 received client-request: Request { kind: ReserveTicket, customer: dd874fb8-47a5-4dc0-95d3-ebf394b5a028, server: None, raw: .. }
Reserved ticket 1507 for customer dd874fb8-47a5-4dc0-95d3-ebf394b5a028
Server 799bb1b2-bd8f-49e2-81f8-f7237f0eb223 received client-request: Request { kind: ReserveTicket, customer: fd1bfbb2-790c-4b1e-b460-a5775396e245, server: None, raw: .. }
Reserved ticket 1506 for customer fd1bfbb2-790c-4b1e-b460-a5775396e245
Server 799bb1b2-bd8f-49e2-81f8-f7237f0eb223 received client-request: Request { kind: ReserveTicket, customer: fde532e5-1c95-41d2-a21d-f3fb797efcc2, server: None, raw: .. }
Reserved ticket 1505 for customer fde532e5-1c95-41d2-a21d-f3fb797efcc2
Server 799bb1b2-bd8f-49e2-81f8-f7237f0eb223 received client-request: Request { kind: ReserveTicket, customer: 0a470fa2-390d-4b7a-a927-4032fe2fcb71, server: None, raw: .. }
Reserved ticket 1504 for customer 0a470fa2-390d-4b7a-a927-4032fe2fcb71
Server 799bb1b2-bd8f-49e2-81f8-f7237f0eb223 received client-request: Request { kind: ReserveTicket, customer: 888c8953-2290-4b06-8ca6-9e4fe8e0edac, server: None, raw: .. }
Reserved ticket 1503 for customer 888c8953-2290-4b06-8ca6-9e4fe8e0edac
Server 799bb1b2-bd8f-49e2-81f8-f7237f0eb223 received client-request: Request { kind: ReserveTicket, customer: d27d6495-6b84-4a0e-b936-9c4e16a60e78, server: None, raw: .. }
Reserved ticket 1502 for customer d27d6495-6b84-4a0e-b936-9c4e16a60e78
Server 799bb1b2-bd8f-49e2-81f8-f7237f0eb223 received client-request: Request { kind: ReserveTicket, customer: 48e2735d-475c-4cd2-83ad-60ec3b22ea95, server: None, raw: .. }
Reserved ticket 1501 for customer 48e2735d-475c-4cd2-83ad-60ec3b22ea95
Server 799bb1b2-bd8f-49e2-81f8-f7237f0eb223 received client-request: Request { kind: ReserveTicket, customer: ecf2bf69-f6ea-4bb4-8329-e22ee8561dcb, server: None, raw: .. }
Reserved ticket 1500 for customer ecf2bf69-f6ea-4bb4-8329-e22ee8561dcb
Server 799bb1b2-bd8f-49e2-81f8-f7237f0eb223 received client-request: Request { kind: ReserveTicket, customer: 37059d42-261b-435c-93eb-45edbc8578ad, server: None, raw: .. }
Reserved ticket 1499 for customer 37059d42-261b-435c-93eb-45edbc8578ad
Server 799bb1b2-bd8f-49e2-81f8-f7237f0eb223 received client-request: Request { kind: ReserveTicket, customer: 4db19b71-49b3-4f78-95bd-80471b18b343, server: None, raw: .. }
Reserved ticket 1498 for customer 4db19b71-49b3-4f78-95bd-80471b18b343
Server 799bb1b2-bd8f-49e2-81f8-f7237f0eb223 received client-request: Request { kind: ReserveTicket, customer: 437ab801-b000-43d4-b559-c5a8f8737617, server: None, raw: .. }
Reserved ticket 1497 for customer 437ab801-b000-43d4-b559-c5a8f8737617
Server 799bb1b2-bd8f-49e2-81f8-f7237f0eb223 received client-request: Request { kind: ReserveTicket, customer: 07c932e8-6c5b-457a-9ab6-c7ca9849c210, server: None, raw: .. }
Reserved ticket 1496 for customer 07c932e8-6c5b-457a-9ab6-c7ca9849c210
Server 799bb1b2-bd8f-49e2-81f8-f7237f0eb223 received client-request: Request { kind: ReserveTicket, customer: e677703f-5826-4bb7-8d82-00fab0cd1b98, server: None, raw: .. }
Reserved ticket 1495 for customer e677703f-5826-4bb7-8d82-00fab0cd1b98
Server 799bb1b2-bd8f-49e2-81f8-f7237f0eb223 received client-request: Request { kind: ReserveTicket, customer: 76a92a9a-83f5-458f-8a4e-9d8a4a8fe94e, server: None, raw: .. }
Reserved ticket 1494 for customer 76a92a9a-83f5-458f-8a4e-9d8a4a8fe94e
Server 799bb1b2-bd8f-49e2-81f8-f7237f0eb223 received client-request: Request { kind: ReserveTicket, customer: 971339c4-8424-41b4-a9b9-602db2161c33, server: None, raw: .. }
Reserved ticket 1493 for customer 971339c4-8424-41b4-a9b9-602db2161c33
Server 799bb1b2-bd8f-49e2-81f8-f7237f0eb223 received client-request: Request { kind: ReserveTicket, customer: 3cbc5944-6671-4a15-93c9-7d34764ad8af, server: None, raw: .. }
Reserved ticket 1492 for customer 3cbc5944-6671-4a15-93c9-7d34764ad8af
Server 799bb1b2-bd8f-49e2-81f8-f7237f0eb223 received client-request: Request { kind: ReserveTicket, customer: 1e699f68-dd2b-4bcb-93d6-8648ee14d49c, server: None, raw: .. }
Reserved ticket 1491 for customer 1e699f68-dd2b-4bcb-93d6-8648ee14d49c
Server 799bb1b2-bd8f-49e2-81f8-f7237f0eb223 received client-request: Request { kind: ReserveTicket, customer: a17ebe9b-6fa1-4020-89b3-e29bdf5e1261, server: None, raw: .. }
Reserved ticket 1490 for customer a17ebe9b-6fa1-4020-89b3-e29bdf5e1261
Server 65a51e17-fff5-4036-8b94-6db5de4d28d8 received client-request: Request { kind: ReserveTicket, customer: b4a2b395-854f-43bc-a753-d1f9ee9ef87b, server: None, raw: .. }
Reserved ticket 1489 for customer b4a2b395-854f-43bc-a753-d1f9ee9ef87b
Server 799bb1b2-bd8f-49e2-81f8-f7237f0eb223 received client-request: Request { kind: ReserveTicket, customer: 9ec6f8eb-f7a1-42b4-b04c-66af43a83708, server: None, raw: .. }
Reserved ticket 1488 for customer 9ec6f8eb-f7a1-42b4-b04c-66af43a83708
Server 799bb1b2-bd8f-49e2-81f8-f7237f0eb223 received client-request: Request { kind: ReserveTicket, customer: 4b115c24-491a-409e-95ea-e3919113376d, server: None, raw: .. }
Reserved ticket 1487 for customer 4b115c24-491a-409e-95ea-e3919113376d
Server 799bb1b2-bd8f-49e2-81f8-f7237f0eb223 received client-request: Request { kind: ReserveTicket, customer: a7627175-d04d-49e7-9274-823d5d359782, server: None, raw: .. }
Reserved ticket 1486 for customer a7627175-d04d-49e7-9274-823d5d359782
Server 799bb1b2-bd8f-49e2-81f8-f7237f0eb223 received client-request: Request { kind: ReserveTicket, customer: 5c9f1980-6479-47b3-92ce-eb34adfed6fb, server: None, raw: .. }
Reserved ticket 1485 for customer 5c9f1980-6479-47b3-92ce-eb34adfed6fb
Server 799bb1b2-bd8f-49e2-81f8-f7237f0eb223 received client-request: Request { kind: ReserveTicket, customer: 48eff35b-c8fb-48d2-829e-e8545c59ece6, server: None, raw: .. }
Reserved ticket 1484 for customer 48eff35b-c8fb-48d2-829e-e8545c59ece6
Server 799bb1b2-bd8f-49e2-81f8-f7237f0eb223 received client-request: Request { kind: ReserveTicket, customer: 832ff794-e8c0-4e58-ad2a-013fe1e93087, server: None, raw: .. }
Reserved ticket 1483 for customer 832ff794-e8c0-4e58-ad2a-013fe1e93087
Server 799bb1b2-bd8f-49e2-81f8-f7237f0eb223 received client-request: Request { kind: ReserveTicket, customer: 107f7858-8db5-4c1d-8ac9-9ef016593ba3, server: None, raw: .. }
Reserved ticket 1482 for customer 107f7858-8db5-4c1d-8ac9-9ef016593ba3
Server 799bb1b2-bd8f-49e2-81f8-f7237f0eb223 received client-request: Request { kind: ReserveTicket, customer: 44e7973d-3ec0-4f54-916f-ea1e6716a55b, server: None, raw: .. }
Reserved ticket 1481 for customer 44e7973d-3ec0-4f54-916f-ea1e6716a55b
Server 799bb1b2-bd8f-49e2-81f8-f7237f0eb223 received client-request: Request { kind: ReserveTicket, customer: 3acad7fb-7c45-4e53-bbfb-e77ebe3c8fff, server: None, raw: .. }
Reserved ticket 1480 for customer 3acad7fb-7c45-4e53-bbfb-e77ebe3c8fff
Server 799bb1b2-bd8f-49e2-81f8-f7237f0eb223 received client-request: Request { kind: ReserveTicket, customer: 5a346994-6571-47c0-907e-aa3aba6e3744, server: None, raw: .. }
Reserved ticket 1479 for customer 5a346994-6571-47c0-907e-aa3aba6e3744
Server 799bb1b2-bd8f-49e2-81f8-f7237f0eb223 received client-request: Request { kind: ReserveTicket, customer: 7a4236b4-1358-425c-b8bd-91967e699dcf, server: None, raw: .. }
Reserved ticket 1478 for customer 7a4236b4-1358-425c-b8bd-91967e699dcf
Server 799bb1b2-bd8f-49e2-81f8-f7237f0eb223 received client-request: Request { kind: ReserveTicket, customer: 8442ba4a-d897-4eb0-858d-30a0186c9a13, server: None, raw: .. }
Reserved ticket 1477 for customer 8442ba4a-d897-4eb0-858d-30a0186c9a13
Server 799bb1b2-bd8f-49e2-81f8-f7237f0eb223 received client-request: Request { kind: ReserveTicket, customer: 072046a0-89e6-4918-80c5-2081e362c29d, server: None, raw: .. }
Reserved ticket 1476 for customer 072046a0-89e6-4918-80c5-2081e362c29d
Server 799bb1b2-bd8f-49e2-81f8-f7237f0eb223 received client-request: Request { kind: ReserveTicket, customer: fbb07647-8e71-40ca-a28b-50426ade0857, server: None, raw: .. }
Reserved ticket 1475 for customer fbb07647-8e71-40ca-a28b-50426ade0857
Server 799bb1b2-bd8f-49e2-81f8-f7237f0eb223 received client-request: Request { kind: ReserveTicket, customer: f03a654f-3da4-43c9-b0d1-8d49c2a3ce6c, server: None, raw: .. }
Reserved ticket 1474 for customer f03a654f-3da4-43c9-b0d1-8d49c2a3ce6c
Server 799bb1b2-bd8f-49e2-81f8-f7237f0eb223 received client-request: Request { kind: ReserveTicket, customer: 778a9759-f41c-4d8f-9c38-888a5d2dca24, server: None, raw: .. }
Reserved ticket 1473 for customer 778a9759-f41c-4d8f-9c38-888a5d2dca24
Server 799bb1b2-bd8f-49e2-81f8-f7237f0eb223 received client-request: Request { kind: ReserveTicket, customer: 37679601-3b43-4ab8-a097-d5fa27e635ca, server: None, raw: .. }
Reserved ticket 1472 for customer 37679601-3b43-4ab8-a097-d5fa27e635ca
Server 799bb1b2-bd8f-49e2-81f8-f7237f0eb223 received client-request: Request { kind: ReserveTicket, customer: 798c1f7c-dcb4-419e-924f-7b9c1db44d55, server: None, raw: .. }
Reserved ticket 1471 for customer 798c1f7c-dcb4-419e-924f-7b9c1db44d55
Server 799bb1b2-bd8f-49e2-81f8-f7237f0eb223 received client-request: Request { kind: ReserveTicket, customer: 7d86e2e6-20c4-4ccd-bc16-ba3c13fad51c, server: None, raw: .. }
Reserved ticket 1470 for customer 7d86e2e6-20c4-4ccd-bc16-ba3c13fad51c
Server 65a51e17-fff5-4036-8b94-6db5de4d28d8 received client-request: Request { kind: ReserveTicket, customer: dd808bea-7a3e-43f1-bf8c-be6f81be808d, server: None, raw: .. }
Reserved ticket 1469 for customer dd808bea-7a3e-43f1-bf8c-be6f81be808d
Server 799bb1b2-bd8f-49e2-81f8-f7237f0eb223 received client-request: Request { kind: ReserveTicket, customer: 94124038-66a4-4aed-8209-e9a6a1542f22, server: None, raw: .. }
Reserved ticket 1468 for customer 94124038-66a4-4aed-8209-e9a6a1542f22
Server 799bb1b2-bd8f-49e2-81f8-f7237f0eb223 received client-request: Request { kind: ReserveTicket, customer: 9a66ec1a-da05-43b1-8470-953c47d5c4b2, server: None, raw: .. }
Reserved ticket 1467 for customer 9a66ec1a-da05-43b1-8470-953c47d5c4b2
Server 799bb1b2-bd8f-49e2-81f8-f7237f0eb223 received client-request: Request { kind: ReserveTicket, customer: 93baafaa-9e3d-436d-b0f6-0c8eadcb9649, server: None, raw: .. }
Reserved ticket 1466 for customer 93baafaa-9e3d-436d-b0f6-0c8eadcb9649
Server 799bb1b2-bd8f-49e2-81f8-f7237f0eb223 received client-request: Request { kind: ReserveTicket, customer: bd9828f1-ab8b-4f09-ac56-63df2458b7da, server: None, raw: .. }
Reserved ticket 1465 for customer bd9828f1-ab8b-4f09-ac56-63df2458b7da
Server 799bb1b2-bd8f-49e2-81f8-f7237f0eb223 received client-request: Request { kind: ReserveTicket, customer: 10f79c52-c83b-4c44-8978-cf92bac087d3, server: None, raw: .. }
Reserved ticket 1464 for customer 10f79c52-c83b-4c44-8978-cf92bac087d3
Server 799bb1b2-bd8f-49e2-81f8-f7237f0eb223 received client-request: Request { kind: ReserveTicket, customer: 76f3a1d2-565a-4692-82b7-78ca44bba60b, server: None, raw: .. }
Reserved ticket 1463 for customer 76f3a1d2-565a-4692-82b7-78ca44bba60b
Server 799bb1b2-bd8f-49e2-81f8-f7237f0eb223 received client-request: Request { kind: ReserveTicket, customer: 239ecf5e-b0b5-42ba-9c56-c3c5057a0d1c, server: None, raw: .. }
Reserved ticket 1462 for customer 239ecf5e-b0b5-42ba-9c56-c3c5057a0d1c
Server 799bb1b2-bd8f-49e2-81f8-f7237f0eb223 received client-request: Request { kind: ReserveTicket, customer: c1107de7-5fce-4168-b0a7-f078a61d480d, server: None, raw: .. }
Reserved ticket 1461 for customer c1107de7-5fce-4168-b0a7-f078a61d480d
Server 799bb1b2-bd8f-49e2-81f8-f7237f0eb223 received client-request: Request { kind: ReserveTicket, customer: 277aa982-a1e2-4df7-a309-8960c0a1d7af, server: None, raw: .. }
Reserved ticket 1460 for customer 277aa982-a1e2-4df7-a309-8960c0a1d7af
Server 799bb1b2-bd8f-49e2-81f8-f7237f0eb223 received client-request: Request { kind: ReserveTicket, customer: 89b018d8-20da-4093-aadf-85994ea52c70, server: None, raw: .. }
Reserved ticket 1459 for customer 89b018d8-20da-4093-aadf-85994ea52c70
Server 799bb1b2-bd8f-49e2-81f8-f7237f0eb223 received client-request: Request { kind: ReserveTicket, customer: d0e5b19f-9770-4e27-be66-d843b76e1c1e, server: None, raw: .. }
Reserved ticket 1458 for customer d0e5b19f-9770-4e27-be66-d843b76e1c1e
Server 799bb1b2-bd8f-49e2-81f8-f7237f0eb223 received client-request: Request { kind: ReserveTicket, customer: 43ed2319-d117-496e-9a74-0e7801540126, server: None, raw: .. }
Reserved ticket 1457 for customer 43ed2319-d117-496e-9a74-0e7801540126
Server 799bb1b2-bd8f-49e2-81f8-f7237f0eb223 received client-request: Request { kind: ReserveTicket, customer: f61eaa12-0ed7-403d-beb5-d504e8b22d02, server: None, raw: .. }
Reserved ticket 1456 for customer f61eaa12-0ed7-403d-beb5-d504e8b22d02
Server 799bb1b2-bd8f-49e2-81f8-f7237f0eb223 received client-request: Request { kind: ReserveTicket, customer: e830b51a-b575-4f91-97a7-4d4b48581ab7, server: None, raw: .. }
Reserved ticket 1455 for customer e830b51a-b575-4f91-97a7-4d4b48581ab7
Server 799bb1b2-bd8f-49e2-81f8-f7237f0eb223 received client-request: Request { kind: ReserveTicket, customer: 90eb9984-3310-4bb7-9ed8-55c639db7029, server: None, raw: .. }
Reserved ticket 1454 for customer 90eb9984-3310-4bb7-9ed8-55c639db7029
Server 799bb1b2-bd8f-49e2-81f8-f7237f0eb223 received client-request: Request { kind: ReserveTicket, customer: fd07158c-1d98-4325-8861-539240cbf072, server: None, raw: .. }
Reserved ticket 1453 for customer fd07158c-1d98-4325-8861-539240cbf072
Server 799bb1b2-bd8f-49e2-81f8-f7237f0eb223 received client-request: Request { kind: ReserveTicket, customer: 3aa58fe3-6079-4211-b084-d60c3103a549, server: None, raw: .. }
Reserved ticket 1452 for customer 3aa58fe3-6079-4211-b084-d60c3103a549
Server 799bb1b2-bd8f-49e2-81f8-f7237f0eb223 received client-request: Request { kind: ReserveTicket, customer: e053b8ec-93f2-4aa7-ba9f-47767fdb8cd1, server: None, raw: .. }
Reserved ticket 1451 for customer e053b8ec-93f2-4aa7-ba9f-47767fdb8cd1
Server 799bb1b2-bd8f-49e2-81f8-f7237f0eb223 received client-request: Request { kind: ReserveTicket, customer: 7065bcc6-556e-488f-b384-3f9c612eb141, server: None, raw: .. }
Reserved ticket 1450 for customer 7065bcc6-556e-488f-b384-3f9c612eb141
Server 65a51e17-fff5-4036-8b94-6db5de4d28d8 received client-request: Request { kind: ReserveTicket, customer: ceeec55a-f2fe-4238-a629-1af14262cfc3, server: None, raw: .. }
Reserved ticket 1449 for customer ceeec55a-f2fe-4238-a629-1af14262cfc3
Server 799bb1b2-bd8f-49e2-81f8-f7237f0eb223 received client-request: Request { kind: ReserveTicket, customer: bc69ed9f-344c-456b-894e-b3e95087c736, server: None, raw: .. }
Reserved ticket 1448 for customer bc69ed9f-344c-456b-894e-b3e95087c736
Server 799bb1b2-bd8f-49e2-81f8-f7237f0eb223 received client-request: Request { kind: ReserveTicket, customer: 44a8deb2-624e-42ce-bf61-74422b9d38ee, server: None, raw: .. }
Reserved ticket 1447 for customer 44a8deb2-624e-42ce-bf61-74422b9d38ee
Server 799bb1b2-bd8f-49e2-81f8-f7237f0eb223 received client-request: Request { kind: ReserveTicket, customer: d15a980d-63d9-4ad3-89eb-98448aeee751, server: None, raw: .. }
Reserved ticket 1446 for customer d15a980d-63d9-4ad3-89eb-98448aeee751
Server 799bb1b2-bd8f-49e2-81f8-f7237f0eb223 received client-request: Request { kind: ReserveTicket, customer: e4fb5e2a-ad11-4ece-aaf0-55e89bb5d7f8, server: None, raw: .. }
Reserved ticket 1445 for customer e4fb5e2a-ad11-4ece-aaf0-55e89bb5d7f8
Server 799bb1b2-bd8f-49e2-81f8-f7237f0eb223 received client-request: Request { kind: ReserveTicket, customer: 327c01ca-95a6-459b-9624-27f3cd8c6477, server: None, raw: .. }
Reserved ticket 1444 for customer 327c01ca-95a6-459b-9624-27f3cd8c6477
Server 799bb1b2-bd8f-49e2-81f8-f7237f0eb223 received client-request: Request { kind: ReserveTicket, customer: de38f2d1-7357-4ab3-be50-b6bc7110d461, server: None, raw: .. }
Reserved ticket 1443 for customer de38f2d1-7357-4ab3-be50-b6bc7110d461
Server 799bb1b2-bd8f-49e2-81f8-f7237f0eb223 received client-request: Request { kind: ReserveTicket, customer: 1df61c09-390a-4699-aa44-d5861fd4bfbd, server: None, raw: .. }
Reserved ticket 1442 for customer 1df61c09-390a-4699-aa44-d5861fd4bfbd
Server 799bb1b2-bd8f-49e2-81f8-f7237f0eb223 received client-request: Request { kind: ReserveTicket, customer: 8b2afe3b-9cac-421f-9f47-17370f993791, server: None, raw: .. }
Reserved ticket 1441 for customer 8b2afe3b-9cac-421f-9f47-17370f993791
Server 799bb1b2-bd8f-49e2-81f8-f7237f0eb223 received client-request: Request { kind: ReserveTicket, customer: 870f22ba-0c8e-4447-99e6-392b052d5ac2, server: None, raw: .. }
Reserved ticket 1440 for customer 870f22ba-0c8e-4447-99e6-392b052d5ac2
Server 799bb1b2-bd8f-49e2-81f8-f7237f0eb223 received client-request: Request { kind: ReserveTicket, customer: 13e0f628-e408-459e-a22e-f9f68f5ec811, server: None, raw: .. }
Reserved ticket 1439 for customer 13e0f628-e408-459e-a22e-f9f68f5ec811
Server 799bb1b2-bd8f-49e2-81f8-f7237f0eb223 received client-request: Request { kind: ReserveTicket, customer: 987b0181-30f5-45c1-815e-636df60dae69, server: None, raw: .. }
Reserved ticket 1438 for customer 987b0181-30f5-45c1-815e-636df60dae69
Server 799bb1b2-bd8f-49e2-81f8-f7237f0eb223 received client-request: Request { kind: ReserveTicket, customer: 12388077-bc8a-4efb-8309-2e2d3b5dce4d, server: None, raw: .. }
Reserved ticket 1437 for customer 12388077-bc8a-4efb-8309-2e2d3b5dce4d
Server 799bb1b2-bd8f-49e2-81f8-f7237f0eb223 received client-request: Request { kind: ReserveTicket, customer: f93014b4-1d65-427e-bbc5-a47e6e9b76b0, server: None, raw: .. }
Reserved ticket 1436 for customer f93014b4-1d65-427e-bbc5-a47e6e9b76b0
Server 799bb1b2-bd8f-49e2-81f8-f7237f0eb223 received client-request: Request { kind: ReserveTicket, customer: 7482857b-78d7-46e8-915d-575d338808da, server: None, raw: .. }
Reserved ticket 1435 for customer 7482857b-78d7-46e8-915d-575d338808da
Server 799bb1b2-bd8f-49e2-81f8-f7237f0eb223 received client-request: Request { kind: ReserveTicket, customer: dfde0a71-f887-4a09-9657-9154d06034cd, server: None, raw: .. }
Reserved ticket 1434 for customer dfde0a71-f887-4a09-9657-9154d06034cd
Server 799bb1b2-bd8f-49e2-81f8-f7237f0eb223 received client-request: Request { kind: ReserveTicket, customer: acd5ee2d-cc9a-4db4-9e82-707a07c7c864, server: None, raw: .. }
Reserved ticket 1433 for customer acd5ee2d-cc9a-4db4-9e82-707a07c7c864
Server 799bb1b2-bd8f-49e2-81f8-f7237f0eb223 received client-request: Request { kind: ReserveTicket, customer: a5a97917-3957-4c57-8f50-d07e8814bcc6, server: None, raw: .. }
Reserved ticket 1432 for customer a5a97917-3957-4c57-8f50-d07e8814bcc6
Server 799bb1b2-bd8f-49e2-81f8-f7237f0eb223 received client-request: Request { kind: ReserveTicket, customer: db4728f7-e322-4800-a0fc-5fc855a5a794, server: None, raw: .. }
Reserved ticket 1431 for customer db4728f7-e322-4800-a0fc-5fc855a5a794
Server 799bb1b2-bd8f-49e2-81f8-f7237f0eb223 received client-request: Request { kind: ReserveTicket, customer: 90d562e3-52b4-49f4-bf0c-c2087ee40f0b, server: None, raw: .. }
Reserved ticket 1430 for customer 90d562e3-52b4-49f4-bf0c-c2087ee40f0b
Server 65a51e17-fff5-4036-8b94-6db5de4d28d8 received client-request: Request { kind: ReserveTicket, customer: e578d36d-1d16-4686-8c8e-f95af7712a3e, server: None, raw: .. }
Reserved ticket 1429 for customer e578d36d-1d16-4686-8c8e-f95af7712a3e
Server 799bb1b2-bd8f-49e2-81f8-f7237f0eb223 received client-request: Request { kind: ReserveTicket, customer: 82f09d13-829d-4e7c-99a2-4076ff38eae9, server: None, raw: .. }
Reserved ticket 1428 for customer 82f09d13-829d-4e7c-99a2-4076ff38eae9
Server 799bb1b2-bd8f-49e2-81f8-f7237f0eb223 received client-request: Request { kind: ReserveTicket, customer: 86102d11-28c6-41f5-95b0-e8267322094b, server: None, raw: .. }
Reserved ticket 1427 for customer 86102d11-28c6-41f5-95b0-e8267322094b
Server 799bb1b2-bd8f-49e2-81f8-f7237f0eb223 received client-request: Request { kind: ReserveTicket, customer: bca608a0-222b-476e-8ecb-5f870aff0cc2, server: None, raw: .. }
Reserved ticket 1426 for customer bca608a0-222b-476e-8ecb-5f870aff0cc2
Server 799bb1b2-bd8f-49e2-81f8-f7237f0eb223 received client-request: Request { kind: ReserveTicket, customer: b49cd2c4-4198-4fe5-bdef-11e8646da6d8, server: None, raw: .. }
Reserved ticket 1425 for customer b49cd2c4-4198-4fe5-bdef-11e8646da6d8
Server 799bb1b2-bd8f-49e2-81f8-f7237f0eb223 received client-request: Request { kind: ReserveTicket, customer: 124419c2-8f15-4372-9065-cbb8cb23014f, server: None, raw: .. }
Reserved ticket 1424 for customer 124419c2-8f15-4372-9065-cbb8cb23014f
Server 799bb1b2-bd8f-49e2-81f8-f7237f0eb223 received client-request: Request { kind: ReserveTicket, customer: 5ea1c352-43e2-432f-a2cb-177f495d2191, server: None, raw: .. }
Reserved ticket 1423 for customer 5ea1c352-43e2-432f-a2cb-177f495d2191
Server 799bb1b2-bd8f-49e2-81f8-f7237f0eb223 received client-request: Request { kind: ReserveTicket, customer: aab718a0-23d4-4558-95be-d667c42d7d5a, server: None, raw: .. }
Reserved ticket 1422 for customer aab718a0-23d4-4558-95be-d667c42d7d5a
Server 799bb1b2-bd8f-49e2-81f8-f7237f0eb223 received client-request: Request { kind: ReserveTicket, customer: d7322567-29d3-475a-b175-41ee0c90186d, server: None, raw: .. }
Reserved ticket 1421 for customer d7322567-29d3-475a-b175-41ee0c90186d
Server 799bb1b2-bd8f-49e2-81f8-f7237f0eb223 received client-request: Request { kind: ReserveTicket, customer: f1e4d692-9b66-49a4-b2ff-4ab9eb6f54cf, server: None, raw: .. }
Reserved ticket 1420 for customer f1e4d692-9b66-49a4-b2ff-4ab9eb6f54cf
Server 799bb1b2-bd8f-49e2-81f8-f7237f0eb223 received client-request: Request { kind: ReserveTicket, customer: a1ab77a3-2ca3-4cd5-b65f-168172fc9f49, server: None, raw: .. }
Reserved ticket 1419 for customer a1ab77a3-2ca3-4cd5-b65f-168172fc9f49
Server 799bb1b2-bd8f-49e2-81f8-f7237f0eb223 received client-request: Request { kind: ReserveTicket, customer: 2ce35a68-a421-46b1-b9d8-94b2361ad378, server: None, raw: .. }
Reserved ticket 1418 for customer 2ce35a68-a421-46b1-b9d8-94b2361ad378
Server 799bb1b2-bd8f-49e2-81f8-f7237f0eb223 received client-request: Request { kind: ReserveTicket, customer: b0d1ccd3-c5a6-4197-9e43-1ae0431044a6, server: None, raw: .. }
Reserved ticket 1417 for customer b0d1ccd3-c5a6-4197-9e43-1ae0431044a6
Server 799bb1b2-bd8f-49e2-81f8-f7237f0eb223 received client-request: Request { kind: ReserveTicket, customer: e69559ed-6cbb-4b82-a9ed-c09594502a80, server: None, raw: .. }
Reserved ticket 1416 for customer e69559ed-6cbb-4b82-a9ed-c09594502a80
Server 799bb1b2-bd8f-49e2-81f8-f7237f0eb223 received client-request: Request { kind: ReserveTicket, customer: c693eed0-67f8-4892-a33f-fb3357619fd4, server: None, raw: .. }
Reserved ticket 1415 for customer c693eed0-67f8-4892-a33f-fb3357619fd4
Server 799bb1b2-bd8f-49e2-81f8-f7237f0eb223 received client-request: Request { kind: ReserveTicket, customer: f6683366-9d76-4fcd-925f-f4a7c9858dde, server: None, raw: .. }
Reserved ticket 1414 for customer f6683366-9d76-4fcd-925f-f4a7c9858dde
Server 799bb1b2-bd8f-49e2-81f8-f7237f0eb223 received client-request: Request { kind: ReserveTicket, customer: ef5339a2-fdeb-4a7f-b3b7-6fe18c8ed745, server: None, raw: .. }
Reserved ticket 1413 for customer ef5339a2-fdeb-4a7f-b3b7-6fe18c8ed745
Server 799bb1b2-bd8f-49e2-81f8-f7237f0eb223 received client-request: Request { kind: ReserveTicket, customer: de523c9a-9ab6-474b-a183-f31d49fa19a9, server: None, raw: .. }
Reserved ticket 1412 for customer de523c9a-9ab6-474b-a183-f31d49fa19a9
Server 799bb1b2-bd8f-49e2-81f8-f7237f0eb223 received client-request: Request { kind: ReserveTicket, customer: 5696dad6-e530-473a-8a1c-0ba5fb477a60, server: None, raw: .. }
Reserved ticket 1411 for customer 5696dad6-e530-473a-8a1c-0ba5fb477a60
Server 799bb1b2-bd8f-49e2-81f8-f7237f0eb223 received client-request: Request { kind: ReserveTicket, customer: 49b641d6-f2f0-4f2e-825c-9dff1f278360, server: None, raw: .. }
Reserved ticket 1410 for customer 49b641d6-f2f0-4f2e-825c-9dff1f278360
Server 65a51e17-fff5-4036-8b94-6db5de4d28d8 received client-request: Request { kind: ReserveTicket, customer: 8f698d11-37f6-46c3-9bf7-1f57c2e265e3, server: None, raw: .. }
Reserved ticket 1409 for customer 8f698d11-37f6-46c3-9bf7-1f57c2e265e3
Server 799bb1b2-bd8f-49e2-81f8-f7237f0eb223 received client-request: Request { kind: ReserveTicket, customer: a1060966-aca6-4b16-bc31-a89499a85933, server: None, raw: .. }
Reserved ticket 1408 for customer a1060966-aca6-4b16-bc31-a89499a85933
Server 799bb1b2-bd8f-49e2-81f8-f7237f0eb223 received client-request: Request { kind: ReserveTicket, customer: 57180558-4a75-40fc-a4fd-23538dc041de, server: None, raw: .. }
Reserved ticket 1407 for customer 57180558-4a75-40fc-a4fd-23538dc041de
Server 799bb1b2-bd8f-49e2-81f8-f7237f0eb223 received client-request: Request { kind: ReserveTicket, customer: 16c42690-226a-4778-8564-cf08293cea8e, server: None, raw: .. }
Reserved ticket 1406 for customer 16c42690-226a-4778-8564-cf08293cea8e
Server 799bb1b2-bd8f-49e2-81f8-f7237f0eb223 received client-request: Request { kind: ReserveTicket, customer: 2700b792-c409-47a0-aa79-8fbdce2515b8, server: None, raw: .. }
Reserved ticket 1405 for customer 2700b792-c409-47a0-aa79-8fbdce2515b8
Server 799bb1b2-bd8f-49e2-81f8-f7237f0eb223 received client-request: Request { kind: ReserveTicket, customer: 8e16d0e4-9ba3-4775-aac5-ed458205edb1, server: None, raw: .. }
Reserved ticket 1404 for customer 8e16d0e4-9ba3-4775-aac5-ed458205edb1
Server 799bb1b2-bd8f-49e2-81f8-f7237f0eb223 received client-request: Request { kind: ReserveTicket, customer: 3228a102-e7d9-4d12-b10f-b092d3a4b194, server: None, raw: .. }
Reserved ticket 1403 for customer 3228a102-e7d9-4d12-b10f-b092d3a4b194
Server 799bb1b2-bd8f-49e2-81f8-f7237f0eb223 received client-request: Request { kind: ReserveTicket, customer: fac61948-4525-450c-8fed-6f8dfd91b440, server: None, raw: .. }
Reserved ticket 1402 for customer fac61948-4525-450c-8fed-6f8dfd91b440
Server 799bb1b2-bd8f-49e2-81f8-f7237f0eb223 received client-request: Request { kind: ReserveTicket, customer: 90072cc5-bbbc-4d11-9313-5a058a1f5e6d, server: None, raw: .. }
Reserved ticket 1401 for customer 90072cc5-bbbc-4d11-9313-5a058a1f5e6d
Server 799bb1b2-bd8f-49e2-81f8-f7237f0eb223 received client-request: Request { kind: ReserveTicket, customer: c2ce4d97-9f72-41fe-b56b-a17a1e9d9d44, server: None, raw: .. }
Reserved ticket 1400 for customer c2ce4d97-9f72-41fe-b56b-a17a1e9d9d44
Server 799bb1b2-bd8f-49e2-81f8-f7237f0eb223 received client-request: Request { kind: ReserveTicket, customer: 695e344e-a49c-46f5-92b0-ef027979744b, server: None, raw: .. }
Reserved ticket 1399 for customer 695e344e-a49c-46f5-92b0-ef027979744b
Server 799bb1b2-bd8f-49e2-81f8-f7237f0eb223 received client-request: Request { kind: ReserveTicket, customer: 20e7a4f6-9e45-483e-85a7-826e056d8d03, server: None, raw: .. }
Reserved ticket 1398 for customer 20e7a4f6-9e45-483e-85a7-826e056d8d03
Server 799bb1b2-bd8f-49e2-81f8-f7237f0eb223 received client-request: Request { kind: ReserveTicket, customer: 4e263aae-1bb3-4219-b2ee-09053b29151f, server: None, raw: .. }
Reserved ticket 1397 for customer 4e263aae-1bb3-4219-b2ee-09053b29151f
Server 799bb1b2-bd8f-49e2-81f8-f7237f0eb223 received client-request: Request { kind: ReserveTicket, customer: 52c45fd6-1eb6-4d35-8398-b8e5341a701f, server: None, raw: .. }
Reserved ticket 1396 for customer 52c45fd6-1eb6-4d35-8398-b8e5341a701f
Server 799bb1b2-bd8f-49e2-81f8-f7237f0eb223 received client-request: Request { kind: ReserveTicket, customer: 7c7d4113-629b-4b4f-8693-fa91db8d2b1e, server: None, raw: .. }
Reserved ticket 1395 for customer 7c7d4113-629b-4b4f-8693-fa91db8d2b1e
Server 799bb1b2-bd8f-49e2-81f8-f7237f0eb223 received client-request: Request { kind: ReserveTicket, customer: 04077b1e-cb84-4b57-ac51-f71b707a5b7f, server: None, raw: .. }
Reserved ticket 1394 for customer 04077b1e-cb84-4b57-ac51-f71b707a5b7f
Server 799bb1b2-bd8f-49e2-81f8-f7237f0eb223 received client-request: Request { kind: ReserveTicket, customer: edbe6ac1-de46-4e64-8d17-49fb01f14819, server: None, raw: .. }
Reserved ticket 1393 for customer edbe6ac1-de46-4e64-8d17-49fb01f14819
Server 799bb1b2-bd8f-49e2-81f8-f7237f0eb223 received client-request: Request { kind: ReserveTicket, customer: 877cc6b1-545e-490f-bf6e-4b63e88d8f26, server: None, raw: .. }
Reserved ticket 1392 for customer 877cc6b1-545e-490f-bf6e-4b63e88d8f26
Server 799bb1b2-bd8f-49e2-81f8-f7237f0eb223 received client-request: Request { kind: ReserveTicket, customer: 0f1d9d0d-dd00-43b9-a389-a1e2ecfcd6d5, server: None, raw: .. }
Reserved ticket 1391 for customer 0f1d9d0d-dd00-43b9-a389-a1e2ecfcd6d5
Server 799bb1b2-bd8f-49e2-81f8-f7237f0eb223 received client-request: Request { kind: ReserveTicket, customer: 68ec44c5-4afe-4da6-a401-395bb3af61b6, server: None, raw: .. }
Reserved ticket 1390 for customer 68ec44c5-4afe-4da6-a401-395bb3af61b6
Server 65a51e17-fff5-4036-8b94-6db5de4d28d8 received client-request: Request { kind: ReserveTicket, customer: 8445998e-95ca-4784-9370-557a62e21a66, server: None, raw: .. }
Reserved ticket 1389 for customer 8445998e-95ca-4784-9370-557a62e21a66
Server 799bb1b2-bd8f-49e2-81f8-f7237f0eb223 received client-request: Request { kind: ReserveTicket, customer: f4009ef0-b052-4eb5-8f8a-4c5f4bcb714c, server: None, raw: .. }
Reserved ticket 1388 for customer f4009ef0-b052-4eb5-8f8a-4c5f4bcb714c
Server 799bb1b2-bd8f-49e2-81f8-f7237f0eb223 received client-request: Request { kind: ReserveTicket, customer: f289fae3-d219-4bde-936c-3f291e53a18c, server: None, raw: .. }
Reserved ticket 1387 for customer f289fae3-d219-4bde-936c-3f291e53a18c
Server 799bb1b2-bd8f-49e2-81f8-f7237f0eb223 received client-request: Request { kind: ReserveTicket, customer: 17dd3d46-7d8c-449f-affe-e152e91aaed0, server: None, raw: .. }
Reserved ticket 1386 for customer 17dd3d46-7d8c-449f-affe-e152e91aaed0
Server 799bb1b2-bd8f-49e2-81f8-f7237f0eb223 received client-request: Request { kind: ReserveTicket, customer: e714c2c6-ce90-4652-8a0f-f2c17fb70c9f, server: None, raw: .. }
Reserved ticket 1385 for customer e714c2c6-ce90-4652-8a0f-f2c17fb70c9f
Server 799bb1b2-bd8f-49e2-81f8-f7237f0eb223 received client-request: Request { kind: ReserveTicket, customer: 62aa8e97-87b2-48fd-a298-723c79d17dbe, server: None, raw: .. }
Reserved ticket 1384 for customer 62aa8e97-87b2-48fd-a298-723c79d17dbe
Server 799bb1b2-bd8f-49e2-81f8-f7237f0eb223 received client-request: Request { kind: ReserveTicket, customer: f78ec96f-abdc-4130-bb2b-74f60d017716, server: None, raw: .. }
Reserved ticket 1383 for customer f78ec96f-abdc-4130-bb2b-74f60d017716
Server 799bb1b2-bd8f-49e2-81f8-f7237f0eb223 received client-request: Request { kind: ReserveTicket, customer: b9f52916-a762-42ce-a209-f8304e2791d2, server: None, raw: .. }
Reserved ticket 1382 for customer b9f52916-a762-42ce-a209-f8304e2791d2
Server 799bb1b2-bd8f-49e2-81f8-f7237f0eb223 received client-request: Request { kind: ReserveTicket, customer: a13c3025-8cd9-4040-b6bf-0218a2ea1546, server: None, raw: .. }
Reserved ticket 1381 for customer a13c3025-8cd9-4040-b6bf-0218a2ea1546
Server 799bb1b2-bd8f-49e2-81f8-f7237f0eb223 received client-request: Request { kind: ReserveTicket, customer: 94c8c99b-8d32-497c-b77e-13f9ce0b532b, server: None, raw: .. }
Reserved ticket 1380 for customer 94c8c99b-8d32-497c-b77e-13f9ce0b532b
Server 799bb1b2-bd8f-49e2-81f8-f7237f0eb223 received client-request: Request { kind: ReserveTicket, customer: bdf5782a-d37f-453c-8dc1-c54dd98c76f4, server: None, raw: .. }
Reserved ticket 1379 for customer bdf5782a-d37f-453c-8dc1-c54dd98c76f4
Server 799bb1b2-bd8f-49e2-81f8-f7237f0eb223 received client-request: Request { kind: ReserveTicket, customer: 588db7f7-679d-4271-ae81-1b65d2b5c0e3, server: None, raw: .. }
Reserved ticket 1378 for customer 588db7f7-679d-4271-ae81-1b65d2b5c0e3
Server 799bb1b2-bd8f-49e2-81f8-f7237f0eb223 received client-request: Request { kind: ReserveTicket, customer: 469a3cb7-75b0-4dec-bca7-179f2871e29e, server: None, raw: .. }
Reserved ticket 1377 for customer 469a3cb7-75b0-4dec-bca7-179f2871e29e
Server 799bb1b2-bd8f-49e2-81f8-f7237f0eb223 received client-request: Request { kind: ReserveTicket, customer: e989d676-389b-421c-847d-f7d7fb7f8b1e, server: None, raw: .. }
Reserved ticket 1376 for customer e989d676-389b-421c-847d-f7d7fb7f8b1e
Server 799bb1b2-bd8f-49e2-81f8-f7237f0eb223 received client-request: Request { kind: ReserveTicket, customer: 473b9da8-12d7-477c-8e8b-cfa0562bf4fd, server: None, raw: .. }
Reserved ticket 1375 for customer 473b9da8-12d7-477c-8e8b-cfa0562bf4fd
Server 799bb1b2-bd8f-49e2-81f8-f7237f0eb223 received client-request: Request { kind: ReserveTicket, customer: 87a7a7ee-9968-4203-83dd-0b5ede3be31e, server: None, raw: .. }
Reserved ticket 1374 for customer 87a7a7ee-9968-4203-83dd-0b5ede3be31e
Server 799bb1b2-bd8f-49e2-81f8-f7237f0eb223 received client-request: Request { kind: ReserveTicket, customer: 79efedba-59b0-499b-9856-a21ab8f85438, server: None, raw: .. }
Reserved ticket 1373 for customer 79efedba-59b0-499b-9856-a21ab8f85438
Server 799bb1b2-bd8f-49e2-81f8-f7237f0eb223 received client-request: Request { kind: ReserveTicket, customer: e1bb9060-b970-48a9-9d3a-dddfc4d87e8a, server: None, raw: .. }
Reserved ticket 1372 for customer e1bb9060-b970-48a9-9d3a-dddfc4d87e8a
Server 799bb1b2-bd8f-49e2-81f8-f7237f0eb223 received client-request: Request { kind: ReserveTicket, customer: 51831862-f41a-44aa-87fc-bdf0da2bbd10, server: None, raw: .. }
Reserved ticket 1371 for customer 51831862-f41a-44aa-87fc-bdf0da2bbd10
Server 799bb1b2-bd8f-49e2-81f8-f7237f0eb223 received client-request: Request { kind: ReserveTicket, customer: 6c3fe9df-f253-47ed-a137-f4cabb7f29ad, server: None, raw: .. }
Reserved ticket 1370 for customer 6c3fe9df-f253-47ed-a137-f4cabb7f29ad
Server 65a51e17-fff5-4036-8b94-6db5de4d28d8 received client-request: Request { kind: ReserveTicket, customer: 6cc6224a-2e6e-42ec-b977-a70cbfad137b, server: None, raw: .. }
Reserved ticket 1369 for customer 6cc6224a-2e6e-42ec-b977-a70cbfad137b
Server 799bb1b2-bd8f-49e2-81f8-f7237f0eb223 received client-request: Request { kind: ReserveTicket, customer: fae15844-56b5-4b00-908c-9bfe1e7bc42a, server: None, raw: .. }
Reserved ticket 1368 for customer fae15844-56b5-4b00-908c-9bfe1e7bc42a
Server 799bb1b2-bd8f-49e2-81f8-f7237f0eb223 received client-request: Request { kind: ReserveTicket, customer: 5914153e-9d31-4098-9e3a-de841577efa9, server: None, raw: .. }
Reserved ticket 1367 for customer 5914153e-9d31-4098-9e3a-de841577efa9
Server 799bb1b2-bd8f-49e2-81f8-f7237f0eb223 received client-request: Request { kind: ReserveTicket, customer: d3f7a115-945b-4a0e-8882-84637d41f7ce, server: None, raw: .. }
Reserved ticket 1366 for customer d3f7a115-945b-4a0e-8882-84637d41f7ce
Server 799bb1b2-bd8f-49e2-81f8-f7237f0eb223 received client-request: Request { kind: ReserveTicket, customer: a79d4f67-0019-48e5-984c-6c8bd7c23712, server: None, raw: .. }
Reserved ticket 1365 for customer a79d4f67-0019-48e5-984c-6c8bd7c23712
Server 799bb1b2-bd8f-49e2-81f8-f7237f0eb223 received client-request: Request { kind: ReserveTicket, customer: f7ab8c09-c2e5-4076-a1c2-58c38e606e5e, server: None, raw: .. }
Reserved ticket 1364 for customer f7ab8c09-c2e5-4076-a1c2-58c38e606e5e
Server 799bb1b2-bd8f-49e2-81f8-f7237f0eb223 received client-request: Request { kind: ReserveTicket, customer: 063afd3a-65cf-446f-aa29-74b1fa153e23, server: None, raw: .. }
Reserved ticket 1363 for customer 063afd3a-65cf-446f-aa29-74b1fa153e23
Server 799bb1b2-bd8f-49e2-81f8-f7237f0eb223 received client-request: Request { kind: ReserveTicket, customer: 20c1f1f6-affa-447e-933d-8f00587addfb, server: None, raw: .. }
Reserved ticket 1362 for customer 20c1f1f6-affa-447e-933d-8f00587addfb
Server 799bb1b2-bd8f-49e2-81f8-f7237f0eb223 received client-request: Request { kind: ReserveTicket, customer: c6aa1e4e-acf9-4ab3-a1e5-596ab507bce0, server: None, raw: .. }
Reserved ticket 1361 for customer c6aa1e4e-acf9-4ab3-a1e5-596ab507bce0
Server 799bb1b2-bd8f-49e2-81f8-f7237f0eb223 received client-request: Request { kind: ReserveTicket, customer: 73219254-39f6-44ef-9888-0aa596a3da95, server: None, raw: .. }
Reserved ticket 1360 for customer 73219254-39f6-44ef-9888-0aa596a3da95
Server 799bb1b2-bd8f-49e2-81f8-f7237f0eb223 received client-request: Request { kind: ReserveTicket, customer: 34c0ddfe-8676-41a4-b9ca-8009ed3e4fdf, server: None, raw: .. }
Reserved ticket 1359 for customer 34c0ddfe-8676-41a4-b9ca-8009ed3e4fdf
Server 799bb1b2-bd8f-49e2-81f8-f7237f0eb223 received client-request: Request { kind: ReserveTicket, customer: e0176864-dc38-4ea4-bdc8-c7ff721251d6, server: None, raw: .. }
Reserved ticket 1358 for customer e0176864-dc38-4ea4-bdc8-c7ff721251d6
Server 799bb1b2-bd8f-49e2-81f8-f7237f0eb223 received client-request: Request { kind: ReserveTicket, customer: 62830b20-914a-43d3-ae39-f9f8c5d416d7, server: None, raw: .. }
Reserved ticket 1357 for customer 62830b20-914a-43d3-ae39-f9f8c5d416d7
Server 799bb1b2-bd8f-49e2-81f8-f7237f0eb223 received client-request: Request { kind: ReserveTicket, customer: 356fbbc2-66e8-46a3-96c2-500be390c718, server: None, raw: .. }
Reserved ticket 1356 for customer 356fbbc2-66e8-46a3-96c2-500be390c718
Server 799bb1b2-bd8f-49e2-81f8-f7237f0eb223 received client-request: Request { kind: ReserveTicket, customer: a09bc623-ca82-4c3a-95c3-997bd4f3368d, server: None, raw: .. }
Reserved ticket 1355 for customer a09bc623-ca82-4c3a-95c3-997bd4f3368d
Server 799bb1b2-bd8f-49e2-81f8-f7237f0eb223 received client-request: Request { kind: ReserveTicket, customer: 0733816b-e002-4cb2-948b-75d129e32985, server: None, raw: .. }
Reserved ticket 1354 for customer 0733816b-e002-4cb2-948b-75d129e32985
Server 799bb1b2-bd8f-49e2-81f8-f7237f0eb223 received client-request: Request { kind: ReserveTicket, customer: 9ed15383-fd79-48a4-9a50-20e7dc7e21ef, server: None, raw: .. }
Reserved ticket 1353 for customer 9ed15383-fd79-48a4-9a50-20e7dc7e21ef
Server 799bb1b2-bd8f-49e2-81f8-f7237f0eb223 received client-request: Request { kind: ReserveTicket, customer: 97bd4840-e0c0-4ca1-a7e0-bb6f21cbc964, server: None, raw: .. }
Reserved ticket 1352 for customer 97bd4840-e0c0-4ca1-a7e0-bb6f21cbc964
Server 799bb1b2-bd8f-49e2-81f8-f7237f0eb223 received client-request: Request { kind: ReserveTicket, customer: 46d29f21-be52-4587-938d-f3c927575342, server: None, raw: .. }
Reserved ticket 1351 for customer 46d29f21-be52-4587-938d-f3c927575342
Server 799bb1b2-bd8f-49e2-81f8-f7237f0eb223 received client-request: Request { kind: ReserveTicket, customer: ffed703e-245b-48ec-8089-03fa9feb4897, server: None, raw: .. }
Reserved ticket 1350 for customer ffed703e-245b-48ec-8089-03fa9feb4897
Server 65a51e17-fff5-4036-8b94-6db5de4d28d8 received client-request: Request { kind: ReserveTicket, customer: 7491da78-891a-4a4c-babc-900a0319043e, server: None, raw: .. }
Reserved ticket 1349 for customer 7491da78-891a-4a4c-babc-900a0319043e
Server 799bb1b2-bd8f-49e2-81f8-f7237f0eb223 received client-request: Request { kind: ReserveTicket, customer: 67c5b66f-a02d-466a-b902-767891cb9a84, server: None, raw: .. }
Reserved ticket 1348 for customer 67c5b66f-a02d-466a-b902-767891cb9a84
Server 799bb1b2-bd8f-49e2-81f8-f7237f0eb223 received client-request: Request { kind: ReserveTicket, customer: afb48db3-e04a-4f37-a4f4-08bee1928b36, server: None, raw: .. }
Reserved ticket 1347 for customer afb48db3-e04a-4f37-a4f4-08bee1928b36
Server 799bb1b2-bd8f-49e2-81f8-f7237f0eb223 received client-request: Request { kind: ReserveTicket, customer: 594990d3-97ee-44e1-8de6-bdf107ac2dec, server: None, raw: .. }
Reserved ticket 1346 for customer 594990d3-97ee-44e1-8de6-bdf107ac2dec
Server 799bb1b2-bd8f-49e2-81f8-f7237f0eb223 received client-request: Request { kind: ReserveTicket, customer: 547cbe5a-0f1e-4176-b353-f32fffe6541c, server: None, raw: .. }
Reserved ticket 1345 for customer 547cbe5a-0f1e-4176-b353-f32fffe6541c
Server 799bb1b2-bd8f-49e2-81f8-f7237f0eb223 received client-request: Request { kind: ReserveTicket, customer: 16c3f6ed-6276-4198-9bce-4e902bf6c047, server: None, raw: .. }
Reserved ticket 1344 for customer 16c3f6ed-6276-4198-9bce-4e902bf6c047
Server 799bb1b2-bd8f-49e2-81f8-f7237f0eb223 received client-request: Request { kind: ReserveTicket, customer: d6a25e8b-06b3-46fe-a769-9146fc0171b4, server: None, raw: .. }
Reserved ticket 1343 for customer d6a25e8b-06b3-46fe-a769-9146fc0171b4
Server 799bb1b2-bd8f-49e2-81f8-f7237f0eb223 received client-request: Request { kind: ReserveTicket, customer: b6ab45a8-0f52-42db-bd6c-2c551bd0dca5, server: None, raw: .. }
Reserved ticket 1342 for customer b6ab45a8-0f52-42db-bd6c-2c551bd0dca5
Server 799bb1b2-bd8f-49e2-81f8-f7237f0eb223 received client-request: Request { kind: ReserveTicket, customer: 3c419bdb-f0fc-477d-a891-19d9b98d1669, server: None, raw: .. }
Reserved ticket 1341 for customer 3c419bdb-f0fc-477d-a891-19d9b98d1669
Server 799bb1b2-bd8f-49e2-81f8-f7237f0eb223 received client-request: Request { kind: ReserveTicket, customer: 26b7a01e-b357-4ace-9498-f9352fa62ba6, server: None, raw: .. }
Reserved ticket 1340 for customer 26b7a01e-b357-4ace-9498-f9352fa62ba6
Server 799bb1b2-bd8f-49e2-81f8-f7237f0eb223 received client-request: Request { kind: ReserveTicket, customer: dc244d01-a81c-45e5-a914-dc4712e8af65, server: None, raw: .. }
Reserved ticket 1339 for customer dc244d01-a81c-45e5-a914-dc4712e8af65
Server 799bb1b2-bd8f-49e2-81f8-f7237f0eb223 received client-request: Request { kind: ReserveTicket, customer: ef051171-6e51-4b56-9132-b0b2ea328feb, server: None, raw: .. }
Reserved ticket 1338 for customer ef051171-6e51-4b56-9132-b0b2ea328feb
Server 799bb1b2-bd8f-49e2-81f8-f7237f0eb223 received client-request: Request { kind: ReserveTicket, customer: b07f2226-1574-47d8-86a3-fee355704c3a, server: None, raw: .. }
Reserved ticket 1337 for customer b07f2226-1574-47d8-86a3-fee355704c3a
Server 799bb1b2-bd8f-49e2-81f8-f7237f0eb223 received client-request: Request { kind: ReserveTicket, customer: e8af78ca-163d-4c56-9f7a-eacc39f2dca5, server: None, raw: .. }
Reserved ticket 1336 for customer e8af78ca-163d-4c56-9f7a-eacc39f2dca5
Server 799bb1b2-bd8f-49e2-81f8-f7237f0eb223 received client-request: Request { kind: ReserveTicket, customer: 17ece77a-bf11-460b-92ae-2ea35c4fe7ac, server: None, raw: .. }
Reserved ticket 1335 for customer 17ece77a-bf11-460b-92ae-2ea35c4fe7ac
Server 799bb1b2-bd8f-49e2-81f8-f7237f0eb223 received client-request: Request { kind: ReserveTicket, customer: 837bba84-c819-453f-b4ea-4fcd25f22fbe, server: None, raw: .. }
Reserved ticket 1334 for customer 837bba84-c819-453f-b4ea-4fcd25f22fbe
Server 799bb1b2-bd8f-49e2-81f8-f7237f0eb223 received client-request: Request { kind: ReserveTicket, customer: 0eac3e2b-0592-4fc8-9e1f-b25e2c2ced3c, server: None, raw: .. }
Reserved ticket 1333 for customer 0eac3e2b-0592-4fc8-9e1f-b25e2c2ced3c
Server 799bb1b2-bd8f-49e2-81f8-f7237f0eb223 received client-request: Request { kind: ReserveTicket, customer: a4cafc32-a7e6-4566-8559-e494b0c82c0c, server: None, raw: .. }
Reserved ticket 1332 for customer a4cafc32-a7e6-4566-8559-e494b0c82c0c
Server 799bb1b2-bd8f-49e2-81f8-f7237f0eb223 received client-request: Request { kind: ReserveTicket, customer: d906ec2d-2e1d-4647-b9c9-669f50ef4fb6, server: None, raw: .. }
Reserved ticket 1331 for customer d906ec2d-2e1d-4647-b9c9-669f50ef4fb6
Server 799bb1b2-bd8f-49e2-81f8-f7237f0eb223 received client-request: Request { kind: ReserveTicket, customer: b6d9987f-c76f-4c69-b132-b896c79e09d9, server: None, raw: .. }
Reserved ticket 1330 for customer b6d9987f-c76f-4c69-b132-b896c79e09d9
Server 65a51e17-fff5-4036-8b94-6db5de4d28d8 received client-request: Request { kind: ReserveTicket, customer: 89b46d8d-e10b-46c8-a565-475b400d6aa6, server: None, raw: .. }
Reserved ticket 1329 for customer 89b46d8d-e10b-46c8-a565-475b400d6aa6
Server 799bb1b2-bd8f-49e2-81f8-f7237f0eb223 received client-request: Request { kind: ReserveTicket, customer: 7f54af1b-9ef7-4d63-90ce-2022971bc18c, server: None, raw: .. }
Reserved ticket 1328 for customer 7f54af1b-9ef7-4d63-90ce-2022971bc18c
Server 799bb1b2-bd8f-49e2-81f8-f7237f0eb223 received client-request: Request { kind: ReserveTicket, customer: 7855c664-8323-48a9-8240-a23a8ba2cac4, server: None, raw: .. }
Reserved ticket 1327 for customer 7855c664-8323-48a9-8240-a23a8ba2cac4
Server 799bb1b2-bd8f-49e2-81f8-f7237f0eb223 received client-request: Request { kind: ReserveTicket, customer: 7c611945-c5cc-429a-b275-869f8dda8439, server: None, raw: .. }
Reserved ticket 1326 for customer 7c611945-c5cc-429a-b275-869f8dda8439
Server 799bb1b2-bd8f-49e2-81f8-f7237f0eb223 received client-request: Request { kind: ReserveTicket, customer: d3535af3-46ee-4162-be51-08558a81cbbb, server: None, raw: .. }
Reserved ticket 1325 for customer d3535af3-46ee-4162-be51-08558a81cbbb
Server 799bb1b2-bd8f-49e2-81f8-f7237f0eb223 received client-request: Request { kind: ReserveTicket, customer: c73d3ce7-57ed-4e81-8d03-d64bfa362a14, server: None, raw: .. }
Reserved ticket 1324 for customer c73d3ce7-57ed-4e81-8d03-d64bfa362a14
Server 799bb1b2-bd8f-49e2-81f8-f7237f0eb223 received client-request: Request { kind: ReserveTicket, customer: dd1927f9-c296-4676-b2c9-6bb2198aaa23, server: None, raw: .. }
Reserved ticket 1323 for customer dd1927f9-c296-4676-b2c9-6bb2198aaa23
Server 799bb1b2-bd8f-49e2-81f8-f7237f0eb223 received client-request: Request { kind: ReserveTicket, customer: 9e09a086-3c2d-4783-9879-09a2ba21cdea, server: None, raw: .. }
Reserved ticket 1322 for customer 9e09a086-3c2d-4783-9879-09a2ba21cdea
Server 799bb1b2-bd8f-49e2-81f8-f7237f0eb223 received client-request: Request { kind: ReserveTicket, customer: 6e27cda9-cafa-45d5-870e-073752f8d922, server: None, raw: .. }
Reserved ticket 1321 for customer 6e27cda9-cafa-45d5-870e-073752f8d922
Server 799bb1b2-bd8f-49e2-81f8-f7237f0eb223 received client-request: Request { kind: ReserveTicket, customer: d641e396-70f0-4737-bb11-f5bab0c71a5c, server: None, raw: .. }
Reserved ticket 1320 for customer d641e396-70f0-4737-bb11-f5bab0c71a5c
Server 799bb1b2-bd8f-49e2-81f8-f7237f0eb223 received client-request: Request { kind: ReserveTicket, customer: 6d750e25-aa2b-4f5f-89d8-ae823ed05e09, server: None, raw: .. }
Reserved ticket 1319 for customer 6d750e25-aa2b-4f5f-89d8-ae823ed05e09
Server 799bb1b2-bd8f-49e2-81f8-f7237f0eb223 received client-request: Request { kind: ReserveTicket, customer: fb4f9a12-d869-49f8-8cdd-b0d08a837eda, server: None, raw: .. }
Reserved ticket 1318 for customer fb4f9a12-d869-49f8-8cdd-b0d08a837eda
Server 799bb1b2-bd8f-49e2-81f8-f7237f0eb223 received client-request: Request { kind: ReserveTicket, customer: 0ca1c925-aa3c-47f9-b1bf-f68a21a75a3e, server: None, raw: .. }
Reserved ticket 1317 for customer 0ca1c925-aa3c-47f9-b1bf-f68a21a75a3e
Server 799bb1b2-bd8f-49e2-81f8-f7237f0eb223 received client-request: Request { kind: ReserveTicket, customer: 4e3afa61-9b75-42bf-883c-591a98a5f3bc, server: None, raw: .. }
Reserved ticket 1316 for customer 4e3afa61-9b75-42bf-883c-591a98a5f3bc
Server 799bb1b2-bd8f-49e2-81f8-f7237f0eb223 received client-request: Request { kind: ReserveTicket, customer: d067455f-85f7-4abd-8d0b-93c37fcfcb9a, server: None, raw: .. }
Reserved ticket 1315 for customer d067455f-85f7-4abd-8d0b-93c37fcfcb9a
Server 799bb1b2-bd8f-49e2-81f8-f7237f0eb223 received client-request: Request { kind: ReserveTicket, customer: d958298b-2fe3-4fbc-a868-5a3c6c1eb5b8, server: None, raw: .. }
Reserved ticket 1314 for customer d958298b-2fe3-4fbc-a868-5a3c6c1eb5b8
Server 799bb1b2-bd8f-49e2-81f8-f7237f0eb223 received client-request: Request { kind: ReserveTicket, customer: 28c36af2-3395-4f9e-a8b5-91ce7763cbe4, server: None, raw: .. }
Reserved ticket 1313 for customer 28c36af2-3395-4f9e-a8b5-91ce7763cbe4
Server 799bb1b2-bd8f-49e2-81f8-f7237f0eb223 received client-request: Request { kind: ReserveTicket, customer: eff55798-ba1a-47f6-a677-50ad0816484b, server: None, raw: .. }
Reserved ticket 1312 for customer eff55798-ba1a-47f6-a677-50ad0816484b
Server 799bb1b2-bd8f-49e2-81f8-f7237f0eb223 received client-request: Request { kind: ReserveTicket, customer: fbb08639-11d0-4773-9c12-ce213d74107b, server: None, raw: .. }
Reserved ticket 1311 for customer fbb08639-11d0-4773-9c12-ce213d74107b
Server 799bb1b2-bd8f-49e2-81f8-f7237f0eb223 received client-request: Request { kind: ReserveTicket, customer: ff9e88b4-429c-46f5-9df8-9a1aa322b68d, server: None, raw: .. }
Reserved ticket 1310 for customer ff9e88b4-429c-46f5-9df8-9a1aa322b68d
Server 65a51e17-fff5-4036-8b94-6db5de4d28d8 received client-request: Request { kind: ReserveTicket, customer: cb665791-9db3-46b5-a89f-1fac8f11fb33, server: None, raw: .. }
Reserved ticket 1309 for customer cb665791-9db3-46b5-a89f-1fac8f11fb33
Server 799bb1b2-bd8f-49e2-81f8-f7237f0eb223 received client-request: Request { kind: ReserveTicket, customer: f922d001-05bd-4a57-9181-ee7bc3380b0a, server: None, raw: .. }
Reserved ticket 1308 for customer f922d001-05bd-4a57-9181-ee7bc3380b0a
Server 799bb1b2-bd8f-49e2-81f8-f7237f0eb223 received client-request: Request { kind: ReserveTicket, customer: 39286290-e93a-4bf2-b76c-e427ce3e0df1, server: None, raw: .. }
Reserved ticket 1307 for customer 39286290-e93a-4bf2-b76c-e427ce3e0df1
Server 799bb1b2-bd8f-49e2-81f8-f7237f0eb223 received client-request: Request { kind: ReserveTicket, customer: 91f382b3-d9ba-4a02-9843-1691329b35e1, server: None, raw: .. }
Reserved ticket 1306 for customer 91f382b3-d9ba-4a02-9843-1691329b35e1
Server 799bb1b2-bd8f-49e2-81f8-f7237f0eb223 received client-request: Request { kind: ReserveTicket, customer: 0872ffbf-5847-4eba-8688-09c6a11e6d7e, server: None, raw: .. }
Reserved ticket 1305 for customer 0872ffbf-5847-4eba-8688-09c6a11e6d7e
Server 799bb1b2-bd8f-49e2-81f8-f7237f0eb223 received client-request: Request { kind: ReserveTicket, customer: 443ab54d-53ac-404d-b95c-133361f82961, server: None, raw: .. }
Reserved ticket 1304 for customer 443ab54d-53ac-404d-b95c-133361f82961
Server 799bb1b2-bd8f-49e2-81f8-f7237f0eb223 received client-request: Request { kind: ReserveTicket, customer: 79e7eefa-b20b-4429-9ef1-5093e16ef08f, server: None, raw: .. }
Reserved ticket 1303 for customer 79e7eefa-b20b-4429-9ef1-5093e16ef08f
Server 799bb1b2-bd8f-49e2-81f8-f7237f0eb223 received client-request: Request { kind: ReserveTicket, customer: cb548231-de6e-4aff-8222-8ec6b57d6bc6, server: None, raw: .. }
Reserved ticket 1302 for customer cb548231-de6e-4aff-8222-8ec6b57d6bc6
Server 799bb1b2-bd8f-49e2-81f8-f7237f0eb223 received client-request: Request { kind: ReserveTicket, customer: e7adf79c-b0d8-42b6-9989-78892748ddf1, server: None, raw: .. }
Reserved ticket 1301 for customer e7adf79c-b0d8-42b6-9989-78892748ddf1
Server 799bb1b2-bd8f-49e2-81f8-f7237f0eb223 received client-request: Request { kind: ReserveTicket, customer: 7b306fa5-01ae-47e5-9e1a-fa08eb3f91b4, server: None, raw: .. }
Reserved ticket 1300 for customer 7b306fa5-01ae-47e5-9e1a-fa08eb3f91b4
Server 799bb1b2-bd8f-49e2-81f8-f7237f0eb223 received client-request: Request { kind: ReserveTicket, customer: 36076c60-7e76-45cc-9a1e-68a5fce30ce3, server: None, raw: .. }
Reserved ticket 1299 for customer 36076c60-7e76-45cc-9a1e-68a5fce30ce3
Server 799bb1b2-bd8f-49e2-81f8-f7237f0eb223 received client-request: Request { kind: ReserveTicket, customer: a0ff9800-45cf-4798-9e56-6b711a622168, server: None, raw: .. }
Reserved ticket 1298 for customer a0ff9800-45cf-4798-9e56-6b711a622168
Server 799bb1b2-bd8f-49e2-81f8-f7237f0eb223 received client-request: Request { kind: ReserveTicket, customer: b7c73ebc-bc2d-4518-b161-96601965cf59, server: None, raw: .. }
Reserved ticket 1297 for customer b7c73ebc-bc2d-4518-b161-96601965cf59
Server 799bb1b2-bd8f-49e2-81f8-f7237f0eb223 received client-request: Request { kind: ReserveTicket, customer: 80bcd81c-fdd3-4222-8d7f-16e55e36183a, server: None, raw: .. }
Reserved ticket 1296 for customer 80bcd81c-fdd3-4222-8d7f-16e55e36183a
Server 799bb1b2-bd8f-49e2-81f8-f7237f0eb223 received client-request: Request { kind: ReserveTicket, customer: c18a1c92-9e9b-4a5b-b002-bc998132878b, server: None, raw: .. }
Reserved ticket 1295 for customer c18a1c92-9e9b-4a5b-b002-bc998132878b
Server 799bb1b2-bd8f-49e2-81f8-f7237f0eb223 received client-request: Request { kind: ReserveTicket, customer: 3f7f5f24-e6e9-4440-9345-34a09ca77b9d, server: None, raw: .. }
Reserved ticket 1294 for customer 3f7f5f24-e6e9-4440-9345-34a09ca77b9d
Server 799bb1b2-bd8f-49e2-81f8-f7237f0eb223 received client-request: Request { kind: ReserveTicket, customer: be07006b-6a1a-40d4-859f-30e836538343, server: None, raw: .. }
Reserved ticket 1293 for customer be07006b-6a1a-40d4-859f-30e836538343
Server 799bb1b2-bd8f-49e2-81f8-f7237f0eb223 received client-request: Request { kind: ReserveTicket, customer: 958172e7-ea5c-47e8-9575-708dbe8d3290, server: None, raw: .. }
Reserved ticket 1292 for customer 958172e7-ea5c-47e8-9575-708dbe8d3290
Server 799bb1b2-bd8f-49e2-81f8-f7237f0eb223 received client-request: Request { kind: ReserveTicket, customer: 85ce8332-f4f8-4279-bd90-c4835082f5a1, server: None, raw: .. }
Reserved ticket 1291 for customer 85ce8332-f4f8-4279-bd90-c4835082f5a1
Server 799bb1b2-bd8f-49e2-81f8-f7237f0eb223 received client-request: Request { kind: ReserveTicket, customer: 6b53a5ed-0b0c-41de-93b3-9d91b8b441f8, server: None, raw: .. }
Reserved ticket 1290 for customer 6b53a5ed-0b0c-41de-93b3-9d91b8b441f8
Server 65a51e17-fff5-4036-8b94-6db5de4d28d8 received client-request: Request { kind: ReserveTicket, customer: 1412f816-fe71-47f0-9481-604f4661884c, server: None, raw: .. }
Reserved ticket 1289 for customer 1412f816-fe71-47f0-9481-604f4661884c
Server 799bb1b2-bd8f-49e2-81f8-f7237f0eb223 received client-request: Request { kind: ReserveTicket, customer: 719ed0bb-382a-47d2-8ef7-98371dbc4939, server: None, raw: .. }
Reserved ticket 1288 for customer 719ed0bb-382a-47d2-8ef7-98371dbc4939
Server 799bb1b2-bd8f-49e2-81f8-f7237f0eb223 received client-request: Request { kind: ReserveTicket, customer: e7c5b304-90eb-4274-86aa-acbd643b5d76, server: None, raw: .. }
Reserved ticket 1287 for customer e7c5b304-90eb-4274-86aa-acbd643b5d76
Server 799bb1b2-bd8f-49e2-81f8-f7237f0eb223 received client-request: Request { kind: ReserveTicket, customer: 2a261879-79cf-4841-95db-23bfce2c57a1, server: None, raw: .. }
Reserved ticket 1286 for customer 2a261879-79cf-4841-95db-23bfce2c57a1
Server 799bb1b2-bd8f-49e2-81f8-f7237f0eb223 received client-request: Request { kind: ReserveTicket, customer: b9fc1cb4-3b8c-46b1-937e-5d7d77c2eddf, server: None, raw: .. }
Reserved ticket 1285 for customer b9fc1cb4-3b8c-46b1-937e-5d7d77c2eddf
Server 799bb1b2-bd8f-49e2-81f8-f7237f0eb223 received client-request: Request { kind: ReserveTicket, customer: 8d163775-16d9-4b45-8291-0eb81eeb7537, server: None, raw: .. }
Reserved ticket 1284 for customer 8d163775-16d9-4b45-8291-0eb81eeb7537
Server 799bb1b2-bd8f-49e2-81f8-f7237f0eb223 received client-request: Request { kind: ReserveTicket, customer: 06ab4553-61c2-47d0-8bab-ebbdf2bb4b08, server: None, raw: .. }
Reserved ticket 1283 for customer 06ab4553-61c2-47d0-8bab-ebbdf2bb4b08
Server 799bb1b2-bd8f-49e2-81f8-f7237f0eb223 received client-request: Request { kind: ReserveTicket, customer: de9d4932-a348-4daa-b4eb-530a4204a020, server: None, raw: .. }
Reserved ticket 1282 for customer de9d4932-a348-4daa-b4eb-530a4204a020
Server 799bb1b2-bd8f-49e2-81f8-f7237f0eb223 received client-request: Request { kind: ReserveTicket, customer: 5c82a9bd-c41e-487d-8e88-73fc8516c4a0, server: None, raw: .. }
Reserved ticket 1281 for customer 5c82a9bd-c41e-487d-8e88-73fc8516c4a0
Server 799bb1b2-bd8f-49e2-81f8-f7237f0eb223 received client-request: Request { kind: ReserveTicket, customer: 5137641e-2821-417a-a4d0-89084f79d4d7, server: None, raw: .. }
Reserved ticket 1280 for customer 5137641e-2821-417a-a4d0-89084f79d4d7
Server 799bb1b2-bd8f-49e2-81f8-f7237f0eb223 received client-request: Request { kind: ReserveTicket, customer: b536fcde-6e45-42ba-b9d1-4bacf0f8f76d, server: None, raw: .. }
Reserved ticket 1279 for customer b536fcde-6e45-42ba-b9d1-4bacf0f8f76d
Server 799bb1b2-bd8f-49e2-81f8-f7237f0eb223 received client-request: Request { kind: ReserveTicket, customer: 6d257325-bdbe-4410-a804-4a0e4b975158, server: None, raw: .. }
Reserved ticket 1278 for customer 6d257325-bdbe-4410-a804-4a0e4b975158
Server 799bb1b2-bd8f-49e2-81f8-f7237f0eb223 received client-request: Request { kind: ReserveTicket, customer: 5c7f9982-cad2-4cfa-8ada-ae0624fa5e19, server: None, raw: .. }
Reserved ticket 1277 for customer 5c7f9982-cad2-4cfa-8ada-ae0624fa5e19
Server 799bb1b2-bd8f-49e2-81f8-f7237f0eb223 received client-request: Request { kind: ReserveTicket, customer: ede3cbf8-bf1a-494c-acf6-54b2aa306077, server: None, raw: .. }
Reserved ticket 1276 for customer ede3cbf8-bf1a-494c-acf6-54b2aa306077
Server 799bb1b2-bd8f-49e2-81f8-f7237f0eb223 received client-request: Request { kind: ReserveTicket, customer: f8ff5eb7-de26-4bdd-b487-80384d7d9f6b, server: None, raw: .. }
Reserved ticket 1275 for customer f8ff5eb7-de26-4bdd-b487-80384d7d9f6b
Server 799bb1b2-bd8f-49e2-81f8-f7237f0eb223 received client-request: Request { kind: ReserveTicket, customer: fc8e31d5-d60e-446f-9fee-a38d938f6cf0, server: None, raw: .. }
Reserved ticket 1274 for customer fc8e31d5-d60e-446f-9fee-a38d938f6cf0
Server 799bb1b2-bd8f-49e2-81f8-f7237f0eb223 received client-request: Request { kind: ReserveTicket, customer: 9c07ba38-7442-4e0b-b6b8-739eccfa84bd, server: None, raw: .. }
Reserved ticket 1273 for customer 9c07ba38-7442-4e0b-b6b8-739eccfa84bd
Server 799bb1b2-bd8f-49e2-81f8-f7237f0eb223 received client-request: Request { kind: ReserveTicket, customer: 34d1972c-c3bd-4fb8-b9a1-e41e860160f7, server: None, raw: .. }
Reserved ticket 1272 for customer 34d1972c-c3bd-4fb8-b9a1-e41e860160f7
Server 799bb1b2-bd8f-49e2-81f8-f7237f0eb223 received client-request: Request { kind: ReserveTicket, customer: b988a65f-d102-4443-83e6-72d992b9a0c3, server: None, raw: .. }
Reserved ticket 1271 for customer b988a65f-d102-4443-83e6-72d992b9a0c3
Server 799bb1b2-bd8f-49e2-81f8-f7237f0eb223 received client-request: Request { kind: ReserveTicket, customer: b710444a-e8a9-4fe6-aed7-20007325f428, server: None, raw: .. }
Reserved ticket 1270 for customer b710444a-e8a9-4fe6-aed7-20007325f428
Server 65a51e17-fff5-4036-8b94-6db5de4d28d8 received client-request: Request { kind: ReserveTicket, customer: ab57dda4-4651-4d3e-acab-67ea9922a797, server: None, raw: .. }
Reserved ticket 1269 for customer ab57dda4-4651-4d3e-acab-67ea9922a797
Server 799bb1b2-bd8f-49e2-81f8-f7237f0eb223 received client-request: Request { kind: ReserveTicket, customer: 1d199183-1c5c-4d70-8ddd-360bd386334f, server: None, raw: .. }
Reserved ticket 1268 for customer 1d199183-1c5c-4d70-8ddd-360bd386334f
Server 799bb1b2-bd8f-49e2-81f8-f7237f0eb223 received client-request: Request { kind: ReserveTicket, customer: 4235af57-2c37-4d14-9949-6dbdfe6c4af8, server: None, raw: .. }
Reserved ticket 1267 for customer 4235af57-2c37-4d14-9949-6dbdfe6c4af8
Server 799bb1b2-bd8f-49e2-81f8-f7237f0eb223 received client-request: Request { kind: ReserveTicket, customer: 0fd91254-1666-4ae3-a858-62d6ebcbc31c, server: None, raw: .. }
Reserved ticket 1266 for customer 0fd91254-1666-4ae3-a858-62d6ebcbc31c
Server 799bb1b2-bd8f-49e2-81f8-f7237f0eb223 received client-request: Request { kind: ReserveTicket, customer: e5f7fdc2-4663-4161-8145-75be346b9893, server: None, raw: .. }
Reserved ticket 1265 for customer e5f7fdc2-4663-4161-8145-75be346b9893
Server 799bb1b2-bd8f-49e2-81f8-f7237f0eb223 received client-request: Request { kind: ReserveTicket, customer: 56fb3c91-43ee-42ec-bd10-3664f86377f2, server: None, raw: .. }
Reserved ticket 1264 for customer 56fb3c91-43ee-42ec-bd10-3664f86377f2
Server 799bb1b2-bd8f-49e2-81f8-f7237f0eb223 received client-request: Request { kind: ReserveTicket, customer: d1c64d93-8acb-4d13-a2bc-e9305728c0b5, server: None, raw: .. }
Reserved ticket 1263 for customer d1c64d93-8acb-4d13-a2bc-e9305728c0b5
Server 799bb1b2-bd8f-49e2-81f8-f7237f0eb223 received client-request: Request { kind: ReserveTicket, customer: ff68395f-8234-4a07-aeaf-5b19a3f512e1, server: None, raw: .. }
Reserved ticket 1262 for customer ff68395f-8234-4a07-aeaf-5b19a3f512e1
Server 799bb1b2-bd8f-49e2-81f8-f7237f0eb223 received client-request: Request { kind: ReserveTicket, customer: 355a39ad-686f-4d6d-b8ee-ed1c52bc1016, server: None, raw: .. }
Reserved ticket 1261 for customer 355a39ad-686f-4d6d-b8ee-ed1c52bc1016
Server 799bb1b2-bd8f-49e2-81f8-f7237f0eb223 received client-request: Request { kind: ReserveTicket, customer: 3dc081ba-e557-4243-be93-8134be5cdc0b, server: None, raw: .. }
Reserved ticket 1260 for customer 3dc081ba-e557-4243-be93-8134be5cdc0b
Server 799bb1b2-bd8f-49e2-81f8-f7237f0eb223 received client-request: Request { kind: ReserveTicket, customer: ed7b1eda-0ed3-4935-8f3f-c46804360f52, server: None, raw: .. }
Reserved ticket 1259 for customer ed7b1eda-0ed3-4935-8f3f-c46804360f52
Server 799bb1b2-bd8f-49e2-81f8-f7237f0eb223 received client-request: Request { kind: ReserveTicket, customer: af988acb-d34c-4b22-8180-01419aa7fce4, server: None, raw: .. }
Reserved ticket 1258 for customer af988acb-d34c-4b22-8180-01419aa7fce4
Server 799bb1b2-bd8f-49e2-81f8-f7237f0eb223 received client-request: Request { kind: ReserveTicket, customer: f19013fd-0a73-4fb7-9b94-7019948b78c5, server: None, raw: .. }
Reserved ticket 1257 for customer f19013fd-0a73-4fb7-9b94-7019948b78c5
Server 799bb1b2-bd8f-49e2-81f8-f7237f0eb223 received client-request: Request { kind: ReserveTicket, customer: 92ade670-d3a9-4c5f-8d68-a16d83f55461, server: None, raw: .. }
Reserved ticket 1256 for customer 92ade670-d3a9-4c5f-8d68-a16d83f55461
Server 799bb1b2-bd8f-49e2-81f8-f7237f0eb223 received client-request: Request { kind: ReserveTicket, customer: c608d797-881c-4b08-9903-eab56ef8df91, server: None, raw: .. }
Reserved ticket 1255 for customer c608d797-881c-4b08-9903-eab56ef8df91
Server 799bb1b2-bd8f-49e2-81f8-f7237f0eb223 received client-request: Request { kind: ReserveTicket, customer: d535d17d-3c68-4f3e-a847-671d87de4557, server: None, raw: .. }
Reserved ticket 1254 for customer d535d17d-3c68-4f3e-a847-671d87de4557
Server 799bb1b2-bd8f-49e2-81f8-f7237f0eb223 received client-request: Request { kind: ReserveTicket, customer: c1cc0279-64a3-4839-b302-c4a288d99aec, server: None, raw: .. }
Reserved ticket 1253 for customer c1cc0279-64a3-4839-b302-c4a288d99aec
Server 799bb1b2-bd8f-49e2-81f8-f7237f0eb223 received client-request: Request { kind: ReserveTicket, customer: 86162373-23a6-486c-a792-04c48b1ca4ed, server: None, raw: .. }
Reserved ticket 1252 for customer 86162373-23a6-486c-a792-04c48b1ca4ed
Server 799bb1b2-bd8f-49e2-81f8-f7237f0eb223 received client-request: Request { kind: ReserveTicket, customer: a704431b-23fc-4dec-9c56-cd92121d3dc5, server: None, raw: .. }
Reserved ticket 1251 for customer a704431b-23fc-4dec-9c56-cd92121d3dc5
Server 799bb1b2-bd8f-49e2-81f8-f7237f0eb223 received client-request: Request { kind: ReserveTicket, customer: 36ef1f31-2d9b-4d18-a2e2-a06e8a99e186, server: None, raw: .. }
Reserved ticket 1250 for customer 36ef1f31-2d9b-4d18-a2e2-a06e8a99e186
Server 65a51e17-fff5-4036-8b94-6db5de4d28d8 received client-request: Request { kind: ReserveTicket, customer: 5fa3ee30-e9b9-42c9-acc8-d525b6c637ef, server: None, raw: .. }
Reserved ticket 1249 for customer 5fa3ee30-e9b9-42c9-acc8-d525b6c637ef
Server 799bb1b2-bd8f-49e2-81f8-f7237f0eb223 received client-request: Request { kind: ReserveTicket, customer: 7457cd61-f75e-494d-b8b1-1931402a8cd8, server: None, raw: .. }
Reserved ticket 1248 for customer 7457cd61-f75e-494d-b8b1-1931402a8cd8
Server 799bb1b2-bd8f-49e2-81f8-f7237f0eb223 received client-request: Request { kind: ReserveTicket, customer: 64a555a6-32cc-412b-aa48-73ceaea01322, server: None, raw: .. }
Reserved ticket 1247 for customer 64a555a6-32cc-412b-aa48-73ceaea01322
Server 799bb1b2-bd8f-49e2-81f8-f7237f0eb223 received client-request: Request { kind: ReserveTicket, customer: 7d56e433-a48b-43ba-8f26-a5cc60ffe883, server: None, raw: .. }
Reserved ticket 1246 for customer 7d56e433-a48b-43ba-8f26-a5cc60ffe883
Server 799bb1b2-bd8f-49e2-81f8-f7237f0eb223 received client-request: Request { kind: ReserveTicket, customer: bb8fac3e-2f32-4836-b311-08b86ba3ce28, server: None, raw: .. }
Reserved ticket 1245 for customer bb8fac3e-2f32-4836-b311-08b86ba3ce28
Server 799bb1b2-bd8f-49e2-81f8-f7237f0eb223 received client-request: Request { kind: ReserveTicket, customer: d90baddb-ffa5-4513-a462-996cfaf2e2e3, server: None, raw: .. }
Reserved ticket 1244 for customer d90baddb-ffa5-4513-a462-996cfaf2e2e3
Server 799bb1b2-bd8f-49e2-81f8-f7237f0eb223 received client-request: Request { kind: ReserveTicket, customer: 850f8e5e-3d9f-411c-b6fe-06eda343ce46, server: None, raw: .. }
Reserved ticket 1243 for customer 850f8e5e-3d9f-411c-b6fe-06eda343ce46
Server 799bb1b2-bd8f-49e2-81f8-f7237f0eb223 received client-request: Request { kind: ReserveTicket, customer: ccd621eb-7b88-4928-9067-a942671a6010, server: None, raw: .. }
Reserved ticket 1242 for customer ccd621eb-7b88-4928-9067-a942671a6010
Server 799bb1b2-bd8f-49e2-81f8-f7237f0eb223 received client-request: Request { kind: ReserveTicket, customer: e79cac6f-43e8-4e75-94a3-0aa85ec80f57, server: None, raw: .. }
Reserved ticket 1241 for customer e79cac6f-43e8-4e75-94a3-0aa85ec80f57
Server 799bb1b2-bd8f-49e2-81f8-f7237f0eb223 received client-request: Request { kind: ReserveTicket, customer: 28b255b1-8a83-44da-9567-2db75742ab8a, server: None, raw: .. }
Reserved ticket 1240 for customer 28b255b1-8a83-44da-9567-2db75742ab8a
Server 799bb1b2-bd8f-49e2-81f8-f7237f0eb223 received client-request: Request { kind: ReserveTicket, customer: c977b433-0379-4b75-9bf0-70abb07babed, server: None, raw: .. }
Reserved ticket 1239 for customer c977b433-0379-4b75-9bf0-70abb07babed
Server 799bb1b2-bd8f-49e2-81f8-f7237f0eb223 received client-request: Request { kind: ReserveTicket, customer: daf2b911-864a-4c88-adfc-8a2ba3b353c2, server: None, raw: .. }
Reserved ticket 1238 for customer daf2b911-864a-4c88-adfc-8a2ba3b353c2
Server 799bb1b2-bd8f-49e2-81f8-f7237f0eb223 received client-request: Request { kind: ReserveTicket, customer: 0bf449c5-d557-4c64-a849-7a5cf01874c0, server: None, raw: .. }
Reserved ticket 1237 for customer 0bf449c5-d557-4c64-a849-7a5cf01874c0
Server 799bb1b2-bd8f-49e2-81f8-f7237f0eb223 received client-request: Request { kind: ReserveTicket, customer: be2f2658-be6d-4ec7-b512-ebe534fae49a, server: None, raw: .. }
Reserved ticket 1236 for customer be2f2658-be6d-4ec7-b512-ebe534fae49a
Server 799bb1b2-bd8f-49e2-81f8-f7237f0eb223 received client-request: Request { kind: ReserveTicket, customer: 606d036d-c8bd-4501-9a0b-a7cdd6bfbeaa, server: None, raw: .. }
Reserved ticket 1235 for customer 606d036d-c8bd-4501-9a0b-a7cdd6bfbeaa
Server 799bb1b2-bd8f-49e2-81f8-f7237f0eb223 received client-request: Request { kind: ReserveTicket, customer: 792b4092-4844-4597-9549-816388e54be6, server: None, raw: .. }
Reserved ticket 1234 for customer 792b4092-4844-4597-9549-816388e54be6
Server 799bb1b2-bd8f-49e2-81f8-f7237f0eb223 received client-request: Request { kind: ReserveTicket, customer: 148ad822-5d13-4aa0-b9b2-f1959ffb3324, server: None, raw: .. }
Reserved ticket 1233 for customer 148ad822-5d13-4aa0-b9b2-f1959ffb3324
Server 799bb1b2-bd8f-49e2-81f8-f7237f0eb223 received client-request: Request { kind: ReserveTicket, customer: ce1c4176-328b-4846-bf75-9c0d23068d96, server: None, raw: .. }
Reserved ticket 1232 for customer ce1c4176-328b-4846-bf75-9c0d23068d96
Server 799bb1b2-bd8f-49e2-81f8-f7237f0eb223 received client-request: Request { kind: ReserveTicket, customer: 1448ddc1-13ca-4ecd-b464-2400633c96e5, server: None, raw: .. }
Reserved ticket 1231 for customer 1448ddc1-13ca-4ecd-b464-2400633c96e5
Server 799bb1b2-bd8f-49e2-81f8-f7237f0eb223 received client-request: Request { kind: ReserveTicket, customer: cdc4ca7a-fab0-478b-9009-9d0b1163ac28, server: None, raw: .. }
Reserved ticket 1230 for customer cdc4ca7a-fab0-478b-9009-9d0b1163ac28
Server 65a51e17-fff5-4036-8b94-6db5de4d28d8 received client-request: Request { kind: ReserveTicket, customer: b8770d2c-910b-42fb-b467-86316fc0ca19, server: None, raw: .. }
Reserved ticket 1229 for customer b8770d2c-910b-42fb-b467-86316fc0ca19
Server 799bb1b2-bd8f-49e2-81f8-f7237f0eb223 received client-request: Request { kind: ReserveTicket, customer: 47472721-3b4d-4162-aaf5-f53851dbd3b6, server: None, raw: .. }
Reserved ticket 1228 for customer 47472721-3b4d-4162-aaf5-f53851dbd3b6
Server 799bb1b2-bd8f-49e2-81f8-f7237f0eb223 received client-request: Request { kind: ReserveTicket, customer: 18d3cfde-b70e-4769-8716-b0fd2e8aab13, server: None, raw: .. }
Reserved ticket 1227 for customer 18d3cfde-b70e-4769-8716-b0fd2e8aab13
Server 799bb1b2-bd8f-49e2-81f8-f7237f0eb223 received client-request: Request { kind: ReserveTicket, customer: 5e3fca9f-eeee-4f43-b8f4-8b9e7b4b26ce, server: None, raw: .. }
Reserved ticket 1226 for customer 5e3fca9f-eeee-4f43-b8f4-8b9e7b4b26ce
Server 799bb1b2-bd8f-49e2-81f8-f7237f0eb223 received client-request: Request { kind: ReserveTicket, customer: e90d684e-ced2-4a54-8033-c4ee889ca84c, server: None, raw: .. }
Reserved ticket 1225 for customer e90d684e-ced2-4a54-8033-c4ee889ca84c
Server 799bb1b2-bd8f-49e2-81f8-f7237f0eb223 received client-request: Request { kind: ReserveTicket, customer: 2cb43d12-84bc-494d-b86b-01859bbdea8a, server: None, raw: .. }
Reserved ticket 1224 for customer 2cb43d12-84bc-494d-b86b-01859bbdea8a
Server 799bb1b2-bd8f-49e2-81f8-f7237f0eb223 received client-request: Request { kind: ReserveTicket, customer: 308c2755-99ea-4398-8c42-2d3d05999173, server: None, raw: .. }
Reserved ticket 1223 for customer 308c2755-99ea-4398-8c42-2d3d05999173
Server 799bb1b2-bd8f-49e2-81f8-f7237f0eb223 received client-request: Request { kind: ReserveTicket, customer: 22e5043f-e0e1-42d1-b896-c3c6213354c6, server: None, raw: .. }
Reserved ticket 1222 for customer 22e5043f-e0e1-42d1-b896-c3c6213354c6
Server 799bb1b2-bd8f-49e2-81f8-f7237f0eb223 received client-request: Request { kind: ReserveTicket, customer: 192411cb-553b-4dcf-af02-d7a595a29ce3, server: None, raw: .. }
Reserved ticket 1221 for customer 192411cb-553b-4dcf-af02-d7a595a29ce3
Server 799bb1b2-bd8f-49e2-81f8-f7237f0eb223 received client-request: Request { kind: ReserveTicket, customer: 33f3a12e-5559-4137-b6fa-772d1ec91372, server: None, raw: .. }
Reserved ticket 1220 for customer 33f3a12e-5559-4137-b6fa-772d1ec91372
Server 799bb1b2-bd8f-49e2-81f8-f7237f0eb223 received client-request: Request { kind: ReserveTicket, customer: 44ca1289-dfcf-44ef-ad54-973509c7f4aa, server: None, raw: .. }
Reserved ticket 1219 for customer 44ca1289-dfcf-44ef-ad54-973509c7f4aa
Server 799bb1b2-bd8f-49e2-81f8-f7237f0eb223 received client-request: Request { kind: ReserveTicket, customer: 9da17534-b330-4210-ae61-c1d24a951f36, server: None, raw: .. }
Reserved ticket 1218 for customer 9da17534-b330-4210-ae61-c1d24a951f36
Server 799bb1b2-bd8f-49e2-81f8-f7237f0eb223 received client-request: Request { kind: ReserveTicket, customer: 510e3949-fe37-4a80-ac57-6ad86d50366e, server: None, raw: .. }
Reserved ticket 1217 for customer 510e3949-fe37-4a80-ac57-6ad86d50366e
Server 799bb1b2-bd8f-49e2-81f8-f7237f0eb223 received client-request: Request { kind: ReserveTicket, customer: 382628da-d295-4e20-b59d-c0ee4294c57c, server: None, raw: .. }
Reserved ticket 1216 for customer 382628da-d295-4e20-b59d-c0ee4294c57c
Server 799bb1b2-bd8f-49e2-81f8-f7237f0eb223 received client-request: Request { kind: ReserveTicket, customer: ef36cb27-8650-4b73-ade3-3ff2f3e569f0, server: None, raw: .. }
Reserved ticket 1215 for customer ef36cb27-8650-4b73-ade3-3ff2f3e569f0
Server 799bb1b2-bd8f-49e2-81f8-f7237f0eb223 received client-request: Request { kind: ReserveTicket, customer: 2cae1a73-9d8b-41fe-82c1-f5512bdcf22e, server: None, raw: .. }
Reserved ticket 1214 for customer 2cae1a73-9d8b-41fe-82c1-f5512bdcf22e
Server 799bb1b2-bd8f-49e2-81f8-f7237f0eb223 received client-request: Request { kind: ReserveTicket, customer: a19e74c7-8ebe-4e02-bbd2-fb2f93ef75b0, server: None, raw: .. }
Reserved ticket 1213 for customer a19e74c7-8ebe-4e02-bbd2-fb2f93ef75b0
Server 799bb1b2-bd8f-49e2-81f8-f7237f0eb223 received client-request: Request { kind: ReserveTicket, customer: 2ce26ff7-c457-4949-ac79-7fb0dd917644, server: None, raw: .. }
Reserved ticket 1212 for customer 2ce26ff7-c457-4949-ac79-7fb0dd917644
Server 799bb1b2-bd8f-49e2-81f8-f7237f0eb223 received client-request: Request { kind: ReserveTicket, customer: ad4eb801-adee-4347-ad0e-e66719c06f92, server: None, raw: .. }
Reserved ticket 1211 for customer ad4eb801-adee-4347-ad0e-e66719c06f92
Server 799bb1b2-bd8f-49e2-81f8-f7237f0eb223 received client-request: Request { kind: ReserveTicket, customer: 136c369e-6adb-4613-9004-835a30abb2f6, server: None, raw: .. }
Reserved ticket 1210 for customer 136c369e-6adb-4613-9004-835a30abb2f6
Server 65a51e17-fff5-4036-8b94-6db5de4d28d8 received client-request: Request { kind: ReserveTicket, customer: 64beb845-64e7-442a-992f-b24e91473ec6, server: None, raw: .. }
Reserved ticket 1209 for customer 64beb845-64e7-442a-992f-b24e91473ec6
Server 799bb1b2-bd8f-49e2-81f8-f7237f0eb223 received client-request: Request { kind: ReserveTicket, customer: e84eaf72-d481-4b28-b26e-47b5e0e6843f, server: None, raw: .. }
Reserved ticket 1208 for customer e84eaf72-d481-4b28-b26e-47b5e0e6843f
Server 799bb1b2-bd8f-49e2-81f8-f7237f0eb223 received client-request: Request { kind: ReserveTicket, customer: 92f31f84-52b4-4d73-9b3e-90129d87ec88, server: None, raw: .. }
Reserved ticket 1207 for customer 92f31f84-52b4-4d73-9b3e-90129d87ec88
Server 799bb1b2-bd8f-49e2-81f8-f7237f0eb223 received client-request: Request { kind: ReserveTicket, customer: 6703b2eb-540b-4df3-8210-7ce9de0c5e2c, server: None, raw: .. }
Reserved ticket 1206 for customer 6703b2eb-540b-4df3-8210-7ce9de0c5e2c
Server 799bb1b2-bd8f-49e2-81f8-f7237f0eb223 received client-request: Request { kind: ReserveTicket, customer: b3a09702-db46-4368-a44e-6ec803638935, server: None, raw: .. }
Reserved ticket 1205 for customer b3a09702-db46-4368-a44e-6ec803638935
Server 799bb1b2-bd8f-49e2-81f8-f7237f0eb223 received client-request: Request { kind: ReserveTicket, customer: 750da0fa-f4c0-4415-836f-e76a199de2b6, server: None, raw: .. }
Reserved ticket 1204 for customer 750da0fa-f4c0-4415-836f-e76a199de2b6
Server 799bb1b2-bd8f-49e2-81f8-f7237f0eb223 received client-request: Request { kind: ReserveTicket, customer: 1b3179b6-ba87-4ca3-b507-a6312fa4cf17, server: None, raw: .. }
Reserved ticket 1203 for customer 1b3179b6-ba87-4ca3-b507-a6312fa4cf17
Server 799bb1b2-bd8f-49e2-81f8-f7237f0eb223 received client-request: Request { kind: ReserveTicket, customer: 5a556bec-0db4-4133-95d6-6c02858e4796, server: None, raw: .. }
Reserved ticket 1202 for customer 5a556bec-0db4-4133-95d6-6c02858e4796
Server 799bb1b2-bd8f-49e2-81f8-f7237f0eb223 received client-request: Request { kind: ReserveTicket, customer: 89d62192-11c5-4058-bee0-7503682ba5df, server: None, raw: .. }
Reserved ticket 1201 for customer 89d62192-11c5-4058-bee0-7503682ba5df
Server 799bb1b2-bd8f-49e2-81f8-f7237f0eb223 received client-request: Request { kind: ReserveTicket, customer: b2315958-a344-46de-b207-c3eaa3242f74, server: None, raw: .. }
Reserved ticket 1200 for customer b2315958-a344-46de-b207-c3eaa3242f74
Server 799bb1b2-bd8f-49e2-81f8-f7237f0eb223 received client-request: Request { kind: ReserveTicket, customer: b12f133e-2708-414a-bb11-f85e0a38347c, server: None, raw: .. }
Reserved ticket 1199 for customer b12f133e-2708-414a-bb11-f85e0a38347c
Server 799bb1b2-bd8f-49e2-81f8-f7237f0eb223 received client-request: Request { kind: ReserveTicket, customer: 22a7d620-cea5-4eb2-91f6-068d82a66d0b, server: None, raw: .. }
Reserved ticket 1198 for customer 22a7d620-cea5-4eb2-91f6-068d82a66d0b
Server 799bb1b2-bd8f-49e2-81f8-f7237f0eb223 received client-request: Request { kind: ReserveTicket, customer: 2425a058-9c9c-4567-aaad-e1c8c0db4fa2, server: None, raw: .. }
Reserved ticket 1197 for customer 2425a058-9c9c-4567-aaad-e1c8c0db4fa2
Server 799bb1b2-bd8f-49e2-81f8-f7237f0eb223 received client-request: Request { kind: ReserveTicket, customer: 6e8050e4-46c1-450f-ac4e-ad67911e5733, server: None, raw: .. }
Reserved ticket 1196 for customer 6e8050e4-46c1-450f-ac4e-ad67911e5733
Server 799bb1b2-bd8f-49e2-81f8-f7237f0eb223 received client-request: Request { kind: ReserveTicket, customer: 370df082-1f16-44e9-ab35-4be1127108f5, server: None, raw: .. }
Reserved ticket 1195 for customer 370df082-1f16-44e9-ab35-4be1127108f5
Server 799bb1b2-bd8f-49e2-81f8-f7237f0eb223 received client-request: Request { kind: ReserveTicket, customer: 19342068-514b-468a-a67a-56b0d686fb6a, server: None, raw: .. }
Reserved ticket 1194 for customer 19342068-514b-468a-a67a-56b0d686fb6a
Server 799bb1b2-bd8f-49e2-81f8-f7237f0eb223 received client-request: Request { kind: ReserveTicket, customer: f2ae3bbd-6c7b-4e7a-b093-d428cfdf2e91, server: None, raw: .. }
Reserved ticket 1193 for customer f2ae3bbd-6c7b-4e7a-b093-d428cfdf2e91
Server 799bb1b2-bd8f-49e2-81f8-f7237f0eb223 received client-request: Request { kind: ReserveTicket, customer: 2b9abe77-fcb0-4f39-b0c7-8c9a1ac4e07d, server: None, raw: .. }
Reserved ticket 1192 for customer 2b9abe77-fcb0-4f39-b0c7-8c9a1ac4e07d
Server 799bb1b2-bd8f-49e2-81f8-f7237f0eb223 received client-request: Request { kind: ReserveTicket, customer: c04dfd00-0a26-4ad8-bb3f-54e494ff8405, server: None, raw: .. }
Reserved ticket 1191 for customer c04dfd00-0a26-4ad8-bb3f-54e494ff8405
Server 799bb1b2-bd8f-49e2-81f8-f7237f0eb223 received client-request: Request { kind: ReserveTicket, customer: f1b537a8-0a95-4f5f-8db0-416d5cf400f9, server: None, raw: .. }
Reserved ticket 1190 for customer f1b537a8-0a95-4f5f-8db0-416d5cf400f9
Server 65a51e17-fff5-4036-8b94-6db5de4d28d8 received client-request: Request { kind: ReserveTicket, customer: 922f92eb-6de8-4c47-b9c1-dde407fe3452, server: None, raw: .. }
Reserved ticket 1189 for customer 922f92eb-6de8-4c47-b9c1-dde407fe3452
Server 799bb1b2-bd8f-49e2-81f8-f7237f0eb223 received client-request: Request { kind: ReserveTicket, customer: 53bd1d76-c03b-4b6a-b791-2ed635c45519, server: None, raw: .. }
Reserved ticket 1188 for customer 53bd1d76-c03b-4b6a-b791-2ed635c45519
Server 799bb1b2-bd8f-49e2-81f8-f7237f0eb223 received client-request: Request { kind: ReserveTicket, customer: 028f8829-9bc7-4396-8697-883be4414720, server: None, raw: .. }
Reserved ticket 1187 for customer 028f8829-9bc7-4396-8697-883be4414720
Server 799bb1b2-bd8f-49e2-81f8-f7237f0eb223 received client-request: Request { kind: ReserveTicket, customer: 975814fb-8c1f-49d7-98c8-40169a2bc5b4, server: None, raw: .. }
Reserved ticket 1186 for customer 975814fb-8c1f-49d7-98c8-40169a2bc5b4
Server 799bb1b2-bd8f-49e2-81f8-f7237f0eb223 received client-request: Request { kind: ReserveTicket, customer: f423f4c2-4fdd-4d07-97a2-ae404cfef7e2, server: None, raw: .. }
Reserved ticket 1185 for customer f423f4c2-4fdd-4d07-97a2-ae404cfef7e2
Server 799bb1b2-bd8f-49e2-81f8-f7237f0eb223 received client-request: Request { kind: ReserveTicket, customer: e20da59e-551a-4d97-af3c-e39c12239eed, server: None, raw: .. }
Reserved ticket 1184 for customer e20da59e-551a-4d97-af3c-e39c12239eed
Server 799bb1b2-bd8f-49e2-81f8-f7237f0eb223 received client-request: Request { kind: ReserveTicket, customer: e895c1bd-1016-49f9-84fd-8db3240fb68c, server: None, raw: .. }
Reserved ticket 1183 for customer e895c1bd-1016-49f9-84fd-8db3240fb68c
Server 799bb1b2-bd8f-49e2-81f8-f7237f0eb223 received client-request: Request { kind: ReserveTicket, customer: 53cc7043-952d-4ddb-b30f-0d4a8622b05f, server: None, raw: .. }
Reserved ticket 1182 for customer 53cc7043-952d-4ddb-b30f-0d4a8622b05f
Server 799bb1b2-bd8f-49e2-81f8-f7237f0eb223 received client-request: Request { kind: ReserveTicket, customer: 1cd9f148-d391-4110-87cd-593e80471f4d, server: None, raw: .. }
Reserved ticket 1181 for customer 1cd9f148-d391-4110-87cd-593e80471f4d
Server 799bb1b2-bd8f-49e2-81f8-f7237f0eb223 received client-request: Request { kind: ReserveTicket, customer: 37a4a569-e430-47f3-b695-9187698ac947, server: None, raw: .. }
Reserved ticket 1180 for customer 37a4a569-e430-47f3-b695-9187698ac947
Server 799bb1b2-bd8f-49e2-81f8-f7237f0eb223 received client-request: Request { kind: ReserveTicket, customer: 9f99776b-faaf-4793-80df-8783bffa9689, server: None, raw: .. }
Reserved ticket 1179 for customer 9f99776b-faaf-4793-80df-8783bffa9689
Server 799bb1b2-bd8f-49e2-81f8-f7237f0eb223 received client-request: Request { kind: ReserveTicket, customer: 65c1caf2-c875-4f4c-8d04-c6a07e7e27b6, server: None, raw: .. }
Reserved ticket 1178 for customer 65c1caf2-c875-4f4c-8d04-c6a07e7e27b6
Server 799bb1b2-bd8f-49e2-81f8-f7237f0eb223 received client-request: Request { kind: ReserveTicket, customer: 024344e4-b79a-4888-b5b7-b94018392624, server: None, raw: .. }
Reserved ticket 1177 for customer 024344e4-b79a-4888-b5b7-b94018392624
Server 799bb1b2-bd8f-49e2-81f8-f7237f0eb223 received client-request: Request { kind: ReserveTicket, customer: b69ec706-5931-4510-b61a-ba89f2ac2556, server: None, raw: .. }
Reserved ticket 1176 for customer b69ec706-5931-4510-b61a-ba89f2ac2556
Server 799bb1b2-bd8f-49e2-81f8-f7237f0eb223 received client-request: Request { kind: ReserveTicket, customer: 3cb8b461-fd9d-40fe-8ebb-178942e9f217, server: None, raw: .. }
Reserved ticket 1175 for customer 3cb8b461-fd9d-40fe-8ebb-178942e9f217
Server 799bb1b2-bd8f-49e2-81f8-f7237f0eb223 received client-request: Request { kind: ReserveTicket, customer: b7ab765a-00c8-4de0-9a11-50c4aac61cac, server: None, raw: .. }
Reserved ticket 1174 for customer b7ab765a-00c8-4de0-9a11-50c4aac61cac
Server 799bb1b2-bd8f-49e2-81f8-f7237f0eb223 received client-request: Request { kind: ReserveTicket, customer: 6c291c00-b7fe-4c1e-9994-820c1a76b4fd, server: None, raw: .. }
Reserved ticket 1173 for customer 6c291c00-b7fe-4c1e-9994-820c1a76b4fd
Server 799bb1b2-bd8f-49e2-81f8-f7237f0eb223 received client-request: Request { kind: ReserveTicket, customer: ca0edae7-0c27-4d28-af61-eb1de0895878, server: None, raw: .. }
Reserved ticket 1172 for customer ca0edae7-0c27-4d28-af61-eb1de0895878
Server 799bb1b2-bd8f-49e2-81f8-f7237f0eb223 received client-request: Request { kind: ReserveTicket, customer: d992c9b0-a05a-4f7f-86a1-469d08ee3115, server: None, raw: .. }
Reserved ticket 1171 for customer d992c9b0-a05a-4f7f-86a1-469d08ee3115
Server 799bb1b2-bd8f-49e2-81f8-f7237f0eb223 received client-request: Request { kind: ReserveTicket, customer: 8b821909-3aef-4e4f-a617-04222dccc5b8, server: None, raw: .. }
Reserved ticket 1170 for customer 8b821909-3aef-4e4f-a617-04222dccc5b8
Server 65a51e17-fff5-4036-8b94-6db5de4d28d8 received client-request: Request { kind: ReserveTicket, customer: 1bdb63e1-21f9-487b-bc62-46a4f95ce8a0, server: None, raw: .. }
Reserved ticket 1169 for customer 1bdb63e1-21f9-487b-bc62-46a4f95ce8a0
Server 799bb1b2-bd8f-49e2-81f8-f7237f0eb223 received client-request: Request { kind: ReserveTicket, customer: 1b6a1ba3-f9de-428d-964c-63df1fe3d77c, server: None, raw: .. }
Reserved ticket 1168 for customer 1b6a1ba3-f9de-428d-964c-63df1fe3d77c
Server 799bb1b2-bd8f-49e2-81f8-f7237f0eb223 received client-request: Request { kind: ReserveTicket, customer: 794fe5c5-87ff-44e5-a683-91bb785ff1a7, server: None, raw: .. }
Reserved ticket 1167 for customer 794fe5c5-87ff-44e5-a683-91bb785ff1a7
Server 799bb1b2-bd8f-49e2-81f8-f7237f0eb223 received client-request: Request { kind: ReserveTicket, customer: 1c16d468-ac01-4dc9-a383-08ca8d38baf1, server: None, raw: .. }
Reserved ticket 1166 for customer 1c16d468-ac01-4dc9-a383-08ca8d38baf1
Server 799bb1b2-bd8f-49e2-81f8-f7237f0eb223 received client-request: Request { kind: ReserveTicket, customer: aab61ce6-456b-4234-a15e-b8f69e3df454, server: None, raw: .. }
Reserved ticket 1165 for customer aab61ce6-456b-4234-a15e-b8f69e3df454
Server 799bb1b2-bd8f-49e2-81f8-f7237f0eb223 received client-request: Request { kind: ReserveTicket, customer: 3e5cca8d-09e1-41f6-86ce-c523970f4174, server: None, raw: .. }
Reserved ticket 1164 for customer 3e5cca8d-09e1-41f6-86ce-c523970f4174
Server 799bb1b2-bd8f-49e2-81f8-f7237f0eb223 received client-request: Request { kind: ReserveTicket, customer: 9ca3f462-287f-4558-84f7-c140b58dcf62, server: None, raw: .. }
Reserved ticket 1163 for customer 9ca3f462-287f-4558-84f7-c140b58dcf62
Server 799bb1b2-bd8f-49e2-81f8-f7237f0eb223 received client-request: Request { kind: ReserveTicket, customer: ff91ad03-955b-4f6d-a94b-f69117ac953e, server: None, raw: .. }
Reserved ticket 1162 for customer ff91ad03-955b-4f6d-a94b-f69117ac953e
Server 799bb1b2-bd8f-49e2-81f8-f7237f0eb223 received client-request: Request { kind: ReserveTicket, customer: 40d23dd8-6ab1-4671-8b93-321af2eb46c5, server: None, raw: .. }
Reserved ticket 1161 for customer 40d23dd8-6ab1-4671-8b93-321af2eb46c5
Server 799bb1b2-bd8f-49e2-81f8-f7237f0eb223 received client-request: Request { kind: ReserveTicket, customer: 4b1d48f1-2b96-4f82-a76c-651411499274, server: None, raw: .. }
Reserved ticket 1160 for customer 4b1d48f1-2b96-4f82-a76c-651411499274
Server 799bb1b2-bd8f-49e2-81f8-f7237f0eb223 received client-request: Request { kind: ReserveTicket, customer: 7921bae4-f2f6-4b42-b854-5f8f51f2b8d2, server: None, raw: .. }
Reserved ticket 1159 for customer 7921bae4-f2f6-4b42-b854-5f8f51f2b8d2
Server 799bb1b2-bd8f-49e2-81f8-f7237f0eb223 received client-request: Request { kind: ReserveTicket, customer: 14022f04-ab00-4ebb-867a-395c0084c3b9, server: None, raw: .. }
Reserved ticket 1158 for customer 14022f04-ab00-4ebb-867a-395c0084c3b9
Server 799bb1b2-bd8f-49e2-81f8-f7237f0eb223 received client-request: Request { kind: ReserveTicket, customer: 0df4f2f2-5c38-4910-845c-52995c8056da, server: None, raw: .. }
Reserved ticket 1157 for customer 0df4f2f2-5c38-4910-845c-52995c8056da
Server 799bb1b2-bd8f-49e2-81f8-f7237f0eb223 received client-request: Request { kind: ReserveTicket, customer: 27923a5d-b708-419c-90d0-5fce1a1d4eb0, server: None, raw: .. }
Reserved ticket 1156 for customer 27923a5d-b708-419c-90d0-5fce1a1d4eb0
Server 799bb1b2-bd8f-49e2-81f8-f7237f0eb223 received client-request: Request { kind: ReserveTicket, customer: 230f29e4-5b98-4604-9144-0eb2a3bc0d95, server: None, raw: .. }
Reserved ticket 1155 for customer 230f29e4-5b98-4604-9144-0eb2a3bc0d95
Server 799bb1b2-bd8f-49e2-81f8-f7237f0eb223 received client-request: Request { kind: ReserveTicket, customer: 2f0d4790-4904-49b0-bbfe-37f5df39ddf4, server: None, raw: .. }
Reserved ticket 1154 for customer 2f0d4790-4904-49b0-bbfe-37f5df39ddf4
Server 799bb1b2-bd8f-49e2-81f8-f7237f0eb223 received client-request: Request { kind: ReserveTicket, customer: 1cefb930-dea5-4c37-acc8-3245aa5c67b0, server: None, raw: .. }
Reserved ticket 1153 for customer 1cefb930-dea5-4c37-acc8-3245aa5c67b0
Server 799bb1b2-bd8f-49e2-81f8-f7237f0eb223 received client-request: Request { kind: ReserveTicket, customer: ed760025-bada-4c0c-997b-33ee240ea546, server: None, raw: .. }
Reserved ticket 1152 for customer ed760025-bada-4c0c-997b-33ee240ea546
Server 799bb1b2-bd8f-49e2-81f8-f7237f0eb223 received client-request: Request { kind: ReserveTicket, customer: fd200d27-ad6b-4b23-9fb4-0ad0ead7c254, server: None, raw: .. }
Reserved ticket 1151 for customer fd200d27-ad6b-4b23-9fb4-0ad0ead7c254
Server 799bb1b2-bd8f-49e2-81f8-f7237f0eb223 received client-request: Request { kind: ReserveTicket, customer: 0ce34273-cfc1-4fff-a8ed-4fb706746d5d, server: None, raw: .. }
Reserved ticket 1150 for customer 0ce34273-cfc1-4fff-a8ed-4fb706746d5d
Server 65a51e17-fff5-4036-8b94-6db5de4d28d8 received client-request: Request { kind: ReserveTicket, customer: 40974d8c-1a4f-4209-9494-785999169539, server: None, raw: .. }
Reserved ticket 1149 for customer 40974d8c-1a4f-4209-9494-785999169539
Server 799bb1b2-bd8f-49e2-81f8-f7237f0eb223 received client-request: Request { kind: ReserveTicket, customer: 12fd5309-6f10-44e4-ac44-6a7520d2e084, server: None, raw: .. }
Reserved ticket 1148 for customer 12fd5309-6f10-44e4-ac44-6a7520d2e084
Server 799bb1b2-bd8f-49e2-81f8-f7237f0eb223 received client-request: Request { kind: ReserveTicket, customer: 14d293e8-56f8-40ef-880c-8bcd3aa33f68, server: None, raw: .. }
Reserved ticket 1147 for customer 14d293e8-56f8-40ef-880c-8bcd3aa33f68
Server 799bb1b2-bd8f-49e2-81f8-f7237f0eb223 received client-request: Request { kind: ReserveTicket, customer: 480cc791-e9d1-478f-88d6-691098932d85, server: None, raw: .. }
Reserved ticket 1146 for customer 480cc791-e9d1-478f-88d6-691098932d85
Server 799bb1b2-bd8f-49e2-81f8-f7237f0eb223 received client-request: Request { kind: ReserveTicket, customer: 415b3f23-4f72-4ae7-90b4-841bcdf77b62, server: None, raw: .. }
Reserved ticket 1145 for customer 415b3f23-4f72-4ae7-90b4-841bcdf77b62
Server 799bb1b2-bd8f-49e2-81f8-f7237f0eb223 received client-request: Request { kind: ReserveTicket, customer: 0a13a707-2bb6-4a12-bae2-1cd9b4c82a08, server: None, raw: .. }
Reserved ticket 1144 for customer 0a13a707-2bb6-4a12-bae2-1cd9b4c82a08
Server 799bb1b2-bd8f-49e2-81f8-f7237f0eb223 received client-request: Request { kind: ReserveTicket, customer: 02640cba-5802-41d6-aa76-e4b50fa295e1, server: None, raw: .. }
Reserved ticket 1143 for customer 02640cba-5802-41d6-aa76-e4b50fa295e1
Server 799bb1b2-bd8f-49e2-81f8-f7237f0eb223 received client-request: Request { kind: ReserveTicket, customer: 1d40c0ad-1156-4985-bcca-a0fcc5e53ae8, server: None, raw: .. }
Reserved ticket 1142 for customer 1d40c0ad-1156-4985-bcca-a0fcc5e53ae8
Server 799bb1b2-bd8f-49e2-81f8-f7237f0eb223 received client-request: Request { kind: ReserveTicket, customer: 697b69aa-cbc3-4ec5-810c-024632b872f4, server: None, raw: .. }
Reserved ticket 1141 for customer 697b69aa-cbc3-4ec5-810c-024632b872f4
Server 799bb1b2-bd8f-49e2-81f8-f7237f0eb223 received client-request: Request { kind: ReserveTicket, customer: 45c47334-66d3-4be9-ba70-4b4730909526, server: None, raw: .. }
Reserved ticket 1140 for customer 45c47334-66d3-4be9-ba70-4b4730909526
Server 799bb1b2-bd8f-49e2-81f8-f7237f0eb223 received client-request: Request { kind: ReserveTicket, customer: 4b37091c-8865-4e01-993b-4efd8b6f8089, server: None, raw: .. }
Reserved ticket 1139 for customer 4b37091c-8865-4e01-993b-4efd8b6f8089
Server 799bb1b2-bd8f-49e2-81f8-f7237f0eb223 received client-request: Request { kind: ReserveTicket, customer: 6d284678-6a19-4b1c-b602-f3e15885d4bf, server: None, raw: .. }
Reserved ticket 1138 for customer 6d284678-6a19-4b1c-b602-f3e15885d4bf
Server 799bb1b2-bd8f-49e2-81f8-f7237f0eb223 received client-request: Request { kind: ReserveTicket, customer: c2bf54fb-f932-4609-9f64-12d8bf4bd86e, server: None, raw: .. }
Reserved ticket 1137 for customer c2bf54fb-f932-4609-9f64-12d8bf4bd86e
Server 799bb1b2-bd8f-49e2-81f8-f7237f0eb223 received client-request: Request { kind: ReserveTicket, customer: c14e9df3-ff70-4023-84d3-6a133001f913, server: None, raw: .. }
Reserved ticket 1136 for customer c14e9df3-ff70-4023-84d3-6a133001f913
Server 799bb1b2-bd8f-49e2-81f8-f7237f0eb223 received client-request: Request { kind: ReserveTicket, customer: fee39d81-433a-47bb-ba89-c573ab483503, server: None, raw: .. }
Reserved ticket 1135 for customer fee39d81-433a-47bb-ba89-c573ab483503
Server 799bb1b2-bd8f-49e2-81f8-f7237f0eb223 received client-request: Request { kind: ReserveTicket, customer: 2e687a80-9871-465d-aad0-e11e6ce2a72e, server: None, raw: .. }
Reserved ticket 1134 for customer 2e687a80-9871-465d-aad0-e11e6ce2a72e
Server 799bb1b2-bd8f-49e2-81f8-f7237f0eb223 received client-request: Request { kind: ReserveTicket, customer: 80b6db41-1ddc-4ced-9ba1-1e402dcc162e, server: None, raw: .. }
Reserved ticket 1133 for customer 80b6db41-1ddc-4ced-9ba1-1e402dcc162e
Server 799bb1b2-bd8f-49e2-81f8-f7237f0eb223 received client-request: Request { kind: ReserveTicket, customer: 808160e0-0632-481f-80d9-ea0714838a97, server: None, raw: .. }
Reserved ticket 1132 for customer 808160e0-0632-481f-80d9-ea0714838a97
Server 799bb1b2-bd8f-49e2-81f8-f7237f0eb223 received client-request: Request { kind: ReserveTicket, customer: b7754ca6-2c73-49cb-b78b-0544c8ff8167, server: None, raw: .. }
Reserved ticket 1131 for customer b7754ca6-2c73-49cb-b78b-0544c8ff8167
Server 799bb1b2-bd8f-49e2-81f8-f7237f0eb223 received client-request: Request { kind: ReserveTicket, customer: 3d1a953c-9a00-442f-ac8b-30e4d7c47888, server: None, raw: .. }
Reserved ticket 1130 for customer 3d1a953c-9a00-442f-ac8b-30e4d7c47888
Server 65a51e17-fff5-4036-8b94-6db5de4d28d8 received client-request: Request { kind: ReserveTicket, customer: 93fc1e8f-5828-4bb7-8f9d-c89f18f0acc8, server: None, raw: .. }
Reserved ticket 1129 for customer 93fc1e8f-5828-4bb7-8f9d-c89f18f0acc8
Server 799bb1b2-bd8f-49e2-81f8-f7237f0eb223 received client-request: Request { kind: ReserveTicket, customer: d3e68666-8923-43d5-8959-7254e925bb12, server: None, raw: .. }
Reserved ticket 1128 for customer d3e68666-8923-43d5-8959-7254e925bb12
Server 799bb1b2-bd8f-49e2-81f8-f7237f0eb223 received client-request: Request { kind: ReserveTicket, customer: fc066bec-68c6-4853-af40-7c9fbfad8056, server: None, raw: .. }
Reserved ticket 1127 for customer fc066bec-68c6-4853-af40-7c9fbfad8056
Server 799bb1b2-bd8f-49e2-81f8-f7237f0eb223 received client-request: Request { kind: ReserveTicket, customer: 0d000461-7356-4feb-a895-32b1d9fd3768, server: None, raw: .. }
Reserved ticket 1126 for customer 0d000461-7356-4feb-a895-32b1d9fd3768
Server 799bb1b2-bd8f-49e2-81f8-f7237f0eb223 received client-request: Request { kind: ReserveTicket, customer: 2bbf6ea2-908f-4972-ab82-ee93a1f8ec18, server: None, raw: .. }
Reserved ticket 1125 for customer 2bbf6ea2-908f-4972-ab82-ee93a1f8ec18
Server 799bb1b2-bd8f-49e2-81f8-f7237f0eb223 received client-request: Request { kind: ReserveTicket, customer: 399b1d5d-58e8-4916-aa6e-0b0b4a5d5d92, server: None, raw: .. }
Reserved ticket 1124 for customer 399b1d5d-58e8-4916-aa6e-0b0b4a5d5d92
Server 799bb1b2-bd8f-49e2-81f8-f7237f0eb223 received client-request: Request { kind: ReserveTicket, customer: 4aa24738-14fb-46c3-8bf2-6f6d6fa41152, server: None, raw: .. }
Reserved ticket 1123 for customer 4aa24738-14fb-46c3-8bf2-6f6d6fa41152
Server 799bb1b2-bd8f-49e2-81f8-f7237f0eb223 received client-request: Request { kind: ReserveTicket, customer: 1902726f-e2a3-48d2-8306-e1910e824945, server: None, raw: .. }
Reserved ticket 1122 for customer 1902726f-e2a3-48d2-8306-e1910e824945
Server 799bb1b2-bd8f-49e2-81f8-f7237f0eb223 received client-request: Request { kind: ReserveTicket, customer: 27b1a9b2-f169-4cf6-9d5d-a3862921e587, server: None, raw: .. }
Reserved ticket 1121 for customer 27b1a9b2-f169-4cf6-9d5d-a3862921e587
Server 799bb1b2-bd8f-49e2-81f8-f7237f0eb223 received client-request: Request { kind: ReserveTicket, customer: 92a188df-afe0-464c-988e-b11ee5d4b0d9, server: None, raw: .. }
Reserved ticket 1120 for customer 92a188df-afe0-464c-988e-b11ee5d4b0d9
Server 799bb1b2-bd8f-49e2-81f8-f7237f0eb223 received client-request: Request { kind: ReserveTicket, customer: 32fb30a1-5c88-4962-8ff2-9cbed67bef5e, server: None, raw: .. }
Reserved ticket 1119 for customer 32fb30a1-5c88-4962-8ff2-9cbed67bef5e
Server 799bb1b2-bd8f-49e2-81f8-f7237f0eb223 received client-request: Request { kind: ReserveTicket, customer: 38646dd5-d302-4e3b-ab53-9e3b906be7e6, server: None, raw: .. }
Reserved ticket 1118 for customer 38646dd5-d302-4e3b-ab53-9e3b906be7e6
Server 799bb1b2-bd8f-49e2-81f8-f7237f0eb223 received client-request: Request { kind: ReserveTicket, customer: fc0f0f41-f18e-4e57-9497-38e6cd3c8854, server: None, raw: .. }
Reserved ticket 1117 for customer fc0f0f41-f18e-4e57-9497-38e6cd3c8854
Server 799bb1b2-bd8f-49e2-81f8-f7237f0eb223 received client-request: Request { kind: ReserveTicket, customer: 1016f786-5b2b-4d9d-98b5-d391ee6b358a, server: None, raw: .. }
Reserved ticket 1116 for customer 1016f786-5b2b-4d9d-98b5-d391ee6b358a
Server 799bb1b2-bd8f-49e2-81f8-f7237f0eb223 received client-request: Request { kind: ReserveTicket, customer: 19911279-bc0c-4cb1-a3de-96d28f731e84, server: None, raw: .. }
Reserved ticket 1115 for customer 19911279-bc0c-4cb1-a3de-96d28f731e84
Server 799bb1b2-bd8f-49e2-81f8-f7237f0eb223 received client-request: Request { kind: ReserveTicket, customer: a8bcd0f8-f886-4862-9d12-1145a30b1d85, server: None, raw: .. }
Reserved ticket 1114 for customer a8bcd0f8-f886-4862-9d12-1145a30b1d85
Server 799bb1b2-bd8f-49e2-81f8-f7237f0eb223 received client-request: Request { kind: ReserveTicket, customer: 06e11357-75cf-47f9-b9ae-7246907248dc, server: None, raw: .. }
Reserved ticket 1113 for customer 06e11357-75cf-47f9-b9ae-7246907248dc
Server 799bb1b2-bd8f-49e2-81f8-f7237f0eb223 received client-request: Request { kind: ReserveTicket, customer: 5a00ba4f-ae07-475c-94ac-4038899d4e95, server: None, raw: .. }
Reserved ticket 1112 for customer 5a00ba4f-ae07-475c-94ac-4038899d4e95
Server 799bb1b2-bd8f-49e2-81f8-f7237f0eb223 received client-request: Request { kind: ReserveTicket, customer: 017d346a-c3d5-47fa-9a08-e841e561ba39, server: None, raw: .. }
Reserved ticket 1111 for customer 017d346a-c3d5-47fa-9a08-e841e561ba39
Server 799bb1b2-bd8f-49e2-81f8-f7237f0eb223 received client-request: Request { kind: ReserveTicket, customer: 4604a2d2-c6ef-4cf0-a376-507c90758dbe, server: None, raw: .. }
Reserved ticket 1110 for customer 4604a2d2-c6ef-4cf0-a376-507c90758dbe
Server 65a51e17-fff5-4036-8b94-6db5de4d28d8 received client-request: Request { kind: ReserveTicket, customer: f6c94606-f5ca-4c10-b634-ef2adc85741f, server: None, raw: .. }
Reserved ticket 1109 for customer f6c94606-f5ca-4c10-b634-ef2adc85741f
Server 799bb1b2-bd8f-49e2-81f8-f7237f0eb223 received client-request: Request { kind: ReserveTicket, customer: c0140aaf-8914-475c-9e50-52ad67e7f876, server: None, raw: .. }
Reserved ticket 1108 for customer c0140aaf-8914-475c-9e50-52ad67e7f876
Server 799bb1b2-bd8f-49e2-81f8-f7237f0eb223 received client-request: Request { kind: ReserveTicket, customer: 0298f93d-7c40-4c87-8365-c1d19c9a45e4, server: None, raw: .. }
Reserved ticket 1107 for customer 0298f93d-7c40-4c87-8365-c1d19c9a45e4
Server 799bb1b2-bd8f-49e2-81f8-f7237f0eb223 received client-request: Request { kind: ReserveTicket, customer: 0b955c04-3910-400d-8ade-3e4a0d9f1894, server: None, raw: .. }
Reserved ticket 1106 for customer 0b955c04-3910-400d-8ade-3e4a0d9f1894
Server 799bb1b2-bd8f-49e2-81f8-f7237f0eb223 received client-request: Request { kind: ReserveTicket, customer: e969a483-2142-4b09-8450-138434101e13, server: None, raw: .. }
Reserved ticket 1105 for customer e969a483-2142-4b09-8450-138434101e13
Server 799bb1b2-bd8f-49e2-81f8-f7237f0eb223 received client-request: Request { kind: ReserveTicket, customer: 56056c1a-7bc4-490a-a617-43a59c57a730, server: None, raw: .. }
Reserved ticket 1104 for customer 56056c1a-7bc4-490a-a617-43a59c57a730
Server 799bb1b2-bd8f-49e2-81f8-f7237f0eb223 received client-request: Request { kind: ReserveTicket, customer: d48da60e-2457-4cc5-b44a-72927eefcfe7, server: None, raw: .. }
Reserved ticket 1103 for customer d48da60e-2457-4cc5-b44a-72927eefcfe7
Server 799bb1b2-bd8f-49e2-81f8-f7237f0eb223 received client-request: Request { kind: ReserveTicket, customer: 0dd26a70-79c1-478c-a56c-1b2a4482492f, server: None, raw: .. }
Reserved ticket 1102 for customer 0dd26a70-79c1-478c-a56c-1b2a4482492f
Server 799bb1b2-bd8f-49e2-81f8-f7237f0eb223 received client-request: Request { kind: ReserveTicket, customer: 0a56adc3-b5ca-400c-accc-8baaba8a0ccc, server: None, raw: .. }
Reserved ticket 1101 for customer 0a56adc3-b5ca-400c-accc-8baaba8a0ccc
Server 799bb1b2-bd8f-49e2-81f8-f7237f0eb223 received client-request: Request { kind: ReserveTicket, customer: ef458829-7c87-40b2-a4e0-8470ed7fe0d2, server: None, raw: .. }
Reserved ticket 1100 for customer ef458829-7c87-40b2-a4e0-8470ed7fe0d2
Server 799bb1b2-bd8f-49e2-81f8-f7237f0eb223 received client-request: Request { kind: ReserveTicket, customer: f9e98dfd-afac-4db7-baf6-f6889f98cc83, server: None, raw: .. }
Reserved ticket 1099 for customer f9e98dfd-afac-4db7-baf6-f6889f98cc83
Server 799bb1b2-bd8f-49e2-81f8-f7237f0eb223 received client-request: Request { kind: ReserveTicket, customer: 718596c1-b13e-47bf-b41b-a03f4cc3de1f, server: None, raw: .. }
Reserved ticket 1098 for customer 718596c1-b13e-47bf-b41b-a03f4cc3de1f
Server 799bb1b2-bd8f-49e2-81f8-f7237f0eb223 received client-request: Request { kind: ReserveTicket, customer: 36ff0c72-8985-432a-832a-a357b068b178, server: None, raw: .. }
Reserved ticket 1097 for customer 36ff0c72-8985-432a-832a-a357b068b178
Server 799bb1b2-bd8f-49e2-81f8-f7237f0eb223 received client-request: Request { kind: ReserveTicket, customer: 2113b774-85bd-420a-8768-face760d6205, server: None, raw: .. }
Reserved ticket 1096 for customer 2113b774-85bd-420a-8768-face760d6205
Server 799bb1b2-bd8f-49e2-81f8-f7237f0eb223 received client-request: Request { kind: ReserveTicket, customer: f37ff0d3-a707-4e9f-aca3-5a0815c053d8, server: None, raw: .. }
Reserved ticket 1095 for customer f37ff0d3-a707-4e9f-aca3-5a0815c053d8
Server 799bb1b2-bd8f-49e2-81f8-f7237f0eb223 received client-request: Request { kind: ReserveTicket, customer: 21a44f97-7abe-4fdb-9803-b9e2a0ecf444, server: None, raw: .. }
Reserved ticket 1094 for customer 21a44f97-7abe-4fdb-9803-b9e2a0ecf444
Server 799bb1b2-bd8f-49e2-81f8-f7237f0eb223 received client-request: Request { kind: ReserveTicket, customer: b38ed610-09cc-484b-acc2-1b7d768c9453, server: None, raw: .. }
Reserved ticket 1093 for customer b38ed610-09cc-484b-acc2-1b7d768c9453
Server 799bb1b2-bd8f-49e2-81f8-f7237f0eb223 received client-request: Request { kind: ReserveTicket, customer: 5114d29c-27a6-4c56-b8ef-ef740198c40a, server: None, raw: .. }
Reserved ticket 1092 for customer 5114d29c-27a6-4c56-b8ef-ef740198c40a
Server 799bb1b2-bd8f-49e2-81f8-f7237f0eb223 received client-request: Request { kind: ReserveTicket, customer: 24fd8a60-710c-4885-9598-6c1f6848d73a, server: None, raw: .. }
Reserved ticket 1091 for customer 24fd8a60-710c-4885-9598-6c1f6848d73a
Server 799bb1b2-bd8f-49e2-81f8-f7237f0eb223 received client-request: Request { kind: ReserveTicket, customer: def587e0-de68-4b7e-bba3-0c04c5bac20c, server: None, raw: .. }
Reserved ticket 1090 for customer def587e0-de68-4b7e-bba3-0c04c5bac20c
Server 65a51e17-fff5-4036-8b94-6db5de4d28d8 received client-request: Request { kind: ReserveTicket, customer: 4c3b9690-de16-45bb-a802-390f66806635, server: None, raw: .. }
Reserved ticket 1089 for customer 4c3b9690-de16-45bb-a802-390f66806635
Server 799bb1b2-bd8f-49e2-81f8-f7237f0eb223 received client-request: Request { kind: ReserveTicket, customer: 7c78c7ec-bd59-4a6a-bfb1-fb3634b976ee, server: None, raw: .. }
Reserved ticket 1088 for customer 7c78c7ec-bd59-4a6a-bfb1-fb3634b976ee
Server 799bb1b2-bd8f-49e2-81f8-f7237f0eb223 received client-request: Request { kind: ReserveTicket, customer: b721f65a-fce5-4cd4-8589-a9422abe66fc, server: None, raw: .. }
Reserved ticket 1087 for customer b721f65a-fce5-4cd4-8589-a9422abe66fc
Server 799bb1b2-bd8f-49e2-81f8-f7237f0eb223 received client-request: Request { kind: ReserveTicket, customer: 619c874c-86d6-4065-bb32-793127ceeabd, server: None, raw: .. }
Reserved ticket 1086 for customer 619c874c-86d6-4065-bb32-793127ceeabd
Server 799bb1b2-bd8f-49e2-81f8-f7237f0eb223 received client-request: Request { kind: ReserveTicket, customer: e9791dad-afb1-49dc-9584-2bcc8e741d9c, server: None, raw: .. }
Reserved ticket 1085 for customer e9791dad-afb1-49dc-9584-2bcc8e741d9c
Server 799bb1b2-bd8f-49e2-81f8-f7237f0eb223 received client-request: Request { kind: ReserveTicket, customer: 2862367c-cb39-4458-b20a-888e68c5ff10, server: None, raw: .. }
Reserved ticket 1084 for customer 2862367c-cb39-4458-b20a-888e68c5ff10
Server 799bb1b2-bd8f-49e2-81f8-f7237f0eb223 received client-request: Request { kind: ReserveTicket, customer: caf95e23-4796-4f6d-8f1a-7e9ce9dca56b, server: None, raw: .. }
Reserved ticket 1083 for customer caf95e23-4796-4f6d-8f1a-7e9ce9dca56b
Server 799bb1b2-bd8f-49e2-81f8-f7237f0eb223 received client-request: Request { kind: ReserveTicket, customer: e2b57a99-c224-4889-8a78-7787b15942a7, server: None, raw: .. }
Reserved ticket 1082 for customer e2b57a99-c224-4889-8a78-7787b15942a7
Server 799bb1b2-bd8f-49e2-81f8-f7237f0eb223 received client-request: Request { kind: ReserveTicket, customer: 8285fcc1-9ccb-443e-928c-94d9b1039161, server: None, raw: .. }
Reserved ticket 1081 for customer 8285fcc1-9ccb-443e-928c-94d9b1039161
Server 799bb1b2-bd8f-49e2-81f8-f7237f0eb223 received client-request: Request { kind: ReserveTicket, customer: 3185e6b2-d95f-4043-a23c-55a6d8ee0e2a, server: None, raw: .. }
Reserved ticket 1080 for customer 3185e6b2-d95f-4043-a23c-55a6d8ee0e2a
Server 799bb1b2-bd8f-49e2-81f8-f7237f0eb223 received client-request: Request { kind: ReserveTicket, customer: 5b8bb225-bed0-45f0-bfbf-76cb21770987, server: None, raw: .. }
Reserved ticket 1079 for customer 5b8bb225-bed0-45f0-bfbf-76cb21770987
Server 799bb1b2-bd8f-49e2-81f8-f7237f0eb223 received client-request: Request { kind: ReserveTicket, customer: cfa8b40d-db31-4c1e-87fd-86cd7753cb1b, server: None, raw: .. }
Reserved ticket 1078 for customer cfa8b40d-db31-4c1e-87fd-86cd7753cb1b
Server 799bb1b2-bd8f-49e2-81f8-f7237f0eb223 received client-request: Request { kind: ReserveTicket, customer: f52f5281-2503-4838-a05a-37e6c21469fb, server: None, raw: .. }
Reserved ticket 1077 for customer f52f5281-2503-4838-a05a-37e6c21469fb
Server 799bb1b2-bd8f-49e2-81f8-f7237f0eb223 received client-request: Request { kind: ReserveTicket, customer: 1a30d743-bd8d-439b-bd6b-137490451ec8, server: None, raw: .. }
Reserved ticket 1076 for customer 1a30d743-bd8d-439b-bd6b-137490451ec8
Server 799bb1b2-bd8f-49e2-81f8-f7237f0eb223 received client-request: Request { kind: ReserveTicket, customer: 8b7c0dea-4b4f-4fc6-b7d9-4d7313a5c674, server: None, raw: .. }
Reserved ticket 1075 for customer 8b7c0dea-4b4f-4fc6-b7d9-4d7313a5c674
Server 799bb1b2-bd8f-49e2-81f8-f7237f0eb223 received client-request: Request { kind: ReserveTicket, customer: d8033db4-c839-4fa1-ba83-78e3d0011b41, server: None, raw: .. }
Reserved ticket 1074 for customer d8033db4-c839-4fa1-ba83-78e3d0011b41
Server 799bb1b2-bd8f-49e2-81f8-f7237f0eb223 received client-request: Request { kind: ReserveTicket, customer: fb5716e3-b7eb-49d9-aad1-dead0df43934, server: None, raw: .. }
Reserved ticket 1073 for customer fb5716e3-b7eb-49d9-aad1-dead0df43934
Server 799bb1b2-bd8f-49e2-81f8-f7237f0eb223 received client-request: Request { kind: ReserveTicket, customer: 685f87c3-9846-46d1-a161-3b205b65976e, server: None, raw: .. }
Reserved ticket 1072 for customer 685f87c3-9846-46d1-a161-3b205b65976e
Server 799bb1b2-bd8f-49e2-81f8-f7237f0eb223 received client-request: Request { kind: ReserveTicket, customer: d6509709-af12-490f-964f-57a5f84ead75, server: None, raw: .. }
Reserved ticket 1071 for customer d6509709-af12-490f-964f-57a5f84ead75
Server 799bb1b2-bd8f-49e2-81f8-f7237f0eb223 received client-request: Request { kind: ReserveTicket, customer: c50a9632-d525-4f55-89d1-971e7961a88c, server: None, raw: .. }
Reserved ticket 1070 for customer c50a9632-d525-4f55-89d1-971e7961a88c
Server 65a51e17-fff5-4036-8b94-6db5de4d28d8 received client-request: Request { kind: ReserveTicket, customer: 58d9b15a-27e0-4e72-a770-443151a5287a, server: None, raw: .. }
Reserved ticket 1069 for customer 58d9b15a-27e0-4e72-a770-443151a5287a
Server 799bb1b2-bd8f-49e2-81f8-f7237f0eb223 received client-request: Request { kind: ReserveTicket, customer: 9c4cfc52-526b-4a17-983f-9fc0ac805661, server: None, raw: .. }
Reserved ticket 1068 for customer 9c4cfc52-526b-4a17-983f-9fc0ac805661
Server 799bb1b2-bd8f-49e2-81f8-f7237f0eb223 received client-request: Request { kind: ReserveTicket, customer: fea344bd-6ae1-4c9f-b8e7-487766d07f8d, server: None, raw: .. }
Reserved ticket 1067 for customer fea344bd-6ae1-4c9f-b8e7-487766d07f8d
Server 799bb1b2-bd8f-49e2-81f8-f7237f0eb223 received client-request: Request { kind: ReserveTicket, customer: 00e39bed-9761-49b2-a2e9-ed4e5f2a3b6e, server: None, raw: .. }
Reserved ticket 1066 for customer 00e39bed-9761-49b2-a2e9-ed4e5f2a3b6e
Server 799bb1b2-bd8f-49e2-81f8-f7237f0eb223 received client-request: Request { kind: ReserveTicket, customer: 41f10473-b11f-4a68-8d78-6dfde5fca877, server: None, raw: .. }
Reserved ticket 1065 for customer 41f10473-b11f-4a68-8d78-6dfde5fca877
Server 799bb1b2-bd8f-49e2-81f8-f7237f0eb223 received client-request: Request { kind: ReserveTicket, customer: a1bfa3f9-17b0-4509-95b2-db4540c11922, server: None, raw: .. }
Reserved ticket 1064 for customer a1bfa3f9-17b0-4509-95b2-db4540c11922
Server 799bb1b2-bd8f-49e2-81f8-f7237f0eb223 received client-request: Request { kind: ReserveTicket, customer: 16b2f7d6-7f60-4d5a-af9c-0bdfebf6e09e, server: None, raw: .. }
Reserved ticket 1063 for customer 16b2f7d6-7f60-4d5a-af9c-0bdfebf6e09e
Server 799bb1b2-bd8f-49e2-81f8-f7237f0eb223 received client-request: Request { kind: ReserveTicket, customer: 21f3164c-612a-47eb-b33e-2cc99e41f12e, server: None, raw: .. }
Reserved ticket 1062 for customer 21f3164c-612a-47eb-b33e-2cc99e41f12e
Server 799bb1b2-bd8f-49e2-81f8-f7237f0eb223 received client-request: Request { kind: ReserveTicket, customer: 66f82e23-5966-40ce-ae89-95e82e9ad7cb, server: None, raw: .. }
Reserved ticket 1061 for customer 66f82e23-5966-40ce-ae89-95e82e9ad7cb
Server 799bb1b2-bd8f-49e2-81f8-f7237f0eb223 received client-request: Request { kind: ReserveTicket, customer: 3ea3535a-5e87-4c46-9214-6760939af60d, server: None, raw: .. }
Reserved ticket 1060 for customer 3ea3535a-5e87-4c46-9214-6760939af60d
Server 799bb1b2-bd8f-49e2-81f8-f7237f0eb223 received client-request: Request { kind: ReserveTicket, customer: 74d2e5e9-b057-4c27-bfa6-74f324fa9566, server: None, raw: .. }
Reserved ticket 1059 for customer 74d2e5e9-b057-4c27-bfa6-74f324fa9566
Server 799bb1b2-bd8f-49e2-81f8-f7237f0eb223 received client-request: Request { kind: ReserveTicket, customer: 06654c69-8846-4e11-9bcf-67bc4ef43c2f, server: None, raw: .. }
Reserved ticket 1058 for customer 06654c69-8846-4e11-9bcf-67bc4ef43c2f
Server 799bb1b2-bd8f-49e2-81f8-f7237f0eb223 received client-request: Request { kind: ReserveTicket, customer: 94e31d24-f3fe-4528-a4bc-f84d012c0180, server: None, raw: .. }
Reserved ticket 1057 for customer 94e31d24-f3fe-4528-a4bc-f84d012c0180
Server 799bb1b2-bd8f-49e2-81f8-f7237f0eb223 received client-request: Request { kind: ReserveTicket, customer: 76ad68ea-3f09-4506-beb0-827c5ec9f65e, server: None, raw: .. }
Reserved ticket 1056 for customer 76ad68ea-3f09-4506-beb0-827c5ec9f65e
Server 799bb1b2-bd8f-49e2-81f8-f7237f0eb223 received client-request: Request { kind: ReserveTicket, customer: b8b1adaa-2cda-47d4-81b6-c0adc1f7a6bb, server: None, raw: .. }
Reserved ticket 1055 for customer b8b1adaa-2cda-47d4-81b6-c0adc1f7a6bb
Server 799bb1b2-bd8f-49e2-81f8-f7237f0eb223 received client-request: Request { kind: ReserveTicket, customer: 01d7a218-5d1e-4dd9-929d-ac6b4b982850, server: None, raw: .. }
Reserved ticket 1054 for customer 01d7a218-5d1e-4dd9-929d-ac6b4b982850
Server 799bb1b2-bd8f-49e2-81f8-f7237f0eb223 received client-request: Request { kind: ReserveTicket, customer: b56a7407-6e16-480f-a7a5-bcabdcae48ba, server: None, raw: .. }
Reserved ticket 1053 for customer b56a7407-6e16-480f-a7a5-bcabdcae48ba
Server 799bb1b2-bd8f-49e2-81f8-f7237f0eb223 received client-request: Request { kind: ReserveTicket, customer: 23f625a8-d8b6-4a64-b85f-074910cfe2f1, server: None, raw: .. }
Reserved ticket 1052 for customer 23f625a8-d8b6-4a64-b85f-074910cfe2f1
Server 799bb1b2-bd8f-49e2-81f8-f7237f0eb223 received client-request: Request { kind: ReserveTicket, customer: 9acb9b7f-56f4-4004-9e6c-41eabc9a7ce2, server: None, raw: .. }
Reserved ticket 1051 for customer 9acb9b7f-56f4-4004-9e6c-41eabc9a7ce2
Server 799bb1b2-bd8f-49e2-81f8-f7237f0eb223 received client-request: Request { kind: ReserveTicket, customer: 9a17cf51-f4ff-4514-af01-17b707fcc1fa, server: None, raw: .. }
Reserved ticket 1050 for customer 9a17cf51-f4ff-4514-af01-17b707fcc1fa
Server 65a51e17-fff5-4036-8b94-6db5de4d28d8 received client-request: Request { kind: ReserveTicket, customer: 2d7d8de3-8dd0-4903-9662-03b10ba55b2c, server: None, raw: .. }
Reserved ticket 1049 for customer 2d7d8de3-8dd0-4903-9662-03b10ba55b2c
Server 799bb1b2-bd8f-49e2-81f8-f7237f0eb223 received client-request: Request { kind: ReserveTicket, customer: 15517cf5-deb7-4d61-8708-174154127a45, server: None, raw: .. }
Reserved ticket 1048 for customer 15517cf5-deb7-4d61-8708-174154127a45
Server 799bb1b2-bd8f-49e2-81f8-f7237f0eb223 received client-request: Request { kind: ReserveTicket, customer: 7c3c0582-49ed-493b-9e1a-3671577154ad, server: None, raw: .. }
Reserved ticket 1047 for customer 7c3c0582-49ed-493b-9e1a-3671577154ad
Server 799bb1b2-bd8f-49e2-81f8-f7237f0eb223 received client-request: Request { kind: ReserveTicket, customer: 2f91f79f-9a66-4530-860e-435aba2f0d51, server: None, raw: .. }
Reserved ticket 1046 for customer 2f91f79f-9a66-4530-860e-435aba2f0d51
Server 799bb1b2-bd8f-49e2-81f8-f7237f0eb223 received client-request: Request { kind: ReserveTicket, customer: bd080ff0-a497-452d-a306-58181f947210, server: None, raw: .. }
Reserved ticket 1045 for customer bd080ff0-a497-452d-a306-58181f947210
Server 799bb1b2-bd8f-49e2-81f8-f7237f0eb223 received client-request: Request { kind: ReserveTicket, customer: e38a805d-fcc6-416f-bdb2-cb674ae37c19, server: None, raw: .. }
Reserved ticket 1044 for customer e38a805d-fcc6-416f-bdb2-cb674ae37c19
Server 799bb1b2-bd8f-49e2-81f8-f7237f0eb223 received client-request: Request { kind: ReserveTicket, customer: bea76448-fc2b-4a93-8ab9-b7965dd89a3f, server: None, raw: .. }
Reserved ticket 1043 for customer bea76448-fc2b-4a93-8ab9-b7965dd89a3f
Server 799bb1b2-bd8f-49e2-81f8-f7237f0eb223 received client-request: Request { kind: ReserveTicket, customer: 7ee50c9a-9af5-48a7-84cd-7df3aa9f0f64, server: None, raw: .. }
Reserved ticket 1042 for customer 7ee50c9a-9af5-48a7-84cd-7df3aa9f0f64
Server 799bb1b2-bd8f-49e2-81f8-f7237f0eb223 received client-request: Request { kind: ReserveTicket, customer: 10f33d8f-ec1d-4518-ae1a-725d5f326fca, server: None, raw: .. }
Reserved ticket 1041 for customer 10f33d8f-ec1d-4518-ae1a-725d5f326fca
Server 799bb1b2-bd8f-49e2-81f8-f7237f0eb223 received client-request: Request { kind: ReserveTicket, customer: f505db92-9c42-492f-a7d2-81b465fdd0ab, server: None, raw: .. }
Reserved ticket 1040 for customer f505db92-9c42-492f-a7d2-81b465fdd0ab
Server 799bb1b2-bd8f-49e2-81f8-f7237f0eb223 received client-request: Request { kind: ReserveTicket, customer: 57ce8f57-f69d-4710-b4dd-0bbc614fbc76, server: None, raw: .. }
Reserved ticket 1039 for customer 57ce8f57-f69d-4710-b4dd-0bbc614fbc76
Server 799bb1b2-bd8f-49e2-81f8-f7237f0eb223 received client-request: Request { kind: ReserveTicket, customer: 84246664-9ee2-43ae-a349-232584cd8c88, server: None, raw: .. }
Reserved ticket 1038 for customer 84246664-9ee2-43ae-a349-232584cd8c88
Server 799bb1b2-bd8f-49e2-81f8-f7237f0eb223 received client-request: Request { kind: ReserveTicket, customer: 2fcc8307-ae46-42e9-8259-eb3b128506fd, server: None, raw: .. }
Reserved ticket 1037 for customer 2fcc8307-ae46-42e9-8259-eb3b128506fd
Server 799bb1b2-bd8f-49e2-81f8-f7237f0eb223 received client-request: Request { kind: ReserveTicket, customer: 948d4344-151c-4abb-ba08-5b6b4a7ef118, server: None, raw: .. }
Reserved ticket 1036 for customer 948d4344-151c-4abb-ba08-5b6b4a7ef118
Server 799bb1b2-bd8f-49e2-81f8-f7237f0eb223 received client-request: Request { kind: ReserveTicket, customer: 85af9355-1f87-4499-a586-65fe234a90ea, server: None, raw: .. }
Reserved ticket 1035 for customer 85af9355-1f87-4499-a586-65fe234a90ea
Server 799bb1b2-bd8f-49e2-81f8-f7237f0eb223 received client-request: Request { kind: ReserveTicket, customer: ff74a2ac-c1f1-4e08-b6f2-6fe2e43b3feb, server: None, raw: .. }
Reserved ticket 1034 for customer ff74a2ac-c1f1-4e08-b6f2-6fe2e43b3feb
Server 799bb1b2-bd8f-49e2-81f8-f7237f0eb223 received client-request: Request { kind: ReserveTicket, customer: 38891181-7621-49c6-887e-0e85bb599323, server: None, raw: .. }
Reserved ticket 1033 for customer 38891181-7621-49c6-887e-0e85bb599323
Server 799bb1b2-bd8f-49e2-81f8-f7237f0eb223 received client-request: Request { kind: ReserveTicket, customer: bc23a4fd-d936-4a23-90b0-f647c6fcf1c5, server: None, raw: .. }
Reserved ticket 1032 for customer bc23a4fd-d936-4a23-90b0-f647c6fcf1c5
Server 799bb1b2-bd8f-49e2-81f8-f7237f0eb223 received client-request: Request { kind: ReserveTicket, customer: 440fcf55-5bfe-4f26-90b0-ace7678a6857, server: None, raw: .. }
Reserved ticket 1031 for customer 440fcf55-5bfe-4f26-90b0-ace7678a6857
Server 799bb1b2-bd8f-49e2-81f8-f7237f0eb223 received client-request: Request { kind: ReserveTicket, customer: b72dda89-faca-4ba7-9ed8-fe6142279deb, server: None, raw: .. }
Reserved ticket 1030 for customer b72dda89-faca-4ba7-9ed8-fe6142279deb
Server 65a51e17-fff5-4036-8b94-6db5de4d28d8 received client-request: Request { kind: ReserveTicket, customer: ba9191c1-2124-4ac3-9ea8-06e79ffff65b, server: None, raw: .. }
Reserved ticket 1029 for customer ba9191c1-2124-4ac3-9ea8-06e79ffff65b
Server 799bb1b2-bd8f-49e2-81f8-f7237f0eb223 received client-request: Request { kind: ReserveTicket, customer: edfd60c8-c363-45ee-972a-08fd5e143340, server: None, raw: .. }
Reserved ticket 1028 for customer edfd60c8-c363-45ee-972a-08fd5e143340
Server 799bb1b2-bd8f-49e2-81f8-f7237f0eb223 received client-request: Request { kind: ReserveTicket, customer: 6b8edb7e-6814-4281-be36-a52977ead746, server: None, raw: .. }
Reserved ticket 1027 for customer 6b8edb7e-6814-4281-be36-a52977ead746
Server 799bb1b2-bd8f-49e2-81f8-f7237f0eb223 received client-request: Request { kind: ReserveTicket, customer: f7cd379a-2493-489d-a525-5dbf181882fa, server: None, raw: .. }
Reserved ticket 1026 for customer f7cd379a-2493-489d-a525-5dbf181882fa
Server 799bb1b2-bd8f-49e2-81f8-f7237f0eb223 received client-request: Request { kind: ReserveTicket, customer: c55ee47c-7364-4bd0-9681-31cb7a3b1a0e, server: None, raw: .. }
Reserved ticket 1025 for customer c55ee47c-7364-4bd0-9681-31cb7a3b1a0e
Server 799bb1b2-bd8f-49e2-81f8-f7237f0eb223 received client-request: Request { kind: ReserveTicket, customer: 54ae6d70-c670-4384-8cfc-75aacce17cee, server: None, raw: .. }
Reserved ticket 1024 for customer 54ae6d70-c670-4384-8cfc-75aacce17cee
Server 799bb1b2-bd8f-49e2-81f8-f7237f0eb223 received client-request: Request { kind: ReserveTicket, customer: c9aad48c-57c5-47d2-a4f8-4243fc25d7fe, server: None, raw: .. }
Reserved ticket 1023 for customer c9aad48c-57c5-47d2-a4f8-4243fc25d7fe
Server 799bb1b2-bd8f-49e2-81f8-f7237f0eb223 received client-request: Request { kind: ReserveTicket, customer: 818e79d9-dded-43a4-b621-b7ae294dcd7d, server: None, raw: .. }
Reserved ticket 1022 for customer 818e79d9-dded-43a4-b621-b7ae294dcd7d
Server 799bb1b2-bd8f-49e2-81f8-f7237f0eb223 received client-request: Request { kind: ReserveTicket, customer: d65b5d91-a64e-4ad2-a7cb-9417f117a457, server: None, raw: .. }
Reserved ticket 1021 for customer d65b5d91-a64e-4ad2-a7cb-9417f117a457
Server 799bb1b2-bd8f-49e2-81f8-f7237f0eb223 received client-request: Request { kind: ReserveTicket, customer: e15b8d8a-634a-4255-a075-88764d0c7483, server: None, raw: .. }
Reserved ticket 1020 for customer e15b8d8a-634a-4255-a075-88764d0c7483
Server 799bb1b2-bd8f-49e2-81f8-f7237f0eb223 received client-request: Request { kind: ReserveTicket, customer: 7305a15d-0bad-4bb6-a3b6-30174156a7f7, server: None, raw: .. }
Reserved ticket 1019 for customer 7305a15d-0bad-4bb6-a3b6-30174156a7f7
Server 799bb1b2-bd8f-49e2-81f8-f7237f0eb223 received client-request: Request { kind: ReserveTicket, customer: ac289976-d486-4a6a-b29d-123a9acfaf1d, server: None, raw: .. }
Reserved ticket 1018 for customer ac289976-d486-4a6a-b29d-123a9acfaf1d
Server 799bb1b2-bd8f-49e2-81f8-f7237f0eb223 received client-request: Request { kind: ReserveTicket, customer: 17984458-cb62-42fe-890e-5b0cfa744eb8, server: None, raw: .. }
Reserved ticket 1017 for customer 17984458-cb62-42fe-890e-5b0cfa744eb8
Server 799bb1b2-bd8f-49e2-81f8-f7237f0eb223 received client-request: Request { kind: ReserveTicket, customer: fd73766b-7638-418f-9097-550e4f2ae324, server: None, raw: .. }
Reserved ticket 1016 for customer fd73766b-7638-418f-9097-550e4f2ae324
Server 799bb1b2-bd8f-49e2-81f8-f7237f0eb223 received client-request: Request { kind: ReserveTicket, customer: d3cdb9d2-82e4-4bf3-9052-c2156cd490c7, server: None, raw: .. }
Reserved ticket 1015 for customer d3cdb9d2-82e4-4bf3-9052-c2156cd490c7
Server 799bb1b2-bd8f-49e2-81f8-f7237f0eb223 received client-request: Request { kind: ReserveTicket, customer: 93d5a813-514e-462d-9661-95516b2e0972, server: None, raw: .. }
Reserved ticket 1014 for customer 93d5a813-514e-462d-9661-95516b2e0972
Server 799bb1b2-bd8f-49e2-81f8-f7237f0eb223 received client-request: Request { kind: ReserveTicket, customer: 0ef0bf11-f19a-49c5-aa1e-2c3eba97ab98, server: None, raw: .. }
Reserved ticket 1013 for customer 0ef0bf11-f19a-49c5-aa1e-2c3eba97ab98
Server 799bb1b2-bd8f-49e2-81f8-f7237f0eb223 received client-request: Request { kind: ReserveTicket, customer: 295ee2f9-156a-4e57-a856-1dc5c78b8d71, server: None, raw: .. }
Reserved ticket 1012 for customer 295ee2f9-156a-4e57-a856-1dc5c78b8d71
Server 799bb1b2-bd8f-49e2-81f8-f7237f0eb223 received client-request: Request { kind: ReserveTicket, customer: a52761f0-4c6a-4fc5-b6e2-f8f36f765458, server: None, raw: .. }
Reserved ticket 1011 for customer a52761f0-4c6a-4fc5-b6e2-f8f36f765458
Server 799bb1b2-bd8f-49e2-81f8-f7237f0eb223 received client-request: Request { kind: ReserveTicket, customer: 650fb9e4-2145-4ee9-8daa-13928b8914e8, server: None, raw: .. }
Reserved ticket 1010 for customer 650fb9e4-2145-4ee9-8daa-13928b8914e8
Server 65a51e17-fff5-4036-8b94-6db5de4d28d8 received client-request: Request { kind: ReserveTicket, customer: f0f8093a-0d60-4497-9453-3ed094953153, server: None, raw: .. }
Reserved ticket 1009 for customer f0f8093a-0d60-4497-9453-3ed094953153
Server 799bb1b2-bd8f-49e2-81f8-f7237f0eb223 received client-request: Request { kind: ReserveTicket, customer: 76700b03-b5f9-4205-8901-8f1341d16030, server: None, raw: .. }
Reserved ticket 1008 for customer 76700b03-b5f9-4205-8901-8f1341d16030
Server 799bb1b2-bd8f-49e2-81f8-f7237f0eb223 received client-request: Request { kind: ReserveTicket, customer: 7e71bcb2-650d-4c8c-b5eb-89e2ff15c83a, server: None, raw: .. }
Reserved ticket 1007 for customer 7e71bcb2-650d-4c8c-b5eb-89e2ff15c83a
Server 799bb1b2-bd8f-49e2-81f8-f7237f0eb223 received client-request: Request { kind: ReserveTicket, customer: 2fe994c9-c0cf-4bea-9e45-af00f2626903, server: None, raw: .. }
Reserved ticket 1006 for customer 2fe994c9-c0cf-4bea-9e45-af00f2626903
Server 799bb1b2-bd8f-49e2-81f8-f7237f0eb223 received client-request: Request { kind: ReserveTicket, customer: 617b2000-072c-4390-a2e9-8fd2543224dd, server: None, raw: .. }
Reserved ticket 1005 for customer 617b2000-072c-4390-a2e9-8fd2543224dd
Server 799bb1b2-bd8f-49e2-81f8-f7237f0eb223 received client-request: Request { kind: ReserveTicket, customer: 2fb20879-b96c-4286-b995-b11c7b6c625b, server: None, raw: .. }
Reserved ticket 1004 for customer 2fb20879-b96c-4286-b995-b11c7b6c625b
Server 799bb1b2-bd8f-49e2-81f8-f7237f0eb223 received client-request: Request { kind: ReserveTicket, customer: 7a456875-4463-4dfd-9899-c09ae1630fba, server: None, raw: .. }
Reserved ticket 1003 for customer 7a456875-4463-4dfd-9899-c09ae1630fba
Server 799bb1b2-bd8f-49e2-81f8-f7237f0eb223 received client-request: Request { kind: ReserveTicket, customer: 03aaab35-2ec2-4683-b79c-c4f01f86c018, server: None, raw: .. }
Reserved ticket 1002 for customer 03aaab35-2ec2-4683-b79c-c4f01f86c018
Server 799bb1b2-bd8f-49e2-81f8-f7237f0eb223 received client-request: Request { kind: ReserveTicket, customer: 9cf6fd3d-d33e-4b72-a64c-3ff3e80fe954, server: None, raw: .. }
Reserved ticket 1001 for customer 9cf6fd3d-d33e-4b72-a64c-3ff3e80fe954
Server 799bb1b2-bd8f-49e2-81f8-f7237f0eb223 received client-request: Request { kind: ReserveTicket, customer: 6e898ed6-765b-41e9-ad87-e66c2cd867f0, server: None, raw: .. }
Reserved ticket 1000 for customer 6e898ed6-765b-41e9-ad87-e66c2cd867f0
Server 799bb1b2-bd8f-49e2-81f8-f7237f0eb223 received client-request: Request { kind: ReserveTicket, customer: 2cc1878f-df9e-49c3-8c22-77dd25ee3d11, server: None, raw: .. }
Reserved ticket 999 for customer 2cc1878f-df9e-49c3-8c22-77dd25ee3d11
Server 799bb1b2-bd8f-49e2-81f8-f7237f0eb223 received client-request: Request { kind: ReserveTicket, customer: 48768bfd-483b-4899-b8a6-aaed2e55c6d7, server: None, raw: .. }
Reserved ticket 998 for customer 48768bfd-483b-4899-b8a6-aaed2e55c6d7
Server 799bb1b2-bd8f-49e2-81f8-f7237f0eb223 received client-request: Request { kind: ReserveTicket, customer: 0a1d7f73-7bac-4fb5-81d2-b255273ebd99, server: None, raw: .. }
Reserved ticket 997 for customer 0a1d7f73-7bac-4fb5-81d2-b255273ebd99
Server 799bb1b2-bd8f-49e2-81f8-f7237f0eb223 received client-request: Request { kind: ReserveTicket, customer: fd45e7e4-afbb-4a6a-944c-33ecea6eed28, server: None, raw: .. }
Reserved ticket 996 for customer fd45e7e4-afbb-4a6a-944c-33ecea6eed28
Server 799bb1b2-bd8f-49e2-81f8-f7237f0eb223 received client-request: Request { kind: ReserveTicket, customer: 6882f6bb-c2d6-428f-88e8-a5fa2ebec205, server: None, raw: .. }
Reserved ticket 995 for customer 6882f6bb-c2d6-428f-88e8-a5fa2ebec205
Server 799bb1b2-bd8f-49e2-81f8-f7237f0eb223 received client-request: Request { kind: ReserveTicket, customer: 2d2b4017-75d7-4c97-930b-7e7d554e5515, server: None, raw: .. }
Reserved ticket 994 for customer 2d2b4017-75d7-4c97-930b-7e7d554e5515
Server 799bb1b2-bd8f-49e2-81f8-f7237f0eb223 received client-request: Request { kind: ReserveTicket, customer: 491d9764-2010-4639-b82d-6af48f38d631, server: None, raw: .. }
Reserved ticket 993 for customer 491d9764-2010-4639-b82d-6af48f38d631
Server 799bb1b2-bd8f-49e2-81f8-f7237f0eb223 received client-request: Request { kind: ReserveTicket, customer: 53510097-9f13-4665-970e-a7fd6a568d88, server: None, raw: .. }
Reserved ticket 992 for customer 53510097-9f13-4665-970e-a7fd6a568d88
Server 799bb1b2-bd8f-49e2-81f8-f7237f0eb223 received client-request: Request { kind: ReserveTicket, customer: c1d14841-7163-4d36-a917-85c263e16092, server: None, raw: .. }
Reserved ticket 991 for customer c1d14841-7163-4d36-a917-85c263e16092
Server 799bb1b2-bd8f-49e2-81f8-f7237f0eb223 received client-request: Request { kind: ReserveTicket, customer: 3d8f39ee-fff1-4509-a626-8390007bdee2, server: None, raw: .. }
Reserved ticket 990 for customer 3d8f39ee-fff1-4509-a626-8390007bdee2
Server 65a51e17-fff5-4036-8b94-6db5de4d28d8 received client-request: Request { kind: ReserveTicket, customer: 10b444b9-53b7-4a67-95fb-cc5cba9bd748, server: None, raw: .. }
Reserved ticket 989 for customer 10b444b9-53b7-4a67-95fb-cc5cba9bd748
Server 799bb1b2-bd8f-49e2-81f8-f7237f0eb223 received client-request: Request { kind: ReserveTicket, customer: 40a66a62-673e-43a1-ac26-27168c2b73f2, server: None, raw: .. }
Reserved ticket 988 for customer 40a66a62-673e-43a1-ac26-27168c2b73f2
Server 799bb1b2-bd8f-49e2-81f8-f7237f0eb223 received client-request: Request { kind: ReserveTicket, customer: 6eaf4202-1427-49c9-a60c-4fd393c959a3, server: None, raw: .. }
Reserved ticket 987 for customer 6eaf4202-1427-49c9-a60c-4fd393c959a3
Server 799bb1b2-bd8f-49e2-81f8-f7237f0eb223 received client-request: Request { kind: ReserveTicket, customer: d1bd6e96-9402-44f4-bfe1-38089e29d764, server: None, raw: .. }
Reserved ticket 986 for customer d1bd6e96-9402-44f4-bfe1-38089e29d764
Server 799bb1b2-bd8f-49e2-81f8-f7237f0eb223 received client-request: Request { kind: ReserveTicket, customer: ff6608b7-dca4-4371-943b-64f2e6531755, server: None, raw: .. }
Reserved ticket 985 for customer ff6608b7-dca4-4371-943b-64f2e6531755
Server 799bb1b2-bd8f-49e2-81f8-f7237f0eb223 received client-request: Request { kind: ReserveTicket, customer: bfcca737-ee8d-4e3b-bbb9-73f42a271578, server: None, raw: .. }
Reserved ticket 984 for customer bfcca737-ee8d-4e3b-bbb9-73f42a271578
Server 799bb1b2-bd8f-49e2-81f8-f7237f0eb223 received client-request: Request { kind: ReserveTicket, customer: cd1b28e0-b0a3-41b3-81da-43f43db6a3ff, server: None, raw: .. }
Reserved ticket 983 for customer cd1b28e0-b0a3-41b3-81da-43f43db6a3ff
Server 799bb1b2-bd8f-49e2-81f8-f7237f0eb223 received client-request: Request { kind: ReserveTicket, customer: 323a77e5-477b-4983-a37c-209fe779609b, server: None, raw: .. }
Reserved ticket 982 for customer 323a77e5-477b-4983-a37c-209fe779609b
Server 799bb1b2-bd8f-49e2-81f8-f7237f0eb223 received client-request: Request { kind: ReserveTicket, customer: 8be05a81-bd81-4602-a32d-010cd17f7753, server: None, raw: .. }
Reserved ticket 981 for customer 8be05a81-bd81-4602-a32d-010cd17f7753
Server 799bb1b2-bd8f-49e2-81f8-f7237f0eb223 received client-request: Request { kind: ReserveTicket, customer: e865b15e-b400-4453-86ec-c72f2192eb06, server: None, raw: .. }
Reserved ticket 980 for customer e865b15e-b400-4453-86ec-c72f2192eb06
Server 799bb1b2-bd8f-49e2-81f8-f7237f0eb223 received client-request: Request { kind: ReserveTicket, customer: 89c67d5b-a79f-4db7-b2de-906778fdf7e7, server: None, raw: .. }
Reserved ticket 979 for customer 89c67d5b-a79f-4db7-b2de-906778fdf7e7
Server 799bb1b2-bd8f-49e2-81f8-f7237f0eb223 received client-request: Request { kind: ReserveTicket, customer: 7051652d-e42d-4da7-8c66-c49a1b1dd4f2, server: None, raw: .. }
Reserved ticket 978 for customer 7051652d-e42d-4da7-8c66-c49a1b1dd4f2
Server 799bb1b2-bd8f-49e2-81f8-f7237f0eb223 received client-request: Request { kind: ReserveTicket, customer: 579190ef-52d7-479b-9b19-b5df83cac50c, server: None, raw: .. }
Reserved ticket 977 for customer 579190ef-52d7-479b-9b19-b5df83cac50c
Server 799bb1b2-bd8f-49e2-81f8-f7237f0eb223 received client-request: Request { kind: ReserveTicket, customer: 176a1ea1-302e-42c3-8d02-24d066897952, server: None, raw: .. }
Reserved ticket 976 for customer 176a1ea1-302e-42c3-8d02-24d066897952
Server 799bb1b2-bd8f-49e2-81f8-f7237f0eb223 received client-request: Request { kind: ReserveTicket, customer: d60be0a2-ec1c-45e3-8af9-89a001995e89, server: None, raw: .. }
Reserved ticket 975 for customer d60be0a2-ec1c-45e3-8af9-89a001995e89
Server 799bb1b2-bd8f-49e2-81f8-f7237f0eb223 received client-request: Request { kind: ReserveTicket, customer: cef5e022-633c-4f16-91ba-a680d66ee447, server: None, raw: .. }
Reserved ticket 974 for customer cef5e022-633c-4f16-91ba-a680d66ee447
Server 799bb1b2-bd8f-49e2-81f8-f7237f0eb223 received client-request: Request { kind: ReserveTicket, customer: 086ec261-8661-4fd7-bc6f-94f6553cc9c5, server: None, raw: .. }
Reserved ticket 973 for customer 086ec261-8661-4fd7-bc6f-94f6553cc9c5
Server 799bb1b2-bd8f-49e2-81f8-f7237f0eb223 received client-request: Request { kind: ReserveTicket, customer: 0566e7cc-6a3a-47e3-a08a-f3383fdbc568, server: None, raw: .. }
Reserved ticket 972 for customer 0566e7cc-6a3a-47e3-a08a-f3383fdbc568
Server 799bb1b2-bd8f-49e2-81f8-f7237f0eb223 received client-request: Request { kind: ReserveTicket, customer: 57f34e52-bfe2-4e44-9f18-995c4d043766, server: None, raw: .. }
Reserved ticket 971 for customer 57f34e52-bfe2-4e44-9f18-995c4d043766
Server 799bb1b2-bd8f-49e2-81f8-f7237f0eb223 received client-request: Request { kind: ReserveTicket, customer: 9c41af17-20e6-40be-ba89-227f932330fc, server: None, raw: .. }
Reserved ticket 970 for customer 9c41af17-20e6-40be-ba89-227f932330fc
Server 65a51e17-fff5-4036-8b94-6db5de4d28d8 received client-request: Request { kind: ReserveTicket, customer: c4aaf6f4-eb77-4cb6-b46b-315146cc9960, server: None, raw: .. }
Reserved ticket 969 for customer c4aaf6f4-eb77-4cb6-b46b-315146cc9960
Server 799bb1b2-bd8f-49e2-81f8-f7237f0eb223 received client-request: Request { kind: ReserveTicket, customer: f3b53628-b002-4a25-bd48-188d629d944a, server: None, raw: .. }
Reserved ticket 968 for customer f3b53628-b002-4a25-bd48-188d629d944a
Server 799bb1b2-bd8f-49e2-81f8-f7237f0eb223 received client-request: Request { kind: ReserveTicket, customer: 0b05a181-e4cc-4f7f-bddb-06ff6702ae28, server: None, raw: .. }
Reserved ticket 967 for customer 0b05a181-e4cc-4f7f-bddb-06ff6702ae28
Server 799bb1b2-bd8f-49e2-81f8-f7237f0eb223 received client-request: Request { kind: ReserveTicket, customer: aea46d0f-47a7-48e1-bc9f-af74431a0919, server: None, raw: .. }
Reserved ticket 966 for customer aea46d0f-47a7-48e1-bc9f-af74431a0919
Server 799bb1b2-bd8f-49e2-81f8-f7237f0eb223 received client-request: Request { kind: ReserveTicket, customer: 004cad3f-5ed6-4e1e-aedf-e3ef3438c17d, server: None, raw: .. }
Reserved ticket 965 for customer 004cad3f-5ed6-4e1e-aedf-e3ef3438c17d
Server 799bb1b2-bd8f-49e2-81f8-f7237f0eb223 received client-request: Request { kind: ReserveTicket, customer: 6b069d59-a315-4b93-a8cf-d22baa113d59, server: None, raw: .. }
Reserved ticket 964 for customer 6b069d59-a315-4b93-a8cf-d22baa113d59
Server 799bb1b2-bd8f-49e2-81f8-f7237f0eb223 received client-request: Request { kind: ReserveTicket, customer: 7acd9559-88f2-48b4-a418-ac294c59b3a2, server: None, raw: .. }
Reserved ticket 963 for customer 7acd9559-88f2-48b4-a418-ac294c59b3a2
Server 799bb1b2-bd8f-49e2-81f8-f7237f0eb223 received client-request: Request { kind: ReserveTicket, customer: c665d504-1a27-4dac-a026-be6ffe1b1f99, server: None, raw: .. }
Reserved ticket 962 for customer c665d504-1a27-4dac-a026-be6ffe1b1f99
Server 799bb1b2-bd8f-49e2-81f8-f7237f0eb223 received client-request: Request { kind: ReserveTicket, customer: c9d549b2-5712-483e-ab63-cc7036f319df, server: None, raw: .. }
Reserved ticket 961 for customer c9d549b2-5712-483e-ab63-cc7036f319df
Server 799bb1b2-bd8f-49e2-81f8-f7237f0eb223 received client-request: Request { kind: ReserveTicket, customer: df14f789-3892-42b0-8709-9d27f0c9f1d5, server: None, raw: .. }
Reserved ticket 960 for customer df14f789-3892-42b0-8709-9d27f0c9f1d5
Server 799bb1b2-bd8f-49e2-81f8-f7237f0eb223 received client-request: Request { kind: ReserveTicket, customer: 06650a75-2975-4944-8db0-1e667da390b2, server: None, raw: .. }
Reserved ticket 959 for customer 06650a75-2975-4944-8db0-1e667da390b2
Server 799bb1b2-bd8f-49e2-81f8-f7237f0eb223 received client-request: Request { kind: ReserveTicket, customer: d81303d4-de80-4a03-bdda-889b998bc5a7, server: None, raw: .. }
Reserved ticket 958 for customer d81303d4-de80-4a03-bdda-889b998bc5a7
Server 799bb1b2-bd8f-49e2-81f8-f7237f0eb223 received client-request: Request { kind: ReserveTicket, customer: 27a60347-6f1c-4f7e-b6ec-755c881b0719, server: None, raw: .. }
Reserved ticket 957 for customer 27a60347-6f1c-4f7e-b6ec-755c881b0719
Server 799bb1b2-bd8f-49e2-81f8-f7237f0eb223 received client-request: Request { kind: ReserveTicket, customer: b42527de-022e-40ca-9269-2ffe37133a0d, server: None, raw: .. }
Reserved ticket 956 for customer b42527de-022e-40ca-9269-2ffe37133a0d
Server 799bb1b2-bd8f-49e2-81f8-f7237f0eb223 received client-request: Request { kind: ReserveTicket, customer: b3e150b3-58a5-4904-8bb4-04f5a67a7f78, server: None, raw: .. }
Reserved ticket 955 for customer b3e150b3-58a5-4904-8bb4-04f5a67a7f78
Server 799bb1b2-bd8f-49e2-81f8-f7237f0eb223 received client-request: Request { kind: ReserveTicket, customer: 9d83d9bc-e837-4931-b8a8-ed45294c432b, server: None, raw: .. }
Reserved ticket 954 for customer 9d83d9bc-e837-4931-b8a8-ed45294c432b
Server 799bb1b2-bd8f-49e2-81f8-f7237f0eb223 received client-request: Request { kind: ReserveTicket, customer: 17ddc4b7-b8a5-40dc-b825-6d67f8ac1af3, server: None, raw: .. }
Reserved ticket 953 for customer 17ddc4b7-b8a5-40dc-b825-6d67f8ac1af3
Server 799bb1b2-bd8f-49e2-81f8-f7237f0eb223 received client-request: Request { kind: ReserveTicket, customer: 0bf7d733-c183-4fb6-8c3c-ce2d4dd3d56e, server: None, raw: .. }
Reserved ticket 952 for customer 0bf7d733-c183-4fb6-8c3c-ce2d4dd3d56e
Server 799bb1b2-bd8f-49e2-81f8-f7237f0eb223 received client-request: Request { kind: ReserveTicket, customer: 83d3e612-f7cb-4a8a-97d3-04885a3857b0, server: None, raw: .. }
Reserved ticket 951 for customer 83d3e612-f7cb-4a8a-97d3-04885a3857b0
Server 799bb1b2-bd8f-49e2-81f8-f7237f0eb223 received client-request: Request { kind: ReserveTicket, customer: a243c33b-5bd6-4f92-afbf-6edd2f5e2544, server: None, raw: .. }
Reserved ticket 950 for customer a243c33b-5bd6-4f92-afbf-6edd2f5e2544
Server 65a51e17-fff5-4036-8b94-6db5de4d28d8 received client-request: Request { kind: ReserveTicket, customer: 256ed0b6-8c91-4b04-9704-00efbafcc770, server: None, raw: .. }
Reserved ticket 949 for customer 256ed0b6-8c91-4b04-9704-00efbafcc770
Server 799bb1b2-bd8f-49e2-81f8-f7237f0eb223 received client-request: Request { kind: ReserveTicket, customer: e2f1047d-09ce-480b-adfc-b018ed733617, server: None, raw: .. }
Reserved ticket 948 for customer e2f1047d-09ce-480b-adfc-b018ed733617
Server 799bb1b2-bd8f-49e2-81f8-f7237f0eb223 received client-request: Request { kind: ReserveTicket, customer: dffbeaa7-c2ba-4263-b89d-d2fff56c85ab, server: None, raw: .. }
Reserved ticket 947 for customer dffbeaa7-c2ba-4263-b89d-d2fff56c85ab
Server 799bb1b2-bd8f-49e2-81f8-f7237f0eb223 received client-request: Request { kind: ReserveTicket, customer: cefd9332-3c75-49d5-ba0e-248b3b23040a, server: None, raw: .. }
Reserved ticket 946 for customer cefd9332-3c75-49d5-ba0e-248b3b23040a
Server 799bb1b2-bd8f-49e2-81f8-f7237f0eb223 received client-request: Request { kind: ReserveTicket, customer: 30aae15b-3486-4594-acc1-c5ac4d5ba958, server: None, raw: .. }
Reserved ticket 945 for customer 30aae15b-3486-4594-acc1-c5ac4d5ba958
Server 799bb1b2-bd8f-49e2-81f8-f7237f0eb223 received client-request: Request { kind: ReserveTicket, customer: 89e2a378-6a4b-451a-a96f-a1a01bead943, server: None, raw: .. }
Reserved ticket 944 for customer 89e2a378-6a4b-451a-a96f-a1a01bead943
Server 799bb1b2-bd8f-49e2-81f8-f7237f0eb223 received client-request: Request { kind: ReserveTicket, customer: 187ab129-e309-438c-bea1-60b99e465a7f, server: None, raw: .. }
Reserved ticket 943 for customer 187ab129-e309-438c-bea1-60b99e465a7f
Server 799bb1b2-bd8f-49e2-81f8-f7237f0eb223 received client-request: Request { kind: ReserveTicket, customer: 787d08be-3f88-47b6-94dd-d426d1884193, server: None, raw: .. }
Reserved ticket 942 for customer 787d08be-3f88-47b6-94dd-d426d1884193
Server 799bb1b2-bd8f-49e2-81f8-f7237f0eb223 received client-request: Request { kind: ReserveTicket, customer: 14d2c0f0-3a41-4432-a0e6-c3ccc5774fde, server: None, raw: .. }
Reserved ticket 941 for customer 14d2c0f0-3a41-4432-a0e6-c3ccc5774fde
Server 799bb1b2-bd8f-49e2-81f8-f7237f0eb223 received client-request: Request { kind: ReserveTicket, customer: b6fe4839-c3e3-4f66-a525-e6b1d236364d, server: None, raw: .. }
Reserved ticket 940 for customer b6fe4839-c3e3-4f66-a525-e6b1d236364d
Server 799bb1b2-bd8f-49e2-81f8-f7237f0eb223 received client-request: Request { kind: ReserveTicket, customer: 72c7e219-89f5-40e9-affd-d7a360b194e6, server: None, raw: .. }
Reserved ticket 939 for customer 72c7e219-89f5-40e9-affd-d7a360b194e6
Server 799bb1b2-bd8f-49e2-81f8-f7237f0eb223 received client-request: Request { kind: ReserveTicket, customer: 3670ef0c-9006-4863-92ee-003cb0e0f412, server: None, raw: .. }
Reserved ticket 938 for customer 3670ef0c-9006-4863-92ee-003cb0e0f412
Server 799bb1b2-bd8f-49e2-81f8-f7237f0eb223 received client-request: Request { kind: ReserveTicket, customer: 22395792-9d76-4f5e-91bd-bf2238a1613c, server: None, raw: .. }
Reserved ticket 937 for customer 22395792-9d76-4f5e-91bd-bf2238a1613c
Server 799bb1b2-bd8f-49e2-81f8-f7237f0eb223 received client-request: Request { kind: ReserveTicket, customer: 8686aaf4-b302-40c8-8675-030087b97018, server: None, raw: .. }
Reserved ticket 936 for customer 8686aaf4-b302-40c8-8675-030087b97018
Server 799bb1b2-bd8f-49e2-81f8-f7237f0eb223 received client-request: Request { kind: ReserveTicket, customer: 7879b33d-894b-4ddc-b1b4-03036dff375e, server: None, raw: .. }
Reserved ticket 935 for customer 7879b33d-894b-4ddc-b1b4-03036dff375e
Server 799bb1b2-bd8f-49e2-81f8-f7237f0eb223 received client-request: Request { kind: ReserveTicket, customer: 7551ef3b-1ab2-4bfc-9e5a-d3f582aa829a, server: None, raw: .. }
Reserved ticket 934 for customer 7551ef3b-1ab2-4bfc-9e5a-d3f582aa829a
Server 799bb1b2-bd8f-49e2-81f8-f7237f0eb223 received client-request: Request { kind: ReserveTicket, customer: 1ede391d-b116-439b-910d-d1d9e67f9873, server: None, raw: .. }
Reserved ticket 933 for customer 1ede391d-b116-439b-910d-d1d9e67f9873
Server 799bb1b2-bd8f-49e2-81f8-f7237f0eb223 received client-request: Request { kind: ReserveTicket, customer: 73d6ebc0-6e42-4bb1-8a13-944852621c3b, server: None, raw: .. }
Reserved ticket 932 for customer 73d6ebc0-6e42-4bb1-8a13-944852621c3b
Server 799bb1b2-bd8f-49e2-81f8-f7237f0eb223 received client-request: Request { kind: ReserveTicket, customer: 03761e8b-8f07-4b7c-9381-a2320309b7ad, server: None, raw: .. }
Reserved ticket 931 for customer 03761e8b-8f07-4b7c-9381-a2320309b7ad
Server 799bb1b2-bd8f-49e2-81f8-f7237f0eb223 received client-request: Request { kind: ReserveTicket, customer: d0f54733-9bd6-4bbe-ab21-ad3b36c12d70, server: None, raw: .. }
Reserved ticket 930 for customer d0f54733-9bd6-4bbe-ab21-ad3b36c12d70
Server 65a51e17-fff5-4036-8b94-6db5de4d28d8 received client-request: Request { kind: ReserveTicket, customer: c1029713-7123-4a38-801a-0e73f0ed7a8b, server: None, raw: .. }
Reserved ticket 929 for customer c1029713-7123-4a38-801a-0e73f0ed7a8b
Server 799bb1b2-bd8f-49e2-81f8-f7237f0eb223 received client-request: Request { kind: ReserveTicket, customer: 4da15d53-6bea-4c37-9d3c-9e4a5457cb8a, server: None, raw: .. }
Reserved ticket 928 for customer 4da15d53-6bea-4c37-9d3c-9e4a5457cb8a
Server 799bb1b2-bd8f-49e2-81f8-f7237f0eb223 received client-request: Request { kind: ReserveTicket, customer: 26fbfa2f-4324-4afc-8c81-cc67d1c7d523, server: None, raw: .. }
Reserved ticket 927 for customer 26fbfa2f-4324-4afc-8c81-cc67d1c7d523
Server 799bb1b2-bd8f-49e2-81f8-f7237f0eb223 received client-request: Request { kind: ReserveTicket, customer: d6f6b1d3-fcce-42ee-a69d-fa9cbce86627, server: None, raw: .. }
Reserved ticket 926 for customer d6f6b1d3-fcce-42ee-a69d-fa9cbce86627
Server 799bb1b2-bd8f-49e2-81f8-f7237f0eb223 received client-request: Request { kind: ReserveTicket, customer: 44e6942d-addf-4931-b1f5-6217958e4f1d, server: None, raw: .. }
Reserved ticket 925 for customer 44e6942d-addf-4931-b1f5-6217958e4f1d
Server 799bb1b2-bd8f-49e2-81f8-f7237f0eb223 received client-request: Request { kind: ReserveTicket, customer: 3492b4eb-251d-4a8e-9c41-eaf79e06aee8, server: None, raw: .. }
Reserved ticket 924 for customer 3492b4eb-251d-4a8e-9c41-eaf79e06aee8
Server 799bb1b2-bd8f-49e2-81f8-f7237f0eb223 received client-request: Request { kind: ReserveTicket, customer: 8270b35d-373d-4dd9-bbac-f8a488a02908, server: None, raw: .. }
Reserved ticket 923 for customer 8270b35d-373d-4dd9-bbac-f8a488a02908
Server 799bb1b2-bd8f-49e2-81f8-f7237f0eb223 received client-request: Request { kind: ReserveTicket, customer: c7636229-1a3b-41f9-8ee2-04cd59c864b3, server: None, raw: .. }
Reserved ticket 922 for customer c7636229-1a3b-41f9-8ee2-04cd59c864b3
Server 799bb1b2-bd8f-49e2-81f8-f7237f0eb223 received client-request: Request { kind: ReserveTicket, customer: d149faec-6b03-4747-91a0-bb08d59efbc6, server: None, raw: .. }
Reserved ticket 921 for customer d149faec-6b03-4747-91a0-bb08d59efbc6
Server 799bb1b2-bd8f-49e2-81f8-f7237f0eb223 received client-request: Request { kind: ReserveTicket, customer: f0a67604-f869-4dbc-84da-dc4a6dc4ca4f, server: None, raw: .. }
Reserved ticket 920 for customer f0a67604-f869-4dbc-84da-dc4a6dc4ca4f
Server 799bb1b2-bd8f-49e2-81f8-f7237f0eb223 received client-request: Request { kind: ReserveTicket, customer: 646f501d-283d-41d6-8748-53c094b6ef00, server: None, raw: .. }
Reserved ticket 919 for customer 646f501d-283d-41d6-8748-53c094b6ef00
Server 799bb1b2-bd8f-49e2-81f8-f7237f0eb223 received client-request: Request { kind: ReserveTicket, customer: 5b082c83-9aa3-450c-abef-365aed4ca880, server: None, raw: .. }
Reserved ticket 918 for customer 5b082c83-9aa3-450c-abef-365aed4ca880
Server 799bb1b2-bd8f-49e2-81f8-f7237f0eb223 received client-request: Request { kind: ReserveTicket, customer: 8b53efc3-d3e9-46c7-8b45-c8143d4c27f5, server: None, raw: .. }
Reserved ticket 917 for customer 8b53efc3-d3e9-46c7-8b45-c8143d4c27f5
Server 799bb1b2-bd8f-49e2-81f8-f7237f0eb223 received client-request: Request { kind: ReserveTicket, customer: 9dae50bb-9bec-45fc-898d-842d34b6d82c, server: None, raw: .. }
Reserved ticket 916 for customer 9dae50bb-9bec-45fc-898d-842d34b6d82c
Server 799bb1b2-bd8f-49e2-81f8-f7237f0eb223 received client-request: Request { kind: ReserveTicket, customer: 70828568-a14e-46b8-b00c-bbf6e9fe113a, server: None, raw: .. }
Reserved ticket 915 for customer 70828568-a14e-46b8-b00c-bbf6e9fe113a
Server 799bb1b2-bd8f-49e2-81f8-f7237f0eb223 received client-request: Request { kind: ReserveTicket, customer: ba139314-5c98-4981-a753-9b25915a7378, server: None, raw: .. }
Reserved ticket 914 for customer ba139314-5c98-4981-a753-9b25915a7378
Server 799bb1b2-bd8f-49e2-81f8-f7237f0eb223 received client-request: Request { kind: ReserveTicket, customer: b7963bf0-4217-49ff-8dd9-935728aab1de, server: None, raw: .. }
Reserved ticket 913 for customer b7963bf0-4217-49ff-8dd9-935728aab1de
Server 799bb1b2-bd8f-49e2-81f8-f7237f0eb223 received client-request: Request { kind: ReserveTicket, customer: 3a53520d-214d-46cd-a91a-ddcd7ebf2be9, server: None, raw: .. }
Reserved ticket 912 for customer 3a53520d-214d-46cd-a91a-ddcd7ebf2be9
Server 799bb1b2-bd8f-49e2-81f8-f7237f0eb223 received client-request: Request { kind: ReserveTicket, customer: 8355cba5-d55e-4d90-b548-7162b0153252, server: None, raw: .. }
Reserved ticket 911 for customer 8355cba5-d55e-4d90-b548-7162b0153252
Server 799bb1b2-bd8f-49e2-81f8-f7237f0eb223 received client-request: Request { kind: ReserveTicket, customer: 37fc1d8a-6b4a-4c12-a25a-f2fd261e581e, server: None, raw: .. }
Reserved ticket 910 for customer 37fc1d8a-6b4a-4c12-a25a-f2fd261e581e
Server 65a51e17-fff5-4036-8b94-6db5de4d28d8 received client-request: Request { kind: ReserveTicket, customer: a5f330bf-baa4-4882-a4f2-213c8fc62618, server: None, raw: .. }
Reserved ticket 909 for customer a5f330bf-baa4-4882-a4f2-213c8fc62618
Server 799bb1b2-bd8f-49e2-81f8-f7237f0eb223 received client-request: Request { kind: ReserveTicket, customer: d34cb730-05bf-4657-b001-26f9840a16f8, server: None, raw: .. }
Reserved ticket 908 for customer d34cb730-05bf-4657-b001-26f9840a16f8
Server 799bb1b2-bd8f-49e2-81f8-f7237f0eb223 received client-request: Request { kind: ReserveTicket, customer: 11a6edf7-373e-406b-b05c-be2970765393, server: None, raw: .. }
Reserved ticket 907 for customer 11a6edf7-373e-406b-b05c-be2970765393
Server 799bb1b2-bd8f-49e2-81f8-f7237f0eb223 received client-request: Request { kind: ReserveTicket, customer: 891d2592-456e-4dc1-9d48-9e3e51bd8821, server: None, raw: .. }
Reserved ticket 906 for customer 891d2592-456e-4dc1-9d48-9e3e51bd8821
Server 799bb1b2-bd8f-49e2-81f8-f7237f0eb223 received client-request: Request { kind: ReserveTicket, customer: 7dc6e8ea-ed8f-4ca5-a4ef-5c78f7794f68, server: None, raw: .. }
Reserved ticket 905 for customer 7dc6e8ea-ed8f-4ca5-a4ef-5c78f7794f68
Server 799bb1b2-bd8f-49e2-81f8-f7237f0eb223 received client-request: Request { kind: ReserveTicket, customer: 7ec5bc42-d04c-4317-8771-ba6f3254950b, server: None, raw: .. }
Reserved ticket 904 for customer 7ec5bc42-d04c-4317-8771-ba6f3254950b
Server 799bb1b2-bd8f-49e2-81f8-f7237f0eb223 received client-request: Request { kind: ReserveTicket, customer: 316a237e-48ca-4b40-a5a3-ab3761466612, server: None, raw: .. }
Reserved ticket 903 for customer 316a237e-48ca-4b40-a5a3-ab3761466612
Server 799bb1b2-bd8f-49e2-81f8-f7237f0eb223 received client-request: Request { kind: ReserveTicket, customer: e9cb3ab5-1f06-4066-92e6-887a6c8dc466, server: None, raw: .. }
Reserved ticket 902 for customer e9cb3ab5-1f06-4066-92e6-887a6c8dc466
Server 799bb1b2-bd8f-49e2-81f8-f7237f0eb223 received client-request: Request { kind: ReserveTicket, customer: 1c6aa530-2a66-4d14-9e81-b0f992159a70, server: None, raw: .. }
Reserved ticket 901 for customer 1c6aa530-2a66-4d14-9e81-b0f992159a70
Server 799bb1b2-bd8f-49e2-81f8-f7237f0eb223 received client-request: Request { kind: ReserveTicket, customer: cb310046-eded-4c03-888e-b123f53a15c9, server: None, raw: .. }
Reserved ticket 900 for customer cb310046-eded-4c03-888e-b123f53a15c9
Server 799bb1b2-bd8f-49e2-81f8-f7237f0eb223 received client-request: Request { kind: ReserveTicket, customer: e559ce43-c5a8-43c2-803d-41c8b045662b, server: None, raw: .. }
Reserved ticket 899 for customer e559ce43-c5a8-43c2-803d-41c8b045662b
Server 799bb1b2-bd8f-49e2-81f8-f7237f0eb223 received client-request: Request { kind: ReserveTicket, customer: e993ccfb-ddf1-4cac-ace7-22b220d1aa58, server: None, raw: .. }
Reserved ticket 898 for customer e993ccfb-ddf1-4cac-ace7-22b220d1aa58
Server 799bb1b2-bd8f-49e2-81f8-f7237f0eb223 received client-request: Request { kind: ReserveTicket, customer: f8bc74ed-d753-4c0a-a079-1b6df0676d6e, server: None, raw: .. }
Reserved ticket 897 for customer f8bc74ed-d753-4c0a-a079-1b6df0676d6e
Server 799bb1b2-bd8f-49e2-81f8-f7237f0eb223 received client-request: Request { kind: ReserveTicket, customer: e21a1884-df46-45d2-935e-772866ba8c98, server: None, raw: .. }
Reserved ticket 896 for customer e21a1884-df46-45d2-935e-772866ba8c98
Server 799bb1b2-bd8f-49e2-81f8-f7237f0eb223 received client-request: Request { kind: ReserveTicket, customer: 58592943-9ebe-4e82-b7f7-f11f7e2a4042, server: None, raw: .. }
Reserved ticket 895 for customer 58592943-9ebe-4e82-b7f7-f11f7e2a4042
Server 799bb1b2-bd8f-49e2-81f8-f7237f0eb223 received client-request: Request { kind: ReserveTicket, customer: d65bc74e-9bc4-4cc3-b224-a9d2f277f766, server: None, raw: .. }
Reserved ticket 894 for customer d65bc74e-9bc4-4cc3-b224-a9d2f277f766
Server 799bb1b2-bd8f-49e2-81f8-f7237f0eb223 received client-request: Request { kind: ReserveTicket, customer: 018556bc-2749-4db5-85d7-8e98be328de3, server: None, raw: .. }
Reserved ticket 893 for customer 018556bc-2749-4db5-85d7-8e98be328de3
Server 799bb1b2-bd8f-49e2-81f8-f7237f0eb223 received client-request: Request { kind: ReserveTicket, customer: 61ece010-8966-4197-a7b9-84afdc4170db, server: None, raw: .. }
Reserved ticket 892 for customer 61ece010-8966-4197-a7b9-84afdc4170db
Server 799bb1b2-bd8f-49e2-81f8-f7237f0eb223 received client-request: Request { kind: ReserveTicket, customer: b0858f64-4a57-45a0-ae6d-c6a093794ec8, server: None, raw: .. }
Reserved ticket 891 for customer b0858f64-4a57-45a0-ae6d-c6a093794ec8
Server 799bb1b2-bd8f-49e2-81f8-f7237f0eb223 received client-request: Request { kind: ReserveTicket, customer: 46da6c0c-143c-4f8e-a81e-220623c52e9c, server: None, raw: .. }
Reserved ticket 890 for customer 46da6c0c-143c-4f8e-a81e-220623c52e9c
Server 65a51e17-fff5-4036-8b94-6db5de4d28d8 received client-request: Request { kind: ReserveTicket, customer: cb06046f-d2ab-489e-8eee-6902f68bc693, server: None, raw: .. }
Reserved ticket 889 for customer cb06046f-d2ab-489e-8eee-6902f68bc693
Server 799bb1b2-bd8f-49e2-81f8-f7237f0eb223 received client-request: Request { kind: ReserveTicket, customer: 36bf6472-991d-4dea-82ac-3f0ce06f0860, server: None, raw: .. }
Reserved ticket 888 for customer 36bf6472-991d-4dea-82ac-3f0ce06f0860
Server 799bb1b2-bd8f-49e2-81f8-f7237f0eb223 received client-request: Request { kind: ReserveTicket, customer: ea67e658-5c94-47b3-a1d0-6d1f0e46ea7b, server: None, raw: .. }
Reserved ticket 887 for customer ea67e658-5c94-47b3-a1d0-6d1f0e46ea7b
Server 799bb1b2-bd8f-49e2-81f8-f7237f0eb223 received client-request: Request { kind: ReserveTicket, customer: d1db421d-c550-41e8-9761-0f6746bf1616, server: None, raw: .. }
Reserved ticket 886 for customer d1db421d-c550-41e8-9761-0f6746bf1616
Server 799bb1b2-bd8f-49e2-81f8-f7237f0eb223 received client-request: Request { kind: ReserveTicket, customer: 76f46457-5e15-43ac-90f1-c5ea99935bbc, server: None, raw: .. }
Reserved ticket 885 for customer 76f46457-5e15-43ac-90f1-c5ea99935bbc
Server 799bb1b2-bd8f-49e2-81f8-f7237f0eb223 received client-request: Request { kind: ReserveTicket, customer: 0f4296ca-fd57-4211-a41f-5d95a88be637, server: None, raw: .. }
Reserved ticket 884 for customer 0f4296ca-fd57-4211-a41f-5d95a88be637
Server 799bb1b2-bd8f-49e2-81f8-f7237f0eb223 received client-request: Request { kind: ReserveTicket, customer: cc065a3d-f88b-41d2-a0be-d8408a8a35fe, server: None, raw: .. }
Reserved ticket 883 for customer cc065a3d-f88b-41d2-a0be-d8408a8a35fe
Server 799bb1b2-bd8f-49e2-81f8-f7237f0eb223 received client-request: Request { kind: ReserveTicket, customer: 3266ef8f-8a08-4ab3-aaa7-085914d87a3c, server: None, raw: .. }
Reserved ticket 882 for customer 3266ef8f-8a08-4ab3-aaa7-085914d87a3c
Server 799bb1b2-bd8f-49e2-81f8-f7237f0eb223 received client-request: Request { kind: ReserveTicket, customer: 747a9f47-6929-4a42-af22-f7586c399d22, server: None, raw: .. }
Reserved ticket 881 for customer 747a9f47-6929-4a42-af22-f7586c399d22
Server 799bb1b2-bd8f-49e2-81f8-f7237f0eb223 received client-request: Request { kind: ReserveTicket, customer: 722f7610-2284-4241-8f3b-19813d928685, server: None, raw: .. }
Reserved ticket 880 for customer 722f7610-2284-4241-8f3b-19813d928685
Server 799bb1b2-bd8f-49e2-81f8-f7237f0eb223 received client-request: Request { kind: ReserveTicket, customer: fdb184a5-44c7-49dd-a25d-367ceda574e2, server: None, raw: .. }
Reserved ticket 879 for customer fdb184a5-44c7-49dd-a25d-367ceda574e2
Server 799bb1b2-bd8f-49e2-81f8-f7237f0eb223 received client-request: Request { kind: ReserveTicket, customer: b2571c14-519f-4f54-9a8e-521b857f66ed, server: None, raw: .. }
Reserved ticket 878 for customer b2571c14-519f-4f54-9a8e-521b857f66ed
Server 799bb1b2-bd8f-49e2-81f8-f7237f0eb223 received client-request: Request { kind: ReserveTicket, customer: 440b31c3-017b-4341-8d9d-cd6c3851ae80, server: None, raw: .. }
Reserved ticket 877 for customer 440b31c3-017b-4341-8d9d-cd6c3851ae80
Server 799bb1b2-bd8f-49e2-81f8-f7237f0eb223 received client-request: Request { kind: ReserveTicket, customer: b78d91cb-2a81-4c3f-9cf8-419e452fd96f, server: None, raw: .. }
Reserved ticket 876 for customer b78d91cb-2a81-4c3f-9cf8-419e452fd96f
Server 799bb1b2-bd8f-49e2-81f8-f7237f0eb223 received client-request: Request { kind: ReserveTicket, customer: 4f28569f-a4bf-4529-8a0d-75fc4aaa77f8, server: None, raw: .. }
Reserved ticket 875 for customer 4f28569f-a4bf-4529-8a0d-75fc4aaa77f8
Server 799bb1b2-bd8f-49e2-81f8-f7237f0eb223 received client-request: Request { kind: ReserveTicket, customer: 01324cc2-83c7-45d5-86d8-c55ef79dcf76, server: None, raw: .. }
Reserved ticket 874 for customer 01324cc2-83c7-45d5-86d8-c55ef79dcf76
Server 799bb1b2-bd8f-49e2-81f8-f7237f0eb223 received client-request: Request { kind: ReserveTicket, customer: c933acd9-c5b8-4f60-b95a-99e2742df978, server: None, raw: .. }
Reserved ticket 873 for customer c933acd9-c5b8-4f60-b95a-99e2742df978
Server 799bb1b2-bd8f-49e2-81f8-f7237f0eb223 received client-request: Request { kind: ReserveTicket, customer: 8c7c4785-0b7b-45d5-8ed6-5b45511365f6, server: None, raw: .. }
Reserved ticket 872 for customer 8c7c4785-0b7b-45d5-8ed6-5b45511365f6
Server 799bb1b2-bd8f-49e2-81f8-f7237f0eb223 received client-request: Request { kind: ReserveTicket, customer: 33d5f3f1-bd4c-44e0-8416-c36acef202ef, server: None, raw: .. }
Reserved ticket 871 for customer 33d5f3f1-bd4c-44e0-8416-c36acef202ef
Server 799bb1b2-bd8f-49e2-81f8-f7237f0eb223 received client-request: Request { kind: ReserveTicket, customer: 4c4d90f7-ab4a-44c9-9ea9-c96eb4e789b3, server: None, raw: .. }
Reserved ticket 870 for customer 4c4d90f7-ab4a-44c9-9ea9-c96eb4e789b3
Server 65a51e17-fff5-4036-8b94-6db5de4d28d8 received client-request: Request { kind: ReserveTicket, customer: 6cf22073-8c01-4417-9400-bc16428490f9, server: None, raw: .. }
Reserved ticket 869 for customer 6cf22073-8c01-4417-9400-bc16428490f9
Server 799bb1b2-bd8f-49e2-81f8-f7237f0eb223 received client-request: Request { kind: ReserveTicket, customer: d8e5542e-3204-4985-8926-77d9ed7d6252, server: None, raw: .. }
Reserved ticket 868 for customer d8e5542e-3204-4985-8926-77d9ed7d6252
Server 799bb1b2-bd8f-49e2-81f8-f7237f0eb223 received client-request: Request { kind: ReserveTicket, customer: 2fe046c6-de50-4393-bec4-fb2f4a464c18, server: None, raw: .. }
Reserved ticket 867 for customer 2fe046c6-de50-4393-bec4-fb2f4a464c18
Server 799bb1b2-bd8f-49e2-81f8-f7237f0eb223 received client-request: Request { kind: ReserveTicket, customer: a02836fe-a953-43ae-a800-49aab97affca, server: None, raw: .. }
Reserved ticket 866 for customer a02836fe-a953-43ae-a800-49aab97affca
Server 799bb1b2-bd8f-49e2-81f8-f7237f0eb223 received client-request: Request { kind: ReserveTicket, customer: 554a813c-6e06-4e89-bd58-c540b6bad898, server: None, raw: .. }
Reserved ticket 865 for customer 554a813c-6e06-4e89-bd58-c540b6bad898
Server 799bb1b2-bd8f-49e2-81f8-f7237f0eb223 received client-request: Request { kind: ReserveTicket, customer: f043efb7-142f-4824-a88d-aa91be8808ee, server: None, raw: .. }
Reserved ticket 864 for customer f043efb7-142f-4824-a88d-aa91be8808ee
Server 799bb1b2-bd8f-49e2-81f8-f7237f0eb223 received client-request: Request { kind: ReserveTicket, customer: b35fb0c8-eb48-44c9-a0e6-02a45fd3065b, server: None, raw: .. }
Reserved ticket 863 for customer b35fb0c8-eb48-44c9-a0e6-02a45fd3065b
Server 799bb1b2-bd8f-49e2-81f8-f7237f0eb223 received client-request: Request { kind: ReserveTicket, customer: 49165d64-9b3e-400b-bbed-d561a0726032, server: None, raw: .. }
Reserved ticket 862 for customer 49165d64-9b3e-400b-bbed-d561a0726032
Server 799bb1b2-bd8f-49e2-81f8-f7237f0eb223 received client-request: Request { kind: ReserveTicket, customer: 401b6488-28b4-4b65-94aa-dae511b75953, server: None, raw: .. }
Reserved ticket 861 for customer 401b6488-28b4-4b65-94aa-dae511b75953
Server 799bb1b2-bd8f-49e2-81f8-f7237f0eb223 received client-request: Request { kind: ReserveTicket, customer: bf0a90bf-9c5b-401e-b7ec-4401abfd074a, server: None, raw: .. }
Reserved ticket 860 for customer bf0a90bf-9c5b-401e-b7ec-4401abfd074a
Server 799bb1b2-bd8f-49e2-81f8-f7237f0eb223 received client-request: Request { kind: ReserveTicket, customer: 84786a6f-25e6-406a-9b3a-dbfe8dc58fa1, server: None, raw: .. }
Reserved ticket 859 for customer 84786a6f-25e6-406a-9b3a-dbfe8dc58fa1
Server 799bb1b2-bd8f-49e2-81f8-f7237f0eb223 received client-request: Request { kind: ReserveTicket, customer: eb7ae265-04d6-4920-aa40-b77900d77e32, server: None, raw: .. }
Reserved ticket 858 for customer eb7ae265-04d6-4920-aa40-b77900d77e32
Server 799bb1b2-bd8f-49e2-81f8-f7237f0eb223 received client-request: Request { kind: ReserveTicket, customer: 16fa3749-0903-479e-9821-7ea072bc24d0, server: None, raw: .. }
Reserved ticket 857 for customer 16fa3749-0903-479e-9821-7ea072bc24d0
Server 799bb1b2-bd8f-49e2-81f8-f7237f0eb223 received client-request: Request { kind: ReserveTicket, customer: f2034e5d-9987-452f-b44d-7853b5cc8667, server: None, raw: .. }
Reserved ticket 856 for customer f2034e5d-9987-452f-b44d-7853b5cc8667
Server 799bb1b2-bd8f-49e2-81f8-f7237f0eb223 received client-request: Request { kind: ReserveTicket, customer: 22bbca69-726d-4d75-a774-203d31177887, server: None, raw: .. }
Reserved ticket 855 for customer 22bbca69-726d-4d75-a774-203d31177887
Server 799bb1b2-bd8f-49e2-81f8-f7237f0eb223 received client-request: Request { kind: ReserveTicket, customer: d1b4c571-1c7f-402c-9a18-500d283387f7, server: None, raw: .. }
Reserved ticket 854 for customer d1b4c571-1c7f-402c-9a18-500d283387f7
Server 799bb1b2-bd8f-49e2-81f8-f7237f0eb223 received client-request: Request { kind: ReserveTicket, customer: 2d4840b5-9267-4508-ae2c-d8254a5a2746, server: None, raw: .. }
Reserved ticket 853 for customer 2d4840b5-9267-4508-ae2c-d8254a5a2746
Server 799bb1b2-bd8f-49e2-81f8-f7237f0eb223 received client-request: Request { kind: ReserveTicket, customer: ed1030ec-fda0-4b02-a5ed-ff3334647039, server: None, raw: .. }
Reserved ticket 852 for customer ed1030ec-fda0-4b02-a5ed-ff3334647039
Server 799bb1b2-bd8f-49e2-81f8-f7237f0eb223 received client-request: Request { kind: ReserveTicket, customer: 0b2fdad4-4078-4f5d-8350-9c613410b39c, server: None, raw: .. }
Reserved ticket 851 for customer 0b2fdad4-4078-4f5d-8350-9c613410b39c
Server 799bb1b2-bd8f-49e2-81f8-f7237f0eb223 received client-request: Request { kind: ReserveTicket, customer: 2778baf5-27a0-4fc9-ace6-922ffe0f3c69, server: None, raw: .. }
Reserved ticket 850 for customer 2778baf5-27a0-4fc9-ace6-922ffe0f3c69
Server 65a51e17-fff5-4036-8b94-6db5de4d28d8 received client-request: Request { kind: ReserveTicket, customer: 87cc243d-2e85-4a1e-8b92-730976e30f64, server: None, raw: .. }
Reserved ticket 849 for customer 87cc243d-2e85-4a1e-8b92-730976e30f64
Server 799bb1b2-bd8f-49e2-81f8-f7237f0eb223 received client-request: Request { kind: ReserveTicket, customer: 838e49bb-1fb7-4913-88ae-7329cea91c49, server: None, raw: .. }
Reserved ticket 848 for customer 838e49bb-1fb7-4913-88ae-7329cea91c49
Server 799bb1b2-bd8f-49e2-81f8-f7237f0eb223 received client-request: Request { kind: ReserveTicket, customer: 1f78b36f-ab58-4762-a8b6-11595ee73bdf, server: None, raw: .. }
Reserved ticket 847 for customer 1f78b36f-ab58-4762-a8b6-11595ee73bdf
Server 799bb1b2-bd8f-49e2-81f8-f7237f0eb223 received client-request: Request { kind: ReserveTicket, customer: c52452bf-03ef-4641-8752-81b2627ac19b, server: None, raw: .. }
Reserved ticket 846 for customer c52452bf-03ef-4641-8752-81b2627ac19b
Server 799bb1b2-bd8f-49e2-81f8-f7237f0eb223 received client-request: Request { kind: ReserveTicket, customer: 6692edd0-bafd-4c79-921b-eb160962f435, server: None, raw: .. }
Reserved ticket 845 for customer 6692edd0-bafd-4c79-921b-eb160962f435
Server 799bb1b2-bd8f-49e2-81f8-f7237f0eb223 received client-request: Request { kind: ReserveTicket, customer: 424bd4f4-e081-4364-b048-ac84a50b9087, server: None, raw: .. }
Reserved ticket 844 for customer 424bd4f4-e081-4364-b048-ac84a50b9087
Server 799bb1b2-bd8f-49e2-81f8-f7237f0eb223 received client-request: Request { kind: ReserveTicket, customer: 1eedb076-eab0-4fd3-97c7-40ff52a0e064, server: None, raw: .. }
Reserved ticket 843 for customer 1eedb076-eab0-4fd3-97c7-40ff52a0e064
Server 799bb1b2-bd8f-49e2-81f8-f7237f0eb223 received client-request: Request { kind: ReserveTicket, customer: 1d973f71-a135-41ef-a526-977a81c85b2d, server: None, raw: .. }
Reserved ticket 842 for customer 1d973f71-a135-41ef-a526-977a81c85b2d
Server 799bb1b2-bd8f-49e2-81f8-f7237f0eb223 received client-request: Request { kind: ReserveTicket, customer: e92d2de9-725c-4510-9ff1-44bee1ae60b5, server: None, raw: .. }
Reserved ticket 841 for customer e92d2de9-725c-4510-9ff1-44bee1ae60b5
Server 799bb1b2-bd8f-49e2-81f8-f7237f0eb223 received client-request: Request { kind: ReserveTicket, customer: 1a4e3293-63d2-477a-a7b2-dd85d8b06816, server: None, raw: .. }
Reserved ticket 840 for customer 1a4e3293-63d2-477a-a7b2-dd85d8b06816
Server 799bb1b2-bd8f-49e2-81f8-f7237f0eb223 received client-request: Request { kind: ReserveTicket, customer: e6b94cf2-2158-40b2-a5e2-25b4ee1ef729, server: None, raw: .. }
Reserved ticket 839 for customer e6b94cf2-2158-40b2-a5e2-25b4ee1ef729
Server 799bb1b2-bd8f-49e2-81f8-f7237f0eb223 received client-request: Request { kind: ReserveTicket, customer: 313e9ed7-4452-4818-97ee-4144bd808738, server: None, raw: .. }
Reserved ticket 838 for customer 313e9ed7-4452-4818-97ee-4144bd808738
Server 799bb1b2-bd8f-49e2-81f8-f7237f0eb223 received client-request: Request { kind: ReserveTicket, customer: 6ddadd3a-a2b5-4750-a5ab-3eb86257a227, server: None, raw: .. }
Reserved ticket 837 for customer 6ddadd3a-a2b5-4750-a5ab-3eb86257a227
Server 799bb1b2-bd8f-49e2-81f8-f7237f0eb223 received client-request: Request { kind: ReserveTicket, customer: 7e5b4e62-91a2-47d2-994e-b05c5cd635ad, server: None, raw: .. }
Reserved ticket 836 for customer 7e5b4e62-91a2-47d2-994e-b05c5cd635ad
Server 799bb1b2-bd8f-49e2-81f8-f7237f0eb223 received client-request: Request { kind: ReserveTicket, customer: f70844c3-ab7f-4bb0-8438-d99b7ef3cd4a, server: None, raw: .. }
Reserved ticket 835 for customer f70844c3-ab7f-4bb0-8438-d99b7ef3cd4a
Server 799bb1b2-bd8f-49e2-81f8-f7237f0eb223 received client-request: Request { kind: ReserveTicket, customer: 461df908-5fbc-4357-b77b-6c2e48dac143, server: None, raw: .. }
Reserved ticket 834 for customer 461df908-5fbc-4357-b77b-6c2e48dac143
Server 799bb1b2-bd8f-49e2-81f8-f7237f0eb223 received client-request: Request { kind: ReserveTicket, customer: decba676-2b3c-4123-8d71-8abd5d2e166d, server: None, raw: .. }
Reserved ticket 833 for customer decba676-2b3c-4123-8d71-8abd5d2e166d
Server 799bb1b2-bd8f-49e2-81f8-f7237f0eb223 received client-request: Request { kind: ReserveTicket, customer: 2bc6f305-bc72-43a7-bc45-b93721756231, server: None, raw: .. }
Reserved ticket 832 for customer 2bc6f305-bc72-43a7-bc45-b93721756231
Server 799bb1b2-bd8f-49e2-81f8-f7237f0eb223 received client-request: Request { kind: ReserveTicket, customer: afe3ccca-e19d-450e-a693-55ed9210a40c, server: None, raw: .. }
Reserved ticket 831 for customer afe3ccca-e19d-450e-a693-55ed9210a40c
Server 799bb1b2-bd8f-49e2-81f8-f7237f0eb223 received client-request: Request { kind: ReserveTicket, customer: 11a549ae-1312-48b5-99c6-f3b21e575b1d, server: None, raw: .. }
Reserved ticket 830 for customer 11a549ae-1312-48b5-99c6-f3b21e575b1d
Server 65a51e17-fff5-4036-8b94-6db5de4d28d8 received client-request: Request { kind: ReserveTicket, customer: 70aa5237-abde-48a4-b455-f1f255404170, server: None, raw: .. }
Reserved ticket 829 for customer 70aa5237-abde-48a4-b455-f1f255404170
Server 799bb1b2-bd8f-49e2-81f8-f7237f0eb223 received client-request: Request { kind: ReserveTicket, customer: 46d8c86c-39a5-40c2-b0b7-aa869e605319, server: None, raw: .. }
Reserved ticket 828 for customer 46d8c86c-39a5-40c2-b0b7-aa869e605319
Server 799bb1b2-bd8f-49e2-81f8-f7237f0eb223 received client-request: Request { kind: ReserveTicket, customer: a770bab1-1784-4f8b-9a6d-45f89b651697, server: None, raw: .. }
Reserved ticket 827 for customer a770bab1-1784-4f8b-9a6d-45f89b651697
Server 799bb1b2-bd8f-49e2-81f8-f7237f0eb223 received client-request: Request { kind: ReserveTicket, customer: 692956c8-f793-4245-a364-da7dc7d25c2f, server: None, raw: .. }
Reserved ticket 826 for customer 692956c8-f793-4245-a364-da7dc7d25c2f
Server 799bb1b2-bd8f-49e2-81f8-f7237f0eb223 received client-request: Request { kind: ReserveTicket, customer: a95e9fed-76ec-43b2-bde0-6a0febb015b9, server: None, raw: .. }
Reserved ticket 825 for customer a95e9fed-76ec-43b2-bde0-6a0febb015b9
Server 799bb1b2-bd8f-49e2-81f8-f7237f0eb223 received client-request: Request { kind: ReserveTicket, customer: ac1e20d0-a91b-4e10-9421-a83feb1da75a, server: None, raw: .. }
Reserved ticket 824 for customer ac1e20d0-a91b-4e10-9421-a83feb1da75a
Server 799bb1b2-bd8f-49e2-81f8-f7237f0eb223 received client-request: Request { kind: ReserveTicket, customer: 6622859b-1c32-40c2-8a52-93d55f7ffd7e, server: None, raw: .. }
Reserved ticket 823 for customer 6622859b-1c32-40c2-8a52-93d55f7ffd7e
Server 799bb1b2-bd8f-49e2-81f8-f7237f0eb223 received client-request: Request { kind: ReserveTicket, customer: b70d3fe5-188d-4b02-9578-797f5b70b1f3, server: None, raw: .. }
Reserved ticket 822 for customer b70d3fe5-188d-4b02-9578-797f5b70b1f3
Server 799bb1b2-bd8f-49e2-81f8-f7237f0eb223 received client-request: Request { kind: ReserveTicket, customer: 45af6b0a-5c66-4b2f-aac1-7368848818fa, server: None, raw: .. }
Reserved ticket 821 for customer 45af6b0a-5c66-4b2f-aac1-7368848818fa
Server 799bb1b2-bd8f-49e2-81f8-f7237f0eb223 received client-request: Request { kind: ReserveTicket, customer: f1902a12-01d2-4161-8e6a-0c9b6728e18a, server: None, raw: .. }
Reserved ticket 820 for customer f1902a12-01d2-4161-8e6a-0c9b6728e18a
Server 799bb1b2-bd8f-49e2-81f8-f7237f0eb223 received client-request: Request { kind: ReserveTicket, customer: 170756cc-6014-47f0-8e11-c95de1a6adeb, server: None, raw: .. }
Reserved ticket 819 for customer 170756cc-6014-47f0-8e11-c95de1a6adeb
Server 799bb1b2-bd8f-49e2-81f8-f7237f0eb223 received client-request: Request { kind: ReserveTicket, customer: 943d18ad-8c6c-4ba9-bb05-9548b2d07e0b, server: None, raw: .. }
Reserved ticket 818 for customer 943d18ad-8c6c-4ba9-bb05-9548b2d07e0b
Server 799bb1b2-bd8f-49e2-81f8-f7237f0eb223 received client-request: Request { kind: ReserveTicket, customer: 932f0c34-9230-45ac-8968-d30548436f7e, server: None, raw: .. }
Reserved ticket 817 for customer 932f0c34-9230-45ac-8968-d30548436f7e
Server 799bb1b2-bd8f-49e2-81f8-f7237f0eb223 received client-request: Request { kind: ReserveTicket, customer: 6a921ed0-d8da-4e38-90f3-08444188222b, server: None, raw: .. }
Reserved ticket 816 for customer 6a921ed0-d8da-4e38-90f3-08444188222b
Server 799bb1b2-bd8f-49e2-81f8-f7237f0eb223 received client-request: Request { kind: ReserveTicket, customer: 43e161cf-e49e-40ff-ac8c-0aaecc67cb2a, server: None, raw: .. }
Reserved ticket 815 for customer 43e161cf-e49e-40ff-ac8c-0aaecc67cb2a
Server 799bb1b2-bd8f-49e2-81f8-f7237f0eb223 received client-request: Request { kind: ReserveTicket, customer: 347dc895-3ea3-4f83-ab5b-61b00ebc9c96, server: None, raw: .. }
Reserved ticket 814 for customer 347dc895-3ea3-4f83-ab5b-61b00ebc9c96
Server 799bb1b2-bd8f-49e2-81f8-f7237f0eb223 received client-request: Request { kind: ReserveTicket, customer: 2e6f5d58-3f9d-4821-92c8-b98e7251e66b, server: None, raw: .. }
Reserved ticket 813 for customer 2e6f5d58-3f9d-4821-92c8-b98e7251e66b
Server 799bb1b2-bd8f-49e2-81f8-f7237f0eb223 received client-request: Request { kind: ReserveTicket, customer: 8dff1295-f282-40d1-98f5-62faf8f7c8cd, server: None, raw: .. }
Reserved ticket 812 for customer 8dff1295-f282-40d1-98f5-62faf8f7c8cd
Server 799bb1b2-bd8f-49e2-81f8-f7237f0eb223 received client-request: Request { kind: ReserveTicket, customer: 7d2f3661-643d-42e5-b821-e16a3ed13fa9, server: None, raw: .. }
Reserved ticket 811 for customer 7d2f3661-643d-42e5-b821-e16a3ed13fa9
Server 799bb1b2-bd8f-49e2-81f8-f7237f0eb223 received client-request: Request { kind: ReserveTicket, customer: bbcf8621-0cce-4a5c-a8a6-937f5e76b1dd, server: None, raw: .. }
Reserved ticket 810 for customer bbcf8621-0cce-4a5c-a8a6-937f5e76b1dd
Server 65a51e17-fff5-4036-8b94-6db5de4d28d8 received client-request: Request { kind: ReserveTicket, customer: 8cf3af95-c5a0-4da8-8b54-762f45af6d60, server: None, raw: .. }
Reserved ticket 809 for customer 8cf3af95-c5a0-4da8-8b54-762f45af6d60
Server 799bb1b2-bd8f-49e2-81f8-f7237f0eb223 received client-request: Request { kind: ReserveTicket, customer: e949fb5d-10bc-491f-a965-f06bda876a03, server: None, raw: .. }
Reserved ticket 808 for customer e949fb5d-10bc-491f-a965-f06bda876a03
Server 799bb1b2-bd8f-49e2-81f8-f7237f0eb223 received client-request: Request { kind: ReserveTicket, customer: 1b441176-f022-4184-9a69-4df4d47b2a14, server: None, raw: .. }
Reserved ticket 807 for customer 1b441176-f022-4184-9a69-4df4d47b2a14
Server 799bb1b2-bd8f-49e2-81f8-f7237f0eb223 received client-request: Request { kind: ReserveTicket, customer: 58390d1f-4d4c-4ada-bd6b-84ca4062bdb3, server: None, raw: .. }
Reserved ticket 806 for customer 58390d1f-4d4c-4ada-bd6b-84ca4062bdb3
Server 799bb1b2-bd8f-49e2-81f8-f7237f0eb223 received client-request: Request { kind: ReserveTicket, customer: 60f5b3f8-aa59-4612-9d80-715ec5ca27ec, server: None, raw: .. }
Reserved ticket 805 for customer 60f5b3f8-aa59-4612-9d80-715ec5ca27ec
Server 799bb1b2-bd8f-49e2-81f8-f7237f0eb223 received client-request: Request { kind: ReserveTicket, customer: 6b4c4acf-81e2-4f89-b537-32fb5e22d44c, server: None, raw: .. }
Reserved ticket 804 for customer 6b4c4acf-81e2-4f89-b537-32fb5e22d44c
Server 799bb1b2-bd8f-49e2-81f8-f7237f0eb223 received client-request: Request { kind: ReserveTicket, customer: 1c4a151d-4286-4d17-b28b-3a9d64f0925c, server: None, raw: .. }
Reserved ticket 803 for customer 1c4a151d-4286-4d17-b28b-3a9d64f0925c
Server 799bb1b2-bd8f-49e2-81f8-f7237f0eb223 received client-request: Request { kind: ReserveTicket, customer: 70fc684d-7469-4430-b9dd-56041adc40be, server: None, raw: .. }
Reserved ticket 802 for customer 70fc684d-7469-4430-b9dd-56041adc40be
Server 799bb1b2-bd8f-49e2-81f8-f7237f0eb223 received client-request: Request { kind: ReserveTicket, customer: c49bb093-2982-4654-8fcf-89bd935a84da, server: None, raw: .. }
Reserved ticket 801 for customer c49bb093-2982-4654-8fcf-89bd935a84da
Server 799bb1b2-bd8f-49e2-81f8-f7237f0eb223 received client-request: Request { kind: ReserveTicket, customer: 21e818a5-d38f-4438-9e43-4e4435ca81de, server: None, raw: .. }
Reserved ticket 800 for customer 21e818a5-d38f-4438-9e43-4e4435ca81de
Server 799bb1b2-bd8f-49e2-81f8-f7237f0eb223 received client-request: Request { kind: ReserveTicket, customer: 673c1a9c-10d9-4f6d-b084-a0f7f03a7c6a, server: None, raw: .. }
Reserved ticket 799 for customer 673c1a9c-10d9-4f6d-b084-a0f7f03a7c6a
Server 799bb1b2-bd8f-49e2-81f8-f7237f0eb223 received client-request: Request { kind: ReserveTicket, customer: bdd72e09-9ecc-44fc-b76b-841ca42ddffe, server: None, raw: .. }
Reserved ticket 798 for customer bdd72e09-9ecc-44fc-b76b-841ca42ddffe
Server 799bb1b2-bd8f-49e2-81f8-f7237f0eb223 received client-request: Request { kind: ReserveTicket, customer: 8a677d49-5bbc-4552-8b47-6db1cc184ca0, server: None, raw: .. }
Reserved ticket 797 for customer 8a677d49-5bbc-4552-8b47-6db1cc184ca0
Server 799bb1b2-bd8f-49e2-81f8-f7237f0eb223 received client-request: Request { kind: ReserveTicket, customer: 969ef4bf-5961-4d78-b837-eb5000225acd, server: None, raw: .. }
Reserved ticket 796 for customer 969ef4bf-5961-4d78-b837-eb5000225acd
Server 799bb1b2-bd8f-49e2-81f8-f7237f0eb223 received client-request: Request { kind: ReserveTicket, customer: dbfc375a-47b4-4fc6-adf4-9296c531ec4e, server: None, raw: .. }
Reserved ticket 795 for customer dbfc375a-47b4-4fc6-adf4-9296c531ec4e
Server 799bb1b2-bd8f-49e2-81f8-f7237f0eb223 received client-request: Request { kind: ReserveTicket, customer: 705752ae-199f-418d-ad85-fecdfa2f4c4e, server: None, raw: .. }
Reserved ticket 794 for customer 705752ae-199f-418d-ad85-fecdfa2f4c4e
Server 799bb1b2-bd8f-49e2-81f8-f7237f0eb223 received client-request: Request { kind: ReserveTicket, customer: 823d34e3-0c84-4355-b7cd-3057102b24a2, server: None, raw: .. }
Reserved ticket 793 for customer 823d34e3-0c84-4355-b7cd-3057102b24a2
Server 799bb1b2-bd8f-49e2-81f8-f7237f0eb223 received client-request: Request { kind: ReserveTicket, customer: bcbd91fd-7ba7-4920-a549-55500b9f6457, server: None, raw: .. }
Reserved ticket 792 for customer bcbd91fd-7ba7-4920-a549-55500b9f6457
Server 799bb1b2-bd8f-49e2-81f8-f7237f0eb223 received client-request: Request { kind: ReserveTicket, customer: acfabed1-e340-4841-97c5-932cd558b086, server: None, raw: .. }
Reserved ticket 791 for customer acfabed1-e340-4841-97c5-932cd558b086
Server 799bb1b2-bd8f-49e2-81f8-f7237f0eb223 received client-request: Request { kind: ReserveTicket, customer: 32de400b-a129-4f13-8f33-256a951b8989, server: None, raw: .. }
Reserved ticket 790 for customer 32de400b-a129-4f13-8f33-256a951b8989
Server 65a51e17-fff5-4036-8b94-6db5de4d28d8 received client-request: Request { kind: ReserveTicket, customer: c85bc395-c43d-45d1-bf27-e63bb2ac5212, server: None, raw: .. }
Reserved ticket 789 for customer c85bc395-c43d-45d1-bf27-e63bb2ac5212
Server 799bb1b2-bd8f-49e2-81f8-f7237f0eb223 received client-request: Request { kind: ReserveTicket, customer: e17778e3-8355-4b8b-b2a0-2aca14892236, server: None, raw: .. }
Reserved ticket 788 for customer e17778e3-8355-4b8b-b2a0-2aca14892236
Server 799bb1b2-bd8f-49e2-81f8-f7237f0eb223 received client-request: Request { kind: ReserveTicket, customer: d2ec7444-ed77-4907-aef8-458de7ded195, server: None, raw: .. }
Reserved ticket 787 for customer d2ec7444-ed77-4907-aef8-458de7ded195
Server 799bb1b2-bd8f-49e2-81f8-f7237f0eb223 received client-request: Request { kind: ReserveTicket, customer: 79e0bcdb-7c76-48b9-b6e0-f6a0cec52efd, server: None, raw: .. }
Reserved ticket 786 for customer 79e0bcdb-7c76-48b9-b6e0-f6a0cec52efd
Server 799bb1b2-bd8f-49e2-81f8-f7237f0eb223 received client-request: Request { kind: ReserveTicket, customer: 16f873c3-579c-476f-88a5-a75563553a00, server: None, raw: .. }
Reserved ticket 785 for customer 16f873c3-579c-476f-88a5-a75563553a00
Server 799bb1b2-bd8f-49e2-81f8-f7237f0eb223 received client-request: Request { kind: ReserveTicket, customer: 51693e45-f080-4ab8-b8b7-dbfcf006bb62, server: None, raw: .. }
Reserved ticket 784 for customer 51693e45-f080-4ab8-b8b7-dbfcf006bb62
Server 799bb1b2-bd8f-49e2-81f8-f7237f0eb223 received client-request: Request { kind: ReserveTicket, customer: 0dc3f297-d32b-4123-a513-49441373d357, server: None, raw: .. }
Reserved ticket 783 for customer 0dc3f297-d32b-4123-a513-49441373d357
Server 799bb1b2-bd8f-49e2-81f8-f7237f0eb223 received client-request: Request { kind: ReserveTicket, customer: 60e67050-37ca-45a6-968d-da542f71deb9, server: None, raw: .. }
Reserved ticket 782 for customer 60e67050-37ca-45a6-968d-da542f71deb9
Server 799bb1b2-bd8f-49e2-81f8-f7237f0eb223 received client-request: Request { kind: ReserveTicket, customer: c543ca7b-f3ce-450a-b8f3-25905fe81d98, server: None, raw: .. }
Reserved ticket 781 for customer c543ca7b-f3ce-450a-b8f3-25905fe81d98
Server 799bb1b2-bd8f-49e2-81f8-f7237f0eb223 received client-request: Request { kind: ReserveTicket, customer: 9c030532-e3b1-4589-b51c-a76f18b16235, server: None, raw: .. }
Reserved ticket 780 for customer 9c030532-e3b1-4589-b51c-a76f18b16235
Server 799bb1b2-bd8f-49e2-81f8-f7237f0eb223 received client-request: Request { kind: ReserveTicket, customer: 27b4fc1e-7031-4578-8081-c427d16fcc55, server: None, raw: .. }
Reserved ticket 779 for customer 27b4fc1e-7031-4578-8081-c427d16fcc55
Server 799bb1b2-bd8f-49e2-81f8-f7237f0eb223 received client-request: Request { kind: ReserveTicket, customer: a62d6e24-9bcf-4923-9cd5-2c0e72538f68, server: None, raw: .. }
Reserved ticket 778 for customer a62d6e24-9bcf-4923-9cd5-2c0e72538f68
Server 799bb1b2-bd8f-49e2-81f8-f7237f0eb223 received client-request: Request { kind: ReserveTicket, customer: f3da401b-4a8f-4772-8cb5-0d9b4290bd82, server: None, raw: .. }
Reserved ticket 777 for customer f3da401b-4a8f-4772-8cb5-0d9b4290bd82
Server 799bb1b2-bd8f-49e2-81f8-f7237f0eb223 received client-request: Request { kind: ReserveTicket, customer: 7010c25d-3095-47a0-b074-94cba935720d, server: None, raw: .. }
Reserved ticket 776 for customer 7010c25d-3095-47a0-b074-94cba935720d
Server 799bb1b2-bd8f-49e2-81f8-f7237f0eb223 received client-request: Request { kind: ReserveTicket, customer: 1923e191-e56c-4c44-9ab1-550c44043c6e, server: None, raw: .. }
Reserved ticket 775 for customer 1923e191-e56c-4c44-9ab1-550c44043c6e
Server 799bb1b2-bd8f-49e2-81f8-f7237f0eb223 received client-request: Request { kind: ReserveTicket, customer: fb20375b-ecfd-4779-88b8-f9969a573045, server: None, raw: .. }
Reserved ticket 774 for customer fb20375b-ecfd-4779-88b8-f9969a573045
Server 799bb1b2-bd8f-49e2-81f8-f7237f0eb223 received client-request: Request { kind: ReserveTicket, customer: ab0135a5-52bb-464b-a64e-19659d84ce8b, server: None, raw: .. }
Reserved ticket 773 for customer ab0135a5-52bb-464b-a64e-19659d84ce8b
Server 799bb1b2-bd8f-49e2-81f8-f7237f0eb223 received client-request: Request { kind: ReserveTicket, customer: d104a3d1-cd2c-4e0b-8443-acf9aae8231c, server: None, raw: .. }
Reserved ticket 772 for customer d104a3d1-cd2c-4e0b-8443-acf9aae8231c
Server 799bb1b2-bd8f-49e2-81f8-f7237f0eb223 received client-request: Request { kind: ReserveTicket, customer: ec0f7f09-f967-4198-b833-afc8f00ed834, server: None, raw: .. }
Reserved ticket 771 for customer ec0f7f09-f967-4198-b833-afc8f00ed834
Server 799bb1b2-bd8f-49e2-81f8-f7237f0eb223 received client-request: Request { kind: ReserveTicket, customer: 73987228-917d-4e4d-94eb-a0a147024e29, server: None, raw: .. }
Reserved ticket 770 for customer 73987228-917d-4e4d-94eb-a0a147024e29
Server 65a51e17-fff5-4036-8b94-6db5de4d28d8 received client-request: Request { kind: ReserveTicket, customer: 20c54d2f-6f6a-4832-9a11-ac0e66396b79, server: None, raw: .. }
Reserved ticket 769 for customer 20c54d2f-6f6a-4832-9a11-ac0e66396b79
Server 799bb1b2-bd8f-49e2-81f8-f7237f0eb223 received client-request: Request { kind: ReserveTicket, customer: bc810a3d-3972-488f-bd3f-a4c2f104c5fd, server: None, raw: .. }
Reserved ticket 768 for customer bc810a3d-3972-488f-bd3f-a4c2f104c5fd
Server 799bb1b2-bd8f-49e2-81f8-f7237f0eb223 received client-request: Request { kind: ReserveTicket, customer: 795f0e76-836e-438c-8a50-e7cbe7fe4367, server: None, raw: .. }
Reserved ticket 767 for customer 795f0e76-836e-438c-8a50-e7cbe7fe4367
Server 799bb1b2-bd8f-49e2-81f8-f7237f0eb223 received client-request: Request { kind: ReserveTicket, customer: e064b367-99a8-4e51-84d8-49be0a4db463, server: None, raw: .. }
Reserved ticket 766 for customer e064b367-99a8-4e51-84d8-49be0a4db463
Server 799bb1b2-bd8f-49e2-81f8-f7237f0eb223 received client-request: Request { kind: ReserveTicket, customer: 8b84e4da-dbf7-46d0-a11c-7bc1b4e223e8, server: None, raw: .. }
Reserved ticket 765 for customer 8b84e4da-dbf7-46d0-a11c-7bc1b4e223e8
Server 799bb1b2-bd8f-49e2-81f8-f7237f0eb223 received client-request: Request { kind: ReserveTicket, customer: e4362936-44b7-4e78-9ff0-bb4c13f1472d, server: None, raw: .. }
Reserved ticket 764 for customer e4362936-44b7-4e78-9ff0-bb4c13f1472d
Server 799bb1b2-bd8f-49e2-81f8-f7237f0eb223 received client-request: Request { kind: ReserveTicket, customer: ba5d51a9-71d0-4e78-8c46-972452bef6c0, server: None, raw: .. }
Reserved ticket 763 for customer ba5d51a9-71d0-4e78-8c46-972452bef6c0
Server 799bb1b2-bd8f-49e2-81f8-f7237f0eb223 received client-request: Request { kind: ReserveTicket, customer: 1ab0d00a-355f-442d-bac5-404640022c04, server: None, raw: .. }
Reserved ticket 762 for customer 1ab0d00a-355f-442d-bac5-404640022c04
Server 799bb1b2-bd8f-49e2-81f8-f7237f0eb223 received client-request: Request { kind: ReserveTicket, customer: f3fe32a4-8796-4632-a665-65a634795234, server: None, raw: .. }
Reserved ticket 761 for customer f3fe32a4-8796-4632-a665-65a634795234
Server 799bb1b2-bd8f-49e2-81f8-f7237f0eb223 received client-request: Request { kind: ReserveTicket, customer: 772d0503-4355-4e05-9a83-1e56afe92b90, server: None, raw: .. }
Reserved ticket 760 for customer 772d0503-4355-4e05-9a83-1e56afe92b90
Server 799bb1b2-bd8f-49e2-81f8-f7237f0eb223 received client-request: Request { kind: ReserveTicket, customer: 13d254d8-7e0e-4dbc-878e-4cafb0cdb6aa, server: None, raw: .. }
Reserved ticket 759 for customer 13d254d8-7e0e-4dbc-878e-4cafb0cdb6aa
Server 799bb1b2-bd8f-49e2-81f8-f7237f0eb223 received client-request: Request { kind: ReserveTicket, customer: 33106e52-981c-44e3-a7d8-df61da27dce7, server: None, raw: .. }
Reserved ticket 758 for customer 33106e52-981c-44e3-a7d8-df61da27dce7
Server 799bb1b2-bd8f-49e2-81f8-f7237f0eb223 received client-request: Request { kind: ReserveTicket, customer: 72092352-52ad-429a-a7f6-297258e9660d, server: None, raw: .. }
Reserved ticket 757 for customer 72092352-52ad-429a-a7f6-297258e9660d
Server 799bb1b2-bd8f-49e2-81f8-f7237f0eb223 received client-request: Request { kind: ReserveTicket, customer: 83ffb4c5-c7d7-423e-8998-85aafbe6516f, server: None, raw: .. }
Reserved ticket 756 for customer 83ffb4c5-c7d7-423e-8998-85aafbe6516f
Server 799bb1b2-bd8f-49e2-81f8-f7237f0eb223 received client-request: Request { kind: ReserveTicket, customer: 624c4e00-7b35-4298-a7fa-170bbd2e1053, server: None, raw: .. }
Reserved ticket 755 for customer 624c4e00-7b35-4298-a7fa-170bbd2e1053
Server 799bb1b2-bd8f-49e2-81f8-f7237f0eb223 received client-request: Request { kind: ReserveTicket, customer: c2eee74a-5385-4496-a890-306c1f6ed81b, server: None, raw: .. }
Reserved ticket 754 for customer c2eee74a-5385-4496-a890-306c1f6ed81b
Server 799bb1b2-bd8f-49e2-81f8-f7237f0eb223 received client-request: Request { kind: ReserveTicket, customer: adb53ff3-4aae-4fea-8a78-7ac091fa9537, server: None, raw: .. }
Reserved ticket 753 for customer adb53ff3-4aae-4fea-8a78-7ac091fa9537
Server 799bb1b2-bd8f-49e2-81f8-f7237f0eb223 received client-request: Request { kind: ReserveTicket, customer: 0fe1c8b1-3a87-4738-b709-379a96c57303, server: None, raw: .. }
Reserved ticket 752 for customer 0fe1c8b1-3a87-4738-b709-379a96c57303
Server 799bb1b2-bd8f-49e2-81f8-f7237f0eb223 received client-request: Request { kind: ReserveTicket, customer: d8223a9f-73e7-489f-82a3-01905aab92ec, server: None, raw: .. }
Reserved ticket 751 for customer d8223a9f-73e7-489f-82a3-01905aab92ec
Server 799bb1b2-bd8f-49e2-81f8-f7237f0eb223 received client-request: Request { kind: ReserveTicket, customer: 5a7eca86-c824-4bd9-ba6f-e7cb8f46ec8a, server: None, raw: .. }
Reserved ticket 750 for customer 5a7eca86-c824-4bd9-ba6f-e7cb8f46ec8a
Server 65a51e17-fff5-4036-8b94-6db5de4d28d8 received client-request: Request { kind: ReserveTicket, customer: b836921b-007d-462c-8ecc-f5c1bb265133, server: None, raw: .. }
Reserved ticket 749 for customer b836921b-007d-462c-8ecc-f5c1bb265133
Server 799bb1b2-bd8f-49e2-81f8-f7237f0eb223 received client-request: Request { kind: ReserveTicket, customer: dd4afa28-6a3b-4a5b-acd9-3cdf4901a5ec, server: None, raw: .. }
Reserved ticket 748 for customer dd4afa28-6a3b-4a5b-acd9-3cdf4901a5ec
Server 799bb1b2-bd8f-49e2-81f8-f7237f0eb223 received client-request: Request { kind: ReserveTicket, customer: 41d57e40-ff84-4fe7-a98d-a564f18a6eaf, server: None, raw: .. }
Reserved ticket 747 for customer 41d57e40-ff84-4fe7-a98d-a564f18a6eaf
Server 799bb1b2-bd8f-49e2-81f8-f7237f0eb223 received client-request: Request { kind: ReserveTicket, customer: 5e532ce8-bcfe-40e0-b0ba-9e2af0ba4256, server: None, raw: .. }
Reserved ticket 746 for customer 5e532ce8-bcfe-40e0-b0ba-9e2af0ba4256
Server 799bb1b2-bd8f-49e2-81f8-f7237f0eb223 received client-request: Request { kind: ReserveTicket, customer: 1a6fb427-fae4-4fe4-899b-b086d1b3ec3f, server: None, raw: .. }
Reserved ticket 745 for customer 1a6fb427-fae4-4fe4-899b-b086d1b3ec3f
Server 799bb1b2-bd8f-49e2-81f8-f7237f0eb223 received client-request: Request { kind: ReserveTicket, customer: 24a58976-4dcc-44e1-8bf7-1d863b0b1f88, server: None, raw: .. }
Reserved ticket 744 for customer 24a58976-4dcc-44e1-8bf7-1d863b0b1f88
Server 799bb1b2-bd8f-49e2-81f8-f7237f0eb223 received client-request: Request { kind: ReserveTicket, customer: d376a073-359d-4a25-aa9f-79eb209583e4, server: None, raw: .. }
Reserved ticket 743 for customer d376a073-359d-4a25-aa9f-79eb209583e4
Server 799bb1b2-bd8f-49e2-81f8-f7237f0eb223 received client-request: Request { kind: ReserveTicket, customer: 7003a88b-74ef-4937-a7a5-0d65ab4a1765, server: None, raw: .. }
Reserved ticket 742 for customer 7003a88b-74ef-4937-a7a5-0d65ab4a1765
Server 799bb1b2-bd8f-49e2-81f8-f7237f0eb223 received client-request: Request { kind: ReserveTicket, customer: 6d8a1518-3461-43c3-93eb-c23c8a17e1bc, server: None, raw: .. }
Reserved ticket 741 for customer 6d8a1518-3461-43c3-93eb-c23c8a17e1bc
Server 799bb1b2-bd8f-49e2-81f8-f7237f0eb223 received client-request: Request { kind: ReserveTicket, customer: 577cda0d-d459-4e00-b51c-ee963694fcd9, server: None, raw: .. }
Reserved ticket 740 for customer 577cda0d-d459-4e00-b51c-ee963694fcd9
Server 799bb1b2-bd8f-49e2-81f8-f7237f0eb223 received client-request: Request { kind: ReserveTicket, customer: f1276dc4-779b-45c3-a89d-3b3e66691d3d, server: None, raw: .. }
Reserved ticket 739 for customer f1276dc4-779b-45c3-a89d-3b3e66691d3d
Server 799bb1b2-bd8f-49e2-81f8-f7237f0eb223 received client-request: Request { kind: ReserveTicket, customer: 6de5a5ca-466d-44ec-9a4a-3a3233034a6a, server: None, raw: .. }
Reserved ticket 738 for customer 6de5a5ca-466d-44ec-9a4a-3a3233034a6a
Server 799bb1b2-bd8f-49e2-81f8-f7237f0eb223 received client-request: Request { kind: ReserveTicket, customer: 2f7c9cb6-d602-4622-83a9-37edb1b02d47, server: None, raw: .. }
Reserved ticket 737 for customer 2f7c9cb6-d602-4622-83a9-37edb1b02d47
Server 799bb1b2-bd8f-49e2-81f8-f7237f0eb223 received client-request: Request { kind: ReserveTicket, customer: 9c240a2c-db05-4d39-99dc-e6723aa62b0d, server: None, raw: .. }
Reserved ticket 736 for customer 9c240a2c-db05-4d39-99dc-e6723aa62b0d
Server 799bb1b2-bd8f-49e2-81f8-f7237f0eb223 received client-request: Request { kind: ReserveTicket, customer: c7c3a18f-36fc-4a09-be63-fc367d5d38a7, server: None, raw: .. }
Reserved ticket 735 for customer c7c3a18f-36fc-4a09-be63-fc367d5d38a7
Server 799bb1b2-bd8f-49e2-81f8-f7237f0eb223 received client-request: Request { kind: ReserveTicket, customer: 643e544c-64a9-4193-b743-0e7d1e517005, server: None, raw: .. }
Reserved ticket 734 for customer 643e544c-64a9-4193-b743-0e7d1e517005
Server 799bb1b2-bd8f-49e2-81f8-f7237f0eb223 received client-request: Request { kind: ReserveTicket, customer: 2f4afaa3-8cbd-40cd-b9fb-644852914d92, server: None, raw: .. }
Reserved ticket 733 for customer 2f4afaa3-8cbd-40cd-b9fb-644852914d92
Server 799bb1b2-bd8f-49e2-81f8-f7237f0eb223 received client-request: Request { kind: ReserveTicket, customer: 0095de0c-a4b0-47fd-a056-29389c23165b, server: None, raw: .. }
Reserved ticket 732 for customer 0095de0c-a4b0-47fd-a056-29389c23165b
Server 799bb1b2-bd8f-49e2-81f8-f7237f0eb223 received client-request: Request { kind: ReserveTicket, customer: 9ff3f21a-105d-4805-84eb-7e00837db0f9, server: None, raw: .. }
Reserved ticket 731 for customer 9ff3f21a-105d-4805-84eb-7e00837db0f9
Server 799bb1b2-bd8f-49e2-81f8-f7237f0eb223 received client-request: Request { kind: ReserveTicket, customer: c5ad840d-d1b3-452a-bdb3-bee238200391, server: None, raw: .. }
Reserved ticket 730 for customer c5ad840d-d1b3-452a-bdb3-bee238200391
Server 65a51e17-fff5-4036-8b94-6db5de4d28d8 received client-request: Request { kind: ReserveTicket, customer: 2131b606-3d10-4542-a50b-616b744d5494, server: None, raw: .. }
Reserved ticket 729 for customer 2131b606-3d10-4542-a50b-616b744d5494
Server 799bb1b2-bd8f-49e2-81f8-f7237f0eb223 received client-request: Request { kind: ReserveTicket, customer: 36846d9c-5793-45bb-839d-2441354a28e3, server: None, raw: .. }
Reserved ticket 728 for customer 36846d9c-5793-45bb-839d-2441354a28e3
Server 799bb1b2-bd8f-49e2-81f8-f7237f0eb223 received client-request: Request { kind: ReserveTicket, customer: d75d3d60-8a4a-43fe-8882-2e2a729beaff, server: None, raw: .. }
Reserved ticket 727 for customer d75d3d60-8a4a-43fe-8882-2e2a729beaff
Server 799bb1b2-bd8f-49e2-81f8-f7237f0eb223 received client-request: Request { kind: ReserveTicket, customer: a8447b54-2854-4244-bb4b-c79cc6babc79, server: None, raw: .. }
Reserved ticket 726 for customer a8447b54-2854-4244-bb4b-c79cc6babc79
Server 799bb1b2-bd8f-49e2-81f8-f7237f0eb223 received client-request: Request { kind: ReserveTicket, customer: 70ab78c3-d37f-432e-8516-da3d3f53cecd, server: None, raw: .. }
Reserved ticket 725 for customer 70ab78c3-d37f-432e-8516-da3d3f53cecd
Server 799bb1b2-bd8f-49e2-81f8-f7237f0eb223 received client-request: Request { kind: ReserveTicket, customer: bf135881-175c-43fc-bc3b-558be3d5e3e2, server: None, raw: .. }
Reserved ticket 724 for customer bf135881-175c-43fc-bc3b-558be3d5e3e2
Server 799bb1b2-bd8f-49e2-81f8-f7237f0eb223 received client-request: Request { kind: ReserveTicket, customer: 9befb701-bfa1-4db6-b18f-cbfe0c1db419, server: None, raw: .. }
Reserved ticket 723 for customer 9befb701-bfa1-4db6-b18f-cbfe0c1db419
Server 799bb1b2-bd8f-49e2-81f8-f7237f0eb223 received client-request: Request { kind: ReserveTicket, customer: cff28af0-6d33-4a86-ad41-6bb7b1df61c5, server: None, raw: .. }
Reserved ticket 722 for customer cff28af0-6d33-4a86-ad41-6bb7b1df61c5
Server 799bb1b2-bd8f-49e2-81f8-f7237f0eb223 received client-request: Request { kind: ReserveTicket, customer: 29959815-b066-4e7d-8be8-5b155d8c3574, server: None, raw: .. }
Reserved ticket 721 for customer 29959815-b066-4e7d-8be8-5b155d8c3574
Server 799bb1b2-bd8f-49e2-81f8-f7237f0eb223 received client-request: Request { kind: ReserveTicket, customer: 0e5b59af-02ab-4bb4-adfc-eb08c59707cb, server: None, raw: .. }
Reserved ticket 720 for customer 0e5b59af-02ab-4bb4-adfc-eb08c59707cb
Server 799bb1b2-bd8f-49e2-81f8-f7237f0eb223 received client-request: Request { kind: ReserveTicket, customer: a7c4c50b-2029-4084-b614-ffa29ef94bbc, server: None, raw: .. }
Reserved ticket 719 for customer a7c4c50b-2029-4084-b614-ffa29ef94bbc
Server 799bb1b2-bd8f-49e2-81f8-f7237f0eb223 received client-request: Request { kind: ReserveTicket, customer: 1074440c-f7f1-4a71-ae1a-b0be25e9619d, server: None, raw: .. }
Reserved ticket 718 for customer 1074440c-f7f1-4a71-ae1a-b0be25e9619d
Server 799bb1b2-bd8f-49e2-81f8-f7237f0eb223 received client-request: Request { kind: ReserveTicket, customer: 7cdb8eda-4bd4-4e07-b405-a44c30e738cd, server: None, raw: .. }
Reserved ticket 717 for customer 7cdb8eda-4bd4-4e07-b405-a44c30e738cd
Server 799bb1b2-bd8f-49e2-81f8-f7237f0eb223 received client-request: Request { kind: ReserveTicket, customer: 51eb76b4-949b-42a6-bf81-2cba29aff9c5, server: None, raw: .. }
Reserved ticket 716 for customer 51eb76b4-949b-42a6-bf81-2cba29aff9c5
Server 799bb1b2-bd8f-49e2-81f8-f7237f0eb223 received client-request: Request { kind: ReserveTicket, customer: d6d4d63e-f5fb-42bc-a3c1-70ffc0b6d437, server: None, raw: .. }
Reserved ticket 715 for customer d6d4d63e-f5fb-42bc-a3c1-70ffc0b6d437
Server 799bb1b2-bd8f-49e2-81f8-f7237f0eb223 received client-request: Request { kind: ReserveTicket, customer: 17655c4c-f7cb-4f37-9f19-b72488bab228, server: None, raw: .. }
Reserved ticket 714 for customer 17655c4c-f7cb-4f37-9f19-b72488bab228
Server 799bb1b2-bd8f-49e2-81f8-f7237f0eb223 received client-request: Request { kind: ReserveTicket, customer: e676b935-7013-493d-a52c-9ea368ece4f4, server: None, raw: .. }
Reserved ticket 713 for customer e676b935-7013-493d-a52c-9ea368ece4f4
Server 799bb1b2-bd8f-49e2-81f8-f7237f0eb223 received client-request: Request { kind: ReserveTicket, customer: 71932090-9890-4bd6-8d8e-b205dd15cab3, server: None, raw: .. }
Reserved ticket 712 for customer 71932090-9890-4bd6-8d8e-b205dd15cab3
Server 799bb1b2-bd8f-49e2-81f8-f7237f0eb223 received client-request: Request { kind: ReserveTicket, customer: e323ba59-d101-4e56-978c-c03d7ffd0574, server: None, raw: .. }
Reserved ticket 711 for customer e323ba59-d101-4e56-978c-c03d7ffd0574
Server 799bb1b2-bd8f-49e2-81f8-f7237f0eb223 received client-request: Request { kind: ReserveTicket, customer: 772f433c-e5c4-48c7-902e-a2084547e8ac, server: None, raw: .. }
Reserved ticket 710 for customer 772f433c-e5c4-48c7-902e-a2084547e8ac
Server 65a51e17-fff5-4036-8b94-6db5de4d28d8 received client-request: Request { kind: ReserveTicket, customer: 14616b9d-ae94-4b15-aac5-8275402a1bb1, server: None, raw: .. }
Reserved ticket 709 for customer 14616b9d-ae94-4b15-aac5-8275402a1bb1
Server 799bb1b2-bd8f-49e2-81f8-f7237f0eb223 received client-request: Request { kind: ReserveTicket, customer: 9b95ebee-59cc-4f28-9c1f-b94ab601671f, server: None, raw: .. }
Reserved ticket 708 for customer 9b95ebee-59cc-4f28-9c1f-b94ab601671f
Server 799bb1b2-bd8f-49e2-81f8-f7237f0eb223 received client-request: Request { kind: ReserveTicket, customer: 0bb76d52-2634-4de9-86b8-a313f7fc50e9, server: None, raw: .. }
Reserved ticket 707 for customer 0bb76d52-2634-4de9-86b8-a313f7fc50e9
Server 799bb1b2-bd8f-49e2-81f8-f7237f0eb223 received client-request: Request { kind: ReserveTicket, customer: d4ed97bf-2157-47a3-b63e-5639fa9aff78, server: None, raw: .. }
Reserved ticket 706 for customer d4ed97bf-2157-47a3-b63e-5639fa9aff78
Server 799bb1b2-bd8f-49e2-81f8-f7237f0eb223 received client-request: Request { kind: ReserveTicket, customer: 3e382e9e-8c87-4db1-a17b-8c19f34e2550, server: None, raw: .. }
Reserved ticket 705 for customer 3e382e9e-8c87-4db1-a17b-8c19f34e2550
Server 799bb1b2-bd8f-49e2-81f8-f7237f0eb223 received client-request: Request { kind: ReserveTicket, customer: c19143ce-acf2-43dd-a5c6-597dc2646976, server: None, raw: .. }
Reserved ticket 704 for customer c19143ce-acf2-43dd-a5c6-597dc2646976
Server 799bb1b2-bd8f-49e2-81f8-f7237f0eb223 received client-request: Request { kind: ReserveTicket, customer: 7fb2984c-729a-4844-a41e-c1d81ff59c3d, server: None, raw: .. }
Reserved ticket 703 for customer 7fb2984c-729a-4844-a41e-c1d81ff59c3d
Server 799bb1b2-bd8f-49e2-81f8-f7237f0eb223 received client-request: Request { kind: ReserveTicket, customer: 774c72c7-55e7-4831-9601-c8423c438f90, server: None, raw: .. }
Reserved ticket 702 for customer 774c72c7-55e7-4831-9601-c8423c438f90
Server 799bb1b2-bd8f-49e2-81f8-f7237f0eb223 received client-request: Request { kind: ReserveTicket, customer: 1931d4af-2a81-46c9-b5a5-4f0537a261d7, server: None, raw: .. }
Reserved ticket 701 for customer 1931d4af-2a81-46c9-b5a5-4f0537a261d7
Server 799bb1b2-bd8f-49e2-81f8-f7237f0eb223 received client-request: Request { kind: ReserveTicket, customer: d5a1d984-49f8-4aaf-96d8-45b521149731, server: None, raw: .. }
Reserved ticket 700 for customer d5a1d984-49f8-4aaf-96d8-45b521149731
Server 799bb1b2-bd8f-49e2-81f8-f7237f0eb223 received client-request: Request { kind: ReserveTicket, customer: cb95815c-b6a4-4363-b481-aaac1ce9970b, server: None, raw: .. }
Reserved ticket 699 for customer cb95815c-b6a4-4363-b481-aaac1ce9970b
Server 799bb1b2-bd8f-49e2-81f8-f7237f0eb223 received client-request: Request { kind: ReserveTicket, customer: a6426428-7b26-4399-bdb8-354521d32a4e, server: None, raw: .. }
Reserved ticket 698 for customer a6426428-7b26-4399-bdb8-354521d32a4e
Server 799bb1b2-bd8f-49e2-81f8-f7237f0eb223 received client-request: Request { kind: ReserveTicket, customer: fe5847f0-8a5c-4f71-8431-9acdb7794263, server: None, raw: .. }
Reserved ticket 697 for customer fe5847f0-8a5c-4f71-8431-9acdb7794263
Server 799bb1b2-bd8f-49e2-81f8-f7237f0eb223 received client-request: Request { kind: ReserveTicket, customer: 9894b34c-d275-460c-be65-3f915fff4bbc, server: None, raw: .. }
Reserved ticket 696 for customer 9894b34c-d275-460c-be65-3f915fff4bbc
Server 799bb1b2-bd8f-49e2-81f8-f7237f0eb223 received client-request: Request { kind: ReserveTicket, customer: 62766474-b28a-4d03-a9cc-7f51855d6852, server: None, raw: .. }
Reserved ticket 695 for customer 62766474-b28a-4d03-a9cc-7f51855d6852
Server 799bb1b2-bd8f-49e2-81f8-f7237f0eb223 received client-request: Request { kind: ReserveTicket, customer: 7feeb86e-2e58-46b9-9b25-9441237448ef, server: None, raw: .. }
Reserved ticket 694 for customer 7feeb86e-2e58-46b9-9b25-9441237448ef
Server 799bb1b2-bd8f-49e2-81f8-f7237f0eb223 received client-request: Request { kind: ReserveTicket, customer: a6a22c7b-f435-467b-8c00-cba714df3042, server: None, raw: .. }
Reserved ticket 693 for customer a6a22c7b-f435-467b-8c00-cba714df3042
Server 799bb1b2-bd8f-49e2-81f8-f7237f0eb223 received client-request: Request { kind: ReserveTicket, customer: 335f7f9d-d52f-46af-b75c-ff32ae3675e8, server: None, raw: .. }
Reserved ticket 692 for customer 335f7f9d-d52f-46af-b75c-ff32ae3675e8
Server 799bb1b2-bd8f-49e2-81f8-f7237f0eb223 received client-request: Request { kind: ReserveTicket, customer: 62ec88d5-aa2e-4b14-8716-c2c76cd29147, server: None, raw: .. }
Reserved ticket 691 for customer 62ec88d5-aa2e-4b14-8716-c2c76cd29147
Server 799bb1b2-bd8f-49e2-81f8-f7237f0eb223 received client-request: Request { kind: ReserveTicket, customer: dab22283-5760-481e-b8ce-4045ab6d7aa4, server: None, raw: .. }
Reserved ticket 690 for customer dab22283-5760-481e-b8ce-4045ab6d7aa4
Server 65a51e17-fff5-4036-8b94-6db5de4d28d8 received client-request: Request { kind: ReserveTicket, customer: 71468b13-d13d-4dba-9da0-1dd707ad6aea, server: None, raw: .. }
Reserved ticket 689 for customer 71468b13-d13d-4dba-9da0-1dd707ad6aea
Server 799bb1b2-bd8f-49e2-81f8-f7237f0eb223 received client-request: Request { kind: ReserveTicket, customer: c12cbf58-c71c-407e-8b1e-169f0499da39, server: None, raw: .. }
Reserved ticket 688 for customer c12cbf58-c71c-407e-8b1e-169f0499da39
Server 799bb1b2-bd8f-49e2-81f8-f7237f0eb223 received client-request: Request { kind: ReserveTicket, customer: 5f4b16cc-cb7d-4cba-825f-2635151c3b98, server: None, raw: .. }
Reserved ticket 687 for customer 5f4b16cc-cb7d-4cba-825f-2635151c3b98
Server 799bb1b2-bd8f-49e2-81f8-f7237f0eb223 received client-request: Request { kind: ReserveTicket, customer: ced4a4a6-1dd5-4ab4-917e-17554e1b4862, server: None, raw: .. }
Reserved ticket 686 for customer ced4a4a6-1dd5-4ab4-917e-17554e1b4862
Server 799bb1b2-bd8f-49e2-81f8-f7237f0eb223 received client-request: Request { kind: ReserveTicket, customer: 01e4bb29-9b46-46eb-bf80-09e446cb342c, server: None, raw: .. }
Reserved ticket 685 for customer 01e4bb29-9b46-46eb-bf80-09e446cb342c
Server 799bb1b2-bd8f-49e2-81f8-f7237f0eb223 received client-request: Request { kind: ReserveTicket, customer: 14c847bc-381d-4518-85ad-d486c3a7c79c, server: None, raw: .. }
Reserved ticket 684 for customer 14c847bc-381d-4518-85ad-d486c3a7c79c
Server 799bb1b2-bd8f-49e2-81f8-f7237f0eb223 received client-request: Request { kind: ReserveTicket, customer: 3c54c498-887e-4c4b-864b-54048f4e719e, server: None, raw: .. }
Reserved ticket 683 for customer 3c54c498-887e-4c4b-864b-54048f4e719e
Server 799bb1b2-bd8f-49e2-81f8-f7237f0eb223 received client-request: Request { kind: ReserveTicket, customer: 16256a7d-bb7e-48eb-af16-fb7654d73dfa, server: None, raw: .. }
Reserved ticket 682 for customer 16256a7d-bb7e-48eb-af16-fb7654d73dfa
Server 799bb1b2-bd8f-49e2-81f8-f7237f0eb223 received client-request: Request { kind: ReserveTicket, customer: 71d33e5c-d42c-49dc-821e-c2a0e161a369, server: None, raw: .. }
Reserved ticket 681 for customer 71d33e5c-d42c-49dc-821e-c2a0e161a369
Server 799bb1b2-bd8f-49e2-81f8-f7237f0eb223 received client-request: Request { kind: ReserveTicket, customer: c73eb37d-d8c0-4518-a981-ee54c62f99d0, server: None, raw: .. }
Reserved ticket 680 for customer c73eb37d-d8c0-4518-a981-ee54c62f99d0
Server 799bb1b2-bd8f-49e2-81f8-f7237f0eb223 received client-request: Request { kind: ReserveTicket, customer: edb2864c-9240-4e09-823a-f484d8e6a1f1, server: None, raw: .. }
Reserved ticket 679 for customer edb2864c-9240-4e09-823a-f484d8e6a1f1
Server 799bb1b2-bd8f-49e2-81f8-f7237f0eb223 received client-request: Request { kind: ReserveTicket, customer: 8e0ed0a0-83fd-4866-8c89-5d319f197572, server: None, raw: .. }
Reserved ticket 678 for customer 8e0ed0a0-83fd-4866-8c89-5d319f197572
Server 799bb1b2-bd8f-49e2-81f8-f7237f0eb223 received client-request: Request { kind: ReserveTicket, customer: 32d4cd35-ddfb-4645-ab73-8a0f6f67410e, server: None, raw: .. }
Reserved ticket 677 for customer 32d4cd35-ddfb-4645-ab73-8a0f6f67410e
Server 799bb1b2-bd8f-49e2-81f8-f7237f0eb223 received client-request: Request { kind: ReserveTicket, customer: fb5fe0e3-378d-4204-a78a-d5acb9020ad8, server: None, raw: .. }
Reserved ticket 676 for customer fb5fe0e3-378d-4204-a78a-d5acb9020ad8
Server 799bb1b2-bd8f-49e2-81f8-f7237f0eb223 received client-request: Request { kind: ReserveTicket, customer: 557a0e71-167c-402b-9935-b7e8a76de4ad, server: None, raw: .. }
Reserved ticket 675 for customer 557a0e71-167c-402b-9935-b7e8a76de4ad
Server 799bb1b2-bd8f-49e2-81f8-f7237f0eb223 received client-request: Request { kind: ReserveTicket, customer: 6f500280-c20c-443e-9c78-c7a3ada2376b, server: None, raw: .. }
Reserved ticket 674 for customer 6f500280-c20c-443e-9c78-c7a3ada2376b
Server 799bb1b2-bd8f-49e2-81f8-f7237f0eb223 received client-request: Request { kind: ReserveTicket, customer: bda894ff-d7dd-4e23-a23d-209efd302692, server: None, raw: .. }
Reserved ticket 673 for customer bda894ff-d7dd-4e23-a23d-209efd302692
Server 799bb1b2-bd8f-49e2-81f8-f7237f0eb223 received client-request: Request { kind: ReserveTicket, customer: 6776760f-c2f5-49fd-a07f-0ec7093a5ba4, server: None, raw: .. }
Reserved ticket 672 for customer 6776760f-c2f5-49fd-a07f-0ec7093a5ba4
Server 799bb1b2-bd8f-49e2-81f8-f7237f0eb223 received client-request: Request { kind: ReserveTicket, customer: a085c19a-9d14-4b9a-8018-7f6e8df02d33, server: None, raw: .. }
Reserved ticket 671 for customer a085c19a-9d14-4b9a-8018-7f6e8df02d33
Server 799bb1b2-bd8f-49e2-81f8-f7237f0eb223 received client-request: Request { kind: ReserveTicket, customer: f6393fdb-0103-4c40-b930-ee86d3a8e075, server: None, raw: .. }
Reserved ticket 670 for customer f6393fdb-0103-4c40-b930-ee86d3a8e075
Server 65a51e17-fff5-4036-8b94-6db5de4d28d8 received client-request: Request { kind: ReserveTicket, customer: 734e6f45-3a25-4d00-bc22-88740e2ba61a, server: None, raw: .. }
Reserved ticket 669 for customer 734e6f45-3a25-4d00-bc22-88740e2ba61a
Server 799bb1b2-bd8f-49e2-81f8-f7237f0eb223 received client-request: Request { kind: ReserveTicket, customer: 2b8bc2a7-d02d-4d92-afa0-7324ade5b7b9, server: None, raw: .. }
Reserved ticket 668 for customer 2b8bc2a7-d02d-4d92-afa0-7324ade5b7b9
Server 799bb1b2-bd8f-49e2-81f8-f7237f0eb223 received client-request: Request { kind: ReserveTicket, customer: 583af68d-0a15-4e6a-8021-0192b1325790, server: None, raw: .. }
Reserved ticket 667 for customer 583af68d-0a15-4e6a-8021-0192b1325790
Server 799bb1b2-bd8f-49e2-81f8-f7237f0eb223 received client-request: Request { kind: ReserveTicket, customer: 58bb6bf0-4b24-43c7-81d9-8ebedcacc561, server: None, raw: .. }
Reserved ticket 666 for customer 58bb6bf0-4b24-43c7-81d9-8ebedcacc561
Server 799bb1b2-bd8f-49e2-81f8-f7237f0eb223 received client-request: Request { kind: ReserveTicket, customer: 67d23803-f2ba-442b-a431-2139fced1ecd, server: None, raw: .. }
Reserved ticket 665 for customer 67d23803-f2ba-442b-a431-2139fced1ecd
Server 799bb1b2-bd8f-49e2-81f8-f7237f0eb223 received client-request: Request { kind: ReserveTicket, customer: a3b5b4b2-65bd-4dde-882a-46d412243ed5, server: None, raw: .. }
Reserved ticket 664 for customer a3b5b4b2-65bd-4dde-882a-46d412243ed5
Server 799bb1b2-bd8f-49e2-81f8-f7237f0eb223 received client-request: Request { kind: ReserveTicket, customer: 5002fdd6-2dce-4d1f-add3-7b3d84ea45fd, server: None, raw: .. }
Reserved ticket 663 for customer 5002fdd6-2dce-4d1f-add3-7b3d84ea45fd
Server 799bb1b2-bd8f-49e2-81f8-f7237f0eb223 received client-request: Request { kind: ReserveTicket, customer: 96890ee6-0d82-40cd-87e2-19c46aaf6629, server: None, raw: .. }
Reserved ticket 662 for customer 96890ee6-0d82-40cd-87e2-19c46aaf6629
Server 799bb1b2-bd8f-49e2-81f8-f7237f0eb223 received client-request: Request { kind: ReserveTicket, customer: a4242a4f-e9f7-44b8-a923-674726de2efc, server: None, raw: .. }
Reserved ticket 661 for customer a4242a4f-e9f7-44b8-a923-674726de2efc
Server 799bb1b2-bd8f-49e2-81f8-f7237f0eb223 received client-request: Request { kind: ReserveTicket, customer: 9b802032-b525-403d-9bbd-01292075e670, server: None, raw: .. }
Reserved ticket 660 for customer 9b802032-b525-403d-9bbd-01292075e670
Server 799bb1b2-bd8f-49e2-81f8-f7237f0eb223 received client-request: Request { kind: ReserveTicket, customer: d34ee0f2-2027-4707-9a97-faed1cd4a2dd, server: None, raw: .. }
Reserved ticket 659 for customer d34ee0f2-2027-4707-9a97-faed1cd4a2dd
Server 799bb1b2-bd8f-49e2-81f8-f7237f0eb223 received client-request: Request { kind: ReserveTicket, customer: 556c2971-a415-4bb9-94d4-09f3f0c3a808, server: None, raw: .. }
Reserved ticket 658 for customer 556c2971-a415-4bb9-94d4-09f3f0c3a808
Server 799bb1b2-bd8f-49e2-81f8-f7237f0eb223 received client-request: Request { kind: ReserveTicket, customer: 23ad5dc7-f7b4-4124-bf12-7f54ad2aa03e, server: None, raw: .. }
Reserved ticket 657 for customer 23ad5dc7-f7b4-4124-bf12-7f54ad2aa03e
Server 799bb1b2-bd8f-49e2-81f8-f7237f0eb223 received client-request: Request { kind: ReserveTicket, customer: 893b9605-e997-4919-9b74-2b3585ed4454, server: None, raw: .. }
Reserved ticket 656 for customer 893b9605-e997-4919-9b74-2b3585ed4454
Server 799bb1b2-bd8f-49e2-81f8-f7237f0eb223 received client-request: Request { kind: ReserveTicket, customer: 4c8c14ae-b246-4d3d-805d-214bfffaf55e, server: None, raw: .. }
Reserved ticket 655 for customer 4c8c14ae-b246-4d3d-805d-214bfffaf55e
Server 799bb1b2-bd8f-49e2-81f8-f7237f0eb223 received client-request: Request { kind: ReserveTicket, customer: 297c7dd9-eb5e-4114-ba8a-531410f1b8af, server: None, raw: .. }
Reserved ticket 654 for customer 297c7dd9-eb5e-4114-ba8a-531410f1b8af
Server 799bb1b2-bd8f-49e2-81f8-f7237f0eb223 received client-request: Request { kind: ReserveTicket, customer: 969b3583-1290-4a6c-8949-d9a8b489ecb9, server: None, raw: .. }
Reserved ticket 653 for customer 969b3583-1290-4a6c-8949-d9a8b489ecb9
Server 799bb1b2-bd8f-49e2-81f8-f7237f0eb223 received client-request: Request { kind: ReserveTicket, customer: eec75ec4-e832-44d0-9a70-4275afc92ade, server: None, raw: .. }
Reserved ticket 652 for customer eec75ec4-e832-44d0-9a70-4275afc92ade
Server 799bb1b2-bd8f-49e2-81f8-f7237f0eb223 received client-request: Request { kind: ReserveTicket, customer: 8817303b-1397-4959-a42e-085ac61bd54a, server: None, raw: .. }
Reserved ticket 651 for customer 8817303b-1397-4959-a42e-085ac61bd54a
Server 799bb1b2-bd8f-49e2-81f8-f7237f0eb223 received client-request: Request { kind: ReserveTicket, customer: 456c66c4-b520-4100-9624-4e487f764ed0, server: None, raw: .. }
Reserved ticket 650 for customer 456c66c4-b520-4100-9624-4e487f764ed0
Server 65a51e17-fff5-4036-8b94-6db5de4d28d8 received client-request: Request { kind: ReserveTicket, customer: 6a6540ce-713d-4d81-9fd3-d8d09a9ec9b3, server: None, raw: .. }
Reserved ticket 649 for customer 6a6540ce-713d-4d81-9fd3-d8d09a9ec9b3
Server 799bb1b2-bd8f-49e2-81f8-f7237f0eb223 received client-request: Request { kind: ReserveTicket, customer: bd897414-1b40-47db-98f8-62bf5e37cb01, server: None, raw: .. }
Reserved ticket 648 for customer bd897414-1b40-47db-98f8-62bf5e37cb01
Server 799bb1b2-bd8f-49e2-81f8-f7237f0eb223 received client-request: Request { kind: ReserveTicket, customer: 2062580b-fee6-466f-99b6-8c8e7ab420ac, server: None, raw: .. }
Reserved ticket 647 for customer 2062580b-fee6-466f-99b6-8c8e7ab420ac
Server 799bb1b2-bd8f-49e2-81f8-f7237f0eb223 received client-request: Request { kind: ReserveTicket, customer: 27ee0c73-dfd0-4c6b-aab0-fcb12ce07f93, server: None, raw: .. }
Reserved ticket 646 for customer 27ee0c73-dfd0-4c6b-aab0-fcb12ce07f93
Server 799bb1b2-bd8f-49e2-81f8-f7237f0eb223 received client-request: Request { kind: ReserveTicket, customer: e61385b9-2738-417e-a15a-dfb2333fc2e5, server: None, raw: .. }
Reserved ticket 645 for customer e61385b9-2738-417e-a15a-dfb2333fc2e5
Server 799bb1b2-bd8f-49e2-81f8-f7237f0eb223 received client-request: Request { kind: ReserveTicket, customer: 30112317-10a1-40d9-a4ce-4ffc1157a196, server: None, raw: .. }
Reserved ticket 644 for customer 30112317-10a1-40d9-a4ce-4ffc1157a196
Server 799bb1b2-bd8f-49e2-81f8-f7237f0eb223 received client-request: Request { kind: ReserveTicket, customer: dcd79d4f-31a3-4772-8591-064760820668, server: None, raw: .. }
Reserved ticket 643 for customer dcd79d4f-31a3-4772-8591-064760820668
Server 799bb1b2-bd8f-49e2-81f8-f7237f0eb223 received client-request: Request { kind: ReserveTicket, customer: 1f83e13b-7cfe-43d8-9de0-9dc37638bdb5, server: None, raw: .. }
Reserved ticket 642 for customer 1f83e13b-7cfe-43d8-9de0-9dc37638bdb5
Server 799bb1b2-bd8f-49e2-81f8-f7237f0eb223 received client-request: Request { kind: ReserveTicket, customer: c0945c08-28c8-45df-b265-1ad91ac6aee6, server: None, raw: .. }
Reserved ticket 641 for customer c0945c08-28c8-45df-b265-1ad91ac6aee6
Server 799bb1b2-bd8f-49e2-81f8-f7237f0eb223 received client-request: Request { kind: ReserveTicket, customer: c7f54ed3-6867-4540-853c-5709c6d955a2, server: None, raw: .. }
Reserved ticket 640 for customer c7f54ed3-6867-4540-853c-5709c6d955a2
Server 799bb1b2-bd8f-49e2-81f8-f7237f0eb223 received client-request: Request { kind: ReserveTicket, customer: 183abf12-d718-4220-a963-c99fc9d26d63, server: None, raw: .. }
Reserved ticket 639 for customer 183abf12-d718-4220-a963-c99fc9d26d63
Server 799bb1b2-bd8f-49e2-81f8-f7237f0eb223 received client-request: Request { kind: ReserveTicket, customer: da74fcfd-ecc9-42f4-bf3b-6a40f29ecd6c, server: None, raw: .. }
Reserved ticket 638 for customer da74fcfd-ecc9-42f4-bf3b-6a40f29ecd6c
Server 799bb1b2-bd8f-49e2-81f8-f7237f0eb223 received client-request: Request { kind: ReserveTicket, customer: 07ca7ed7-7b0c-4bad-be5d-9cae2e857c29, server: None, raw: .. }
Reserved ticket 637 for customer 07ca7ed7-7b0c-4bad-be5d-9cae2e857c29
Server 799bb1b2-bd8f-49e2-81f8-f7237f0eb223 received client-request: Request { kind: ReserveTicket, customer: e6f784a7-a537-4afb-a056-d7769b1d1525, server: None, raw: .. }
Reserved ticket 636 for customer e6f784a7-a537-4afb-a056-d7769b1d1525
Server 799bb1b2-bd8f-49e2-81f8-f7237f0eb223 received client-request: Request { kind: ReserveTicket, customer: e98e7da0-6617-4c22-b656-8c0fa55b9144, server: None, raw: .. }
Reserved ticket 635 for customer e98e7da0-6617-4c22-b656-8c0fa55b9144
Server 799bb1b2-bd8f-49e2-81f8-f7237f0eb223 received client-request: Request { kind: ReserveTicket, customer: 7b84784f-a1de-4795-a664-a105f64706c8, server: None, raw: .. }
Reserved ticket 634 for customer 7b84784f-a1de-4795-a664-a105f64706c8
Server 799bb1b2-bd8f-49e2-81f8-f7237f0eb223 received client-request: Request { kind: ReserveTicket, customer: e8722a0b-493f-462f-9c66-fe0a3b4ac6b0, server: None, raw: .. }
Reserved ticket 633 for customer e8722a0b-493f-462f-9c66-fe0a3b4ac6b0
Server 799bb1b2-bd8f-49e2-81f8-f7237f0eb223 received client-request: Request { kind: ReserveTicket, customer: 381affa4-9617-4cba-b313-35ba0e5b4286, server: None, raw: .. }
Reserved ticket 632 for customer 381affa4-9617-4cba-b313-35ba0e5b4286
Server 799bb1b2-bd8f-49e2-81f8-f7237f0eb223 received client-request: Request { kind: ReserveTicket, customer: a9684d0c-73bb-4c03-85ca-27431342e8f4, server: None, raw: .. }
Reserved ticket 631 for customer a9684d0c-73bb-4c03-85ca-27431342e8f4
Server 799bb1b2-bd8f-49e2-81f8-f7237f0eb223 received client-request: Request { kind: ReserveTicket, customer: 4e97ff6d-89e0-4cd2-8202-975a1caeffc0, server: None, raw: .. }
Reserved ticket 630 for customer 4e97ff6d-89e0-4cd2-8202-975a1caeffc0
Server 65a51e17-fff5-4036-8b94-6db5de4d28d8 received client-request: Request { kind: ReserveTicket, customer: 26894ddf-650d-4aad-a70a-110202e5254b, server: None, raw: .. }
Reserved ticket 629 for customer 26894ddf-650d-4aad-a70a-110202e5254b
Server 799bb1b2-bd8f-49e2-81f8-f7237f0eb223 received client-request: Request { kind: ReserveTicket, customer: 315cfbac-7dbd-416c-a9c3-2bd48062f568, server: None, raw: .. }
Reserved ticket 628 for customer 315cfbac-7dbd-416c-a9c3-2bd48062f568
Server 799bb1b2-bd8f-49e2-81f8-f7237f0eb223 received client-request: Request { kind: ReserveTicket, customer: 09bfa3ab-81b1-4df1-b601-e63e2e4823fe, server: None, raw: .. }
Reserved ticket 627 for customer 09bfa3ab-81b1-4df1-b601-e63e2e4823fe
Server 799bb1b2-bd8f-49e2-81f8-f7237f0eb223 received client-request: Request { kind: ReserveTicket, customer: 91e7d3f5-4d6b-4199-8f38-21ee107b42d3, server: None, raw: .. }
Reserved ticket 626 for customer 91e7d3f5-4d6b-4199-8f38-21ee107b42d3
Server 799bb1b2-bd8f-49e2-81f8-f7237f0eb223 received client-request: Request { kind: ReserveTicket, customer: 2a09d763-b038-4c6a-82e9-d58ce9cbe5af, server: None, raw: .. }
Reserved ticket 625 for customer 2a09d763-b038-4c6a-82e9-d58ce9cbe5af
Server 799bb1b2-bd8f-49e2-81f8-f7237f0eb223 received client-request: Request { kind: ReserveTicket, customer: cdbbbd49-40fd-4212-8fab-1baee659b325, server: None, raw: .. }
Reserved ticket 624 for customer cdbbbd49-40fd-4212-8fab-1baee659b325
Server 799bb1b2-bd8f-49e2-81f8-f7237f0eb223 received client-request: Request { kind: ReserveTicket, customer: 25a79bc4-d005-4d91-8698-a14d2cf76fd4, server: None, raw: .. }
Reserved ticket 623 for customer 25a79bc4-d005-4d91-8698-a14d2cf76fd4
Server 799bb1b2-bd8f-49e2-81f8-f7237f0eb223 received client-request: Request { kind: ReserveTicket, customer: 7bfb953b-fb1f-4566-9ac0-e0ed17e39db3, server: None, raw: .. }
Reserved ticket 622 for customer 7bfb953b-fb1f-4566-9ac0-e0ed17e39db3
Server 799bb1b2-bd8f-49e2-81f8-f7237f0eb223 received client-request: Request { kind: ReserveTicket, customer: 7a547627-3600-497b-81a3-088fa501f11c, server: None, raw: .. }
Reserved ticket 621 for customer 7a547627-3600-497b-81a3-088fa501f11c
Server 799bb1b2-bd8f-49e2-81f8-f7237f0eb223 received client-request: Request { kind: ReserveTicket, customer: 46f284e5-e16e-4fbe-83a1-27382e5e8975, server: None, raw: .. }
Reserved ticket 620 for customer 46f284e5-e16e-4fbe-83a1-27382e5e8975
Server 799bb1b2-bd8f-49e2-81f8-f7237f0eb223 received client-request: Request { kind: ReserveTicket, customer: f7f61e9b-2b3b-41d3-af74-95b353c03cc7, server: None, raw: .. }
Reserved ticket 619 for customer f7f61e9b-2b3b-41d3-af74-95b353c03cc7
Server 799bb1b2-bd8f-49e2-81f8-f7237f0eb223 received client-request: Request { kind: ReserveTicket, customer: 315dea9e-54e2-4e56-814c-c73bbc2b89fd, server: None, raw: .. }
Reserved ticket 618 for customer 315dea9e-54e2-4e56-814c-c73bbc2b89fd
Server 799bb1b2-bd8f-49e2-81f8-f7237f0eb223 received client-request: Request { kind: ReserveTicket, customer: 32584d45-5365-4724-aeb1-5d3a42d7fe4d, server: None, raw: .. }
Reserved ticket 617 for customer 32584d45-5365-4724-aeb1-5d3a42d7fe4d
Server 799bb1b2-bd8f-49e2-81f8-f7237f0eb223 received client-request: Request { kind: ReserveTicket, customer: 744c0c40-8ea0-496a-991f-97b57da17557, server: None, raw: .. }
Reserved ticket 616 for customer 744c0c40-8ea0-496a-991f-97b57da17557
Server 799bb1b2-bd8f-49e2-81f8-f7237f0eb223 received client-request: Request { kind: ReserveTicket, customer: b829310d-c26f-4392-a432-f28f79820280, server: None, raw: .. }
Reserved ticket 615 for customer b829310d-c26f-4392-a432-f28f79820280
Server 799bb1b2-bd8f-49e2-81f8-f7237f0eb223 received client-request: Request { kind: ReserveTicket, customer: fc90ac20-873f-4981-ba83-9ca80c359ac1, server: None, raw: .. }
Reserved ticket 614 for customer fc90ac20-873f-4981-ba83-9ca80c359ac1
Server 799bb1b2-bd8f-49e2-81f8-f7237f0eb223 received client-request: Request { kind: ReserveTicket, customer: 95c9d722-03a1-4782-8e4d-1084ae8f9d5d, server: None, raw: .. }
Reserved ticket 613 for customer 95c9d722-03a1-4782-8e4d-1084ae8f9d5d
Server 799bb1b2-bd8f-49e2-81f8-f7237f0eb223 received client-request: Request { kind: ReserveTicket, customer: d83a68c1-5c91-4c00-848a-b9e34ab23e7c, server: None, raw: .. }
Reserved ticket 612 for customer d83a68c1-5c91-4c00-848a-b9e34ab23e7c
Server 799bb1b2-bd8f-49e2-81f8-f7237f0eb223 received client-request: Request { kind: ReserveTicket, customer: 6a0822e7-06ce-487a-aff7-367054a330a6, server: None, raw: .. }
Reserved ticket 611 for customer 6a0822e7-06ce-487a-aff7-367054a330a6
Server 799bb1b2-bd8f-49e2-81f8-f7237f0eb223 received client-request: Request { kind: ReserveTicket, customer: 114a0071-7bd4-4e20-8725-dbca91cdb313, server: None, raw: .. }
Reserved ticket 610 for customer 114a0071-7bd4-4e20-8725-dbca91cdb313
Server 65a51e17-fff5-4036-8b94-6db5de4d28d8 received client-request: Request { kind: ReserveTicket, customer: dc8e73cf-2030-4ace-a1c9-59d03064538f, server: None, raw: .. }
Reserved ticket 609 for customer dc8e73cf-2030-4ace-a1c9-59d03064538f
Server 799bb1b2-bd8f-49e2-81f8-f7237f0eb223 received client-request: Request { kind: ReserveTicket, customer: 2a6919fa-1b80-4c69-a28b-360acdf29ad3, server: None, raw: .. }
Reserved ticket 608 for customer 2a6919fa-1b80-4c69-a28b-360acdf29ad3
Server 799bb1b2-bd8f-49e2-81f8-f7237f0eb223 received client-request: Request { kind: ReserveTicket, customer: 98251dd9-0657-484e-a1ba-53312c4207b2, server: None, raw: .. }
Reserved ticket 607 for customer 98251dd9-0657-484e-a1ba-53312c4207b2
Server 799bb1b2-bd8f-49e2-81f8-f7237f0eb223 received client-request: Request { kind: ReserveTicket, customer: 04e8e71e-839f-43ff-8c7c-994cee9c4b0d, server: None, raw: .. }
Reserved ticket 606 for customer 04e8e71e-839f-43ff-8c7c-994cee9c4b0d
Server 799bb1b2-bd8f-49e2-81f8-f7237f0eb223 received client-request: Request { kind: ReserveTicket, customer: 3701023b-fd32-4266-9473-d7940b37216f, server: None, raw: .. }
Reserved ticket 605 for customer 3701023b-fd32-4266-9473-d7940b37216f
Server 799bb1b2-bd8f-49e2-81f8-f7237f0eb223 received client-request: Request { kind: ReserveTicket, customer: 282d85e6-3643-489f-b0a7-eba1c4b9169d, server: None, raw: .. }
Reserved ticket 604 for customer 282d85e6-3643-489f-b0a7-eba1c4b9169d
Server 799bb1b2-bd8f-49e2-81f8-f7237f0eb223 received client-request: Request { kind: ReserveTicket, customer: edd4ce7d-6362-4827-993f-34a67f1f4c9c, server: None, raw: .. }
Reserved ticket 603 for customer edd4ce7d-6362-4827-993f-34a67f1f4c9c
Server 799bb1b2-bd8f-49e2-81f8-f7237f0eb223 received client-request: Request { kind: ReserveTicket, customer: 5f7e1f18-634e-4f7e-abd3-315a4217f236, server: None, raw: .. }
Reserved ticket 602 for customer 5f7e1f18-634e-4f7e-abd3-315a4217f236
Server 799bb1b2-bd8f-49e2-81f8-f7237f0eb223 received client-request: Request { kind: ReserveTicket, customer: 53652503-3d19-43ca-8fb9-eeabe03c9ec8, server: None, raw: .. }
Reserved ticket 601 for customer 53652503-3d19-43ca-8fb9-eeabe03c9ec8
Server 799bb1b2-bd8f-49e2-81f8-f7237f0eb223 received client-request: Request { kind: ReserveTicket, customer: 69ab0694-84ca-4366-8c80-bc60d4230e86, server: None, raw: .. }
Reserved ticket 600 for customer 69ab0694-84ca-4366-8c80-bc60d4230e86
Server 799bb1b2-bd8f-49e2-81f8-f7237f0eb223 received client-request: Request { kind: ReserveTicket, customer: e7aa26b2-80d4-46c5-b3c2-d09a35630f58, server: None, raw: .. }
Reserved ticket 599 for customer e7aa26b2-80d4-46c5-b3c2-d09a35630f58
Server 799bb1b2-bd8f-49e2-81f8-f7237f0eb223 received client-request: Request { kind: ReserveTicket, customer: 7b6a5b22-071e-4481-b79d-6ea27eda1284, server: None, raw: .. }
Reserved ticket 598 for customer 7b6a5b22-071e-4481-b79d-6ea27eda1284
Server 799bb1b2-bd8f-49e2-81f8-f7237f0eb223 received client-request: Request { kind: ReserveTicket, customer: 585e6526-2394-4b2b-bb02-d18b9fb6a3f1, server: None, raw: .. }
Reserved ticket 597 for customer 585e6526-2394-4b2b-bb02-d18b9fb6a3f1
Server 799bb1b2-bd8f-49e2-81f8-f7237f0eb223 received client-request: Request { kind: ReserveTicket, customer: 0704f245-32a5-46fe-ac22-137e3ed8cda6, server: None, raw: .. }
Reserved ticket 596 for customer 0704f245-32a5-46fe-ac22-137e3ed8cda6
Server 799bb1b2-bd8f-49e2-81f8-f7237f0eb223 received client-request: Request { kind: ReserveTicket, customer: d188b01e-293b-406c-8930-a6b1a5a26595, server: None, raw: .. }
Reserved ticket 595 for customer d188b01e-293b-406c-8930-a6b1a5a26595
Server 799bb1b2-bd8f-49e2-81f8-f7237f0eb223 received client-request: Request { kind: ReserveTicket, customer: b27e64c4-7d17-4010-ae69-abb47cd47406, server: None, raw: .. }
Reserved ticket 594 for customer b27e64c4-7d17-4010-ae69-abb47cd47406
Server 799bb1b2-bd8f-49e2-81f8-f7237f0eb223 received client-request: Request { kind: ReserveTicket, customer: a0aad614-a46b-4387-9e0c-627a0f85dc0a, server: None, raw: .. }
Reserved ticket 593 for customer a0aad614-a46b-4387-9e0c-627a0f85dc0a
Server 799bb1b2-bd8f-49e2-81f8-f7237f0eb223 received client-request: Request { kind: ReserveTicket, customer: 518e0f0e-4a56-43fd-b68c-a1413dc06ca5, server: None, raw: .. }
Reserved ticket 592 for customer 518e0f0e-4a56-43fd-b68c-a1413dc06ca5
Server 799bb1b2-bd8f-49e2-81f8-f7237f0eb223 received client-request: Request { kind: ReserveTicket, customer: 4a355ff5-bd82-40aa-a764-3dedd04259a2, server: None, raw: .. }
Reserved ticket 591 for customer 4a355ff5-bd82-40aa-a764-3dedd04259a2
Server 799bb1b2-bd8f-49e2-81f8-f7237f0eb223 received client-request: Request { kind: ReserveTicket, customer: 0956f865-5b91-4fdd-b9c0-2d3733cfd16b, server: None, raw: .. }
Reserved ticket 590 for customer 0956f865-5b91-4fdd-b9c0-2d3733cfd16b
Server 65a51e17-fff5-4036-8b94-6db5de4d28d8 received client-request: Request { kind: ReserveTicket, customer: dd1a23c5-9443-4276-bc68-e1a98e6e426b, server: None, raw: .. }
Reserved ticket 589 for customer dd1a23c5-9443-4276-bc68-e1a98e6e426b
Server 799bb1b2-bd8f-49e2-81f8-f7237f0eb223 received client-request: Request { kind: ReserveTicket, customer: a701f48c-a942-43b4-ab9c-5dda41d446bf, server: None, raw: .. }
Reserved ticket 588 for customer a701f48c-a942-43b4-ab9c-5dda41d446bf
Server 799bb1b2-bd8f-49e2-81f8-f7237f0eb223 received client-request: Request { kind: ReserveTicket, customer: e3faa25e-073b-4934-952f-39409caac507, server: None, raw: .. }
Reserved ticket 587 for customer e3faa25e-073b-4934-952f-39409caac507
Server 799bb1b2-bd8f-49e2-81f8-f7237f0eb223 received client-request: Request { kind: ReserveTicket, customer: 1b88789f-676d-415c-92bf-a12be51e58da, server: None, raw: .. }
Reserved ticket 586 for customer 1b88789f-676d-415c-92bf-a12be51e58da
Server 799bb1b2-bd8f-49e2-81f8-f7237f0eb223 received client-request: Request { kind: ReserveTicket, customer: 46b10315-bd8f-46ce-be69-611ec86e147d, server: None, raw: .. }
Reserved ticket 585 for customer 46b10315-bd8f-46ce-be69-611ec86e147d
Server 799bb1b2-bd8f-49e2-81f8-f7237f0eb223 received client-request: Request { kind: ReserveTicket, customer: bee0a2f6-0049-4f5e-a378-59ccbd3b9fba, server: None, raw: .. }
Reserved ticket 584 for customer bee0a2f6-0049-4f5e-a378-59ccbd3b9fba
Server 799bb1b2-bd8f-49e2-81f8-f7237f0eb223 received client-request: Request { kind: ReserveTicket, customer: c81eb5e9-d2c5-4669-a041-f2d5ee4934ec, server: None, raw: .. }
Reserved ticket 583 for customer c81eb5e9-d2c5-4669-a041-f2d5ee4934ec
Server 799bb1b2-bd8f-49e2-81f8-f7237f0eb223 received client-request: Request { kind: ReserveTicket, customer: 5b89f103-14de-4647-aed2-084f14836c9d, server: None, raw: .. }
Reserved ticket 582 for customer 5b89f103-14de-4647-aed2-084f14836c9d
Server 799bb1b2-bd8f-49e2-81f8-f7237f0eb223 received client-request: Request { kind: ReserveTicket, customer: 4c533b40-65b6-4523-842f-087fd1e407ae, server: None, raw: .. }
Reserved ticket 581 for customer 4c533b40-65b6-4523-842f-087fd1e407ae
Server 799bb1b2-bd8f-49e2-81f8-f7237f0eb223 received client-request: Request { kind: ReserveTicket, customer: e6629409-44c6-48e6-b078-18cdf8446088, server: None, raw: .. }
Reserved ticket 580 for customer e6629409-44c6-48e6-b078-18cdf8446088
Server 799bb1b2-bd8f-49e2-81f8-f7237f0eb223 received client-request: Request { kind: ReserveTicket, customer: aa801452-3656-4928-a016-17a7d1dfb4f4, server: None, raw: .. }
Reserved ticket 579 for customer aa801452-3656-4928-a016-17a7d1dfb4f4
Server 799bb1b2-bd8f-49e2-81f8-f7237f0eb223 received client-request: Request { kind: ReserveTicket, customer: 2db589f6-e1d4-4b48-be0c-19741fd9a7a3, server: None, raw: .. }
Reserved ticket 578 for customer 2db589f6-e1d4-4b48-be0c-19741fd9a7a3
Server 799bb1b2-bd8f-49e2-81f8-f7237f0eb223 received client-request: Request { kind: ReserveTicket, customer: 2da3f6e1-3071-4500-a6b9-e2c729650690, server: None, raw: .. }
Reserved ticket 577 for customer 2da3f6e1-3071-4500-a6b9-e2c729650690
Server 799bb1b2-bd8f-49e2-81f8-f7237f0eb223 received client-request: Request { kind: ReserveTicket, customer: b7ef26f0-d22d-4c24-ae77-170d1409f71a, server: None, raw: .. }
Reserved ticket 576 for customer b7ef26f0-d22d-4c24-ae77-170d1409f71a
Server 799bb1b2-bd8f-49e2-81f8-f7237f0eb223 received client-request: Request { kind: ReserveTicket, customer: 236a8f32-7e02-4020-9431-0a79dcb2fd49, server: None, raw: .. }
Reserved ticket 575 for customer 236a8f32-7e02-4020-9431-0a79dcb2fd49
Server 799bb1b2-bd8f-49e2-81f8-f7237f0eb223 received client-request: Request { kind: ReserveTicket, customer: 8c4956ef-d20b-457e-a45f-e5969e5b1ad5, server: None, raw: .. }
Reserved ticket 574 for customer 8c4956ef-d20b-457e-a45f-e5969e5b1ad5
Server 799bb1b2-bd8f-49e2-81f8-f7237f0eb223 received client-request: Request { kind: ReserveTicket, customer: 648746a9-9012-41f1-9a17-2ae2cf3045ca, server: None, raw: .. }
Reserved ticket 573 for customer 648746a9-9012-41f1-9a17-2ae2cf3045ca
Server 799bb1b2-bd8f-49e2-81f8-f7237f0eb223 received client-request: Request { kind: ReserveTicket, customer: ede8cf03-1437-436f-a21d-5d70d05202d9, server: None, raw: .. }
Reserved ticket 572 for customer ede8cf03-1437-436f-a21d-5d70d05202d9
Server 799bb1b2-bd8f-49e2-81f8-f7237f0eb223 received client-request: Request { kind: ReserveTicket, customer: 32bca111-e945-4aea-b38a-7d11fb968f8d, server: None, raw: .. }
Reserved ticket 571 for customer 32bca111-e945-4aea-b38a-7d11fb968f8d
Server 799bb1b2-bd8f-49e2-81f8-f7237f0eb223 received client-request: Request { kind: ReserveTicket, customer: 0d35b162-6661-4134-962f-2a0990f322d4, server: None, raw: .. }
Reserved ticket 570 for customer 0d35b162-6661-4134-962f-2a0990f322d4
Server 65a51e17-fff5-4036-8b94-6db5de4d28d8 received client-request: Request { kind: ReserveTicket, customer: 8a82077d-c951-4254-a2d9-b02b08f6ade6, server: None, raw: .. }
Reserved ticket 569 for customer 8a82077d-c951-4254-a2d9-b02b08f6ade6
Server 799bb1b2-bd8f-49e2-81f8-f7237f0eb223 received client-request: Request { kind: ReserveTicket, customer: 3dd49c83-28a6-4e77-969b-bd21e9b588f3, server: None, raw: .. }
Reserved ticket 568 for customer 3dd49c83-28a6-4e77-969b-bd21e9b588f3
Server 799bb1b2-bd8f-49e2-81f8-f7237f0eb223 received client-request: Request { kind: ReserveTicket, customer: 3b33186e-25d9-4907-a110-dde85f0786cd, server: None, raw: .. }
Reserved ticket 567 for customer 3b33186e-25d9-4907-a110-dde85f0786cd
Server 799bb1b2-bd8f-49e2-81f8-f7237f0eb223 received client-request: Request { kind: ReserveTicket, customer: 2f8284f4-45c3-4a49-aff0-ce9a7471bd0f, server: None, raw: .. }
Reserved ticket 566 for customer 2f8284f4-45c3-4a49-aff0-ce9a7471bd0f
Server 799bb1b2-bd8f-49e2-81f8-f7237f0eb223 received client-request: Request { kind: ReserveTicket, customer: 43742573-614f-431a-979d-17c8e1ac8f89, server: None, raw: .. }
Reserved ticket 565 for customer 43742573-614f-431a-979d-17c8e1ac8f89
Server 799bb1b2-bd8f-49e2-81f8-f7237f0eb223 received client-request: Request { kind: ReserveTicket, customer: a781ee04-4451-41f7-a109-d55a20e9e883, server: None, raw: .. }
Reserved ticket 564 for customer a781ee04-4451-41f7-a109-d55a20e9e883
Server 799bb1b2-bd8f-49e2-81f8-f7237f0eb223 received client-request: Request { kind: ReserveTicket, customer: 6f648fcf-057f-4cdf-beab-ac62f017dcae, server: None, raw: .. }
Reserved ticket 563 for customer 6f648fcf-057f-4cdf-beab-ac62f017dcae
Server 799bb1b2-bd8f-49e2-81f8-f7237f0eb223 received client-request: Request { kind: ReserveTicket, customer: 75c8efd5-bd89-4e1f-8a07-590df9bd6873, server: None, raw: .. }
Reserved ticket 562 for customer 75c8efd5-bd89-4e1f-8a07-590df9bd6873
Server 799bb1b2-bd8f-49e2-81f8-f7237f0eb223 received client-request: Request { kind: ReserveTicket, customer: 0ebcdbd0-aaf2-4860-98d2-c939796ba556, server: None, raw: .. }
Reserved ticket 561 for customer 0ebcdbd0-aaf2-4860-98d2-c939796ba556
Server 799bb1b2-bd8f-49e2-81f8-f7237f0eb223 received client-request: Request { kind: ReserveTicket, customer: 4d8041ea-1450-4304-9b6d-9befb39d48a7, server: None, raw: .. }
Reserved ticket 560 for customer 4d8041ea-1450-4304-9b6d-9befb39d48a7
Server 799bb1b2-bd8f-49e2-81f8-f7237f0eb223 received client-request: Request { kind: ReserveTicket, customer: d01b8925-1496-444a-ba3a-a285d6b1d0e3, server: None, raw: .. }
Reserved ticket 559 for customer d01b8925-1496-444a-ba3a-a285d6b1d0e3
Server 799bb1b2-bd8f-49e2-81f8-f7237f0eb223 received client-request: Request { kind: ReserveTicket, customer: 53ff9d8a-074a-4d0d-a307-1a06bfe48d66, server: None, raw: .. }
Reserved ticket 558 for customer 53ff9d8a-074a-4d0d-a307-1a06bfe48d66
Server 799bb1b2-bd8f-49e2-81f8-f7237f0eb223 received client-request: Request { kind: ReserveTicket, customer: cc0d75d0-8e6b-4137-afb7-d7a78061f2b4, server: None, raw: .. }
Reserved ticket 557 for customer cc0d75d0-8e6b-4137-afb7-d7a78061f2b4
Server 799bb1b2-bd8f-49e2-81f8-f7237f0eb223 received client-request: Request { kind: ReserveTicket, customer: d6d56efb-f1ab-4b91-b9d7-28784a5d0a8f, server: None, raw: .. }
Reserved ticket 556 for customer d6d56efb-f1ab-4b91-b9d7-28784a5d0a8f
Server 799bb1b2-bd8f-49e2-81f8-f7237f0eb223 received client-request: Request { kind: ReserveTicket, customer: fd929b60-fc12-4ff5-9b3f-469ca0228b03, server: None, raw: .. }
Reserved ticket 555 for customer fd929b60-fc12-4ff5-9b3f-469ca0228b03
Server 799bb1b2-bd8f-49e2-81f8-f7237f0eb223 received client-request: Request { kind: ReserveTicket, customer: 6f2787ca-0c58-4349-8db4-677b66b0cc0c, server: None, raw: .. }
Reserved ticket 554 for customer 6f2787ca-0c58-4349-8db4-677b66b0cc0c
Server 799bb1b2-bd8f-49e2-81f8-f7237f0eb223 received client-request: Request { kind: ReserveTicket, customer: fec8f5a2-4d97-437a-8b4d-9c7161f492de, server: None, raw: .. }
Reserved ticket 553 for customer fec8f5a2-4d97-437a-8b4d-9c7161f492de
Server 799bb1b2-bd8f-49e2-81f8-f7237f0eb223 received client-request: Request { kind: ReserveTicket, customer: 93d50763-69ee-47c3-b662-29350bdde022, server: None, raw: .. }
Reserved ticket 552 for customer 93d50763-69ee-47c3-b662-29350bdde022
Server 799bb1b2-bd8f-49e2-81f8-f7237f0eb223 received client-request: Request { kind: ReserveTicket, customer: 43af504c-d720-49a5-97ca-514790d50d12, server: None, raw: .. }
Reserved ticket 551 for customer 43af504c-d720-49a5-97ca-514790d50d12
Server 799bb1b2-bd8f-49e2-81f8-f7237f0eb223 received client-request: Request { kind: ReserveTicket, customer: f4edc4da-70b9-4c56-9895-098e45778d81, server: None, raw: .. }
Reserved ticket 550 for customer f4edc4da-70b9-4c56-9895-098e45778d81
Server 65a51e17-fff5-4036-8b94-6db5de4d28d8 received client-request: Request { kind: ReserveTicket, customer: 70caf10b-d883-4b9b-a50d-bd445108aca1, server: None, raw: .. }
Reserved ticket 549 for customer 70caf10b-d883-4b9b-a50d-bd445108aca1
Server 799bb1b2-bd8f-49e2-81f8-f7237f0eb223 received client-request: Request { kind: ReserveTicket, customer: 9575dbaf-9b09-4aaf-b045-a9c1a883ca59, server: None, raw: .. }
Reserved ticket 548 for customer 9575dbaf-9b09-4aaf-b045-a9c1a883ca59
Server 799bb1b2-bd8f-49e2-81f8-f7237f0eb223 received client-request: Request { kind: ReserveTicket, customer: 14bdd3e4-2be6-460f-990d-497719632bc1, server: None, raw: .. }
Reserved ticket 547 for customer 14bdd3e4-2be6-460f-990d-497719632bc1
Server 799bb1b2-bd8f-49e2-81f8-f7237f0eb223 received client-request: Request { kind: ReserveTicket, customer: 6ff1160e-a9ad-4fcd-9962-8f0d30bc55cb, server: None, raw: .. }
Reserved ticket 546 for customer 6ff1160e-a9ad-4fcd-9962-8f0d30bc55cb
Server 799bb1b2-bd8f-49e2-81f8-f7237f0eb223 received client-request: Request { kind: ReserveTicket, customer: 4a2116db-128a-463f-bfea-a3c69ac48c76, server: None, raw: .. }
Reserved ticket 545 for customer 4a2116db-128a-463f-bfea-a3c69ac48c76
Server 799bb1b2-bd8f-49e2-81f8-f7237f0eb223 received client-request: Request { kind: ReserveTicket, customer: e32ae912-c917-44fd-910c-e14463002615, server: None, raw: .. }
Reserved ticket 544 for customer e32ae912-c917-44fd-910c-e14463002615
Server 799bb1b2-bd8f-49e2-81f8-f7237f0eb223 received client-request: Request { kind: ReserveTicket, customer: 382f0597-e237-49c7-bbb4-798032131136, server: None, raw: .. }
Reserved ticket 543 for customer 382f0597-e237-49c7-bbb4-798032131136
Server 799bb1b2-bd8f-49e2-81f8-f7237f0eb223 received client-request: Request { kind: ReserveTicket, customer: f0074f5e-7868-4bbb-9949-6d87601b708d, server: None, raw: .. }
Reserved ticket 542 for customer f0074f5e-7868-4bbb-9949-6d87601b708d
Server 799bb1b2-bd8f-49e2-81f8-f7237f0eb223 received client-request: Request { kind: ReserveTicket, customer: 2b1f2d61-f2be-4bba-bbd4-13e594767a00, server: None, raw: .. }
Reserved ticket 541 for customer 2b1f2d61-f2be-4bba-bbd4-13e594767a00
Server 799bb1b2-bd8f-49e2-81f8-f7237f0eb223 received client-request: Request { kind: ReserveTicket, customer: 28a5e493-8561-4a91-b308-ff52af73c24d, server: None, raw: .. }
Reserved ticket 540 for customer 28a5e493-8561-4a91-b308-ff52af73c24d
Server 799bb1b2-bd8f-49e2-81f8-f7237f0eb223 received client-request: Request { kind: ReserveTicket, customer: 2b7a68a8-f6ae-4edc-85c5-64c0e8b76960, server: None, raw: .. }
Reserved ticket 539 for customer 2b7a68a8-f6ae-4edc-85c5-64c0e8b76960
Server 799bb1b2-bd8f-49e2-81f8-f7237f0eb223 received client-request: Request { kind: ReserveTicket, customer: cbdd8f0b-1457-4dfd-baf7-4c30ea6a4457, server: None, raw: .. }
Reserved ticket 538 for customer cbdd8f0b-1457-4dfd-baf7-4c30ea6a4457
Server 799bb1b2-bd8f-49e2-81f8-f7237f0eb223 received client-request: Request { kind: ReserveTicket, customer: 3e5c42bd-37e0-4f37-aa9e-23dac1e53d53, server: None, raw: .. }
Reserved ticket 537 for customer 3e5c42bd-37e0-4f37-aa9e-23dac1e53d53
Server 799bb1b2-bd8f-49e2-81f8-f7237f0eb223 received client-request: Request { kind: ReserveTicket, customer: ddaf71d4-6c59-4ed6-b525-e39d85e04f13, server: None, raw: .. }
Reserved ticket 536 for customer ddaf71d4-6c59-4ed6-b525-e39d85e04f13
Server 799bb1b2-bd8f-49e2-81f8-f7237f0eb223 received client-request: Request { kind: ReserveTicket, customer: ed8cfd51-66f7-4d94-87c9-d5d959968036, server: None, raw: .. }
Reserved ticket 535 for customer ed8cfd51-66f7-4d94-87c9-d5d959968036
Server 799bb1b2-bd8f-49e2-81f8-f7237f0eb223 received client-request: Request { kind: ReserveTicket, customer: 0279c4f8-b1a2-4774-bf4e-da6288a039f7, server: None, raw: .. }
Reserved ticket 534 for customer 0279c4f8-b1a2-4774-bf4e-da6288a039f7
Server 799bb1b2-bd8f-49e2-81f8-f7237f0eb223 received client-request: Request { kind: ReserveTicket, customer: 48d01cd5-9d38-44d2-bf38-8b6d6519c232, server: None, raw: .. }
Reserved ticket 533 for customer 48d01cd5-9d38-44d2-bf38-8b6d6519c232
Server 799bb1b2-bd8f-49e2-81f8-f7237f0eb223 received client-request: Request { kind: ReserveTicket, customer: b387f0b5-156b-45c7-a686-f0367bf5bc41, server: None, raw: .. }
Reserved ticket 532 for customer b387f0b5-156b-45c7-a686-f0367bf5bc41
Server 799bb1b2-bd8f-49e2-81f8-f7237f0eb223 received client-request: Request { kind: ReserveTicket, customer: 42589dcf-97ea-41b8-96a5-3d376c8bc1a5, server: None, raw: .. }
Reserved ticket 531 for customer 42589dcf-97ea-41b8-96a5-3d376c8bc1a5
Server 799bb1b2-bd8f-49e2-81f8-f7237f0eb223 received client-request: Request { kind: ReserveTicket, customer: 5db7ce02-cf22-4328-82e8-2d16e6d2ed7e, server: None, raw: .. }
Reserved ticket 530 for customer 5db7ce02-cf22-4328-82e8-2d16e6d2ed7e
Server 65a51e17-fff5-4036-8b94-6db5de4d28d8 received client-request: Request { kind: ReserveTicket, customer: b8051be2-9564-4588-a968-6a7d374a0524, server: None, raw: .. }
Reserved ticket 529 for customer b8051be2-9564-4588-a968-6a7d374a0524
Server 799bb1b2-bd8f-49e2-81f8-f7237f0eb223 received client-request: Request { kind: ReserveTicket, customer: a79c70c8-efd9-408e-bd60-a4af13bed900, server: None, raw: .. }
Reserved ticket 528 for customer a79c70c8-efd9-408e-bd60-a4af13bed900
Server 799bb1b2-bd8f-49e2-81f8-f7237f0eb223 received client-request: Request { kind: ReserveTicket, customer: 44227a45-4fdc-47c4-97db-fec6877e77bc, server: None, raw: .. }
Reserved ticket 527 for customer 44227a45-4fdc-47c4-97db-fec6877e77bc
Server 799bb1b2-bd8f-49e2-81f8-f7237f0eb223 received client-request: Request { kind: ReserveTicket, customer: b33284c8-7074-49db-bd80-1cdc1285f11e, server: None, raw: .. }
Reserved ticket 526 for customer b33284c8-7074-49db-bd80-1cdc1285f11e
Server 799bb1b2-bd8f-49e2-81f8-f7237f0eb223 received client-request: Request { kind: ReserveTicket, customer: 06a3803d-ee5e-47fe-bf22-75e1f6200213, server: None, raw: .. }
Reserved ticket 525 for customer 06a3803d-ee5e-47fe-bf22-75e1f6200213
Server 799bb1b2-bd8f-49e2-81f8-f7237f0eb223 received client-request: Request { kind: ReserveTicket, customer: 0bbe8d1d-2486-449a-a371-79561730f75f, server: None, raw: .. }
Reserved ticket 524 for customer 0bbe8d1d-2486-449a-a371-79561730f75f
Server 799bb1b2-bd8f-49e2-81f8-f7237f0eb223 received client-request: Request { kind: ReserveTicket, customer: 3af972e7-e5a5-43db-86a4-3c9603629e5a, server: None, raw: .. }
Reserved ticket 523 for customer 3af972e7-e5a5-43db-86a4-3c9603629e5a
Server 799bb1b2-bd8f-49e2-81f8-f7237f0eb223 received client-request: Request { kind: ReserveTicket, customer: 0e39b525-cae2-4714-a138-298fa53f43ca, server: None, raw: .. }
Reserved ticket 522 for customer 0e39b525-cae2-4714-a138-298fa53f43ca
Server 799bb1b2-bd8f-49e2-81f8-f7237f0eb223 received client-request: Request { kind: ReserveTicket, customer: a9ace4bc-9c01-4686-8c85-fde0f9548594, server: None, raw: .. }
Reserved ticket 521 for customer a9ace4bc-9c01-4686-8c85-fde0f9548594
Server 799bb1b2-bd8f-49e2-81f8-f7237f0eb223 received client-request: Request { kind: ReserveTicket, customer: 02e70320-52d1-44e3-ac81-7923c67d8c86, server: None, raw: .. }
Reserved ticket 520 for customer 02e70320-52d1-44e3-ac81-7923c67d8c86
Server 799bb1b2-bd8f-49e2-81f8-f7237f0eb223 received client-request: Request { kind: ReserveTicket, customer: 28501548-7672-4910-8852-d519e2c2825f, server: None, raw: .. }
Reserved ticket 519 for customer 28501548-7672-4910-8852-d519e2c2825f
Server 799bb1b2-bd8f-49e2-81f8-f7237f0eb223 received client-request: Request { kind: ReserveTicket, customer: 56d2a711-b8bb-4769-8e7a-e78c3e33b14f, server: None, raw: .. }
Reserved ticket 518 for customer 56d2a711-b8bb-4769-8e7a-e78c3e33b14f
Server 799bb1b2-bd8f-49e2-81f8-f7237f0eb223 received client-request: Request { kind: ReserveTicket, customer: 9d98da22-e14d-40fa-8ef6-c5fd57bfe211, server: None, raw: .. }
Reserved ticket 517 for customer 9d98da22-e14d-40fa-8ef6-c5fd57bfe211
Server 799bb1b2-bd8f-49e2-81f8-f7237f0eb223 received client-request: Request { kind: ReserveTicket, customer: 02c65d56-81a3-44a0-b519-9c2a0026d4c9, server: None, raw: .. }
Reserved ticket 516 for customer 02c65d56-81a3-44a0-b519-9c2a0026d4c9
Server 799bb1b2-bd8f-49e2-81f8-f7237f0eb223 received client-request: Request { kind: ReserveTicket, customer: 31cc92fb-ca5a-4928-ac42-a01eb5477afb, server: None, raw: .. }
Reserved ticket 515 for customer 31cc92fb-ca5a-4928-ac42-a01eb5477afb
Server 799bb1b2-bd8f-49e2-81f8-f7237f0eb223 received client-request: Request { kind: ReserveTicket, customer: 215e343a-433b-4e89-bded-e195e2c14392, server: None, raw: .. }
Reserved ticket 514 for customer 215e343a-433b-4e89-bded-e195e2c14392
Server 799bb1b2-bd8f-49e2-81f8-f7237f0eb223 received client-request: Request { kind: ReserveTicket, customer: 4cf92483-71ea-4a53-bec5-242f6b9d6a72, server: None, raw: .. }
Reserved ticket 513 for customer 4cf92483-71ea-4a53-bec5-242f6b9d6a72
Server 799bb1b2-bd8f-49e2-81f8-f7237f0eb223 received client-request: Request { kind: ReserveTicket, customer: 20b493ec-fc91-4c72-9f6c-42981651b392, server: None, raw: .. }
Reserved ticket 512 for customer 20b493ec-fc91-4c72-9f6c-42981651b392
Server 799bb1b2-bd8f-49e2-81f8-f7237f0eb223 received client-request: Request { kind: ReserveTicket, customer: 25a5332d-9dce-4919-9719-f90d042dd12e, server: None, raw: .. }
Reserved ticket 511 for customer 25a5332d-9dce-4919-9719-f90d042dd12e
Server 799bb1b2-bd8f-49e2-81f8-f7237f0eb223 received client-request: Request { kind: ReserveTicket, customer: b97636a1-119e-4215-a509-6b4aa618a8dd, server: None, raw: .. }
Reserved ticket 510 for customer b97636a1-119e-4215-a509-6b4aa618a8dd
Server 65a51e17-fff5-4036-8b94-6db5de4d28d8 received client-request: Request { kind: ReserveTicket, customer: 83e4b6df-81fd-40e3-8e26-fd93b4638e41, server: None, raw: .. }
Reserved ticket 509 for customer 83e4b6df-81fd-40e3-8e26-fd93b4638e41
Server 799bb1b2-bd8f-49e2-81f8-f7237f0eb223 received client-request: Request { kind: ReserveTicket, customer: 3cebb029-a528-4b59-895c-70a15806a6d7, server: None, raw: .. }
Reserved ticket 508 for customer 3cebb029-a528-4b59-895c-70a15806a6d7
Server 799bb1b2-bd8f-49e2-81f8-f7237f0eb223 received client-request: Request { kind: ReserveTicket, customer: fb83d55d-7de5-425d-a80e-2f07f0bb5ecf, server: None, raw: .. }
Reserved ticket 507 for customer fb83d55d-7de5-425d-a80e-2f07f0bb5ecf
Server 799bb1b2-bd8f-49e2-81f8-f7237f0eb223 received client-request: Request { kind: ReserveTicket, customer: 9d2620c6-09a3-404b-9f77-5963e79716d8, server: None, raw: .. }
Reserved ticket 506 for customer 9d2620c6-09a3-404b-9f77-5963e79716d8
Server 799bb1b2-bd8f-49e2-81f8-f7237f0eb223 received client-request: Request { kind: ReserveTicket, customer: adaf3db8-3a84-46f5-a877-539ac9678733, server: None, raw: .. }
Reserved ticket 505 for customer adaf3db8-3a84-46f5-a877-539ac9678733
Server 799bb1b2-bd8f-49e2-81f8-f7237f0eb223 received client-request: Request { kind: ReserveTicket, customer: 3c813e7c-64f8-4b11-a163-142d0deb1165, server: None, raw: .. }
Reserved ticket 504 for customer 3c813e7c-64f8-4b11-a163-142d0deb1165
Server 799bb1b2-bd8f-49e2-81f8-f7237f0eb223 received client-request: Request { kind: ReserveTicket, customer: aefbb311-f875-49c8-a07c-20c84269d6ff, server: None, raw: .. }
Reserved ticket 503 for customer aefbb311-f875-49c8-a07c-20c84269d6ff
Server 799bb1b2-bd8f-49e2-81f8-f7237f0eb223 received client-request: Request { kind: ReserveTicket, customer: 2d471a4c-5494-4b65-b2e4-d3e05464489f, server: None, raw: .. }
Reserved ticket 502 for customer 2d471a4c-5494-4b65-b2e4-d3e05464489f
Server 799bb1b2-bd8f-49e2-81f8-f7237f0eb223 received client-request: Request { kind: ReserveTicket, customer: 083b8f5f-4c04-4631-8af6-ff5df95b89d6, server: None, raw: .. }
Reserved ticket 501 for customer 083b8f5f-4c04-4631-8af6-ff5df95b89d6
Server 799bb1b2-bd8f-49e2-81f8-f7237f0eb223 received client-request: Request { kind: ReserveTicket, customer: 220873aa-6e57-4d8d-a48b-f68f0e0b289c, server: None, raw: .. }
Reserved ticket 500 for customer 220873aa-6e57-4d8d-a48b-f68f0e0b289c
Server 799bb1b2-bd8f-49e2-81f8-f7237f0eb223 received client-request: Request { kind: ReserveTicket, customer: 2593d200-98a4-4e97-861e-48082ec47ecb, server: None, raw: .. }
Reserved ticket 499 for customer 2593d200-98a4-4e97-861e-48082ec47ecb
Server 799bb1b2-bd8f-49e2-81f8-f7237f0eb223 received client-request: Request { kind: ReserveTicket, customer: 1850336e-6138-42bc-9c1f-17459eb273bf, server: None, raw: .. }
Reserved ticket 498 for customer 1850336e-6138-42bc-9c1f-17459eb273bf
Server 799bb1b2-bd8f-49e2-81f8-f7237f0eb223 received client-request: Request { kind: ReserveTicket, customer: 0cd5e69e-8dc9-41c7-8056-4cbcb90883b7, server: None, raw: .. }
Reserved ticket 497 for customer 0cd5e69e-8dc9-41c7-8056-4cbcb90883b7
Server 799bb1b2-bd8f-49e2-81f8-f7237f0eb223 received client-request: Request { kind: ReserveTicket, customer: e0fea52e-f60c-4d83-b7ca-7abc6d44ffb4, server: None, raw: .. }
Reserved ticket 496 for customer e0fea52e-f60c-4d83-b7ca-7abc6d44ffb4
Server 799bb1b2-bd8f-49e2-81f8-f7237f0eb223 received client-request: Request { kind: ReserveTicket, customer: 54d3d168-abcc-46a7-8549-5b4bc850fabc, server: None, raw: .. }
Reserved ticket 495 for customer 54d3d168-abcc-46a7-8549-5b4bc850fabc
Server 799bb1b2-bd8f-49e2-81f8-f7237f0eb223 received client-request: Request { kind: ReserveTicket, customer: c7c2e16c-5d09-4fe6-b527-467028d06858, server: None, raw: .. }
Reserved ticket 494 for customer c7c2e16c-5d09-4fe6-b527-467028d06858
Server 799bb1b2-bd8f-49e2-81f8-f7237f0eb223 received client-request: Request { kind: ReserveTicket, customer: b00786c3-f6aa-4b14-a9bb-8d6b0e15d684, server: None, raw: .. }
Reserved ticket 493 for customer b00786c3-f6aa-4b14-a9bb-8d6b0e15d684
Server 799bb1b2-bd8f-49e2-81f8-f7237f0eb223 received client-request: Request { kind: ReserveTicket, customer: 70a2dea8-333f-4589-99a2-42b77a9809fa, server: None, raw: .. }
Reserved ticket 492 for customer 70a2dea8-333f-4589-99a2-42b77a9809fa
Server 799bb1b2-bd8f-49e2-81f8-f7237f0eb223 received client-request: Request { kind: ReserveTicket, customer: bb596abd-00eb-4e3c-97e6-ca7754094a0f, server: None, raw: .. }
Reserved ticket 491 for customer bb596abd-00eb-4e3c-97e6-ca7754094a0f
Server 799bb1b2-bd8f-49e2-81f8-f7237f0eb223 received client-request: Request { kind: ReserveTicket, customer: 97ef24aa-dcd2-4706-b9ee-e69f51140520, server: None, raw: .. }
Reserved ticket 490 for customer 97ef24aa-dcd2-4706-b9ee-e69f51140520
Server 65a51e17-fff5-4036-8b94-6db5de4d28d8 received client-request: Request { kind: ReserveTicket, customer: c49eda7b-4d59-477c-b003-d28d97b0ede4, server: None, raw: .. }
Reserved ticket 489 for customer c49eda7b-4d59-477c-b003-d28d97b0ede4
Server 799bb1b2-bd8f-49e2-81f8-f7237f0eb223 received client-request: Request { kind: ReserveTicket, customer: 0d122aa9-5ebe-4296-8457-2a4fd580aee7, server: None, raw: .. }
Reserved ticket 488 for customer 0d122aa9-5ebe-4296-8457-2a4fd580aee7
Server 799bb1b2-bd8f-49e2-81f8-f7237f0eb223 received client-request: Request { kind: ReserveTicket, customer: 181b8150-7624-4aa1-98a9-48abcdd699e1, server: None, raw: .. }
Reserved ticket 487 for customer 181b8150-7624-4aa1-98a9-48abcdd699e1
Server 799bb1b2-bd8f-49e2-81f8-f7237f0eb223 received client-request: Request { kind: ReserveTicket, customer: 3a4d4b90-7d9e-4b73-84b9-28ccfde14ef8, server: None, raw: .. }
Reserved ticket 486 for customer 3a4d4b90-7d9e-4b73-84b9-28ccfde14ef8
Server 799bb1b2-bd8f-49e2-81f8-f7237f0eb223 received client-request: Request { kind: ReserveTicket, customer: 6da0c8dd-c277-45de-baf0-95e408962509, server: None, raw: .. }
Reserved ticket 485 for customer 6da0c8dd-c277-45de-baf0-95e408962509
Server 799bb1b2-bd8f-49e2-81f8-f7237f0eb223 received client-request: Request { kind: ReserveTicket, customer: 8ab93c5f-3999-4ed8-9c0c-5a0d52a10341, server: None, raw: .. }
Reserved ticket 484 for customer 8ab93c5f-3999-4ed8-9c0c-5a0d52a10341
Server 799bb1b2-bd8f-49e2-81f8-f7237f0eb223 received client-request: Request { kind: ReserveTicket, customer: e16257ff-4c94-4cca-8855-2599cd09c26d, server: None, raw: .. }
Reserved ticket 483 for customer e16257ff-4c94-4cca-8855-2599cd09c26d
Server 799bb1b2-bd8f-49e2-81f8-f7237f0eb223 received client-request: Request { kind: ReserveTicket, customer: c70e6c9e-1aaf-421c-8075-b509c303343e, server: None, raw: .. }
Reserved ticket 482 for customer c70e6c9e-1aaf-421c-8075-b509c303343e
Server 799bb1b2-bd8f-49e2-81f8-f7237f0eb223 received client-request: Request { kind: ReserveTicket, customer: d43c452f-9576-4c5c-89af-c6e76a218969, server: None, raw: .. }
Reserved ticket 481 for customer d43c452f-9576-4c5c-89af-c6e76a218969
Server 799bb1b2-bd8f-49e2-81f8-f7237f0eb223 received client-request: Request { kind: ReserveTicket, customer: 28aae24d-74e2-4f12-aacf-42aed083474d, server: None, raw: .. }
Reserved ticket 480 for customer 28aae24d-74e2-4f12-aacf-42aed083474d
Server 799bb1b2-bd8f-49e2-81f8-f7237f0eb223 received client-request: Request { kind: ReserveTicket, customer: 4b2286a2-7389-4ae9-a78b-4d347ea516b8, server: None, raw: .. }
Reserved ticket 479 for customer 4b2286a2-7389-4ae9-a78b-4d347ea516b8
Server 799bb1b2-bd8f-49e2-81f8-f7237f0eb223 received client-request: Request { kind: ReserveTicket, customer: f4789f10-1ce1-446d-8305-1a16c48be5ac, server: None, raw: .. }
Reserved ticket 478 for customer f4789f10-1ce1-446d-8305-1a16c48be5ac
Server 799bb1b2-bd8f-49e2-81f8-f7237f0eb223 received client-request: Request { kind: ReserveTicket, customer: fa4e0228-66fc-4a71-884f-f6be0827976a, server: None, raw: .. }
Reserved ticket 477 for customer fa4e0228-66fc-4a71-884f-f6be0827976a
Server 799bb1b2-bd8f-49e2-81f8-f7237f0eb223 received client-request: Request { kind: ReserveTicket, customer: ebd896c9-7b54-4a61-9f1e-2dffeb74d231, server: None, raw: .. }
Reserved ticket 476 for customer ebd896c9-7b54-4a61-9f1e-2dffeb74d231
Server 799bb1b2-bd8f-49e2-81f8-f7237f0eb223 received client-request: Request { kind: ReserveTicket, customer: d546d995-be2f-4a7e-85db-c9244204d16f, server: None, raw: .. }
Reserved ticket 475 for customer d546d995-be2f-4a7e-85db-c9244204d16f
Server 799bb1b2-bd8f-49e2-81f8-f7237f0eb223 received client-request: Request { kind: ReserveTicket, customer: 8745ad9e-cdb8-4e5a-839e-16b3216616cf, server: None, raw: .. }
Reserved ticket 474 for customer 8745ad9e-cdb8-4e5a-839e-16b3216616cf
Server 799bb1b2-bd8f-49e2-81f8-f7237f0eb223 received client-request: Request { kind: ReserveTicket, customer: 05bf8670-20cb-450b-a4c6-b04c96795217, server: None, raw: .. }
Reserved ticket 473 for customer 05bf8670-20cb-450b-a4c6-b04c96795217
Server 799bb1b2-bd8f-49e2-81f8-f7237f0eb223 received client-request: Request { kind: ReserveTicket, customer: 47f55d7a-fb85-41c0-97c6-dc5cde101ad2, server: None, raw: .. }
Reserved ticket 472 for customer 47f55d7a-fb85-41c0-97c6-dc5cde101ad2
Server 799bb1b2-bd8f-49e2-81f8-f7237f0eb223 received client-request: Request { kind: ReserveTicket, customer: 02c106a3-3e2e-45e1-a182-9a2570117528, server: None, raw: .. }
Reserved ticket 471 for customer 02c106a3-3e2e-45e1-a182-9a2570117528
Server 799bb1b2-bd8f-49e2-81f8-f7237f0eb223 received client-request: Request { kind: ReserveTicket, customer: 74d50f7d-dcd8-433e-a0be-f466710b69b8, server: None, raw: .. }
Reserved ticket 470 for customer 74d50f7d-dcd8-433e-a0be-f466710b69b8
Server 65a51e17-fff5-4036-8b94-6db5de4d28d8 received client-request: Request { kind: ReserveTicket, customer: bb17441f-d485-4e3e-bbea-073bbb0325b9, server: None, raw: .. }
Reserved ticket 469 for customer bb17441f-d485-4e3e-bbea-073bbb0325b9
Server 799bb1b2-bd8f-49e2-81f8-f7237f0eb223 received client-request: Request { kind: ReserveTicket, customer: 32e5c4df-abc5-48a7-9e71-b6ccbf2ead66, server: None, raw: .. }
Reserved ticket 468 for customer 32e5c4df-abc5-48a7-9e71-b6ccbf2ead66
Server 799bb1b2-bd8f-49e2-81f8-f7237f0eb223 received client-request: Request { kind: ReserveTicket, customer: 040cbf22-712f-48a8-a334-efd8e80cb530, server: None, raw: .. }
Reserved ticket 467 for customer 040cbf22-712f-48a8-a334-efd8e80cb530
Server 799bb1b2-bd8f-49e2-81f8-f7237f0eb223 received client-request: Request { kind: ReserveTicket, customer: 3fcb8ca5-b2db-4376-b0db-d8d0fe9a9928, server: None, raw: .. }
Reserved ticket 466 for customer 3fcb8ca5-b2db-4376-b0db-d8d0fe9a9928
Server 799bb1b2-bd8f-49e2-81f8-f7237f0eb223 received client-request: Request { kind: ReserveTicket, customer: c48c7679-813b-4c9f-b700-51315b8dc852, server: None, raw: .. }
Reserved ticket 465 for customer c48c7679-813b-4c9f-b700-51315b8dc852
Server 799bb1b2-bd8f-49e2-81f8-f7237f0eb223 received client-request: Request { kind: ReserveTicket, customer: c405676a-c3a7-4b5e-9441-fd1de0286447, server: None, raw: .. }
Reserved ticket 464 for customer c405676a-c3a7-4b5e-9441-fd1de0286447
Server 799bb1b2-bd8f-49e2-81f8-f7237f0eb223 received client-request: Request { kind: ReserveTicket, customer: 63c2cec0-491b-4bfe-ac4f-48000c56ee68, server: None, raw: .. }
Reserved ticket 463 for customer 63c2cec0-491b-4bfe-ac4f-48000c56ee68
Server 799bb1b2-bd8f-49e2-81f8-f7237f0eb223 received client-request: Request { kind: ReserveTicket, customer: 430deceb-a718-447c-9797-10439d957227, server: None, raw: .. }
Reserved ticket 462 for customer 430deceb-a718-447c-9797-10439d957227
Server 799bb1b2-bd8f-49e2-81f8-f7237f0eb223 received client-request: Request { kind: ReserveTicket, customer: 6d17f2dd-d396-4f7e-b59c-c7eb40196ddc, server: None, raw: .. }
Reserved ticket 461 for customer 6d17f2dd-d396-4f7e-b59c-c7eb40196ddc
Server 799bb1b2-bd8f-49e2-81f8-f7237f0eb223 received client-request: Request { kind: ReserveTicket, customer: cb0b7b1e-542b-49f0-87b1-ff163f6a8a9e, server: None, raw: .. }
Reserved ticket 460 for customer cb0b7b1e-542b-49f0-87b1-ff163f6a8a9e
Server 799bb1b2-bd8f-49e2-81f8-f7237f0eb223 received client-request: Request { kind: ReserveTicket, customer: a179f05d-f610-4e23-8cc4-bf81b8af8051, server: None, raw: .. }
Reserved ticket 459 for customer a179f05d-f610-4e23-8cc4-bf81b8af8051
Server 799bb1b2-bd8f-49e2-81f8-f7237f0eb223 received client-request: Request { kind: ReserveTicket, customer: 76ed0977-d9dd-4aaf-9170-54c720abcc03, server: None, raw: .. }
Reserved ticket 458 for customer 76ed0977-d9dd-4aaf-9170-54c720abcc03
Server 799bb1b2-bd8f-49e2-81f8-f7237f0eb223 received client-request: Request { kind: ReserveTicket, customer: 6377f6cf-8349-4d32-9fd6-0c3791ddff36, server: None, raw: .. }
Reserved ticket 457 for customer 6377f6cf-8349-4d32-9fd6-0c3791ddff36
Server 799bb1b2-bd8f-49e2-81f8-f7237f0eb223 received client-request: Request { kind: ReserveTicket, customer: 8c26f405-7497-44f8-bbfa-d31f02f4240f, server: None, raw: .. }
Reserved ticket 456 for customer 8c26f405-7497-44f8-bbfa-d31f02f4240f
Server 799bb1b2-bd8f-49e2-81f8-f7237f0eb223 received client-request: Request { kind: ReserveTicket, customer: 483b43b5-482f-499d-bc3b-82b41ead3a93, server: None, raw: .. }
Reserved ticket 455 for customer 483b43b5-482f-499d-bc3b-82b41ead3a93
Server 799bb1b2-bd8f-49e2-81f8-f7237f0eb223 received client-request: Request { kind: ReserveTicket, customer: bac98ccd-d987-401e-9f2e-b88b69b99fab, server: None, raw: .. }
Reserved ticket 454 for customer bac98ccd-d987-401e-9f2e-b88b69b99fab
Server 799bb1b2-bd8f-49e2-81f8-f7237f0eb223 received client-request: Request { kind: ReserveTicket, customer: 918dcbb4-7b18-4726-a102-cd6a88a158bc, server: None, raw: .. }
Reserved ticket 453 for customer 918dcbb4-7b18-4726-a102-cd6a88a158bc
Server 799bb1b2-bd8f-49e2-81f8-f7237f0eb223 received client-request: Request { kind: ReserveTicket, customer: 6c77d077-6308-47f8-9a20-c7a4a98a8373, server: None, raw: .. }
Reserved ticket 452 for customer 6c77d077-6308-47f8-9a20-c7a4a98a8373
Server 799bb1b2-bd8f-49e2-81f8-f7237f0eb223 received client-request: Request { kind: ReserveTicket, customer: 3d570121-970b-4a1c-b170-2436060cd87f, server: None, raw: .. }
Reserved ticket 451 for customer 3d570121-970b-4a1c-b170-2436060cd87f
Server 799bb1b2-bd8f-49e2-81f8-f7237f0eb223 received client-request: Request { kind: ReserveTicket, customer: a80693cf-da00-4bcd-bcc1-b9bd646c1427, server: None, raw: .. }
Reserved ticket 450 for customer a80693cf-da00-4bcd-bcc1-b9bd646c1427
Server 65a51e17-fff5-4036-8b94-6db5de4d28d8 received client-request: Request { kind: ReserveTicket, customer: a2de8960-d5c2-4b9a-ba4e-d685e81a93bf, server: None, raw: .. }
Reserved ticket 449 for customer a2de8960-d5c2-4b9a-ba4e-d685e81a93bf
Server 799bb1b2-bd8f-49e2-81f8-f7237f0eb223 received client-request: Request { kind: ReserveTicket, customer: afeab1d1-312f-4004-9c2c-59f44b36edf3, server: None, raw: .. }
Reserved ticket 448 for customer afeab1d1-312f-4004-9c2c-59f44b36edf3
Server 799bb1b2-bd8f-49e2-81f8-f7237f0eb223 received client-request: Request { kind: ReserveTicket, customer: 232bb6b8-7b2a-48d2-871a-95e07deb6f24, server: None, raw: .. }
Reserved ticket 447 for customer 232bb6b8-7b2a-48d2-871a-95e07deb6f24
Server 799bb1b2-bd8f-49e2-81f8-f7237f0eb223 received client-request: Request { kind: ReserveTicket, customer: 028dbf29-ead9-42c6-863f-9488a93459a8, server: None, raw: .. }
Reserved ticket 446 for customer 028dbf29-ead9-42c6-863f-9488a93459a8
Server 799bb1b2-bd8f-49e2-81f8-f7237f0eb223 received client-request: Request { kind: ReserveTicket, customer: 6cdd8579-b952-4072-87db-e33e0d2413b8, server: None, raw: .. }
Reserved ticket 445 for customer 6cdd8579-b952-4072-87db-e33e0d2413b8
Server 799bb1b2-bd8f-49e2-81f8-f7237f0eb223 received client-request: Request { kind: ReserveTicket, customer: 0de23ed0-662e-43d5-bf2b-bd615714e9cf, server: None, raw: .. }
Reserved ticket 444 for customer 0de23ed0-662e-43d5-bf2b-bd615714e9cf
Server 799bb1b2-bd8f-49e2-81f8-f7237f0eb223 received client-request: Request { kind: ReserveTicket, customer: c2646210-173d-4ca2-a5a7-5eea86c077b6, server: None, raw: .. }
Reserved ticket 443 for customer c2646210-173d-4ca2-a5a7-5eea86c077b6
Server 799bb1b2-bd8f-49e2-81f8-f7237f0eb223 received client-request: Request { kind: ReserveTicket, customer: 85ce96cc-55d9-4133-b15a-cfa01be53c51, server: None, raw: .. }
Reserved ticket 442 for customer 85ce96cc-55d9-4133-b15a-cfa01be53c51
Server 799bb1b2-bd8f-49e2-81f8-f7237f0eb223 received client-request: Request { kind: ReserveTicket, customer: 714e449e-a78b-46f6-a138-6d8f915bc924, server: None, raw: .. }
Reserved ticket 441 for customer 714e449e-a78b-46f6-a138-6d8f915bc924
Server 799bb1b2-bd8f-49e2-81f8-f7237f0eb223 received client-request: Request { kind: ReserveTicket, customer: 1ded813f-9fb7-4706-b2b1-a12ce450dbb5, server: None, raw: .. }
Reserved ticket 440 for customer 1ded813f-9fb7-4706-b2b1-a12ce450dbb5
Server 799bb1b2-bd8f-49e2-81f8-f7237f0eb223 received client-request: Request { kind: ReserveTicket, customer: 351be83b-c182-44f5-bfd9-1e45f97b269c, server: None, raw: .. }
Reserved ticket 439 for customer 351be83b-c182-44f5-bfd9-1e45f97b269c
Server 799bb1b2-bd8f-49e2-81f8-f7237f0eb223 received client-request: Request { kind: ReserveTicket, customer: cc68fc8a-3c3e-486c-a421-2e6b50a0dac7, server: None, raw: .. }
Reserved ticket 438 for customer cc68fc8a-3c3e-486c-a421-2e6b50a0dac7
Server 799bb1b2-bd8f-49e2-81f8-f7237f0eb223 received client-request: Request { kind: ReserveTicket, customer: 9aaa1abe-b963-4f3d-b611-9ae55854d040, server: None, raw: .. }
Reserved ticket 437 for customer 9aaa1abe-b963-4f3d-b611-9ae55854d040
Server 799bb1b2-bd8f-49e2-81f8-f7237f0eb223 received client-request: Request { kind: ReserveTicket, customer: 1407ae3f-ac70-4236-8a4c-d338a140af4c, server: None, raw: .. }
Reserved ticket 436 for customer 1407ae3f-ac70-4236-8a4c-d338a140af4c
Server 799bb1b2-bd8f-49e2-81f8-f7237f0eb223 received client-request: Request { kind: ReserveTicket, customer: 2584205a-4d15-4311-a656-55689eded1d2, server: None, raw: .. }
Reserved ticket 435 for customer 2584205a-4d15-4311-a656-55689eded1d2
Server 799bb1b2-bd8f-49e2-81f8-f7237f0eb223 received client-request: Request { kind: ReserveTicket, customer: 70a8e4e4-b7ab-492c-a562-386bfd898a20, server: None, raw: .. }
Reserved ticket 434 for customer 70a8e4e4-b7ab-492c-a562-386bfd898a20
Server 799bb1b2-bd8f-49e2-81f8-f7237f0eb223 received client-request: Request { kind: ReserveTicket, customer: 3882c0c8-1365-49d1-9561-c86f39e3f237, server: None, raw: .. }
Reserved ticket 433 for customer 3882c0c8-1365-49d1-9561-c86f39e3f237
Server 799bb1b2-bd8f-49e2-81f8-f7237f0eb223 received client-request: Request { kind: ReserveTicket, customer: 052787a5-bbfd-4f9f-bd1b-856100153b51, server: None, raw: .. }
Reserved ticket 432 for customer 052787a5-bbfd-4f9f-bd1b-856100153b51
Server 799bb1b2-bd8f-49e2-81f8-f7237f0eb223 received client-request: Request { kind: ReserveTicket, customer: 0861ff7c-de4e-43b2-9e7c-a6996e57667f, server: None, raw: .. }
Reserved ticket 431 for customer 0861ff7c-de4e-43b2-9e7c-a6996e57667f
Server 799bb1b2-bd8f-49e2-81f8-f7237f0eb223 received client-request: Request { kind: ReserveTicket, customer: 6a9c9593-68da-4e68-b92c-f9a500aac8da, server: None, raw: .. }
Reserved ticket 430 for customer 6a9c9593-68da-4e68-b92c-f9a500aac8da
Server 65a51e17-fff5-4036-8b94-6db5de4d28d8 received client-request: Request { kind: ReserveTicket, customer: 989d6d20-f8e4-47ee-bd94-ea680e7afc91, server: None, raw: .. }
Reserved ticket 429 for customer 989d6d20-f8e4-47ee-bd94-ea680e7afc91
Server 799bb1b2-bd8f-49e2-81f8-f7237f0eb223 received client-request: Request { kind: ReserveTicket, customer: a61d48eb-bc29-430f-b9f8-7b5e9683de42, server: None, raw: .. }
Reserved ticket 428 for customer a61d48eb-bc29-430f-b9f8-7b5e9683de42
Server 799bb1b2-bd8f-49e2-81f8-f7237f0eb223 received client-request: Request { kind: ReserveTicket, customer: 179d4fa9-5ea4-4b00-ae1b-c14d58846df3, server: None, raw: .. }
Reserved ticket 427 for customer 179d4fa9-5ea4-4b00-ae1b-c14d58846df3
Server 799bb1b2-bd8f-49e2-81f8-f7237f0eb223 received client-request: Request { kind: ReserveTicket, customer: 282dd35b-f1fe-43c9-9a3e-7a584924e51f, server: None, raw: .. }
Reserved ticket 426 for customer 282dd35b-f1fe-43c9-9a3e-7a584924e51f
Server 799bb1b2-bd8f-49e2-81f8-f7237f0eb223 received client-request: Request { kind: ReserveTicket, customer: 7b76ae87-726e-409d-b747-f0a665e58c98, server: None, raw: .. }
Reserved ticket 425 for customer 7b76ae87-726e-409d-b747-f0a665e58c98
Server 799bb1b2-bd8f-49e2-81f8-f7237f0eb223 received client-request: Request { kind: ReserveTicket, customer: 686be975-c145-4940-8b7a-c71c7bf5a8cd, server: None, raw: .. }
Reserved ticket 424 for customer 686be975-c145-4940-8b7a-c71c7bf5a8cd
Server 799bb1b2-bd8f-49e2-81f8-f7237f0eb223 received client-request: Request { kind: ReserveTicket, customer: 4ca0f71b-049e-4dfd-9b2e-32e9ead10c82, server: None, raw: .. }
Reserved ticket 423 for customer 4ca0f71b-049e-4dfd-9b2e-32e9ead10c82
Server 799bb1b2-bd8f-49e2-81f8-f7237f0eb223 received client-request: Request { kind: ReserveTicket, customer: dcb4130d-2257-4ef0-a80c-1a1f65c38040, server: None, raw: .. }
Reserved ticket 422 for customer dcb4130d-2257-4ef0-a80c-1a1f65c38040
Server 799bb1b2-bd8f-49e2-81f8-f7237f0eb223 received client-request: Request { kind: ReserveTicket, customer: 459d13b2-c953-4f68-be45-f54d9e2c1c9c, server: None, raw: .. }
Reserved ticket 421 for customer 459d13b2-c953-4f68-be45-f54d9e2c1c9c
Server 799bb1b2-bd8f-49e2-81f8-f7237f0eb223 received client-request: Request { kind: ReserveTicket, customer: 4675da9c-5de7-479b-874f-58bb40db0a18, server: None, raw: .. }
Reserved ticket 420 for customer 4675da9c-5de7-479b-874f-58bb40db0a18
Server 799bb1b2-bd8f-49e2-81f8-f7237f0eb223 received client-request: Request { kind: ReserveTicket, customer: 0faec6df-0881-4402-95f9-c08f53cea75d, server: None, raw: .. }
Reserved ticket 419 for customer 0faec6df-0881-4402-95f9-c08f53cea75d
Server 799bb1b2-bd8f-49e2-81f8-f7237f0eb223 received client-request: Request { kind: ReserveTicket, customer: fa75aada-f26f-460a-abbe-4f62d818ff39, server: None, raw: .. }
Reserved ticket 418 for customer fa75aada-f26f-460a-abbe-4f62d818ff39
Server 799bb1b2-bd8f-49e2-81f8-f7237f0eb223 received client-request: Request { kind: ReserveTicket, customer: f0f0c642-ea85-4e1b-a01e-04898535a2ea, server: None, raw: .. }
Reserved ticket 417 for customer f0f0c642-ea85-4e1b-a01e-04898535a2ea
Server 799bb1b2-bd8f-49e2-81f8-f7237f0eb223 received client-request: Request { kind: ReserveTicket, customer: 5034a8fa-b1d6-4d45-98ed-4932c59a68c3, server: None, raw: .. }
Reserved ticket 416 for customer 5034a8fa-b1d6-4d45-98ed-4932c59a68c3
Server 799bb1b2-bd8f-49e2-81f8-f7237f0eb223 received client-request: Request { kind: ReserveTicket, customer: 4731c357-059c-469b-9a23-03a4964ec34a, server: None, raw: .. }
Reserved ticket 415 for customer 4731c357-059c-469b-9a23-03a4964ec34a
Server 799bb1b2-bd8f-49e2-81f8-f7237f0eb223 received client-request: Request { kind: ReserveTicket, customer: 690eca58-d8f7-49e3-9860-fdee992d75bb, server: None, raw: .. }
Reserved ticket 414 for customer 690eca58-d8f7-49e3-9860-fdee992d75bb
Server 799bb1b2-bd8f-49e2-81f8-f7237f0eb223 received client-request: Request { kind: ReserveTicket, customer: 6972500a-591f-4de0-9a3b-266ba3aa867e, server: None, raw: .. }
Reserved ticket 413 for customer 6972500a-591f-4de0-9a3b-266ba3aa867e
Server 799bb1b2-bd8f-49e2-81f8-f7237f0eb223 received client-request: Request { kind: ReserveTicket, customer: 3b24ae4f-4217-456e-b7e0-174d1c160c72, server: None, raw: .. }
Reserved ticket 412 for customer 3b24ae4f-4217-456e-b7e0-174d1c160c72
Server 799bb1b2-bd8f-49e2-81f8-f7237f0eb223 received client-request: Request { kind: ReserveTicket, customer: 9b8ec494-2d78-4b28-a741-8bd95d9e19fa, server: None, raw: .. }
Reserved ticket 411 for customer 9b8ec494-2d78-4b28-a741-8bd95d9e19fa
Server 799bb1b2-bd8f-49e2-81f8-f7237f0eb223 received client-request: Request { kind: ReserveTicket, customer: c779af86-7538-41ed-b714-49d04024cf8a, server: None, raw: .. }
Reserved ticket 410 for customer c779af86-7538-41ed-b714-49d04024cf8a
Server 65a51e17-fff5-4036-8b94-6db5de4d28d8 received client-request: Request { kind: ReserveTicket, customer: 2946a9b2-c233-4669-b439-d07511decc35, server: None, raw: .. }
Reserved ticket 409 for customer 2946a9b2-c233-4669-b439-d07511decc35
Server 799bb1b2-bd8f-49e2-81f8-f7237f0eb223 received client-request: Request { kind: ReserveTicket, customer: 1e2a5521-ce90-46dc-ac87-11e039f6453b, server: None, raw: .. }
Reserved ticket 408 for customer 1e2a5521-ce90-46dc-ac87-11e039f6453b
Server 799bb1b2-bd8f-49e2-81f8-f7237f0eb223 received client-request: Request { kind: ReserveTicket, customer: 6b7d8a56-f562-4099-a0d7-803a0d6a2885, server: None, raw: .. }
Reserved ticket 407 for customer 6b7d8a56-f562-4099-a0d7-803a0d6a2885
Server 799bb1b2-bd8f-49e2-81f8-f7237f0eb223 received client-request: Request { kind: ReserveTicket, customer: 8b458d5a-17df-455f-b3f0-2e9192d0e4c6, server: None, raw: .. }
Reserved ticket 406 for customer 8b458d5a-17df-455f-b3f0-2e9192d0e4c6
Server 799bb1b2-bd8f-49e2-81f8-f7237f0eb223 received client-request: Request { kind: ReserveTicket, customer: 95bf0dad-4e64-43cf-ba1b-b4e751c7d435, server: None, raw: .. }
Reserved ticket 405 for customer 95bf0dad-4e64-43cf-ba1b-b4e751c7d435
Server 799bb1b2-bd8f-49e2-81f8-f7237f0eb223 received client-request: Request { kind: ReserveTicket, customer: 517c926d-fd33-464d-bd53-310c79d970aa, server: None, raw: .. }
Reserved ticket 404 for customer 517c926d-fd33-464d-bd53-310c79d970aa
Server 799bb1b2-bd8f-49e2-81f8-f7237f0eb223 received client-request: Request { kind: ReserveTicket, customer: 9274728e-8830-43dd-bb3b-d388ff7860ea, server: None, raw: .. }
Reserved ticket 403 for customer 9274728e-8830-43dd-bb3b-d388ff7860ea
Server 799bb1b2-bd8f-49e2-81f8-f7237f0eb223 received client-request: Request { kind: ReserveTicket, customer: c11689e2-1406-49f8-8219-7b8e9a08b031, server: None, raw: .. }
Reserved ticket 402 for customer c11689e2-1406-49f8-8219-7b8e9a08b031
Server 799bb1b2-bd8f-49e2-81f8-f7237f0eb223 received client-request: Request { kind: ReserveTicket, customer: c9aa1247-b9c9-48c2-a744-c33563aa3805, server: None, raw: .. }
Reserved ticket 401 for customer c9aa1247-b9c9-48c2-a744-c33563aa3805
Server 799bb1b2-bd8f-49e2-81f8-f7237f0eb223 received client-request: Request { kind: ReserveTicket, customer: e1aeb5c0-fe9e-48dd-8a5f-d7a22a13e6bb, server: None, raw: .. }
Reserved ticket 400 for customer e1aeb5c0-fe9e-48dd-8a5f-d7a22a13e6bb
Server 799bb1b2-bd8f-49e2-81f8-f7237f0eb223 received client-request: Request { kind: ReserveTicket, customer: 7be44dde-a33a-4c03-8e45-f09dad6dc74a, server: None, raw: .. }
Reserved ticket 399 for customer 7be44dde-a33a-4c03-8e45-f09dad6dc74a
Server 799bb1b2-bd8f-49e2-81f8-f7237f0eb223 received client-request: Request { kind: ReserveTicket, customer: 4ba1d188-70f3-478b-8c99-2c3e00661ed7, server: None, raw: .. }
Reserved ticket 398 for customer 4ba1d188-70f3-478b-8c99-2c3e00661ed7
Server 799bb1b2-bd8f-49e2-81f8-f7237f0eb223 received client-request: Request { kind: ReserveTicket, customer: b55c60bd-08aa-4ff3-9464-916567e42745, server: None, raw: .. }
Reserved ticket 397 for customer b55c60bd-08aa-4ff3-9464-916567e42745
Server 799bb1b2-bd8f-49e2-81f8-f7237f0eb223 received client-request: Request { kind: ReserveTicket, customer: 2709e8af-9729-48e8-9ced-da2c6a8aafa0, server: None, raw: .. }
Reserved ticket 396 for customer 2709e8af-9729-48e8-9ced-da2c6a8aafa0
Server 799bb1b2-bd8f-49e2-81f8-f7237f0eb223 received client-request: Request { kind: ReserveTicket, customer: d5f65143-af5c-490d-989d-e2cf3bbeecef, server: None, raw: .. }
Reserved ticket 395 for customer d5f65143-af5c-490d-989d-e2cf3bbeecef
Server 799bb1b2-bd8f-49e2-81f8-f7237f0eb223 received client-request: Request { kind: ReserveTicket, customer: 67455adb-6e04-49f3-8fe4-c2ef9c7506d0, server: None, raw: .. }
Reserved ticket 394 for customer 67455adb-6e04-49f3-8fe4-c2ef9c7506d0
Server 799bb1b2-bd8f-49e2-81f8-f7237f0eb223 received client-request: Request { kind: ReserveTicket, customer: 42dafaf4-9901-4bcc-a89f-d440b142ae8d, server: None, raw: .. }
Reserved ticket 393 for customer 42dafaf4-9901-4bcc-a89f-d440b142ae8d
Server 799bb1b2-bd8f-49e2-81f8-f7237f0eb223 received client-request: Request { kind: ReserveTicket, customer: e000c826-2347-426b-a9f7-82e0be58e57f, server: None, raw: .. }
Reserved ticket 392 for customer e000c826-2347-426b-a9f7-82e0be58e57f
Server 799bb1b2-bd8f-49e2-81f8-f7237f0eb223 received client-request: Request { kind: ReserveTicket, customer: eddab201-85c3-49a0-a3f6-98061172181a, server: None, raw: .. }
Reserved ticket 391 for customer eddab201-85c3-49a0-a3f6-98061172181a
Server 799bb1b2-bd8f-49e2-81f8-f7237f0eb223 received client-request: Request { kind: ReserveTicket, customer: 955e8ca1-6d24-42ec-a4ae-c6d4619c2a25, server: None, raw: .. }
Reserved ticket 390 for customer 955e8ca1-6d24-42ec-a4ae-c6d4619c2a25
Server 65a51e17-fff5-4036-8b94-6db5de4d28d8 received client-request: Request { kind: ReserveTicket, customer: ed7b4696-da3d-4af3-b006-020c63b62aea, server: None, raw: .. }
Reserved ticket 389 for customer ed7b4696-da3d-4af3-b006-020c63b62aea
Server 799bb1b2-bd8f-49e2-81f8-f7237f0eb223 received client-request: Request { kind: ReserveTicket, customer: 32161295-16c3-481a-91ad-8488bd0103ca, server: None, raw: .. }
Reserved ticket 388 for customer 32161295-16c3-481a-91ad-8488bd0103ca
Server 799bb1b2-bd8f-49e2-81f8-f7237f0eb223 received client-request: Request { kind: ReserveTicket, customer: 9c45b50e-dd77-41d0-a9c4-df5d7ebe6455, server: None, raw: .. }
Reserved ticket 387 for customer 9c45b50e-dd77-41d0-a9c4-df5d7ebe6455
Server 799bb1b2-bd8f-49e2-81f8-f7237f0eb223 received client-request: Request { kind: ReserveTicket, customer: c06f6106-90b6-4d09-a008-0ea693bfd067, server: None, raw: .. }
Reserved ticket 386 for customer c06f6106-90b6-4d09-a008-0ea693bfd067
Server 799bb1b2-bd8f-49e2-81f8-f7237f0eb223 received client-request: Request { kind: ReserveTicket, customer: ba0ae326-5b1f-4ade-b86f-347b57986f75, server: None, raw: .. }
Reserved ticket 385 for customer ba0ae326-5b1f-4ade-b86f-347b57986f75
Server 799bb1b2-bd8f-49e2-81f8-f7237f0eb223 received client-request: Request { kind: ReserveTicket, customer: 8f47caab-8b32-4cbd-8d33-f81f8e25d06b, server: None, raw: .. }
Reserved ticket 384 for customer 8f47caab-8b32-4cbd-8d33-f81f8e25d06b
Server 799bb1b2-bd8f-49e2-81f8-f7237f0eb223 received client-request: Request { kind: ReserveTicket, customer: 0135852a-b431-4139-bcb6-8e9b5ee76ae8, server: None, raw: .. }
Reserved ticket 383 for customer 0135852a-b431-4139-bcb6-8e9b5ee76ae8
Server 799bb1b2-bd8f-49e2-81f8-f7237f0eb223 received client-request: Request { kind: ReserveTicket, customer: 7ec4b309-59bd-4f7e-9538-700cd41a5081, server: None, raw: .. }
Reserved ticket 382 for customer 7ec4b309-59bd-4f7e-9538-700cd41a5081
Server 799bb1b2-bd8f-49e2-81f8-f7237f0eb223 received client-request: Request { kind: ReserveTicket, customer: c4809acf-01e4-4040-a120-5767d1f82e3e, server: None, raw: .. }
Reserved ticket 381 for customer c4809acf-01e4-4040-a120-5767d1f82e3e
Server 799bb1b2-bd8f-49e2-81f8-f7237f0eb223 received client-request: Request { kind: ReserveTicket, customer: fe5ad1c0-e94a-4a6d-9885-92d49e572066, server: None, raw: .. }
Reserved ticket 380 for customer fe5ad1c0-e94a-4a6d-9885-92d49e572066
Server 799bb1b2-bd8f-49e2-81f8-f7237f0eb223 received client-request: Request { kind: ReserveTicket, customer: ac5ac6b1-7a90-4712-945a-6781f7ce3b53, server: None, raw: .. }
Reserved ticket 379 for customer ac5ac6b1-7a90-4712-945a-6781f7ce3b53
Server 799bb1b2-bd8f-49e2-81f8-f7237f0eb223 received client-request: Request { kind: ReserveTicket, customer: 99bbd4f7-57d6-43e6-9eeb-a1de50f85f8b, server: None, raw: .. }
Reserved ticket 378 for customer 99bbd4f7-57d6-43e6-9eeb-a1de50f85f8b
Server 799bb1b2-bd8f-49e2-81f8-f7237f0eb223 received client-request: Request { kind: ReserveTicket, customer: 2a6da3c3-ce76-4c64-bc85-a04fd9052a4d, server: None, raw: .. }
Reserved ticket 377 for customer 2a6da3c3-ce76-4c64-bc85-a04fd9052a4d
Server 799bb1b2-bd8f-49e2-81f8-f7237f0eb223 received client-request: Request { kind: ReserveTicket, customer: 92d52cdc-d001-417d-b08f-e9c2c9553c74, server: None, raw: .. }
Reserved ticket 376 for customer 92d52cdc-d001-417d-b08f-e9c2c9553c74
Server 799bb1b2-bd8f-49e2-81f8-f7237f0eb223 received client-request: Request { kind: ReserveTicket, customer: 24ee1ebc-ce5c-44e7-b843-5704fef39558, server: None, raw: .. }
Reserved ticket 375 for customer 24ee1ebc-ce5c-44e7-b843-5704fef39558
Server 799bb1b2-bd8f-49e2-81f8-f7237f0eb223 received client-request: Request { kind: ReserveTicket, customer: 3e3862e7-38c4-42be-a198-1655744bb454, server: None, raw: .. }
Reserved ticket 374 for customer 3e3862e7-38c4-42be-a198-1655744bb454
Server 799bb1b2-bd8f-49e2-81f8-f7237f0eb223 received client-request: Request { kind: ReserveTicket, customer: 804aa482-1ad9-4c17-be2e-722beadf0443, server: None, raw: .. }
Reserved ticket 373 for customer 804aa482-1ad9-4c17-be2e-722beadf0443
Server 799bb1b2-bd8f-49e2-81f8-f7237f0eb223 received client-request: Request { kind: ReserveTicket, customer: 2008e715-1acf-4a42-b583-5ca749b9f807, server: None, raw: .. }
Reserved ticket 372 for customer 2008e715-1acf-4a42-b583-5ca749b9f807
Server 799bb1b2-bd8f-49e2-81f8-f7237f0eb223 received client-request: Request { kind: ReserveTicket, customer: ff38567f-a95f-4ab0-8308-fa3e4be2dc05, server: None, raw: .. }
Reserved ticket 371 for customer ff38567f-a95f-4ab0-8308-fa3e4be2dc05
Server 799bb1b2-bd8f-49e2-81f8-f7237f0eb223 received client-request: Request { kind: ReserveTicket, customer: 837606f6-dbdc-471f-a7af-e669a367e685, server: None, raw: .. }
Reserved ticket 370 for customer 837606f6-dbdc-471f-a7af-e669a367e685
Server 65a51e17-fff5-4036-8b94-6db5de4d28d8 received client-request: Request { kind: ReserveTicket, customer: 30e40b46-d505-49ba-b109-e762b35f776f, server: None, raw: .. }
Reserved ticket 369 for customer 30e40b46-d505-49ba-b109-e762b35f776f
Server 799bb1b2-bd8f-49e2-81f8-f7237f0eb223 received client-request: Request { kind: ReserveTicket, customer: 38cd4be3-8598-42c7-ab54-4c099ae38d00, server: None, raw: .. }
Reserved ticket 368 for customer 38cd4be3-8598-42c7-ab54-4c099ae38d00
Server 799bb1b2-bd8f-49e2-81f8-f7237f0eb223 received client-request: Request { kind: ReserveTicket, customer: b9669491-4deb-40eb-aa67-79ba35a52232, server: None, raw: .. }
Reserved ticket 367 for customer b9669491-4deb-40eb-aa67-79ba35a52232
Server 799bb1b2-bd8f-49e2-81f8-f7237f0eb223 received client-request: Request { kind: ReserveTicket, customer: 72661a7a-bd0f-4199-9b43-070def988cfa, server: None, raw: .. }
Reserved ticket 366 for customer 72661a7a-bd0f-4199-9b43-070def988cfa
Server 799bb1b2-bd8f-49e2-81f8-f7237f0eb223 received client-request: Request { kind: ReserveTicket, customer: 207da9e3-d62a-4d44-bc59-0d41563ca256, server: None, raw: .. }
Reserved ticket 365 for customer 207da9e3-d62a-4d44-bc59-0d41563ca256
Server 799bb1b2-bd8f-49e2-81f8-f7237f0eb223 received client-request: Request { kind: ReserveTicket, customer: 41c10aef-4049-4d10-b9d2-37922fcbefff, server: None, raw: .. }
Reserved ticket 364 for customer 41c10aef-4049-4d10-b9d2-37922fcbefff
Server 799bb1b2-bd8f-49e2-81f8-f7237f0eb223 received client-request: Request { kind: ReserveTicket, customer: 3d94d476-77ab-4423-8325-e10d643f5aef, server: None, raw: .. }
Reserved ticket 363 for customer 3d94d476-77ab-4423-8325-e10d643f5aef
Server 799bb1b2-bd8f-49e2-81f8-f7237f0eb223 received client-request: Request { kind: ReserveTicket, customer: 193091d2-5c13-4299-b45b-66f30fc21328, server: None, raw: .. }
Reserved ticket 362 for customer 193091d2-5c13-4299-b45b-66f30fc21328
Server 799bb1b2-bd8f-49e2-81f8-f7237f0eb223 received client-request: Request { kind: ReserveTicket, customer: 04931ca9-dba4-4b25-b889-79107cf82d75, server: None, raw: .. }
Reserved ticket 361 for customer 04931ca9-dba4-4b25-b889-79107cf82d75
Server 799bb1b2-bd8f-49e2-81f8-f7237f0eb223 received client-request: Request { kind: ReserveTicket, customer: 32990075-b2fa-4817-b482-5095df4b8bdf, server: None, raw: .. }
Reserved ticket 360 for customer 32990075-b2fa-4817-b482-5095df4b8bdf
Server 799bb1b2-bd8f-49e2-81f8-f7237f0eb223 received client-request: Request { kind: ReserveTicket, customer: 3acc210b-5405-48c7-8801-21cf6d62bdfb, server: None, raw: .. }
Reserved ticket 359 for customer 3acc210b-5405-48c7-8801-21cf6d62bdfb
Server 799bb1b2-bd8f-49e2-81f8-f7237f0eb223 received client-request: Request { kind: ReserveTicket, customer: e550ab03-8d48-44f5-9f39-b41d6b147dce, server: None, raw: .. }
Reserved ticket 358 for customer e550ab03-8d48-44f5-9f39-b41d6b147dce
Server 799bb1b2-bd8f-49e2-81f8-f7237f0eb223 received client-request: Request { kind: ReserveTicket, customer: 0c8c971a-db57-43dc-b20e-e59168f3bf4b, server: None, raw: .. }
Reserved ticket 357 for customer 0c8c971a-db57-43dc-b20e-e59168f3bf4b
Server 799bb1b2-bd8f-49e2-81f8-f7237f0eb223 received client-request: Request { kind: ReserveTicket, customer: f0449688-3ac2-416b-8e4b-402ebc9b6cec, server: None, raw: .. }
Reserved ticket 356 for customer f0449688-3ac2-416b-8e4b-402ebc9b6cec
Server 799bb1b2-bd8f-49e2-81f8-f7237f0eb223 received client-request: Request { kind: ReserveTicket, customer: 313ef700-1c9a-42a3-86c4-3b606f08dcea, server: None, raw: .. }
Reserved ticket 355 for customer 313ef700-1c9a-42a3-86c4-3b606f08dcea
Server 799bb1b2-bd8f-49e2-81f8-f7237f0eb223 received client-request: Request { kind: ReserveTicket, customer: e54e0b85-3140-4299-b233-b4c97709c76c, server: None, raw: .. }
Reserved ticket 354 for customer e54e0b85-3140-4299-b233-b4c97709c76c
Server 799bb1b2-bd8f-49e2-81f8-f7237f0eb223 received client-request: Request { kind: ReserveTicket, customer: 56b476e2-58b2-48a6-b5de-6529cc4b46dd, server: None, raw: .. }
Reserved ticket 353 for customer 56b476e2-58b2-48a6-b5de-6529cc4b46dd
Server 799bb1b2-bd8f-49e2-81f8-f7237f0eb223 received client-request: Request { kind: ReserveTicket, customer: 1dc7311e-df86-4ce7-9c1b-eb39bb53cfbd, server: None, raw: .. }
Reserved ticket 352 for customer 1dc7311e-df86-4ce7-9c1b-eb39bb53cfbd
Server 799bb1b2-bd8f-49e2-81f8-f7237f0eb223 received client-request: Request { kind: ReserveTicket, customer: 79a7520d-1782-457e-8af6-ee8e2432e7ed, server: None, raw: .. }
Reserved ticket 351 for customer 79a7520d-1782-457e-8af6-ee8e2432e7ed
Server 799bb1b2-bd8f-49e2-81f8-f7237f0eb223 received client-request: Request { kind: ReserveTicket, customer: 7bf9bbb2-7bb1-4a30-b1b9-a09bb703a458, server: None, raw: .. }
Reserved ticket 350 for customer 7bf9bbb2-7bb1-4a30-b1b9-a09bb703a458
Server 65a51e17-fff5-4036-8b94-6db5de4d28d8 received client-request: Request { kind: ReserveTicket, customer: 6a07b679-f4c5-4334-a6bb-a6efb1fd04f2, server: None, raw: .. }
Reserved ticket 349 for customer 6a07b679-f4c5-4334-a6bb-a6efb1fd04f2
Server 799bb1b2-bd8f-49e2-81f8-f7237f0eb223 received client-request: Request { kind: ReserveTicket, customer: 4e7b92a7-97a7-48b9-b0d4-eda29814daa7, server: None, raw: .. }
Reserved ticket 348 for customer 4e7b92a7-97a7-48b9-b0d4-eda29814daa7
Server 799bb1b2-bd8f-49e2-81f8-f7237f0eb223 received client-request: Request { kind: ReserveTicket, customer: 8bafaf21-6487-44d5-8acd-0fd6e1f3b130, server: None, raw: .. }
Reserved ticket 347 for customer 8bafaf21-6487-44d5-8acd-0fd6e1f3b130
Server 799bb1b2-bd8f-49e2-81f8-f7237f0eb223 received client-request: Request { kind: ReserveTicket, customer: f2d4c4c2-16f4-461e-a92c-b0c03d178c57, server: None, raw: .. }
Reserved ticket 346 for customer f2d4c4c2-16f4-461e-a92c-b0c03d178c57
Server 799bb1b2-bd8f-49e2-81f8-f7237f0eb223 received client-request: Request { kind: ReserveTicket, customer: 43f202b7-28a2-4b72-8e37-ded2557d2d42, server: None, raw: .. }
Reserved ticket 345 for customer 43f202b7-28a2-4b72-8e37-ded2557d2d42
Server 799bb1b2-bd8f-49e2-81f8-f7237f0eb223 received client-request: Request { kind: ReserveTicket, customer: d6cedbf2-4e4b-45fa-b1c5-ab2fa05bea41, server: None, raw: .. }
Reserved ticket 344 for customer d6cedbf2-4e4b-45fa-b1c5-ab2fa05bea41
Server 799bb1b2-bd8f-49e2-81f8-f7237f0eb223 received client-request: Request { kind: ReserveTicket, customer: 2ce047ce-ed7a-448d-bbb9-984e4a7c9063, server: None, raw: .. }
Reserved ticket 343 for customer 2ce047ce-ed7a-448d-bbb9-984e4a7c9063
Server 799bb1b2-bd8f-49e2-81f8-f7237f0eb223 received client-request: Request { kind: ReserveTicket, customer: a6231c7e-f5bc-4be1-8ba5-83811ae70920, server: None, raw: .. }
Reserved ticket 342 for customer a6231c7e-f5bc-4be1-8ba5-83811ae70920
Server 799bb1b2-bd8f-49e2-81f8-f7237f0eb223 received client-request: Request { kind: ReserveTicket, customer: 31c54db2-f7f6-44ce-be45-5e61fd758bba, server: None, raw: .. }
Reserved ticket 341 for customer 31c54db2-f7f6-44ce-be45-5e61fd758bba
Server 799bb1b2-bd8f-49e2-81f8-f7237f0eb223 received client-request: Request { kind: ReserveTicket, customer: 398db693-06ef-472f-aead-67e4be3ceadc, server: None, raw: .. }
Reserved ticket 340 for customer 398db693-06ef-472f-aead-67e4be3ceadc
Server 799bb1b2-bd8f-49e2-81f8-f7237f0eb223 received client-request: Request { kind: ReserveTicket, customer: 6dfa7082-1986-480f-83f4-d9c3dfa384ae, server: None, raw: .. }
Reserved ticket 339 for customer 6dfa7082-1986-480f-83f4-d9c3dfa384ae
Server 799bb1b2-bd8f-49e2-81f8-f7237f0eb223 received client-request: Request { kind: ReserveTicket, customer: 37908ae1-295e-4ce0-bc0d-e88056af1edd, server: None, raw: .. }
Reserved ticket 338 for customer 37908ae1-295e-4ce0-bc0d-e88056af1edd
Server 799bb1b2-bd8f-49e2-81f8-f7237f0eb223 received client-request: Request { kind: ReserveTicket, customer: b259df8e-cea9-47f4-97e0-aff84c0a1620, server: None, raw: .. }
Reserved ticket 337 for customer b259df8e-cea9-47f4-97e0-aff84c0a1620
Server 799bb1b2-bd8f-49e2-81f8-f7237f0eb223 received client-request: Request { kind: ReserveTicket, customer: 3d2f5ee6-bb05-42a1-b926-eda27f8eb6bd, server: None, raw: .. }
Reserved ticket 336 for customer 3d2f5ee6-bb05-42a1-b926-eda27f8eb6bd
Server 799bb1b2-bd8f-49e2-81f8-f7237f0eb223 received client-request: Request { kind: ReserveTicket, customer: 27fa8a23-ca1c-4ee9-a549-d34d45113bb5, server: None, raw: .. }
Reserved ticket 335 for customer 27fa8a23-ca1c-4ee9-a549-d34d45113bb5
Server 799bb1b2-bd8f-49e2-81f8-f7237f0eb223 received client-request: Request { kind: ReserveTicket, customer: b84f2ce3-6c6f-43ed-9bb0-9346fd86412c, server: None, raw: .. }
Reserved ticket 334 for customer b84f2ce3-6c6f-43ed-9bb0-9346fd86412c
Server 799bb1b2-bd8f-49e2-81f8-f7237f0eb223 received client-request: Request { kind: ReserveTicket, customer: 620c1a82-e75f-409f-9af6-9e6231c592ae, server: None, raw: .. }
Reserved ticket 333 for customer 620c1a82-e75f-409f-9af6-9e6231c592ae
Server 799bb1b2-bd8f-49e2-81f8-f7237f0eb223 received client-request: Request { kind: ReserveTicket, customer: 02fb7c1b-43bd-43ee-bd41-6ed4324b47fd, server: None, raw: .. }
Reserved ticket 332 for customer 02fb7c1b-43bd-43ee-bd41-6ed4324b47fd
Server 799bb1b2-bd8f-49e2-81f8-f7237f0eb223 received client-request: Request { kind: ReserveTicket, customer: a565896c-cfb7-4cf3-a2da-3687da281541, server: None, raw: .. }
Reserved ticket 331 for customer a565896c-cfb7-4cf3-a2da-3687da281541
Server 799bb1b2-bd8f-49e2-81f8-f7237f0eb223 received client-request: Request { kind: ReserveTicket, customer: c259ad45-df72-40e9-893f-654255def369, server: None, raw: .. }
Reserved ticket 330 for customer c259ad45-df72-40e9-893f-654255def369
Server 65a51e17-fff5-4036-8b94-6db5de4d28d8 received client-request: Request { kind: ReserveTicket, customer: 82606e48-3126-4044-bda6-89c81dbcdfda, server: None, raw: .. }
Reserved ticket 329 for customer 82606e48-3126-4044-bda6-89c81dbcdfda
Server 799bb1b2-bd8f-49e2-81f8-f7237f0eb223 received client-request: Request { kind: ReserveTicket, customer: d9ffe7fb-bfcd-405a-856b-7c814267b97a, server: None, raw: .. }
Reserved ticket 328 for customer d9ffe7fb-bfcd-405a-856b-7c814267b97a
Server 799bb1b2-bd8f-49e2-81f8-f7237f0eb223 received client-request: Request { kind: ReserveTicket, customer: a03be369-bdec-4aab-a0c8-e2ec94d82e72, server: None, raw: .. }
Reserved ticket 327 for customer a03be369-bdec-4aab-a0c8-e2ec94d82e72
Server 799bb1b2-bd8f-49e2-81f8-f7237f0eb223 received client-request: Request { kind: ReserveTicket, customer: f45fbe03-8a50-4561-8804-1e0d41026b56, server: None, raw: .. }
Reserved ticket 326 for customer f45fbe03-8a50-4561-8804-1e0d41026b56
Server 799bb1b2-bd8f-49e2-81f8-f7237f0eb223 received client-request: Request { kind: ReserveTicket, customer: 93d46fb1-f351-4479-86d0-de21ef421626, server: None, raw: .. }
Reserved ticket 325 for customer 93d46fb1-f351-4479-86d0-de21ef421626
Server 799bb1b2-bd8f-49e2-81f8-f7237f0eb223 received client-request: Request { kind: ReserveTicket, customer: 8c95f465-4554-4f45-af32-228f22b7aabc, server: None, raw: .. }
Reserved ticket 324 for customer 8c95f465-4554-4f45-af32-228f22b7aabc
Server 799bb1b2-bd8f-49e2-81f8-f7237f0eb223 received client-request: Request { kind: ReserveTicket, customer: c23621cb-7c95-4e94-bdf4-6261f6a77757, server: None, raw: .. }
Reserved ticket 323 for customer c23621cb-7c95-4e94-bdf4-6261f6a77757
Server 799bb1b2-bd8f-49e2-81f8-f7237f0eb223 received client-request: Request { kind: ReserveTicket, customer: 9d0f8ada-77f6-4436-8527-e98bcb13f5b0, server: None, raw: .. }
Reserved ticket 322 for customer 9d0f8ada-77f6-4436-8527-e98bcb13f5b0
Server 799bb1b2-bd8f-49e2-81f8-f7237f0eb223 received client-request: Request { kind: ReserveTicket, customer: 0d6ec19b-6d7a-4fa1-a975-55bee20b2728, server: None, raw: .. }
Reserved ticket 321 for customer 0d6ec19b-6d7a-4fa1-a975-55bee20b2728
Server 799bb1b2-bd8f-49e2-81f8-f7237f0eb223 received client-request: Request { kind: ReserveTicket, customer: f0125bf9-41d6-43ad-b8bb-991c85d2df48, server: None, raw: .. }
Reserved ticket 320 for customer f0125bf9-41d6-43ad-b8bb-991c85d2df48
Server 799bb1b2-bd8f-49e2-81f8-f7237f0eb223 received client-request: Request { kind: ReserveTicket, customer: 2190aebc-f78d-4db0-b92a-46b02dda5964, server: None, raw: .. }
Reserved ticket 319 for customer 2190aebc-f78d-4db0-b92a-46b02dda5964
Server 799bb1b2-bd8f-49e2-81f8-f7237f0eb223 received client-request: Request { kind: ReserveTicket, customer: aca77e5e-43a0-4a11-af4d-4641f2cb3b06, server: None, raw: .. }
Reserved ticket 318 for customer aca77e5e-43a0-4a11-af4d-4641f2cb3b06
Server 799bb1b2-bd8f-49e2-81f8-f7237f0eb223 received client-request: Request { kind: ReserveTicket, customer: 73348a67-f64f-4fef-a25d-9756ea2bde3e, server: None, raw: .. }
Reserved ticket 317 for customer 73348a67-f64f-4fef-a25d-9756ea2bde3e
Server 799bb1b2-bd8f-49e2-81f8-f7237f0eb223 received client-request: Request { kind: ReserveTicket, customer: 915214b4-8b9e-42cd-81b1-03ec2cdb35bb, server: None, raw: .. }
Reserved ticket 316 for customer 915214b4-8b9e-42cd-81b1-03ec2cdb35bb
Server 799bb1b2-bd8f-49e2-81f8-f7237f0eb223 received client-request: Request { kind: ReserveTicket, customer: 0fb6aabd-ea41-4a11-94fa-e95ac83fd943, server: None, raw: .. }
Reserved ticket 315 for customer 0fb6aabd-ea41-4a11-94fa-e95ac83fd943
Server 799bb1b2-bd8f-49e2-81f8-f7237f0eb223 received client-request: Request { kind: ReserveTicket, customer: c7cbbf76-fc04-4eeb-84ce-54cf8ad56c93, server: None, raw: .. }
Reserved ticket 314 for customer c7cbbf76-fc04-4eeb-84ce-54cf8ad56c93
Server 799bb1b2-bd8f-49e2-81f8-f7237f0eb223 received client-request: Request { kind: ReserveTicket, customer: 13508d69-5da0-4189-a970-f5faced4c76b, server: None, raw: .. }
Reserved ticket 313 for customer 13508d69-5da0-4189-a970-f5faced4c76b
Server 799bb1b2-bd8f-49e2-81f8-f7237f0eb223 received client-request: Request { kind: ReserveTicket, customer: 21f3fe9d-88df-46f5-b62a-46f528b1bba7, server: None, raw: .. }
Reserved ticket 312 for customer 21f3fe9d-88df-46f5-b62a-46f528b1bba7
Server 799bb1b2-bd8f-49e2-81f8-f7237f0eb223 received client-request: Request { kind: ReserveTicket, customer: 430b07ac-f3ef-4081-b457-fd8a5564d8b8, server: None, raw: .. }
Reserved ticket 311 for customer 430b07ac-f3ef-4081-b457-fd8a5564d8b8
Server 799bb1b2-bd8f-49e2-81f8-f7237f0eb223 received client-request: Request { kind: ReserveTicket, customer: aca4cea0-b0bd-4893-813d-771686e0116a, server: None, raw: .. }
Reserved ticket 310 for customer aca4cea0-b0bd-4893-813d-771686e0116a
Server 65a51e17-fff5-4036-8b94-6db5de4d28d8 received client-request: Request { kind: ReserveTicket, customer: 009ffe55-81a5-4b78-97c0-04d7124e9c89, server: None, raw: .. }
Reserved ticket 309 for customer 009ffe55-81a5-4b78-97c0-04d7124e9c89
Server 799bb1b2-bd8f-49e2-81f8-f7237f0eb223 received client-request: Request { kind: ReserveTicket, customer: efdc4b0f-535e-4d4d-9a2a-a80072e9fcf0, server: None, raw: .. }
Reserved ticket 308 for customer efdc4b0f-535e-4d4d-9a2a-a80072e9fcf0
Server 799bb1b2-bd8f-49e2-81f8-f7237f0eb223 received client-request: Request { kind: ReserveTicket, customer: fa5db800-58b5-4c50-a1ea-a15cfcd0750f, server: None, raw: .. }
Reserved ticket 307 for customer fa5db800-58b5-4c50-a1ea-a15cfcd0750f
Server 799bb1b2-bd8f-49e2-81f8-f7237f0eb223 received client-request: Request { kind: ReserveTicket, customer: 02bf4b75-ba38-4fc8-874a-720b7eaebd19, server: None, raw: .. }
Reserved ticket 306 for customer 02bf4b75-ba38-4fc8-874a-720b7eaebd19
Server 799bb1b2-bd8f-49e2-81f8-f7237f0eb223 received client-request: Request { kind: ReserveTicket, customer: 240b3bc8-dcf1-40a4-85bc-86dd17af3714, server: None, raw: .. }
Reserved ticket 305 for customer 240b3bc8-dcf1-40a4-85bc-86dd17af3714
Server 799bb1b2-bd8f-49e2-81f8-f7237f0eb223 received client-request: Request { kind: ReserveTicket, customer: a7a3fda7-4db7-41dd-ab71-0c77692d3d93, server: None, raw: .. }
Reserved ticket 304 for customer a7a3fda7-4db7-41dd-ab71-0c77692d3d93
Server 799bb1b2-bd8f-49e2-81f8-f7237f0eb223 received client-request: Request { kind: ReserveTicket, customer: 57c8cfd0-e038-4754-974c-98631cac8ecf, server: None, raw: .. }
Reserved ticket 303 for customer 57c8cfd0-e038-4754-974c-98631cac8ecf
Server 799bb1b2-bd8f-49e2-81f8-f7237f0eb223 received client-request: Request { kind: ReserveTicket, customer: 2407eb73-89ac-474a-8ed9-b771a11ee5d4, server: None, raw: .. }
Reserved ticket 302 for customer 2407eb73-89ac-474a-8ed9-b771a11ee5d4
Server 799bb1b2-bd8f-49e2-81f8-f7237f0eb223 received client-request: Request { kind: ReserveTicket, customer: afa989b3-cba7-4aff-9bad-8e26962aad85, server: None, raw: .. }
Reserved ticket 301 for customer afa989b3-cba7-4aff-9bad-8e26962aad85
Server 799bb1b2-bd8f-49e2-81f8-f7237f0eb223 received client-request: Request { kind: ReserveTicket, customer: 13271b1d-b014-4def-a9c2-086f8305b64d, server: None, raw: .. }
Reserved ticket 300 for customer 13271b1d-b014-4def-a9c2-086f8305b64d
Server 799bb1b2-bd8f-49e2-81f8-f7237f0eb223 received client-request: Request { kind: ReserveTicket, customer: 61e4537f-39bb-44b8-9826-643821192d00, server: None, raw: .. }
Reserved ticket 299 for customer 61e4537f-39bb-44b8-9826-643821192d00
Server 799bb1b2-bd8f-49e2-81f8-f7237f0eb223 received client-request: Request { kind: ReserveTicket, customer: 90ae74b8-2777-468d-b03c-4ac491fe535c, server: None, raw: .. }
Reserved ticket 298 for customer 90ae74b8-2777-468d-b03c-4ac491fe535c
Server 799bb1b2-bd8f-49e2-81f8-f7237f0eb223 received client-request: Request { kind: ReserveTicket, customer: 4175513e-70ec-4b5c-a1ad-a5f27672492f, server: None, raw: .. }
Reserved ticket 297 for customer 4175513e-70ec-4b5c-a1ad-a5f27672492f
Server 799bb1b2-bd8f-49e2-81f8-f7237f0eb223 received client-request: Request { kind: ReserveTicket, customer: 535ac582-17b2-4b06-8462-8019aea4d8a3, server: None, raw: .. }
Reserved ticket 296 for customer 535ac582-17b2-4b06-8462-8019aea4d8a3
Server 799bb1b2-bd8f-49e2-81f8-f7237f0eb223 received client-request: Request { kind: ReserveTicket, customer: aa685c87-9aef-4a31-90cc-17d5ea72cb41, server: None, raw: .. }
Reserved ticket 295 for customer aa685c87-9aef-4a31-90cc-17d5ea72cb41
Server 799bb1b2-bd8f-49e2-81f8-f7237f0eb223 received client-request: Request { kind: ReserveTicket, customer: 7e2dd25c-ae54-454b-81c8-231648a33f59, server: None, raw: .. }
Reserved ticket 294 for customer 7e2dd25c-ae54-454b-81c8-231648a33f59
Server 799bb1b2-bd8f-49e2-81f8-f7237f0eb223 received client-request: Request { kind: ReserveTicket, customer: 5f796c70-1073-4340-bb01-d89c47cbd481, server: None, raw: .. }
Reserved ticket 293 for customer 5f796c70-1073-4340-bb01-d89c47cbd481
Server 799bb1b2-bd8f-49e2-81f8-f7237f0eb223 received client-request: Request { kind: ReserveTicket, customer: ebac8fa3-c70c-404d-b549-5ac3cbed6a4d, server: None, raw: .. }
Reserved ticket 292 for customer ebac8fa3-c70c-404d-b549-5ac3cbed6a4d
Server 799bb1b2-bd8f-49e2-81f8-f7237f0eb223 received client-request: Request { kind: ReserveTicket, customer: 3128d24a-a7db-4c0a-a004-a33290bc333f, server: None, raw: .. }
Reserved ticket 291 for customer 3128d24a-a7db-4c0a-a004-a33290bc333f
Server 799bb1b2-bd8f-49e2-81f8-f7237f0eb223 received client-request: Request { kind: ReserveTicket, customer: bfdcee76-8210-4873-9dfe-2bb8a9ce362a, server: None, raw: .. }
Reserved ticket 290 for customer bfdcee76-8210-4873-9dfe-2bb8a9ce362a
Server 65a51e17-fff5-4036-8b94-6db5de4d28d8 received client-request: Request { kind: ReserveTicket, customer: 4389a66d-9e2d-4f42-baf7-ca65547fd611, server: None, raw: .. }
Reserved ticket 289 for customer 4389a66d-9e2d-4f42-baf7-ca65547fd611
Server 799bb1b2-bd8f-49e2-81f8-f7237f0eb223 received client-request: Request { kind: ReserveTicket, customer: 55a7d105-826a-4274-b21a-7f6786880807, server: None, raw: .. }
Reserved ticket 288 for customer 55a7d105-826a-4274-b21a-7f6786880807
Server 799bb1b2-bd8f-49e2-81f8-f7237f0eb223 received client-request: Request { kind: ReserveTicket, customer: 29b23eec-4da9-4722-9d37-b7f6c2ef9806, server: None, raw: .. }
Reserved ticket 287 for customer 29b23eec-4da9-4722-9d37-b7f6c2ef9806
Server 799bb1b2-bd8f-49e2-81f8-f7237f0eb223 received client-request: Request { kind: ReserveTicket, customer: 30920731-8b4e-4bd1-a87d-9b9e29f5e49b, server: None, raw: .. }
Reserved ticket 286 for customer 30920731-8b4e-4bd1-a87d-9b9e29f5e49b
Server 799bb1b2-bd8f-49e2-81f8-f7237f0eb223 received client-request: Request { kind: ReserveTicket, customer: 84a0b70b-9dc0-4959-af62-0bddce8a14aa, server: None, raw: .. }
Reserved ticket 285 for customer 84a0b70b-9dc0-4959-af62-0bddce8a14aa
Server 799bb1b2-bd8f-49e2-81f8-f7237f0eb223 received client-request: Request { kind: ReserveTicket, customer: ee361a65-0453-4556-b1f9-5807c6dec6cf, server: None, raw: .. }
Reserved ticket 284 for customer ee361a65-0453-4556-b1f9-5807c6dec6cf
Server 799bb1b2-bd8f-49e2-81f8-f7237f0eb223 received client-request: Request { kind: ReserveTicket, customer: 5201ba18-4dbf-4418-a81d-19aa3b4e3ea6, server: None, raw: .. }
Reserved ticket 283 for customer 5201ba18-4dbf-4418-a81d-19aa3b4e3ea6
Server 799bb1b2-bd8f-49e2-81f8-f7237f0eb223 received client-request: Request { kind: ReserveTicket, customer: 01080617-6591-4b82-8281-3e4c57bf8862, server: None, raw: .. }
Reserved ticket 282 for customer 01080617-6591-4b82-8281-3e4c57bf8862
Server 799bb1b2-bd8f-49e2-81f8-f7237f0eb223 received client-request: Request { kind: ReserveTicket, customer: df9cbe30-7dda-414d-ad61-46b3161ba58b, server: None, raw: .. }
Reserved ticket 281 for customer df9cbe30-7dda-414d-ad61-46b3161ba58b
Server 799bb1b2-bd8f-49e2-81f8-f7237f0eb223 received client-request: Request { kind: ReserveTicket, customer: 1652fd46-ad17-4d00-a059-cf8536e528ec, server: None, raw: .. }
Reserved ticket 280 for customer 1652fd46-ad17-4d00-a059-cf8536e528ec
Server 799bb1b2-bd8f-49e2-81f8-f7237f0eb223 received client-request: Request { kind: ReserveTicket, customer: b28fcdc6-2e42-44da-b605-80918ba002be, server: None, raw: .. }
Reserved ticket 279 for customer b28fcdc6-2e42-44da-b605-80918ba002be
Server 799bb1b2-bd8f-49e2-81f8-f7237f0eb223 received client-request: Request { kind: ReserveTicket, customer: 91dd6402-f146-43f7-8abc-e6432f76eb6a, server: None, raw: .. }
Reserved ticket 278 for customer 91dd6402-f146-43f7-8abc-e6432f76eb6a
Server 799bb1b2-bd8f-49e2-81f8-f7237f0eb223 received client-request: Request { kind: ReserveTicket, customer: 0a478123-e34f-40e6-8157-20554116c790, server: None, raw: .. }
Reserved ticket 277 for customer 0a478123-e34f-40e6-8157-20554116c790
Server 799bb1b2-bd8f-49e2-81f8-f7237f0eb223 received client-request: Request { kind: ReserveTicket, customer: fca63bf0-7fe2-45fd-bc36-8a09727cbb46, server: None, raw: .. }
Reserved ticket 276 for customer fca63bf0-7fe2-45fd-bc36-8a09727cbb46
Server 799bb1b2-bd8f-49e2-81f8-f7237f0eb223 received client-request: Request { kind: ReserveTicket, customer: d47fc4f1-ca27-408c-b77b-41e50f50baf3, server: None, raw: .. }
Reserved ticket 275 for customer d47fc4f1-ca27-408c-b77b-41e50f50baf3
Server 799bb1b2-bd8f-49e2-81f8-f7237f0eb223 received client-request: Request { kind: ReserveTicket, customer: 836d4b34-727c-428b-b21b-695628fbf0c5, server: None, raw: .. }
Reserved ticket 274 for customer 836d4b34-727c-428b-b21b-695628fbf0c5
Server 799bb1b2-bd8f-49e2-81f8-f7237f0eb223 received client-request: Request { kind: ReserveTicket, customer: 5f27b578-b346-4830-ac09-264e9d029330, server: None, raw: .. }
Reserved ticket 273 for customer 5f27b578-b346-4830-ac09-264e9d029330
Server 799bb1b2-bd8f-49e2-81f8-f7237f0eb223 received client-request: Request { kind: ReserveTicket, customer: cbd06918-9861-4214-a1cb-68b92c7ac561, server: None, raw: .. }
Reserved ticket 272 for customer cbd06918-9861-4214-a1cb-68b92c7ac561
Server 799bb1b2-bd8f-49e2-81f8-f7237f0eb223 received client-request: Request { kind: ReserveTicket, customer: feaf5097-ceb2-437c-88d0-130ebceb649f, server: None, raw: .. }
Reserved ticket 271 for customer feaf5097-ceb2-437c-88d0-130ebceb649f
Server 799bb1b2-bd8f-49e2-81f8-f7237f0eb223 received client-request: Request { kind: ReserveTicket, customer: df9f3280-f8b9-4930-a319-535948253926, server: None, raw: .. }
Reserved ticket 270 for customer df9f3280-f8b9-4930-a319-535948253926
Server 65a51e17-fff5-4036-8b94-6db5de4d28d8 received client-request: Request { kind: ReserveTicket, customer: dbdf5ab0-e804-4d7a-879f-e2d11ca57e02, server: None, raw: .. }
Reserved ticket 269 for customer dbdf5ab0-e804-4d7a-879f-e2d11ca57e02
Server 799bb1b2-bd8f-49e2-81f8-f7237f0eb223 received client-request: Request { kind: ReserveTicket, customer: 511e949b-ac1f-469b-82be-40bbb8405b41, server: None, raw: .. }
Reserved ticket 268 for customer 511e949b-ac1f-469b-82be-40bbb8405b41
Server 799bb1b2-bd8f-49e2-81f8-f7237f0eb223 received client-request: Request { kind: ReserveTicket, customer: 4c096139-8b99-42e3-9105-29049d322666, server: None, raw: .. }
Reserved ticket 267 for customer 4c096139-8b99-42e3-9105-29049d322666
Server 799bb1b2-bd8f-49e2-81f8-f7237f0eb223 received client-request: Request { kind: ReserveTicket, customer: 8180fbb6-8fd6-45a5-85a6-0c7ca348982c, server: None, raw: .. }
Reserved ticket 266 for customer 8180fbb6-8fd6-45a5-85a6-0c7ca348982c
Server 799bb1b2-bd8f-49e2-81f8-f7237f0eb223 received client-request: Request { kind: ReserveTicket, customer: 9f8272e9-3c91-4ae7-8190-03a2b228e75c, server: None, raw: .. }
Reserved ticket 265 for customer 9f8272e9-3c91-4ae7-8190-03a2b228e75c
Server 799bb1b2-bd8f-49e2-81f8-f7237f0eb223 received client-request: Request { kind: ReserveTicket, customer: 01d7ab22-8a66-47ca-b107-b2f3843202c3, server: None, raw: .. }
Reserved ticket 264 for customer 01d7ab22-8a66-47ca-b107-b2f3843202c3
Server 799bb1b2-bd8f-49e2-81f8-f7237f0eb223 received client-request: Request { kind: ReserveTicket, customer: b996dbdc-9030-43d6-a874-9ae1e30428df, server: None, raw: .. }
Reserved ticket 263 for customer b996dbdc-9030-43d6-a874-9ae1e30428df
Server 799bb1b2-bd8f-49e2-81f8-f7237f0eb223 received client-request: Request { kind: ReserveTicket, customer: 0ec86228-f679-4efb-8692-87bd8ef26141, server: None, raw: .. }
Reserved ticket 262 for customer 0ec86228-f679-4efb-8692-87bd8ef26141
Server 799bb1b2-bd8f-49e2-81f8-f7237f0eb223 received client-request: Request { kind: ReserveTicket, customer: 1c173aeb-b989-4909-8cf5-c0dc91619623, server: None, raw: .. }
Reserved ticket 261 for customer 1c173aeb-b989-4909-8cf5-c0dc91619623
Server 799bb1b2-bd8f-49e2-81f8-f7237f0eb223 received client-request: Request { kind: ReserveTicket, customer: 62f997cf-e578-4ff1-a11b-f4f4b7d7e312, server: None, raw: .. }
Reserved ticket 260 for customer 62f997cf-e578-4ff1-a11b-f4f4b7d7e312
Server 799bb1b2-bd8f-49e2-81f8-f7237f0eb223 received client-request: Request { kind: ReserveTicket, customer: 117e7006-cae9-4405-9eb7-e5d65693d995, server: None, raw: .. }
Reserved ticket 259 for customer 117e7006-cae9-4405-9eb7-e5d65693d995
Server 799bb1b2-bd8f-49e2-81f8-f7237f0eb223 received client-request: Request { kind: ReserveTicket, customer: 96a22327-94d4-47d0-aa2f-6cdffc8cb16e, server: None, raw: .. }
Reserved ticket 258 for customer 96a22327-94d4-47d0-aa2f-6cdffc8cb16e
Server 799bb1b2-bd8f-49e2-81f8-f7237f0eb223 received client-request: Request { kind: ReserveTicket, customer: cb978078-073d-4f99-afd4-c9778684b857, server: None, raw: .. }
Reserved ticket 257 for customer cb978078-073d-4f99-afd4-c9778684b857
Server 799bb1b2-bd8f-49e2-81f8-f7237f0eb223 received client-request: Request { kind: ReserveTicket, customer: 9dcd5b97-b079-4bad-b707-38149f9a12d1, server: None, raw: .. }
Reserved ticket 256 for customer 9dcd5b97-b079-4bad-b707-38149f9a12d1
Server 799bb1b2-bd8f-49e2-81f8-f7237f0eb223 received client-request: Request { kind: ReserveTicket, customer: a0138fcc-da50-40a6-823e-ed7149638058, server: None, raw: .. }
Reserved ticket 255 for customer a0138fcc-da50-40a6-823e-ed7149638058
Server 799bb1b2-bd8f-49e2-81f8-f7237f0eb223 received client-request: Request { kind: ReserveTicket, customer: 558f48da-bb91-4e48-b45a-e7e7f1e5a0f3, server: None, raw: .. }
Reserved ticket 254 for customer 558f48da-bb91-4e48-b45a-e7e7f1e5a0f3
Server 799bb1b2-bd8f-49e2-81f8-f7237f0eb223 received client-request: Request { kind: ReserveTicket, customer: d05ffd08-c828-49a2-984d-a874da041090, server: None, raw: .. }
Reserved ticket 253 for customer d05ffd08-c828-49a2-984d-a874da041090
Server 799bb1b2-bd8f-49e2-81f8-f7237f0eb223 received client-request: Request { kind: ReserveTicket, customer: ea0ccb37-f741-48d0-9fd6-0cd260f10355, server: None, raw: .. }
Reserved ticket 252 for customer ea0ccb37-f741-48d0-9fd6-0cd260f10355
Server 799bb1b2-bd8f-49e2-81f8-f7237f0eb223 received client-request: Request { kind: ReserveTicket, customer: dc7acd42-e20d-4d16-9523-b4a554085c58, server: None, raw: .. }
Reserved ticket 251 for customer dc7acd42-e20d-4d16-9523-b4a554085c58
Server 799bb1b2-bd8f-49e2-81f8-f7237f0eb223 received client-request: Request { kind: ReserveTicket, customer: d6da9710-c6f0-4646-b249-031640d6b6a4, server: None, raw: .. }
Reserved ticket 250 for customer d6da9710-c6f0-4646-b249-031640d6b6a4
Server 65a51e17-fff5-4036-8b94-6db5de4d28d8 received client-request: Request { kind: ReserveTicket, customer: 0aec8acd-fbe3-4afb-89f7-fab8de0572e1, server: None, raw: .. }
Reserved ticket 249 for customer 0aec8acd-fbe3-4afb-89f7-fab8de0572e1
Server 799bb1b2-bd8f-49e2-81f8-f7237f0eb223 received client-request: Request { kind: ReserveTicket, customer: 3c5d3a64-e06f-4a15-8141-d8995d89381d, server: None, raw: .. }
Reserved ticket 248 for customer 3c5d3a64-e06f-4a15-8141-d8995d89381d
Server 799bb1b2-bd8f-49e2-81f8-f7237f0eb223 received client-request: Request { kind: ReserveTicket, customer: 7f23e48e-9716-4b75-84e1-97580a24a0eb, server: None, raw: .. }
Reserved ticket 247 for customer 7f23e48e-9716-4b75-84e1-97580a24a0eb
Server 799bb1b2-bd8f-49e2-81f8-f7237f0eb223 received client-request: Request { kind: ReserveTicket, customer: 6d9cca4b-c92e-4174-a029-9304b6578f95, server: None, raw: .. }
Reserved ticket 246 for customer 6d9cca4b-c92e-4174-a029-9304b6578f95
Server 799bb1b2-bd8f-49e2-81f8-f7237f0eb223 received client-request: Request { kind: ReserveTicket, customer: f4689d57-bd9f-43d1-a323-705dc14ff72a, server: None, raw: .. }
Reserved ticket 245 for customer f4689d57-bd9f-43d1-a323-705dc14ff72a
Server 799bb1b2-bd8f-49e2-81f8-f7237f0eb223 received client-request: Request { kind: ReserveTicket, customer: fd6474f8-996f-492f-95af-6b721ced3fc6, server: None, raw: .. }
Reserved ticket 244 for customer fd6474f8-996f-492f-95af-6b721ced3fc6
Server 799bb1b2-bd8f-49e2-81f8-f7237f0eb223 received client-request: Request { kind: ReserveTicket, customer: df6e8672-0685-437f-9ae0-389f818a6c14, server: None, raw: .. }
Reserved ticket 243 for customer df6e8672-0685-437f-9ae0-389f818a6c14
Server 799bb1b2-bd8f-49e2-81f8-f7237f0eb223 received client-request: Request { kind: ReserveTicket, customer: b76659b6-1dc3-4e06-81d9-b3d9662ccaaf, server: None, raw: .. }
Reserved ticket 242 for customer b76659b6-1dc3-4e06-81d9-b3d9662ccaaf
Server 799bb1b2-bd8f-49e2-81f8-f7237f0eb223 received client-request: Request { kind: ReserveTicket, customer: 36db2f65-45fe-4746-967d-8e19ebeca5c5, server: None, raw: .. }
Reserved ticket 241 for customer 36db2f65-45fe-4746-967d-8e19ebeca5c5
Server 799bb1b2-bd8f-49e2-81f8-f7237f0eb223 received client-request: Request { kind: ReserveTicket, customer: 3a8e693d-df81-4e55-9704-051966ffbfea, server: None, raw: .. }
Reserved ticket 240 for customer 3a8e693d-df81-4e55-9704-051966ffbfea
Server 799bb1b2-bd8f-49e2-81f8-f7237f0eb223 received client-request: Request { kind: ReserveTicket, customer: ae1d6210-33e7-4214-aed1-7260198d1c61, server: None, raw: .. }
Reserved ticket 239 for customer ae1d6210-33e7-4214-aed1-7260198d1c61
Server 799bb1b2-bd8f-49e2-81f8-f7237f0eb223 received client-request: Request { kind: ReserveTicket, customer: a758c40f-431a-44bf-b35a-d542c532233e, server: None, raw: .. }
Reserved ticket 238 for customer a758c40f-431a-44bf-b35a-d542c532233e
Server 799bb1b2-bd8f-49e2-81f8-f7237f0eb223 received client-request: Request { kind: ReserveTicket, customer: 15f3c042-77af-4ab0-a5c6-f7135f74c97d, server: None, raw: .. }
Reserved ticket 237 for customer 15f3c042-77af-4ab0-a5c6-f7135f74c97d
Server 799bb1b2-bd8f-49e2-81f8-f7237f0eb223 received client-request: Request { kind: ReserveTicket, customer: aa9be054-2d7c-481f-be67-cb6ec919f794, server: None, raw: .. }
Reserved ticket 236 for customer aa9be054-2d7c-481f-be67-cb6ec919f794
Server 799bb1b2-bd8f-49e2-81f8-f7237f0eb223 received client-request: Request { kind: ReserveTicket, customer: 1b1fef1b-0f3c-4a46-b3de-091fb53b04d9, server: None, raw: .. }
Reserved ticket 235 for customer 1b1fef1b-0f3c-4a46-b3de-091fb53b04d9
Server 799bb1b2-bd8f-49e2-81f8-f7237f0eb223 received client-request: Request { kind: ReserveTicket, customer: 7d2d985b-df60-467e-b578-7d9d6392c542, server: None, raw: .. }
Reserved ticket 234 for customer 7d2d985b-df60-467e-b578-7d9d6392c542
Server 799bb1b2-bd8f-49e2-81f8-f7237f0eb223 received client-request: Request { kind: ReserveTicket, customer: 27664843-9e71-4306-9b42-565f80fdc9f2, server: None, raw: .. }
Reserved ticket 233 for customer 27664843-9e71-4306-9b42-565f80fdc9f2
Server 799bb1b2-bd8f-49e2-81f8-f7237f0eb223 received client-request: Request { kind: ReserveTicket, customer: 6d9180c9-ff95-4e9b-81cd-568253fcabf0, server: None, raw: .. }
Reserved ticket 232 for customer 6d9180c9-ff95-4e9b-81cd-568253fcabf0
Server 799bb1b2-bd8f-49e2-81f8-f7237f0eb223 received client-request: Request { kind: ReserveTicket, customer: 548cb0b0-1d81-4849-ac0c-9cab6466d07d, server: None, raw: .. }
Reserved ticket 231 for customer 548cb0b0-1d81-4849-ac0c-9cab6466d07d
Server 799bb1b2-bd8f-49e2-81f8-f7237f0eb223 received client-request: Request { kind: ReserveTicket, customer: 86eff30b-ff87-49aa-a336-e4ee3a2cda52, server: None, raw: .. }
Reserved ticket 230 for customer 86eff30b-ff87-49aa-a336-e4ee3a2cda52
Server 65a51e17-fff5-4036-8b94-6db5de4d28d8 received client-request: Request { kind: ReserveTicket, customer: 31844c5d-ef4c-4f40-a18f-2cfb5a15dc48, server: None, raw: .. }
Reserved ticket 229 for customer 31844c5d-ef4c-4f40-a18f-2cfb5a15dc48
Server 799bb1b2-bd8f-49e2-81f8-f7237f0eb223 received client-request: Request { kind: ReserveTicket, customer: 66f5967e-6ae9-424c-aae3-af94a3cf8703, server: None, raw: .. }
Reserved ticket 228 for customer 66f5967e-6ae9-424c-aae3-af94a3cf8703
Server 799bb1b2-bd8f-49e2-81f8-f7237f0eb223 received client-request: Request { kind: ReserveTicket, customer: b104d0bc-1cfd-4a8c-9f4a-7b7c953cd2a2, server: None, raw: .. }
Reserved ticket 227 for customer b104d0bc-1cfd-4a8c-9f4a-7b7c953cd2a2
Server 799bb1b2-bd8f-49e2-81f8-f7237f0eb223 received client-request: Request { kind: ReserveTicket, customer: 0f593df7-bc57-419a-bc09-2fb809664a63, server: None, raw: .. }
Reserved ticket 226 for customer 0f593df7-bc57-419a-bc09-2fb809664a63
Server 799bb1b2-bd8f-49e2-81f8-f7237f0eb223 received client-request: Request { kind: ReserveTicket, customer: 3fa581df-21b5-4fc2-8ad8-60b50263d0b4, server: None, raw: .. }
Reserved ticket 225 for customer 3fa581df-21b5-4fc2-8ad8-60b50263d0b4
Server 799bb1b2-bd8f-49e2-81f8-f7237f0eb223 received client-request: Request { kind: ReserveTicket, customer: 9e840703-b55e-4dea-8fae-11dd8af3af47, server: None, raw: .. }
Reserved ticket 224 for customer 9e840703-b55e-4dea-8fae-11dd8af3af47
Server 799bb1b2-bd8f-49e2-81f8-f7237f0eb223 received client-request: Request { kind: ReserveTicket, customer: 3749e3f8-d9d7-4be8-8d91-0ebc1e236cc7, server: None, raw: .. }
Reserved ticket 223 for customer 3749e3f8-d9d7-4be8-8d91-0ebc1e236cc7
Server 799bb1b2-bd8f-49e2-81f8-f7237f0eb223 received client-request: Request { kind: ReserveTicket, customer: 79300d6d-2902-4915-b1d1-cc8b84bdbdfa, server: None, raw: .. }
Reserved ticket 222 for customer 79300d6d-2902-4915-b1d1-cc8b84bdbdfa
Server 799bb1b2-bd8f-49e2-81f8-f7237f0eb223 received client-request: Request { kind: ReserveTicket, customer: c6472bd7-ce11-45d8-b9f1-822fd46cd50b, server: None, raw: .. }
Reserved ticket 221 for customer c6472bd7-ce11-45d8-b9f1-822fd46cd50b
Server 799bb1b2-bd8f-49e2-81f8-f7237f0eb223 received client-request: Request { kind: ReserveTicket, customer: 7df10040-5e4e-45e8-a068-000a34332c31, server: None, raw: .. }
Reserved ticket 220 for customer 7df10040-5e4e-45e8-a068-000a34332c31
Server 799bb1b2-bd8f-49e2-81f8-f7237f0eb223 received client-request: Request { kind: ReserveTicket, customer: ef85e5ab-975c-4140-9952-c60798404fd9, server: None, raw: .. }
Reserved ticket 219 for customer ef85e5ab-975c-4140-9952-c60798404fd9
Server 799bb1b2-bd8f-49e2-81f8-f7237f0eb223 received client-request: Request { kind: ReserveTicket, customer: 5460bfa3-8624-458c-bb42-81c4b28bbb57, server: None, raw: .. }
Reserved ticket 218 for customer 5460bfa3-8624-458c-bb42-81c4b28bbb57
Server 799bb1b2-bd8f-49e2-81f8-f7237f0eb223 received client-request: Request { kind: ReserveTicket, customer: 139edb7d-b33d-455a-9a04-9a7006a44c67, server: None, raw: .. }
Reserved ticket 217 for customer 139edb7d-b33d-455a-9a04-9a7006a44c67
Server 799bb1b2-bd8f-49e2-81f8-f7237f0eb223 received client-request: Request { kind: ReserveTicket, customer: 49037ac0-75ac-4030-bf44-fdd8bcae8532, server: None, raw: .. }
Reserved ticket 216 for customer 49037ac0-75ac-4030-bf44-fdd8bcae8532
Server 799bb1b2-bd8f-49e2-81f8-f7237f0eb223 received client-request: Request { kind: ReserveTicket, customer: 7257d6ea-2aab-42a3-924d-ad0ede53a4db, server: None, raw: .. }
Reserved ticket 215 for customer 7257d6ea-2aab-42a3-924d-ad0ede53a4db
Server 799bb1b2-bd8f-49e2-81f8-f7237f0eb223 received client-request: Request { kind: ReserveTicket, customer: 1ddad327-13e9-438b-bdad-3fae45872377, server: None, raw: .. }
Reserved ticket 214 for customer 1ddad327-13e9-438b-bdad-3fae45872377
Server 799bb1b2-bd8f-49e2-81f8-f7237f0eb223 received client-request: Request { kind: ReserveTicket, customer: e28aebd0-53a2-41e9-b115-c983e8d3f899, server: None, raw: .. }
Reserved ticket 213 for customer e28aebd0-53a2-41e9-b115-c983e8d3f899
Server 799bb1b2-bd8f-49e2-81f8-f7237f0eb223 received client-request: Request { kind: ReserveTicket, customer: 2e2f6a41-672b-4d48-aeb2-ee48cd9f3fe8, server: None, raw: .. }
Reserved ticket 212 for customer 2e2f6a41-672b-4d48-aeb2-ee48cd9f3fe8
Server 799bb1b2-bd8f-49e2-81f8-f7237f0eb223 received client-request: Request { kind: ReserveTicket, customer: 6c348b63-ba93-4c36-8aba-1174101a881b, server: None, raw: .. }
Reserved ticket 211 for customer 6c348b63-ba93-4c36-8aba-1174101a881b
Server 799bb1b2-bd8f-49e2-81f8-f7237f0eb223 received client-request: Request { kind: ReserveTicket, customer: 31a29378-1f34-4bad-935c-20b182437104, server: None, raw: .. }
Reserved ticket 210 for customer 31a29378-1f34-4bad-935c-20b182437104
Server 65a51e17-fff5-4036-8b94-6db5de4d28d8 received client-request: Request { kind: ReserveTicket, customer: 71ac7dac-90b9-42e5-876f-e3c633ff4e7b, server: None, raw: .. }
Reserved ticket 209 for customer 71ac7dac-90b9-42e5-876f-e3c633ff4e7b
Server 799bb1b2-bd8f-49e2-81f8-f7237f0eb223 received client-request: Request { kind: ReserveTicket, customer: e3f5d11f-1299-48ff-bc28-118ca6589079, server: None, raw: .. }
Reserved ticket 208 for customer e3f5d11f-1299-48ff-bc28-118ca6589079
Server 799bb1b2-bd8f-49e2-81f8-f7237f0eb223 received client-request: Request { kind: ReserveTicket, customer: fc76e0fc-3995-4ae8-a909-4c22c42169c3, server: None, raw: .. }
Reserved ticket 207 for customer fc76e0fc-3995-4ae8-a909-4c22c42169c3
Server 799bb1b2-bd8f-49e2-81f8-f7237f0eb223 received client-request: Request { kind: ReserveTicket, customer: 28e687cf-ac3e-491d-9d00-24860fc6612b, server: None, raw: .. }
Reserved ticket 206 for customer 28e687cf-ac3e-491d-9d00-24860fc6612b
Server 799bb1b2-bd8f-49e2-81f8-f7237f0eb223 received client-request: Request { kind: ReserveTicket, customer: d8efc524-3f41-402c-9e6d-105c0696a5f5, server: None, raw: .. }
Reserved ticket 205 for customer d8efc524-3f41-402c-9e6d-105c0696a5f5
Server 799bb1b2-bd8f-49e2-81f8-f7237f0eb223 received client-request: Request { kind: ReserveTicket, customer: 83b36f91-1ec9-496e-8120-8d742d3010aa, server: None, raw: .. }
Reserved ticket 204 for customer 83b36f91-1ec9-496e-8120-8d742d3010aa
Server 799bb1b2-bd8f-49e2-81f8-f7237f0eb223 received client-request: Request { kind: ReserveTicket, customer: 74697670-3239-4600-b24e-a8e1a6854cf3, server: None, raw: .. }
Reserved ticket 203 for customer 74697670-3239-4600-b24e-a8e1a6854cf3
Server 799bb1b2-bd8f-49e2-81f8-f7237f0eb223 received client-request: Request { kind: ReserveTicket, customer: e649deba-5be0-4c2e-9756-2c9b54ec8047, server: None, raw: .. }
Reserved ticket 202 for customer e649deba-5be0-4c2e-9756-2c9b54ec8047
Server 799bb1b2-bd8f-49e2-81f8-f7237f0eb223 received client-request: Request { kind: ReserveTicket, customer: cb341448-17a1-4230-a6a8-fabee10d562d, server: None, raw: .. }
Reserved ticket 201 for customer cb341448-17a1-4230-a6a8-fabee10d562d
Server 799bb1b2-bd8f-49e2-81f8-f7237f0eb223 received client-request: Request { kind: ReserveTicket, customer: 952b5f8b-426c-411f-abbd-589b876bedb1, server: None, raw: .. }
Reserved ticket 200 for customer 952b5f8b-426c-411f-abbd-589b876bedb1
Server 799bb1b2-bd8f-49e2-81f8-f7237f0eb223 received client-request: Request { kind: ReserveTicket, customer: 11e85015-e401-4896-9b12-cd5dd5048459, server: None, raw: .. }
Reserved ticket 199 for customer 11e85015-e401-4896-9b12-cd5dd5048459
Server 799bb1b2-bd8f-49e2-81f8-f7237f0eb223 received client-request: Request { kind: ReserveTicket, customer: 1ce2051b-9e4b-47e7-9f79-e361e6a4b5ba, server: None, raw: .. }
Reserved ticket 198 for customer 1ce2051b-9e4b-47e7-9f79-e361e6a4b5ba
Server 799bb1b2-bd8f-49e2-81f8-f7237f0eb223 received client-request: Request { kind: ReserveTicket, customer: eb6eddd5-f1de-4271-bf20-2c69a47a9c8b, server: None, raw: .. }
Reserved ticket 197 for customer eb6eddd5-f1de-4271-bf20-2c69a47a9c8b
Server 799bb1b2-bd8f-49e2-81f8-f7237f0eb223 received client-request: Request { kind: ReserveTicket, customer: 0c94bc8f-ae4c-42e9-9304-ac161b39934b, server: None, raw: .. }
Reserved ticket 196 for customer 0c94bc8f-ae4c-42e9-9304-ac161b39934b
Server 799bb1b2-bd8f-49e2-81f8-f7237f0eb223 received client-request: Request { kind: ReserveTicket, customer: 71a2c547-7b91-4793-b4fa-1f3853526b40, server: None, raw: .. }
Reserved ticket 195 for customer 71a2c547-7b91-4793-b4fa-1f3853526b40
Server 799bb1b2-bd8f-49e2-81f8-f7237f0eb223 received client-request: Request { kind: ReserveTicket, customer: 6f77727f-da21-40c0-8db6-ab92c74a87d8, server: None, raw: .. }
Reserved ticket 194 for customer 6f77727f-da21-40c0-8db6-ab92c74a87d8
Server 799bb1b2-bd8f-49e2-81f8-f7237f0eb223 received client-request: Request { kind: ReserveTicket, customer: 0b76502b-9cbe-4729-8145-87a1a9505ae6, server: None, raw: .. }
Reserved ticket 193 for customer 0b76502b-9cbe-4729-8145-87a1a9505ae6
Server 799bb1b2-bd8f-49e2-81f8-f7237f0eb223 received client-request: Request { kind: ReserveTicket, customer: daa62a87-25e1-4e31-adde-edc0ec20f801, server: None, raw: .. }
Reserved ticket 192 for customer daa62a87-25e1-4e31-adde-edc0ec20f801
Server 799bb1b2-bd8f-49e2-81f8-f7237f0eb223 received client-request: Request { kind: ReserveTicket, customer: ca4811e9-6bf9-4895-9273-b0732dfacd02, server: None, raw: .. }
Reserved ticket 191 for customer ca4811e9-6bf9-4895-9273-b0732dfacd02
Server 799bb1b2-bd8f-49e2-81f8-f7237f0eb223 received client-request: Request { kind: ReserveTicket, customer: 5ceb60e2-e1bd-490e-9bfe-49380c1c29ea, server: None, raw: .. }
Reserved ticket 190 for customer 5ceb60e2-e1bd-490e-9bfe-49380c1c29ea
Server 65a51e17-fff5-4036-8b94-6db5de4d28d8 received client-request: Request { kind: ReserveTicket, customer: 91aebfa9-fd1e-4cc4-9031-1bc92a83508e, server: None, raw: .. }
Reserved ticket 189 for customer 91aebfa9-fd1e-4cc4-9031-1bc92a83508e
Server 799bb1b2-bd8f-49e2-81f8-f7237f0eb223 received client-request: Request { kind: ReserveTicket, customer: 25aed4ed-7646-487e-8739-07f62b6310ba, server: None, raw: .. }
Reserved ticket 188 for customer 25aed4ed-7646-487e-8739-07f62b6310ba
Server 799bb1b2-bd8f-49e2-81f8-f7237f0eb223 received client-request: Request { kind: ReserveTicket, customer: 166a0e59-7c96-4e0e-b34a-b728c77ccf57, server: None, raw: .. }
Reserved ticket 187 for customer 166a0e59-7c96-4e0e-b34a-b728c77ccf57
Server 799bb1b2-bd8f-49e2-81f8-f7237f0eb223 received client-request: Request { kind: ReserveTicket, customer: 479cbe9c-aa28-461d-adbf-01db397da6b1, server: None, raw: .. }
Reserved ticket 186 for customer 479cbe9c-aa28-461d-adbf-01db397da6b1
Server 799bb1b2-bd8f-49e2-81f8-f7237f0eb223 received client-request: Request { kind: ReserveTicket, customer: 813cdb5b-ed87-4a27-b419-56e11b7de03a, server: None, raw: .. }
Reserved ticket 185 for customer 813cdb5b-ed87-4a27-b419-56e11b7de03a
Server 799bb1b2-bd8f-49e2-81f8-f7237f0eb223 received client-request: Request { kind: ReserveTicket, customer: 100cd8fc-c7fc-4319-8d63-fe087ff997cf, server: None, raw: .. }
Reserved ticket 184 for customer 100cd8fc-c7fc-4319-8d63-fe087ff997cf
Server 799bb1b2-bd8f-49e2-81f8-f7237f0eb223 received client-request: Request { kind: ReserveTicket, customer: b8660d9d-af29-4471-af4a-f3074a3296cf, server: None, raw: .. }
Reserved ticket 183 for customer b8660d9d-af29-4471-af4a-f3074a3296cf
Server 799bb1b2-bd8f-49e2-81f8-f7237f0eb223 received client-request: Request { kind: ReserveTicket, customer: 9127ba1c-499e-4afb-8ff4-8b5c64e4c427, server: None, raw: .. }
Reserved ticket 182 for customer 9127ba1c-499e-4afb-8ff4-8b5c64e4c427
Server 799bb1b2-bd8f-49e2-81f8-f7237f0eb223 received client-request: Request { kind: ReserveTicket, customer: 432ae737-92ab-474f-bc9b-8bb4dd6816d5, server: None, raw: .. }
Reserved ticket 181 for customer 432ae737-92ab-474f-bc9b-8bb4dd6816d5
Server 799bb1b2-bd8f-49e2-81f8-f7237f0eb223 received client-request: Request { kind: ReserveTicket, customer: fcd1023f-ed16-471c-8125-483cade56b5e, server: None, raw: .. }
Reserved ticket 180 for customer fcd1023f-ed16-471c-8125-483cade56b5e
Server 799bb1b2-bd8f-49e2-81f8-f7237f0eb223 received client-request: Request { kind: ReserveTicket, customer: 937ab735-b53b-4e75-81bc-644843b50949, server: None, raw: .. }
Reserved ticket 179 for customer 937ab735-b53b-4e75-81bc-644843b50949
Server 799bb1b2-bd8f-49e2-81f8-f7237f0eb223 received client-request: Request { kind: ReserveTicket, customer: f39c4d60-a2ff-46a3-b50c-2628b62f2899, server: None, raw: .. }
Reserved ticket 178 for customer f39c4d60-a2ff-46a3-b50c-2628b62f2899
Server 799bb1b2-bd8f-49e2-81f8-f7237f0eb223 received client-request: Request { kind: ReserveTicket, customer: 337c3826-0ef8-4eb6-aea8-54f9dd274405, server: None, raw: .. }
Reserved ticket 177 for customer 337c3826-0ef8-4eb6-aea8-54f9dd274405
Server 799bb1b2-bd8f-49e2-81f8-f7237f0eb223 received client-request: Request { kind: ReserveTicket, customer: 8446dc8c-f926-4a30-bc51-d3862cfaaa03, server: None, raw: .. }
Reserved ticket 176 for customer 8446dc8c-f926-4a30-bc51-d3862cfaaa03
Server 799bb1b2-bd8f-49e2-81f8-f7237f0eb223 received client-request: Request { kind: ReserveTicket, customer: afce4459-07d7-4d11-b456-6dc96573e404, server: None, raw: .. }
Reserved ticket 175 for customer afce4459-07d7-4d11-b456-6dc96573e404
Server 799bb1b2-bd8f-49e2-81f8-f7237f0eb223 received client-request: Request { kind: ReserveTicket, customer: 01a653b0-6c46-4c98-a13a-0ea14f6c24f7, server: None, raw: .. }
Reserved ticket 174 for customer 01a653b0-6c46-4c98-a13a-0ea14f6c24f7
Server 799bb1b2-bd8f-49e2-81f8-f7237f0eb223 received client-request: Request { kind: ReserveTicket, customer: cea5974c-7f57-476f-8300-28db479026b2, server: None, raw: .. }
Reserved ticket 173 for customer cea5974c-7f57-476f-8300-28db479026b2
Server 799bb1b2-bd8f-49e2-81f8-f7237f0eb223 received client-request: Request { kind: ReserveTicket, customer: e522da36-83e4-418c-8c96-7c994da75d60, server: None, raw: .. }
Reserved ticket 172 for customer e522da36-83e4-418c-8c96-7c994da75d60
Server 799bb1b2-bd8f-49e2-81f8-f7237f0eb223 received client-request: Request { kind: ReserveTicket, customer: 2838c0db-64f3-44e3-ba1e-366e72a3c3c2, server: None, raw: .. }
Reserved ticket 171 for customer 2838c0db-64f3-44e3-ba1e-366e72a3c3c2
Server 799bb1b2-bd8f-49e2-81f8-f7237f0eb223 received client-request: Request { kind: ReserveTicket, customer: 42e77006-0935-44d6-8ffd-dad61a2a1df5, server: None, raw: .. }
Reserved ticket 170 for customer 42e77006-0935-44d6-8ffd-dad61a2a1df5
Server 65a51e17-fff5-4036-8b94-6db5de4d28d8 received client-request: Request { kind: ReserveTicket, customer: b08315e9-93f1-4ccf-94bf-4ee13aa839bf, server: None, raw: .. }
Reserved ticket 169 for customer b08315e9-93f1-4ccf-94bf-4ee13aa839bf
Server 799bb1b2-bd8f-49e2-81f8-f7237f0eb223 received client-request: Request { kind: ReserveTicket, customer: ccb2708d-ae25-4b20-9205-f290dc661f3e, server: None, raw: .. }
Reserved ticket 168 for customer ccb2708d-ae25-4b20-9205-f290dc661f3e
Server 799bb1b2-bd8f-49e2-81f8-f7237f0eb223 received client-request: Request { kind: ReserveTicket, customer: cce12906-3932-48cb-8d92-23830578ae70, server: None, raw: .. }
Reserved ticket 167 for customer cce12906-3932-48cb-8d92-23830578ae70
Server 799bb1b2-bd8f-49e2-81f8-f7237f0eb223 received client-request: Request { kind: ReserveTicket, customer: ffa7393d-e666-453e-8b71-e5fe54038334, server: None, raw: .. }
Reserved ticket 166 for customer ffa7393d-e666-453e-8b71-e5fe54038334
Server 799bb1b2-bd8f-49e2-81f8-f7237f0eb223 received client-request: Request { kind: ReserveTicket, customer: 5bfe25a3-8cb4-48c0-922a-5ba225ead508, server: None, raw: .. }
Reserved ticket 165 for customer 5bfe25a3-8cb4-48c0-922a-5ba225ead508
Server 799bb1b2-bd8f-49e2-81f8-f7237f0eb223 received client-request: Request { kind: ReserveTicket, customer: be25079a-bbc2-4926-b56b-d69aa26e08d2, server: None, raw: .. }
Reserved ticket 164 for customer be25079a-bbc2-4926-b56b-d69aa26e08d2
Server 799bb1b2-bd8f-49e2-81f8-f7237f0eb223 received client-request: Request { kind: ReserveTicket, customer: 2dafb801-edd9-422e-8fc3-766be58015ce, server: None, raw: .. }
Reserved ticket 163 for customer 2dafb801-edd9-422e-8fc3-766be58015ce
Server 799bb1b2-bd8f-49e2-81f8-f7237f0eb223 received client-request: Request { kind: ReserveTicket, customer: ce7843c7-2396-4ddc-9d31-407eb44b4447, server: None, raw: .. }
Reserved ticket 162 for customer ce7843c7-2396-4ddc-9d31-407eb44b4447
Server 799bb1b2-bd8f-49e2-81f8-f7237f0eb223 received client-request: Request { kind: ReserveTicket, customer: 84d6aa87-b1bc-4d22-94df-81aebb9c5d73, server: None, raw: .. }
Reserved ticket 161 for customer 84d6aa87-b1bc-4d22-94df-81aebb9c5d73
Server 799bb1b2-bd8f-49e2-81f8-f7237f0eb223 received client-request: Request { kind: ReserveTicket, customer: 73339293-0777-4533-84cd-7f68588e9c22, server: None, raw: .. }
Reserved ticket 160 for customer 73339293-0777-4533-84cd-7f68588e9c22
Server 799bb1b2-bd8f-49e2-81f8-f7237f0eb223 received client-request: Request { kind: ReserveTicket, customer: 2bc77283-0298-4a81-b08f-9e9fa89f6023, server: None, raw: .. }
Reserved ticket 159 for customer 2bc77283-0298-4a81-b08f-9e9fa89f6023
Server 799bb1b2-bd8f-49e2-81f8-f7237f0eb223 received client-request: Request { kind: ReserveTicket, customer: 6992a711-5bd9-480a-8084-9b97f27c7710, server: None, raw: .. }
Reserved ticket 158 for customer 6992a711-5bd9-480a-8084-9b97f27c7710
Server 799bb1b2-bd8f-49e2-81f8-f7237f0eb223 received client-request: Request { kind: ReserveTicket, customer: e46e4d8b-5c74-446b-a431-ecdffa25683a, server: None, raw: .. }
Reserved ticket 157 for customer e46e4d8b-5c74-446b-a431-ecdffa25683a
Server 799bb1b2-bd8f-49e2-81f8-f7237f0eb223 received client-request: Request { kind: ReserveTicket, customer: 2d1f0ac9-a72f-4440-8b34-e346a22c966c, server: None, raw: .. }
Reserved ticket 156 for customer 2d1f0ac9-a72f-4440-8b34-e346a22c966c
Server 799bb1b2-bd8f-49e2-81f8-f7237f0eb223 received client-request: Request { kind: ReserveTicket, customer: 4c8ee645-05d4-4433-9579-632fdd5f551b, server: None, raw: .. }
Reserved ticket 155 for customer 4c8ee645-05d4-4433-9579-632fdd5f551b
Server 799bb1b2-bd8f-49e2-81f8-f7237f0eb223 received client-request: Request { kind: ReserveTicket, customer: 7ec8098d-4d20-4431-b3f2-03fbdbf9b216, server: None, raw: .. }
Reserved ticket 154 for customer 7ec8098d-4d20-4431-b3f2-03fbdbf9b216
Server 799bb1b2-bd8f-49e2-81f8-f7237f0eb223 received client-request: Request { kind: ReserveTicket, customer: 39c79782-ce4e-42c8-bc5c-b6520082bbe6, server: None, raw: .. }
Reserved ticket 153 for customer 39c79782-ce4e-42c8-bc5c-b6520082bbe6
Server 799bb1b2-bd8f-49e2-81f8-f7237f0eb223 received client-request: Request { kind: ReserveTicket, customer: 3ed70ffc-9490-43e0-b1cb-630b006e027f, server: None, raw: .. }
Reserved ticket 152 for customer 3ed70ffc-9490-43e0-b1cb-630b006e027f
Server 799bb1b2-bd8f-49e2-81f8-f7237f0eb223 received client-request: Request { kind: ReserveTicket, customer: dd960575-ac26-42bd-8a0f-a0f9a61b5ccf, server: None, raw: .. }
Reserved ticket 151 for customer dd960575-ac26-42bd-8a0f-a0f9a61b5ccf
Server 799bb1b2-bd8f-49e2-81f8-f7237f0eb223 received client-request: Request { kind: ReserveTicket, customer: 934645e1-e04b-4c51-9dd5-f2ecc1f556d0, server: None, raw: .. }
Reserved ticket 150 for customer 934645e1-e04b-4c51-9dd5-f2ecc1f556d0
Server 65a51e17-fff5-4036-8b94-6db5de4d28d8 received client-request: Request { kind: ReserveTicket, customer: 0740f71e-3943-4e45-88bd-422f9f6e5013, server: None, raw: .. }
Reserved ticket 149 for customer 0740f71e-3943-4e45-88bd-422f9f6e5013
Server 799bb1b2-bd8f-49e2-81f8-f7237f0eb223 received client-request: Request { kind: ReserveTicket, customer: 6a3b3e79-d45d-4a5f-8320-36d7755d827e, server: None, raw: .. }
Reserved ticket 148 for customer 6a3b3e79-d45d-4a5f-8320-36d7755d827e
Server 799bb1b2-bd8f-49e2-81f8-f7237f0eb223 received client-request: Request { kind: ReserveTicket, customer: 88a1cd67-e002-4bc1-8bae-23c9e5da461e, server: None, raw: .. }
Reserved ticket 147 for customer 88a1cd67-e002-4bc1-8bae-23c9e5da461e
Server 799bb1b2-bd8f-49e2-81f8-f7237f0eb223 received client-request: Request { kind: ReserveTicket, customer: 14eb3c5c-4155-456d-805d-a6aa1c4ba9d3, server: None, raw: .. }
Reserved ticket 146 for customer 14eb3c5c-4155-456d-805d-a6aa1c4ba9d3
Server 799bb1b2-bd8f-49e2-81f8-f7237f0eb223 received client-request: Request { kind: ReserveTicket, customer: 31e522b9-1052-4b36-9572-07b331595c7e, server: None, raw: .. }
Reserved ticket 145 for customer 31e522b9-1052-4b36-9572-07b331595c7e
Server 799bb1b2-bd8f-49e2-81f8-f7237f0eb223 received client-request: Request { kind: ReserveTicket, customer: c144f931-7b8e-45c2-8a17-6e4a7f35d617, server: None, raw: .. }
Reserved ticket 144 for customer c144f931-7b8e-45c2-8a17-6e4a7f35d617
Server 799bb1b2-bd8f-49e2-81f8-f7237f0eb223 received client-request: Request { kind: ReserveTicket, customer: 7b7a84b9-a848-4079-a297-392f92f38074, server: None, raw: .. }
Reserved ticket 143 for customer 7b7a84b9-a848-4079-a297-392f92f38074
Server 799bb1b2-bd8f-49e2-81f8-f7237f0eb223 received client-request: Request { kind: ReserveTicket, customer: 55a9439e-0a4c-4026-8289-e9be69457fe7, server: None, raw: .. }
Reserved ticket 142 for customer 55a9439e-0a4c-4026-8289-e9be69457fe7
Server 799bb1b2-bd8f-49e2-81f8-f7237f0eb223 received client-request: Request { kind: ReserveTicket, customer: 9593fb20-3b9f-4376-a349-34646c287bc8, server: None, raw: .. }
Reserved ticket 141 for customer 9593fb20-3b9f-4376-a349-34646c287bc8
Server 799bb1b2-bd8f-49e2-81f8-f7237f0eb223 received client-request: Request { kind: ReserveTicket, customer: 986e38ef-314f-478b-b392-4c67fdbc3d57, server: None, raw: .. }
Reserved ticket 140 for customer 986e38ef-314f-478b-b392-4c67fdbc3d57
Server 799bb1b2-bd8f-49e2-81f8-f7237f0eb223 received client-request: Request { kind: ReserveTicket, customer: 1cc04e96-c123-47f2-8725-e57534180a1d, server: None, raw: .. }
Reserved ticket 139 for customer 1cc04e96-c123-47f2-8725-e57534180a1d
Server 799bb1b2-bd8f-49e2-81f8-f7237f0eb223 received client-request: Request { kind: ReserveTicket, customer: 1d338209-7e45-4b2e-892b-88d3a9d3c1ba, server: None, raw: .. }
Reserved ticket 138 for customer 1d338209-7e45-4b2e-892b-88d3a9d3c1ba
Server 799bb1b2-bd8f-49e2-81f8-f7237f0eb223 received client-request: Request { kind: ReserveTicket, customer: cdb531f5-00bc-4dc3-8a19-e9eda29be28f, server: None, raw: .. }
Reserved ticket 137 for customer cdb531f5-00bc-4dc3-8a19-e9eda29be28f
Server 799bb1b2-bd8f-49e2-81f8-f7237f0eb223 received client-request: Request { kind: ReserveTicket, customer: 0cd43fde-8ba7-444b-8425-6a0ed25b4217, server: None, raw: .. }
Reserved ticket 136 for customer 0cd43fde-8ba7-444b-8425-6a0ed25b4217
Server 799bb1b2-bd8f-49e2-81f8-f7237f0eb223 received client-request: Request { kind: ReserveTicket, customer: 84fa56a8-c88c-4c1c-97fd-f2db9ae3aa7b, server: None, raw: .. }
Reserved ticket 135 for customer 84fa56a8-c88c-4c1c-97fd-f2db9ae3aa7b
Server 799bb1b2-bd8f-49e2-81f8-f7237f0eb223 received client-request: Request { kind: ReserveTicket, customer: af5fef51-9831-47e5-8600-80e2b0223a8c, server: None, raw: .. }
Reserved ticket 134 for customer af5fef51-9831-47e5-8600-80e2b0223a8c
Server 799bb1b2-bd8f-49e2-81f8-f7237f0eb223 received client-request: Request { kind: ReserveTicket, customer: 28ba7859-f6ac-45a9-be0e-849a6e5b6854, server: None, raw: .. }
Reserved ticket 133 for customer 28ba7859-f6ac-45a9-be0e-849a6e5b6854
Server 799bb1b2-bd8f-49e2-81f8-f7237f0eb223 received client-request: Request { kind: ReserveTicket, customer: 3e3c3d43-5130-48fa-9129-1f0dad663533, server: None, raw: .. }
Reserved ticket 132 for customer 3e3c3d43-5130-48fa-9129-1f0dad663533
Server 799bb1b2-bd8f-49e2-81f8-f7237f0eb223 received client-request: Request { kind: ReserveTicket, customer: ec31ee64-476a-4b05-84dd-faeef0c61136, server: None, raw: .. }
Reserved ticket 131 for customer ec31ee64-476a-4b05-84dd-faeef0c61136
Server 799bb1b2-bd8f-49e2-81f8-f7237f0eb223 received client-request: Request { kind: ReserveTicket, customer: 84870f59-8c9d-4071-b29b-9a4e5c85c21b, server: None, raw: .. }
Reserved ticket 130 for customer 84870f59-8c9d-4071-b29b-9a4e5c85c21b
Server 65a51e17-fff5-4036-8b94-6db5de4d28d8 received client-request: Request { kind: ReserveTicket, customer: e53d7aaa-3d82-458b-ab91-4baef25c3022, server: None, raw: .. }
Reserved ticket 129 for customer e53d7aaa-3d82-458b-ab91-4baef25c3022
Server 799bb1b2-bd8f-49e2-81f8-f7237f0eb223 received client-request: Request { kind: ReserveTicket, customer: 5416abcb-13e0-4d52-add4-00f292026bc4, server: None, raw: .. }
Reserved ticket 128 for customer 5416abcb-13e0-4d52-add4-00f292026bc4
Server 799bb1b2-bd8f-49e2-81f8-f7237f0eb223 received client-request: Request { kind: ReserveTicket, customer: 54d5a970-42df-4147-82a8-9b32d9d18aea, server: None, raw: .. }
Reserved ticket 127 for customer 54d5a970-42df-4147-82a8-9b32d9d18aea
Server 799bb1b2-bd8f-49e2-81f8-f7237f0eb223 received client-request: Request { kind: ReserveTicket, customer: f0c38fae-e589-4f9a-acc9-58f04bd4f693, server: None, raw: .. }
Reserved ticket 126 for customer f0c38fae-e589-4f9a-acc9-58f04bd4f693
Server 799bb1b2-bd8f-49e2-81f8-f7237f0eb223 received client-request: Request { kind: ReserveTicket, customer: 253b3e41-ed79-49d7-844e-264c44fbcad9, server: None, raw: .. }
Reserved ticket 125 for customer 253b3e41-ed79-49d7-844e-264c44fbcad9
Server 799bb1b2-bd8f-49e2-81f8-f7237f0eb223 received client-request: Request { kind: ReserveTicket, customer: 1c45e3a1-242b-4f69-b01b-be8d0d22d5af, server: None, raw: .. }
Reserved ticket 124 for customer 1c45e3a1-242b-4f69-b01b-be8d0d22d5af
Server 799bb1b2-bd8f-49e2-81f8-f7237f0eb223 received client-request: Request { kind: ReserveTicket, customer: 6a376f23-03a7-427f-a0f8-d2a1e58702b1, server: None, raw: .. }
Reserved ticket 123 for customer 6a376f23-03a7-427f-a0f8-d2a1e58702b1
Server 799bb1b2-bd8f-49e2-81f8-f7237f0eb223 received client-request: Request { kind: ReserveTicket, customer: 9100746b-82b9-47e5-9d9e-0bff57a22123, server: None, raw: .. }
Reserved ticket 122 for customer 9100746b-82b9-47e5-9d9e-0bff57a22123
Server 799bb1b2-bd8f-49e2-81f8-f7237f0eb223 received client-request: Request { kind: ReserveTicket, customer: 408dc566-b97e-4854-9e85-482fb9ee9290, server: None, raw: .. }
Reserved ticket 121 for customer 408dc566-b97e-4854-9e85-482fb9ee9290
Server 799bb1b2-bd8f-49e2-81f8-f7237f0eb223 received client-request: Request { kind: ReserveTicket, customer: aeb813b7-8537-41e8-a407-5c67620eb0ab, server: None, raw: .. }
Reserved ticket 120 for customer aeb813b7-8537-41e8-a407-5c67620eb0ab
Server 799bb1b2-bd8f-49e2-81f8-f7237f0eb223 received client-request: Request { kind: ReserveTicket, customer: ef14b76d-759f-4ad7-851a-9305cc76ce1d, server: None, raw: .. }
Reserved ticket 119 for customer ef14b76d-759f-4ad7-851a-9305cc76ce1d
Server 799bb1b2-bd8f-49e2-81f8-f7237f0eb223 received client-request: Request { kind: ReserveTicket, customer: 16e15c7c-27fc-42f6-bad7-78e6bacf970d, server: None, raw: .. }
Reserved ticket 118 for customer 16e15c7c-27fc-42f6-bad7-78e6bacf970d
Server 799bb1b2-bd8f-49e2-81f8-f7237f0eb223 received client-request: Request { kind: ReserveTicket, customer: d55c0dc0-18ab-4b6d-9d1e-bf7a2e802299, server: None, raw: .. }
Reserved ticket 117 for customer d55c0dc0-18ab-4b6d-9d1e-bf7a2e802299
Server 799bb1b2-bd8f-49e2-81f8-f7237f0eb223 received client-request: Request { kind: ReserveTicket, customer: 650121e4-adfa-4ae0-87c2-59ef64b2e03f, server: None, raw: .. }
Reserved ticket 116 for customer 650121e4-adfa-4ae0-87c2-59ef64b2e03f
Server 799bb1b2-bd8f-49e2-81f8-f7237f0eb223 received client-request: Request { kind: ReserveTicket, customer: d494a4f1-382d-4fac-9fcb-5fd721a0ad3a, server: None, raw: .. }
Reserved ticket 115 for customer d494a4f1-382d-4fac-9fcb-5fd721a0ad3a
Server 799bb1b2-bd8f-49e2-81f8-f7237f0eb223 received client-request: Request { kind: ReserveTicket, customer: 0901f704-db32-44d8-b4a9-d391f3498284, server: None, raw: .. }
Reserved ticket 114 for customer 0901f704-db32-44d8-b4a9-d391f3498284
Server 799bb1b2-bd8f-49e2-81f8-f7237f0eb223 received client-request: Request { kind: ReserveTicket, customer: 6cbb4c78-ff81-4be9-8d72-e87590ed724c, server: None, raw: .. }
Reserved ticket 113 for customer 6cbb4c78-ff81-4be9-8d72-e87590ed724c
Server 799bb1b2-bd8f-49e2-81f8-f7237f0eb223 received client-request: Request { kind: ReserveTicket, customer: f76d6981-c962-4d46-be9c-fd8d59214965, server: None, raw: .. }
Reserved ticket 112 for customer f76d6981-c962-4d46-be9c-fd8d59214965
Server 799bb1b2-bd8f-49e2-81f8-f7237f0eb223 received client-request: Request { kind: ReserveTicket, customer: 74363e96-03a4-4a10-8020-59f67bb830bd, server: None, raw: .. }
Reserved ticket 111 for customer 74363e96-03a4-4a10-8020-59f67bb830bd
Server 799bb1b2-bd8f-49e2-81f8-f7237f0eb223 received client-request: Request { kind: ReserveTicket, customer: 47aa398a-6343-402b-aea4-93ae1dffa81c, server: None, raw: .. }
Reserved ticket 110 for customer 47aa398a-6343-402b-aea4-93ae1dffa81c
Server 65a51e17-fff5-4036-8b94-6db5de4d28d8 received client-request: Request { kind: ReserveTicket, customer: 6d866bb1-45ca-41c6-aa7c-ba7f9e9b4c4b, server: None, raw: .. }
Reserved ticket 109 for customer 6d866bb1-45ca-41c6-aa7c-ba7f9e9b4c4b
Server 799bb1b2-bd8f-49e2-81f8-f7237f0eb223 received client-request: Request { kind: ReserveTicket, customer: 46e98bcd-7381-487c-a11e-c755723d13a5, server: None, raw: .. }
Reserved ticket 108 for customer 46e98bcd-7381-487c-a11e-c755723d13a5
Server 799bb1b2-bd8f-49e2-81f8-f7237f0eb223 received client-request: Request { kind: ReserveTicket, customer: 4e9b0c78-42a0-4d05-a88d-0ab186f30842, server: None, raw: .. }
Reserved ticket 107 for customer 4e9b0c78-42a0-4d05-a88d-0ab186f30842
Server 799bb1b2-bd8f-49e2-81f8-f7237f0eb223 received client-request: Request { kind: ReserveTicket, customer: 616a2af3-1190-4236-80ff-59a87e39e9b0, server: None, raw: .. }
Reserved ticket 106 for customer 616a2af3-1190-4236-80ff-59a87e39e9b0
Server 799bb1b2-bd8f-49e2-81f8-f7237f0eb223 received client-request: Request { kind: ReserveTicket, customer: 14e02688-6643-4616-8fd2-d622f4b49fa3, server: None, raw: .. }
Reserved ticket 105 for customer 14e02688-6643-4616-8fd2-d622f4b49fa3
Server 799bb1b2-bd8f-49e2-81f8-f7237f0eb223 received client-request: Request { kind: ReserveTicket, customer: 7467b81f-e6f1-4bec-a6ca-3399768d8222, server: None, raw: .. }
Reserved ticket 104 for customer 7467b81f-e6f1-4bec-a6ca-3399768d8222
Server 799bb1b2-bd8f-49e2-81f8-f7237f0eb223 received client-request: Request { kind: ReserveTicket, customer: 0f7e5294-b228-4e09-8a64-374ad6674f07, server: None, raw: .. }
Reserved ticket 103 for customer 0f7e5294-b228-4e09-8a64-374ad6674f07
Server 799bb1b2-bd8f-49e2-81f8-f7237f0eb223 received client-request: Request { kind: ReserveTicket, customer: f262d133-6a40-41fc-8b72-14448c7b15f8, server: None, raw: .. }
Reserved ticket 102 for customer f262d133-6a40-41fc-8b72-14448c7b15f8
Server 799bb1b2-bd8f-49e2-81f8-f7237f0eb223 received client-request: Request { kind: ReserveTicket, customer: e8b0443a-a2c8-4a21-88f9-b1a92433e581, server: None, raw: .. }
Reserved ticket 101 for customer e8b0443a-a2c8-4a21-88f9-b1a92433e581
Server 799bb1b2-bd8f-49e2-81f8-f7237f0eb223 received client-request: Request { kind: ReserveTicket, customer: a038f1f2-c45f-49e3-93d2-39ff1608170b, server: None, raw: .. }
Reserved ticket 100 for customer a038f1f2-c45f-49e3-93d2-39ff1608170b
Server 799bb1b2-bd8f-49e2-81f8-f7237f0eb223 received client-request: Request { kind: ReserveTicket, customer: ffb3e732-d7f0-4772-85ae-c00076ee818b, server: None, raw: .. }
Reserved ticket 99 for customer ffb3e732-d7f0-4772-85ae-c00076ee818b
Server 799bb1b2-bd8f-49e2-81f8-f7237f0eb223 received client-request: Request { kind: ReserveTicket, customer: 7aac3245-352f-4aa4-af5b-586b36100bb9, server: None, raw: .. }
Reserved ticket 98 for customer 7aac3245-352f-4aa4-af5b-586b36100bb9
Server 799bb1b2-bd8f-49e2-81f8-f7237f0eb223 received client-request: Request { kind: ReserveTicket, customer: f8800371-3ce7-4feb-b6a9-eeea371a2cb1, server: None, raw: .. }
Reserved ticket 97 for customer f8800371-3ce7-4feb-b6a9-eeea371a2cb1
Server 799bb1b2-bd8f-49e2-81f8-f7237f0eb223 received client-request: Request { kind: ReserveTicket, customer: afd74663-1f69-4869-8723-b2399bd7d1b0, server: None, raw: .. }
Reserved ticket 96 for customer afd74663-1f69-4869-8723-b2399bd7d1b0
Server 799bb1b2-bd8f-49e2-81f8-f7237f0eb223 received client-request: Request { kind: ReserveTicket, customer: 621bdec8-2ea8-4a81-8114-6a2ba1c91204, server: None, raw: .. }
Reserved ticket 95 for customer 621bdec8-2ea8-4a81-8114-6a2ba1c91204
Server 799bb1b2-bd8f-49e2-81f8-f7237f0eb223 received client-request: Request { kind: ReserveTicket, customer: 31eb3a28-65c5-455c-89d7-18b656c07616, server: None, raw: .. }
Reserved ticket 94 for customer 31eb3a28-65c5-455c-89d7-18b656c07616
Server 799bb1b2-bd8f-49e2-81f8-f7237f0eb223 received client-request: Request { kind: ReserveTicket, customer: f4e51df5-603a-438d-82a0-cbec7ca48353, server: None, raw: .. }
Reserved ticket 93 for customer f4e51df5-603a-438d-82a0-cbec7ca48353
Server 799bb1b2-bd8f-49e2-81f8-f7237f0eb223 received client-request: Request { kind: ReserveTicket, customer: 51020ef2-9904-454e-b9ad-f0991b663e47, server: None, raw: .. }
Reserved ticket 92 for customer 51020ef2-9904-454e-b9ad-f0991b663e47
Server 799bb1b2-bd8f-49e2-81f8-f7237f0eb223 received client-request: Request { kind: ReserveTicket, customer: 9850b798-f438-4add-97f9-90b4dc576c2f, server: None, raw: .. }
Reserved ticket 91 for customer 9850b798-f438-4add-97f9-90b4dc576c2f
Server 799bb1b2-bd8f-49e2-81f8-f7237f0eb223 received client-request: Request { kind: ReserveTicket, customer: 2edf5dff-831b-4540-a655-7ef1997f3998, server: None, raw: .. }
Reserved ticket 90 for customer 2edf5dff-831b-4540-a655-7ef1997f3998
Server 65a51e17-fff5-4036-8b94-6db5de4d28d8 received client-request: Request { kind: ReserveTicket, customer: a92afd1b-77c0-4083-a23e-529e1137f87b, server: None, raw: .. }
Reserved ticket 89 for customer a92afd1b-77c0-4083-a23e-529e1137f87b
Server 799bb1b2-bd8f-49e2-81f8-f7237f0eb223 received client-request: Request { kind: ReserveTicket, customer: 229ffbcd-4eff-499e-8e80-c960bba3e817, server: None, raw: .. }
Reserved ticket 88 for customer 229ffbcd-4eff-499e-8e80-c960bba3e817
Server 799bb1b2-bd8f-49e2-81f8-f7237f0eb223 received client-request: Request { kind: ReserveTicket, customer: 146bf2fc-aa70-4949-b851-d9162fed8193, server: None, raw: .. }
Reserved ticket 87 for customer 146bf2fc-aa70-4949-b851-d9162fed8193
Server 799bb1b2-bd8f-49e2-81f8-f7237f0eb223 received client-request: Request { kind: ReserveTicket, customer: 8c1d91b9-653b-48f8-8802-09b8ff004c4a, server: None, raw: .. }
Reserved ticket 86 for customer 8c1d91b9-653b-48f8-8802-09b8ff004c4a
Server 799bb1b2-bd8f-49e2-81f8-f7237f0eb223 received client-request: Request { kind: ReserveTicket, customer: 9ee1bed8-3107-4d76-95cd-d0da37dc42b7, server: None, raw: .. }
Reserved ticket 85 for customer 9ee1bed8-3107-4d76-95cd-d0da37dc42b7
Server 799bb1b2-bd8f-49e2-81f8-f7237f0eb223 received client-request: Request { kind: ReserveTicket, customer: 9c03fdf3-8641-4c28-8419-5a357e56aa1f, server: None, raw: .. }
Reserved ticket 84 for customer 9c03fdf3-8641-4c28-8419-5a357e56aa1f
Server 799bb1b2-bd8f-49e2-81f8-f7237f0eb223 received client-request: Request { kind: ReserveTicket, customer: 76918c95-7022-4119-b7de-251c12fd2e33, server: None, raw: .. }
Reserved ticket 83 for customer 76918c95-7022-4119-b7de-251c12fd2e33
Server 799bb1b2-bd8f-49e2-81f8-f7237f0eb223 received client-request: Request { kind: ReserveTicket, customer: d57ffff7-98eb-4d5c-b567-224b10c4aa48, server: None, raw: .. }
Reserved ticket 82 for customer d57ffff7-98eb-4d5c-b567-224b10c4aa48
Server 799bb1b2-bd8f-49e2-81f8-f7237f0eb223 received client-request: Request { kind: ReserveTicket, customer: 122097c1-d1a2-4069-b005-09ecb7e4f693, server: None, raw: .. }
Reserved ticket 81 for customer 122097c1-d1a2-4069-b005-09ecb7e4f693
Server 799bb1b2-bd8f-49e2-81f8-f7237f0eb223 received client-request: Request { kind: ReserveTicket, customer: 1d936fb7-362e-4da3-a707-aa24f55e4bff, server: None, raw: .. }
Reserved ticket 80 for customer 1d936fb7-362e-4da3-a707-aa24f55e4bff
Server 799bb1b2-bd8f-49e2-81f8-f7237f0eb223 received client-request: Request { kind: ReserveTicket, customer: f382580d-2557-4cc9-8cf5-8cf39c12f1f8, server: None, raw: .. }
Reserved ticket 79 for customer f382580d-2557-4cc9-8cf5-8cf39c12f1f8
Server 799bb1b2-bd8f-49e2-81f8-f7237f0eb223 received client-request: Request { kind: ReserveTicket, customer: ac0ed2b5-42d8-4ead-8955-d5d54442e6da, server: None, raw: .. }
Reserved ticket 78 for customer ac0ed2b5-42d8-4ead-8955-d5d54442e6da
Server 799bb1b2-bd8f-49e2-81f8-f7237f0eb223 received client-request: Request { kind: ReserveTicket, customer: f10bc417-5ed7-4b8a-920c-e9fdcf3c8d1a, server: None, raw: .. }
Reserved ticket 77 for customer f10bc417-5ed7-4b8a-920c-e9fdcf3c8d1a
Server 799bb1b2-bd8f-49e2-81f8-f7237f0eb223 received client-request: Request { kind: ReserveTicket, customer: 6ae1c376-ed70-484d-8393-d27f36a24c83, server: None, raw: .. }
Reserved ticket 76 for customer 6ae1c376-ed70-484d-8393-d27f36a24c83
Server 799bb1b2-bd8f-49e2-81f8-f7237f0eb223 received client-request: Request { kind: ReserveTicket, customer: ec84424a-4cf1-4a19-bd96-e3f5ece4bb45, server: None, raw: .. }
Reserved ticket 75 for customer ec84424a-4cf1-4a19-bd96-e3f5ece4bb45
Server 799bb1b2-bd8f-49e2-81f8-f7237f0eb223 received client-request: Request { kind: ReserveTicket, customer: e58c0e57-2bac-46dc-8751-3b780d65972d, server: None, raw: .. }
Reserved ticket 74 for customer e58c0e57-2bac-46dc-8751-3b780d65972d
Server 799bb1b2-bd8f-49e2-81f8-f7237f0eb223 received client-request: Request { kind: ReserveTicket, customer: e4106ddd-48b8-40a7-bb09-773217067454, server: None, raw: .. }
Reserved ticket 73 for customer e4106ddd-48b8-40a7-bb09-773217067454
Server 799bb1b2-bd8f-49e2-81f8-f7237f0eb223 received client-request: Request { kind: ReserveTicket, customer: 4ac89f2f-0847-4cd6-9f71-61835169f7b4, server: None, raw: .. }
Reserved ticket 72 for customer 4ac89f2f-0847-4cd6-9f71-61835169f7b4
Server 799bb1b2-bd8f-49e2-81f8-f7237f0eb223 received client-request: Request { kind: ReserveTicket, customer: ad3939e3-79de-495f-be24-6fe24d6d26cb, server: None, raw: .. }
Reserved ticket 71 for customer ad3939e3-79de-495f-be24-6fe24d6d26cb
Server 799bb1b2-bd8f-49e2-81f8-f7237f0eb223 received client-request: Request { kind: ReserveTicket, customer: 5a79207f-3150-4520-b417-e1329d11e8d9, server: None, raw: .. }
Reserved ticket 70 for customer 5a79207f-3150-4520-b417-e1329d11e8d9
Server 65a51e17-fff5-4036-8b94-6db5de4d28d8 received client-request: Request { kind: ReserveTicket, customer: 4d1c197c-5f3b-469d-92cc-cc83a663476d, server: None, raw: .. }
Reserved ticket 69 for customer 4d1c197c-5f3b-469d-92cc-cc83a663476d
Server 799bb1b2-bd8f-49e2-81f8-f7237f0eb223 received client-request: Request { kind: ReserveTicket, customer: a760befd-e348-45da-a798-22b4c2dd4a74, server: None, raw: .. }
Reserved ticket 68 for customer a760befd-e348-45da-a798-22b4c2dd4a74
Server 799bb1b2-bd8f-49e2-81f8-f7237f0eb223 received client-request: Request { kind: ReserveTicket, customer: 13b788d1-cb07-4c38-b693-45cb101bcfc4, server: None, raw: .. }
Reserved ticket 67 for customer 13b788d1-cb07-4c38-b693-45cb101bcfc4
Server 799bb1b2-bd8f-49e2-81f8-f7237f0eb223 received client-request: Request { kind: ReserveTicket, customer: d5e68e1d-1728-412b-9d10-b18cf2df2648, server: None, raw: .. }
Reserved ticket 66 for customer d5e68e1d-1728-412b-9d10-b18cf2df2648
Server 799bb1b2-bd8f-49e2-81f8-f7237f0eb223 received client-request: Request { kind: ReserveTicket, customer: 8729f85c-9fe4-438c-9323-d386fd5d1983, server: None, raw: .. }
Reserved ticket 65 for customer 8729f85c-9fe4-438c-9323-d386fd5d1983
Server 799bb1b2-bd8f-49e2-81f8-f7237f0eb223 received client-request: Request { kind: ReserveTicket, customer: c2984cb7-5142-47f6-9380-750714f05e6f, server: None, raw: .. }
Reserved ticket 64 for customer c2984cb7-5142-47f6-9380-750714f05e6f
Server 799bb1b2-bd8f-49e2-81f8-f7237f0eb223 received client-request: Request { kind: ReserveTicket, customer: 09c78ce7-d6e0-43bd-8c3c-04b5d8fcb0ea, server: None, raw: .. }
Reserved ticket 63 for customer 09c78ce7-d6e0-43bd-8c3c-04b5d8fcb0ea
Server 799bb1b2-bd8f-49e2-81f8-f7237f0eb223 received client-request: Request { kind: ReserveTicket, customer: f6a531dd-4478-4829-9b54-79a2496b25ce, server: None, raw: .. }
Reserved ticket 62 for customer f6a531dd-4478-4829-9b54-79a2496b25ce
Server 799bb1b2-bd8f-49e2-81f8-f7237f0eb223 received client-request: Request { kind: ReserveTicket, customer: c899b061-967d-4a90-a3f2-ad1b38f37cc1, server: None, raw: .. }
Reserved ticket 61 for customer c899b061-967d-4a90-a3f2-ad1b38f37cc1
Server 799bb1b2-bd8f-49e2-81f8-f7237f0eb223 received client-request: Request { kind: ReserveTicket, customer: 3c7abd77-6d7f-4f36-aadc-2f97867a6dd7, server: None, raw: .. }
Reserved ticket 60 for customer 3c7abd77-6d7f-4f36-aadc-2f97867a6dd7
Server 799bb1b2-bd8f-49e2-81f8-f7237f0eb223 received client-request: Request { kind: ReserveTicket, customer: 1df9d00b-aaf7-4a21-baaa-868fa78530c5, server: None, raw: .. }
Reserved ticket 59 for customer 1df9d00b-aaf7-4a21-baaa-868fa78530c5
Server 799bb1b2-bd8f-49e2-81f8-f7237f0eb223 received client-request: Request { kind: ReserveTicket, customer: 5f6eddc7-007d-46f6-a7b1-80b576d51c9d, server: None, raw: .. }
Reserved ticket 58 for customer 5f6eddc7-007d-46f6-a7b1-80b576d51c9d
Server 799bb1b2-bd8f-49e2-81f8-f7237f0eb223 received client-request: Request { kind: ReserveTicket, customer: 26a1fb96-88af-4deb-9a31-924bf5e27e0e, server: None, raw: .. }
Reserved ticket 57 for customer 26a1fb96-88af-4deb-9a31-924bf5e27e0e
Server 799bb1b2-bd8f-49e2-81f8-f7237f0eb223 received client-request: Request { kind: ReserveTicket, customer: 57e73215-dbee-402f-b9d4-d51e2735cd98, server: None, raw: .. }
Reserved ticket 56 for customer 57e73215-dbee-402f-b9d4-d51e2735cd98
Server 799bb1b2-bd8f-49e2-81f8-f7237f0eb223 received client-request: Request { kind: ReserveTicket, customer: 788a71b5-db25-40ed-aa86-adcd27aedee6, server: None, raw: .. }
Reserved ticket 55 for customer 788a71b5-db25-40ed-aa86-adcd27aedee6
Server 799bb1b2-bd8f-49e2-81f8-f7237f0eb223 received client-request: Request { kind: ReserveTicket, customer: 8a6429d8-4bf1-4d3f-a114-51cc255c1e55, server: None, raw: .. }
Reserved ticket 54 for customer 8a6429d8-4bf1-4d3f-a114-51cc255c1e55
Server 799bb1b2-bd8f-49e2-81f8-f7237f0eb223 received client-request: Request { kind: ReserveTicket, customer: 2b0ecb7e-b93b-47d6-9457-398071435d51, server: None, raw: .. }
Reserved ticket 53 for customer 2b0ecb7e-b93b-47d6-9457-398071435d51
Server 799bb1b2-bd8f-49e2-81f8-f7237f0eb223 received client-request: Request { kind: ReserveTicket, customer: 8f5ea577-c198-4334-b9e2-87483b63f1c2, server: None, raw: .. }
Reserved ticket 52 for customer 8f5ea577-c198-4334-b9e2-87483b63f1c2
Server 799bb1b2-bd8f-49e2-81f8-f7237f0eb223 received client-request: Request { kind: ReserveTicket, customer: 511f1d7d-5f09-42fb-b98a-8e97169495af, server: None, raw: .. }
Reserved ticket 51 for customer 511f1d7d-5f09-42fb-b98a-8e97169495af
Server 799bb1b2-bd8f-49e2-81f8-f7237f0eb223 received client-request: Request { kind: ReserveTicket, customer: 0736fbed-07fb-4bd5-aa0b-9dc0a7b24136, server: None, raw: .. }
Reserved ticket 50 for customer 0736fbed-07fb-4bd5-aa0b-9dc0a7b24136
Server 65a51e17-fff5-4036-8b94-6db5de4d28d8 received client-request: Request { kind: ReserveTicket, customer: 76647df5-06f3-4082-91a6-3ba04b5bac56, server: None, raw: .. }
Reserved ticket 49 for customer 76647df5-06f3-4082-91a6-3ba04b5bac56
Server 799bb1b2-bd8f-49e2-81f8-f7237f0eb223 received client-request: Request { kind: ReserveTicket, customer: 142414c4-8e07-4b35-8787-b6e6a8ea9480, server: None, raw: .. }
Reserved ticket 48 for customer 142414c4-8e07-4b35-8787-b6e6a8ea9480
Server 799bb1b2-bd8f-49e2-81f8-f7237f0eb223 received client-request: Request { kind: ReserveTicket, customer: 33805923-91fb-42c7-be44-c5c678951685, server: None, raw: .. }
Reserved ticket 47 for customer 33805923-91fb-42c7-be44-c5c678951685
Server 799bb1b2-bd8f-49e2-81f8-f7237f0eb223 received client-request: Request { kind: ReserveTicket, customer: 1f6d6153-951f-4254-9185-839c41118ea4, server: None, raw: .. }
Reserved ticket 46 for customer 1f6d6153-951f-4254-9185-839c41118ea4
Server 799bb1b2-bd8f-49e2-81f8-f7237f0eb223 received client-request: Request { kind: ReserveTicket, customer: 18e0d1b6-dfe1-42d4-84d7-9093c561d356, server: None, raw: .. }
Reserved ticket 45 for customer 18e0d1b6-dfe1-42d4-84d7-9093c561d356
Server 799bb1b2-bd8f-49e2-81f8-f7237f0eb223 received client-request: Request { kind: ReserveTicket, customer: bc91ee54-954e-4c6d-a79d-638def34182a, server: None, raw: .. }
Reserved ticket 44 for customer bc91ee54-954e-4c6d-a79d-638def34182a
Server 799bb1b2-bd8f-49e2-81f8-f7237f0eb223 received client-request: Request { kind: ReserveTicket, customer: aee2dbc9-849d-4df9-9d80-03e5560d320f, server: None, raw: .. }
Reserved ticket 43 for customer aee2dbc9-849d-4df9-9d80-03e5560d320f
Server 799bb1b2-bd8f-49e2-81f8-f7237f0eb223 received client-request: Request { kind: ReserveTicket, customer: 93f47f23-4c90-44a4-9f7f-c89ad13d49db, server: None, raw: .. }
Reserved ticket 42 for customer 93f47f23-4c90-44a4-9f7f-c89ad13d49db
Server 799bb1b2-bd8f-49e2-81f8-f7237f0eb223 received client-request: Request { kind: ReserveTicket, customer: 5abf9db4-5062-4be6-938b-5c28eb3ef7fa, server: None, raw: .. }
Reserved ticket 41 for customer 5abf9db4-5062-4be6-938b-5c28eb3ef7fa
Server 799bb1b2-bd8f-49e2-81f8-f7237f0eb223 received client-request: Request { kind: ReserveTicket, customer: 324d9616-fd6b-4dc3-898a-72446e6582b9, server: None, raw: .. }
Reserved ticket 40 for customer 324d9616-fd6b-4dc3-898a-72446e6582b9
Server 799bb1b2-bd8f-49e2-81f8-f7237f0eb223 received client-request: Request { kind: ReserveTicket, customer: c4b4ecbc-dbc4-4c7b-9a63-520e663231e3, server: None, raw: .. }
Reserved ticket 39 for customer c4b4ecbc-dbc4-4c7b-9a63-520e663231e3
Server 799bb1b2-bd8f-49e2-81f8-f7237f0eb223 received client-request: Request { kind: ReserveTicket, customer: 5b270195-1961-4647-a06e-0150860e5294, server: None, raw: .. }
Reserved ticket 38 for customer 5b270195-1961-4647-a06e-0150860e5294
Server 799bb1b2-bd8f-49e2-81f8-f7237f0eb223 received client-request: Request { kind: ReserveTicket, customer: a340dbb4-b64c-4eef-bffa-e1deac9911f5, server: None, raw: .. }
Reserved ticket 37 for customer a340dbb4-b64c-4eef-bffa-e1deac9911f5
Server 799bb1b2-bd8f-49e2-81f8-f7237f0eb223 received client-request: Request { kind: ReserveTicket, customer: ddd36210-1a52-4158-9232-01e031905308, server: None, raw: .. }
Reserved ticket 36 for customer ddd36210-1a52-4158-9232-01e031905308
Server 799bb1b2-bd8f-49e2-81f8-f7237f0eb223 received client-request: Request { kind: ReserveTicket, customer: 16862281-f309-4bcc-b419-740620459266, server: None, raw: .. }
Reserved ticket 35 for customer 16862281-f309-4bcc-b419-740620459266
Server 799bb1b2-bd8f-49e2-81f8-f7237f0eb223 received client-request: Request { kind: ReserveTicket, customer: 88c3e82c-760f-45de-8592-0cceb2921390, server: None, raw: .. }
Reserved ticket 34 for customer 88c3e82c-760f-45de-8592-0cceb2921390
Server 799bb1b2-bd8f-49e2-81f8-f7237f0eb223 received client-request: Request { kind: ReserveTicket, customer: 28fb4510-f615-4a5b-82fb-b53522c32b99, server: None, raw: .. }
Reserved ticket 33 for customer 28fb4510-f615-4a5b-82fb-b53522c32b99
Server 799bb1b2-bd8f-49e2-81f8-f7237f0eb223 received client-request: Request { kind: ReserveTicket, customer: cb815480-2ef7-44e5-8ca1-bbf5162eef5b, server: None, raw: .. }
Reserved ticket 32 for customer cb815480-2ef7-44e5-8ca1-bbf5162eef5b
Server 799bb1b2-bd8f-49e2-81f8-f7237f0eb223 received client-request: Request { kind: ReserveTicket, customer: bd2231bd-ffaa-44c3-a054-ff80cec384aa, server: None, raw: .. }
Reserved ticket 31 for customer bd2231bd-ffaa-44c3-a054-ff80cec384aa
Server 799bb1b2-bd8f-49e2-81f8-f7237f0eb223 received client-request: Request { kind: ReserveTicket, customer: 22c4eaa9-0a79-4936-8ddc-b1733b0b0fc6, server: None, raw: .. }
Reserved ticket 30 for customer 22c4eaa9-0a79-4936-8ddc-b1733b0b0fc6
Server 65a51e17-fff5-4036-8b94-6db5de4d28d8 received client-request: Request { kind: ReserveTicket, customer: 295911ba-9799-4a90-8ada-7f1ddf4b784a, server: None, raw: .. }
Reserved ticket 29 for customer 295911ba-9799-4a90-8ada-7f1ddf4b784a
Server 799bb1b2-bd8f-49e2-81f8-f7237f0eb223 received client-request: Request { kind: ReserveTicket, customer: 287aa5ac-f048-4f82-ada9-cfcbec48dfa6, server: None, raw: .. }
Reserved ticket 28 for customer 287aa5ac-f048-4f82-ada9-cfcbec48dfa6
Server 799bb1b2-bd8f-49e2-81f8-f7237f0eb223 received client-request: Request { kind: ReserveTicket, customer: 429987d5-27ba-4ee6-b4a3-623e17419993, server: None, raw: .. }
Reserved ticket 27 for customer 429987d5-27ba-4ee6-b4a3-623e17419993
Server 799bb1b2-bd8f-49e2-81f8-f7237f0eb223 received client-request: Request { kind: ReserveTicket, customer: 69ceb851-7bbd-44d6-9456-a233cd19c854, server: None, raw: .. }
Reserved ticket 26 for customer 69ceb851-7bbd-44d6-9456-a233cd19c854
Server 799bb1b2-bd8f-49e2-81f8-f7237f0eb223 received client-request: Request { kind: ReserveTicket, customer: cbef3028-d331-4c0d-99f3-022a8643fa6e, server: None, raw: .. }
Reserved ticket 25 for customer cbef3028-d331-4c0d-99f3-022a8643fa6e
Server 799bb1b2-bd8f-49e2-81f8-f7237f0eb223 received client-request: Request { kind: ReserveTicket, customer: b0eddc19-1e78-4c66-868c-b95477bcdc39, server: None, raw: .. }
Reserved ticket 24 for customer b0eddc19-1e78-4c66-868c-b95477bcdc39
Server 799bb1b2-bd8f-49e2-81f8-f7237f0eb223 received client-request: Request { kind: ReserveTicket, customer: 5266eeea-65b6-4d0d-aa40-b6c893ff8e5b, server: None, raw: .. }
Reserved ticket 23 for customer 5266eeea-65b6-4d0d-aa40-b6c893ff8e5b
Server 799bb1b2-bd8f-49e2-81f8-f7237f0eb223 received client-request: Request { kind: ReserveTicket, customer: 6b13898c-fd3c-4b33-9caf-239ead66ab4a, server: None, raw: .. }
Reserved ticket 22 for customer 6b13898c-fd3c-4b33-9caf-239ead66ab4a
Server 799bb1b2-bd8f-49e2-81f8-f7237f0eb223 received client-request: Request { kind: ReserveTicket, customer: 0b142e37-c85a-4b98-ae01-052194bd820c, server: None, raw: .. }
Reserved ticket 21 for customer 0b142e37-c85a-4b98-ae01-052194bd820c
Server 799bb1b2-bd8f-49e2-81f8-f7237f0eb223 received client-request: Request { kind: ReserveTicket, customer: 64d5acd3-2d3b-4f17-9237-2d47d781c578, server: None, raw: .. }
Reserved ticket 20 for customer 64d5acd3-2d3b-4f17-9237-2d47d781c578
Server 799bb1b2-bd8f-49e2-81f8-f7237f0eb223 received client-request: Request { kind: ReserveTicket, customer: 47c3844a-95dc-4b96-b8ac-f419907a4e9a, server: None, raw: .. }
Reserved ticket 19 for customer 47c3844a-95dc-4b96-b8ac-f419907a4e9a
Server 799bb1b2-bd8f-49e2-81f8-f7237f0eb223 received client-request: Request { kind: ReserveTicket, customer: dbbb945d-9e99-41d6-beec-aacdd2000559, server: None, raw: .. }
Reserved ticket 18 for customer dbbb945d-9e99-41d6-beec-aacdd2000559
Server 799bb1b2-bd8f-49e2-81f8-f7237f0eb223 received client-request: Request { kind: ReserveTicket, customer: 76e92d8d-1101-474a-beab-38c5ec5da4d3, server: None, raw: .. }
Reserved ticket 17 for customer 76e92d8d-1101-474a-beab-38c5ec5da4d3
Server 799bb1b2-bd8f-49e2-81f8-f7237f0eb223 received client-request: Request { kind: ReserveTicket, customer: 8b8f3d8e-5c5a-41ba-b0c0-1cad1b7b205b, server: None, raw: .. }
Reserved ticket 16 for customer 8b8f3d8e-5c5a-41ba-b0c0-1cad1b7b205b
Server 799bb1b2-bd8f-49e2-81f8-f7237f0eb223 received client-request: Request { kind: ReserveTicket, customer: d3c6b0f2-dd47-4fe4-a124-c3aaffbaae1c, server: None, raw: .. }
Reserved ticket 15 for customer d3c6b0f2-dd47-4fe4-a124-c3aaffbaae1c
Server 799bb1b2-bd8f-49e2-81f8-f7237f0eb223 received client-request: Request { kind: ReserveTicket, customer: 7bb812ba-d96c-48b2-9e92-b6bba44032b8, server: None, raw: .. }
Reserved ticket 14 for customer 7bb812ba-d96c-48b2-9e92-b6bba44032b8
Server 799bb1b2-bd8f-49e2-81f8-f7237f0eb223 received client-request: Request { kind: ReserveTicket, customer: 4cf42d6e-14d1-4cf2-8b4f-91dd131d41df, server: None, raw: .. }
Reserved ticket 13 for customer 4cf42d6e-14d1-4cf2-8b4f-91dd131d41df
Server 799bb1b2-bd8f-49e2-81f8-f7237f0eb223 received client-request: Request { kind: ReserveTicket, customer: 35c8048f-63e9-460b-8744-f56456902a44, server: None, raw: .. }
Reserved ticket 12 for customer 35c8048f-63e9-460b-8744-f56456902a44
Server 799bb1b2-bd8f-49e2-81f8-f7237f0eb223 received client-request: Request { kind: ReserveTicket, customer: eed14e06-b0f4-40cf-b6fe-272336bddce9, server: None, raw: .. }
Reserved ticket 11 for customer eed14e06-b0f4-40cf-b6fe-272336bddce9
Server 799bb1b2-bd8f-49e2-81f8-f7237f0eb223 received client-request: Request { kind: ReserveTicket, customer: d96e18eb-f04d-4bff-9cd0-c6e6a02f5aa0, server: None, raw: .. }
Reserved ticket 10 for customer d96e18eb-f04d-4bff-9cd0-c6e6a02f5aa0
Server 65a51e17-fff5-4036-8b94-6db5de4d28d8 received client-request: Request { kind: ReserveTicket, customer: 6d751c56-8516-4113-b48b-d0d0e83d848b, server: None, raw: .. }
Reserved ticket 9 for customer 6d751c56-8516-4113-b48b-d0d0e83d848b
Server 799bb1b2-bd8f-49e2-81f8-f7237f0eb223 received client-request: Request { kind: ReserveTicket, customer: be3dad03-a7a6-40a7-b4fd-256f3ff9e4a2, server: None, raw: .. }
Reserved ticket 8 for customer be3dad03-a7a6-40a7-b4fd-256f3ff9e4a2
Server 799bb1b2-bd8f-49e2-81f8-f7237f0eb223 received client-request: Request { kind: ReserveTicket, customer: 95cdec23-dd2b-4805-b225-c6c0c2ac44e7, server: None, raw: .. }
Reserved ticket 7 for customer 95cdec23-dd2b-4805-b225-c6c0c2ac44e7
Server 799bb1b2-bd8f-49e2-81f8-f7237f0eb223 received client-request: Request { kind: ReserveTicket, customer: f6be012c-17a8-4b95-a151-9986d56b67cd, server: None, raw: .. }
Reserved ticket 6 for customer f6be012c-17a8-4b95-a151-9986d56b67cd
Server 799bb1b2-bd8f-49e2-81f8-f7237f0eb223 received client-request: Request { kind: ReserveTicket, customer: 46d2ab38-b6d8-47a6-9f15-a5a224269b3d, server: None, raw: .. }
Reserved ticket 5 for customer 46d2ab38-b6d8-47a6-9f15-a5a224269b3d
Server 799bb1b2-bd8f-49e2-81f8-f7237f0eb223 received client-request: Request { kind: ReserveTicket, customer: 7a320bcd-829f-4498-a4fc-fca7bd56546e, server: None, raw: .. }
Reserved ticket 4 for customer 7a320bcd-829f-4498-a4fc-fca7bd56546e
Server 799bb1b2-bd8f-49e2-81f8-f7237f0eb223 received client-request: Request { kind: ReserveTicket, customer: ea34bf18-65f3-4bfe-aa20-ef802bdd5860, server: None, raw: .. }
Reserved ticket 3 for customer ea34bf18-65f3-4bfe-aa20-ef802bdd5860
Server 799bb1b2-bd8f-49e2-81f8-f7237f0eb223 received client-request: Request { kind: ReserveTicket, customer: 00c43307-4c3c-4294-9549-8205c99c037e, server: None, raw: .. }
Reserved ticket 2 for customer 00c43307-4c3c-4294-9549-8205c99c037e
Server 799bb1b2-bd8f-49e2-81f8-f7237f0eb223 received client-request: Request { kind: ReserveTicket, customer: e9019040-d491-40b4-b56f-ed90a19e1a1b, server: None, raw: .. }
Reserved ticket 1 for customer e9019040-d491-40b4-b56f-ed90a19e1a1b
Server 799bb1b2-bd8f-49e2-81f8-f7237f0eb223 received client-request: Request { kind: ReserveTicket, customer: 884b5b8c-26f4-4098-b410-5af2c44c54ab, server: None, raw: .. }
Reserved ticket 0 for customer 884b5b8c-26f4-4098-b410-5af2c44c54ab
Server 799bb1b2-bd8f-49e2-81f8-f7237f0eb223 received client-request: Request { kind: ReserveTicket, customer: 7c8697ae-ed1a-43b1-9a7c-d885d46b898c, server: None, raw: .. }
thread '<unnamed>' panicked at crates\ticket-sale-tests\tests\timeout_efficiency.rs:41:17:
It must be possible to reserve a ticket.
note: run with `RUST_BACKTRACE=1` environment variable to display a backtrace
thread 'timeout_efficiency' panicked at crates\ticket-sale-tests\tests\timeout_efficiency.rs:13:1:
explicit panic


failures:
    timeout_efficiency

test result: FAILED. 0 passed; 1 failed; 0 ignored; 0 measured; 0 filtered out; finished in 7.77s

error: test failed, to rerun pass `-p ticket-sale-tests --test timeout_efficiency`
